FF
======================================================================
FAIL: test_E11_T06_production_mongo_wiring_without_uri_override (deploy.test_round2.DeploymentReviewTest.test_E11_T06_production_mongo_wiring_without_uri_override)
----------------------------------------------------------------------
Traceback (most recent call last):
  File "/Users/jordib/dev/agilityhub/agilityhub-core-api-c/deploy/test_round2.py", line 54, in test_E11_T06_production_mongo_wiring_without_uri_override
    self.assertNotIn('SPRING_DATA_MONGODB_URI', core)
    ~~~~~~~~~~~~~~~~^^^^^^^^^^^^^^^^^^^^^^^^^^^^^^^^^
AssertionError: 'SPRING_DATA_MONGODB_URI' unexpectedly found in {'ATTACHMENT_S3_ACCESS_KEY': '', 'ATTACHMENT_S3_BUCKET': 'fictional-attachments', 'ATTACHMENT_S3_ENDPOINT': 'http://minio:9000', 'ATTACHMENT_S3_REGION': 'eu-west-3', 'ATTACHMENT_S3_SECRET_KEY': '', 'AUTH_ISSUER': 'https://id.localhost', 'BILLING_BANK_KEY': 'REPLACE_BEFORE_RELEASE', 'BILLING_SECRETS_KEY': 'REPLACE_BEFORE_RELEASE', 'BOOKING_CALENDAR_KEY': 'REPLACE_BEFORE_RELEASE', 'CORE_CONCURRENCY_LOCALLANES': 'true', 'CORS_PLATFORM_HOSTS': 'id.localhost', 'EMAIL_UNSUBSCRIBE_KEY': 'REPLACE_BEFORE_RELEASE', 'EXPORT_S3_ACCESS_KEY': '', 'EXPORT_S3_BUCKET': 'fictional-exports', 'EXPORT_S3_ENDPOINT': 'http://minio:9000', 'EXPORT_S3_REGION': 'eu-west-3', 'EXPORT_S3_SECRET_KEY': '', 'MAIL_FROM_PLATFORM': 'noreply@example.test', 'MONGODB_AUTH_DATABASE': 'admin', 'MONGODB_DATABASE': 'agilityhub', 'MONGODB_HOST': 'mongo', 'MONGODB_PASSWORD': 'REPLACE_BEFORE_RELEASE', 'MONGODB_PORT': '27017', 'MONGODB_REPLICA_SET': 'rs0', 'MONGODB_USERNAME': 'coreApp', 'MONGO_CONNECT_TIMEOUT': '2s', 'MONGO_MAX_POOL_SIZE': '100', 'MONGO_OPERATION_TIMEOUT': '10s', 'MONGO_POOL_WAIT_TIMEOUT': '2s', 'MONGO_SERVER_SELECTION_TIMEOUT': '2s', 'MONGO_SOCKET_TIMEOUT': '0s', 'OIDC_AR_APP_LOGOUT_URI': 'https://ar.agilitydoghub.com/', 'OIDC_AR_APP_REDIRECT_URI': 'https://ar.agilitydoghub.com/oidc/callback', 'OIDC_CLUBS_ADMIN_LOGOUT_URI': 'https://clubsadmin.localhost/', 'OIDC_CLUBS_ADMIN_REDIRECT_URI': 'https://clubsadmin.localhost/oidc/callback', 'OIDC_CLUBS_APP_LOGOUT_URI': 'https://clubs.localhost/', 'OIDC_CLUBS_APP_REDIRECT_URI': 'https://clubs.localhost/oidc/callback', 'OIDC_ID_WEB_LOGOUT_URI': 'https://id.localhost/', 'OIDC_ID_WEB_REDIRECT_URI': 'https://id.localhost/oidc/callback', 'OIDC_LEARN_CLIENT_SECRET': 'REPLACE_BEFORE_RELEASE', 'OIDC_LEARN_LOGOUT_URI': 'https://learn.agilitydoghub.com/', 'OIDC_LEARN_REDIRECT_URI': 'https://learn.agilitydoghub.com/oidc/callback', 'OIDC_LOGIN_URL': 'https://id.localhost/login', 'OIDC_MASTER_KEY': 'REPLACE_BEFORE_RELEASE', 'PLATFORM_PRIVACY_POLICY_URL': 'https://id.agilitydoghub.com/privacy', 'PLATFORM_PRIVACY_POLICY_VERSION': 'v1', 'SENDGRID_API_KEY': 'REPLACE_BEFORE_RELEASE', 'SENDGRID_WEBHOOK_PUBLIC_KEY': 'REPLACE_BEFORE_RELEASE', 'SENTRY_DSN': '', 'SERVER_PORT': '8080', 'SHARED_SCHEDULING_ENABLED': 'false', 'SIGNUP_CAPABILITY_KEY': 'REPLACE_BEFORE_RELEASE', 'SMS_ALLOWED_NUMBERS': '', 'SPRING_DATA_MONGODB_URI': 'mongodb://fictional:fictional@mongo/agilityhub', 'SPRING_PROFILES_ACTIVE': 'prod', 'TRUSTED_PROXY_PATTERN': '172\\.30\\.240\\.10', 'TWILIO_ACCOUNT_SID': 'REPLACE_BEFORE_RELEASE', 'TWILIO_AUTH_TOKEN': 'REPLACE_BEFORE_RELEASE', 'TWILIO_MESSAGING_SERVICE_SID': '', 'VAPID_PRIVATE_KEY': 'REPLACE_BEFORE_RELEASE', 'VAPID_PUBLIC_KEY': 'REPLACE_BEFORE_RELEASE', 'VAPID_SUBJECT': 'REPLACE_BEFORE_RELEASE'}

======================================================================
FAIL: test_E11_T06_predeploy_verification_selects_recovery_identity (deploy.test_round2.DeploymentReviewTest.test_E11_T06_predeploy_verification_selects_recovery_identity)
----------------------------------------------------------------------
Traceback (most recent call last):
  File "/Users/jordib/dev/agilityhub/agilityhub-core-api-c/deploy/test_round2.py", line 62, in test_E11_T06_predeploy_verification_selects_recovery_identity
    self.assertIn('DEPLOY_ENV_FILE=/etc/agilityhub/recovery.env bin/restore-mongo --verify', predeploy)
    ~~~~~~~~~~~~~^^^^^^^^^^^^^^^^^^^^^^^^^^^^^^^^^^^^^^^^^^^^^^^^^^^^^^^^^^^^^^^^^^^^^^^^^^^^^^^^^^^^^^
AssertionError: 'DEPLOY_ENV_FILE=/etc/agilityhub/recovery.env bin/restore-mongo --verify' not found in '4. From the installed checkout, set the non-secret file path below. Validate\n   without printing resolved credentials, build the ops image once, and on an\n   existing deployment take and verify a pre-deploy backup. Do not run the local\n   override or demo seed on the release host.\n\n   ```sh\n   export DEPLOY_ENV_FILE=/etc/agilityhub/core.env\n   docker compose --env-file "$DEPLOY_ENV_FILE" -f deploy/compose.prod.yaml config --quiet\n   docker compose --env-file "$DEPLOY_ENV_FILE" -f deploy/compose.prod.yaml build backup\n   bin/backup-mongo\n   # Supply BACKUP_AGE_IDENTITY from encrypted escrow for this command only.\n   bin/restore-mongo --verify\n   docker compose --env-file "$DEPLOY_ENV_FILE" -f deploy/compose.prod.yaml pull core caddy\n   docker compose --env-file "$DEPLOY_ENV_FILE" -f deploy/compose.prod.yaml up -d --wait --wait-timeout 420\n   ```\n\n'

----------------------------------------------------------------------
Ran 2 tests in 0.109s

FAILED (failures=2)
