heavy.sh: 13:02 waiting for the host lock, held by: 13:02 agilityhub-core-web: pnpm e2e:core E8-W04 e8-core.spec.ts
heavy.sh: 13:05 got the host lock after 3 min 1 s
PASS prod Core, local seed, both billing keys, private network with no provider egress
IMAGE revision=unlabelled id=sha256:8ff4afe7b4c9[truncated]
COMMAND docker compose --env-file /var/folders/xn/c1yrcx212h18679n6kwf4kxh0000gn/T/e11-t04-pjikafd4/local.env -p e11-t04-461f11ac -f /Users/jordib/dev/agilityhub/agilityhub-core-api-c/deploy/compose.prod.yaml -f /Users/jordib/dev/agilityhub/agilityhub-core-api-c/deploy/compose.prod.local.yaml build backup minio
BUILD_EXIT 0
PASS helper contains exact current source and pinned Mongo 7.0.41
COMMAND docker compose --env-file /var/folders/xn/c1yrcx212h18679n6kwf4kxh0000gn/T/e11-t04-pjikafd4/local.env -p e11-t04-461f11ac -f /Users/jordib/dev/agilityhub/agilityhub-core-api-c/deploy/compose.prod.yaml -f /Users/jordib/dev/agilityhub/agilityhub-core-api-c/deploy/compose.prod.local.yaml up -d --wait --wait-timeout 420
 Volume e11-t04-461f11ac_attachments Creating 
 Volume e11-t04-461f11ac_caddy-config Creating 
 Container e11-t04-461f11ac-ask-stub-1 Creating 
 Volume e11-t04-461f11ac_caddy-config Creating 
 Network e11-t04-461f11ac_ingress Creating 
 Network e11-t04-461f11ac_ingress Creating 
 Volume e11-t04-461f11ac_exports Creating 
 Volume e11-t04-461f11ac_exports Creating 
 Volume e11-t04-461f11ac_attachments Creating 
 Volume e11-t04-461f11ac_minio-data Creating 
 Volume e11-t04-461f11ac_minio-data Creating 
 Volume e11-t04-461f11ac_caddy-data Creating 
 Volume e11-t04-461f11ac_caddy-data Creating 
 Volume e11-t04-461f11ac_mongo-data Creating 
 Volume e11-t04-461f11ac_mongo-data Creating 
 Volume e11-t04-461f11ac_attachments Created 
 Volume e11-t04-461f11ac_attachments Created 
 Volume e11-t04-461f11ac_minio-data Created 
 Volume e11-t04-461f11ac_minio-data Created 
 Container e11-t04-461f11ac-minio-1 Creating 
 Volume e11-t04-461f11ac_caddy-data Created 
 Volume e11-t04-461f11ac_caddy-data Created 
 Volume e11-t04-461f11ac_caddy-config Created 
 Volume e11-t04-461f11ac_caddy-config Created 
 Volume e11-t04-461f11ac_exports Created 
 Volume e11-t04-461f11ac_exports Created 
 Volume e11-t04-461f11ac_mongo-data Created 
 Volume e11-t04-461f11ac_mongo-data Created 
 Container e11-t04-461f11ac-mongo-1 Creating 
 Network e11-t04-461f11ac_ingress Created 
 Network e11-t04-461f11ac_ingress Created 
 Container e11-t04-461f11ac-minio-1 Created 
 Container e11-t04-461f11ac-ask-stub-1 Created 
 Container e11-t04-461f11ac-mongo-1 Created 
 Container e11-t04-461f11ac-seed-1 Creating 
 Container e11-t04-461f11ac-seed-1 Created 
 Container e11-t04-461f11ac-local-hosts-1 Creating 
 Container e11-t04-461f11ac-local-hosts-1 Created 
 Container e11-t04-461f11ac-core-1 Creating 
 Container e11-t04-461f11ac-core-1 Created 
 Container e11-t04-461f11ac-caddy-1 Creating 
 Container e11-t04-461f11ac-caddy-1 Created 
 Container e11-t04-461f11ac-minio-1 Starting 
 Container e11-t04-461f11ac-ask-stub-1 Starting 
 Container e11-t04-461f11ac-mongo-1 Starting 
 Container e11-t04-461f11ac-minio-1 Started 
 Container e11-t04-461f11ac-ask-stub-1 Started 
 Container e11-t04-461f11ac-mongo-1 Started 
 Container e11-t04-461f11ac-mongo-1 Waiting 
 Container e11-t04-461f11ac-mongo-1 Healthy 
 Container e11-t04-461f11ac-seed-1 Starting 
 Container e11-t04-461f11ac-seed-1 Started 
 Container e11-t04-461f11ac-seed-1 Waiting 
 Container e11-t04-461f11ac-seed-1 Exited 
 Container e11-t04-461f11ac-local-hosts-1 Starting 
 Container e11-t04-461f11ac-local-hosts-1 Started 
 Container e11-t04-461f11ac-local-hosts-1 Waiting 
 Container e11-t04-461f11ac-mongo-1 Waiting 
 Container e11-t04-461f11ac-local-hosts-1 Exited 
 Container e11-t04-461f11ac-mongo-1 Healthy 
 Container e11-t04-461f11ac-core-1 Starting 
 Container e11-t04-461f11ac-core-1 Started 
 Container e11-t04-461f11ac-core-1 Waiting 
 Container e11-t04-461f11ac-core-1 Healthy 
 Container e11-t04-461f11ac-caddy-1 Starting 
 Container e11-t04-461f11ac-caddy-1 Started 
 Container e11-t04-461f11ac-caddy-1 Waiting 
 Container e11-t04-461f11ac-core-1 Waiting 
 Container e11-t04-461f11ac-local-hosts-1 Waiting 
 Container e11-t04-461f11ac-ask-stub-1 Waiting 
 Container e11-t04-461f11ac-minio-1 Waiting 
 Container e11-t04-461f11ac-seed-1 Waiting 
 Container e11-t04-461f11ac-mongo-1 Waiting 
 Container e11-t04-461f11ac-seed-1 Exited 
 Container e11-t04-461f11ac-ask-stub-1 Healthy 
 Container e11-t04-461f11ac-minio-1 Healthy 
 Container e11-t04-461f11ac-local-hosts-1 Exited 
 Container e11-t04-461f11ac-core-1 Healthy 
 Container e11-t04-461f11ac-mongo-1 Healthy 
 Container e11-t04-461f11ac-caddy-1 Healthy 

STARTUP_EXIT 0
PASS authenticated production topology became healthy with local override
RUNNER_CONTEXT DEPLOY_ENV_FILE=/var/folders/xn/c1yrcx212h18679n6kwf4kxh0000gn/T/e11-t04-pjikafd4/local.env DEPLOY_LOCAL=1 COMPOSE_PROJECT_NAME=e11-t04-461f11ac
PASS Caddy HTTPS health UP (trusted internal CA, no -k)
PASS branding resolves canic by each preserved front Host
PASS three SPAs: /, /index.html and deep links serve index with Cache-Control: no-cache
PASS proxy refresh rotates host-only ah_refresh; Secure HttpOnly SameSite=Strict Path=/oauth2/token
PASS old refresh cookie rejected through Caddy
PASS TLS certificate issued only for approved.localhost; real bridge forwards host=; other host denied
PASS Mongo rejects unauthenticated reads; internal ask route is not public
PASS distinct MinIO writer Put/List and recovery Get/List principals provisioned
PASS MinIO lifecycle is 30 days; normal backup container has only the public recipient
PASS ops memory is 1 GiB and its anonymous work volume disappears with the container
COMMAND DEPLOY_ENV_FILE=/var/folders/xn/c1yrcx212h18679n6kwf4kxh0000gn/T/e11-t04-pjikafd4/writer.env bin/backup-mongo  -> exit 0
BACKUP_OK key=mongo/20261009T110818Z-e4fcfd68[truncated].tar collections=86 snapshot=1791544094:21 retention=S3-lifecycle
Container e11-t04-461f11ac-backup-run-510c4b1ca7f5 Creating 
 Container e11-t04-461f11ac-backup-run-510c4b1ca7f5 Created
COMMAND DEPLOY_ENV_FILE=/var/folders/xn/c1yrcx212h18679n6kwf4kxh0000gn/T/e11-t04-pjikafd4/writer.env bin/restore-mongo --verify -> exit 1

Container e11-t04-461f11ac-backup-run-26657600f539 Creating 
 Container e11-t04-461f11ac-backup-run-26657600f539 Created 
FAILED: ClientError; provider/database details suppressed
PASS writer environment cannot verify a backup (GetObject denied)
COMMAND DEPLOY_ENV_FILE=/var/folders/xn/c1yrcx212h18679n6kwf4kxh0000gn/T/e11-t04-pjikafd4/recovery.env bin/restore-mongo --verify -> exit 0
COUNT admin.system.users source=3 restored=3
COUNT admin.system.version source=2 restored=2
COUNT agilityhub.accounts source=191 restored=191
COUNT agilityhub.activities source=4 restored=4
COUNT agilityhub.activity_registrations source=47 restored=47
COUNT agilityhub.announcements source=0 restored=0
COUNT agilityhub.attachment_uploads source=10 restored=10
COUNT agilityhub.attachment_write_locks source=1 restored=1
COUNT agilityhub.attachments source=1 restored=1
COUNT agilityhub.attendances source=26 restored=26
COUNT agilityhub.audit_entries source=125 restored=125
COUNT agilityhub.billing_locks source=0 restored=0
COUNT agilityhub.billing_runs source=0 restored=0
COUNT agilityhub.billing_simulations source=0 restored=0
COUNT agilityhub.bookings source=75 restored=75
COUNT agilityhub.build_sessions source=0 restored=0
COUNT agilityhub.calibration_logs source=0 restored=0
COUNT agilityhub.catalog_seed_references source=7 restored=7
COUNT agilityhub.catalog_write_locks source=4 restored=4
COUNT agilityhub.census_write_locks source=1 restored=1
COUNT agilityhub.class_sessions source=125 restored=125
COUNT agilityhub.club_pages source=3 restored=3
COUNT agilityhub.clubs source=1 restored=1
COUNT agilityhub.collections source=0 restored=0
COUNT agilityhub.courses source=0 restored=0
COUNT agilityhub.demo_seed_runs source=2 restored=2
COUNT agilityhub.dog_documents source=246 restored=246
COUNT agilityhub.dogs source=246 restored=246
COUNT agilityhub.domain_events source=977 restored=977
COUNT agilityhub.export_account_locks source=0 restored=0
COUNT agilityhub.export_jobs source=0 restored=0
COUNT agilityhub.export_write_locks source=0 restored=0
COUNT agilityhub.family_groups source=12 restored=12
COUNT agilityhub.faq_entries source=7 restored=7
COUNT agilityhub.followup_items source=2 restored=2
COUNT agilityhub.followup_read_marks source=0 restored=0
COUNT agilityhub.handoff_codes source=0 restored=0
COUNT agilityhub.idempotency_records source=0 restored=0
COUNT agilityhub.impersonation_grants source=0 restored=0
COUNT agilityhub.inactivity_periods source=2 restored=2
COUNT agilityhub.instructors source=3 restored=3
COUNT agilityhub.invoices source=0 restored=0
COUNT agilityhub.job_locks source=0 restored=0
COUNT agilityhub.job_runs source=0 restored=0
COUNT agilityhub.leave_requests source=2 restored=2
COUNT agilityhub.levels source=10 restored=10
COUNT agilityhub.magic_link_tokens source=0 restored=0
COUNT agilityhub.members source=194 restored=194
COUNT agilityhub.memberships source=191 restored=191
COUNT agilityhub.message_templates source=52 restored=52
COUNT agilityhub.notifications source=0 restored=0
COUNT agilityhub.obstacle_inventories source=0 restored=0
COUNT agilityhub.oidc_browser_sessions source=0 restored=0
COUNT agilityhub.oidc_codes source=0 restored=0
COUNT agilityhub.oidc_flows source=0 restored=0
COUNT agilityhub.pack_balances source=17 restored=17
COUNT agilityhub.parameters source=5 restored=5
COUNT agilityhub.payment_operations source=0 restored=0
COUNT agilityhub.pending_charges source=0 restored=0
COUNT agilityhub.placements source=0 restored=0
COUNT agilityhub.plans source=6 restored=6
COUNT agilityhub.prices source=6 restored=6
COUNT agilityhub.push_subscriptions source=1 restored=1
COUNT agilityhub.refresh_tokens source=2 restored=2
COUNT agilityhub.remittances source=0 restored=0
COUNT agilityhub.ring_blocks source=13 restored=13
COUNT agilityhub.ring_setups source=0 restored=0
COUNT agilityhub.ring_slot_locks source=272 restored=272
COUNT agilityhub.rings source=5 restored=5
COUNT agilityhub.saved_views source=1 restored=1
COUNT agilityhub.seat_holds source=0 restored=0
COUNT agilityhub.seat_locks source=28 restored=28
COUNT agilityhub.security_events source=1 restored=1
COUNT agilityhub.sendgrid_webhook_receipts source=0 restored=0
COUNT agilityhub.signing_keys source=1 restored=1
COUNT agilityhub.signup_notification_admissions source=0 restored=0
COUNT agilityhub.stripe_events source=0 restored=0
COUNT agilityhub.tasks source=2 restored=2
COUNT agilityhub.team_write_locks source=1 restored=1
COUNT agilityhub.tenant_write_counters source=1 restored=1
COUNT agilityhub.training_bookings source=13 restored=13
COUNT agilityhub.upfront_payments source=6 restored=6
COUNT agilityhub.venues source=0 restored=0
COUNT agilityhub.waitlist_entries source=9 restored=9
COUNT agilityhub.week_templates source=3 restored=3
COUNT agilityhub.weeks source=9 restored=9
RESTORE_OK key=mongo/20261009T110818Z-e4fcfd68[truncated].tar collections=86 atClusterTime=[1791544094, 21]
Container e11-t04-461f11ac-backup-run-e6e353a89227 Creating 
 Container e11-t04-461f11ac-backup-run-e6e353a89227 Created
COMMAND DEPLOY_ENV_FILE=/var/folders/xn/c1yrcx212h18679n6kwf4kxh0000gn/T/e11-t04-pjikafd4/recovery.env bin/restore-mongo --verify mongo/20261009T110818Z-e4fcfd68[truncated].tar -> exit 0
COUNT admin.system.users source=3 restored=3
COUNT admin.system.version source=2 restored=2
COUNT agilityhub.accounts source=191 restored=191
COUNT agilityhub.activities source=4 restored=4
COUNT agilityhub.activity_registrations source=47 restored=47
COUNT agilityhub.announcements source=0 restored=0
COUNT agilityhub.attachment_uploads source=10 restored=10
COUNT agilityhub.attachment_write_locks source=1 restored=1
COUNT agilityhub.attachments source=1 restored=1
COUNT agilityhub.attendances source=26 restored=26
COUNT agilityhub.audit_entries source=125 restored=125
COUNT agilityhub.billing_locks source=0 restored=0
COUNT agilityhub.billing_runs source=0 restored=0
COUNT agilityhub.billing_simulations source=0 restored=0
COUNT agilityhub.bookings source=75 restored=75
COUNT agilityhub.build_sessions source=0 restored=0
COUNT agilityhub.calibration_logs source=0 restored=0
COUNT agilityhub.catalog_seed_references source=7 restored=7
COUNT agilityhub.catalog_write_locks source=4 restored=4
COUNT agilityhub.census_write_locks source=1 restored=1
COUNT agilityhub.class_sessions source=125 restored=125
COUNT agilityhub.club_pages source=3 restored=3
COUNT agilityhub.clubs source=1 restored=1
COUNT agilityhub.collections source=0 restored=0
COUNT agilityhub.courses source=0 restored=0
COUNT agilityhub.demo_seed_runs source=2 restored=2
COUNT agilityhub.dog_documents source=246 restored=246
COUNT agilityhub.dogs source=246 restored=246
COUNT agilityhub.domain_events source=977 restored=977
COUNT agilityhub.export_account_locks source=0 restored=0
COUNT agilityhub.export_jobs source=0 restored=0
COUNT agilityhub.export_write_locks source=0 restored=0
COUNT agilityhub.family_groups source=12 restored=12
COUNT agilityhub.faq_entries source=7 restored=7
COUNT agilityhub.followup_items source=2 restored=2
COUNT agilityhub.followup_read_marks source=0 restored=0
COUNT agilityhub.handoff_codes source=0 restored=0
COUNT agilityhub.idempotency_records source=0 restored=0
COUNT agilityhub.impersonation_grants source=0 restored=0
COUNT agilityhub.inactivity_periods source=2 restored=2
COUNT agilityhub.instructors source=3 restored=3
COUNT agilityhub.invoices source=0 restored=0
COUNT agilityhub.job_locks source=0 restored=0
COUNT agilityhub.job_runs source=0 restored=0
COUNT agilityhub.leave_requests source=2 restored=2
COUNT agilityhub.levels source=10 restored=10
COUNT agilityhub.magic_link_tokens source=0 restored=0
COUNT agilityhub.members source=194 restored=194
COUNT agilityhub.memberships source=191 restored=191
COUNT agilityhub.message_templates source=52 restored=52
COUNT agilityhub.notifications source=0 restored=0
COUNT agilityhub.obstacle_inventories source=0 restored=0
COUNT agilityhub.oidc_browser_sessions source=0 restored=0
COUNT agilityhub.oidc_codes source=0 restored=0
COUNT agilityhub.oidc_flows source=0 restored=0
COUNT agilityhub.pack_balances source=17 restored=17
COUNT agilityhub.parameters source=5 restored=5
COUNT agilityhub.payment_operations source=0 restored=0
COUNT agilityhub.pending_charges source=0 restored=0
COUNT agilityhub.placements source=0 restored=0
COUNT agilityhub.plans source=6 restored=6
COUNT agilityhub.prices source=6 restored=6
COUNT agilityhub.push_subscriptions source=1 restored=1
COUNT agilityhub.refresh_tokens source=2 restored=2
COUNT agilityhub.remittances source=0 restored=0
COUNT agilityhub.ring_blocks source=13 restored=13
COUNT agilityhub.ring_setups source=0 restored=0
COUNT agilityhub.ring_slot_locks source=272 restored=272
COUNT agilityhub.rings source=5 restored=5
COUNT agilityhub.saved_views source=1 restored=1
COUNT agilityhub.seat_holds source=0 restored=0
COUNT agilityhub.seat_locks source=28 restored=28
COUNT agilityhub.security_events source=1 restored=1
COUNT agilityhub.sendgrid_webhook_receipts source=0 restored=0
COUNT agilityhub.signing_keys source=1 restored=1
COUNT agilityhub.signup_notification_admissions source=0 restored=0
COUNT agilityhub.stripe_events source=0 restored=0
COUNT agilityhub.tasks source=2 restored=2
COUNT agilityhub.team_write_locks source=1 restored=1
COUNT agilityhub.tenant_write_counters source=1 restored=1
COUNT agilityhub.training_bookings source=13 restored=13
COUNT agilityhub.upfront_payments source=6 restored=6
COUNT agilityhub.venues source=0 restored=0
COUNT agilityhub.waitlist_entries source=9 restored=9
COUNT agilityhub.week_templates source=3 restored=3
COUNT agilityhub.weeks source=9 restored=9
RESTORE_OK key=mongo/20261009T110818Z-e4fcfd68[truncated].tar collections=86 atClusterTime=[1791544094, 21]
Container e11-t04-461f11ac-backup-run-0f6061d8cb54 Creating 
 Container e11-t04-461f11ac-backup-run-0f6061d8cb54 Created
COMMAND DEPLOY_ENV_FILE=/var/folders/xn/c1yrcx212h18679n6kwf4kxh0000gn/T/e11-t04-pjikafd4/recovery.env bin/restore-mongo --verify -> exit 2

Configuration error: BACKUP_AGE_IDENTITY is required for verification only
COMMAND DEPLOY_ENV_FILE=/var/folders/xn/c1yrcx212h18679n6kwf4kxh0000gn/T/e11-t04-pjikafd4/writer.env bin/backup-mongo  -> exit 2

Configuration error: BACKUP_AGE_RECIPIENT is required; no container, dump or S3 object was created
COMMAND DEPLOY_ENV_FILE=/var/folders/xn/c1yrcx212h18679n6kwf4kxh0000gn/T/e11-t04-pjikafd4/writer.env bin/backup-mongo  -> exit 2

Configuration error: BACKUP_S3_BUCKET is required; no container, dump or S3 object was created
PASS missing recipient and bucket fail before container/dump/upload
COMMAND isolated proof.py -> exit 0
PASS backup principal has only backup role and cannot write
PASS snapshot counts exclude the later live write (source snapshot=3, live=4)
BACKUP_OK key=mongo/20261009T110826Z-b2f3abc6[truncated].tar collections=87 snapshot=1791544106:7 retention=S3-lifecycle
PASS transaction insert/update/delete completed DURING mongodump in 0.003s
PASS real view is recreated with its definition and queries restored data
COUNT admin.system.users source=3 restored=3
COUNT admin.system.version source=2 restored=2
COUNT agilityhub.accounts source=191 restored=191
COUNT agilityhub.activities source=4 restored=4
COUNT agilityhub.activity_registrations source=47 restored=47
COUNT agilityhub.announcements source=0 restored=0
COUNT agilityhub.attachment_uploads source=10 restored=10
COUNT agilityhub.attachment_write_locks source=1 restored=1
COUNT agilityhub.attachments source=1 restored=1
COUNT agilityhub.attendances source=26 restored=26
COUNT agilityhub.audit_entries source=125 restored=125
COUNT agilityhub.backup_probe source=3 restored=3
COUNT agilityhub.billing_locks source=0 restored=0
COUNT agilityhub.billing_runs source=0 restored=0
COUNT agilityhub.billing_simulations source=0 restored=0
COUNT agilityhub.bookings source=75 restored=75
COUNT agilityhub.build_sessions source=0 restored=0
COUNT agilityhub.calibration_logs source=0 restored=0
COUNT agilityhub.catalog_seed_references source=7 restored=7
COUNT agilityhub.catalog_write_locks source=4 restored=4
COUNT agilityhub.census_write_locks source=1 restored=1
COUNT agilityhub.class_sessions source=125 restored=125
COUNT agilityhub.club_pages source=3 restored=3
COUNT agilityhub.clubs source=1 restored=1
COUNT agilityhub.collections source=0 restored=0
COUNT agilityhub.courses source=0 restored=0
COUNT agilityhub.demo_seed_runs source=2 restored=2
COUNT agilityhub.dog_documents source=246 restored=246
COUNT agilityhub.dogs source=246 restored=246
COUNT agilityhub.domain_events source=977 restored=977
COUNT agilityhub.export_account_locks source=0 restored=0
COUNT agilityhub.export_jobs source=0 restored=0
COUNT agilityhub.export_write_locks source=0 restored=0
COUNT agilityhub.family_groups source=12 restored=12
COUNT agilityhub.faq_entries source=7 restored=7
COUNT agilityhub.followup_items source=2 restored=2
COUNT agilityhub.followup_read_marks source=0 restored=0
COUNT agilityhub.handoff_codes source=0 restored=0
COUNT agilityhub.idempotency_records source=0 restored=0
COUNT agilityhub.impersonation_grants source=0 restored=0
COUNT agilityhub.inactivity_periods source=2 restored=2
COUNT agilityhub.instructors source=3 restored=3
COUNT agilityhub.invoices source=0 restored=0
COUNT agilityhub.job_locks source=0 restored=0
COUNT agilityhub.job_runs source=0 restored=0
COUNT agilityhub.leave_requests source=2 restored=2
COUNT agilityhub.levels source=10 restored=10
COUNT agilityhub.magic_link_tokens source=0 restored=0
COUNT agilityhub.members source=194 restored=194
COUNT agilityhub.memberships source=191 restored=191
COUNT agilityhub.message_templates source=52 restored=52
COUNT agilityhub.notifications source=0 restored=0
COUNT agilityhub.obstacle_inventories source=0 restored=0
COUNT agilityhub.oidc_browser_sessions source=0 restored=0
COUNT agilityhub.oidc_codes source=0 restored=0
COUNT agilityhub.oidc_flows source=0 restored=0
COUNT agilityhub.pack_balances source=17 restored=17
COUNT agilityhub.parameters source=5 restored=5
COUNT agilityhub.payment_operations source=0 restored=0
COUNT agilityhub.pending_charges source=0 restored=0
COUNT agilityhub.placements source=0 restored=0
COUNT agilityhub.plans source=6 restored=6
COUNT agilityhub.prices source=6 restored=6
COUNT agilityhub.push_subscriptions source=1 restored=1
COUNT agilityhub.refresh_tokens source=2 restored=2
COUNT agilityhub.remittances source=0 restored=0
COUNT agilityhub.ring_blocks source=13 restored=13
COUNT agilityhub.ring_setups source=0 restored=0
COUNT agilityhub.ring_slot_locks source=272 restored=272
COUNT agilityhub.rings source=5 restored=5
COUNT agilityhub.saved_views source=1 restored=1
COUNT agilityhub.seat_holds source=0 restored=0
COUNT agilityhub.seat_locks source=28 restored=28
COUNT agilityhub.security_events source=1 restored=1
COUNT agilityhub.sendgrid_webhook_receipts source=0 restored=0
COUNT agilityhub.signing_keys source=1 restored=1
COUNT agilityhub.signup_notification_admissions source=0 restored=0
COUNT agilityhub.stripe_events source=0 restored=0
COUNT agilityhub.tasks source=2 restored=2
COUNT agilityhub.team_write_locks source=1 restored=1
COUNT agilityhub.tenant_write_counters source=1 restored=1
COUNT agilityhub.training_bookings source=13 restored=13
COUNT agilityhub.upfront_payments source=6 restored=6
COUNT agilityhub.venues source=0 restored=0
COUNT agilityhub.waitlist_entries source=9 restored=9
COUNT agilityhub.week_templates source=3 restored=3
COUNT agilityhub.weeks source=9 restored=9
RESTORE_OK key=mongo/20261009T110826Z-b2f3abc6[truncated].tar collections=87 atClusterTime=[1791544106, 7]
PASS concurrent-write backup restores exact snapshot counts
PASS low disk refuses before producing any dump

COMMAND DEPLOY_ENV_FILE=/var/folders/xn/c1yrcx212h18679n6kwf4kxh0000gn/T/e11-t04-pjikafd4/recovery.env bin/restore-mongo --verify mongo/20000101T000000Z-c4b8e1c5[truncated].tar -> exit 1

Container e11-t04-461f11ac-backup-run-e0d343d2d646 Creating 
 Container e11-t04-461f11ac-backup-run-e0d343d2d646 Created 
FAILED: age failed (exit 1); private tool output suppressed
PASS authenticated decryption rejects tampered ciphertext before Mongo starts
COMMAND DEPLOY_ENV_FILE=/var/folders/xn/c1yrcx212h18679n6kwf4kxh0000gn/T/e11-t04-pjikafd4/recovery.env bin/restore-mongo --verify mongo/20000102T000000Z-840a4c6f[truncated].tar -> exit 1
COUNT admin.system.users source=3 restored=3
COUNT admin.system.version source=2 restored=2
COUNT agilityhub.accounts source=192 restored=191
COUNT agilityhub.activities source=4 restored=4
COUNT agilityhub.activity_registrations source=47 restored=47
COUNT agilityhub.announcements source=0 restored=0
COUNT agilityhub.attachment_uploads source=10 restored=10
COUNT agilityhub.attachment_write_locks source=1 restored=1
COUNT agilityhub.attachments source=1 restored=1
COUNT agilityhub.attendances source=26 restored=26
COUNT agilityhub.audit_entries source=125 restored=125
COUNT agilityhub.billing_locks source=0 restored=0
COUNT agilityhub.billing_runs source=0 restored=0
COUNT agilityhub.billing_simulations source=0 restored=0
COUNT agilityhub.bookings source=75 restored=75
COUNT agilityhub.build_sessions source=0 restored=0
COUNT agilityhub.calibration_logs source=0 restored=0
COUNT agilityhub.catalog_seed_references source=7 restored=7
COUNT agilityhub.catalog_write_locks source=4 restored=4
COUNT agilityhub.census_write_locks source=1 restored=1
COUNT agilityhub.class_sessions source=125 restored=125
COUNT agilityhub.club_pages source=3 restored=3
COUNT agilityhub.clubs source=1 restored=1
COUNT agilityhub.collections source=0 restored=0
COUNT agilityhub.courses source=0 restored=0
COUNT agilityhub.demo_seed_runs source=2 restored=2
COUNT agilityhub.dog_documents source=246 restored=246
COUNT agilityhub.dogs source=246 restored=246
COUNT agilityhub.domain_events source=977 restored=977
COUNT agilityhub.export_account_locks source=0 restored=0
COUNT agilityhub.export_jobs source=0 restored=0
COUNT agilityhub.export_write_locks source=0 restored=0
COUNT agilityhub.family_groups source=12 restored=12
COUNT agilityhub.faq_entries source=7 restored=7
COUNT agilityhub.followup_items source=2 restored=2
COUNT agilityhub.followup_read_marks source=0 restored=0
COUNT agilityhub.handoff_codes source=0 restored=0
COUNT agilityhub.idempotency_records source=0 restored=0
COUNT agilityhub.impersonation_grants source=0 restored=0
COUNT agilityhub.inactivity_periods source=2 restored=2
COUNT agilityhub.instructors source=3 restored=3
COUNT agilityhub.invoices source=0 restored=0
COUNT agilityhub.job_locks source=0 restored=0
COUNT agilityhub.job_runs source=0 restored=0
COUNT agilityhub.leave_requests source=2 restored=2
COUNT agilityhub.levels source=10 restored=10
COUNT agilityhub.magic_link_tokens source=0 restored=0
COUNT agilityhub.members source=194 restored=194
COUNT agilityhub.memberships source=191 restored=191
COUNT agilityhub.message_templates source=52 restored=52
COUNT agilityhub.notifications source=0 restored=0
COUNT agilityhub.obstacle_inventories source=0 restored=0
COUNT agilityhub.oidc_browser_sessions source=0 restored=0
COUNT agilityhub.oidc_codes source=0 restored=0
COUNT agilityhub.oidc_flows source=0 restored=0
COUNT agilityhub.pack_balances source=17 restored=17
COUNT agilityhub.parameters source=5 restored=5
COUNT agilityhub.payment_operations source=0 restored=0
COUNT agilityhub.pending_charges source=0 restored=0
COUNT agilityhub.placements source=0 restored=0
COUNT agilityhub.plans source=6 restored=6
COUNT agilityhub.prices source=6 restored=6
COUNT agilityhub.push_subscriptions source=1 restored=1
COUNT agilityhub.refresh_tokens source=2 restored=2
COUNT agilityhub.remittances source=0 restored=0
COUNT agilityhub.ring_blocks source=13 restored=13
COUNT agilityhub.ring_setups source=0 restored=0
COUNT agilityhub.ring_slot_locks source=272 restored=272
COUNT agilityhub.rings source=5 restored=5
COUNT agilityhub.saved_views source=1 restored=1
COUNT agilityhub.seat_holds source=0 restored=0
COUNT agilityhub.seat_locks source=28 restored=28
COUNT agilityhub.security_events source=1 restored=1
COUNT agilityhub.sendgrid_webhook_receipts source=0 restored=0
COUNT agilityhub.signing_keys source=1 restored=1
COUNT agilityhub.signup_notification_admissions source=0 restored=0
COUNT agilityhub.stripe_events source=0 restored=0
COUNT agilityhub.tasks source=2 restored=2
COUNT agilityhub.team_write_locks source=1 restored=1
COUNT agilityhub.tenant_write_counters source=1 restored=1
COUNT agilityhub.training_bookings source=13 restored=13
COUNT agilityhub.upfront_payments source=6 restored=6
COUNT agilityhub.venues source=0 restored=0
COUNT agilityhub.waitlist_entries source=9 restored=9
COUNT agilityhub.week_templates source=3 restored=3
COUNT agilityhub.weeks source=9 restored=9
Container e11-t04-461f11ac-backup-run-a1f127e5c9c0 Creating 
 Container e11-t04-461f11ac-backup-run-a1f127e5c9c0 Created 
FAILED: Collection count mismatch
PASS authenticated false count fails verification
COMMAND DEPLOY_ENV_FILE=/var/folders/xn/c1yrcx212h18679n6kwf4kxh0000gn/T/e11-t04-pjikafd4/recovery.env bin/restore-mongo  -> exit 2

Configuration error: Usage: bin/restore-mongo --verify [object-key]
PASS restore requires --verify and has no live destination
E11-T04 ALL CHECKS PASSED
CLEANUP disposable project, volumes and private credentials removed
