#0 building with "desktop-linux" instance using docker driver

#1 [internal] load build definition from Dockerfile
#1 transferring dockerfile: 1.43kB done
#1 DONE 0.0s

#2 [internal] load metadata for docker.io/library/maven:3.9-eclipse-temurin-21
#2 DONE 0.7s

#3 [internal] load metadata for docker.io/library/eclipse-temurin:21-jre
#3 DONE 0.7s

#4 [internal] load .dockerignore
#4 transferring context: 218B done
#4 DONE 0.0s

#5 [stage-1 1/8] FROM docker.io/library/eclipse-temurin:21-jre@sha256:a80c51…[truncated]
#5 resolve docker.io/library/eclipse-temurin:21-jre@sha256:a80c51…[truncated] 0.0s done
#5 DONE 0.0s

#6 [build 1/8] FROM docker.io/library/maven:3.9-eclipse-temurin-21@sha256:a97257…[truncated]
#6 resolve docker.io/library/maven:3.9-eclipse-temurin-21@sha256:a97257…[truncated] 0.0s done
#6 DONE 0.0s

#7 [internal] load build context
#7 transferring context: 4.46MB 0.2s done
#7 DONE 0.2s

#8 [build 2/8] RUN apt-get update     && apt-get install -y --no-install-recommends unzip     && rm -rf /var/lib/apt/lists/*
#8 CACHED

#9 [build 3/8] WORKDIR /workspace
#9 CACHED

#10 [build 4/8] COPY .mvn/ .mvn/
#10 CACHED

#11 [build 5/8] COPY mvnw pom.xml ./
#11 CACHED

#12 [build 6/8] COPY src/ src/
#12 DONE 0.2s

#13 [build 7/8] COPY seeds/club-definition.schema.json seeds/club-definition.schema.json
#13 DONE 0.0s

#14 [build 8/8] RUN ./mvnw -B -q -DskipTests package
#14 DONE 44.2s

#15 [stage-1 2/8] RUN apt-get update     && apt-get install -y --no-install-recommends curl     && rm -rf /var/lib/apt/lists/*     && useradd --system --uid 10001 --user-group --create-home agilityhub     && install -d -m 0700 -o agilityhub -g agilityhub /app/mailbox /app/exports /app/attachments
#15 CACHED

#16 [stage-1 3/8] WORKDIR /app
#16 CACHED

#17 [stage-1 4/8] COPY --from=build --chown=agilityhub:agilityhub /workspace/target/*.jar app.jar
#17 DONE 0.1s

#18 [stage-1 5/8] COPY --chown=agilityhub:agilityhub seeds/club-canic-consumer.yaml seeds/club-canic.yaml
#18 DONE 0.0s

#19 [stage-1 6/8] COPY --chown=agilityhub:agilityhub seeds/club-minim.yaml seeds/club-minim.yaml
#19 DONE 0.0s

#20 [stage-1 7/8] COPY --chown=agilityhub:agilityhub seeds/demo-canic.yaml seeds/demo-canic.yaml
#20 DONE 0.0s

#21 [stage-1 8/8] COPY --chown=agilityhub:agilityhub seeds/pages/ seeds/pages/
#21 DONE 0.0s

#22 exporting to image
#22 exporting layers
#22 exporting layers 3.1s done
#22 exporting manifest sha256:4eb56e…[truncated] done
#22 exporting config sha256:16f3cb…[truncated] done
#22 exporting attestation manifest sha256:afef6b…[truncated] done
#22 exporting manifest list sha256:575672…[truncated] done
#22 naming to docker.io/library/agilityhub-e3-smoke:local done
#22 unpacking to docker.io/library/agilityhub-e3-smoke:local
#22 unpacking to docker.io/library/agilityhub-e3-smoke:local 0.7s done
#22 DONE 3.8s
