Packages under a jacoco rule (application/domain: 85 % lines, 80 % branches; api: 70 % lines): 65, below the rule: 0
  OK   clubs.bookings.application                   lines  98.3% (33 missed)  branches  83.0% (251 missed)
  OK   clubs.bookings.application.jobs              lines 100.0% (0 missed)  branches  97.0% (1 missed)
  OK   clubs.bookings.application.ports             lines 100.0% (0 missed)  branches 100.0% (0 missed)
  OK   clubs.census.application                     lines  98.5% (32 missed)  branches  84.9% (308 missed)
  OK   clubs.messaging.api                          lines  99.1% (1 missed)  branches  83.3% (1 missed)
  OK   clubs.messaging.application                  lines  99.7% (1 missed)  branches  90.1% (24 missed)
  OK   clubs.messaging.application.engine           lines  99.1% (6 missed)  branches  88.1% (84 missed)
  OK   clubs.messaging.application.integrations     lines  99.4% (1 missed)  branches  97.1% (2 missed)
  OK   clubs.messaging.application.ports            lines 100.0% (0 missed)  branches  98.7% (1 missed)
  OK   clubs.messaging.domain                       lines 100.0% (0 missed)  branches  97.2% (10 missed)
  OK   clubs.scheduling.application                 lines  98.9% (13 missed)  branches  86.7% (130 missed)
  OK   clubs.scheduling.application.ports           lines  92.6% (2 missed)  branches 100.0% (0 missed)
  OK   clubs.training.application                   lines  99.2% (5 missed)  branches  83.8% (74 missed)
  OK   clubs.training.application.ports             lines 100.0% (0 missed)  branches 100.0% (0 missed)
  OK   platform.application                         lines  99.2% (4 missed)  branches  93.1% (26 missed)
  OK   platform.application.audit                   lines 100.0% (0 missed)  branches  97.7% (1 missed)
  OK   platform.application.definition              lines  97.7% (8 missed)  branches  94.4% (16 missed)
  OK   platform.application.jobs                    lines  96.3% (19 missed)  branches  89.8% (32 missed)
Classes this task adds or changes:
  ActivityNotificationFacts (clubs.activities.application)       lines  97.6% (1 missed)  branches  75.8% (8 missed)
  AllowListSmsSender (clubs.messaging.application.integrations)  lines 100.0% (0 missed)  branches 100.0% (0 missed)
  BookingNotificationFacts (clubs.bookings.application)          lines  86.4% (18 missed)  branches  70.5% (46 missed)
  CensusNotificationFacts (clubs.census.application)             lines  92.1% (6 missed)  branches  70.5% (28 missed)
  ChannelResolver (clubs.messaging.domain)                       lines 100.0% (0 missed)  branches  98.6% (1 missed)
  ClubEmailSettings (platform.application)                       lines 100.0% (0 missed)  branches  95.8% (1 missed)
  ClubFormats (platform.application)                             lines  98.2% (1 missed)  branches 100.0% (0 missed)
  ClubSmsUsage (platform.application)                            lines 100.0% (0 missed)  branches  80.0% (4 missed)
  CommonNotificationFacts (clubs.common.application)             lines  97.4% (1 missed)  branches  72.4% (8 missed)
  DogNameArticle (clubs.messaging.domain)                        lines 100.0% (0 missed)  branches 100.0% (0 missed)
  EmailSuppression (clubs.messaging.application.engine)          lines 100.0% (0 missed)  branches  85.7% (2 missed)
  EmailUnsubscribeService (clubs.messaging.application)          lines 100.0% (0 missed)  branches 100.0% (0 missed)
  FakePushSender (clubs.messaging.application.integrations)      lines 100.0% (0 missed)  branches 100.0% (0 missed)
  FakeSmsSender (clubs.messaging.application.integrations)       lines 100.0% (0 missed)  branches 100.0% (0 missed)
  FollowupNotificationFacts (clubs.followup.application)         lines 100.0% (0 missed)  branches  90.5% (4 missed)
  LegacyNotificationRows (clubs.messaging.persistence)           lines 100.0% (0 missed)  branches  91.3% (4 missed)
  LogSmsSender (clubs.messaging.application.integrations)        lines 100.0% (0 missed)  branches 100.0% (0 missed)
  MemberContact (clubs.messaging.application.ports)              lines 100.0% (0 missed)  branches 100.0% (0 missed)
  MessagingCensusDirectory (clubs.census.application)            lines  93.3% (3 missed)  branches  60.0% (16 missed)
  MessagingNotificationFacts (clubs.messaging.application)       lines 100.0% (0 missed)  branches 100.0% (0 missed)
  MessagingPortDefaults (clubs.messaging.application.ports)      lines 100.0% (0 missed)  branches 100.0% (0 missed)
  MigrateNotificationsCommand (clubs.messaging.application)      lines  96.3% (1 missed)  branches  88.9% (4 missed)
  NotificationDispatcher (clubs.messaging.application.engine)    lines  99.5% (1 missed)  branches  76.7% (34 missed)
  NotificationEmailRenderer (clubs.messaging.application.engine) lines  96.9% (1 missed)  branches  95.7% (2 missed)
  NotificationEngine (clubs.messaging.application.engine)        lines  99.2% (2 missed)  branches  88.1% (27 missed)
  NotificationEventHandler (clubs.messaging.application.engine)  lines 100.0% (0 missed)  branches 100.0% (0 missed)
  NotificationFacts (clubs.messaging.application.ports)          lines 100.0% (0 missed)  branches  97.1% (1 missed)
  NotificationLinks (clubs.messaging.domain)                     lines 100.0% (0 missed)  branches 100.0% (0 missed)
  NotificationPreferences (clubs.messaging.application)          lines 100.0% (0 missed)  branches 100.0% (0 missed)
  NotificationRepository (clubs.messaging.persistence)           lines 100.0% (0 missed)  branches  95.8% (2 missed)
  NotificationSubject (clubs.messaging.application.ports)        lines 100.0% (0 missed)  branches 100.0% (0 missed)
  NotificationTrigger (clubs.messaging.application.ports)        lines 100.0% (0 missed)  branches 100.0% (0 missed)
  RecipientResolver (clubs.messaging.application.engine)         lines 100.0% (0 missed)  branches  91.2% (8 missed)
  RetryPolicy (clubs.messaging.domain)                           lines 100.0% (0 missed)  branches 100.0% (0 missed)
  SchedulingNotificationFacts (clubs.scheduling.application)     lines  95.5% (3 missed)  branches  79.5% (9 missed)
  SendGridWebhookService (clubs.messaging.application)           lines 100.0% (0 missed)  branches  92.7% (7 missed)
  SmsText (clubs.messaging.domain)                               lines 100.0% (0 missed)  branches  96.4% (1 missed)
  SystemNotificationService (clubs.messaging.application)        lines 100.0% (0 missed)  branches  83.3% (5 missed)
  TemplateProvider (clubs.messaging.application.engine)          lines 100.0% (0 missed)  branches  75.0% (4 missed)
  TemplateRenderer (clubs.messaging.application.engine)          lines 100.0% (0 missed)  branches  95.7% (2 missed)
  TrainingNotificationFacts (clubs.training.application)         lines  90.0% (3 missed)  branches  64.6% (17 missed)
  TwilioSmsSender (clubs.messaging.application.integrations)     lines 100.0% (0 missed)  branches  93.8% (1 missed)
  UnsubscribeTokens (clubs.messaging.application.engine)         lines  95.8% (1 missed)  branches 100.0% (0 missed)
  VariableFormatter (clubs.messaging.application.engine)         lines  98.4% (1 missed)  branches  95.0% (5 missed)
  WebPushSender (clubs.messaging.application.integrations)       lines  98.9% (1 missed)  branches  96.2% (1 missed)
