[INFO] Scanning for projects...
[INFO] 
[INFO] -----------------< com.agilityhub:agilityhub-core-api >-----------------
[INFO] Building AgilityHub Core API 0.1.0-SNAPSHOT
[INFO]   from pom.xml
[INFO] --------------------------------[ jar ]---------------------------------
[INFO] 
[INFO] --- enforcer:3.6.2:enforce (require-java-21) @ agilityhub-core-api ---
[INFO] Rule 0: org.apache.maven.enforcer.rules.version.RequireJavaVersion passed
[INFO] Rule 1: org.apache.maven.enforcer.rules.version.RequireMavenVersion passed
[INFO] 
[INFO] --- jacoco:0.8.14:prepare-agent (default) @ agilityhub-core-api ---
[INFO] Skipping JaCoCo execution because property jacoco.skip is set.
[INFO] argLine set to empty
[INFO] 
[INFO] --- spring-boot:3.5.16:build-info (default) @ agilityhub-core-api ---
[INFO] 
[INFO] --- resources:3.3.1:resources (default-resources) @ agilityhub-core-api ---
[INFO] Copying 13 resources from src/main/resources to target/classes
[INFO] Copying 1 resource from seeds to target/classes/seeds
[INFO] 
[INFO] --- compiler:3.14.1:compile (default-compile) @ agilityhub-core-api ---
[INFO] Nothing to compile - all classes are up to date.
[INFO] 
[INFO] --- resources:3.3.1:testResources (default-testResources) @ agilityhub-core-api ---
[INFO] Copying 45 resources from src/test/resources to target/test-classes
[INFO] 
[INFO] --- compiler:3.14.1:testCompile (default-testCompile) @ agilityhub-core-api ---
[INFO] Recompiling the module because of changed source code.
[INFO] Compiling 298 source files with javac [debug parameters release 21] to target/test-classes
[WARNING] /Users/jordib/dev/agilityhub/agilityhub-core-api/src/test/java/com/agilityhub/core/clubs/scheduling/persistence/SchedulingPersistenceTest.java:[74,28] ensureIndex(org.springframework.data.mongodb.core.index.IndexDefinition) in org.springframework.data.mongodb.core.index.IndexOperations has been deprecated and marked for removal
[WARNING] /Users/jordib/dev/agilityhub/agilityhub-core-api/src/test/java/com/agilityhub/core/clubs/scheduling/persistence/SchedulingPersistenceTest.java:[81,19] ensureIndex(org.springframework.data.mongodb.core.index.IndexDefinition) in org.springframework.data.mongodb.core.index.IndexOperations has been deprecated and marked for removal
[WARNING] /Users/jordib/dev/agilityhub/agilityhub-core-api/src/test/java/com/agilityhub/core/clubs/scheduling/persistence/SchedulingPersistenceTest.java:[87,25] ensureIndex(org.springframework.data.mongodb.core.index.IndexDefinition) in org.springframework.data.mongodb.core.index.IndexOperations has been deprecated and marked for removal
[WARNING] /Users/jordib/dev/agilityhub/agilityhub-core-api/src/test/java/com/agilityhub/core/clubs/scheduling/persistence/SchedulingPersistenceTest.java:[103,25] ensureIndex(org.springframework.data.mongodb.core.index.IndexDefinition) in org.springframework.data.mongodb.core.index.IndexOperations has been deprecated and marked for removal
[INFO] /Users/jordib/dev/agilityhub/agilityhub-core-api/src/test/java/com/agilityhub/core/clubs/catalogs/api/TeamIT.java: Some input files use or override a deprecated API.
[INFO] /Users/jordib/dev/agilityhub/agilityhub-core-api/src/test/java/com/agilityhub/core/clubs/catalogs/api/TeamIT.java: Recompile with -Xlint:deprecation for details.
[INFO] /Users/jordib/dev/agilityhub/agilityhub-core-api/src/test/java/com/agilityhub/core/clubs/catalogs/api/CatalogsIT.java: Some input files use unchecked or unsafe operations.
[INFO] /Users/jordib/dev/agilityhub/agilityhub-core-api/src/test/java/com/agilityhub/core/clubs/catalogs/api/CatalogsIT.java: Recompile with -Xlint:unchecked for details.
[INFO] 
[INFO] --- surefire:3.5.6:test (default-test) @ agilityhub-core-api ---
[INFO] 
[INFO] --- jar:3.4.2:jar (default-jar) @ agilityhub-core-api ---
[INFO] Building jar: /Users/jordib/dev/agilityhub/agilityhub-core-api/target/agilityhub-core-api-0.1.0-SNAPSHOT.jar
[INFO] 
[INFO] --- spring-boot:3.5.16:repackage (repackage) @ agilityhub-core-api ---
[INFO] Replacing main artifact /Users/jordib/dev/agilityhub/agilityhub-core-api/target/agilityhub-core-api-0.1.0-SNAPSHOT.jar with repackaged archive, adding nested dependencies in BOOT-INF/.
[INFO] The original artifact has been renamed to /Users/jordib/dev/agilityhub/agilityhub-core-api/target/agilityhub-core-api-0.1.0-SNAPSHOT.jar.original
[INFO] 
[INFO] --- failsafe:3.5.6:integration-test (default) @ agilityhub-core-api ---
[INFO] Using auto detected provider org.apache.maven.surefire.junitplatform.JUnitPlatformProvider
[INFO] 
[INFO] -------------------------------------------------------
[INFO]  T E S T S
[INFO] -------------------------------------------------------
[INFO] Running com.agilityhub.core.clubs.census.api.SignupCensusCorrectionsIT
19:50:58.354 [main] INFO org.springframework.test.context.support.AnnotationConfigContextLoaderUtils -- Could not detect default configuration classes for test class [com.agilityhub.core.clubs.census.api.SignupCensusCorrectionsIT]: SignupCensusCorrectionsIT does not declare any static, non-private, non-final, nested classes annotated with @Configuration.
19:50:58.530 [main] INFO org.springframework.boot.test.context.SpringBootTestContextBootstrapper -- Found @SpringBootConfiguration com.agilityhub.core.CoreApplication for test class com.agilityhub.core.clubs.census.api.SignupCensusCorrectionsIT
19:50:58.597 [main] INFO org.testcontainers.images.PullPolicy -- Image pull policy will be performed by: DefaultPullPolicy()
19:50:58.598 [main] INFO org.testcontainers.utility.ImageNameSubstitutor -- Image name substitution will be performed by: DefaultImageNameSubstitutor (composite of 'ConfigurationFileImageNameSubstitutor' and 'PrefixingImageNameSubstitutor')
19:50:58.602 [main] INFO org.testcontainers.DockerClientFactory -- Testcontainers version: 1.21.4
19:50:58.716 [main] INFO org.testcontainers.dockerclient.DockerClientProviderStrategy -- Loaded org.testcontainers.dockerclient.UnixSocketClientProviderStrategy from ~/.testcontainers.properties, will try it first
19:50:58.874 [main] INFO org.testcontainers.dockerclient.DockerClientProviderStrategy -- Found Docker environment with local Unix socket (unix:///var/run/docker.sock)
19:50:58.875 [main] INFO org.testcontainers.DockerClientFactory -- Docker host IP address is localhost
19:50:58.886 [main] INFO org.testcontainers.DockerClientFactory -- Connected to docker: 
  Server Version: 29.7.2
  API Version: 1.55
  Operating System: Docker Desktop
  Total Memory: 7931 MB
  Labels: 
    com.docker.desktop.address=unix:///Users/jordib/Library/Containers/com.docker.docker/Data/docker-cli.sock
19:50:59.184 [main] INFO tc.testcontainers/ryuk:0.12.0 -- Creating container for image: testcontainers/ryuk:0.12.0
19:50:59.290 [main] INFO org.testcontainers.utility.RegistryAuthLocator -- Credential helper/store (docker-credential-desktop) does not have credentials for https://index.docker.io/v1/
19:50:59.367 [main] INFO tc.testcontainers/ryuk:0.12.0 -- Container testcontainers/ryuk:0.12.0 is starting: ba99c125436be193f006adbcef26b48d8d193b67b9847b0fb770503b10201efa
19:50:59.572 [main] INFO tc.testcontainers/ryuk:0.12.0 -- Container testcontainers/ryuk:0.12.0 started in PT0.387877S
19:50:59.576 [main] INFO org.testcontainers.utility.RyukResourceReaper -- Ryuk started - will monitor and terminate Testcontainers containers on JVM exit
19:50:59.576 [main] INFO org.testcontainers.DockerClientFactory -- Checking the system...
19:50:59.576 [main] INFO org.testcontainers.DockerClientFactory -- ✔︎ Docker server version should be at least 1.6.0
19:50:59.577 [main] INFO tc.mongo:7 -- Creating container for image: mongo:7
19:50:59.613 [main] INFO tc.mongo:7 -- Container mongo:7 is starting: 5eb0d680bf9608c8a30eb38a7e22c675a3fa7aad16ff6f75f525fd4882facfc3
19:51:00.232 [main] INFO tc.mongo:7 -- Container mongo:7 started in PT0.654978S
Integration JVM availableProcessors=18

  .   ____          _            __ _ _
 /\\ / ___'_ __ _ _(_)_ __  __ _ \ \ \ \
( ( )\___ | '_ | '_| | '_ \/ _` | \ \ \ \
 \\/  ___)| |_)| | | | | || (_| |  ) ) ) )
  '  |____| .__|_| |_|_| |_\__, | / / / /
 =========|_|==============|___/=/_/_/_/

 :: Spring Boot ::               (v3.5.16)

2026-09-30T19:51:01.075+02:00  INFO 27766 --- [agilityhub-core-api] [           main] c.a.c.c.c.api.SignupCensusCorrectionsIT  : Starting SignupCensusCorrectionsIT using Java 21.0.12.1 with PID 27766 (started by jordib in /Users/jordib/dev/agilityhub/agilityhub-core-api)
2026-09-30T19:51:01.075+02:00  INFO 27766 --- [agilityhub-core-api] [           main] c.a.c.c.c.api.SignupCensusCorrectionsIT  : The following 1 profile is active: "test"
2026-09-30T19:51:01.951+02:00  INFO 27766 --- [agilityhub-core-api] [           main] .s.d.r.c.RepositoryConfigurationDelegate : Bootstrapping Spring Data MongoDB repositories in DEFAULT mode.
2026-09-30T19:51:01.992+02:00  INFO 27766 --- [agilityhub-core-api] [           main] .s.d.r.c.RepositoryConfigurationDelegate : Finished Spring Data repository scanning in 38 ms. Found 0 MongoDB repository interfaces.
2026-09-30T19:51:02.288+02:00  INFO 27766 --- [agilityhub-core-api] [           main] org.mongodb.driver.client                : MongoClient with metadata {"driver": {"name": "mongo-java-driver|sync|spring-boot", "version": "5.5.2"}, "os": {"type": "Darwin", "name": "Mac OS X", "architecture": "aarch64", "version": "26.4.1"}, "platform": "Java/Homebrew/21.0.12.1"} created with settings MongoClientSettings{readPreference=primary, writeConcern=WriteConcern{w=null, wTimeout=null ms, journal=null}, retryWrites=true, retryReads=true, readConcern=ReadConcern{level=null}, credential=null, transportSettings=null, commandListeners=[io.micrometer.core.instrument.binder.mongodb.MongoMetricsCommandListener@5f7bd970], codecRegistry=ProvidersCodecRegistry{codecProviders=[ValueCodecProvider{}, BsonValueCodecProvider{}, DBRefCodecProvider{}, DBObjectCodecProvider{}, DocumentCodecProvider{}, CollectionCodecProvider{}, IterableCodecProvider{}, MapCodecProvider{}, GeoJsonCodecProvider{}, GridFSFileCodecProvider{}, Jsr310CodecProvider{}, JsonObjectCodecProvider{}, BsonCodecProvider{}, EnumCodecProvider{}, com.mongodb.client.model.mql.ExpressionCodecProvider@6406b84d, com.mongodb.Jep395RecordCodecProvider@5274acd1, com.mongodb.KotlinCodecProvider@5fd5d6d1]}, loggerSettings=LoggerSettings{maxDocumentLength=1000}, clusterSettings={hosts=[localhost:62692], srvServiceName=mongodb, mode=SINGLE, requiredClusterType=UNKNOWN, requiredReplicaSetName='null', serverSelector='null', clusterListeners='[]', serverSelectionTimeout='30000 ms', localThreshold='15 ms'}, socketSettings=SocketSettings{connectTimeoutMS=10000, readTimeoutMS=0, receiveBufferSize=0, proxySettings=ProxySettings{host=null, port=null, username=null, password=null}}, heartbeatSocketSettings=SocketSettings{connectTimeoutMS=10000, readTimeoutMS=10000, receiveBufferSize=0, proxySettings=ProxySettings{host=null, port=null, username=null, password=null}}, connectionPoolSettings=ConnectionPoolSettings{maxSize=100, minSize=0, maxWaitTimeMS=120000, maxConnectionLifeTimeMS=0, maxConnectionIdleTimeMS=0, maintenanceInitialDelayMS=0, maintenanceFrequencyMS=60000, connectionPoolListeners=[io.micrometer.core.instrument.binder.mongodb.MongoMetricsConnectionPoolListener@5e643402], maxConnecting=2}, serverSettings=ServerSettings{heartbeatFrequencyMS=10000, minHeartbeatFrequencyMS=500, serverMonitoringMode=AUTO, serverListeners='[]', serverMonitorListeners='[]'}, sslSettings=SslSettings{enabled=false, invalidHostNameAllowed=false, context=null}, applicationName='null', compressorList=[], uuidRepresentation=JAVA_LEGACY, serverApi=null, autoEncryptionSettings=null, dnsClient=null, inetAddressResolver=null, contextProvider=null, timeoutMS=null}
2026-09-30T19:51:02.293+02:00  INFO 27766 --- [agilityhub-core-api] [localhost:62692] org.mongodb.driver.cluster               : Monitor thread successfully connected to server with description ServerDescription{address=localhost:62692, type=REPLICA_SET_PRIMARY, cryptd=false, state=CONNECTED, ok=true, minWireVersion=0, maxWireVersion=21, maxDocumentSize=16777216, logicalSessionTimeoutMinutes=30, roundTripTimeNanos=7532667, minRoundTripTimeNanos=0, setName='docker-rs', canonicalAddress=5eb0d680bf96:27017, hosts=[5eb0d680bf96:27017], passives=[], arbiters=[], primary='5eb0d680bf96:27017', tagSet=TagSet{[]}, electionId=7fffffff0000000000000001, setVersion=1, topologyVersion=TopologyVersion{processId=6abd4c039f965354ec78b64e, counter=6}, lastWriteDate=Wed Sep 30 19:51:00 CEST 2026, lastUpdateTimeNanos=397279602185708}
Mockito is currently self-attaching to enable the inline-mock-maker. This will no longer work in future releases of the JDK. Please add Mockito as an agent to your build as described in Mockito's documentation: https://javadoc.io/doc/org.mockito/mockito-core/latest/org.mockito/org/mockito/Mockito.html#0.3
WARNING: A Java agent has been loaded dynamically (/Users/jordib/.m2/repository/net/bytebuddy/byte-buddy-agent/1.17.8/byte-buddy-agent-1.17.8.jar)
WARNING: If a serviceability tool is in use, please run with -XX:+EnableDynamicAgentLoading to hide this warning
WARNING: If a serviceability tool is not in use, please run with -Djdk.instrument.traceUsage for more information
WARNING: Dynamic loading of agents will be disallowed by default in a future release
OpenJDK 64-Bit Server VM warning: Sharing is only supported for boot loader classes because bootstrap classpath has been appended
2026-09-30T19:51:06.254+02:00  INFO 27766 --- [agilityhub-core-api] [           main] o.s.b.t.m.w.SpringBootMockServletContext : Initializing Spring TestDispatcherServlet ''
2026-09-30T19:51:06.255+02:00  INFO 27766 --- [agilityhub-core-api] [           main] o.s.t.web.servlet.TestDispatcherServlet  : Initializing Servlet ''
2026-09-30T19:51:06.258+02:00  INFO 27766 --- [agilityhub-core-api] [           main] o.s.t.web.servlet.TestDispatcherServlet  : Completed initialization in 2 ms
2026-09-30T19:51:06.312+02:00  INFO 27766 --- [agilityhub-core-api] [           main] c.a.c.c.c.api.SignupCensusCorrectionsIT  : Started SignupCensusCorrectionsIT in 5.445 seconds (process running for 8.255)
[ERROR] Tests run: 1, Failures: 1, Errors: 0, Skipped: 0, Time elapsed: 9.238 s <<< FAILURE! -- in com.agilityhub.core.clubs.census.api.SignupCensusCorrectionsIT
[ERROR] com.agilityhub.core.clubs.census.api.SignupCensusCorrectionsIT.T_04_22_aSessionPastItsExpiryThatNeverHeardFromTheProviderGivesItsRowsToTheNextCheckout -- Time elapsed: 0.729 s <<< FAILURE!
org.opentest4j.AssertionFailedError: 
[HTTP code=INVALID_STATE details={}] 
expected: 201
 but was: 409
	at com.agilityhub.core.clubs.census.api.SignupCensusCorrectionsIT.result(SignupCensusCorrectionsIT.java:90)
	at com.agilityhub.core.clubs.census.api.SignupCensusCorrectionsIT.T_04_22_aSessionPastItsExpiryThatNeverHeardFromTheProviderGivesItsRowsToTheNextCheckout(SignupCensusCorrectionsIT.java:312)
	at java.base/java.lang.reflect.Method.invoke(Method.java:580)
	at java.base/java.util.ArrayList.forEach(ArrayList.java:1596)
	at java.base/java.util.ArrayList.forEach(ArrayList.java:1596)

[INFO] 
[INFO] Results:
[INFO] 
[ERROR] Failures: 
[ERROR]   SignupCensusCorrectionsIT.T_04_22_aSessionPastItsExpiryThatNeverHeardFromTheProviderGivesItsRowsToTheNextCheckout:312->result:90 [HTTP code=INVALID_STATE details={}] 
expected: 201
 but was: 409
[INFO] 
[ERROR] Tests run: 1, Failures: 1, Errors: 0, Skipped: 0
[INFO] 
[INFO] 
[INFO] --- failsafe:3.5.6:verify (default) @ agilityhub-core-api ---
[ERROR] There are test failures.

See /Users/jordib/dev/agilityhub/agilityhub-core-api/target/failsafe-reports for the individual test results.
See dump files (if any exist) [date].dump, [date]-jvmRun[N].dump and [date].dumpstream.
[INFO] 
[INFO] --- jacoco:0.8.14:report (coverage) @ agilityhub-core-api ---
[INFO] Skipping JaCoCo execution because property jacoco.skip is set.
[INFO] 
[INFO] --- jacoco:0.8.14:check (coverage) @ agilityhub-core-api ---
[INFO] Skipping JaCoCo execution because property jacoco.skip is set.
[INFO] ------------------------------------------------------------------------
[INFO] BUILD SUCCESS
[INFO] ------------------------------------------------------------------------
[INFO] Total time:  20.346 s
[INFO] Finished at: 2026-09-30T19:51:08+02:00
[INFO] ------------------------------------------------------------------------
