heavy.sh: 20:31 waiting for the host lock, held by: 20:30 agilityhub-core-web: pnpm e2e:docker E7-W02
heavy.sh: 20:33 got the host lock after 1 min 30 s
Starting disposable development build Compose stack
Building the current working tree image
PASS working tree image built
PASS club:apply seeds/club-canic.yaml run 1
PASS club:apply seeds/club-canic.yaml run 2: 0 changes
PASS seed:demo --club=canic --seed=42 run 1
PASS seed:demo --club=canic --seed=42 run 2: 0 changes
curl GET /api/v1/health -> 200
PASS private local mailbox and attachment volumes ready; fixture club activated
curl GET /api/v1/signup -> 200
PASS GET /signup: texts resolved, one quote per offered plan
curl POST /oauth2/token -> 200
PASS D1 dashboard + counters: pending=3, olderThanWarn=1, activeMembers=184
PASS D1 dogs by level: 8 progression columns, others=0
PASS D1 class occupancy follows R-14-03 for the seeded week: 2 classes, booked=6, capacity=10, percent=60
curl GET /api/v1/members/772e69dd-e160-3e19-af65-a136558d4624/signup -> 200
curl GET /api/v1/members/6e2464f8-4c8d-3a71-8c25-0afade65ccfe/signup -> 200
curl GET /api/v1/members/621e3bf6-7e8d-340c-9995-e30c55efdcc8/signup -> 200
PASS D1 demo: 184 ACTIVE members, 242 ACTIVE dogs, three reviewable pending public signups
curl POST /api/v1/signup/family-group-lookups -> 200
curl POST /api/v1/signup/identity-checks -> 200
curl POST /api/v1/signup/upload-urls -> 200
curl PUT /api/v1/signup/uploads -> 204
curl POST /api/v1/signup -> 201
curl POST /api/v1/signup -> 201
PASS D1 dashboard + counters: pending=4, olderThanWarn=1, activeMembers=184
curl GET /api/v1/members/c4cb92ce-0f42-46e6-85fe-812fda05c485/signup -> 200
curl GET /api/v1/club -> 200
PASS cash payment instructions: the seed's, in ca, under MANUAL
PASS payment methods: GET /club, GET /signup and D2 offer SEPA_DD and MANUAL
PASS mailbox N-01 correlated by notificationId; locale=ca
curl POST /api/v1/members/c4cb92ce-0f42-46e6-85fe-812fda05c485/validation -> 200
curl POST /api/v1/members/c4cb92ce-0f42-46e6-85fe-812fda05c485/validation -> 200
PASS D1 dashboard + counters: pending=3, olderThanWarn=1, activeMembers=185
PASS mailbox N-02 correlated by notificationId; locale=ca; token=[truncated]
curl POST /oauth2/token -> 200
curl GET /api/v1/me -> 200
PASS public family signup -> dry run -> validation/number increment -> N-02 -> welcome session
curl POST /api/v1/me/dogs/signup -> 201
PASS N-01 in the member APP inbox, scoped to account and entity
PASS D1 dashboard + counters: pending=4, olderThanWarn=1, activeMembers=185
curl GET /api/v1/members/c4cb92ce-0f42-46e6-85fe-812fda05c485/signup -> 200
PASS add-dog D2: only the member's current payment method, not assignable
curl POST /api/v1/members/c4cb92ce-0f42-46e6-85fe-812fda05c485/validation -> 200
PASS N-37 in the member APP inbox, scoped to account and entity
PASS D1 dashboard + counters: pending=3, olderThanWarn=1, activeMembers=185
curl POST /api/v1/signup -> 201
PASS D1 dashboard + counters: pending=4, olderThanWarn=1, activeMembers=185
curl GET /api/v1/members/3e3f5dbb-b55b-438a-af1f-5d5cb685a783/signup -> 200
curl POST /api/v1/members/3e3f5dbb-b55b-438a-af1f-5d5cb685a783/rejection -> 200
PASS mailbox N-03 correlated by notificationId; locale=ca
PASS D1 dashboard + counters: pending=3, olderThanWarn=1, activeMembers=185
PASS signup without family -> rejection -> N-03; D1 counters restored
curl POST /api/v1/signup -> 201
PASS D1 dashboard + counters: pending=4, olderThanWarn=1, activeMembers=185
curl GET /api/v1/members/9e973b3f-27f7-358a-ada3-af2db96d4ff9/signup -> 200
PASS readmission of the demo's LEFT member reuses its INACTIVE seed dog and its received card
curl POST /api/v1/attachments/upload-url -> 201
curl PUT /api/v1/attachments/uploads/89a6259c-db76-42bc-a10c-738c3d1e7eeb -> 204
curl PATCH /api/v1/dogs/eb4969c1-97b7-3647-a793-2cb2fb1bb67f -> 200
curl GET /api/v1/members/9e973b3f-27f7-358a-ada3-af2db96d4ff9/signup -> 200
curl GET /api/v1/attachments/files/89a6259c-db76-42bc-a10c-738c3d1e7eeb -> 200
curl GET /api/v1/attachments/files/89a6259c-db76-42bc-a10c-738c3d1e7eeb -> 200
PASS D2 adds a file with the ADMIN's DOG_DOCUMENT upload; the signed upload and download URLs need no bearer; the download is application/pdf, attachment, with the stored name
curl POST /api/v1/members/9e973b3f-27f7-358a-ada3-af2db96d4ff9/rejection -> 200
PASS D1 dashboard + counters: pending=3, olderThanWarn=1, activeMembers=185
PASS rejected readmission restores the LEFT member and its INACTIVE dog; D1 counters restored
curl POST /api/v1/signup/upload-urls -> 200
curl GET /api/v1/parameters/signup.enabled -> 200
curl PUT /api/v1/parameters/signup.enabled -> 200
curl POST /api/v1/signup -> 422 SIGNUP_CLOSED
PASS signup.enabled=false closes the form; canonical catalog status is 422 SIGNUP_CLOSED
curl POST /api/v1/signup/upload-urls -> 200
curl OPTIONS /api/v1/signup/uploads -> 200
curl PUT /api/v1/signup/uploads -> 204
curl PUT /api/v1/signup/uploads -> 422
PASS signup closed: the member's signed upload passes the CORS preflight and the PUT with its headers only, without a bearer or the club's host; an anonymous one answers 422 SIGNUP_CLOSED
curl POST /api/v1/me/dogs/signup -> 201
curl GET /api/v1/members/c4cb92ce-0f42-46e6-85fe-812fda05c485/signup -> 200
curl GET /api/v1/signup/files -> 200
PASS the member's add-dog claims the file; its download from the web's origin is image/png, inline, with the stored name
PASS T-04-34 / T-14-11: E3 backend gate completed; credentials and capabilities withheld
Removed disposable Compose services, volumes and private mailbox; existing stacks preserved
