20:40:19.007 [main] INFO org.springframework.test.context.support.AnnotationConfigContextLoaderUtils -- Could not detect default configuration classes for test class [com.agilityhub.core.configuration.OpenApiSnapshotTest]: OpenApiSnapshotTest does not declare any static, non-private, non-final, nested classes annotated with @Configuration.
20:40:19.202 [main] INFO org.springframework.boot.test.context.SpringBootTestContextBootstrapper -- Found @SpringBootConfiguration com.agilityhub.core.CoreApplication for test class com.agilityhub.core.configuration.OpenApiSnapshotTest
20:40:19.329 [main] INFO org.testcontainers.images.PullPolicy -- Image pull policy will be performed by: DefaultPullPolicy()
20:40:19.331 [main] INFO org.testcontainers.utility.ImageNameSubstitutor -- Image name substitution will be performed by: DefaultImageNameSubstitutor (composite of 'ConfigurationFileImageNameSubstitutor' and 'PrefixingImageNameSubstitutor')
20:40:19.337 [main] INFO org.testcontainers.DockerClientFactory -- Testcontainers version: 1.21.4
20:40:19.582 [main] INFO org.testcontainers.dockerclient.DockerClientProviderStrategy -- Loaded org.testcontainers.dockerclient.UnixSocketClientProviderStrategy from ~/.testcontainers.properties, will try it first
20:40:19.801 [main] INFO org.testcontainers.dockerclient.DockerClientProviderStrategy -- Found Docker environment with local Unix socket (unix:///var/run/docker.sock)
20:40:19.802 [main] INFO org.testcontainers.DockerClientFactory -- Docker host IP address is localhost
20:40:19.816 [main] INFO org.testcontainers.DockerClientFactory -- Connected to docker: 
  Server Version: 29.7.2
  API Version: 1.55
  Operating System: Docker Desktop
  Total Memory: 7931 MB
  Labels: 
    com.docker.desktop.address=unix:///Users/jordib/Library/Containers/com.docker.docker/Data/docker-cli.sock
20:40:20.083 [main] INFO tc.testcontainers/ryuk:0.12.0 -- Creating container for image: testcontainers/ryuk:0.12.0
20:40:20.173 [main] INFO org.testcontainers.utility.RegistryAuthLocator -- Credential helper/store (docker-credential-desktop) does not have credentials for https://index.docker.io/v1/
20:40:20.270 [main] INFO tc.testcontainers/ryuk:0.12.0 -- Container testcontainers/ryuk:0.12.0 is starting: 057aefdaf63a8a21a4429c5b6df1f6f59b5551f9479315d47d5af847e0d41a29
20:40:20.479 [main] INFO tc.testcontainers/ryuk:0.12.0 -- Container testcontainers/ryuk:0.12.0 started in PT0.395516S
20:40:20.485 [main] INFO org.testcontainers.utility.RyukResourceReaper -- Ryuk started - will monitor and terminate Testcontainers containers on JVM exit
20:40:20.485 [main] INFO org.testcontainers.DockerClientFactory -- Checking the system...
20:40:20.485 [main] INFO org.testcontainers.DockerClientFactory -- ✔︎ Docker server version should be at least 1.6.0
20:40:20.486 [main] INFO tc.mongo:7 -- Creating container for image: mongo:7
20:40:20.547 [main] INFO tc.mongo:7 -- Container mongo:7 is starting: d1517d6e132ad714a0fee954b6b41f6f910c0b292a4c3b502b1f220916bc7d26
20:40:20.957 [main] INFO tc.mongo:7 -- Container mongo:7 started in PT0.471305S
Integration JVM availableProcessors=18

  .   ____          _            __ _ _
 /\\ / ___'_ __ _ _(_)_ __  __ _ \ \ \ \
( ( )\___ | '_ | '_| | '_ \/ _` | \ \ \ \
 \\/  ___)| |_)| | | | | || (_| |  ) ) ) )
  '  |____| .__|_| |_|_| |_\__, | / / / /
 =========|_|==============|___/=/_/_/_/

 :: Spring Boot ::               (v3.5.16)

2026-09-30T20:40:21.764+02:00  INFO 42820 --- [agilityhub-core-api] [           main] c.a.c.configuration.OpenApiSnapshotTest  : Starting OpenApiSnapshotTest using Java 21.0.12.1 with PID 42820 (started by jordib in /Users/jordib/dev/agilityhub/agilityhub-core-api)
2026-09-30T20:40:21.765+02:00  INFO 42820 --- [agilityhub-core-api] [           main] c.a.c.configuration.OpenApiSnapshotTest  : The following 1 profile is active: "test"
2026-09-30T20:40:23.300+02:00  INFO 42820 --- [agilityhub-core-api] [           main] .s.d.r.c.RepositoryConfigurationDelegate : Bootstrapping Spring Data MongoDB repositories in DEFAULT mode.
2026-09-30T20:40:23.364+02:00  INFO 42820 --- [agilityhub-core-api] [           main] .s.d.r.c.RepositoryConfigurationDelegate : Finished Spring Data repository scanning in 60 ms. Found 0 MongoDB repository interfaces.
2026-09-30T20:40:23.937+02:00  INFO 42820 --- [agilityhub-core-api] [           main] o.s.b.w.embedded.tomcat.TomcatWebServer  : Tomcat initialized with port 0 (http)
2026-09-30T20:40:23.948+02:00  INFO 42820 --- [agilityhub-core-api] [           main] o.apache.catalina.core.StandardService   : Starting service [Tomcat]
2026-09-30T20:40:23.949+02:00  INFO 42820 --- [agilityhub-core-api] [           main] o.apache.catalina.core.StandardEngine    : Starting Servlet engine: [Apache Tomcat/10.1.55]
2026-09-30T20:40:23.984+02:00  INFO 42820 --- [agilityhub-core-api] [           main] o.a.c.c.C.[Tomcat].[localhost].[/]       : Initializing Spring embedded WebApplicationContext
2026-09-30T20:40:23.985+02:00  INFO 42820 --- [agilityhub-core-api] [           main] w.s.c.ServletWebServerApplicationContext : Root WebApplicationContext: initialization completed in 2210 ms
2026-09-30T20:40:24.150+02:00  INFO 42820 --- [agilityhub-core-api] [           main] org.mongodb.driver.client                : MongoClient with metadata {"driver": {"name": "mongo-java-driver|sync|spring-boot", "version": "5.5.2"}, "os": {"type": "Darwin", "name": "Mac OS X", "architecture": "aarch64", "version": "26.4.1"}, "platform": "Java/Homebrew/21.0.12.1"} created with settings MongoClientSettings{readPreference=primary, writeConcern=WriteConcern{w=null, wTimeout=null ms, journal=null}, retryWrites=true, retryReads=true, readConcern=ReadConcern{level=null}, credential=null, transportSettings=null, commandListeners=[io.micrometer.core.instrument.binder.mongodb.MongoMetricsCommandListener@59bbc16], codecRegistry=ProvidersCodecRegistry{codecProviders=[ValueCodecProvider{}, BsonValueCodecProvider{}, DBRefCodecProvider{}, DBObjectCodecProvider{}, DocumentCodecProvider{}, CollectionCodecProvider{}, IterableCodecProvider{}, MapCodecProvider{}, GeoJsonCodecProvider{}, GridFSFileCodecProvider{}, Jsr310CodecProvider{}, JsonObjectCodecProvider{}, BsonCodecProvider{}, EnumCodecProvider{}, com.mongodb.client.model.mql.ExpressionCodecProvider@2cb7d48d, com.mongodb.Jep395RecordCodecProvider@1df313b3, com.mongodb.KotlinCodecProvider@6eba77a7]}, loggerSettings=LoggerSettings{maxDocumentLength=1000}, clusterSettings={hosts=[localhost:50533], srvServiceName=mongodb, mode=SINGLE, requiredClusterType=UNKNOWN, requiredReplicaSetName='null', serverSelector='null', clusterListeners='[]', serverSelectionTimeout='30000 ms', localThreshold='15 ms'}, socketSettings=SocketSettings{connectTimeoutMS=10000, readTimeoutMS=0, receiveBufferSize=0, proxySettings=ProxySettings{host=null, port=null, username=null, password=null}}, heartbeatSocketSettings=SocketSettings{connectTimeoutMS=10000, readTimeoutMS=10000, receiveBufferSize=0, proxySettings=ProxySettings{host=null, port=null, username=null, password=null}}, connectionPoolSettings=ConnectionPoolSettings{maxSize=100, minSize=0, maxWaitTimeMS=120000, maxConnectionLifeTimeMS=0, maxConnectionIdleTimeMS=0, maintenanceInitialDelayMS=0, maintenanceFrequencyMS=60000, connectionPoolListeners=[io.micrometer.core.instrument.binder.mongodb.MongoMetricsConnectionPoolListener@36190d6a], maxConnecting=2}, serverSettings=ServerSettings{heartbeatFrequencyMS=10000, minHeartbeatFrequencyMS=500, serverMonitoringMode=AUTO, serverListeners='[]', serverMonitorListeners='[]'}, sslSettings=SslSettings{enabled=false, invalidHostNameAllowed=false, context=null}, applicationName='null', compressorList=[], uuidRepresentation=JAVA_LEGACY, serverApi=null, autoEncryptionSettings=null, dnsClient=null, inetAddressResolver=null, contextProvider=null, timeoutMS=null}
2026-09-30T20:40:24.158+02:00  INFO 42820 --- [agilityhub-core-api] [localhost:50533] org.mongodb.driver.cluster               : Monitor thread successfully connected to server with description ServerDescription{address=localhost:50533, type=REPLICA_SET_PRIMARY, cryptd=false, state=CONNECTED, ok=true, minWireVersion=0, maxWireVersion=21, maxDocumentSize=16777216, logicalSessionTimeoutMinutes=30, roundTripTimeNanos=18794041, minRoundTripTimeNanos=0, setName='docker-rs', canonicalAddress=d1517d6e132a:27017, hosts=[d1517d6e132a:27017], passives=[], arbiters=[], primary='d1517d6e132a:27017', tagSet=TagSet{[]}, electionId=7fffffff0000000000000001, setVersion=1, topologyVersion=TopologyVersion{processId=6abd5794f4d338cdd4048159, counter=6}, lastWriteDate=Wed Sep 30 20:40:21 CEST 2026, lastUpdateTimeNanos=400241376732083}
2026-09-30T20:40:24.887+02:00  INFO 42820 --- [agilityhub-core-api] [           main] o.s.boot.web.servlet.RegistrationBean    : Filter rateLimitFilter was not registered (disabled)
2026-09-30T20:40:28.142+02:00  INFO 42820 --- [agilityhub-core-api] [           main] o.a.c.c.C.[Tomcat].[localhost].[/]       : Initializing Spring TestDispatcherServlet ''
2026-09-30T20:40:28.143+02:00  INFO 42820 --- [agilityhub-core-api] [           main] o.s.t.web.servlet.TestDispatcherServlet  : Initializing Servlet ''
2026-09-30T20:40:28.143+02:00  INFO 42820 --- [agilityhub-core-api] [           main] o.s.t.web.servlet.TestDispatcherServlet  : Completed initialization in 0 ms
2026-09-30T20:40:28.234+02:00  INFO 42820 --- [agilityhub-core-api] [           main] o.s.b.w.embedded.tomcat.TomcatWebServer  : Tomcat started on port 50542 (http) with context path '/'
2026-09-30T20:40:28.286+02:00  INFO 42820 --- [agilityhub-core-api] [           main] o.s.b.w.embedded.tomcat.TomcatWebServer  : Tomcat initialized with port 0 (http)
2026-09-30T20:40:28.286+02:00  INFO 42820 --- [agilityhub-core-api] [           main] o.apache.catalina.core.StandardService   : Starting service [Tomcat]
2026-09-30T20:40:28.287+02:00  INFO 42820 --- [agilityhub-core-api] [           main] o.apache.catalina.core.StandardEngine    : Starting Servlet engine: [Apache Tomcat/10.1.55]
2026-09-30T20:40:28.299+02:00  INFO 42820 --- [agilityhub-core-api] [           main] o.a.c.c.C.[Tomcat-1].[localhost].[/]     : Initializing Spring embedded WebApplicationContext
2026-09-30T20:40:28.299+02:00  INFO 42820 --- [agilityhub-core-api] [           main] w.s.c.ServletWebServerApplicationContext : Root WebApplicationContext: initialization completed in 63 ms
2026-09-30T20:40:28.309+02:00  INFO 42820 --- [agilityhub-core-api] [           main] o.s.b.a.e.web.EndpointLinksResolver      : Exposing 2 endpoints beneath base path '/actuator'
2026-09-30T20:40:28.336+02:00  INFO 42820 --- [agilityhub-core-api] [           main] o.s.b.w.embedded.tomcat.TomcatWebServer  : Tomcat started on port 50543 (http) with context path '/'
2026-09-30T20:40:28.348+02:00  INFO 42820 --- [agilityhub-core-api] [           main] c.a.c.configuration.OpenApiSnapshotTest  : Started OpenApiSnapshotTest in 6.833 seconds (process running for 10.154)
Mockito is currently self-attaching to enable the inline-mock-maker. This will no longer work in future releases of the JDK. Please add Mockito as an agent to your build as described in Mockito's documentation: https://javadoc.io/doc/org.mockito/mockito-core/latest/org.mockito/org/mockito/Mockito.html#0.3
OpenJDK 64-Bit Server VM warning: Sharing is only supported for boot loader classes because bootstrap classpath has been appended
WARNING: A Java agent has been loaded dynamically (/Users/jordib/.m2/repository/net/bytebuddy/byte-buddy-agent/1.17.8/byte-buddy-agent-1.17.8.jar)
WARNING: If a serviceability tool is in use, please run with -XX:+EnableDynamicAgentLoading to hide this warning
WARNING: If a serviceability tool is not in use, please run with -Djdk.instrument.traceUsage for more information
WARNING: Dynamic loading of agents will be disallowed by default in a future release
2026-09-30T20:40:31.636+02:00  INFO 42820 --- [agilityhub-core-api] [           main] o.springdoc.api.AbstractOpenApiResource  : Init duration for springdoc-openapi is: 2400 ms
2026-09-30T20:40:32.294+02:00  INFO 42820 --- [agilityhub-core-api] [omcat-handler-0] o.a.c.c.C.[Tomcat].[localhost].[/]       : Initializing Spring DispatcherServlet 'dispatcherServlet'
2026-09-30T20:40:32.294+02:00  INFO 42820 --- [agilityhub-core-api] [omcat-handler-0] o.s.web.servlet.DispatcherServlet        : Initializing Servlet 'dispatcherServlet'
2026-09-30T20:40:32.294+02:00  INFO 42820 --- [agilityhub-core-api] [omcat-handler-0] o.s.web.servlet.DispatcherServlet        : Completed initialization in 0 ms
2026-09-30T20:40:33.638+02:00  INFO 42820 --- [agilityhub-core-api] [           main] o.springdoc.api.AbstractOpenApiResource  : Init duration for springdoc-openapi is: 1274 ms
Updated docs/openapi/openapi.json
exit 0
20:40:36.838 [main] INFO org.springframework.test.context.support.AnnotationConfigContextLoaderUtils -- Could not detect default configuration classes for test class [com.agilityhub.core.configuration.OpenApiSnapshotTest]: OpenApiSnapshotTest does not declare any static, non-private, non-final, nested classes annotated with @Configuration.
20:40:37.003 [main] INFO org.springframework.boot.test.context.SpringBootTestContextBootstrapper -- Found @SpringBootConfiguration com.agilityhub.core.CoreApplication for test class com.agilityhub.core.configuration.OpenApiSnapshotTest
20:40:37.122 [main] INFO org.testcontainers.images.PullPolicy -- Image pull policy will be performed by: DefaultPullPolicy()
20:40:37.123 [main] INFO org.testcontainers.utility.ImageNameSubstitutor -- Image name substitution will be performed by: DefaultImageNameSubstitutor (composite of 'ConfigurationFileImageNameSubstitutor' and 'PrefixingImageNameSubstitutor')
20:40:37.128 [main] INFO org.testcontainers.DockerClientFactory -- Testcontainers version: 1.21.4
20:40:37.357 [main] INFO org.testcontainers.dockerclient.DockerClientProviderStrategy -- Loaded org.testcontainers.dockerclient.UnixSocketClientProviderStrategy from ~/.testcontainers.properties, will try it first
20:40:37.554 [main] INFO org.testcontainers.dockerclient.DockerClientProviderStrategy -- Found Docker environment with local Unix socket (unix:///var/run/docker.sock)
20:40:37.555 [main] INFO org.testcontainers.DockerClientFactory -- Docker host IP address is localhost
20:40:37.568 [main] INFO org.testcontainers.DockerClientFactory -- Connected to docker: 
  Server Version: 29.7.2
  API Version: 1.55
  Operating System: Docker Desktop
  Total Memory: 7931 MB
  Labels: 
    com.docker.desktop.address=unix:///Users/jordib/Library/Containers/com.docker.docker/Data/docker-cli.sock
20:40:37.832 [main] INFO tc.testcontainers/ryuk:0.12.0 -- Creating container for image: testcontainers/ryuk:0.12.0
20:40:37.886 [main] INFO org.testcontainers.utility.RegistryAuthLocator -- Credential helper/store (docker-credential-desktop) does not have credentials for https://index.docker.io/v1/
20:40:37.986 [main] INFO tc.testcontainers/ryuk:0.12.0 -- Container testcontainers/ryuk:0.12.0 is starting: c77689dd0055fa3d6c3034255005c0c0a0c0e857b453893afe3a6cd831e2ae52
20:40:38.165 [main] INFO tc.testcontainers/ryuk:0.12.0 -- Container testcontainers/ryuk:0.12.0 started in PT0.333022S
20:40:38.170 [main] INFO org.testcontainers.utility.RyukResourceReaper -- Ryuk started - will monitor and terminate Testcontainers containers on JVM exit
20:40:38.171 [main] INFO org.testcontainers.DockerClientFactory -- Checking the system...
20:40:38.171 [main] INFO org.testcontainers.DockerClientFactory -- ✔︎ Docker server version should be at least 1.6.0
20:40:38.171 [main] INFO tc.mongo:7 -- Creating container for image: mongo:7
20:40:38.212 [main] INFO tc.mongo:7 -- Container mongo:7 is starting: 370e0daec4494ee3e831772c8a9e21765d715afc1804df02dba8a446b1b43678
20:40:38.635 [main] INFO tc.mongo:7 -- Container mongo:7 started in PT0.464158S
Integration JVM availableProcessors=18

  .   ____          _            __ _ _
 /\\ / ___'_ __ _ _(_)_ __  __ _ \ \ \ \
( ( )\___ | '_ | '_| | '_ \/ _` | \ \ \ \
 \\/  ___)| |_)| | | | | || (_| |  ) ) ) )
  '  |____| .__|_| |_|_| |_\__, | / / / /
 =========|_|==============|___/=/_/_/_/

 :: Spring Boot ::               (v3.5.16)

2026-09-30T20:40:39.401+02:00  INFO 43022 --- [agilityhub-core-api] [           main] c.a.c.configuration.OpenApiSnapshotTest  : Starting OpenApiSnapshotTest using Java 21.0.12.1 with PID 43022 (started by jordib in /Users/jordib/dev/agilityhub/agilityhub-core-api)
2026-09-30T20:40:39.402+02:00  INFO 43022 --- [agilityhub-core-api] [           main] c.a.c.configuration.OpenApiSnapshotTest  : The following 1 profile is active: "test"
2026-09-30T20:40:40.543+02:00  INFO 43022 --- [agilityhub-core-api] [           main] .s.d.r.c.RepositoryConfigurationDelegate : Bootstrapping Spring Data MongoDB repositories in DEFAULT mode.
2026-09-30T20:40:40.599+02:00  INFO 43022 --- [agilityhub-core-api] [           main] .s.d.r.c.RepositoryConfigurationDelegate : Finished Spring Data repository scanning in 51 ms. Found 0 MongoDB repository interfaces.
2026-09-30T20:40:41.131+02:00  INFO 43022 --- [agilityhub-core-api] [           main] o.s.b.w.embedded.tomcat.TomcatWebServer  : Tomcat initialized with port 0 (http)
2026-09-30T20:40:41.141+02:00  INFO 43022 --- [agilityhub-core-api] [           main] o.apache.catalina.core.StandardService   : Starting service [Tomcat]
2026-09-30T20:40:41.142+02:00  INFO 43022 --- [agilityhub-core-api] [           main] o.apache.catalina.core.StandardEngine    : Starting Servlet engine: [Apache Tomcat/10.1.55]
2026-09-30T20:40:41.177+02:00  INFO 43022 --- [agilityhub-core-api] [           main] o.a.c.c.C.[Tomcat].[localhost].[/]       : Initializing Spring embedded WebApplicationContext
2026-09-30T20:40:41.178+02:00  INFO 43022 --- [agilityhub-core-api] [           main] w.s.c.ServletWebServerApplicationContext : Root WebApplicationContext: initialization completed in 1768 ms
2026-09-30T20:40:41.317+02:00  INFO 43022 --- [agilityhub-core-api] [           main] org.mongodb.driver.client                : MongoClient with metadata {"driver": {"name": "mongo-java-driver|sync|spring-boot", "version": "5.5.2"}, "os": {"type": "Darwin", "name": "Mac OS X", "architecture": "aarch64", "version": "26.4.1"}, "platform": "Java/Homebrew/21.0.12.1"} created with settings MongoClientSettings{readPreference=primary, writeConcern=WriteConcern{w=null, wTimeout=null ms, journal=null}, retryWrites=true, retryReads=true, readConcern=ReadConcern{level=null}, credential=null, transportSettings=null, commandListeners=[io.micrometer.core.instrument.binder.mongodb.MongoMetricsCommandListener@27b1bf80], codecRegistry=ProvidersCodecRegistry{codecProviders=[ValueCodecProvider{}, BsonValueCodecProvider{}, DBRefCodecProvider{}, DBObjectCodecProvider{}, DocumentCodecProvider{}, CollectionCodecProvider{}, IterableCodecProvider{}, MapCodecProvider{}, GeoJsonCodecProvider{}, GridFSFileCodecProvider{}, Jsr310CodecProvider{}, JsonObjectCodecProvider{}, BsonCodecProvider{}, EnumCodecProvider{}, com.mongodb.client.model.mql.ExpressionCodecProvider@1d10739a, com.mongodb.Jep395RecordCodecProvider@3a7104da, com.mongodb.KotlinCodecProvider@51ece47a]}, loggerSettings=LoggerSettings{maxDocumentLength=1000}, clusterSettings={hosts=[localhost:50549], srvServiceName=mongodb, mode=SINGLE, requiredClusterType=UNKNOWN, requiredReplicaSetName='null', serverSelector='null', clusterListeners='[]', serverSelectionTimeout='30000 ms', localThreshold='15 ms'}, socketSettings=SocketSettings{connectTimeoutMS=10000, readTimeoutMS=0, receiveBufferSize=0, proxySettings=ProxySettings{host=null, port=null, username=null, password=null}}, heartbeatSocketSettings=SocketSettings{connectTimeoutMS=10000, readTimeoutMS=10000, receiveBufferSize=0, proxySettings=ProxySettings{host=null, port=null, username=null, password=null}}, connectionPoolSettings=ConnectionPoolSettings{maxSize=100, minSize=0, maxWaitTimeMS=120000, maxConnectionLifeTimeMS=0, maxConnectionIdleTimeMS=0, maintenanceInitialDelayMS=0, maintenanceFrequencyMS=60000, connectionPoolListeners=[io.micrometer.core.instrument.binder.mongodb.MongoMetricsConnectionPoolListener@7b8b0c78], maxConnecting=2}, serverSettings=ServerSettings{heartbeatFrequencyMS=10000, minHeartbeatFrequencyMS=500, serverMonitoringMode=AUTO, serverListeners='[]', serverMonitorListeners='[]'}, sslSettings=SslSettings{enabled=false, invalidHostNameAllowed=false, context=null}, applicationName='null', compressorList=[], uuidRepresentation=JAVA_LEGACY, serverApi=null, autoEncryptionSettings=null, dnsClient=null, inetAddressResolver=null, contextProvider=null, timeoutMS=null}
2026-09-30T20:40:41.327+02:00  INFO 43022 --- [agilityhub-core-api] [localhost:50549] org.mongodb.driver.cluster               : Monitor thread successfully connected to server with description ServerDescription{address=localhost:50549, type=REPLICA_SET_PRIMARY, cryptd=false, state=CONNECTED, ok=true, minWireVersion=0, maxWireVersion=21, maxDocumentSize=16777216, logicalSessionTimeoutMinutes=30, roundTripTimeNanos=15512208, minRoundTripTimeNanos=0, setName='docker-rs', canonicalAddress=370e0daec449:27017, hosts=[370e0daec449:27017], passives=[], arbiters=[], primary='370e0daec449:27017', tagSet=TagSet{[]}, electionId=7fffffff0000000000000001, setVersion=1, topologyVersion=TopologyVersion{processId=6abd57a632f100c60a430c5d, counter=6}, lastWriteDate=Wed Sep 30 20:40:38 CEST 2026, lastUpdateTimeNanos=400258545631916}
2026-09-30T20:40:41.952+02:00  INFO 43022 --- [agilityhub-core-api] [           main] o.s.boot.web.servlet.RegistrationBean    : Filter rateLimitFilter was not registered (disabled)
2026-09-30T20:40:45.135+02:00  INFO 43022 --- [agilityhub-core-api] [           main] o.a.c.c.C.[Tomcat].[localhost].[/]       : Initializing Spring TestDispatcherServlet ''
2026-09-30T20:40:45.136+02:00  INFO 43022 --- [agilityhub-core-api] [           main] o.s.t.web.servlet.TestDispatcherServlet  : Initializing Servlet ''
2026-09-30T20:40:45.136+02:00  INFO 43022 --- [agilityhub-core-api] [           main] o.s.t.web.servlet.TestDispatcherServlet  : Completed initialization in 0 ms
2026-09-30T20:40:45.225+02:00  INFO 43022 --- [agilityhub-core-api] [           main] o.s.b.w.embedded.tomcat.TomcatWebServer  : Tomcat started on port 50559 (http) with context path '/'
2026-09-30T20:40:45.270+02:00  INFO 43022 --- [agilityhub-core-api] [           main] o.s.b.w.embedded.tomcat.TomcatWebServer  : Tomcat initialized with port 0 (http)
2026-09-30T20:40:45.271+02:00  INFO 43022 --- [agilityhub-core-api] [           main] o.apache.catalina.core.StandardService   : Starting service [Tomcat]
2026-09-30T20:40:45.271+02:00  INFO 43022 --- [agilityhub-core-api] [           main] o.apache.catalina.core.StandardEngine    : Starting Servlet engine: [Apache Tomcat/10.1.55]
2026-09-30T20:40:45.283+02:00  INFO 43022 --- [agilityhub-core-api] [           main] o.a.c.c.C.[Tomcat-1].[localhost].[/]     : Initializing Spring embedded WebApplicationContext
2026-09-30T20:40:45.283+02:00  INFO 43022 --- [agilityhub-core-api] [           main] w.s.c.ServletWebServerApplicationContext : Root WebApplicationContext: initialization completed in 55 ms
2026-09-30T20:40:45.290+02:00  INFO 43022 --- [agilityhub-core-api] [           main] o.s.b.a.e.web.EndpointLinksResolver      : Exposing 2 endpoints beneath base path '/actuator'
2026-09-30T20:40:45.315+02:00  INFO 43022 --- [agilityhub-core-api] [           main] o.s.b.w.embedded.tomcat.TomcatWebServer  : Tomcat started on port 50560 (http) with context path '/'
2026-09-30T20:40:45.324+02:00  INFO 43022 --- [agilityhub-core-api] [           main] c.a.c.configuration.OpenApiSnapshotTest  : Started OpenApiSnapshotTest in 6.163 seconds (process running for 9.097)
Mockito is currently self-attaching to enable the inline-mock-maker. This will no longer work in future releases of the JDK. Please add Mockito as an agent to your build as described in Mockito's documentation: https://javadoc.io/doc/org.mockito/mockito-core/latest/org.mockito/org/mockito/Mockito.html#0.3
OpenJDK 64-Bit Server VM warning: Sharing is only supported for boot loader classes because bootstrap classpath has been appended
WARNING: A Java agent has been loaded dynamically (/Users/jordib/.m2/repository/net/bytebuddy/byte-buddy-agent/1.17.8/byte-buddy-agent-1.17.8.jar)
WARNING: If a serviceability tool is in use, please run with -XX:+EnableDynamicAgentLoading to hide this warning
WARNING: If a serviceability tool is not in use, please run with -Djdk.instrument.traceUsage for more information
WARNING: Dynamic loading of agents will be disallowed by default in a future release
2026-09-30T20:40:48.658+02:00  INFO 43022 --- [agilityhub-core-api] [           main] o.springdoc.api.AbstractOpenApiResource  : Init duration for springdoc-openapi is: 2486 ms
2026-09-30T20:40:49.291+02:00  INFO 43022 --- [agilityhub-core-api] [omcat-handler-0] o.a.c.c.C.[Tomcat].[localhost].[/]       : Initializing Spring DispatcherServlet 'dispatcherServlet'
2026-09-30T20:40:49.291+02:00  INFO 43022 --- [agilityhub-core-api] [omcat-handler-0] o.s.web.servlet.DispatcherServlet        : Initializing Servlet 'dispatcherServlet'
2026-09-30T20:40:49.293+02:00  INFO 43022 --- [agilityhub-core-api] [omcat-handler-0] o.s.web.servlet.DispatcherServlet        : Completed initialization in 2 ms
2026-09-30T20:40:50.719+02:00  INFO 43022 --- [agilityhub-core-api] [           main] o.springdoc.api.AbstractOpenApiResource  : Init duration for springdoc-openapi is: 1346 ms
Updated docs/openapi/openapi.json
exit 0
cmp exit 0
git diff --stat docs/openapi exit 0
