[INFO] Scanning for projects...
[INFO] 
[INFO] -----------------< com.agilityhub:agilityhub-core-api >-----------------
[INFO] Building AgilityHub Core API 0.1.0-SNAPSHOT
[INFO]   from pom.xml
[INFO] --------------------------------[ jar ]---------------------------------
[INFO] 
[INFO] --- enforcer:3.6.2:enforce (require-java-21) @ agilityhub-core-api ---
[INFO] Rule 0: org.apache.maven.enforcer.rules.version.RequireJavaVersion passed
[INFO] Rule 1: org.apache.maven.enforcer.rules.version.RequireMavenVersion passed
[INFO] 
[INFO] --- jacoco:0.8.14:prepare-agent (default) @ agilityhub-core-api ---
[INFO] argLine set to -javaagent:/Users/jordib/.m2/repository/org/jacoco/org.jacoco.agent/0.8.14/org.jacoco.agent-0.8.14-runtime.jar=destfile=/Users/jordib/dev/agilityhub/agilityhub-core-api/target/jacoco.exec
[INFO] 
[INFO] --- spring-boot:3.5.16:build-info (default) @ agilityhub-core-api ---
[INFO] 
[INFO] --- resources:3.3.1:resources (default-resources) @ agilityhub-core-api ---
[INFO] Copying 9 resources from src/main/resources to target/classes
[INFO] Copying 1 resource from seeds to target/classes/seeds
[INFO] 
[INFO] --- compiler:3.14.1:compile (default-compile) @ agilityhub-core-api ---
[INFO] Nothing to compile - all classes are up to date.
[INFO] 
[INFO] --- resources:3.3.1:testResources (default-testResources) @ agilityhub-core-api ---
[INFO] Copying 37 resources from src/test/resources to target/test-classes
[INFO] 
[INFO] --- compiler:3.14.1:testCompile (default-testCompile) @ agilityhub-core-api ---
[INFO] Nothing to compile - all classes are up to date.
[INFO] 
[INFO] --- surefire:3.5.6:test (default-test) @ agilityhub-core-api ---
[INFO] Using auto detected provider org.apache.maven.surefire.junitplatform.JUnitPlatformProvider
[INFO] 
[INFO] -------------------------------------------------------
[INFO]  T E S T S
[INFO] -------------------------------------------------------
[INFO] Running com.agilityhub.core.configuration.E3ContractIT
00:45:11.659 [main] INFO org.testcontainers.images.PullPolicy -- Image pull policy will be performed by: DefaultPullPolicy()
00:45:11.662 [main] INFO org.testcontainers.utility.ImageNameSubstitutor -- Image name substitution will be performed by: DefaultImageNameSubstitutor (composite of 'ConfigurationFileImageNameSubstitutor' and 'PrefixingImageNameSubstitutor')
00:45:11.667 [main] INFO org.testcontainers.DockerClientFactory -- Testcontainers version: 1.21.4
00:45:11.798 [main] INFO org.testcontainers.dockerclient.DockerClientProviderStrategy -- Loaded org.testcontainers.dockerclient.UnixSocketClientProviderStrategy from ~/.testcontainers.properties, will try it first
00:45:11.959 [main] INFO org.testcontainers.dockerclient.DockerClientProviderStrategy -- Found Docker environment with local Unix socket (unix:///var/run/docker.sock)
00:45:11.959 [main] INFO org.testcontainers.DockerClientFactory -- Docker host IP address is localhost
00:45:11.974 [main] INFO org.testcontainers.DockerClientFactory -- Connected to docker: 
  Server Version: 29.7.2
  API Version: 1.55
  Operating System: Docker Desktop
  Total Memory: 7931 MB
  Labels: 
    com.docker.desktop.address=unix:///Users/jordib/Library/Containers/com.docker.docker/Data/docker-cli.sock
00:45:12.130 [main] INFO tc.testcontainers/ryuk:0.12.0 -- Creating container for image: testcontainers/ryuk:0.12.0
00:45:12.194 [main] INFO org.testcontainers.utility.RegistryAuthLocator -- Credential helper/store (docker-credential-desktop) does not have credentials for https://index.docker.io/v1/
00:45:12.261 [main] INFO tc.testcontainers/ryuk:0.12.0 -- Container testcontainers/ryuk:0.12.0 is starting: 9b0df3984835a2f1f269be4eca49cab51f2c8977ff380721df746badc3b265bf
00:45:12.410 [main] INFO tc.testcontainers/ryuk:0.12.0 -- Container testcontainers/ryuk:0.12.0 started in PT0.27949S
00:45:12.414 [main] INFO org.testcontainers.utility.RyukResourceReaper -- Ryuk started - will monitor and terminate Testcontainers containers on JVM exit
00:45:12.414 [main] INFO org.testcontainers.DockerClientFactory -- Checking the system...
00:45:12.414 [main] INFO org.testcontainers.DockerClientFactory -- ✔︎ Docker server version should be at least 1.6.0
00:45:12.414 [main] INFO tc.mongo:7 -- Creating container for image: mongo:7
00:45:12.442 [main] INFO tc.mongo:7 -- Container mongo:7 is starting: f8c81390217aa6b9d6e90bd828d1b4639c7249be8992c581975e333f9e51015c
00:45:12.880 [main] INFO tc.mongo:7 -- Container mongo:7 started in PT0.46564S
Integration JVM availableProcessors=18
00:45:13.420 [main] INFO org.springframework.test.context.support.AnnotationConfigContextLoaderUtils -- Could not detect default configuration classes for test class [com.agilityhub.core.configuration.E3ContractIT]: E3ContractIT does not declare any static, non-private, non-final, nested classes annotated with @Configuration.
00:45:13.513 [main] INFO org.springframework.boot.test.context.SpringBootTestContextBootstrapper -- Found @SpringBootConfiguration com.agilityhub.core.CoreApplication for test class com.agilityhub.core.configuration.E3ContractIT

  .   ____          _            __ _ _
 /\\ / ___'_ __ _ _(_)_ __  __ _ \ \ \ \
( ( )\___ | '_ | '_| | '_ \/ _` | \ \ \ \
 \\/  ___)| |_)| | | | | || (_| |  ) ) ) )
  '  |____| .__|_| |_|_| |_\__, | / / / /
 =========|_|==============|___/=/_/_/_/

 :: Spring Boot ::               (v3.5.16)

2026-09-26T00:45:13.763+02:00  INFO 21309 --- [agilityhub-core-api] [           main] c.a.core.configuration.E3ContractIT      : Starting E3ContractIT using Java 21.0.12.1 with PID 21309 (started by jordib in /Users/jordib/dev/agilityhub/agilityhub-core-api)
2026-09-26T00:45:13.764+02:00  INFO 21309 --- [agilityhub-core-api] [           main] c.a.core.configuration.E3ContractIT      : The following 1 profile is active: "test"
2026-09-26T00:45:14.582+02:00  INFO 21309 --- [agilityhub-core-api] [           main] .s.d.r.c.RepositoryConfigurationDelegate : Bootstrapping Spring Data MongoDB repositories in DEFAULT mode.
2026-09-26T00:45:14.617+02:00  INFO 21309 --- [agilityhub-core-api] [           main] .s.d.r.c.RepositoryConfigurationDelegate : Finished Spring Data repository scanning in 32 ms. Found 0 MongoDB repository interfaces.
2026-09-26T00:45:15.007+02:00  INFO 21309 --- [agilityhub-core-api] [           main] org.mongodb.driver.client                : MongoClient with metadata {"driver": {"name": "mongo-java-driver|sync|spring-boot", "version": "5.5.2"}, "os": {"type": "Darwin", "name": "Mac OS X", "architecture": "aarch64", "version": "26.4.1"}, "platform": "Java/Homebrew/21.0.12.1"} created with settings MongoClientSettings{readPreference=primary, writeConcern=WriteConcern{w=null, wTimeout=null ms, journal=null}, retryWrites=true, retryReads=true, readConcern=ReadConcern{level=null}, credential=null, transportSettings=null, commandListeners=[io.micrometer.core.instrument.binder.mongodb.MongoMetricsCommandListener@663f947a], codecRegistry=ProvidersCodecRegistry{codecProviders=[ValueCodecProvider{}, BsonValueCodecProvider{}, DBRefCodecProvider{}, DBObjectCodecProvider{}, DocumentCodecProvider{}, CollectionCodecProvider{}, IterableCodecProvider{}, MapCodecProvider{}, GeoJsonCodecProvider{}, GridFSFileCodecProvider{}, Jsr310CodecProvider{}, JsonObjectCodecProvider{}, BsonCodecProvider{}, EnumCodecProvider{}, com.mongodb.client.model.mql.ExpressionCodecProvider@34e7d3c7, com.mongodb.Jep395RecordCodecProvider@16b59ac4, com.mongodb.KotlinCodecProvider@2726d4d0]}, loggerSettings=LoggerSettings{maxDocumentLength=1000}, clusterSettings={hosts=[localhost:58956], srvServiceName=mongodb, mode=SINGLE, requiredClusterType=UNKNOWN, requiredReplicaSetName='null', serverSelector='null', clusterListeners='[]', serverSelectionTimeout='30000 ms', localThreshold='15 ms'}, socketSettings=SocketSettings{connectTimeoutMS=10000, readTimeoutMS=0, receiveBufferSize=0, proxySettings=ProxySettings{host=null, port=null, username=null, password=null}}, heartbeatSocketSettings=SocketSettings{connectTimeoutMS=10000, readTimeoutMS=10000, receiveBufferSize=0, proxySettings=ProxySettings{host=null, port=null, username=null, password=null}}, connectionPoolSettings=ConnectionPoolSettings{maxSize=100, minSize=0, maxWaitTimeMS=120000, maxConnectionLifeTimeMS=0, maxConnectionIdleTimeMS=0, maintenanceInitialDelayMS=0, maintenanceFrequencyMS=60000, connectionPoolListeners=[io.micrometer.core.instrument.binder.mongodb.MongoMetricsConnectionPoolListener@3da0180a], maxConnecting=2}, serverSettings=ServerSettings{heartbeatFrequencyMS=10000, minHeartbeatFrequencyMS=500, serverMonitoringMode=AUTO, serverListeners='[]', serverMonitorListeners='[]'}, sslSettings=SslSettings{enabled=false, invalidHostNameAllowed=false, context=null}, applicationName='null', compressorList=[], uuidRepresentation=JAVA_LEGACY, serverApi=null, autoEncryptionSettings=null, dnsClient=null, inetAddressResolver=null, contextProvider=null, timeoutMS=null}
2026-09-26T00:45:15.013+02:00  INFO 21309 --- [agilityhub-core-api] [localhost:58956] org.mongodb.driver.cluster               : Monitor thread successfully connected to server with description ServerDescription{address=localhost:58956, type=REPLICA_SET_PRIMARY, cryptd=false, state=CONNECTED, ok=true, minWireVersion=0, maxWireVersion=21, maxDocumentSize=16777216, logicalSessionTimeoutMinutes=30, roundTripTimeNanos=15504500, minRoundTripTimeNanos=0, setName='docker-rs', canonicalAddress=f8c81390217a:27017, hosts=[f8c81390217a:27017], passives=[], arbiters=[], primary='f8c81390217a:27017', tagSet=TagSet{[]}, electionId=7fffffff0000000000000001, setVersion=1, topologyVersion=TopologyVersion{processId=6ab6f978665348ef12cd1047, counter=6}, lastWriteDate=Sat Sep 26 00:45:13 CEST 2026, lastUpdateTimeNanos=180120359566208}
2026-09-26T00:45:17.419+02:00  INFO 21309 --- [agilityhub-core-api] [           main] o.s.b.t.m.w.SpringBootMockServletContext : Initializing Spring TestDispatcherServlet ''
2026-09-26T00:45:17.419+02:00  INFO 21309 --- [agilityhub-core-api] [           main] o.s.t.web.servlet.TestDispatcherServlet  : Initializing Servlet ''
2026-09-26T00:45:17.420+02:00  INFO 21309 --- [agilityhub-core-api] [           main] o.s.t.web.servlet.TestDispatcherServlet  : Completed initialization in 1 ms
2026-09-26T00:45:17.445+02:00  INFO 21309 --- [agilityhub-core-api] [           main] c.a.core.configuration.E3ContractIT      : Started E3ContractIT in 3.873 seconds (process running for 6.32)
Mockito is currently self-attaching to enable the inline-mock-maker. This will no longer work in future releases of the JDK. Please add Mockito as an agent to your build as described in Mockito's documentation: https://javadoc.io/doc/org.mockito/mockito-core/latest/org.mockito/org/mockito/Mockito.html#0.3
OpenJDK 64-Bit Server VM warning: Sharing is only supported for boot loader classes because bootstrap classpath has been appended
WARNING: A Java agent has been loaded dynamically (/Users/jordib/.m2/repository/net/bytebuddy/byte-buddy-agent/1.17.8/byte-buddy-agent-1.17.8.jar)
WARNING: If a serviceability tool is in use, please run with -XX:+EnableDynamicAgentLoading to hide this warning
WARNING: If a serviceability tool is not in use, please run with -Djdk.instrument.traceUsage for more information
WARNING: Dynamic loading of agents will be disallowed by default in a future release
2026-09-26T00:45:19.217+02:00  WARN 21309 --- [agilityhub-core-api] [           main] c.a.core.shared.api.ApiExceptionHandler  : Framework request rejected status=400 code=VALIDATION_ERROR traceId=eeef807f-b763-4053-a2a8-1e14b605caae
2026-09-26T00:45:19.231+02:00  WARN 21309 --- [agilityhub-core-api] [           main] c.a.core.shared.api.ApiExceptionHandler  : Framework request rejected status=400 code=VALIDATION_ERROR traceId=0630f8b2-4f88-47b6-ba77-e7bbd3516540
2026-09-26T00:45:20.569+02:00  INFO 21309 --- [agilityhub-core-api] [           main] o.springdoc.api.AbstractOpenApiResource  : Init duration for springdoc-openapi is: 1308 ms
[INFO] Tests run: 17, Failures: 0, Errors: 0, Skipped: 0, Time elapsed: 9.086 s -- in com.agilityhub.core.configuration.E3ContractIT
[INFO] Running com.agilityhub.core.clubs.bookings.api.CleanupJobIT
2026-09-26T00:45:20.719+02:00  INFO 21309 --- [agilityhub-core-api] [           main] t.c.s.AnnotationConfigContextLoaderUtils : Could not detect default configuration classes for test class [com.agilityhub.core.clubs.bookings.api.CleanupJobIT]: CleanupJobIT does not declare any static, non-private, non-final, nested classes annotated with @Configuration.
2026-09-26T00:45:20.745+02:00  INFO 21309 --- [agilityhub-core-api] [           main] .b.t.c.SpringBootTestContextBootstrapper : Found @SpringBootConfiguration com.agilityhub.core.CoreApplication for test class com.agilityhub.core.clubs.bookings.api.CleanupJobIT
E5-T05 cleanup JobRun dry  {"_id": "a1a0d1b7-85ce-49bd-8c28-3c6eb8dba932", "clubId": "s08-a", "job": "CLEANUP", "scheduledFor": {"$date": "2026-10-06T04:00:00Z"}, "scheduledForLocal": "2026-10-06T06:00", "timeZone": "Europe/Madrid", "trigger": "MANUAL", "dryRun": true, "status": "SUCCEEDED", "startedAt": {"$date": "2026-10-06T04:00:00Z"}, "finishedAt": {"$date": "2026-10-06T04:00:00Z"}, "durationMs": 0, "counters": [{"key": "ttlPendingSeatHolds", "value": 1}, {"key": "ttlPendingMagicLinkTokens", "value": 1}, {"key": "ttlPendingIdempotencyRecords", "value": 1}, {"key": "ttlPendingJobLocks", "value": 1}, {"key": "ttlPendingSignupNotificationAdmissions", "value": 1}, {"key": "platformPass", "value": 0}, {"key": "WOULD_DELETE_orphanUploads", "value": 3}, {"key": "WOULD_DELETE_exports", "value": 1}, {"key": "WOULD_DELETE_domainEvents", "value": 1}, {"key": "WOULD_DELETE_stripeEvents", "value": 0}, {"key": "WOULD_DELETE_jobRuns", "value": 3}, {"key": "WOULD_DELETE", "value": 6}], "items": [{"entityType": "SignupUpload", "entityId": "signup/s08-a/202610/e34b1606-a618-43bb-a4f8-b54c147100e3-orphan-1/card.pdf", "action": "WOULD_DELETE", "detail": []}, {"entityType": "SignupUpload", "entityId": "signup/s08-a/202610/e34b1606-a618-43bb-a4f8-b54c147100e3-orphan-2/card.pdf", "action": "WOULD_DELETE", "detail": []}, {"entityType": "SignupUpload", "entityId": "signup/s08-a/202610/e34b1606-a618-43bb-a4f8-b54c147100e3-orphan-3/card.pdf", "action": "WOULD_DELETE", "detail": []}, {"entityType": "ExportJob", "entityId": "s08-export-old", "action": "WOULD_DELETE", "detail": []}, {"entityType": "DomainEvents", "entityId": "domain_events", "action": "WOULD_DELETE", "detail": [{"key": "count", "value": 1}]}, {"entityType": "JobRuns", "entityId": "RISK_REVIEW", "action": "WOULD_DELETE", "detail": [{"key": "count", "value": 3}]}], "errors": [], "actorAccountId": "s08-admin", "parametersSnapshot": [{"key": "jobs.cleanup.enabled", "value": true}, {"key": "jobs.dailyTime", "value": "06:00"}, {"key": "jobs.retention.orphanUploadsHours", "value": 48}, {"key": "jobs.retention.exportFilesDays", "value": 7}, {"key": "jobs.retention.domainEventsDays", "value": 90}, {"key": "jobs.retention.stripeEventsDays", "value": 400}, {"key": "jobs.retention.jobRunsDays", "value": 90}], "exclusive": false, "holder": "b08fd281-f339-41f1-a898-a3950cd4683a:35a7ddc9-52ae-4bec-a697-39481ae51a3f", "leaseExpired": false, "_class": "com.agilityhub.core.platform.persistence.jobs.JobRun"}
E5-T05 cleanup JobRun real {"_id": "98586477-96a7-40b2-9139-7b76e26e9d2e", "clubId": "s08-a", "job": "CLEANUP", "scheduledFor": {"$date": "2026-10-06T04:00:00Z"}, "scheduledForLocal": "2026-10-06T06:00", "timeZone": "Europe/Madrid", "trigger": "SCHEDULE", "dryRun": false, "status": "SUCCEEDED", "startedAt": {"$date": "2026-10-06T04:00:00Z"}, "finishedAt": {"$date": "2026-10-06T04:00:00Z"}, "durationMs": 0, "counters": [{"key": "ttlPendingSeatHolds", "value": 1}, {"key": "ttlPendingMagicLinkTokens", "value": 1}, {"key": "ttlPendingIdempotencyRecords", "value": 1}, {"key": "ttlPendingJobLocks", "value": 1}, {"key": "ttlPendingSignupNotificationAdmissions", "value": 1}, {"key": "platformPass", "value": 0}, {"key": "orphanUploadsDeleted", "value": 3}, {"key": "exportsPurged", "value": 1}, {"key": "domainEventsDeleted", "value": 1}, {"key": "stripeEventsDeleted", "value": 0}, {"key": "jobRunsDeleted", "value": 3}, {"key": "platformDomainEventsDeleted", "value": 0}, {"key": "platformJobRunsDeleted", "value": 0}], "items": [{"entityType": "SignupUpload", "entityId": "signup/s08-a/202610/e34b1606-a618-43bb-a4f8-b54c147100e3-orphan-1/card.pdf", "action": "DELETE", "detail": []}, {"entityType": "SignupUpload", "entityId": "signup/s08-a/202610/e34b1606-a618-43bb-a4f8-b54c147100e3-orphan-2/card.pdf", "action": "DELETE", "detail": []}, {"entityType": "SignupUpload", "entityId": "signup/s08-a/202610/e34b1606-a618-43bb-a4f8-b54c147100e3-orphan-3/card.pdf", "action": "DELETE", "detail": []}, {"entityType": "ExportJob", "entityId": "s08-export-old", "action": "DELETE", "detail": []}, {"entityType": "DomainEvents", "entityId": "domain_events", "action": "DELETE", "detail": [{"key": "count", "value": 1}]}, {"entityType": "JobRuns", "entityId": "RISK_REVIEW", "action": "DELETE", "detail": [{"key": "count", "value": 3}]}], "errors": [], "parametersSnapshot": [{"key": "jobs.cleanup.enabled", "value": true}, {"key": "jobs.dailyTime", "value": "06:00"}, {"key": "jobs.retention.orphanUploadsHours", "value": 48}, {"key": "jobs.retention.exportFilesDays", "value": 7}, {"key": "jobs.retention.domainEventsDays", "value": 90}, {"key": "jobs.retention.stripeEventsDays", "value": 400}, {"key": "jobs.retention.jobRunsDays", "value": 90}], "exclusive": true, "holder": "b08fd281-f339-41f1-a898-a3950cd4683a:cbc69804-3a38-420f-a214-5d97f3a81743", "leaseExpired": false, "_class": "com.agilityhub.core.platform.persistence.jobs.JobRun"}
2026-09-26T00:45:21.421+02:00 ERROR 21309 --- [agilityhub-core-api] [           main] c.a.c.p.application.jobs.JobRunner       : Job lease expired jobRunId=s08-dead-cleanup job=CLEANUP clubId=s08-a
2026-09-26T00:45:21.422+02:00  WARN 21309 --- [agilityhub-core-api] [           main] c.a.c.c.common.application.CleanupJob    : Cleanup platform cycle released by a failed run jobRunId=s08-dead-cleanup clubId=s08-a
[INFO] Tests run: 5, Failures: 0, Errors: 0, Skipped: 0, Time elapsed: 1.069 s -- in com.agilityhub.core.clubs.bookings.api.CleanupJobIT
[INFO] Running com.agilityhub.core.clubs.census.api.SignupSecurityFixesIT
2026-09-26T00:45:21.790+02:00  INFO 21309 --- [agilityhub-core-api] [           main] t.c.s.AnnotationConfigContextLoaderUtils : Could not detect default configuration classes for test class [com.agilityhub.core.clubs.census.api.SignupSecurityFixesIT]: SignupSecurityFixesIT does not declare any static, non-private, non-final, nested classes annotated with @Configuration.
2026-09-26T00:45:21.817+02:00  INFO 21309 --- [agilityhub-core-api] [           main] .b.t.c.SpringBootTestContextBootstrapper : Found @SpringBootConfiguration com.agilityhub.core.CoreApplication for test class com.agilityhub.core.clubs.census.api.SignupSecurityFixesIT

  .   ____          _            __ _ _
 /\\ / ___'_ __ _ _(_)_ __  __ _ \ \ \ \
( ( )\___ | '_ | '_| | '_ \/ _` | \ \ \ \
 \\/  ___)| |_)| | | | | || (_| |  ) ) ) )
  '  |____| .__|_| |_|_| |_\__, | / / / /
 =========|_|==============|___/=/_/_/_/

 :: Spring Boot ::               (v3.5.16)

2026-09-26T00:45:21.828+02:00  INFO 21309 --- [agilityhub-core-api] [           main] c.a.c.c.c.api.SignupSecurityFixesIT      : Starting SignupSecurityFixesIT using Java 21.0.12.1 with PID 21309 (started by jordib in /Users/jordib/dev/agilityhub/agilityhub-core-api)
2026-09-26T00:45:21.829+02:00  INFO 21309 --- [agilityhub-core-api] [           main] c.a.c.c.c.api.SignupSecurityFixesIT      : The following 1 profile is active: "test"
2026-09-26T00:45:22.004+02:00  INFO 21309 --- [agilityhub-core-api] [           main] .s.d.r.c.RepositoryConfigurationDelegate : Bootstrapping Spring Data MongoDB repositories in DEFAULT mode.
2026-09-26T00:45:22.028+02:00  INFO 21309 --- [agilityhub-core-api] [           main] .s.d.r.c.RepositoryConfigurationDelegate : Finished Spring Data repository scanning in 23 ms. Found 0 MongoDB repository interfaces.
2026-09-26T00:45:22.073+02:00  INFO 21309 --- [agilityhub-core-api] [           main] org.mongodb.driver.client                : MongoClient with metadata {"driver": {"name": "mongo-java-driver|sync|spring-boot", "version": "5.5.2"}, "os": {"type": "Darwin", "name": "Mac OS X", "architecture": "aarch64", "version": "26.4.1"}, "platform": "Java/Homebrew/21.0.12.1"} created with settings MongoClientSettings{readPreference=primary, writeConcern=WriteConcern{w=null, wTimeout=null ms, journal=null}, retryWrites=true, retryReads=true, readConcern=ReadConcern{level=null}, credential=null, transportSettings=null, commandListeners=[io.micrometer.core.instrument.binder.mongodb.MongoMetricsCommandListener@66820996], codecRegistry=ProvidersCodecRegistry{codecProviders=[ValueCodecProvider{}, BsonValueCodecProvider{}, DBRefCodecProvider{}, DBObjectCodecProvider{}, DocumentCodecProvider{}, CollectionCodecProvider{}, IterableCodecProvider{}, MapCodecProvider{}, GeoJsonCodecProvider{}, GridFSFileCodecProvider{}, Jsr310CodecProvider{}, JsonObjectCodecProvider{}, BsonCodecProvider{}, EnumCodecProvider{}, com.mongodb.client.model.mql.ExpressionCodecProvider@34e7d3c7, com.mongodb.Jep395RecordCodecProvider@16b59ac4, com.mongodb.KotlinCodecProvider@2726d4d0]}, loggerSettings=LoggerSettings{maxDocumentLength=1000}, clusterSettings={hosts=[localhost:58956], srvServiceName=mongodb, mode=SINGLE, requiredClusterType=UNKNOWN, requiredReplicaSetName='null', serverSelector='null', clusterListeners='[]', serverSelectionTimeout='30000 ms', localThreshold='15 ms'}, socketSettings=SocketSettings{connectTimeoutMS=10000, readTimeoutMS=0, receiveBufferSize=0, proxySettings=ProxySettings{host=null, port=null, username=null, password=null}}, heartbeatSocketSettings=SocketSettings{connectTimeoutMS=10000, readTimeoutMS=10000, receiveBufferSize=0, proxySettings=ProxySettings{host=null, port=null, username=null, password=null}}, connectionPoolSettings=ConnectionPoolSettings{maxSize=100, minSize=0, maxWaitTimeMS=120000, maxConnectionLifeTimeMS=0, maxConnectionIdleTimeMS=0, maintenanceInitialDelayMS=0, maintenanceFrequencyMS=60000, connectionPoolListeners=[io.micrometer.core.instrument.binder.mongodb.MongoMetricsConnectionPoolListener@58641d11], maxConnecting=2}, serverSettings=ServerSettings{heartbeatFrequencyMS=10000, minHeartbeatFrequencyMS=500, serverMonitoringMode=AUTO, serverListeners='[]', serverMonitorListeners='[]'}, sslSettings=SslSettings{enabled=false, invalidHostNameAllowed=false, context=null}, applicationName='null', compressorList=[], uuidRepresentation=JAVA_LEGACY, serverApi=null, autoEncryptionSettings=null, dnsClient=null, inetAddressResolver=null, contextProvider=null, timeoutMS=null}
2026-09-26T00:45:22.074+02:00  INFO 21309 --- [agilityhub-core-api] [localhost:58956] org.mongodb.driver.cluster               : Monitor thread successfully connected to server with description ServerDescription{address=localhost:58956, type=REPLICA_SET_PRIMARY, cryptd=false, state=CONNECTED, ok=true, minWireVersion=0, maxWireVersion=21, maxDocumentSize=16777216, logicalSessionTimeoutMinutes=30, roundTripTimeNanos=1137542, minRoundTripTimeNanos=0, setName='docker-rs', canonicalAddress=f8c81390217a:27017, hosts=[f8c81390217a:27017], passives=[], arbiters=[], primary='f8c81390217a:27017', tagSet=TagSet{[]}, electionId=7fffffff0000000000000001, setVersion=1, topologyVersion=TopologyVersion{processId=6ab6f978665348ef12cd1047, counter=6}, lastWriteDate=Sat Sep 26 00:45:21 CEST 2026, lastUpdateTimeNanos=180127422307916}
2026-09-26T00:45:22.541+02:00  INFO 21309 --- [agilityhub-core-api] [           main] o.s.b.t.m.w.SpringBootMockServletContext : Initializing Spring TestDispatcherServlet ''
2026-09-26T00:45:22.541+02:00  INFO 21309 --- [agilityhub-core-api] [           main] o.s.t.web.servlet.TestDispatcherServlet  : Initializing Servlet ''
2026-09-26T00:45:22.541+02:00  INFO 21309 --- [agilityhub-core-api] [           main] o.s.t.web.servlet.TestDispatcherServlet  : Completed initialization in 0 ms
2026-09-26T00:45:22.549+02:00  INFO 21309 --- [agilityhub-core-api] [           main] c.a.c.c.c.api.SignupSecurityFixesIT      : Started SignupSecurityFixesIT in 0.73 seconds (process running for 11.424)
2026-09-26T00:45:22.585+02:00  INFO 21309 --- [agilityhub-core-api] [           main] c.a.c.c.c.persistence.CensusPersistence  : Dog.nameKey migrated for 24 dogs
2026-09-26T00:45:22.871+02:00  INFO 21309 --- [agilityhub-core-api] [           main] c.a.c.c.c.persistence.CensusPersistence  : Dog.nameKey migrated for 1 dogs
2026-09-26T00:45:23.925+02:00  INFO 21309 --- [agilityhub-core-api] [           main] c.a.c.c.c.a.SignupNotifications          : Signup notification capped per recipient code=N-39 clubId=sec-6beea4c7-a5c1-471d-9aa6-fff72c6771c8 recipientHash=_DD7Jox_E1REN4SiIYfIDkRxDYfD-t9YVFPJYLmhjfM
2026-09-26T00:45:23.934+02:00  INFO 21309 --- [agilityhub-core-api] [           main] c.a.c.c.c.a.SignupNotifications          : Signup notification capped per recipient code=N-39 clubId=sec-6beea4c7-a5c1-471d-9aa6-fff72c6771c8 recipientHash=_DD7Jox_E1REN4SiIYfIDkRxDYfD-t9YVFPJYLmhjfM
2026-09-26T00:45:24.207+02:00  INFO 21309 --- [agilityhub-core-api] [           main] c.a.c.c.c.a.SignupNotifications          : Signup notification capped per recipient code=N-39 clubId=sec-a09bfb61-4ed8-4303-851c-513a95a8d403 recipientHash=vcFrU73voHHt7OdE8jLrCtFoAIdN0iGY9VzYkN431EU
2026-09-26T00:45:24.218+02:00  INFO 21309 --- [agilityhub-core-api] [           main] c.a.c.c.c.a.SignupNotifications          : Signup notification capped per recipient code=N-39 clubId=sec-a09bfb61-4ed8-4303-851c-513a95a8d403 recipientHash=vcFrU73voHHt7OdE8jLrCtFoAIdN0iGY9VzYkN431EU
2026-09-26T00:45:24.632+02:00  INFO 21309 --- [agilityhub-core-api] [           main] c.a.c.c.c.a.SignupNotifications          : Signup notification capped per recipient code=N-01 clubId=sec-a09bfb61-4ed8-4303-851c-513a95a8d403 recipientHash=77ttCEIaEugVMaRi6WZoLhe5AsgK0ybMArsX1Qw06MY
2026-09-26T00:45:24.646+02:00  INFO 21309 --- [agilityhub-core-api] [           main] c.a.c.c.c.a.SignupNotifications          : Signup notification capped per recipient code=N-01 clubId=sec-a09bfb61-4ed8-4303-851c-513a95a8d403 recipientHash=77ttCEIaEugVMaRi6WZoLhe5AsgK0ybMArsX1Qw06MY
2026-09-26T00:45:24.673+02:00  INFO 21309 --- [agilityhub-core-api] [           main] c.a.c.c.c.a.SignupNotifications          : Signup notification capped per recipient code=N-01 clubId=sec-a09bfb61-4ed8-4303-851c-513a95a8d403 recipientHash=77ttCEIaEugVMaRi6WZoLhe5AsgK0ybMArsX1Qw06MY
2026-09-26T00:45:25.731+02:00  WARN 21309 --- [agilityhub-core-api] [           main] c.a.core.shared.api.ApiExceptionHandler  : Framework request rejected code=VALIDATION_ERROR traceId=a5dcafc4-1677-4d91-b3b7-727b89f723df
2026-09-26T00:45:25.734+02:00  WARN 21309 --- [agilityhub-core-api] [           main] c.a.core.shared.api.ApiExceptionHandler  : Framework request rejected code=VALIDATION_ERROR traceId=7225ffe9-2199-4524-85ea-c12f97997539
2026-09-26T00:45:25.736+02:00  WARN 21309 --- [agilityhub-core-api] [           main] c.a.core.shared.api.ApiExceptionHandler  : Framework request rejected code=VALIDATION_ERROR traceId=0d3d6810-c8a8-423b-96a1-b35af78f5ab1
2026-09-26T00:45:25.738+02:00  WARN 21309 --- [agilityhub-core-api] [           main] c.a.core.shared.api.ApiExceptionHandler  : Framework request rejected code=VALIDATION_ERROR traceId=5d6bd342-a7d7-4314-9e34-5154ba40a467
2026-09-26T00:45:25.743+02:00  WARN 21309 --- [agilityhub-core-api] [           main] c.a.core.shared.api.ApiExceptionHandler  : Framework request rejected code=VALIDATION_ERROR traceId=db6a61b9-2572-466f-ac84-d16fd53714a9
2026-09-26T00:45:25.909+02:00  WARN 21309 --- [agilityhub-core-api] [           main] c.n.schema.UnknownKeywordFactory         : Unknown keyword components - you should define your own Meta Schema. If the keyword is irrelevant for validation, just use a NonValidationKeyword or if it should generate annotations AnnotationKeyword
[ERROR] Tests run: 25, Failures: 1, Errors: 0, Skipped: 0, Time elapsed: 5.817 s <<< FAILURE! -- in com.agilityhub.core.clubs.census.api.SignupSecurityFixesIT
[ERROR] com.agilityhub.core.clubs.census.api.SignupSecurityFixesIT.T_04_12_theReusedDogWaitsInTheRequestUntilTheValidationAppliesItsValuesAndDocuments -- Time elapsed: 0.174 s <<< FAILURE!
java.lang.AssertionError: 

Expecting empty but was: ["$.proposals.levels[0].code: null found, string expected"]
	at com.agilityhub.core.clubs.census.api.SignupSecurityFixesIT.T_04_12_theReusedDogWaitsInTheRequestUntilTheValidationAppliesItsValuesAndDocuments(SignupSecurityFixesIT.java:294)
	at java.base/java.lang.reflect.Method.invoke(Method.java:580)
	at java.base/java.util.ArrayList.forEach(ArrayList.java:1596)
	at java.base/java.util.ArrayList.forEach(ArrayList.java:1596)

[INFO] Running com.agilityhub.core.clubs.census.api.SignupPaymentMethodsIT
2026-09-26T00:45:27.607+02:00  INFO 21309 --- [agilityhub-core-api] [           main] t.c.s.AnnotationConfigContextLoaderUtils : Could not detect default configuration classes for test class [com.agilityhub.core.clubs.census.api.SignupPaymentMethodsIT]: SignupPaymentMethodsIT does not declare any static, non-private, non-final, nested classes annotated with @Configuration.
2026-09-26T00:45:27.608+02:00  INFO 21309 --- [agilityhub-core-api] [           main] .b.t.c.SpringBootTestContextBootstrapper : Found @SpringBootConfiguration com.agilityhub.core.CoreApplication for test class com.agilityhub.core.clubs.census.api.SignupPaymentMethodsIT
[INFO] Tests run: 8, Failures: 0, Errors: 0, Skipped: 0, Time elapsed: 0.919 s -- in com.agilityhub.core.clubs.census.api.SignupPaymentMethodsIT
[INFO] Running com.agilityhub.core.clubs.census.api.SignupFollowUpFixesIT
2026-09-26T00:45:28.526+02:00  INFO 21309 --- [agilityhub-core-api] [           main] t.c.s.AnnotationConfigContextLoaderUtils : Could not detect default configuration classes for test class [com.agilityhub.core.clubs.census.api.SignupFollowUpFixesIT]: SignupFollowUpFixesIT does not declare any static, non-private, non-final, nested classes annotated with @Configuration.
2026-09-26T00:45:28.527+02:00  INFO 21309 --- [agilityhub-core-api] [           main] .b.t.c.SpringBootTestContextBootstrapper : Found @SpringBootConfiguration com.agilityhub.core.CoreApplication for test class com.agilityhub.core.clubs.census.api.SignupFollowUpFixesIT
2026-09-26T00:45:28.757+02:00  INFO 21309 --- [agilityhub-core-api] [           main] c.a.c.c.c.a.SignupNotifications          : Signup notification capped per recipient code=N-01 clubId=fu-1493d5a9-0d69-4d33-852c-a22c8be200a8 recipientHash=gqQwFnIzraZoeqwWKkBv6K6po1oZ3Liz1JiF8YHbr-M
2026-09-26T00:45:28.957+02:00  INFO 21309 --- [agilityhub-core-api] [           main] c.a.c.c.c.a.SignupNotifications          : Signup notification capped per recipient code=N-01 clubId=fu-cb42bf35-179b-49c9-811e-e633d26fc16e recipientHash=IypGQV6WUU39tBRIGZvF2383io6ZaoHfhyFZ8iJtIhE
2026-09-26T00:45:29.185+02:00  INFO 21309 --- [agilityhub-core-api] [           main] c.a.c.c.c.a.SignupNotifications          : Signup notification capped per recipient code=N-01 clubId=fu-381052cb-a32c-4f6f-b261-98f64a159465 recipientHash=hNhxD8MYiZioavyf-pdWRQ31cvdQHRIQBLdaAdBfBYA
2026-09-26T00:45:29.451+02:00  INFO 21309 --- [agilityhub-core-api] [           main] c.a.c.c.c.a.SignupNotifications          : Signup notification capped per recipient code=N-01 clubId=fu-4a444081-f82b-40e2-9708-060aa7ee52e6 recipientHash=R6JaT5nnV9aMrDgwyhex4oRBuWt61C7EH35VYU4WAdA
2026-09-26T00:45:30.709+02:00  INFO 21309 --- [agilityhub-core-api] [           main] c.a.c.c.c.a.SignupNotifications          : Signup notification capped per recipient code=N-01 clubId=fu-b139e75c-8562-4ff4-98ca-1d9c933c1cec recipientHash=JDaO2hAkrnMm3yDIBKZOzQboMEktO38WFaFQmntxdVk
[INFO] Tests run: 14, Failures: 0, Errors: 0, Skipped: 0, Time elapsed: 2.196 s -- in com.agilityhub.core.clubs.census.api.SignupFollowUpFixesIT
[INFO] Running com.agilityhub.core.clubs.census.api.SignupIT
2026-09-26T00:45:30.723+02:00  INFO 21309 --- [agilityhub-core-api] [           main] t.c.s.AnnotationConfigContextLoaderUtils : Could not detect default configuration classes for test class [com.agilityhub.core.clubs.census.api.SignupIT]: SignupIT does not declare any static, non-private, non-final, nested classes annotated with @Configuration.
2026-09-26T00:45:30.724+02:00  INFO 21309 --- [agilityhub-core-api] [           main] .b.t.c.SpringBootTestContextBootstrapper : Found @SpringBootConfiguration com.agilityhub.core.CoreApplication for test class com.agilityhub.core.clubs.census.api.SignupIT
2026-09-26T00:45:30.734+02:00  INFO 21309 --- [agilityhub-core-api] [           main] c.a.core.shared.api.IdempotencyFilter    : Signup honeypot traceId=6d7b2b8e-f5e8-403a-983b-8ff069036b25 clubId=sgn-73f2aecb-fab1-4e30-b81b-35464f25dff5 ipHash=AVeRRxAy029a5IIesaTCTt3BPYQfcNAGznPpzENfrrI
2026-09-26T00:45:32.084+02:00  WARN 21309 --- [agilityhub-core-api] [           main] c.a.core.shared.api.ApiExceptionHandler  : Framework request rejected code=VALIDATION_ERROR traceId=8309e119-c2fa-4e6d-97c5-da4bf5104bc2
2026-09-26T00:45:32.086+02:00  INFO 21309 --- [agilityhub-core-api] [           main] c.a.core.shared.api.IdempotencyFilter    : Signup honeypot traceId=1633ba8e-7677-40eb-bf74-b1664a5546a3 clubId=sgn-e4f82fe5-bfa7-4d74-8d4d-e9608d40ac0f ipHash=AVeRRxAy029a5IIesaTCTt3BPYQfcNAGznPpzENfrrI
2026-09-26T00:45:32.086+02:00  INFO 21309 --- [agilityhub-core-api] [           main] c.a.core.shared.api.IdempotencyFilter    : Signup honeypot traceId=3346bcf7-d1f4-4357-a7e2-7769bc2d02c7 clubId=sgn-e4f82fe5-bfa7-4d74-8d4d-e9608d40ac0f ipHash=AVeRRxAy029a5IIesaTCTt3BPYQfcNAGznPpzENfrrI
2026-09-26T00:45:32.087+02:00  INFO 21309 --- [agilityhub-core-api] [           main] c.a.core.shared.api.IdempotencyFilter    : Signup honeypot traceId=02e0aedc-7b3d-4774-a9e5-cfd00adb5b41 clubId=sgn-e4f82fe5-bfa7-4d74-8d4d-e9608d40ac0f ipHash=AVeRRxAy029a5IIesaTCTt3BPYQfcNAGznPpzENfrrI
2026-09-26T00:45:32.088+02:00  INFO 21309 --- [agilityhub-core-api] [           main] c.a.core.shared.api.IdempotencyFilter    : Signup honeypot traceId=5cc5ba83-535b-46fd-a10b-d10a9916faa3 clubId=sgn-e4f82fe5-bfa7-4d74-8d4d-e9608d40ac0f ipHash=AVeRRxAy029a5IIesaTCTt3BPYQfcNAGznPpzENfrrI
2026-09-26T00:45:32.088+02:00  INFO 21309 --- [agilityhub-core-api] [           main] c.a.core.shared.api.IdempotencyFilter    : Signup honeypot traceId=869c7585-5d5b-4d56-ab80-2e99b7c48087 clubId=sgn-e4f82fe5-bfa7-4d74-8d4d-e9608d40ac0f ipHash=AVeRRxAy029a5IIesaTCTt3BPYQfcNAGznPpzENfrrI
2026-09-26T00:45:32.088+02:00  INFO 21309 --- [agilityhub-core-api] [           main] c.a.core.shared.api.IdempotencyFilter    : Signup honeypot traceId=8715f0fd-d943-4483-a253-b3d993a561fa clubId=sgn-e4f82fe5-bfa7-4d74-8d4d-e9608d40ac0f ipHash=AVeRRxAy029a5IIesaTCTt3BPYQfcNAGznPpzENfrrI
2026-09-26T00:45:32.089+02:00  INFO 21309 --- [agilityhub-core-api] [           main] c.a.core.shared.api.IdempotencyFilter    : Signup honeypot traceId=b74bb4f1-a806-4c57-a4a8-ef1122849a43 clubId=sgn-e4f82fe5-bfa7-4d74-8d4d-e9608d40ac0f ipHash=AVeRRxAy029a5IIesaTCTt3BPYQfcNAGznPpzENfrrI
2026-09-26T00:45:32.089+02:00  INFO 21309 --- [agilityhub-core-api] [           main] c.a.core.shared.api.IdempotencyFilter    : Signup honeypot traceId=8c0831c8-53a5-41be-89d9-48cd035bde7a clubId=sgn-e4f82fe5-bfa7-4d74-8d4d-e9608d40ac0f ipHash=AVeRRxAy029a5IIesaTCTt3BPYQfcNAGznPpzENfrrI
2026-09-26T00:45:32.090+02:00  INFO 21309 --- [agilityhub-core-api] [           main] c.a.core.shared.api.IdempotencyFilter    : Signup honeypot traceId=50a59309-1fb9-4d5c-b438-1ac5ba384d6d clubId=sgn-e4f82fe5-bfa7-4d74-8d4d-e9608d40ac0f ipHash=AVeRRxAy029a5IIesaTCTt3BPYQfcNAGznPpzENfrrI
2026-09-26T00:45:32.091+02:00  INFO 21309 --- [agilityhub-core-api] [           main] c.a.core.shared.api.IdempotencyFilter    : Signup honeypot traceId=e3cec2ea-3a80-4c09-9db0-79fcbd72c46b clubId=sgn-e4f82fe5-bfa7-4d74-8d4d-e9608d40ac0f ipHash=AVeRRxAy029a5IIesaTCTt3BPYQfcNAGznPpzENfrrI
2026-09-26T00:45:32.091+02:00  INFO 21309 --- [agilityhub-core-api] [           main] c.a.core.shared.api.IdempotencyFilter    : Signup honeypot traceId=437ce227-343e-418b-a465-bd46a9c4c2e4 clubId=sgn-e4f82fe5-bfa7-4d74-8d4d-e9608d40ac0f ipHash=AVeRRxAy029a5IIesaTCTt3BPYQfcNAGznPpzENfrrI
2026-09-26T00:45:32.091+02:00  INFO 21309 --- [agilityhub-core-api] [           main] c.a.core.shared.api.IdempotencyFilter    : Signup honeypot traceId=86a85d4a-1c25-4c16-a2f5-96d02b3c2f4e clubId=sgn-e4f82fe5-bfa7-4d74-8d4d-e9608d40ac0f ipHash=AVeRRxAy029a5IIesaTCTt3BPYQfcNAGznPpzENfrrI
2026-09-26T00:45:32.092+02:00  INFO 21309 --- [agilityhub-core-api] [           main] c.a.core.shared.api.IdempotencyFilter    : Signup honeypot traceId=d3348358-29b8-4ca3-bea3-9e15d02e968e clubId=sgn-e4f82fe5-bfa7-4d74-8d4d-e9608d40ac0f ipHash=AVeRRxAy029a5IIesaTCTt3BPYQfcNAGznPpzENfrrI
2026-09-26T00:45:32.093+02:00  INFO 21309 --- [agilityhub-core-api] [           main] c.a.core.shared.api.IdempotencyFilter    : Signup honeypot traceId=62aee67a-9edf-4c0c-af68-94a6f36316ff clubId=sgn-e4f82fe5-bfa7-4d74-8d4d-e9608d40ac0f ipHash=AVeRRxAy029a5IIesaTCTt3BPYQfcNAGznPpzENfrrI
2026-09-26T00:45:32.093+02:00  INFO 21309 --- [agilityhub-core-api] [           main] c.a.core.shared.api.IdempotencyFilter    : Signup honeypot traceId=307750b4-a6aa-4b19-8824-6181d01c536e clubId=sgn-e4f82fe5-bfa7-4d74-8d4d-e9608d40ac0f ipHash=AVeRRxAy029a5IIesaTCTt3BPYQfcNAGznPpzENfrrI
2026-09-26T00:45:32.094+02:00  INFO 21309 --- [agilityhub-core-api] [           main] c.a.core.shared.api.IdempotencyFilter    : Signup honeypot traceId=37cd894b-6804-4589-a273-556917932b39 clubId=sgn-e4f82fe5-bfa7-4d74-8d4d-e9608d40ac0f ipHash=AVeRRxAy029a5IIesaTCTt3BPYQfcNAGznPpzENfrrI
2026-09-26T00:45:32.094+02:00  INFO 21309 --- [agilityhub-core-api] [           main] c.a.core.shared.api.IdempotencyFilter    : Signup honeypot traceId=b702a4bd-623d-485f-b677-1a2a9ecb8c28 clubId=sgn-e4f82fe5-bfa7-4d74-8d4d-e9608d40ac0f ipHash=AVeRRxAy029a5IIesaTCTt3BPYQfcNAGznPpzENfrrI
2026-09-26T00:45:32.095+02:00  INFO 21309 --- [agilityhub-core-api] [           main] c.a.core.shared.api.IdempotencyFilter    : Signup honeypot traceId=b1d7340d-84aa-4791-a30a-db5a1d7f31c6 clubId=sgn-e4f82fe5-bfa7-4d74-8d4d-e9608d40ac0f ipHash=AVeRRxAy029a5IIesaTCTt3BPYQfcNAGznPpzENfrrI
2026-09-26T00:45:32.095+02:00  INFO 21309 --- [agilityhub-core-api] [           main] c.a.core.shared.api.IdempotencyFilter    : Signup honeypot traceId=c202ed73-6b3e-4eb1-9c9c-0f8393d86467 clubId=sgn-e4f82fe5-bfa7-4d74-8d4d-e9608d40ac0f ipHash=AVeRRxAy029a5IIesaTCTt3BPYQfcNAGznPpzENfrrI
2026-09-26T00:45:32.105+02:00  INFO 21309 --- [agilityhub-core-api] [           main] c.a.core.shared.api.IdempotencyFilter    : Signup honeypot traceId=1a67ffe5-9630-47b7-94a3-2f7eecd358b2 clubId=sgn-8e9b7f51-169a-4189-910d-34c2af5ee410 ipHash=AVeRRxAy029a5IIesaTCTt3BPYQfcNAGznPpzENfrrI
2026-09-26T00:45:32.106+02:00  INFO 21309 --- [agilityhub-core-api] [           main] c.a.core.shared.api.IdempotencyFilter    : Signup honeypot traceId=3f0aace5-329b-40b3-b7ef-ad4883c02ed4 clubId=sgn-8e9b7f51-169a-4189-910d-34c2af5ee410 ipHash=AVeRRxAy029a5IIesaTCTt3BPYQfcNAGznPpzENfrrI
2026-09-26T00:45:32.106+02:00  INFO 21309 --- [agilityhub-core-api] [           main] c.a.core.shared.api.IdempotencyFilter    : Signup honeypot traceId=84067cf2-7672-4564-b330-b0e64f9f281a clubId=sgn-8e9b7f51-169a-4189-910d-34c2af5ee410 ipHash=AVeRRxAy029a5IIesaTCTt3BPYQfcNAGznPpzENfrrI
2026-09-26T00:45:32.107+02:00  INFO 21309 --- [agilityhub-core-api] [           main] c.a.core.shared.api.IdempotencyFilter    : Signup honeypot traceId=5d5ecc51-0180-42d7-98e8-960701f665f3 clubId=sgn-8e9b7f51-169a-4189-910d-34c2af5ee410 ipHash=AVeRRxAy029a5IIesaTCTt3BPYQfcNAGznPpzENfrrI
2026-09-26T00:45:32.108+02:00  INFO 21309 --- [agilityhub-core-api] [           main] c.a.core.shared.api.IdempotencyFilter    : Signup honeypot traceId=a7faff1c-678b-4bd7-9734-a83f166ecc7f clubId=sgn-8e9b7f51-169a-4189-910d-34c2af5ee410 ipHash=AVeRRxAy029a5IIesaTCTt3BPYQfcNAGznPpzENfrrI
E5-T07 outbox backlog discarded before SignupIT: 137 PENDING records (more than one dispatch() batch)
[INFO] Tests run: 33, Failures: 0, Errors: 0, Skipped: 0, Time elapsed: 5.160 s -- in com.agilityhub.core.clubs.census.api.SignupIT
[INFO] Running com.agilityhub.core.clubs.census.api.SignupGateFixesIT
2026-09-26T00:45:35.883+02:00  INFO 21309 --- [agilityhub-core-api] [           main] t.c.s.AnnotationConfigContextLoaderUtils : Could not detect default configuration classes for test class [com.agilityhub.core.clubs.census.api.SignupGateFixesIT]: SignupGateFixesIT does not declare any static, non-private, non-final, nested classes annotated with @Configuration.
2026-09-26T00:45:35.885+02:00  INFO 21309 --- [agilityhub-core-api] [           main] .b.t.c.SpringBootTestContextBootstrapper : Found @SpringBootConfiguration com.agilityhub.core.CoreApplication for test class com.agilityhub.core.clubs.census.api.SignupGateFixesIT
[INFO] Tests run: 22, Failures: 0, Errors: 0, Skipped: 0, Time elapsed: 5.890 s -- in com.agilityhub.core.clubs.census.api.SignupGateFixesIT
[INFO] Running com.agilityhub.core.clubs.census.api.SignupMinorFixesIT
2026-09-26T00:45:41.773+02:00  INFO 21309 --- [agilityhub-core-api] [           main] t.c.s.AnnotationConfigContextLoaderUtils : Could not detect default configuration classes for test class [com.agilityhub.core.clubs.census.api.SignupMinorFixesIT]: SignupMinorFixesIT does not declare any static, non-private, non-final, nested classes annotated with @Configuration.
2026-09-26T00:45:41.774+02:00  INFO 21309 --- [agilityhub-core-api] [           main] .b.t.c.SpringBootTestContextBootstrapper : Found @SpringBootConfiguration com.agilityhub.core.CoreApplication for test class com.agilityhub.core.clubs.census.api.SignupMinorFixesIT
[INFO] Tests run: 18, Failures: 0, Errors: 0, Skipped: 0, Time elapsed: 4.393 s -- in com.agilityhub.core.clubs.census.api.SignupMinorFixesIT
[INFO] 
[INFO] Results:
[INFO] 
[ERROR] Failures: 
[ERROR]   SignupSecurityFixesIT.T_04_12_theReusedDogWaitsInTheRequestUntilTheValidationAppliesItsValuesAndDocuments:294 
Expecting empty but was: ["$.proposals.levels[0].code: null found, string expected"]
[INFO] 
[ERROR] Tests run: 142, Failures: 1, Errors: 0, Skipped: 0
[INFO] 
[INFO] ------------------------------------------------------------------------
[INFO] BUILD FAILURE
[INFO] ------------------------------------------------------------------------
[INFO] Total time:  36.619 s
[INFO] Finished at: 2026-09-26T00:45:46+02:00
[INFO] ------------------------------------------------------------------------
[ERROR] Failed to execute goal org.apache.maven.plugins:maven-surefire-plugin:3.5.6:test (default-test) on project agilityhub-core-api: There are test failures.
[ERROR] 
[ERROR] See /Users/jordib/dev/agilityhub/agilityhub-core-api/target/surefire-reports for the individual test results.
[ERROR] See dump files (if any exist) [date].dump, [date]-jvmRun[N].dump and [date].dumpstream.
[ERROR] -> [Help 1]
[ERROR] 
[ERROR] To see the full stack trace of the errors, re-run Maven with the -e switch.
[ERROR] Re-run Maven using the -X switch to enable full debug logging.
[ERROR] 
[ERROR] For more information about the errors and possible solutions, please read the following articles:
[ERROR] [Help 1] http://cwiki.apache.org/confluence/display/MAVEN/MojoFailureException
