[INFO] Scanning for projects...
[INFO] 
[INFO] -----------------< com.agilityhub:agilityhub-core-api >-----------------
[INFO] Building AgilityHub Core API 0.1.0-SNAPSHOT
[INFO]   from pom.xml
[INFO] --------------------------------[ jar ]---------------------------------
[INFO] 
[INFO] --- enforcer:3.6.2:enforce (require-java-21) @ agilityhub-core-api ---
[INFO] Rule 0: org.apache.maven.enforcer.rules.version.RequireJavaVersion passed
[INFO] Rule 1: org.apache.maven.enforcer.rules.version.RequireMavenVersion passed
[INFO] 
[INFO] --- jacoco:0.8.14:prepare-agent (default) @ agilityhub-core-api ---
[INFO] argLine set to -javaagent:/Users/jordib/.m2/repository/org/jacoco/org.jacoco.agent/0.8.14/org.jacoco.agent-0.8.14-runtime.jar=destfile=/Users/jordib/dev/agilityhub/agilityhub-core-api/target/jacoco.exec
[INFO] 
[INFO] --- spring-boot:3.5.16:build-info (default) @ agilityhub-core-api ---
[INFO] 
[INFO] --- resources:3.3.1:resources (default-resources) @ agilityhub-core-api ---
[INFO] Copying 9 resources from src/main/resources to target/classes
[INFO] Copying 1 resource from seeds to target/classes/seeds
[INFO] 
[INFO] --- compiler:3.14.1:compile (default-compile) @ agilityhub-core-api ---
[INFO] Nothing to compile - all classes are up to date.
[INFO] 
[INFO] --- resources:3.3.1:testResources (default-testResources) @ agilityhub-core-api ---
[INFO] Copying 37 resources from src/test/resources to target/test-classes
[INFO] 
[INFO] --- compiler:3.14.1:testCompile (default-testCompile) @ agilityhub-core-api ---
[INFO] Nothing to compile - all classes are up to date.
[INFO] 
[INFO] --- surefire:3.5.6:test (default-test) @ agilityhub-core-api ---
[INFO] Using auto detected provider org.apache.maven.surefire.junitplatform.JUnitPlatformProvider
[INFO] 
[INFO] -------------------------------------------------------
[INFO]  T E S T S
[INFO] -------------------------------------------------------
[INFO] Running com.agilityhub.core.configuration.E3ContractIT
02:00:15.810 [main] INFO org.testcontainers.images.PullPolicy -- Image pull policy will be performed by: DefaultPullPolicy()
02:00:15.813 [main] INFO org.testcontainers.utility.ImageNameSubstitutor -- Image name substitution will be performed by: DefaultImageNameSubstitutor (composite of 'ConfigurationFileImageNameSubstitutor' and 'PrefixingImageNameSubstitutor')
02:00:15.817 [main] INFO org.testcontainers.DockerClientFactory -- Testcontainers version: 1.21.4
02:00:15.965 [main] INFO org.testcontainers.dockerclient.DockerClientProviderStrategy -- Loaded org.testcontainers.dockerclient.UnixSocketClientProviderStrategy from ~/.testcontainers.properties, will try it first
02:00:16.126 [main] INFO org.testcontainers.dockerclient.DockerClientProviderStrategy -- Found Docker environment with local Unix socket (unix:///var/run/docker.sock)
02:00:16.127 [main] INFO org.testcontainers.DockerClientFactory -- Docker host IP address is localhost
02:00:16.140 [main] INFO org.testcontainers.DockerClientFactory -- Connected to docker: 
  Server Version: 29.7.2
  API Version: 1.55
  Operating System: Docker Desktop
  Total Memory: 7931 MB
  Labels: 
    com.docker.desktop.address=unix:///Users/jordib/Library/Containers/com.docker.docker/Data/docker-cli.sock
02:00:16.292 [main] INFO tc.testcontainers/ryuk:0.12.0 -- Creating container for image: testcontainers/ryuk:0.12.0
02:00:16.372 [main] INFO org.testcontainers.utility.RegistryAuthLocator -- Credential helper/store (docker-credential-desktop) does not have credentials for https://index.docker.io/v1/
02:00:16.436 [main] INFO tc.testcontainers/ryuk:0.12.0 -- Container testcontainers/ryuk:0.12.0 is starting: bac624d598a8cd5afbd6989b2bff34a5a116736ecab2821cabf5964cea5ce912
02:00:16.576 [main] INFO tc.testcontainers/ryuk:0.12.0 -- Container testcontainers/ryuk:0.12.0 started in PT0.284421S
02:00:16.580 [main] INFO org.testcontainers.utility.RyukResourceReaper -- Ryuk started - will monitor and terminate Testcontainers containers on JVM exit
02:00:16.580 [main] INFO org.testcontainers.DockerClientFactory -- Checking the system...
02:00:16.580 [main] INFO org.testcontainers.DockerClientFactory -- ✔︎ Docker server version should be at least 1.6.0
02:00:16.581 [main] INFO tc.mongo:7 -- Creating container for image: mongo:7
02:00:16.607 [main] INFO tc.mongo:7 -- Container mongo:7 is starting: 6773c23cbb925c1444a20b7fa5990b9afcf0eb528354376c442aeb2e0212853e
02:00:17.013 [main] INFO tc.mongo:7 -- Container mongo:7 started in PT0.43221S
Integration JVM availableProcessors=18
02:00:17.495 [main] INFO org.springframework.test.context.support.AnnotationConfigContextLoaderUtils -- Could not detect default configuration classes for test class [com.agilityhub.core.configuration.E3ContractIT]: E3ContractIT does not declare any static, non-private, non-final, nested classes annotated with @Configuration.
02:00:17.583 [main] INFO org.springframework.boot.test.context.SpringBootTestContextBootstrapper -- Found @SpringBootConfiguration com.agilityhub.core.CoreApplication for test class com.agilityhub.core.configuration.E3ContractIT

  .   ____          _            __ _ _
 /\\ / ___'_ __ _ _(_)_ __  __ _ \ \ \ \
( ( )\___ | '_ | '_| | '_ \/ _` | \ \ \ \
 \\/  ___)| |_)| | | | | || (_| |  ) ) ) )
  '  |____| .__|_| |_|_| |_\__, | / / / /
 =========|_|==============|___/=/_/_/_/

 :: Spring Boot ::               (v3.5.16)

2026-09-26T02:00:17.822+02:00  INFO 45008 --- [agilityhub-core-api] [           main] c.a.core.configuration.E3ContractIT      : Starting E3ContractIT using Java 21.0.12.1 with PID 45008 (started by jordib in /Users/jordib/dev/agilityhub/agilityhub-core-api)
2026-09-26T02:00:17.823+02:00  INFO 45008 --- [agilityhub-core-api] [           main] c.a.core.configuration.E3ContractIT      : The following 1 profile is active: "test"
2026-09-26T02:00:18.570+02:00  INFO 45008 --- [agilityhub-core-api] [           main] .s.d.r.c.RepositoryConfigurationDelegate : Bootstrapping Spring Data MongoDB repositories in DEFAULT mode.
2026-09-26T02:00:18.604+02:00  INFO 45008 --- [agilityhub-core-api] [           main] .s.d.r.c.RepositoryConfigurationDelegate : Finished Spring Data repository scanning in 32 ms. Found 0 MongoDB repository interfaces.
2026-09-26T02:00:18.959+02:00  INFO 45008 --- [agilityhub-core-api] [           main] org.mongodb.driver.client                : MongoClient with metadata {"driver": {"name": "mongo-java-driver|sync|spring-boot", "version": "5.5.2"}, "os": {"type": "Darwin", "name": "Mac OS X", "architecture": "aarch64", "version": "26.4.1"}, "platform": "Java/Homebrew/21.0.12.1"} created with settings MongoClientSettings{readPreference=primary, writeConcern=WriteConcern{w=null, wTimeout=null ms, journal=null}, retryWrites=true, retryReads=true, readConcern=ReadConcern{level=null}, credential=null, transportSettings=null, commandListeners=[io.micrometer.core.instrument.binder.mongodb.MongoMetricsCommandListener@4b26a938], codecRegistry=ProvidersCodecRegistry{codecProviders=[ValueCodecProvider{}, BsonValueCodecProvider{}, DBRefCodecProvider{}, DBObjectCodecProvider{}, DocumentCodecProvider{}, CollectionCodecProvider{}, IterableCodecProvider{}, MapCodecProvider{}, GeoJsonCodecProvider{}, GridFSFileCodecProvider{}, Jsr310CodecProvider{}, JsonObjectCodecProvider{}, BsonCodecProvider{}, EnumCodecProvider{}, com.mongodb.client.model.mql.ExpressionCodecProvider@3d4bc978, com.mongodb.Jep395RecordCodecProvider@34a69e59, com.mongodb.KotlinCodecProvider@6b8fbed4]}, loggerSettings=LoggerSettings{maxDocumentLength=1000}, clusterSettings={hosts=[localhost:61793], srvServiceName=mongodb, mode=SINGLE, requiredClusterType=UNKNOWN, requiredReplicaSetName='null', serverSelector='null', clusterListeners='[]', serverSelectionTimeout='30000 ms', localThreshold='15 ms'}, socketSettings=SocketSettings{connectTimeoutMS=10000, readTimeoutMS=0, receiveBufferSize=0, proxySettings=ProxySettings{host=null, port=null, username=null, password=null}}, heartbeatSocketSettings=SocketSettings{connectTimeoutMS=10000, readTimeoutMS=10000, receiveBufferSize=0, proxySettings=ProxySettings{host=null, port=null, username=null, password=null}}, connectionPoolSettings=ConnectionPoolSettings{maxSize=100, minSize=0, maxWaitTimeMS=120000, maxConnectionLifeTimeMS=0, maxConnectionIdleTimeMS=0, maintenanceInitialDelayMS=0, maintenanceFrequencyMS=60000, connectionPoolListeners=[io.micrometer.core.instrument.binder.mongodb.MongoMetricsConnectionPoolListener@159eb5f4], maxConnecting=2}, serverSettings=ServerSettings{heartbeatFrequencyMS=10000, minHeartbeatFrequencyMS=500, serverMonitoringMode=AUTO, serverListeners='[]', serverMonitorListeners='[]'}, sslSettings=SslSettings{enabled=false, invalidHostNameAllowed=false, context=null}, applicationName='null', compressorList=[], uuidRepresentation=JAVA_LEGACY, serverApi=null, autoEncryptionSettings=null, dnsClient=null, inetAddressResolver=null, contextProvider=null, timeoutMS=null}
2026-09-26T02:00:18.966+02:00  INFO 45008 --- [agilityhub-core-api] [localhost:61793] org.mongodb.driver.cluster               : Monitor thread successfully connected to server with description ServerDescription{address=localhost:61793, type=REPLICA_SET_PRIMARY, cryptd=false, state=CONNECTED, ok=true, minWireVersion=0, maxWireVersion=21, maxDocumentSize=16777216, logicalSessionTimeoutMinutes=30, roundTripTimeNanos=11310875, minRoundTripTimeNanos=0, setName='docker-rs', canonicalAddress=6773c23cbb92:27017, hosts=[6773c23cbb92:27017], passives=[], arbiters=[], primary='6773c23cbb92:27017', tagSet=TagSet{[]}, electionId=7fffffff0000000000000001, setVersion=1, topologyVersion=TopologyVersion{processId=6ab70b10d7b1d9ae21f1df95, counter=6}, lastWriteDate=Sat Sep 26 02:00:17 CEST 2026, lastUpdateTimeNanos=184624341397958}
2026-09-26T02:00:21.398+02:00  INFO 45008 --- [agilityhub-core-api] [           main] o.s.b.t.m.w.SpringBootMockServletContext : Initializing Spring TestDispatcherServlet ''
2026-09-26T02:00:21.398+02:00  INFO 45008 --- [agilityhub-core-api] [           main] o.s.t.web.servlet.TestDispatcherServlet  : Initializing Servlet ''
2026-09-26T02:00:21.399+02:00  INFO 45008 --- [agilityhub-core-api] [           main] o.s.t.web.servlet.TestDispatcherServlet  : Completed initialization in 1 ms
2026-09-26T02:00:21.423+02:00  INFO 45008 --- [agilityhub-core-api] [           main] c.a.core.configuration.E3ContractIT      : Started E3ContractIT in 3.783 seconds (process running for 6.182)
Mockito is currently self-attaching to enable the inline-mock-maker. This will no longer work in future releases of the JDK. Please add Mockito as an agent to your build as described in Mockito's documentation: https://javadoc.io/doc/org.mockito/mockito-core/latest/org.mockito/org/mockito/Mockito.html#0.3
WARNING: A Java agent has been loaded dynamically (/Users/jordib/.m2/repository/net/bytebuddy/byte-buddy-agent/1.17.8/byte-buddy-agent-1.17.8.jar)
WARNING: If a serviceability tool is in use, please run with -XX:+EnableDynamicAgentLoading to hide this warning
WARNING: If a serviceability tool is not in use, please run with -Djdk.instrument.traceUsage for more information
WARNING: Dynamic loading of agents will be disallowed by default in a future release
OpenJDK 64-Bit Server VM warning: Sharing is only supported for boot loader classes because bootstrap classpath has been appended
2026-09-26T02:00:23.191+02:00  WARN 45008 --- [agilityhub-core-api] [           main] c.a.core.shared.api.ApiExceptionHandler  : Framework request rejected status=400 code=VALIDATION_ERROR traceId=5a7c7d24-521b-420d-9202-8f5c3ec76504
2026-09-26T02:00:23.203+02:00  WARN 45008 --- [agilityhub-core-api] [           main] c.a.core.shared.api.ApiExceptionHandler  : Framework request rejected status=400 code=VALIDATION_ERROR traceId=a56af279-98ac-409c-9f43-89dc68a62f39
2026-09-26T02:00:24.515+02:00  INFO 45008 --- [agilityhub-core-api] [           main] o.springdoc.api.AbstractOpenApiResource  : Init duration for springdoc-openapi is: 1274 ms
[INFO] Tests run: 17, Failures: 0, Errors: 0, Skipped: 0, Time elapsed: 8.865 s -- in com.agilityhub.core.configuration.E3ContractIT
[INFO] Running com.agilityhub.core.configuration.OpenApiSnapshotTest
2026-09-26T02:00:24.651+02:00  INFO 45008 --- [agilityhub-core-api] [           main] t.c.s.AnnotationConfigContextLoaderUtils : Could not detect default configuration classes for test class [com.agilityhub.core.configuration.OpenApiSnapshotTest]: OpenApiSnapshotTest does not declare any static, non-private, non-final, nested classes annotated with @Configuration.
2026-09-26T02:00:24.653+02:00  INFO 45008 --- [agilityhub-core-api] [           main] .b.t.c.SpringBootTestContextBootstrapper : Found @SpringBootConfiguration com.agilityhub.core.CoreApplication for test class com.agilityhub.core.configuration.OpenApiSnapshotTest

  .   ____          _            __ _ _
 /\\ / ___'_ __ _ _(_)_ __  __ _ \ \ \ \
( ( )\___ | '_ | '_| | '_ \/ _` | \ \ \ \
 \\/  ___)| |_)| | | | | || (_| |  ) ) ) )
  '  |____| .__|_| |_|_| |_\__, | / / / /
 =========|_|==============|___/=/_/_/_/

 :: Spring Boot ::               (v3.5.16)

2026-09-26T02:00:24.668+02:00  INFO 45008 --- [agilityhub-core-api] [           main] c.a.c.configuration.OpenApiSnapshotTest  : Starting OpenApiSnapshotTest using Java 21.0.12.1 with PID 45008 (started by jordib in /Users/jordib/dev/agilityhub/agilityhub-core-api)
2026-09-26T02:00:24.668+02:00  INFO 45008 --- [agilityhub-core-api] [           main] c.a.c.configuration.OpenApiSnapshotTest  : The following 1 profile is active: "test"
2026-09-26T02:00:24.854+02:00  INFO 45008 --- [agilityhub-core-api] [           main] .s.d.r.c.RepositoryConfigurationDelegate : Bootstrapping Spring Data MongoDB repositories in DEFAULT mode.
2026-09-26T02:00:24.874+02:00  INFO 45008 --- [agilityhub-core-api] [           main] .s.d.r.c.RepositoryConfigurationDelegate : Finished Spring Data repository scanning in 19 ms. Found 0 MongoDB repository interfaces.
2026-09-26T02:00:24.979+02:00  INFO 45008 --- [agilityhub-core-api] [           main] o.s.b.w.embedded.tomcat.TomcatWebServer  : Tomcat initialized with port 0 (http)
2026-09-26T02:00:24.987+02:00  INFO 45008 --- [agilityhub-core-api] [           main] o.apache.catalina.core.StandardService   : Starting service [Tomcat]
2026-09-26T02:00:24.987+02:00  INFO 45008 --- [agilityhub-core-api] [           main] o.apache.catalina.core.StandardEngine    : Starting Servlet engine: [Apache Tomcat/10.1.55]
2026-09-26T02:00:25.015+02:00  INFO 45008 --- [agilityhub-core-api] [           main] o.a.c.c.C.[Tomcat].[localhost].[/]       : Initializing Spring embedded WebApplicationContext
2026-09-26T02:00:25.015+02:00  INFO 45008 --- [agilityhub-core-api] [           main] w.s.c.ServletWebServerApplicationContext : Root WebApplicationContext: initialization completed in 347 ms
2026-09-26T02:00:25.031+02:00  INFO 45008 --- [agilityhub-core-api] [           main] org.mongodb.driver.client                : MongoClient with metadata {"driver": {"name": "mongo-java-driver|sync|spring-boot", "version": "5.5.2"}, "os": {"type": "Darwin", "name": "Mac OS X", "architecture": "aarch64", "version": "26.4.1"}, "platform": "Java/Homebrew/21.0.12.1"} created with settings MongoClientSettings{readPreference=primary, writeConcern=WriteConcern{w=null, wTimeout=null ms, journal=null}, retryWrites=true, retryReads=true, readConcern=ReadConcern{level=null}, credential=null, transportSettings=null, commandListeners=[io.micrometer.core.instrument.binder.mongodb.MongoMetricsCommandListener@21423d66], codecRegistry=ProvidersCodecRegistry{codecProviders=[ValueCodecProvider{}, BsonValueCodecProvider{}, DBRefCodecProvider{}, DBObjectCodecProvider{}, DocumentCodecProvider{}, CollectionCodecProvider{}, IterableCodecProvider{}, MapCodecProvider{}, GeoJsonCodecProvider{}, GridFSFileCodecProvider{}, Jsr310CodecProvider{}, JsonObjectCodecProvider{}, BsonCodecProvider{}, EnumCodecProvider{}, com.mongodb.client.model.mql.ExpressionCodecProvider@3d4bc978, com.mongodb.Jep395RecordCodecProvider@34a69e59, com.mongodb.KotlinCodecProvider@6b8fbed4]}, loggerSettings=LoggerSettings{maxDocumentLength=1000}, clusterSettings={hosts=[localhost:61793], srvServiceName=mongodb, mode=SINGLE, requiredClusterType=UNKNOWN, requiredReplicaSetName='null', serverSelector='null', clusterListeners='[]', serverSelectionTimeout='30000 ms', localThreshold='15 ms'}, socketSettings=SocketSettings{connectTimeoutMS=10000, readTimeoutMS=0, receiveBufferSize=0, proxySettings=ProxySettings{host=null, port=null, username=null, password=null}}, heartbeatSocketSettings=SocketSettings{connectTimeoutMS=10000, readTimeoutMS=10000, receiveBufferSize=0, proxySettings=ProxySettings{host=null, port=null, username=null, password=null}}, connectionPoolSettings=ConnectionPoolSettings{maxSize=100, minSize=0, maxWaitTimeMS=120000, maxConnectionLifeTimeMS=0, maxConnectionIdleTimeMS=0, maintenanceInitialDelayMS=0, maintenanceFrequencyMS=60000, connectionPoolListeners=[io.micrometer.core.instrument.binder.mongodb.MongoMetricsConnectionPoolListener@64aa6759], maxConnecting=2}, serverSettings=ServerSettings{heartbeatFrequencyMS=10000, minHeartbeatFrequencyMS=500, serverMonitoringMode=AUTO, serverListeners='[]', serverMonitorListeners='[]'}, sslSettings=SslSettings{enabled=false, invalidHostNameAllowed=false, context=null}, applicationName='null', compressorList=[], uuidRepresentation=JAVA_LEGACY, serverApi=null, autoEncryptionSettings=null, dnsClient=null, inetAddressResolver=null, contextProvider=null, timeoutMS=null}
2026-09-26T02:00:25.033+02:00  INFO 45008 --- [agilityhub-core-api] [localhost:61793] org.mongodb.driver.cluster               : Monitor thread successfully connected to server with description ServerDescription{address=localhost:61793, type=REPLICA_SET_PRIMARY, cryptd=false, state=CONNECTED, ok=true, minWireVersion=0, maxWireVersion=21, maxDocumentSize=16777216, logicalSessionTimeoutMinutes=30, roundTripTimeNanos=1524583, minRoundTripTimeNanos=0, setName='docker-rs', canonicalAddress=6773c23cbb92:27017, hosts=[6773c23cbb92:27017], passives=[], arbiters=[], primary='6773c23cbb92:27017', tagSet=TagSet{[]}, electionId=7fffffff0000000000000001, setVersion=1, topologyVersion=TopologyVersion{processId=6ab70b10d7b1d9ae21f1df95, counter=6}, lastWriteDate=Sat Sep 26 02:00:23 CEST 2026, lastUpdateTimeNanos=184630409664541}
2026-09-26T02:00:25.150+02:00  INFO 45008 --- [agilityhub-core-api] [           main] o.s.boot.web.servlet.RegistrationBean    : Filter rateLimitFilter was not registered (disabled)
2026-09-26T02:00:25.550+02:00  INFO 45008 --- [agilityhub-core-api] [           main] o.a.c.c.C.[Tomcat].[localhost].[/]       : Initializing Spring TestDispatcherServlet ''
2026-09-26T02:00:25.550+02:00  INFO 45008 --- [agilityhub-core-api] [           main] o.s.t.web.servlet.TestDispatcherServlet  : Initializing Servlet ''
2026-09-26T02:00:25.551+02:00  INFO 45008 --- [agilityhub-core-api] [           main] o.s.t.web.servlet.TestDispatcherServlet  : Completed initialization in 1 ms
2026-09-26T02:00:25.604+02:00  INFO 45008 --- [agilityhub-core-api] [           main] o.s.b.w.embedded.tomcat.TomcatWebServer  : Tomcat started on port 61800 (http) with context path '/'
2026-09-26T02:00:25.642+02:00  INFO 45008 --- [agilityhub-core-api] [           main] o.s.b.w.embedded.tomcat.TomcatWebServer  : Tomcat initialized with port 0 (http)
2026-09-26T02:00:25.643+02:00  INFO 45008 --- [agilityhub-core-api] [           main] o.apache.catalina.core.StandardService   : Starting service [Tomcat]
2026-09-26T02:00:25.643+02:00  INFO 45008 --- [agilityhub-core-api] [           main] o.apache.catalina.core.StandardEngine    : Starting Servlet engine: [Apache Tomcat/10.1.55]
2026-09-26T02:00:25.652+02:00  INFO 45008 --- [agilityhub-core-api] [           main] o.a.c.c.C.[Tomcat-1].[localhost].[/]     : Initializing Spring embedded WebApplicationContext
2026-09-26T02:00:25.652+02:00  INFO 45008 --- [agilityhub-core-api] [           main] w.s.c.ServletWebServerApplicationContext : Root WebApplicationContext: initialization completed in 46 ms
2026-09-26T02:00:25.658+02:00  INFO 45008 --- [agilityhub-core-api] [           main] o.s.b.a.e.web.EndpointLinksResolver      : Exposing 2 endpoints beneath base path '/actuator'
2026-09-26T02:00:25.673+02:00  INFO 45008 --- [agilityhub-core-api] [           main] o.s.b.w.embedded.tomcat.TomcatWebServer  : Tomcat started on port 61801 (http) with context path '/'
2026-09-26T02:00:25.676+02:00  INFO 45008 --- [agilityhub-core-api] [           main] c.a.c.configuration.OpenApiSnapshotTest  : Started OpenApiSnapshotTest in 1.021 seconds (process running for 10.436)
2026-09-26T02:00:26.537+02:00  INFO 45008 --- [agilityhub-core-api] [           main] o.springdoc.api.AbstractOpenApiResource  : Init duration for springdoc-openapi is: 825 ms
2026-09-26T02:00:26.834+02:00  INFO 45008 --- [agilityhub-core-api] [omcat-handler-0] o.a.c.c.C.[Tomcat].[localhost].[/]       : Initializing Spring DispatcherServlet 'dispatcherServlet'
2026-09-26T02:00:26.834+02:00  INFO 45008 --- [agilityhub-core-api] [omcat-handler-0] o.s.web.servlet.DispatcherServlet        : Initializing Servlet 'dispatcherServlet'
2026-09-26T02:00:26.835+02:00  INFO 45008 --- [agilityhub-core-api] [omcat-handler-0] o.s.web.servlet.DispatcherServlet        : Completed initialization in 1 ms
2026-09-26T02:00:27.597+02:00  INFO 45008 --- [agilityhub-core-api] [           main] o.springdoc.api.AbstractOpenApiResource  : Init duration for springdoc-openapi is: 711 ms
[INFO] Tests run: 10, Failures: 0, Errors: 0, Skipped: 0, Time elapsed: 3.003 s -- in com.agilityhub.core.configuration.OpenApiSnapshotTest
[INFO] Running com.agilityhub.core.configuration.E4ContractIT
2026-09-26T02:00:27.657+02:00  INFO 45008 --- [agilityhub-core-api] [           main] t.c.s.AnnotationConfigContextLoaderUtils : Could not detect default configuration classes for test class [com.agilityhub.core.configuration.E4ContractIT]: E4ContractIT does not declare any static, non-private, non-final, nested classes annotated with @Configuration.
2026-09-26T02:00:27.658+02:00  INFO 45008 --- [agilityhub-core-api] [           main] .b.t.c.SpringBootTestContextBootstrapper : Found @SpringBootConfiguration com.agilityhub.core.CoreApplication for test class com.agilityhub.core.configuration.E4ContractIT
2026-09-26T02:00:37.051+02:00  WARN 45008 --- [agilityhub-core-api] [           main] c.a.core.shared.api.ApiExceptionHandler  : Framework request rejected code=VALIDATION_ERROR traceId=ce4e0ea8-c471-4258-bf69-7cc010d4e34b
[INFO] Tests run: 63, Failures: 0, Errors: 0, Skipped: 0, Time elapsed: 9.416 s -- in com.agilityhub.core.configuration.E4ContractIT
[INFO] Running com.agilityhub.core.configuration.E6ContractIT
2026-09-26T02:00:37.073+02:00  INFO 45008 --- [agilityhub-core-api] [           main] t.c.s.AnnotationConfigContextLoaderUtils : Could not detect default configuration classes for test class [com.agilityhub.core.configuration.E6ContractIT]: E6ContractIT does not declare any static, non-private, non-final, nested classes annotated with @Configuration.
2026-09-26T02:00:37.074+02:00  INFO 45008 --- [agilityhub-core-api] [           main] .b.t.c.SpringBootTestContextBootstrapper : Found @SpringBootConfiguration com.agilityhub.core.CoreApplication for test class com.agilityhub.core.configuration.E6ContractIT
2026-09-26T02:00:37.135+02:00  WARN 45008 --- [agilityhub-core-api] [           main] c.a.core.shared.api.ApiExceptionHandler  : Framework request rejected code=VALIDATION_ERROR traceId=89b51249-4def-4f57-aa91-1501a65ed640
2026-09-26T02:00:37.188+02:00  WARN 45008 --- [agilityhub-core-api] [           main] c.a.core.shared.api.ApiExceptionHandler  : Framework request rejected status=400 code=VALIDATION_ERROR traceId=378e6b07-ea42-4c2d-95cf-d44178a5a9f7
2026-09-26T02:00:37.190+02:00  WARN 45008 --- [agilityhub-core-api] [           main] c.a.core.shared.api.ApiExceptionHandler  : Framework request rejected code=VALIDATION_ERROR traceId=417bb33b-3e6a-4790-a48a-61fb9e4afd64
2026-09-26T02:00:37.203+02:00  WARN 45008 --- [agilityhub-core-api] [           main] c.a.core.shared.api.ApiExceptionHandler  : Framework request rejected code=VALIDATION_ERROR traceId=0ef6b7e7-639f-43ae-8e38-76ce3b2c13dc
2026-09-26T02:00:37.206+02:00  WARN 45008 --- [agilityhub-core-api] [           main] c.a.core.shared.api.ApiExceptionHandler  : Framework request rejected status=400 code=VALIDATION_ERROR traceId=658bf6ab-f4eb-49c5-aacc-618da9b2c7e8
2026-09-26T02:00:37.216+02:00  WARN 45008 --- [agilityhub-core-api] [           main] c.a.core.shared.api.ApiExceptionHandler  : Framework request rejected status=400 code=VALIDATION_ERROR traceId=495ab02d-18fd-40d1-9c68-870514383e2a
[INFO] Tests run: 30, Failures: 0, Errors: 0, Skipped: 0, Time elapsed: 1.322 s -- in com.agilityhub.core.configuration.E6ContractIT
[INFO] Running com.agilityhub.core.clubs.followup.application.AttachmentServiceTest
[INFO] Tests run: 7, Failures: 0, Errors: 0, Skipped: 0, Time elapsed: 0.452 s -- in com.agilityhub.core.clubs.followup.application.AttachmentServiceTest
[INFO] Running com.agilityhub.core.clubs.bookings.api.CleanupJobIT
2026-09-26T02:00:38.855+02:00  INFO 45008 --- [agilityhub-core-api] [           main] t.c.s.AnnotationConfigContextLoaderUtils : Could not detect default configuration classes for test class [com.agilityhub.core.clubs.bookings.api.CleanupJobIT]: CleanupJobIT does not declare any static, non-private, non-final, nested classes annotated with @Configuration.
2026-09-26T02:00:38.910+02:00  INFO 45008 --- [agilityhub-core-api] [           main] .b.t.c.SpringBootTestContextBootstrapper : Found @SpringBootConfiguration com.agilityhub.core.CoreApplication for test class com.agilityhub.core.clubs.bookings.api.CleanupJobIT
2026-09-26T02:00:39.416+02:00 ERROR 45008 --- [agilityhub-core-api] [           main] c.a.c.p.application.jobs.JobRunner       : Job failed jobRunId=e571dc08-7bf4-42dc-b8e4-304d997cd2c4 job=CLEANUP clubId=s08-a traceId=3de3fd32-3777-4750-8d08-acdab33757cb

java.lang.IllegalStateException: fictional failure after the claim
	at com.agilityhub.core.clubs.bookings.api.CleanupJobIT$1.plan(CleanupJobIT.java:197) ~[test-classes/:na]
	at com.agilityhub.core.platform.application.jobs.JobRunner.run(JobRunner.java:181) ~[classes/:na]
	at com.agilityhub.core.platform.application.jobs.JobRunner.execute(JobRunner.java:165) ~[classes/:na]
	at com.agilityhub.core.platform.application.jobs.JobRunner.scheduled(JobRunner.java:100) ~[classes/:na]
	at com.agilityhub.core.clubs.bookings.api.CleanupJobIT.T_15_27_aRunTheRunnerClosesFailedWhoseHookThrowsDoesNotKeepThePlatformCycle(CleanupJobIT.java:201) ~[test-classes/:na]
	at java.base/jdk.internal.reflect.DirectMethodHandleAccessor.invoke(DirectMethodHandleAccessor.java:103) ~[na:na]
	at java.base/java.lang.reflect.Method.invoke(Method.java:580) ~[na:na]
	at org.junit.platform.commons.util.ReflectionUtils.invokeMethod(ReflectionUtils.java:775) ~[junit-platform-commons-1.12.2.jar:1.12.2]
	at org.junit.platform.commons.support.ReflectionSupport.invokeMethod(ReflectionSupport.java:479) ~[junit-platform-commons-1.12.2.jar:1.12.2]
	at org.junit.jupiter.engine.execution.MethodInvocation.proceed(MethodInvocation.java:60) ~[junit-jupiter-engine-5.12.2.jar:5.12.2]
	at org.junit.jupiter.engine.execution.InvocationInterceptorChain$ValidatingInvocation.proceed(InvocationInterceptorChain.java:131) ~[junit-jupiter-engine-5.12.2.jar:5.12.2]
	at org.junit.jupiter.engine.extension.TimeoutExtension.intercept(TimeoutExtension.java:161) ~[junit-jupiter-engine-5.12.2.jar:5.12.2]
	at org.junit.jupiter.engine.extension.TimeoutExtension.interceptTestableMethod(TimeoutExtension.java:152) ~[junit-jupiter-engine-5.12.2.jar:5.12.2]
	at org.junit.jupiter.engine.extension.TimeoutExtension.interceptTestMethod(TimeoutExtension.java:91) ~[junit-jupiter-engine-5.12.2.jar:5.12.2]
	at org.junit.jupiter.engine.execution.InterceptingExecutableInvoker$ReflectiveInterceptorCall.lambda$ofVoidMethod$0(InterceptingExecutableInvoker.java:112) ~[junit-jupiter-engine-5.12.2.jar:5.12.2]
	at org.junit.jupiter.engine.execution.InterceptingExecutableInvoker.lambda$invoke$0(InterceptingExecutableInvoker.java:94) ~[junit-jupiter-engine-5.12.2.jar:5.12.2]
	at org.junit.jupiter.engine.execution.InvocationInterceptorChain$InterceptedInvocation.proceed(InvocationInterceptorChain.java:106) ~[junit-jupiter-engine-5.12.2.jar:5.12.2]
	at org.junit.jupiter.engine.execution.InvocationInterceptorChain.proceed(InvocationInterceptorChain.java:64) ~[junit-jupiter-engine-5.12.2.jar:5.12.2]
	at org.junit.jupiter.engine.execution.InvocationInterceptorChain.chainAndInvoke(InvocationInterceptorChain.java:45) ~[junit-jupiter-engine-5.12.2.jar:5.12.2]
	at org.junit.jupiter.engine.execution.InvocationInterceptorChain.invoke(InvocationInterceptorChain.java:37) ~[junit-jupiter-engine-5.12.2.jar:5.12.2]
	at org.junit.jupiter.engine.execution.InterceptingExecutableInvoker.invoke(InterceptingExecutableInvoker.java:93) ~[junit-jupiter-engine-5.12.2.jar:5.12.2]
	at org.junit.jupiter.engine.execution.InterceptingExecutableInvoker.invoke(InterceptingExecutableInvoker.java:87) ~[junit-jupiter-engine-5.12.2.jar:5.12.2]
	at org.junit.jupiter.engine.descriptor.TestMethodTestDescriptor.lambda$invokeTestMethod$7(TestMethodTestDescriptor.java:216) ~[junit-jupiter-engine-5.12.2.jar:5.12.2]
	at org.junit.platform.engine.support.hierarchical.ThrowableCollector.execute(ThrowableCollector.java:73) ~[junit-platform-engine-1.12.2.jar:1.12.2]
	at org.junit.jupiter.engine.descriptor.TestMethodTestDescriptor.invokeTestMethod(TestMethodTestDescriptor.java:212) ~[junit-jupiter-engine-5.12.2.jar:5.12.2]
	at org.junit.jupiter.engine.descriptor.TestMethodTestDescriptor.execute(TestMethodTestDescriptor.java:137) ~[junit-jupiter-engine-5.12.2.jar:5.12.2]
	at org.junit.jupiter.engine.descriptor.TestMethodTestDescriptor.execute(TestMethodTestDescriptor.java:69) ~[junit-jupiter-engine-5.12.2.jar:5.12.2]
	at org.junit.platform.engine.support.hierarchical.NodeTestTask.lambda$executeRecursively$6(NodeTestTask.java:156) ~[junit-platform-engine-1.12.2.jar:1.12.2]
	at org.junit.platform.engine.support.hierarchical.ThrowableCollector.execute(ThrowableCollector.java:73) ~[junit-platform-engine-1.12.2.jar:1.12.2]
	at org.junit.platform.engine.support.hierarchical.NodeTestTask.lambda$executeRecursively$8(NodeTestTask.java:146) ~[junit-platform-engine-1.12.2.jar:1.12.2]
	at org.junit.platform.engine.support.hierarchical.Node.around(Node.java:137) ~[junit-platform-engine-1.12.2.jar:1.12.2]
	at org.junit.platform.engine.support.hierarchical.NodeTestTask.lambda$executeRecursively$9(NodeTestTask.java:144) ~[junit-platform-engine-1.12.2.jar:1.12.2]
	at org.junit.platform.engine.support.hierarchical.ThrowableCollector.execute(ThrowableCollector.java:73) ~[junit-platform-engine-1.12.2.jar:1.12.2]
	at org.junit.platform.engine.support.hierarchical.NodeTestTask.executeRecursively(NodeTestTask.java:143) ~[junit-platform-engine-1.12.2.jar:1.12.2]
	at org.junit.platform.engine.support.hierarchical.NodeTestTask.execute(NodeTestTask.java:100) ~[junit-platform-engine-1.12.2.jar:1.12.2]
	at java.base/java.util.ArrayList.forEach(ArrayList.java:1596) ~[na:na]
	at org.junit.platform.engine.support.hierarchical.SameThreadHierarchicalTestExecutorService.invokeAll(SameThreadHierarchicalTestExecutorService.java:41) ~[junit-platform-engine-1.12.2.jar:1.12.2]
	at org.junit.platform.engine.support.hierarchical.NodeTestTask.lambda$executeRecursively$6(NodeTestTask.java:160) ~[junit-platform-engine-1.12.2.jar:1.12.2]
	at org.junit.platform.engine.support.hierarchical.ThrowableCollector.execute(ThrowableCollector.java:73) ~[junit-platform-engine-1.12.2.jar:1.12.2]
	at org.junit.platform.engine.support.hierarchical.NodeTestTask.lambda$executeRecursively$8(NodeTestTask.java:146) ~[junit-platform-engine-1.12.2.jar:1.12.2]
	at org.junit.platform.engine.support.hierarchical.Node.around(Node.java:137) ~[junit-platform-engine-1.12.2.jar:1.12.2]
	at org.junit.platform.engine.support.hierarchical.NodeTestTask.lambda$executeRecursively$9(NodeTestTask.java:144) ~[junit-platform-engine-1.12.2.jar:1.12.2]
	at org.junit.platform.engine.support.hierarchical.ThrowableCollector.execute(ThrowableCollector.java:73) ~[junit-platform-engine-1.12.2.jar:1.12.2]
	at org.junit.platform.engine.support.hierarchical.NodeTestTask.executeRecursively(NodeTestTask.java:143) ~[junit-platform-engine-1.12.2.jar:1.12.2]
	at org.junit.platform.engine.support.hierarchical.NodeTestTask.execute(NodeTestTask.java:100) ~[junit-platform-engine-1.12.2.jar:1.12.2]
	at java.base/java.util.ArrayList.forEach(ArrayList.java:1596) ~[na:na]
	at org.junit.platform.engine.support.hierarchical.SameThreadHierarchicalTestExecutorService.invokeAll(SameThreadHierarchicalTestExecutorService.java:41) ~[junit-platform-engine-1.12.2.jar:1.12.2]
	at org.junit.platform.engine.support.hierarchical.NodeTestTask.lambda$executeRecursively$6(NodeTestTask.java:160) ~[junit-platform-engine-1.12.2.jar:1.12.2]
	at org.junit.platform.engine.support.hierarchical.ThrowableCollector.execute(ThrowableCollector.java:73) ~[junit-platform-engine-1.12.2.jar:1.12.2]
	at org.junit.platform.engine.support.hierarchical.NodeTestTask.lambda$executeRecursively$8(NodeTestTask.java:146) ~[junit-platform-engine-1.12.2.jar:1.12.2]
	at org.junit.platform.engine.support.hierarchical.Node.around(Node.java:137) ~[junit-platform-engine-1.12.2.jar:1.12.2]
	at org.junit.platform.engine.support.hierarchical.NodeTestTask.lambda$executeRecursively$9(NodeTestTask.java:144) ~[junit-platform-engine-1.12.2.jar:1.12.2]
	at org.junit.platform.engine.support.hierarchical.ThrowableCollector.execute(ThrowableCollector.java:73) ~[junit-platform-engine-1.12.2.jar:1.12.2]
	at org.junit.platform.engine.support.hierarchical.NodeTestTask.executeRecursively(NodeTestTask.java:143) ~[junit-platform-engine-1.12.2.jar:1.12.2]
	at org.junit.platform.engine.support.hierarchical.NodeTestTask.execute(NodeTestTask.java:100) ~[junit-platform-engine-1.12.2.jar:1.12.2]
	at org.junit.platform.engine.support.hierarchical.SameThreadHierarchicalTestExecutorService.submit(SameThreadHierarchicalTestExecutorService.java:35) ~[junit-platform-engine-1.12.2.jar:1.12.2]
	at org.junit.platform.engine.support.hierarchical.HierarchicalTestExecutor.execute(HierarchicalTestExecutor.java:57) ~[junit-platform-engine-1.12.2.jar:1.12.2]
	at org.junit.platform.engine.support.hierarchical.HierarchicalTestEngine.execute(HierarchicalTestEngine.java:54) ~[junit-platform-engine-1.12.2.jar:1.12.2]
	at org.junit.platform.launcher.core.EngineExecutionOrchestrator.execute(EngineExecutionOrchestrator.java:201) ~[junit-platform-launcher-1.12.2.jar:1.12.2]
	at org.junit.platform.launcher.core.EngineExecutionOrchestrator.execute(EngineExecutionOrchestrator.java:170) ~[junit-platform-launcher-1.12.2.jar:1.12.2]
	at org.junit.platform.launcher.core.EngineExecutionOrchestrator.execute(EngineExecutionOrchestrator.java:94) ~[junit-platform-launcher-1.12.2.jar:1.12.2]
	at org.junit.platform.launcher.core.EngineExecutionOrchestrator.lambda$execute$0(EngineExecutionOrchestrator.java:59) ~[junit-platform-launcher-1.12.2.jar:1.12.2]
	at org.junit.platform.launcher.core.EngineExecutionOrchestrator.withInterceptedStreams(EngineExecutionOrchestrator.java:142) ~[junit-platform-launcher-1.12.2.jar:1.12.2]
	at org.junit.platform.launcher.core.EngineExecutionOrchestrator.execute(EngineExecutionOrchestrator.java:58) ~[junit-platform-launcher-1.12.2.jar:1.12.2]
	at org.junit.platform.launcher.core.DefaultLauncher.execute(DefaultLauncher.java:103) ~[junit-platform-launcher-1.12.2.jar:1.12.2]
	at org.junit.platform.launcher.core.DefaultLauncher.execute(DefaultLauncher.java:85) ~[junit-platform-launcher-1.12.2.jar:1.12.2]
	at org.junit.platform.launcher.core.DelegatingLauncher.execute(DelegatingLauncher.java:47) ~[junit-platform-launcher-1.12.2.jar:1.12.2]
	at org.junit.platform.launcher.core.InterceptingLauncher.lambda$execute$1(InterceptingLauncher.java:39) ~[junit-platform-launcher-1.12.2.jar:1.12.2]
	at org.junit.platform.launcher.core.ClasspathAlignmentCheckingLauncherInterceptor.intercept(ClasspathAlignmentCheckingLauncherInterceptor.java:25) ~[junit-platform-launcher-1.12.2.jar:1.12.2]
	at org.junit.platform.launcher.core.InterceptingLauncher.execute(InterceptingLauncher.java:38) ~[junit-platform-launcher-1.12.2.jar:1.12.2]
	at org.junit.platform.launcher.core.DelegatingLauncher.execute(DelegatingLauncher.java:47) ~[junit-platform-launcher-1.12.2.jar:1.12.2]
	at org.apache.maven.surefire.junitplatform.LauncherAdapter.executeWithoutCancellationToken(LauncherAdapter.java:60) ~[surefire-junit-platform-3.5.6.jar:3.5.6]
	at org.apache.maven.surefire.junitplatform.LauncherAdapter.execute(LauncherAdapter.java:52) ~[surefire-junit-platform-3.5.6.jar:3.5.6]
	at org.apache.maven.surefire.junitplatform.JUnitPlatformProvider.execute(JUnitPlatformProvider.java:203) ~[surefire-junit-platform-3.5.6.jar:3.5.6]
	at org.apache.maven.surefire.junitplatform.JUnitPlatformProvider.invokeAllTests(JUnitPlatformProvider.java:168) ~[surefire-junit-platform-3.5.6.jar:3.5.6]
	at org.apache.maven.surefire.junitplatform.JUnitPlatformProvider.invoke(JUnitPlatformProvider.java:136) ~[surefire-junit-platform-3.5.6.jar:3.5.6]
	at org.apache.maven.surefire.booter.ForkedBooter.runSuitesInProcess(ForkedBooter.java:385) ~[surefire-booter-3.5.6.jar:3.5.6]
	at org.apache.maven.surefire.booter.ForkedBooter.execute(ForkedBooter.java:162) ~[surefire-booter-3.5.6.jar:3.5.6]
	at org.apache.maven.surefire.booter.ForkedBooter.run(ForkedBooter.java:507) ~[surefire-booter-3.5.6.jar:3.5.6]
	at org.apache.maven.surefire.booter.ForkedBooter.main(ForkedBooter.java:495) ~[surefire-booter-3.5.6.jar:3.5.6]

2026-09-26T02:00:39.435+02:00 ERROR 45008 --- [agilityhub-core-api] [           main] c.a.c.p.application.jobs.JobRunner       : Job failure hook failed jobRunId=e571dc08-7bf4-42dc-b8e4-304d997cd2c4 job=CLEANUP clubId=s08-a

java.lang.IllegalStateException: fictional hook failure
	at com.agilityhub.core.clubs.bookings.api.CleanupJobIT$1.failed(CleanupJobIT.java:199) ~[test-classes/:na]
	at com.agilityhub.core.platform.application.jobs.JobRunner.failed(JobRunner.java:238) ~[classes/:na]
	at com.agilityhub.core.platform.application.jobs.JobRunner.run(JobRunner.java:232) ~[classes/:na]
	at com.agilityhub.core.platform.application.jobs.JobRunner.execute(JobRunner.java:165) ~[classes/:na]
	at com.agilityhub.core.platform.application.jobs.JobRunner.scheduled(JobRunner.java:100) ~[classes/:na]
	at com.agilityhub.core.clubs.bookings.api.CleanupJobIT.T_15_27_aRunTheRunnerClosesFailedWhoseHookThrowsDoesNotKeepThePlatformCycle(CleanupJobIT.java:201) ~[test-classes/:na]
	at java.base/jdk.internal.reflect.DirectMethodHandleAccessor.invoke(DirectMethodHandleAccessor.java:103) ~[na:na]
	at java.base/java.lang.reflect.Method.invoke(Method.java:580) ~[na:na]
	at org.junit.platform.commons.util.ReflectionUtils.invokeMethod(ReflectionUtils.java:775) ~[junit-platform-commons-1.12.2.jar:1.12.2]
	at org.junit.platform.commons.support.ReflectionSupport.invokeMethod(ReflectionSupport.java:479) ~[junit-platform-commons-1.12.2.jar:1.12.2]
	at org.junit.jupiter.engine.execution.MethodInvocation.proceed(MethodInvocation.java:60) ~[junit-jupiter-engine-5.12.2.jar:5.12.2]
	at org.junit.jupiter.engine.execution.InvocationInterceptorChain$ValidatingInvocation.proceed(InvocationInterceptorChain.java:131) ~[junit-jupiter-engine-5.12.2.jar:5.12.2]
	at org.junit.jupiter.engine.extension.TimeoutExtension.intercept(TimeoutExtension.java:161) ~[junit-jupiter-engine-5.12.2.jar:5.12.2]
	at org.junit.jupiter.engine.extension.TimeoutExtension.interceptTestableMethod(TimeoutExtension.java:152) ~[junit-jupiter-engine-5.12.2.jar:5.12.2]
	at org.junit.jupiter.engine.extension.TimeoutExtension.interceptTestMethod(TimeoutExtension.java:91) ~[junit-jupiter-engine-5.12.2.jar:5.12.2]
	at org.junit.jupiter.engine.execution.InterceptingExecutableInvoker$ReflectiveInterceptorCall.lambda$ofVoidMethod$0(InterceptingExecutableInvoker.java:112) ~[junit-jupiter-engine-5.12.2.jar:5.12.2]
	at org.junit.jupiter.engine.execution.InterceptingExecutableInvoker.lambda$invoke$0(InterceptingExecutableInvoker.java:94) ~[junit-jupiter-engine-5.12.2.jar:5.12.2]
	at org.junit.jupiter.engine.execution.InvocationInterceptorChain$InterceptedInvocation.proceed(InvocationInterceptorChain.java:106) ~[junit-jupiter-engine-5.12.2.jar:5.12.2]
	at org.junit.jupiter.engine.execution.InvocationInterceptorChain.proceed(InvocationInterceptorChain.java:64) ~[junit-jupiter-engine-5.12.2.jar:5.12.2]
	at org.junit.jupiter.engine.execution.InvocationInterceptorChain.chainAndInvoke(InvocationInterceptorChain.java:45) ~[junit-jupiter-engine-5.12.2.jar:5.12.2]
	at org.junit.jupiter.engine.execution.InvocationInterceptorChain.invoke(InvocationInterceptorChain.java:37) ~[junit-jupiter-engine-5.12.2.jar:5.12.2]
	at org.junit.jupiter.engine.execution.InterceptingExecutableInvoker.invoke(InterceptingExecutableInvoker.java:93) ~[junit-jupiter-engine-5.12.2.jar:5.12.2]
	at org.junit.jupiter.engine.execution.InterceptingExecutableInvoker.invoke(InterceptingExecutableInvoker.java:87) ~[junit-jupiter-engine-5.12.2.jar:5.12.2]
	at org.junit.jupiter.engine.descriptor.TestMethodTestDescriptor.lambda$invokeTestMethod$7(TestMethodTestDescriptor.java:216) ~[junit-jupiter-engine-5.12.2.jar:5.12.2]
	at org.junit.platform.engine.support.hierarchical.ThrowableCollector.execute(ThrowableCollector.java:73) ~[junit-platform-engine-1.12.2.jar:1.12.2]
	at org.junit.jupiter.engine.descriptor.TestMethodTestDescriptor.invokeTestMethod(TestMethodTestDescriptor.java:212) ~[junit-jupiter-engine-5.12.2.jar:5.12.2]
	at org.junit.jupiter.engine.descriptor.TestMethodTestDescriptor.execute(TestMethodTestDescriptor.java:137) ~[junit-jupiter-engine-5.12.2.jar:5.12.2]
	at org.junit.jupiter.engine.descriptor.TestMethodTestDescriptor.execute(TestMethodTestDescriptor.java:69) ~[junit-jupiter-engine-5.12.2.jar:5.12.2]
	at org.junit.platform.engine.support.hierarchical.NodeTestTask.lambda$executeRecursively$6(NodeTestTask.java:156) ~[junit-platform-engine-1.12.2.jar:1.12.2]
	at org.junit.platform.engine.support.hierarchical.ThrowableCollector.execute(ThrowableCollector.java:73) ~[junit-platform-engine-1.12.2.jar:1.12.2]
	at org.junit.platform.engine.support.hierarchical.NodeTestTask.lambda$executeRecursively$8(NodeTestTask.java:146) ~[junit-platform-engine-1.12.2.jar:1.12.2]
	at org.junit.platform.engine.support.hierarchical.Node.around(Node.java:137) ~[junit-platform-engine-1.12.2.jar:1.12.2]
	at org.junit.platform.engine.support.hierarchical.NodeTestTask.lambda$executeRecursively$9(NodeTestTask.java:144) ~[junit-platform-engine-1.12.2.jar:1.12.2]
	at org.junit.platform.engine.support.hierarchical.ThrowableCollector.execute(ThrowableCollector.java:73) ~[junit-platform-engine-1.12.2.jar:1.12.2]
	at org.junit.platform.engine.support.hierarchical.NodeTestTask.executeRecursively(NodeTestTask.java:143) ~[junit-platform-engine-1.12.2.jar:1.12.2]
	at org.junit.platform.engine.support.hierarchical.NodeTestTask.execute(NodeTestTask.java:100) ~[junit-platform-engine-1.12.2.jar:1.12.2]
	at java.base/java.util.ArrayList.forEach(ArrayList.java:1596) ~[na:na]
	at org.junit.platform.engine.support.hierarchical.SameThreadHierarchicalTestExecutorService.invokeAll(SameThreadHierarchicalTestExecutorService.java:41) ~[junit-platform-engine-1.12.2.jar:1.12.2]
	at org.junit.platform.engine.support.hierarchical.NodeTestTask.lambda$executeRecursively$6(NodeTestTask.java:160) ~[junit-platform-engine-1.12.2.jar:1.12.2]
	at org.junit.platform.engine.support.hierarchical.ThrowableCollector.execute(ThrowableCollector.java:73) ~[junit-platform-engine-1.12.2.jar:1.12.2]
	at org.junit.platform.engine.support.hierarchical.NodeTestTask.lambda$executeRecursively$8(NodeTestTask.java:146) ~[junit-platform-engine-1.12.2.jar:1.12.2]
	at org.junit.platform.engine.support.hierarchical.Node.around(Node.java:137) ~[junit-platform-engine-1.12.2.jar:1.12.2]
	at org.junit.platform.engine.support.hierarchical.NodeTestTask.lambda$executeRecursively$9(NodeTestTask.java:144) ~[junit-platform-engine-1.12.2.jar:1.12.2]
	at org.junit.platform.engine.support.hierarchical.ThrowableCollector.execute(ThrowableCollector.java:73) ~[junit-platform-engine-1.12.2.jar:1.12.2]
	at org.junit.platform.engine.support.hierarchical.NodeTestTask.executeRecursively(NodeTestTask.java:143) ~[junit-platform-engine-1.12.2.jar:1.12.2]
	at org.junit.platform.engine.support.hierarchical.NodeTestTask.execute(NodeTestTask.java:100) ~[junit-platform-engine-1.12.2.jar:1.12.2]
	at java.base/java.util.ArrayList.forEach(ArrayList.java:1596) ~[na:na]
	at org.junit.platform.engine.support.hierarchical.SameThreadHierarchicalTestExecutorService.invokeAll(SameThreadHierarchicalTestExecutorService.java:41) ~[junit-platform-engine-1.12.2.jar:1.12.2]
	at org.junit.platform.engine.support.hierarchical.NodeTestTask.lambda$executeRecursively$6(NodeTestTask.java:160) ~[junit-platform-engine-1.12.2.jar:1.12.2]
	at org.junit.platform.engine.support.hierarchical.ThrowableCollector.execute(ThrowableCollector.java:73) ~[junit-platform-engine-1.12.2.jar:1.12.2]
	at org.junit.platform.engine.support.hierarchical.NodeTestTask.lambda$executeRecursively$8(NodeTestTask.java:146) ~[junit-platform-engine-1.12.2.jar:1.12.2]
	at org.junit.platform.engine.support.hierarchical.Node.around(Node.java:137) ~[junit-platform-engine-1.12.2.jar:1.12.2]
	at org.junit.platform.engine.support.hierarchical.NodeTestTask.lambda$executeRecursively$9(NodeTestTask.java:144) ~[junit-platform-engine-1.12.2.jar:1.12.2]
	at org.junit.platform.engine.support.hierarchical.ThrowableCollector.execute(ThrowableCollector.java:73) ~[junit-platform-engine-1.12.2.jar:1.12.2]
	at org.junit.platform.engine.support.hierarchical.NodeTestTask.executeRecursively(NodeTestTask.java:143) ~[junit-platform-engine-1.12.2.jar:1.12.2]
	at org.junit.platform.engine.support.hierarchical.NodeTestTask.execute(NodeTestTask.java:100) ~[junit-platform-engine-1.12.2.jar:1.12.2]
	at org.junit.platform.engine.support.hierarchical.SameThreadHierarchicalTestExecutorService.submit(SameThreadHierarchicalTestExecutorService.java:35) ~[junit-platform-engine-1.12.2.jar:1.12.2]
	at org.junit.platform.engine.support.hierarchical.HierarchicalTestExecutor.execute(HierarchicalTestExecutor.java:57) ~[junit-platform-engine-1.12.2.jar:1.12.2]
	at org.junit.platform.engine.support.hierarchical.HierarchicalTestEngine.execute(HierarchicalTestEngine.java:54) ~[junit-platform-engine-1.12.2.jar:1.12.2]
	at org.junit.platform.launcher.core.EngineExecutionOrchestrator.execute(EngineExecutionOrchestrator.java:201) ~[junit-platform-launcher-1.12.2.jar:1.12.2]
	at org.junit.platform.launcher.core.EngineExecutionOrchestrator.execute(EngineExecutionOrchestrator.java:170) ~[junit-platform-launcher-1.12.2.jar:1.12.2]
	at org.junit.platform.launcher.core.EngineExecutionOrchestrator.execute(EngineExecutionOrchestrator.java:94) ~[junit-platform-launcher-1.12.2.jar:1.12.2]
	at org.junit.platform.launcher.core.EngineExecutionOrchestrator.lambda$execute$0(EngineExecutionOrchestrator.java:59) ~[junit-platform-launcher-1.12.2.jar:1.12.2]
	at org.junit.platform.launcher.core.EngineExecutionOrchestrator.withInterceptedStreams(EngineExecutionOrchestrator.java:142) ~[junit-platform-launcher-1.12.2.jar:1.12.2]
	at org.junit.platform.launcher.core.EngineExecutionOrchestrator.execute(EngineExecutionOrchestrator.java:58) ~[junit-platform-launcher-1.12.2.jar:1.12.2]
	at org.junit.platform.launcher.core.DefaultLauncher.execute(DefaultLauncher.java:103) ~[junit-platform-launcher-1.12.2.jar:1.12.2]
	at org.junit.platform.launcher.core.DefaultLauncher.execute(DefaultLauncher.java:85) ~[junit-platform-launcher-1.12.2.jar:1.12.2]
	at org.junit.platform.launcher.core.DelegatingLauncher.execute(DelegatingLauncher.java:47) ~[junit-platform-launcher-1.12.2.jar:1.12.2]
	at org.junit.platform.launcher.core.InterceptingLauncher.lambda$execute$1(InterceptingLauncher.java:39) ~[junit-platform-launcher-1.12.2.jar:1.12.2]
	at org.junit.platform.launcher.core.ClasspathAlignmentCheckingLauncherInterceptor.intercept(ClasspathAlignmentCheckingLauncherInterceptor.java:25) ~[junit-platform-launcher-1.12.2.jar:1.12.2]
	at org.junit.platform.launcher.core.InterceptingLauncher.execute(InterceptingLauncher.java:38) ~[junit-platform-launcher-1.12.2.jar:1.12.2]
	at org.junit.platform.launcher.core.DelegatingLauncher.execute(DelegatingLauncher.java:47) ~[junit-platform-launcher-1.12.2.jar:1.12.2]
	at org.apache.maven.surefire.junitplatform.LauncherAdapter.executeWithoutCancellationToken(LauncherAdapter.java:60) ~[surefire-junit-platform-3.5.6.jar:3.5.6]
	at org.apache.maven.surefire.junitplatform.LauncherAdapter.execute(LauncherAdapter.java:52) ~[surefire-junit-platform-3.5.6.jar:3.5.6]
	at org.apache.maven.surefire.junitplatform.JUnitPlatformProvider.execute(JUnitPlatformProvider.java:203) ~[surefire-junit-platform-3.5.6.jar:3.5.6]
	at org.apache.maven.surefire.junitplatform.JUnitPlatformProvider.invokeAllTests(JUnitPlatformProvider.java:168) ~[surefire-junit-platform-3.5.6.jar:3.5.6]
	at org.apache.maven.surefire.junitplatform.JUnitPlatformProvider.invoke(JUnitPlatformProvider.java:136) ~[surefire-junit-platform-3.5.6.jar:3.5.6]
	at org.apache.maven.surefire.booter.ForkedBooter.runSuitesInProcess(ForkedBooter.java:385) ~[surefire-booter-3.5.6.jar:3.5.6]
	at org.apache.maven.surefire.booter.ForkedBooter.execute(ForkedBooter.java:162) ~[surefire-booter-3.5.6.jar:3.5.6]
	at org.apache.maven.surefire.booter.ForkedBooter.run(ForkedBooter.java:507) ~[surefire-booter-3.5.6.jar:3.5.6]
	at org.apache.maven.surefire.booter.ForkedBooter.main(ForkedBooter.java:495) ~[surefire-booter-3.5.6.jar:3.5.6]

E5-T05 cleanup JobRun dry  {"_id": "bf513a21-2588-4587-a63a-a66226553667", "clubId": "s08-a", "job": "CLEANUP", "scheduledFor": {"$date": "2026-10-06T04:00:00Z"}, "scheduledForLocal": "2026-10-06T06:00", "timeZone": "Europe/Madrid", "trigger": "MANUAL", "dryRun": true, "status": "SUCCEEDED", "startedAt": {"$date": "2026-10-06T04:00:00Z"}, "finishedAt": {"$date": "2026-10-06T04:00:00Z"}, "durationMs": 0, "counters": [{"key": "ttlPendingSeatHolds", "value": 1}, {"key": "ttlPendingMagicLinkTokens", "value": 1}, {"key": "ttlPendingIdempotencyRecords", "value": 1}, {"key": "ttlPendingJobLocks", "value": 1}, {"key": "ttlPendingSignupNotificationAdmissions", "value": 1}, {"key": "ttlPendingRingSlotLocks", "value": 1}, {"key": "platformPass", "value": 0}, {"key": "WOULD_DELETE_orphanUploads", "value": 3}, {"key": "WOULD_DELETE_exports", "value": 1}, {"key": "WOULD_DELETE_domainEvents", "value": 1}, {"key": "WOULD_DELETE_stripeEvents", "value": 0}, {"key": "WOULD_DELETE_jobRuns", "value": 3}, {"key": "WOULD_DELETE", "value": 6}], "items": [{"entityType": "SignupUpload", "entityId": "signup/s08-a/202610/6941861c-b1b0-4048-8d1a-d586f452f06e-orphan-1/card.pdf", "action": "WOULD_DELETE", "detail": []}, {"entityType": "SignupUpload", "entityId": "signup/s08-a/202610/6941861c-b1b0-4048-8d1a-d586f452f06e-orphan-2/card.pdf", "action": "WOULD_DELETE", "detail": []}, {"entityType": "SignupUpload", "entityId": "signup/s08-a/202610/6941861c-b1b0-4048-8d1a-d586f452f06e-orphan-3/card.pdf", "action": "WOULD_DELETE", "detail": []}, {"entityType": "ExportJob", "entityId": "s08-export-old", "action": "WOULD_DELETE", "detail": []}, {"entityType": "DomainEvents", "entityId": "domain_events", "action": "WOULD_DELETE", "detail": [{"key": "count", "value": 1}]}, {"entityType": "JobRuns", "entityId": "RISK_REVIEW", "action": "WOULD_DELETE", "detail": [{"key": "count", "value": 3}]}], "errors": [], "actorAccountId": "s08-admin", "parametersSnapshot": [{"key": "jobs.cleanup.enabled", "value": true}, {"key": "jobs.dailyTime", "value": "06:00"}, {"key": "jobs.retention.orphanUploadsHours", "value": 48}, {"key": "jobs.retention.exportFilesDays", "value": 7}, {"key": "jobs.retention.domainEventsDays", "value": 90}, {"key": "jobs.retention.stripeEventsDays", "value": 400}, {"key": "jobs.retention.jobRunsDays", "value": 90}], "exclusive": false, "holder": "482545ec-51f7-4b85-a6d0-1ad9f15facdf:28bd652a-a642-412a-8255-aebb7177ba25", "leaseExpired": false, "_class": "com.agilityhub.core.platform.persistence.jobs.JobRun"}
E5-T05 cleanup JobRun real {"_id": "ac8ae022-dc3e-4b02-9478-ba4be716a44c", "clubId": "s08-a", "job": "CLEANUP", "scheduledFor": {"$date": "2026-10-06T04:00:00Z"}, "scheduledForLocal": "2026-10-06T06:00", "timeZone": "Europe/Madrid", "trigger": "SCHEDULE", "dryRun": false, "status": "SUCCEEDED", "startedAt": {"$date": "2026-10-06T04:00:00Z"}, "finishedAt": {"$date": "2026-10-06T04:00:00Z"}, "durationMs": 0, "counters": [{"key": "ttlPendingSeatHolds", "value": 1}, {"key": "ttlPendingMagicLinkTokens", "value": 1}, {"key": "ttlPendingIdempotencyRecords", "value": 1}, {"key": "ttlPendingJobLocks", "value": 1}, {"key": "ttlPendingSignupNotificationAdmissions", "value": 1}, {"key": "ttlPendingRingSlotLocks", "value": 1}, {"key": "platformPass", "value": 0}, {"key": "orphanUploadsDeleted", "value": 3}, {"key": "exportsPurged", "value": 1}, {"key": "domainEventsDeleted", "value": 1}, {"key": "stripeEventsDeleted", "value": 0}, {"key": "jobRunsDeleted", "value": 3}, {"key": "platformDomainEventsDeleted", "value": 0}, {"key": "platformJobRunsDeleted", "value": 0}], "items": [{"entityType": "SignupUpload", "entityId": "signup/s08-a/202610/6941861c-b1b0-4048-8d1a-d586f452f06e-orphan-1/card.pdf", "action": "DELETE", "detail": []}, {"entityType": "SignupUpload", "entityId": "signup/s08-a/202610/6941861c-b1b0-4048-8d1a-d586f452f06e-orphan-2/card.pdf", "action": "DELETE", "detail": []}, {"entityType": "SignupUpload", "entityId": "signup/s08-a/202610/6941861c-b1b0-4048-8d1a-d586f452f06e-orphan-3/card.pdf", "action": "DELETE", "detail": []}, {"entityType": "ExportJob", "entityId": "s08-export-old", "action": "DELETE", "detail": []}, {"entityType": "DomainEvents", "entityId": "domain_events", "action": "DELETE", "detail": [{"key": "count", "value": 1}]}, {"entityType": "JobRuns", "entityId": "RISK_REVIEW", "action": "DELETE", "detail": [{"key": "count", "value": 3}]}], "errors": [], "parametersSnapshot": [{"key": "jobs.cleanup.enabled", "value": true}, {"key": "jobs.dailyTime", "value": "06:00"}, {"key": "jobs.retention.orphanUploadsHours", "value": 48}, {"key": "jobs.retention.exportFilesDays", "value": 7}, {"key": "jobs.retention.domainEventsDays", "value": 90}, {"key": "jobs.retention.stripeEventsDays", "value": 400}, {"key": "jobs.retention.jobRunsDays", "value": 90}], "exclusive": true, "holder": "482545ec-51f7-4b85-a6d0-1ad9f15facdf:50ff4ab2-7820-4bad-87c4-3adbfe3ffe40", "leaseExpired": false, "_class": "com.agilityhub.core.platform.persistence.jobs.JobRun"}
2026-09-26T02:00:40.379+02:00 ERROR 45008 --- [agilityhub-core-api] [           main] c.a.c.p.application.jobs.JobRunner       : Job lease expired jobRunId=s08-dead-cleanup job=CLEANUP clubId=s08-a
2026-09-26T02:00:40.380+02:00  WARN 45008 --- [agilityhub-core-api] [           main] c.a.c.c.common.application.CleanupJob    : Cleanup platform cycle released by a failed run jobRunId=s08-dead-cleanup clubId=s08-a
[INFO] Tests run: 6, Failures: 0, Errors: 0, Skipped: 0, Time elapsed: 1.974 s -- in com.agilityhub.core.clubs.bookings.api.CleanupJobIT
[INFO] Running com.agilityhub.core.clubs.bookings.api.MemberAggregatesIT
2026-09-26T02:00:40.830+02:00  INFO 45008 --- [agilityhub-core-api] [           main] t.c.s.AnnotationConfigContextLoaderUtils : Could not detect default configuration classes for test class [com.agilityhub.core.clubs.bookings.api.MemberAggregatesIT]: MemberAggregatesIT does not declare any static, non-private, non-final, nested classes annotated with @Configuration.
2026-09-26T02:00:40.832+02:00  INFO 45008 --- [agilityhub-core-api] [           main] .b.t.c.SpringBootTestContextBootstrapper : Found @SpringBootConfiguration com.agilityhub.core.CoreApplication for test class com.agilityhub.core.clubs.bookings.api.MemberAggregatesIT
[INFO] Tests run: 6, Failures: 0, Errors: 0, Skipped: 0, Time elapsed: 2.361 s -- in com.agilityhub.core.clubs.bookings.api.MemberAggregatesIT
[INFO] Running com.agilityhub.core.clubs.census.api.SignupSecurityFixesIT
2026-09-26T02:00:43.192+02:00  INFO 45008 --- [agilityhub-core-api] [           main] t.c.s.AnnotationConfigContextLoaderUtils : Could not detect default configuration classes for test class [com.agilityhub.core.clubs.census.api.SignupSecurityFixesIT]: SignupSecurityFixesIT does not declare any static, non-private, non-final, nested classes annotated with @Configuration.
2026-09-26T02:00:43.225+02:00  INFO 45008 --- [agilityhub-core-api] [           main] .b.t.c.SpringBootTestContextBootstrapper : Found @SpringBootConfiguration com.agilityhub.core.CoreApplication for test class com.agilityhub.core.clubs.census.api.SignupSecurityFixesIT

  .   ____          _            __ _ _
 /\\ / ___'_ __ _ _(_)_ __  __ _ \ \ \ \
( ( )\___ | '_ | '_| | '_ \/ _` | \ \ \ \
 \\/  ___)| |_)| | | | | || (_| |  ) ) ) )
  '  |____| .__|_| |_|_| |_\__, | / / / /
 =========|_|==============|___/=/_/_/_/

 :: Spring Boot ::               (v3.5.16)

2026-09-26T02:00:43.251+02:00  INFO 45008 --- [agilityhub-core-api] [           main] c.a.c.c.c.api.SignupSecurityFixesIT      : Starting SignupSecurityFixesIT using Java 21.0.12.1 with PID 45008 (started by jordib in /Users/jordib/dev/agilityhub/agilityhub-core-api)
2026-09-26T02:00:43.252+02:00  INFO 45008 --- [agilityhub-core-api] [           main] c.a.c.c.c.api.SignupSecurityFixesIT      : The following 1 profile is active: "test"
2026-09-26T02:00:43.493+02:00  INFO 45008 --- [agilityhub-core-api] [           main] .s.d.r.c.RepositoryConfigurationDelegate : Bootstrapping Spring Data MongoDB repositories in DEFAULT mode.
2026-09-26T02:00:43.519+02:00  INFO 45008 --- [agilityhub-core-api] [           main] .s.d.r.c.RepositoryConfigurationDelegate : Finished Spring Data repository scanning in 25 ms. Found 0 MongoDB repository interfaces.
2026-09-26T02:00:43.589+02:00  INFO 45008 --- [agilityhub-core-api] [           main] org.mongodb.driver.client                : MongoClient with metadata {"driver": {"name": "mongo-java-driver|sync|spring-boot", "version": "5.5.2"}, "os": {"type": "Darwin", "name": "Mac OS X", "architecture": "aarch64", "version": "26.4.1"}, "platform": "Java/Homebrew/21.0.12.1"} created with settings MongoClientSettings{readPreference=primary, writeConcern=WriteConcern{w=null, wTimeout=null ms, journal=null}, retryWrites=true, retryReads=true, readConcern=ReadConcern{level=null}, credential=null, transportSettings=null, commandListeners=[io.micrometer.core.instrument.binder.mongodb.MongoMetricsCommandListener@67988c07], codecRegistry=ProvidersCodecRegistry{codecProviders=[ValueCodecProvider{}, BsonValueCodecProvider{}, DBRefCodecProvider{}, DBObjectCodecProvider{}, DocumentCodecProvider{}, CollectionCodecProvider{}, IterableCodecProvider{}, MapCodecProvider{}, GeoJsonCodecProvider{}, GridFSFileCodecProvider{}, Jsr310CodecProvider{}, JsonObjectCodecProvider{}, BsonCodecProvider{}, EnumCodecProvider{}, com.mongodb.client.model.mql.ExpressionCodecProvider@3d4bc978, com.mongodb.Jep395RecordCodecProvider@34a69e59, com.mongodb.KotlinCodecProvider@6b8fbed4]}, loggerSettings=LoggerSettings{maxDocumentLength=1000}, clusterSettings={hosts=[localhost:61793], srvServiceName=mongodb, mode=SINGLE, requiredClusterType=UNKNOWN, requiredReplicaSetName='null', serverSelector='null', clusterListeners='[]', serverSelectionTimeout='30000 ms', localThreshold='15 ms'}, socketSettings=SocketSettings{connectTimeoutMS=10000, readTimeoutMS=0, receiveBufferSize=0, proxySettings=ProxySettings{host=null, port=null, username=null, password=null}}, heartbeatSocketSettings=SocketSettings{connectTimeoutMS=10000, readTimeoutMS=10000, receiveBufferSize=0, proxySettings=ProxySettings{host=null, port=null, username=null, password=null}}, connectionPoolSettings=ConnectionPoolSettings{maxSize=100, minSize=0, maxWaitTimeMS=120000, maxConnectionLifeTimeMS=0, maxConnectionIdleTimeMS=0, maintenanceInitialDelayMS=0, maintenanceFrequencyMS=60000, connectionPoolListeners=[io.micrometer.core.instrument.binder.mongodb.MongoMetricsConnectionPoolListener@3a1b7652], maxConnecting=2}, serverSettings=ServerSettings{heartbeatFrequencyMS=10000, minHeartbeatFrequencyMS=500, serverMonitoringMode=AUTO, serverListeners='[]', serverMonitorListeners='[]'}, sslSettings=SslSettings{enabled=false, invalidHostNameAllowed=false, context=null}, applicationName='null', compressorList=[], uuidRepresentation=JAVA_LEGACY, serverApi=null, autoEncryptionSettings=null, dnsClient=null, inetAddressResolver=null, contextProvider=null, timeoutMS=null}
2026-09-26T02:00:43.591+02:00  INFO 45008 --- [agilityhub-core-api] [localhost:61793] org.mongodb.driver.cluster               : Monitor thread successfully connected to server with description ServerDescription{address=localhost:61793, type=REPLICA_SET_PRIMARY, cryptd=false, state=CONNECTED, ok=true, minWireVersion=0, maxWireVersion=21, maxDocumentSize=16777216, logicalSessionTimeoutMinutes=30, roundTripTimeNanos=1502500, minRoundTripTimeNanos=0, setName='docker-rs', canonicalAddress=6773c23cbb92:27017, hosts=[6773c23cbb92:27017], passives=[], arbiters=[], primary='6773c23cbb92:27017', tagSet=TagSet{[]}, electionId=7fffffff0000000000000001, setVersion=1, topologyVersion=TopologyVersion{processId=6ab70b10d7b1d9ae21f1df95, counter=6}, lastWriteDate=Sat Sep 26 02:00:43 CEST 2026, lastUpdateTimeNanos=184648965666916}
2026-09-26T02:00:44.262+02:00  INFO 45008 --- [agilityhub-core-api] [           main] o.s.b.t.m.w.SpringBootMockServletContext : Initializing Spring TestDispatcherServlet ''
2026-09-26T02:00:44.262+02:00  INFO 45008 --- [agilityhub-core-api] [           main] o.s.t.web.servlet.TestDispatcherServlet  : Initializing Servlet ''
2026-09-26T02:00:44.262+02:00  INFO 45008 --- [agilityhub-core-api] [           main] o.s.t.web.servlet.TestDispatcherServlet  : Completed initialization in 0 ms
2026-09-26T02:00:44.272+02:00  INFO 45008 --- [agilityhub-core-api] [           main] c.a.c.c.c.api.SignupSecurityFixesIT      : Started SignupSecurityFixesIT in 1.046 seconds (process running for 29.029)
2026-09-26T02:00:44.307+02:00  INFO 45008 --- [agilityhub-core-api] [           main] c.a.c.c.c.persistence.CensusPersistence  : Dog.nameKey migrated for 26 dogs
2026-09-26T02:00:44.575+02:00  INFO 45008 --- [agilityhub-core-api] [           main] c.a.c.c.c.persistence.CensusPersistence  : Dog.nameKey migrated for 1 dogs
2026-09-26T02:00:45.492+02:00  INFO 45008 --- [agilityhub-core-api] [           main] c.a.c.c.c.a.SignupNotifications          : Signup notification capped per recipient code=N-39 clubId=sec-2de07b3d-d8e8-4dfa-b83f-a93015e09214 recipientHash=4QkZ8T-f46Muo8hUCcsWvS91UnqMY310_uFJk51bkJI
2026-09-26T02:00:45.500+02:00  INFO 45008 --- [agilityhub-core-api] [           main] c.a.c.c.c.a.SignupNotifications          : Signup notification capped per recipient code=N-39 clubId=sec-2de07b3d-d8e8-4dfa-b83f-a93015e09214 recipientHash=4QkZ8T-f46Muo8hUCcsWvS91UnqMY310_uFJk51bkJI
2026-09-26T02:00:45.751+02:00  INFO 45008 --- [agilityhub-core-api] [           main] c.a.c.c.c.a.SignupNotifications          : Signup notification capped per recipient code=N-39 clubId=sec-0ce3c375-3930-4617-81f4-bf3e5b53f431 recipientHash=7F7ZjmLtv6kjIx4eNW3DSg-03rjWP9Ot7U60Ggvwl5Q
2026-09-26T02:00:45.761+02:00  INFO 45008 --- [agilityhub-core-api] [           main] c.a.c.c.c.a.SignupNotifications          : Signup notification capped per recipient code=N-39 clubId=sec-0ce3c375-3930-4617-81f4-bf3e5b53f431 recipientHash=7F7ZjmLtv6kjIx4eNW3DSg-03rjWP9Ot7U60Ggvwl5Q
2026-09-26T02:00:45.987+02:00  INFO 45008 --- [agilityhub-core-api] [           main] c.a.c.c.c.a.SignupNotifications          : Signup notification capped per recipient code=N-01 clubId=sec-0ce3c375-3930-4617-81f4-bf3e5b53f431 recipientHash=2fDwX9jxgc8gY3dMAB7Wx0oCyLUeAf82uwC3RA0isq8
2026-09-26T02:00:46.004+02:00  INFO 45008 --- [agilityhub-core-api] [           main] c.a.c.c.c.a.SignupNotifications          : Signup notification capped per recipient code=N-01 clubId=sec-0ce3c375-3930-4617-81f4-bf3e5b53f431 recipientHash=2fDwX9jxgc8gY3dMAB7Wx0oCyLUeAf82uwC3RA0isq8
2026-09-26T02:00:46.021+02:00  INFO 45008 --- [agilityhub-core-api] [           main] c.a.c.c.c.a.SignupNotifications          : Signup notification capped per recipient code=N-01 clubId=sec-0ce3c375-3930-4617-81f4-bf3e5b53f431 recipientHash=2fDwX9jxgc8gY3dMAB7Wx0oCyLUeAf82uwC3RA0isq8
2026-09-26T02:00:47.415+02:00  WARN 45008 --- [agilityhub-core-api] [           main] c.a.core.shared.api.ApiExceptionHandler  : Framework request rejected code=VALIDATION_ERROR traceId=78706d06-7d86-4573-acad-16f74cbf47a3
2026-09-26T02:00:47.417+02:00  WARN 45008 --- [agilityhub-core-api] [           main] c.a.core.shared.api.ApiExceptionHandler  : Framework request rejected code=VALIDATION_ERROR traceId=360837a1-b668-4f28-b921-9c23705a41c2
2026-09-26T02:00:47.418+02:00  WARN 45008 --- [agilityhub-core-api] [           main] c.a.core.shared.api.ApiExceptionHandler  : Framework request rejected code=VALIDATION_ERROR traceId=290b56f6-bf46-4c6c-85f3-c7bbd6e86cdb
2026-09-26T02:00:47.420+02:00  WARN 45008 --- [agilityhub-core-api] [           main] c.a.core.shared.api.ApiExceptionHandler  : Framework request rejected code=VALIDATION_ERROR traceId=c7a3b4f2-5bb6-451c-ac03-209dceb25949
2026-09-26T02:00:47.424+02:00  WARN 45008 --- [agilityhub-core-api] [           main] c.a.core.shared.api.ApiExceptionHandler  : Framework request rejected code=VALIDATION_ERROR traceId=e6a0b2e4-ccb4-481b-bff3-854c15072271
2026-09-26T02:00:47.581+02:00  WARN 45008 --- [agilityhub-core-api] [           main] c.n.schema.UnknownKeywordFactory         : Unknown keyword components - you should define your own Meta Schema. If the keyword is irrelevant for validation, just use a NonValidationKeyword or if it should generate annotations AnnotationKeyword
[INFO] Tests run: 30, Failures: 0, Errors: 0, Skipped: 0, Time elapsed: 7.021 s -- in com.agilityhub.core.clubs.census.api.SignupSecurityFixesIT
[INFO] Running com.agilityhub.core.clubs.census.api.CensusIT
2026-09-26T02:00:50.215+02:00  INFO 45008 --- [agilityhub-core-api] [           main] t.c.s.AnnotationConfigContextLoaderUtils : Could not detect default configuration classes for test class [com.agilityhub.core.clubs.census.api.CensusIT]: CensusIT does not declare any static, non-private, non-final, nested classes annotated with @Configuration.
2026-09-26T02:00:50.216+02:00  INFO 45008 --- [agilityhub-core-api] [           main] .b.t.c.SpringBootTestContextBootstrapper : Found @SpringBootConfiguration com.agilityhub.core.CoreApplication for test class com.agilityhub.core.clubs.census.api.CensusIT

  .   ____          _            __ _ _
 /\\ / ___'_ __ _ _(_)_ __  __ _ \ \ \ \
( ( )\___ | '_ | '_| | '_ \/ _` | \ \ \ \
 \\/  ___)| |_)| | | | | || (_| |  ) ) ) )
  '  |____| .__|_| |_|_| |_\__, | / / / /
 =========|_|==============|___/=/_/_/_/

 :: Spring Boot ::               (v3.5.16)

2026-09-26T02:00:50.226+02:00  INFO 45008 --- [agilityhub-core-api] [           main] c.a.core.clubs.census.api.CensusIT       : Starting CensusIT using Java 21.0.12.1 with PID 45008 (started by jordib in /Users/jordib/dev/agilityhub/agilityhub-core-api)
2026-09-26T02:00:50.226+02:00  INFO 45008 --- [agilityhub-core-api] [           main] c.a.core.clubs.census.api.CensusIT       : The following 1 profile is active: "test"
2026-09-26T02:00:50.403+02:00  INFO 45008 --- [agilityhub-core-api] [           main] .s.d.r.c.RepositoryConfigurationDelegate : Bootstrapping Spring Data MongoDB repositories in DEFAULT mode.
2026-09-26T02:00:50.422+02:00  INFO 45008 --- [agilityhub-core-api] [           main] .s.d.r.c.RepositoryConfigurationDelegate : Finished Spring Data repository scanning in 18 ms. Found 0 MongoDB repository interfaces.
2026-09-26T02:00:50.453+02:00  INFO 45008 --- [agilityhub-core-api] [           main] o.s.b.w.embedded.tomcat.TomcatWebServer  : Tomcat initialized with port 0 (http)
2026-09-26T02:00:50.453+02:00  INFO 45008 --- [agilityhub-core-api] [           main] o.apache.catalina.core.StandardService   : Starting service [Tomcat]
2026-09-26T02:00:50.453+02:00  INFO 45008 --- [agilityhub-core-api] [           main] o.apache.catalina.core.StandardEngine    : Starting Servlet engine: [Apache Tomcat/10.1.55]
2026-09-26T02:00:50.461+02:00  INFO 45008 --- [agilityhub-core-api] [           main] o.a.c.c.C.[Tomcat-2].[localhost].[/]     : Initializing Spring embedded WebApplicationContext
2026-09-26T02:00:50.461+02:00  INFO 45008 --- [agilityhub-core-api] [           main] w.s.c.ServletWebServerApplicationContext : Root WebApplicationContext: initialization completed in 235 ms
2026-09-26T02:00:50.476+02:00  INFO 45008 --- [agilityhub-core-api] [           main] org.mongodb.driver.client                : MongoClient with metadata {"driver": {"name": "mongo-java-driver|sync|spring-boot", "version": "5.5.2"}, "os": {"type": "Darwin", "name": "Mac OS X", "architecture": "aarch64", "version": "26.4.1"}, "platform": "Java/Homebrew/21.0.12.1"} created with settings MongoClientSettings{readPreference=primary, writeConcern=WriteConcern{w=null, wTimeout=null ms, journal=null}, retryWrites=true, retryReads=true, readConcern=ReadConcern{level=null}, credential=null, transportSettings=null, commandListeners=[io.micrometer.core.instrument.binder.mongodb.MongoMetricsCommandListener@1d036789], codecRegistry=ProvidersCodecRegistry{codecProviders=[ValueCodecProvider{}, BsonValueCodecProvider{}, DBRefCodecProvider{}, DBObjectCodecProvider{}, DocumentCodecProvider{}, CollectionCodecProvider{}, IterableCodecProvider{}, MapCodecProvider{}, GeoJsonCodecProvider{}, GridFSFileCodecProvider{}, Jsr310CodecProvider{}, JsonObjectCodecProvider{}, BsonCodecProvider{}, EnumCodecProvider{}, com.mongodb.client.model.mql.ExpressionCodecProvider@3d4bc978, com.mongodb.Jep395RecordCodecProvider@34a69e59, com.mongodb.KotlinCodecProvider@6b8fbed4]}, loggerSettings=LoggerSettings{maxDocumentLength=1000}, clusterSettings={hosts=[localhost:61793], srvServiceName=mongodb, mode=SINGLE, requiredClusterType=UNKNOWN, requiredReplicaSetName='null', serverSelector='null', clusterListeners='[]', serverSelectionTimeout='30000 ms', localThreshold='15 ms'}, socketSettings=SocketSettings{connectTimeoutMS=10000, readTimeoutMS=0, receiveBufferSize=0, proxySettings=ProxySettings{host=null, port=null, username=null, password=null}}, heartbeatSocketSettings=SocketSettings{connectTimeoutMS=10000, readTimeoutMS=10000, receiveBufferSize=0, proxySettings=ProxySettings{host=null, port=null, username=null, password=null}}, connectionPoolSettings=ConnectionPoolSettings{maxSize=100, minSize=0, maxWaitTimeMS=120000, maxConnectionLifeTimeMS=0, maxConnectionIdleTimeMS=0, maintenanceInitialDelayMS=0, maintenanceFrequencyMS=60000, connectionPoolListeners=[io.micrometer.core.instrument.binder.mongodb.MongoMetricsConnectionPoolListener@5871851e], maxConnecting=2}, serverSettings=ServerSettings{heartbeatFrequencyMS=10000, minHeartbeatFrequencyMS=500, serverMonitoringMode=AUTO, serverListeners='[]', serverMonitorListeners='[]'}, sslSettings=SslSettings{enabled=false, invalidHostNameAllowed=false, context=null}, applicationName='null', compressorList=[], uuidRepresentation=JAVA_LEGACY, serverApi=null, autoEncryptionSettings=null, dnsClient=null, inetAddressResolver=null, contextProvider=null, timeoutMS=null}
2026-09-26T02:00:50.478+02:00  INFO 45008 --- [agilityhub-core-api] [localhost:61793] org.mongodb.driver.cluster               : Monitor thread successfully connected to server with description ServerDescription{address=localhost:61793, type=REPLICA_SET_PRIMARY, cryptd=false, state=CONNECTED, ok=true, minWireVersion=0, maxWireVersion=21, maxDocumentSize=16777216, logicalSessionTimeoutMinutes=30, roundTripTimeNanos=1585958, minRoundTripTimeNanos=0, setName='docker-rs', canonicalAddress=6773c23cbb92:27017, hosts=[6773c23cbb92:27017], passives=[], arbiters=[], primary='6773c23cbb92:27017', tagSet=TagSet{[]}, electionId=7fffffff0000000000000001, setVersion=1, topologyVersion=TopologyVersion{processId=6ab70b10d7b1d9ae21f1df95, counter=6}, lastWriteDate=Sat Sep 26 02:00:50 CEST 2026, lastUpdateTimeNanos=184655847954291}
2026-09-26T02:00:50.575+02:00  INFO 45008 --- [agilityhub-core-api] [           main] o.s.boot.web.servlet.RegistrationBean    : Filter rateLimitFilter was not registered (disabled)
2026-09-26T02:00:50.913+02:00  INFO 45008 --- [agilityhub-core-api] [           main] o.a.c.c.C.[Tomcat-2].[localhost].[/]     : Initializing Spring TestDispatcherServlet ''
2026-09-26T02:00:50.913+02:00  INFO 45008 --- [agilityhub-core-api] [           main] o.s.t.web.servlet.TestDispatcherServlet  : Initializing Servlet ''
2026-09-26T02:00:50.913+02:00  INFO 45008 --- [agilityhub-core-api] [           main] o.s.t.web.servlet.TestDispatcherServlet  : Completed initialization in 0 ms
2026-09-26T02:00:50.920+02:00  INFO 45008 --- [agilityhub-core-api] [           main] o.s.b.w.embedded.tomcat.TomcatWebServer  : Tomcat started on port 61815 (http) with context path '/'
2026-09-26T02:00:50.931+02:00  INFO 45008 --- [agilityhub-core-api] [           main] o.s.b.w.embedded.tomcat.TomcatWebServer  : Tomcat initialized with port 0 (http)
2026-09-26T02:00:50.932+02:00  INFO 45008 --- [agilityhub-core-api] [           main] o.apache.catalina.core.StandardService   : Starting service [Tomcat]
2026-09-26T02:00:50.932+02:00  INFO 45008 --- [agilityhub-core-api] [           main] o.apache.catalina.core.StandardEngine    : Starting Servlet engine: [Apache Tomcat/10.1.55]
2026-09-26T02:00:50.940+02:00  INFO 45008 --- [agilityhub-core-api] [           main] o.a.c.c.C.[Tomcat-3].[localhost].[/]     : Initializing Spring embedded WebApplicationContext
2026-09-26T02:00:50.940+02:00  INFO 45008 --- [agilityhub-core-api] [           main] w.s.c.ServletWebServerApplicationContext : Root WebApplicationContext: initialization completed in 19 ms
2026-09-26T02:00:50.943+02:00  INFO 45008 --- [agilityhub-core-api] [           main] o.s.b.a.e.web.EndpointLinksResolver      : Exposing 2 endpoints beneath base path '/actuator'
2026-09-26T02:00:50.951+02:00  INFO 45008 --- [agilityhub-core-api] [           main] o.s.b.w.embedded.tomcat.TomcatWebServer  : Tomcat started on port 61816 (http) with context path '/'
2026-09-26T02:00:50.953+02:00  INFO 45008 --- [agilityhub-core-api] [           main] c.a.core.clubs.census.api.CensusIT       : Started CensusIT in 0.736 seconds (process running for 35.705)
2026-09-26T02:00:50.992+02:00  INFO 45008 --- [agilityhub-core-api] [           main] c.a.c.c.c.persistence.CensusPersistence  : Dog.nameKey migrated for 30 dogs
2026-09-26T02:00:51.259+02:00  INFO 45008 --- [agilityhub-core-api] [omcat-handler-0] o.a.c.c.C.[Tomcat-2].[localhost].[/]     : Initializing Spring DispatcherServlet 'dispatcherServlet'
2026-09-26T02:00:51.259+02:00  INFO 45008 --- [agilityhub-core-api] [omcat-handler-0] o.s.web.servlet.DispatcherServlet        : Initializing Servlet 'dispatcherServlet'
2026-09-26T02:00:51.260+02:00  INFO 45008 --- [agilityhub-core-api] [omcat-handler-0] o.s.web.servlet.DispatcherServlet        : Completed initialization in 1 ms
2026-09-26T02:00:51.830+02:00  WARN 45008 --- [agilityhub-core-api] [           main] c.a.core.shared.api.ApiExceptionHandler  : Framework request rejected code=VALIDATION_ERROR traceId=75e33880-c3d0-451b-847a-c3e58faa6c7e
2026-09-26T02:00:52.014+02:00  WARN 45008 --- [agilityhub-core-api] [           main] c.a.core.shared.api.ApiExceptionHandler  : Framework request rejected code=VALIDATION_ERROR traceId=8aeefc15-13d7-43bf-a5a5-7b92372b7115
[INFO] Tests run: 41, Failures: 0, Errors: 0, Skipped: 0, Time elapsed: 4.351 s -- in com.agilityhub.core.clubs.census.api.CensusIT
[INFO] Running com.agilityhub.core.clubs.census.api.SignupPaymentMethodsIT
2026-09-26T02:00:54.566+02:00  INFO 45008 --- [agilityhub-core-api] [           main] t.c.s.AnnotationConfigContextLoaderUtils : Could not detect default configuration classes for test class [com.agilityhub.core.clubs.census.api.SignupPaymentMethodsIT]: SignupPaymentMethodsIT does not declare any static, non-private, non-final, nested classes annotated with @Configuration.
2026-09-26T02:00:54.567+02:00  INFO 45008 --- [agilityhub-core-api] [           main] .b.t.c.SpringBootTestContextBootstrapper : Found @SpringBootConfiguration com.agilityhub.core.CoreApplication for test class com.agilityhub.core.clubs.census.api.SignupPaymentMethodsIT
[INFO] Tests run: 8, Failures: 0, Errors: 0, Skipped: 0, Time elapsed: 0.903 s -- in com.agilityhub.core.clubs.census.api.SignupPaymentMethodsIT
[INFO] Running com.agilityhub.core.clubs.census.api.SignupFollowUpFixesIT
2026-09-26T02:00:55.470+02:00  INFO 45008 --- [agilityhub-core-api] [           main] t.c.s.AnnotationConfigContextLoaderUtils : Could not detect default configuration classes for test class [com.agilityhub.core.clubs.census.api.SignupFollowUpFixesIT]: SignupFollowUpFixesIT does not declare any static, non-private, non-final, nested classes annotated with @Configuration.
2026-09-26T02:00:55.471+02:00  INFO 45008 --- [agilityhub-core-api] [           main] .b.t.c.SpringBootTestContextBootstrapper : Found @SpringBootConfiguration com.agilityhub.core.CoreApplication for test class com.agilityhub.core.clubs.census.api.SignupFollowUpFixesIT
2026-09-26T02:00:55.659+02:00  INFO 45008 --- [agilityhub-core-api] [           main] c.a.c.c.c.a.SignupNotifications          : Signup notification capped per recipient code=N-01 clubId=fu-4625e58c-5dec-4a85-b3ec-bd59a0e10ca6 recipientHash=8N-JBpF9vHi4u6PwAyZ51rhYhuPnBNIKC1X8shuLa7g
2026-09-26T02:00:55.847+02:00  INFO 45008 --- [agilityhub-core-api] [           main] c.a.c.c.c.a.SignupNotifications          : Signup notification capped per recipient code=N-01 clubId=fu-c2d7e24b-8826-4572-a28c-f4d2b2c0ecdf recipientHash=q8s0LoVIUntBgjJfwt6HKRa5cn0aTb7XRTmyJAz3slw
2026-09-26T02:00:56.065+02:00  INFO 45008 --- [agilityhub-core-api] [           main] c.a.c.c.c.a.SignupNotifications          : Signup notification capped per recipient code=N-01 clubId=fu-226183d1-123b-4d68-b0ea-49fb54b5eb09 recipientHash=hit_6k0LNh79sloiptqahRYhOaYq4Nn4hQLNP5EXlwM
2026-09-26T02:00:56.314+02:00  INFO 45008 --- [agilityhub-core-api] [           main] c.a.c.c.c.a.SignupNotifications          : Signup notification capped per recipient code=N-01 clubId=fu-28b0a48b-08ec-478e-aba6-76dd12a5d0f6 recipientHash=gB-2XYx5UcxLYoShmIbofbDez1FiLbFJMyxyL1ACI-4
2026-09-26T02:00:57.429+02:00  INFO 45008 --- [agilityhub-core-api] [           main] c.a.c.c.c.a.SignupNotifications          : Signup notification capped per recipient code=N-01 clubId=fu-9b95fff7-ef26-4a8a-9209-e1ddeae4cbec recipientHash=_iPspByhO0FUzhanAP20XOjuh28FzzWvVzJ_lMQBDTU
[INFO] Tests run: 14, Failures: 0, Errors: 0, Skipped: 0, Time elapsed: 1.972 s -- in com.agilityhub.core.clubs.census.api.SignupFollowUpFixesIT
[INFO] Running com.agilityhub.core.clubs.census.api.SignupIT
2026-09-26T02:00:57.443+02:00  INFO 45008 --- [agilityhub-core-api] [           main] t.c.s.AnnotationConfigContextLoaderUtils : Could not detect default configuration classes for test class [com.agilityhub.core.clubs.census.api.SignupIT]: SignupIT does not declare any static, non-private, non-final, nested classes annotated with @Configuration.
2026-09-26T02:00:57.444+02:00  INFO 45008 --- [agilityhub-core-api] [           main] .b.t.c.SpringBootTestContextBootstrapper : Found @SpringBootConfiguration com.agilityhub.core.CoreApplication for test class com.agilityhub.core.clubs.census.api.SignupIT
2026-09-26T02:00:57.452+02:00  INFO 45008 --- [agilityhub-core-api] [           main] c.a.core.shared.api.IdempotencyFilter    : Signup honeypot traceId=b68a103d-e3c2-4d71-8359-2445a5b00941 clubId=sgn-0c959a01-b6cd-4031-9f1f-a0781959e153 ipHash=tIZlmwsqtiz075lErvQOGneRAyPiWqxbq11ro9eitGw
2026-09-26T02:00:58.760+02:00  WARN 45008 --- [agilityhub-core-api] [           main] c.a.core.shared.api.ApiExceptionHandler  : Framework request rejected code=VALIDATION_ERROR traceId=bc5baba5-d9bc-4e3d-bc69-f1a53ac070c5
2026-09-26T02:00:58.762+02:00  INFO 45008 --- [agilityhub-core-api] [           main] c.a.core.shared.api.IdempotencyFilter    : Signup honeypot traceId=18e411d9-3b42-468e-80bd-f56130e732d0 clubId=sgn-c5c6cd44-7249-4c35-a10f-b3db2557ae95 ipHash=tIZlmwsqtiz075lErvQOGneRAyPiWqxbq11ro9eitGw
2026-09-26T02:00:58.762+02:00  INFO 45008 --- [agilityhub-core-api] [           main] c.a.core.shared.api.IdempotencyFilter    : Signup honeypot traceId=f80793a1-0250-4f37-a662-5e14af49bb5e clubId=sgn-c5c6cd44-7249-4c35-a10f-b3db2557ae95 ipHash=tIZlmwsqtiz075lErvQOGneRAyPiWqxbq11ro9eitGw
2026-09-26T02:00:58.763+02:00  INFO 45008 --- [agilityhub-core-api] [           main] c.a.core.shared.api.IdempotencyFilter    : Signup honeypot traceId=48b0e4dc-a86f-4215-badc-3a03c699104c clubId=sgn-c5c6cd44-7249-4c35-a10f-b3db2557ae95 ipHash=tIZlmwsqtiz075lErvQOGneRAyPiWqxbq11ro9eitGw
2026-09-26T02:00:58.763+02:00  INFO 45008 --- [agilityhub-core-api] [           main] c.a.core.shared.api.IdempotencyFilter    : Signup honeypot traceId=a2e4c128-ab82-464b-a656-25c3548cbe24 clubId=sgn-c5c6cd44-7249-4c35-a10f-b3db2557ae95 ipHash=tIZlmwsqtiz075lErvQOGneRAyPiWqxbq11ro9eitGw
2026-09-26T02:00:58.763+02:00  INFO 45008 --- [agilityhub-core-api] [           main] c.a.core.shared.api.IdempotencyFilter    : Signup honeypot traceId=13535c98-2e75-4677-8922-8571b710ff6b clubId=sgn-c5c6cd44-7249-4c35-a10f-b3db2557ae95 ipHash=tIZlmwsqtiz075lErvQOGneRAyPiWqxbq11ro9eitGw
2026-09-26T02:00:58.764+02:00  INFO 45008 --- [agilityhub-core-api] [           main] c.a.core.shared.api.IdempotencyFilter    : Signup honeypot traceId=fa0f2d1d-af2d-4c18-833d-f03a8439b022 clubId=sgn-c5c6cd44-7249-4c35-a10f-b3db2557ae95 ipHash=tIZlmwsqtiz075lErvQOGneRAyPiWqxbq11ro9eitGw
2026-09-26T02:00:58.764+02:00  INFO 45008 --- [agilityhub-core-api] [           main] c.a.core.shared.api.IdempotencyFilter    : Signup honeypot traceId=3a1b2204-c1ee-4bb6-82b9-a519e2de21ed clubId=sgn-c5c6cd44-7249-4c35-a10f-b3db2557ae95 ipHash=tIZlmwsqtiz075lErvQOGneRAyPiWqxbq11ro9eitGw
2026-09-26T02:00:58.765+02:00  INFO 45008 --- [agilityhub-core-api] [           main] c.a.core.shared.api.IdempotencyFilter    : Signup honeypot traceId=d7be11dd-f028-4dea-9ecc-5e732aed96af clubId=sgn-c5c6cd44-7249-4c35-a10f-b3db2557ae95 ipHash=tIZlmwsqtiz075lErvQOGneRAyPiWqxbq11ro9eitGw
2026-09-26T02:00:58.765+02:00  INFO 45008 --- [agilityhub-core-api] [           main] c.a.core.shared.api.IdempotencyFilter    : Signup honeypot traceId=3d353629-543d-47c0-9970-bebfb2b60216 clubId=sgn-c5c6cd44-7249-4c35-a10f-b3db2557ae95 ipHash=tIZlmwsqtiz075lErvQOGneRAyPiWqxbq11ro9eitGw
2026-09-26T02:00:58.765+02:00  INFO 45008 --- [agilityhub-core-api] [           main] c.a.core.shared.api.IdempotencyFilter    : Signup honeypot traceId=1c7e0d8b-0d0d-4a05-9c23-2147d08090cc clubId=sgn-c5c6cd44-7249-4c35-a10f-b3db2557ae95 ipHash=tIZlmwsqtiz075lErvQOGneRAyPiWqxbq11ro9eitGw
2026-09-26T02:00:58.766+02:00  INFO 45008 --- [agilityhub-core-api] [           main] c.a.core.shared.api.IdempotencyFilter    : Signup honeypot traceId=f544d3e2-9dd7-4b2e-85cc-a64185646fbb clubId=sgn-c5c6cd44-7249-4c35-a10f-b3db2557ae95 ipHash=tIZlmwsqtiz075lErvQOGneRAyPiWqxbq11ro9eitGw
2026-09-26T02:00:58.766+02:00  INFO 45008 --- [agilityhub-core-api] [           main] c.a.core.shared.api.IdempotencyFilter    : Signup honeypot traceId=040eb330-7cd9-4f6c-836f-39e6128783a4 clubId=sgn-c5c6cd44-7249-4c35-a10f-b3db2557ae95 ipHash=tIZlmwsqtiz075lErvQOGneRAyPiWqxbq11ro9eitGw
2026-09-26T02:00:58.767+02:00  INFO 45008 --- [agilityhub-core-api] [           main] c.a.core.shared.api.IdempotencyFilter    : Signup honeypot traceId=44a1c80f-39d1-4cb8-a889-d1fe48c592af clubId=sgn-c5c6cd44-7249-4c35-a10f-b3db2557ae95 ipHash=tIZlmwsqtiz075lErvQOGneRAyPiWqxbq11ro9eitGw
2026-09-26T02:00:58.767+02:00  INFO 45008 --- [agilityhub-core-api] [           main] c.a.core.shared.api.IdempotencyFilter    : Signup honeypot traceId=33043293-4f38-4ba9-ab84-a5fb4f86eea8 clubId=sgn-c5c6cd44-7249-4c35-a10f-b3db2557ae95 ipHash=tIZlmwsqtiz075lErvQOGneRAyPiWqxbq11ro9eitGw
2026-09-26T02:00:58.767+02:00  INFO 45008 --- [agilityhub-core-api] [           main] c.a.core.shared.api.IdempotencyFilter    : Signup honeypot traceId=d9a5ea4f-89f4-46e6-a072-6d52dc53fc31 clubId=sgn-c5c6cd44-7249-4c35-a10f-b3db2557ae95 ipHash=tIZlmwsqtiz075lErvQOGneRAyPiWqxbq11ro9eitGw
2026-09-26T02:00:58.768+02:00  INFO 45008 --- [agilityhub-core-api] [           main] c.a.core.shared.api.IdempotencyFilter    : Signup honeypot traceId=a9d07da4-a90d-412a-aba4-f93571611f82 clubId=sgn-c5c6cd44-7249-4c35-a10f-b3db2557ae95 ipHash=tIZlmwsqtiz075lErvQOGneRAyPiWqxbq11ro9eitGw
2026-09-26T02:00:58.768+02:00  INFO 45008 --- [agilityhub-core-api] [           main] c.a.core.shared.api.IdempotencyFilter    : Signup honeypot traceId=93e84173-64db-4aef-b1aa-66bcef8a32d0 clubId=sgn-c5c6cd44-7249-4c35-a10f-b3db2557ae95 ipHash=tIZlmwsqtiz075lErvQOGneRAyPiWqxbq11ro9eitGw
2026-09-26T02:00:58.769+02:00  INFO 45008 --- [agilityhub-core-api] [           main] c.a.core.shared.api.IdempotencyFilter    : Signup honeypot traceId=49e90c3f-c7c4-4098-b694-efcc7998790c clubId=sgn-c5c6cd44-7249-4c35-a10f-b3db2557ae95 ipHash=tIZlmwsqtiz075lErvQOGneRAyPiWqxbq11ro9eitGw
2026-09-26T02:00:58.769+02:00  INFO 45008 --- [agilityhub-core-api] [           main] c.a.core.shared.api.IdempotencyFilter    : Signup honeypot traceId=098dc384-2dfb-43ef-969f-f6526a064441 clubId=sgn-c5c6cd44-7249-4c35-a10f-b3db2557ae95 ipHash=tIZlmwsqtiz075lErvQOGneRAyPiWqxbq11ro9eitGw
2026-09-26T02:00:58.779+02:00  INFO 45008 --- [agilityhub-core-api] [           main] c.a.core.shared.api.IdempotencyFilter    : Signup honeypot traceId=cbc25e75-01bd-406d-bbe2-f6e6daae2303 clubId=sgn-58207cc2-7900-409e-8dea-d73c4dc8795a ipHash=tIZlmwsqtiz075lErvQOGneRAyPiWqxbq11ro9eitGw
2026-09-26T02:00:58.780+02:00  INFO 45008 --- [agilityhub-core-api] [           main] c.a.core.shared.api.IdempotencyFilter    : Signup honeypot traceId=13c68dac-7a1b-416b-af75-16a8fffdc384 clubId=sgn-58207cc2-7900-409e-8dea-d73c4dc8795a ipHash=tIZlmwsqtiz075lErvQOGneRAyPiWqxbq11ro9eitGw
2026-09-26T02:00:58.781+02:00  INFO 45008 --- [agilityhub-core-api] [           main] c.a.core.shared.api.IdempotencyFilter    : Signup honeypot traceId=33936f22-fae2-46ca-b95d-0e3479b74410 clubId=sgn-58207cc2-7900-409e-8dea-d73c4dc8795a ipHash=tIZlmwsqtiz075lErvQOGneRAyPiWqxbq11ro9eitGw
2026-09-26T02:00:58.781+02:00  INFO 45008 --- [agilityhub-core-api] [           main] c.a.core.shared.api.IdempotencyFilter    : Signup honeypot traceId=b0cc55f3-f666-4972-8504-2a71aced15d6 clubId=sgn-58207cc2-7900-409e-8dea-d73c4dc8795a ipHash=tIZlmwsqtiz075lErvQOGneRAyPiWqxbq11ro9eitGw
2026-09-26T02:00:58.781+02:00  INFO 45008 --- [agilityhub-core-api] [           main] c.a.core.shared.api.IdempotencyFilter    : Signup honeypot traceId=e8331bc2-721b-403a-bcf3-b629142ed195 clubId=sgn-58207cc2-7900-409e-8dea-d73c4dc8795a ipHash=tIZlmwsqtiz075lErvQOGneRAyPiWqxbq11ro9eitGw
E5-T07 outbox backlog discarded before SignupIT: 137 PENDING records (more than one dispatch() batch)
[INFO] Tests run: 33, Failures: 0, Errors: 0, Skipped: 0, Time elapsed: 4.508 s -- in com.agilityhub.core.clubs.census.api.SignupIT
[INFO] Running com.agilityhub.core.clubs.census.api.SignupGateFixesIT
2026-09-26T02:01:01.953+02:00  INFO 45008 --- [agilityhub-core-api] [           main] t.c.s.AnnotationConfigContextLoaderUtils : Could not detect default configuration classes for test class [com.agilityhub.core.clubs.census.api.SignupGateFixesIT]: SignupGateFixesIT does not declare any static, non-private, non-final, nested classes annotated with @Configuration.
2026-09-26T02:01:01.954+02:00  INFO 45008 --- [agilityhub-core-api] [           main] .b.t.c.SpringBootTestContextBootstrapper : Found @SpringBootConfiguration com.agilityhub.core.CoreApplication for test class com.agilityhub.core.clubs.census.api.SignupGateFixesIT
[INFO] Tests run: 22, Failures: 0, Errors: 0, Skipped: 0, Time elapsed: 3.871 s -- in com.agilityhub.core.clubs.census.api.SignupGateFixesIT
[INFO] Running com.agilityhub.core.clubs.census.api.SignupMinorFixesIT
2026-09-26T02:01:05.824+02:00  INFO 45008 --- [agilityhub-core-api] [           main] t.c.s.AnnotationConfigContextLoaderUtils : Could not detect default configuration classes for test class [com.agilityhub.core.clubs.census.api.SignupMinorFixesIT]: SignupMinorFixesIT does not declare any static, non-private, non-final, nested classes annotated with @Configuration.
2026-09-26T02:01:05.825+02:00  INFO 45008 --- [agilityhub-core-api] [           main] .b.t.c.SpringBootTestContextBootstrapper : Found @SpringBootConfiguration com.agilityhub.core.CoreApplication for test class com.agilityhub.core.clubs.census.api.SignupMinorFixesIT
[INFO] Tests run: 18, Failures: 0, Errors: 0, Skipped: 0, Time elapsed: 2.585 s -- in com.agilityhub.core.clubs.census.api.SignupMinorFixesIT
[INFO] 
[INFO] Results:
[INFO] 
[INFO] Tests run: 305, Failures: 0, Errors: 0, Skipped: 0
[INFO] 
[INFO] ------------------------------------------------------------------------
[INFO] BUILD SUCCESS
[INFO] ------------------------------------------------------------------------
[INFO] Total time:  54.794 s
[INFO] Finished at: 2026-09-26T02:01:09+02:00
[INFO] ------------------------------------------------------------------------
