14:08:29.891 [main] INFO org.springframework.test.context.support.AnnotationConfigContextLoaderUtils -- Could not detect default configuration classes for test class [com.agilityhub.core.configuration.E8ContractIT]: E8ContractIT does not declare any static, non-private, non-final, nested classes annotated with @Configuration.
14:08:30.013 [main] INFO org.springframework.boot.test.context.SpringBootTestContextBootstrapper -- Found @SpringBootConfiguration com.agilityhub.core.CoreApplication for test class com.agilityhub.core.configuration.E8ContractIT
14:08:30.095 [main] INFO org.testcontainers.images.PullPolicy -- Image pull policy will be performed by: DefaultPullPolicy()
14:08:30.096 [main] INFO org.testcontainers.utility.ImageNameSubstitutor -- Image name substitution will be performed by: DefaultImageNameSubstitutor (composite of 'ConfigurationFileImageNameSubstitutor' and 'PrefixingImageNameSubstitutor')
14:08:30.100 [main] INFO org.testcontainers.DockerClientFactory -- Testcontainers version: 1.21.4
14:08:30.257 [main] INFO org.testcontainers.dockerclient.DockerClientProviderStrategy -- Loaded org.testcontainers.dockerclient.UnixSocketClientProviderStrategy from ~/.testcontainers.properties, will try it first
14:08:30.410 [main] INFO org.testcontainers.dockerclient.DockerClientProviderStrategy -- Found Docker environment with local Unix socket (unix:///var/run/docker.sock)
14:08:30.411 [main] INFO org.testcontainers.DockerClientFactory -- Docker host IP address is localhost
14:08:30.426 [main] INFO org.testcontainers.DockerClientFactory -- Connected to docker:
  Server Version: 29.8.2
  API Version: 1.56
  Operating System: Docker Desktop
  Total Memory: 7931 MB
  Labels:
    com.docker.desktop.address=unix:///Users/jordib/Library/Containers/com.docker.docker/Data/docker-cli.sock
14:08:30.688 [main] INFO tc.testcontainers/ryuk:0.12.0 -- Creating container for image: testcontainers/ryuk:0.12.0
14:08:30.755 [main] INFO org.testcontainers.utility.RegistryAuthLocator -- Credential helper/store (docker-credential-desktop) does not have credentials for https://index.docker.io/v1/
14:08:30.821 [main] INFO tc.testcontainers/ryuk:0.12.0 -- Container testcontainers/ryuk:0.12.0 is starting: eae78bb3...[truncated]
14:08:30.979 [main] INFO tc.testcontainers/ryuk:0.12.0 -- Container testcontainers/ryuk:0.12.0 started in PT0.290566S
14:08:30.983 [main] INFO org.testcontainers.utility.RyukResourceReaper -- Ryuk started - will monitor and terminate Testcontainers containers on JVM exit
14:08:30.983 [main] INFO org.testcontainers.DockerClientFactory -- Checking the system...
14:08:30.983 [main] INFO org.testcontainers.DockerClientFactory -- ✔︎ Docker server version should be at least 1.6.0
14:08:30.983 [main] INFO tc.mongo:7 -- Creating container for image: mongo:7
14:08:31.017 [main] INFO tc.mongo:7 -- Container mongo:7 is starting: 388cf2d4...[truncated]
14:08:31.429 [main] INFO tc.mongo:7 -- Container mongo:7 started in PT0.445578S
Integration JVM availableProcessors=18

  .   ____          _            __ _ _
 /\\ / ___'_ __ _ _(_)_ __  __ _ \ \ \ \
( ( )\___ | '_ | '_| | '_ \/ _` | \ \ \ \
 \\/  ___)| |_)| | | | | || (_| |  ) ) ) )
  '  |____| .__|_| |_|_| |_\__, | / / / /
 =========|_|==============|___/=/_/_/_/

 :: Spring Boot ::               (v3.5.16)

2026-10-08T14:08:32.150+02:00 INFO  [main] c.a.core.configuration.E8ContractIT traceId= clubId= accountId= : Starting E8ContractIT using Java [redacted] with PID 1882 (started by jordib in /Users/jordib/dev/agilityhub/agilityhub-core-api)
2026-10-08T14:08:32.152+02:00 INFO  [main] c.a.core.configuration.E8ContractIT traceId= clubId= accountId= : The following 1 profile is active: "test"
2026-10-08T14:08:33.257+02:00 INFO  [main] o.s.d.r.c.RepositoryConfigurationDelegate traceId= clubId= accountId= : Bootstrapping Spring Data MongoDB repositories in DEFAULT mode.
2026-10-08T14:08:33.301+02:00 INFO  [main] o.s.d.r.c.RepositoryConfigurationDelegate traceId= clubId= accountId= : Finished Spring Data repository scanning in 40 ms. Found 0 MongoDB repository interfaces.
2026-10-08T14:08:33.764+02:00 INFO  [main] org.mongodb.driver.client traceId= clubId= accountId= : MongoClient with metadata {"driver": {"name": "mongo-java-driver|sync|spring-boot", "version": "5.5.2"}, "os": {"type": "Darwin", "name": "Mac OS X", "architecture": "aarch64", "version": "26.4.1"}, "platform": "Java/Homebrew/[redacted]"} created with settings MongoClientSettings{readPreference=primary, writeConcern=WriteConcern{w=null, wTimeout=null ms, journal=null}, retryWrites=true, retryReads=true, readConcern=ReadConcern{level=null}, credential=null, transportSettings=null, commandListeners=[io.micrometer.core.instrument.binder.mongodb.MongoMetricsCommandListener@49f7bb6f], codecRegistry=ProvidersCodecRegistry{codecProviders=[ValueCodecProvider{}, BsonValueCodecProvider{}, DBRefCodecProvider{}, DBObjectCodecProvider{}, DocumentCodecProvider{}, CollectionCodecProvider{}, IterableCodecProvider{}, MapCodecProvider{}, GeoJsonCodecProvider{}, GridFSFileCodecProvider{}, Jsr310CodecProvider{}, JsonObjectCodecProvider{}, BsonCodecProvider{}, EnumCodecProvider{}, com.mongodb.client.model.mql.ExpressionCodecProvider@12701677, com.mongodb.Jep395RecordCodecProvider@66860e08, com.mongodb.KotlinCodecProvider@4d622d37]}, loggerSettings=LoggerSettings{maxDocumentLength=1000}, clusterSettings={hosts=[localhost:52697], srvServiceName=mongodb, mode=SINGLE, requiredClusterType=UNKNOWN, requiredReplicaSetName='null', serverSelector='null', clusterListeners='[]', serverSelectionTimeout='2000 ms', localThreshold='15 ms'}, socketSettings=SocketSettings{connectTimeoutMS=2000, readTimeoutMS=0, receiveBufferSize=0, proxySettings=ProxySettings{host=null, port=null, username=null, [redacted], heartbeatSocketSettings=SocketSettings{connectTimeoutMS=2000, readTimeoutMS=2000, receiveBufferSize=0, proxySettings=ProxySettings{host=null, port=null, username=null, [redacted], connectionPoolSettings=ConnectionPoolSettings{maxSize=100, minSize=0, maxWaitTimeMS=2000, maxConnectionLifeTimeMS=0, maxConnectionIdleTimeMS=0, maintenanceInitialDelayMS=0, maintenanceFrequencyMS=60000, connectionPoolListeners=[io.micrometer.core.instrument.binder.mongodb.MongoMetricsConnectionPoolListener@393adb37], maxConnecting=2}, serverSettings=ServerSettings{heartbeatFrequencyMS=10000, minHeartbeatFrequencyMS=500, serverMonitoringMode=AUTO, serverListeners='[]', serverMonitorListeners='[]'}, sslSettings=SslSettings{enabled=false, invalidHostNameAllowed=false, context=null}, applicationName='null', compressorList=[], uuidRepresentation=JAVA_LEGACY, serverApi=null, autoEncryptionSettings=null, dnsClient=null, inetAddressResolver=null, contextProvider=null, timeoutMS=null}
2026-10-08T14:08:33.770+02:00 INFO  [cluster-ClusterId{value='6ac787c1...[truncated]', description='null'}-localhost:52697] org.mongodb.driver.cluster traceId= clubId= accountId= : Monitor thread successfully connected to server with description ServerDescription{address=localhost:52697, type=REPLICA_SET_PRIMARY, cryptd=false, state=CONNECTED, ok=true, minWireVersion=0, maxWireVersion=21, maxDocumentSize=16777216, logicalSessionTimeoutMinutes=30, roundTripTimeNanos=13988959, minRoundTripTimeNanos=0, setName='docker-rs', canonicalAddress=388cf2d44f7e:27017, hosts=[388cf2d44f7e:27017], passives=[], arbiters=[], primary='388cf2d44f7e:27017', tagSet=TagSet{[]}, electionId=7fffffff...[truncated], setVersion=1, topologyVersion=TopologyVersion{processId=6ac787bf...[truncated], counter=6}, lastWriteDate=Thu Oct 08 14:08:31 CEST 2026, lastUpdateTimeNanos=[redacted]}
2026-10-08T14:08:37.376+02:00 INFO  [main] o.s.b.t.m.w.SpringBootMockServletContext traceId= clubId= accountId= : Initializing Spring TestDispatcherServlet ''
2026-10-08T14:08:37.377+02:00 INFO  [main] o.s.t.web.servlet.TestDispatcherServlet traceId= clubId= accountId= : Initializing Servlet ''
2026-10-08T14:08:37.377+02:00 INFO  [main] o.s.t.web.servlet.TestDispatcherServlet traceId= clubId= accountId= : Completed initialization in 0 ms
2026-10-08T14:08:37.411+02:00 INFO  [main] c.a.core.configuration.E8ContractIT traceId= clubId= accountId= : Started E8ContractIT in 5.483 seconds (process running for 8.032)
Mockito is currently self-attaching to enable the inline-mock-maker. This will no longer work in future releases of the JDK. Please add Mockito as an agent to your build as described in Mockito's documentation: https://javadoc.io/doc/org.mockito/mockito-core/latest/org.mockito/org/mockito/Mockito.html#0.3
OpenJDK 64-Bit Server VM warning: Sharing is only supported for boot loader classes because bootstrap classpath has been appended
WARNING: A Java agent has been loaded dynamically (/Users/jordib/.m2/repository/net/bytebuddy/byte-buddy-agent/1.17.8/byte-buddy-agent-1.17.8.jar)
WARNING: If a serviceability tool is in use, please run with -XX:+EnableDynamicAgentLoading to hide this warning
WARNING: If a serviceability tool is not in use, please run with -Djdk.instrument.traceUsage for more information
WARNING: Dynamic loading of agents will be disallowed by default in a future release
2026-10-08T14:08:46.222+02:00 INFO  [main] o.springdoc.api.AbstractOpenApiResource traceId=4f373b34-6a3f-42c0-a5e7-e1defaa1347a clubId=- accountId=- : Init duration for springdoc-openapi is: 1721 ms
2026-10-08T14:08:46.712+02:00 WARN  [main] c.a.core.shared.api.ApiExceptionHandler traceId=1c264db3-11e0-4f05-b681-e8e84e3d5af2 clubId=e8-club-a accountId=e8-MEMBER : Framework request rejected status=400 code=VALIDATION_ERROR traceId=1c264db3-11e0-4f05-b681-e8e84e3d5af2
2026-10-08T14:08:46.720+02:00 WARN  [main] c.a.core.shared.api.ApiExceptionHandler traceId=b950d025-1dee-421d-bcc3-7600231dcb4a clubId=e8-club-a accountId=e8-MEMBER : Framework request rejected code=VALIDATION_ERROR traceId=b950d025-1dee-421d-bcc3-7600231dcb4a
2026-10-08T14:08:46.725+02:00 WARN  [main] c.a.core.shared.api.ApiExceptionHandler traceId=f67207ef-7d0d-4180-ab4b-ba8934c21c72 clubId=e8-club-a accountId=e8-MEMBER : Framework request rejected code=VALIDATION_ERROR traceId=f67207ef-7d0d-4180-ab4b-ba8934c21c72
2026-10-08T14:08:46.731+02:00 WARN  [main] c.a.core.shared.api.ApiExceptionHandler traceId=245714b3-ff09-4e0f-a693-1c0e939f30d8 clubId=e8-club-a accountId=e8-ADMIN : Framework request rejected code=VALIDATION_ERROR traceId=245714b3-[redacted]
2026-10-08T14:08:46.733+02:00 WARN  [main] c.a.core.shared.api.ApiExceptionHandler traceId=a761c337-3ec2-49a9-afd2-fc617403170b clubId=e8-club-a accountId=e8-ADMIN : Framework request rejected status=400 code=VALIDATION_ERROR traceId=a761c337-3ec2-49a9-afd2-fc617403170b
2026-10-08T14:08:46.752+02:00 WARN  [main] c.a.core.shared.api.ApiExceptionHandler traceId=e711388d-52c3-42ac-8ec3-7fafafef325a clubId=e8-club-a accountId=e8-ADMIN : Framework request rejected status=405 code=METHOD_NOT_ALLOWED traceId=e711388d-52c3-42ac-8ec3-7fafafef325a
2026-10-08T14:08:46.870+02:00 WARN  [main] c.a.core.shared.api.ApiExceptionHandler traceId=06cb3f39-158f-4bd0-8a56-4b4c49cc72fd clubId=e8-club-a accountId=e8-MEMBER : Framework request rejected code=VALIDATION_ERROR traceId=06cb3f39-158f-4bd0-8a56-4b4c49cc72fd
2026-10-08T14:08:46.872+02:00 WARN  [main] c.a.core.shared.api.ApiExceptionHandler traceId=0688c1df-b3c1-478b-a8a7-94b40383e47f clubId=e8-club-a accountId=e8-MEMBER : Framework request rejected code=VALIDATION_ERROR traceId=0688c1df-b3c1-478b-a8a7-94b40383e47f
2026-10-08T14:08:46.874+02:00 WARN  [main] c.a.core.shared.api.ApiExceptionHandler traceId=a1004168-b8aa-4946-9f70-e0aa7cec354b clubId=e8-club-a accountId=e8-MEMBER : Framework request rejected code=VALIDATION_ERROR traceId=a1004168-b8aa-4946-9f70-e0aa7cec354b
2026-10-08T14:08:46.876+02:00 WARN  [main] c.a.core.shared.api.ApiExceptionHandler traceId=dae1b924-f8b0-4bd8-b16e-5d10f3e13ce8 clubId=e8-club-a accountId=e8-MEMBER : Framework request rejected code=VALIDATION_ERROR traceId=dae1b924-f8b0-4bd8-b16e-5d10f3e13ce8
2026-10-08T14:08:46.892+02:00 WARN  [main] c.a.core.shared.api.ApiExceptionHandler traceId=15ef9959-3296-4809-ba99-d45910598db8 clubId=e8-club-a accountId=e8-ADMIN : Framework request rejected code=VALIDATION_ERROR traceId=15ef9959-3296-4809-[redacted]
2026-10-08T14:08:46.894+02:00 WARN  [main] c.a.core.shared.api.ApiExceptionHandler traceId=8e63169f-8822-4552-8aa3-a49cff4a23e9 clubId=e8-club-a accountId=e8-ADMIN : Framework request rejected code=VALIDATION_ERROR traceId=8e63169f-8822-4552-8aa3-a49cff4a23e9
2026-10-08T14:08:46.895+02:00 WARN  [main] c.a.core.shared.api.ApiExceptionHandler traceId=77a29868-8e88-4176-bdc1-0f0e1088388f clubId=e8-club-a accountId=e8-ADMIN : Framework request rejected code=VALIDATION_ERROR traceId=77a29868-8e88-4176-bdc1-0f0e1088388f
2026-10-08T14:08:46.897+02:00 WARN  [main] c.a.core.shared.api.ApiExceptionHandler traceId=0b8c322c-fb13-47b2-96b3-a164519081d0 clubId=e8-club-a accountId=e8-ADMIN : Framework request rejected code=VALIDATION_ERROR traceId=0b8c322c-[redacted]
2026-10-08T14:08:47.577+02:00 WARN  [main] c.a.c.p.a.StripeWebhookSignatures traceId=ecbe8dc0-7b6a-4b84-b314-e92703899638 clubId=- accountId=- : Stripe webhook secret unusable: clubId=e8-club-b error=Provider secret decryption failed
2026-10-08T14:08:47.593+02:00 WARN  [main] c.a.c.p.a.StripeWebhookSignatures traceId=0a2b6822-bd00-4261-b279-b49f7cfce511 clubId=- accountId=- : Stripe webhook secret unusable: clubId=e8-club-b error=Provider secret decryption failed
2026-10-08T14:08:47.600+02:00 WARN  [main] c.a.c.p.a.StripeWebhookSignatures traceId=bc2c1045-113a-4b56-9828-3661806c868d clubId=- accountId=- : Stripe webhook secret unusable: clubId=e8-club-b error=Provider secret decryption failed
