Starting disposable development build Compose stack
Building the current working tree image
PASS working tree image built
  + catalogs: 34 catalog changes
  + pages: 3 page changes
  15 changes (applied)
PASS club:apply seeds/club-canic.yaml run 1
  = catalogs: 0 catalog changes
  = pages: 0 page changes
  0 changes (applied)
PASS club:apply seeds/club-canic.yaml run 2: 0 changes
  {activeMembers=184, pendingMembers=3, inactiveMembers=4, leftMembers=3, members=194, dogs=246, familyGroups=12, activeDogs=242, pendingDogs=3, inactiveDogs=1, instructors=3, administrators=2, receivedDocuments=7, pendingDocuments=239}
  452 changes (demo seed)
  {templateClasses=39, templates=3, weeks=3, generatedClasses=114, validatedWeeks=2, looseClasses=1, ringBlocks=1, scenarioRingBlocks=1, attendanceHistoryClasses=10, riskCancellations=1, classBookings=23, classWaitlist=3, activities=4, publishedActivities=3, activityRegistrations=44, activityWaitlist=2, activityFiles=2, scenarioActivityRegistrations=1, scenarioClassBookings=18, scenarioCancellations=3, scenarioWaitlist=5, scenarioOffers=0, scenarioRiskExempt=1, scenarioBookingBlocks=1, attendanceRenamed=6, attendanceLevelChanges=1, followupNotes=1, attendanceBookings=34, attendanceWaitlist=1, attendanceMarks=26, attendanceCancellations=2, attendanceNoShowBatches=1, followupTasks=2, followupTaskAttachments=1, followupObservations=1, scenarioTrainingOverrides=1, scenarioTrainingBookings=3, trainingHistoryOverrides=1, trainingHistoryBookings=10}
  376 changes (demo planning, week start 2026-10-05)
PASS seed:demo --club=canic --seed=42 --week-start=2026-10-05 run 1
  {activeMembers=184, pendingMembers=3, inactiveMembers=4, leftMembers=3, members=194, dogs=246, familyGroups=12, activeDogs=242, pendingDogs=3, inactiveDogs=1, instructors=3, administrators=2, receivedDocuments=7, pendingDocuments=239}
  0 changes (demo seed)
  {templateClasses=39, templates=3, weeks=3, generatedClasses=114, validatedWeeks=2, looseClasses=1, ringBlocks=1, scenarioRingBlocks=1, attendanceHistoryClasses=10, riskCancellations=1, classBookings=23, classWaitlist=3, activities=4, publishedActivities=3, activityRegistrations=44, activityWaitlist=2, activityFiles=2, scenarioActivityRegistrations=1, scenarioClassBookings=18, scenarioCancellations=3, scenarioWaitlist=5, scenarioOffers=0, scenarioRiskExempt=1, scenarioBookingBlocks=1, attendanceRenamed=6, attendanceLevelChanges=1, followupNotes=1, attendanceBookings=34, attendanceWaitlist=1, attendanceMarks=26, attendanceCancellations=2, attendanceNoShowBatches=1, followupTasks=2, followupTaskAttachments=1, followupObservations=1, scenarioTrainingOverrides=1, scenarioTrainingBookings=3, trainingHistoryOverrides=1, trainingHistoryBookings=10}
  0 changes (demo planning, week start 2026-10-05)
PASS seed:demo --club=canic --seed=42 --week-start=2026-10-05 run 2: 0 changes
PASS club:apply + seed:demo --seed=42 --week-start (Cànic; x2): second runs 0 changes · week start 2026-10-05 (8+ days ahead)
curl GET /api/v1/health -> 200
PASS API up (scheduler on); fixture clubs activated: canic
Target class c3fbde5f… 2026-10-06 17:40 (Madrid) capacity 4, booked 4, waiting 3
PASS POST /test/clock: 200 · four hours (and 5 minutes) before the class: in time (Tue 06-10 11:35 Europe/Madrid; server now 2026-10-06T11:35Z)
curl GET /api/v1/class-sessions/<id>/attendance -> 200
  sheet: version 0, canMarkPresence True, canMarkNotice True, editableUntil 2026-10-07T21:59:59Z; classSession booked 4/4, waiting 3; 4 rows; waitlist mode ALL_AT_ONCE with 3 entries
curl PUT /api/v1/class-sessions/<id>/attendance -> 200
  PUT applied ['3ae288e3…', '506ef4a2…']; version 0 → 1; notice {"atLocal": "13:35", "at": "2026-10-06T11:35:00.685Z", "late": false, "minutesBefore": 244, "seatReleased": true, "waitlistNotified": true, "afterClassEnd": false, "bookingState": "CANCELLED"}
curl GET /api/v1/class-sessions/<id>/attendance -> 200
  released seat: classSession booked 4 → 3 of 4; booking 506ef4a2… is CANCELLED
  outbox rows after the save (dispatched by the scheduler):
    {"type": "AttendanceMarked", "status": "PUBLISHED", "payload": {"bookingId": "506ef4a2…", "classSessionId": "c3fbde5f…", "dogId": "9b353ccb…", "memberId": "05cb9f6c…", "state": "NOTIFIED", "previousState": "PENDING", "by": {"accountId": "fd0be46a…", "role": "INSTRUCTOR"}, "late": false, "afterClassEnd": false}}
    {"type": "AttendanceMarked", "status": "PUBLISHED", "payload": {"bookingId": "3ae288e3…", "classSessionId": "c3fbde5f…", "dogId": "57b8ab88…", "memberId": "ccddf94f…", "state": "PRESENT", "previousState": "PENDING", "by": {"accountId": "fd0be46a…", "role": "INSTRUCTOR"}}}
    {"type": "BookingCancelled", "status": "PUBLISHED", "payload": {"bookingId": "506ef4a2…", "by": "INSTRUCTOR", "late": false, "minutesBefore": 244, "origin": "INSTRUCTOR", "reason": "INSTRUCTOR_NOTICE"}}
    {"type": "SeatReleased", "status": "PUBLISHED", "payload": {"classId": "c3fbde5f…", "freeSeats": 1, "minutesBefore": 244, "notifyWaitlist": true}}
    {"type": "WaitlistNotified", "status": "PUBLISHED", "payload": {"entryIds": ["ca428448…", "7ad6d4d2…", "1a92ccbb…"], "classId": "c3fbde5f…", "mode": "ALL_AT_ONCE"}}
  notifications N-05 (member e865ce8c…): [{"code": "N-05", "channel": "APP", "status": "DELIVERED"}]
  notifications N-15 (3 waiting entries now NOTIFIED): [{"code": "N-15", "channel": "APP", "status": "DELIVERED", "account": "370f9125\u2026"}, {"code": "N-15", "channel": "SMS", "status": "SENT", "account": "370f9125\u2026"}, {"code": "N-15", "channel": "PUSH", "status": "SKIPPED_NO_CONTACT", "account": "370f9125\u2026"}, {"code": "N-15", "channel": "APP", "status": "DELIVERED", "account": "71c82fbb\u2026"}, {"code": "N-15", "channel": "SMS", "status": "SENT", "account": "71c82fbb\u2026"}, {"code": "N-15", "channel": "PUSH", "status": "SKIPPED_NO_CONTACT", "account": "71c82fbb\u2026"}, {"code": "N-15", "channel": "APP", "status": "DELIVERED", "account": "73dbd518\u2026"}, {"code": "N-15", "channel": "SMS", "status": "SENT", "account": "73dbd518\u2026"}, {"code": "N-15", "channel": "PUSH", "status": "SKIPPED_NO_CONTACT", "account": "73dbd518\u2026"}]
curl PUT /api/v1/class-sessions/<id>/attendance -> 200
  same Idempotency-Key and body again -> 200, identical body (version 1); AttendanceMarked rows still 2
curl PUT /api/v1/class-sessions/<id>/attendance -> 409 STALE_VERSION
  409 body: {"code": "STALE_VERSION", "message": "Les dades han canviat. Actualitza-les i torna-ho a provar.", "traceId": "81e277f3…", "details": {"current": {"sheet": {"version": 1, "canMarkPresence": true, "canMarkNotice": true, "editableUntil": "2026-10-07T21:59:59Z", "savedAt": "2026-10-06T11:35:00.685Z", "savedByName": "Berta", "noShowNoticeTime": "08:00"}, "classSession": {"id": "c3fbde5f…", "date": "2026-10-06", "startTime": "17:40", "endTime": "18:40", "displayDescription": "D+E", "ring": {"id": "1532088a…", "name": "Carretera", "color": "#C9CDD3"}, "instructorName": "Laia", "state": "ACTIVE", "capacity": 4, "booked": 3, "waiting": 3}, "rows": [{"bookingId": "3ae288e3…", "dogName": "Ginesta 158", "state": "PRESENT", "final": false, "notice": null}, {"bookingId": "506ef4a2…", "dogName": "Vent 171", "state": "NOTIFIED", "final": true, "notice": {"atLocal": "13:35", "at": "2026-10-06T11:35:00.685Z", "late": false, "minutesBefore": 244, "seatReleased": true, "waitlistNotified": true, "afterClassEnd": false, "bookingState": "CANCELLED"}}, {"bookingId": "8343cafd…", "dogName": "Bruc 184", "state": "PENDING", "final": false, "notice": null}, {"bookingId": "b05e2eff…", "dogName": "Neu 203", "state": "PENDING", "final": false, "notice": null}]}}}
curl GET /api/v1/instructor/week/export?format=pdf&date=2026-10-06 -> 200 application/pdf; Content-Disposition: attachment; filename="canic_agenda_20261005.pdf"; 13609 bytes saved to roadmap/evidence/E6-T02/agenda-round2.pdf
PASS E6-T02 manual run
Removed disposable Compose services, volumes and private mailbox; existing stacks preserved
