Mockito is currently self-attaching to enable the inline-mock-maker. This will no longer work in future releases of the JDK. Please add Mockito as an agent to your build as described in Mockito's documentation: https://javadoc.io/doc/org.mockito/mockito-core/latest/org.mockito/org/mockito/Mockito.html#0.3
OpenJDK 64-Bit Server VM warning: Sharing is only supported for boot loader classes because bootstrap classpath has been appended
WARNING: A Java agent has been loaded dynamically (/Users/jordib/.m2/repository/net/bytebuddy/byte-buddy-agent/1.17.8/byte-buddy-agent-1.17.8.jar)
WARNING: If a serviceability tool is in use, please run with -XX:+EnableDynamicAgentLoading to hide this warning
WARNING: If a serviceability tool is not in use, please run with -Djdk.instrument.traceUsage for more information
WARNING: Dynamic loading of agents will be disallowed by default in a future release
Playoff DRY_RUN
members: created=0 updated=0 skipped=0 errors=0
dogs: created=0 updated=0 skipped=0 errors=0
familyGroups: created=0 updated=0 skipped=0 errors=0 proposed=0
accounts: created=0 updated=0 skipped=0 errors=0
Incidents: {}
Playoff DRY_RUN
members: created=0 updated=0 skipped=0 errors=0
dogs: created=0 updated=0 skipped=0 errors=0
familyGroups: created=0 updated=0 skipped=0 errors=0 proposed=0
accounts: created=0 updated=0 skipped=0 errors=0
Incidents: {}
Playoff DRY_RUN
Validation failed; no changes applied. Counts below describe the proposed changes.
members: created=0 updated=0 skipped=0 errors=1
dogs: created=0 updated=0 skipped=0 errors=0
familyGroups: created=0 updated=0 skipped=0 errors=0 proposed=0
accounts: created=0 updated=0 skipped=0 errors=0
Incidents: {MAPPING_INVALID=1}
members:2 members ERROR MAPPING_INVALID
Playoff APPLY
Validation failed; no changes applied. Counts below describe the proposed changes.
REEXECUTION_UNSUPPORTED: 1 records cannot be reconciled with an earlier load (R-18-14). On staging, the way out is --reset and a new load.
members: created=0 updated=0 skipped=0 errors=1
dogs: created=0 updated=0 skipped=0 errors=0
familyGroups: created=0 updated=0 skipped=0 errors=0 proposed=0
accounts: created=0 updated=0 skipped=0 errors=0
Incidents: {REEXECUTION_UNSUPPORTED=1}
members:3 members ERROR REEXECUTION_UNSUPPORTED field=status
Anonymized Playoff files written; no input values or key logged.
19:05:12.482 [main] INFO org.springframework.test.context.support.AnnotationConfigContextLoaderUtils -- Could not detect default configuration classes for test class [com.agilityhub.core.clubs.census.application.DemoSeedsIT]: DemoSeedsIT does not declare any static, non-private, non-final, nested classes annotated with @Configuration.
19:05:12.572 [main] INFO org.springframework.boot.test.context.SpringBootTestContextBootstrapper -- Found @SpringBootConfiguration com.agilityhub.core.CoreApplication for test class com.agilityhub.core.clubs.census.application.DemoSeedsIT
19:05:12.623 [main] INFO org.testcontainers.images.PullPolicy -- Image pull policy will be performed by: DefaultPullPolicy()
19:05:12.624 [main] INFO org.testcontainers.utility.ImageNameSubstitutor -- Image name substitution will be performed by: DefaultImageNameSubstitutor (composite of 'ConfigurationFileImageNameSubstitutor' and 'PrefixingImageNameSubstitutor')
19:05:12.627 [main] INFO org.testcontainers.DockerClientFactory -- Testcontainers version: 1.21.4
19:05:12.704 [main] INFO org.testcontainers.dockerclient.DockerClientProviderStrategy -- Loaded org.testcontainers.dockerclient.UnixSocketClientProviderStrategy from ~/.testcontainers.properties, will try it first
19:05:12.821 [main] INFO org.testcontainers.dockerclient.DockerClientProviderStrategy -- Found Docker environment with local Unix socket (unix:///var/run/docker.sock)
19:05:12.821 [main] INFO org.testcontainers.DockerClientFactory -- Docker host IP address is localhost
19:05:12.833 [main] INFO org.testcontainers.DockerClientFactory -- Connected to docker: 
  Server Version: 29.7.2
  API Version: 1.55
  Operating System: Docker Desktop
  Total Memory: 7931 MB
  Labels: 
    com.docker.desktop.address=unix:///Users/jordib/Library/Containers/com.docker.docker/Data/docker-cli.sock
19:05:12.951 [main] INFO tc.testcontainers/ryuk:0.12.0 -- Creating container for image: testcontainers/ryuk:0.12.0
19:05:13.039 [main] INFO org.testcontainers.utility.RegistryAuthLocator -- Credential helper/store (docker-credential-desktop) does not have credentials for https://index.docker.io/v1/
19:05:13.092 [main] INFO tc.testcontainers/ryuk:0.12.0 -- Container testcontainers/ryuk:0.12.0 is starting: d473d2b8f6fddaace94eee8078b9b731c5d9a51011b5cfc44f56285da0e0062e
19:05:13.235 [main] INFO tc.testcontainers/ryuk:0.12.0 -- Container testcontainers/ryuk:0.12.0 started in PT0.283511S
19:05:13.239 [main] INFO org.testcontainers.utility.RyukResourceReaper -- Ryuk started - will monitor and terminate Testcontainers containers on JVM exit
19:05:13.239 [main] INFO org.testcontainers.DockerClientFactory -- Checking the system...
19:05:13.239 [main] INFO org.testcontainers.DockerClientFactory -- ✔︎ Docker server version should be at least 1.6.0
19:05:13.239 [main] INFO tc.mongo:7 -- Creating container for image: mongo:7
19:05:13.269 [main] INFO tc.mongo:7 -- Container mongo:7 is starting: e6ff313ecbcddcb491a2c15733b8b0f302b1d18aba2fbc215d965e9ba30bec2e
19:05:13.682 [main] INFO tc.mongo:7 -- Container mongo:7 started in PT0.442363S
Integration JVM availableProcessors=18

  .   ____          _            __ _ _
 /\\ / ___'_ __ _ _(_)_ __  __ _ \ \ \ \
( ( )\___ | '_ | '_| | '_ \/ _` | \ \ \ \
 \\/  ___)| |_)| | | | | || (_| |  ) ) ) )
  '  |____| .__|_| |_|_| |_\__, | / / / /
 =========|_|==============|___/=/_/_/_/

 :: Spring Boot ::               (v3.5.16)

2026-09-24T19:05:14.308+02:00  INFO 76839 --- [agilityhub-core-api] [           main] c.a.c.c.census.application.DemoSeedsIT   : Starting DemoSeedsIT using Java 21.0.12.1 with PID 76839 (started by jordib in /Users/jordib/dev/agilityhub/agilityhub-core-api)
2026-09-24T19:05:14.309+02:00  INFO 76839 --- [agilityhub-core-api] [           main] c.a.c.c.census.application.DemoSeedsIT   : The following 1 profile is active: "test"
2026-09-24T19:05:14.993+02:00  INFO 76839 --- [agilityhub-core-api] [           main] .s.d.r.c.RepositoryConfigurationDelegate : Bootstrapping Spring Data MongoDB repositories in DEFAULT mode.
2026-09-24T19:05:15.029+02:00  INFO 76839 --- [agilityhub-core-api] [           main] .s.d.r.c.RepositoryConfigurationDelegate : Finished Spring Data repository scanning in 33 ms. Found 0 MongoDB repository interfaces.
2026-09-24T19:05:15.294+02:00  INFO 76839 --- [agilityhub-core-api] [           main] org.mongodb.driver.client                : MongoClient with metadata {"driver": {"name": "mongo-java-driver|sync|spring-boot", "version": "5.5.2"}, "os": {"type": "Darwin", "name": "Mac OS X", "architecture": "aarch64", "version": "26.4.1"}, "platform": "Java/Homebrew/21.0.12.1"} created with settings MongoClientSettings{readPreference=primary, writeConcern=WriteConcern{w=null, wTimeout=null ms, journal=null}, retryWrites=true, retryReads=true, readConcern=ReadConcern{level=null}, credential=null, transportSettings=null, commandListeners=[io.micrometer.core.instrument.binder.mongodb.MongoMetricsCommandListener@5b2c41f9], codecRegistry=ProvidersCodecRegistry{codecProviders=[ValueCodecProvider{}, BsonValueCodecProvider{}, DBRefCodecProvider{}, DBObjectCodecProvider{}, DocumentCodecProvider{}, CollectionCodecProvider{}, IterableCodecProvider{}, MapCodecProvider{}, GeoJsonCodecProvider{}, GridFSFileCodecProvider{}, Jsr310CodecProvider{}, JsonObjectCodecProvider{}, BsonCodecProvider{}, EnumCodecProvider{}, com.mongodb.client.model.mql.ExpressionCodecProvider@6520625f, com.mongodb.Jep395RecordCodecProvider@1ee52741, com.mongodb.KotlinCodecProvider@2f5a092e]}, loggerSettings=LoggerSettings{maxDocumentLength=1000}, clusterSettings={hosts=[localhost:50970], srvServiceName=mongodb, mode=SINGLE, requiredClusterType=UNKNOWN, requiredReplicaSetName='null', serverSelector='null', clusterListeners='[]', serverSelectionTimeout='30000 ms', localThreshold='15 ms'}, socketSettings=SocketSettings{connectTimeoutMS=10000, readTimeoutMS=0, receiveBufferSize=0, proxySettings=ProxySettings{host=null, port=null, username=null, password=null}}, heartbeatSocketSettings=SocketSettings{connectTimeoutMS=10000, readTimeoutMS=10000, receiveBufferSize=0, proxySettings=ProxySettings{host=null, port=null, username=null, password=null}}, connectionPoolSettings=ConnectionPoolSettings{maxSize=100, minSize=0, maxWaitTimeMS=120000, maxConnectionLifeTimeMS=0, maxConnectionIdleTimeMS=0, maintenanceInitialDelayMS=0, maintenanceFrequencyMS=60000, connectionPoolListeners=[io.micrometer.core.instrument.binder.mongodb.MongoMetricsConnectionPoolListener@1640a6b5], maxConnecting=2}, serverSettings=ServerSettings{heartbeatFrequencyMS=10000, minHeartbeatFrequencyMS=500, serverMonitoringMode=AUTO, serverListeners='[]', serverMonitorListeners='[]'}, sslSettings=SslSettings{enabled=false, invalidHostNameAllowed=false, context=null}, applicationName='null', compressorList=[], uuidRepresentation=JAVA_LEGACY, serverApi=null, autoEncryptionSettings=null, dnsClient=null, inetAddressResolver=null, contextProvider=null, timeoutMS=null}
2026-09-24T19:05:15.299+02:00  INFO 76839 --- [agilityhub-core-api] [localhost:50970] org.mongodb.driver.cluster               : Monitor thread successfully connected to server with description ServerDescription{address=localhost:50970, type=REPLICA_SET_PRIMARY, cryptd=false, state=CONNECTED, ok=true, minWireVersion=0, maxWireVersion=21, maxDocumentSize=16777216, logicalSessionTimeoutMinutes=30, roundTripTimeNanos=9048167, minRoundTripTimeNanos=0, setName='docker-rs', canonicalAddress=e6ff313ecbcd:27017, hosts=[e6ff313ecbcd:27017], passives=[], arbiters=[], primary='e6ff313ecbcd:27017', tagSet=TagSet{[]}, electionId=7fffffff0000000000000001, setVersion=1, topologyVersion=TopologyVersion{processId=6ab558492265082a792173c1, counter=6}, lastWriteDate=Thu Sep 24 19:05:13 CEST 2026, lastUpdateTimeNanos=132053615513166}
2026-09-24T19:05:17.550+02:00  INFO 76839 --- [agilityhub-core-api] [           main] o.s.b.t.m.w.SpringBootMockServletContext : Initializing Spring TestDispatcherServlet ''
2026-09-24T19:05:17.550+02:00  INFO 76839 --- [agilityhub-core-api] [           main] o.s.t.web.servlet.TestDispatcherServlet  : Initializing Servlet ''
2026-09-24T19:05:17.550+02:00  INFO 76839 --- [agilityhub-core-api] [           main] o.s.t.web.servlet.TestDispatcherServlet  : Completed initialization in 0 ms
2026-09-24T19:05:17.576+02:00  INFO 76839 --- [agilityhub-core-api] [           main] c.a.c.c.census.application.DemoSeedsIT   : Started DemoSeedsIT in 3.385 seconds (process running for 5.355)
Mockito is currently self-attaching to enable the inline-mock-maker. This will no longer work in future releases of the JDK. Please add Mockito as an agent to your build as described in Mockito's documentation: https://javadoc.io/doc/org.mockito/mockito-core/latest/org.mockito/org/mockito/Mockito.html#0.3
OpenJDK 64-Bit Server VM warning: Sharing is only supported for boot loader classes because bootstrap classpath has been appended
WARNING: A Java agent has been loaded dynamically (/Users/jordib/.m2/repository/net/bytebuddy/byte-buddy-agent/1.17.8/byte-buddy-agent-1.17.8.jar)
WARNING: If a serviceability tool is in use, please run with -XX:+EnableDynamicAgentLoading to hide this warning
WARNING: If a serviceability tool is not in use, please run with -Djdk.instrument.traceUsage for more information
WARNING: Dynamic loading of agents will be disallowed by default in a future release
{activeMembers=184, pendingMembers=3, inactiveMembers=4, leftMembers=3, members=194, dogs=245, familyGroups=12, activeDogs=242, pendingDogs=3, instructors=3, administrators=2, receivedDocuments=6, pendingDocuments=239}
451 changes (demo seed)
{templateClasses=39, templates=3, weeks=3, generatedClasses=102, validatedWeeks=2, looseClasses=1, ringBlocks=1, scenarioRingBlocks=0, riskCancellations=1, classBookings=23, classWaitlist=3, activities=4, publishedActivities=3, activityRegistrations=44, activityWaitlist=2, activityFiles=2, scenarioActivityRegistrations=0, scenarioClassBookings=0, scenarioCancellations=0, scenarioWaitlist=0, scenarioOffers=0, scenarioRiskExempt=0, scenarioBookingBlocks=0, scenarioTrainingOverrides=0, scenarioTrainingBookings=0}
233 changes (demo planning, week start 2026-09-07)
{activeMembers=184, pendingMembers=3, inactiveMembers=4, leftMembers=3, members=194, dogs=245, familyGroups=12, activeDogs=242, pendingDogs=3, instructors=3, administrators=2, receivedDocuments=6, pendingDocuments=239}
0 changes (demo seed)
{templateClasses=39, templates=3, weeks=3, generatedClasses=102, validatedWeeks=2, looseClasses=1, ringBlocks=1, scenarioRingBlocks=0, riskCancellations=1, classBookings=23, classWaitlist=3, activities=4, publishedActivities=3, activityRegistrations=44, activityWaitlist=2, activityFiles=2, scenarioActivityRegistrations=0, scenarioClassBookings=0, scenarioCancellations=0, scenarioWaitlist=0, scenarioOffers=0, scenarioRiskExempt=0, scenarioBookingBlocks=0, scenarioTrainingOverrides=0, scenarioTrainingBookings=0}
0 changes (demo planning, week start 2026-09-07)
E5-T07 outbox backlog discarded before DemoSeedsIT: 666 PENDING records (more than one dispatch() batch)
2026-09-24T19:05:29.009+02:00  INFO 76839 --- [agilityhub-core-api] [           main] t.c.s.AnnotationConfigContextLoaderUtils : Could not detect default configuration classes for test class [com.agilityhub.core.migration.PlayoffMigrationIT]: PlayoffMigrationIT does not declare any static, non-private, non-final, nested classes annotated with @Configuration.
2026-09-24T19:05:29.029+02:00  INFO 76839 --- [agilityhub-core-api] [           main] .b.t.c.SpringBootTestContextBootstrapper : Found @SpringBootConfiguration com.agilityhub.core.CoreApplication for test class com.agilityhub.core.migration.PlayoffMigrationIT

  .   ____          _            __ _ _
 /\\ / ___'_ __ _ _(_)_ __  __ _ \ \ \ \
( ( )\___ | '_ | '_| | '_ \/ _` | \ \ \ \
 \\/  ___)| |_)| | | | | || (_| |  ) ) ) )
  '  |____| .__|_| |_|_| |_\__, | / / / /
 =========|_|==============|___/=/_/_/_/

 :: Spring Boot ::               (v3.5.16)

2026-09-24T19:05:29.047+02:00  INFO 76839 --- [agilityhub-core-api] [           main] c.a.core.migration.PlayoffMigrationIT    : Starting PlayoffMigrationIT using Java 21.0.12.1 with PID 76839 (started by jordib in /Users/jordib/dev/agilityhub/agilityhub-core-api)
2026-09-24T19:05:29.047+02:00  INFO 76839 --- [agilityhub-core-api] [           main] c.a.core.migration.PlayoffMigrationIT    : The following 1 profile is active: "test"
2026-09-24T19:05:29.420+02:00  INFO 76839 --- [agilityhub-core-api] [           main] .s.d.r.c.RepositoryConfigurationDelegate : Bootstrapping Spring Data MongoDB repositories in DEFAULT mode.
2026-09-24T19:05:29.444+02:00  INFO 76839 --- [agilityhub-core-api] [           main] .s.d.r.c.RepositoryConfigurationDelegate : Finished Spring Data repository scanning in 23 ms. Found 0 MongoDB repository interfaces.
2026-09-24T19:05:29.502+02:00  INFO 76839 --- [agilityhub-core-api] [           main] org.mongodb.driver.client                : MongoClient with metadata {"driver": {"name": "mongo-java-driver|sync|spring-boot", "version": "5.5.2"}, "os": {"type": "Darwin", "name": "Mac OS X", "architecture": "aarch64", "version": "26.4.1"}, "platform": "Java/Homebrew/21.0.12.1"} created with settings MongoClientSettings{readPreference=primary, writeConcern=WriteConcern{w=null, wTimeout=null ms, journal=null}, retryWrites=true, retryReads=true, readConcern=ReadConcern{level=null}, credential=null, transportSettings=null, commandListeners=[io.micrometer.core.instrument.binder.mongodb.MongoMetricsCommandListener@770dd7a4], codecRegistry=ProvidersCodecRegistry{codecProviders=[ValueCodecProvider{}, BsonValueCodecProvider{}, DBRefCodecProvider{}, DBObjectCodecProvider{}, DocumentCodecProvider{}, CollectionCodecProvider{}, IterableCodecProvider{}, MapCodecProvider{}, GeoJsonCodecProvider{}, GridFSFileCodecProvider{}, Jsr310CodecProvider{}, JsonObjectCodecProvider{}, BsonCodecProvider{}, EnumCodecProvider{}, com.mongodb.client.model.mql.ExpressionCodecProvider@6520625f, com.mongodb.Jep395RecordCodecProvider@1ee52741, com.mongodb.KotlinCodecProvider@2f5a092e]}, loggerSettings=LoggerSettings{maxDocumentLength=1000}, clusterSettings={hosts=[localhost:50970], srvServiceName=mongodb, mode=SINGLE, requiredClusterType=UNKNOWN, requiredReplicaSetName='null', serverSelector='null', clusterListeners='[]', serverSelectionTimeout='30000 ms', localThreshold='15 ms'}, socketSettings=SocketSettings{connectTimeoutMS=10000, readTimeoutMS=0, receiveBufferSize=0, proxySettings=ProxySettings{host=null, port=null, username=null, password=null}}, heartbeatSocketSettings=SocketSettings{connectTimeoutMS=10000, readTimeoutMS=10000, receiveBufferSize=0, proxySettings=ProxySettings{host=null, port=null, username=null, password=null}}, connectionPoolSettings=ConnectionPoolSettings{maxSize=100, minSize=0, maxWaitTimeMS=120000, maxConnectionLifeTimeMS=0, maxConnectionIdleTimeMS=0, maintenanceInitialDelayMS=0, maintenanceFrequencyMS=60000, connectionPoolListeners=[io.micrometer.core.instrument.binder.mongodb.MongoMetricsConnectionPoolListener@3a2cb095], maxConnecting=2}, serverSettings=ServerSettings{heartbeatFrequencyMS=10000, minHeartbeatFrequencyMS=500, serverMonitoringMode=AUTO, serverListeners='[]', serverMonitorListeners='[]'}, sslSettings=SslSettings{enabled=false, invalidHostNameAllowed=false, context=null}, applicationName='null', compressorList=[], uuidRepresentation=JAVA_LEGACY, serverApi=null, autoEncryptionSettings=null, dnsClient=null, inetAddressResolver=null, contextProvider=null, timeoutMS=null}
2026-09-24T19:05:29.504+02:00  INFO 76839 --- [agilityhub-core-api] [localhost:50970] org.mongodb.driver.cluster               : Monitor thread successfully connected to server with description ServerDescription{address=localhost:50970, type=REPLICA_SET_PRIMARY, cryptd=false, state=CONNECTED, ok=true, minWireVersion=0, maxWireVersion=21, maxDocumentSize=16777216, logicalSessionTimeoutMinutes=30, roundTripTimeNanos=1861833, minRoundTripTimeNanos=0, setName='docker-rs', canonicalAddress=e6ff313ecbcd:27017, hosts=[e6ff313ecbcd:27017], passives=[], arbiters=[], primary='e6ff313ecbcd:27017', tagSet=TagSet{[]}, electionId=7fffffff0000000000000001, setVersion=1, topologyVersion=TopologyVersion{processId=6ab558492265082a792173c1, counter=6}, lastWriteDate=Thu Sep 24 19:05:28 CEST 2026, lastUpdateTimeNanos=132067820846708}
2026-09-24T19:05:31.065+02:00  INFO 76839 --- [agilityhub-core-api] [           main] c.a.core.migration.PlayoffMigrationIT    : Started PlayoffMigrationIT in 2.027 seconds (process running for 18.843)
E5-T07 outbox backlog discarded before PlayoffMigrationIT: 158 PENDING records (more than one dispatch() batch)
E5-T07 outbox backlog discarded before PlayoffMigrationIT: 158 PENDING records (more than one dispatch() batch)
E5-T07 outbox backlog discarded before PlayoffMigrationIT: 158 PENDING records (more than one dispatch() batch)
E5-T07 outbox backlog discarded before PlayoffMigrationIT: 162 PENDING records (more than one dispatch() batch)
E5-T07 outbox backlog discarded before PlayoffMigrationIT: 158 PENDING records (more than one dispatch() batch)
E5-T07 outbox backlog discarded before PlayoffMigrationIT: 158 PENDING records (more than one dispatch() batch)
E5-T07 outbox backlog discarded before PlayoffMigrationIT: 158 PENDING records (more than one dispatch() batch)
E5-T07 outbox backlog discarded before PlayoffMigrationIT: 158 PENDING records (more than one dispatch() batch)
E5-T07 outbox backlog discarded before PlayoffMigrationIT: 158 PENDING records (more than one dispatch() batch)
E5-T07 outbox backlog discarded before PlayoffMigrationIT: 158 PENDING records (more than one dispatch() batch)
E5-T07 outbox backlog discarded before PlayoffMigrationIT: 159 PENDING records (more than one dispatch() batch)
E5-T07 outbox backlog discarded before PlayoffMigrationIT: 158 PENDING records (more than one dispatch() batch)
E5-T07 outbox backlog discarded before PlayoffMigrationIT: 158 PENDING records (more than one dispatch() batch)
E5-T07 outbox backlog discarded before PlayoffMigrationIT: 158 PENDING records (more than one dispatch() batch)
E5-T07 outbox backlog discarded before PlayoffMigrationIT: 158 PENDING records (more than one dispatch() batch)
E5-T07 outbox backlog discarded before PlayoffMigrationIT: 159 PENDING records (more than one dispatch() batch)
EXIT=0
