[INFO] Scanning for projects...
[INFO] 
[INFO] -----------------< com.agilityhub:agilityhub-core-api >-----------------
[INFO] Building AgilityHub Core API 0.1.0-SNAPSHOT
[INFO]   from pom.xml
[INFO] --------------------------------[ jar ]---------------------------------
[INFO] 
[INFO] --- enforcer:3.6.2:enforce (require-java-21) @ agilityhub-core-api ---
[INFO] Rule 0: org.apache.maven.enforcer.rules.version.RequireJavaVersion passed
[INFO] Rule 1: org.apache.maven.enforcer.rules.version.RequireMavenVersion passed
[INFO] 
[INFO] --- jacoco:0.8.14:prepare-agent (default) @ agilityhub-core-api ---
[INFO] Skipping JaCoCo execution because property jacoco.skip is set.
[INFO] argLine set to empty
[INFO] 
[INFO] --- spring-boot:3.5.16:build-info (default) @ agilityhub-core-api ---
[INFO] 
[INFO] --- resources:3.3.1:resources (default-resources) @ agilityhub-core-api ---
[INFO] Copying 13 resources from src/main/resources to target/classes
[INFO] Copying 1 resource from seeds to target/classes/seeds
[INFO] 
[INFO] --- compiler:3.14.1:compile (default-compile) @ agilityhub-core-api ---
[INFO] Recompiling the module because of changed source code.
[INFO] Compiling 1101 source files with javac [debug parameters release 21] to target/classes
[WARNING] /Users/jordib/dev/agilityhub/agilityhub-core-api/src/main/java/com/agilityhub/core/clubs/scheduling/persistence/RingBlockRepository.java:[15,40] ensureIndex(org.springframework.data.mongodb.core.index.IndexDefinition) in org.springframework.data.mongodb.core.index.IndexOperations has been deprecated and marked for removal
[WARNING] /Users/jordib/dev/agilityhub/agilityhub-core-api/src/main/java/com/agilityhub/core/clubs/scheduling/persistence/RingBlockRepository.java:[16,40] ensureIndex(org.springframework.data.mongodb.core.index.IndexDefinition) in org.springframework.data.mongodb.core.index.IndexOperations has been deprecated and marked for removal
[WARNING] /Users/jordib/dev/agilityhub/agilityhub-core-api/src/main/java/com/agilityhub/core/clubs/scheduling/persistence/ClassSessionRepository.java:[15,43] ensureIndex(org.springframework.data.mongodb.core.index.IndexDefinition) in org.springframework.data.mongodb.core.index.IndexOperations has been deprecated and marked for removal
[WARNING] /Users/jordib/dev/agilityhub/agilityhub-core-api/src/main/java/com/agilityhub/core/clubs/scheduling/persistence/ClassSessionRepository.java:[16,43] ensureIndex(org.springframework.data.mongodb.core.index.IndexDefinition) in org.springframework.data.mongodb.core.index.IndexOperations has been deprecated and marked for removal
[WARNING] /Users/jordib/dev/agilityhub/agilityhub-core-api/src/main/java/com/agilityhub/core/clubs/scheduling/persistence/ClassSessionRepository.java:[17,43] ensureIndex(org.springframework.data.mongodb.core.index.IndexDefinition) in org.springframework.data.mongodb.core.index.IndexOperations has been deprecated and marked for removal
[WARNING] /Users/jordib/dev/agilityhub/agilityhub-core-api/src/main/java/com/agilityhub/core/clubs/scheduling/persistence/ClassSessionRepository.java:[18,43] ensureIndex(org.springframework.data.mongodb.core.index.IndexDefinition) in org.springframework.data.mongodb.core.index.IndexOperations has been deprecated and marked for removal
[WARNING] /Users/jordib/dev/agilityhub/agilityhub-core-api/src/main/java/com/agilityhub/core/clubs/scheduling/persistence/ClassSessionRepository.java:[19,43] ensureIndex(org.springframework.data.mongodb.core.index.IndexDefinition) in org.springframework.data.mongodb.core.index.IndexOperations has been deprecated and marked for removal
[WARNING] /Users/jordib/dev/agilityhub/agilityhub-core-api/src/main/java/com/agilityhub/core/clubs/census/persistence/CensusRepository.java:[31,16] ensureIndex(org.springframework.data.mongodb.core.index.IndexDefinition) in org.springframework.data.mongodb.core.index.IndexOperations has been deprecated and marked for removal
[WARNING] /Users/jordib/dev/agilityhub/agilityhub-core-api/src/main/java/com/agilityhub/core/clubs/census/persistence/CensusRepository.java:[49,29] ensureIndex(org.springframework.data.mongodb.core.index.IndexDefinition) in org.springframework.data.mongodb.core.index.IndexOperations has been deprecated and marked for removal
[WARNING] /Users/jordib/dev/agilityhub/agilityhub-core-api/src/main/java/com/agilityhub/core/clubs/census/persistence/CensusRepository.java:[52,66] ensureIndex(org.springframework.data.mongodb.core.index.IndexDefinition) in org.springframework.data.mongodb.core.index.IndexOperations has been deprecated and marked for removal
[WARNING] /Users/jordib/dev/agilityhub/agilityhub-core-api/src/main/java/com/agilityhub/core/clubs/census/persistence/CensusRepository.java:[145,29] ensureIndex(org.springframework.data.mongodb.core.index.IndexDefinition) in org.springframework.data.mongodb.core.index.IndexOperations has been deprecated and marked for removal
[WARNING] /Users/jordib/dev/agilityhub/agilityhub-core-api/src/main/java/com/agilityhub/core/platform/persistence/ClubRepository.java:[43,35] ensureIndex(org.springframework.data.mongodb.core.index.IndexDefinition) in org.springframework.data.mongodb.core.index.IndexOperations has been deprecated and marked for removal
[WARNING] /Users/jordib/dev/agilityhub/agilityhub-core-api/src/main/java/com/agilityhub/core/platform/persistence/ClubRepository.java:[44,35] ensureIndex(org.springframework.data.mongodb.core.index.IndexDefinition) in org.springframework.data.mongodb.core.index.IndexOperations has been deprecated and marked for removal
[WARNING] /Users/jordib/dev/agilityhub/agilityhub-core-api/src/main/java/com/agilityhub/core/platform/persistence/ParameterRepository.java:[39,40] ensureIndex(org.springframework.data.mongodb.core.index.IndexDefinition) in org.springframework.data.mongodb.core.index.IndexOperations has been deprecated and marked for removal
[WARNING] /Users/jordib/dev/agilityhub/agilityhub-core-api/src/main/java/com/agilityhub/core/clubs/scheduling/persistence/WeekRepository.java:[15,35] ensureIndex(org.springframework.data.mongodb.core.index.IndexDefinition) in org.springframework.data.mongodb.core.index.IndexOperations has been deprecated and marked for removal
[WARNING] /Users/jordib/dev/agilityhub/agilityhub-core-api/src/main/java/com/agilityhub/core/clubs/catalogs/persistence/CatalogRepository.java:[15,46] ensureIndex(org.springframework.data.mongodb.core.index.IndexDefinition) in org.springframework.data.mongodb.core.index.IndexOperations has been deprecated and marked for removal
[WARNING] /Users/jordib/dev/agilityhub/agilityhub-core-api/src/main/java/com/agilityhub/core/clubs/catalogs/persistence/InstructorRepository.java:[15,41] ensureIndex(org.springframework.data.mongodb.core.index.IndexDefinition) in org.springframework.data.mongodb.core.index.IndexOperations has been deprecated and marked for removal
[WARNING] /Users/jordib/dev/agilityhub/agilityhub-core-api/src/main/java/com/agilityhub/core/clubs/catalogs/persistence/InstructorRepository.java:[16,43] ensureIndex(org.springframework.data.mongodb.core.index.IndexDefinition) in org.springframework.data.mongodb.core.index.IndexOperations has been deprecated and marked for removal
[WARNING] /Users/jordib/dev/agilityhub/agilityhub-core-api/src/main/java/com/agilityhub/core/clubs/common/persistence/ListExportRepository.java:[16,40] ensureIndex(org.springframework.data.mongodb.core.index.IndexDefinition) in org.springframework.data.mongodb.core.index.IndexOperations has been deprecated and marked for removal
[WARNING] /Users/jordib/dev/agilityhub/agilityhub-core-api/src/main/java/com/agilityhub/core/clubs/common/persistence/ListExportRepository.java:[17,40] ensureIndex(org.springframework.data.mongodb.core.index.IndexDefinition) in org.springframework.data.mongodb.core.index.IndexOperations has been deprecated and marked for removal
[WARNING] /Users/jordib/dev/agilityhub/agilityhub-core-api/src/main/java/com/agilityhub/core/clubs/common/persistence/ListExportRepository.java:[19,40] ensureIndex(org.springframework.data.mongodb.core.index.IndexDefinition) in org.springframework.data.mongodb.core.index.IndexOperations has been deprecated and marked for removal
[WARNING] /Users/jordib/dev/agilityhub/agilityhub-core-api/src/main/java/com/agilityhub/core/clubs/common/persistence/ListExportRepository.java:[20,45] ensureIndex(org.springframework.data.mongodb.core.index.IndexDefinition) in org.springframework.data.mongodb.core.index.IndexOperations has been deprecated and marked for removal
[WARNING] /Users/jordib/dev/agilityhub/agilityhub-core-api/src/main/java/com/agilityhub/core/clubs/common/persistence/ExportWorkRepository.java:[16,47] ensureIndex(org.springframework.data.mongodb.core.index.IndexDefinition) in org.springframework.data.mongodb.core.index.IndexOperations has been deprecated and marked for removal
[WARNING] /Users/jordib/dev/agilityhub/agilityhub-core-api/src/main/java/com/agilityhub/core/clubs/common/persistence/ExportWorkRepository.java:[17,38] ensureIndex(org.springframework.data.mongodb.core.index.IndexDefinition) in org.springframework.data.mongodb.core.index.IndexOperations has been deprecated and marked for removal
[WARNING] /Users/jordib/dev/agilityhub/agilityhub-core-api/src/main/java/com/agilityhub/core/clubs/activities/persistence/ActivityRepository.java:[40,39] ensureIndex(org.springframework.data.mongodb.core.index.IndexDefinition) in org.springframework.data.mongodb.core.index.IndexOperations has been deprecated and marked for removal
[WARNING] /Users/jordib/dev/agilityhub/agilityhub-core-api/src/main/java/com/agilityhub/core/clubs/activities/persistence/ActivityRepository.java:[41,39] ensureIndex(org.springframework.data.mongodb.core.index.IndexDefinition) in org.springframework.data.mongodb.core.index.IndexOperations has been deprecated and marked for removal
[WARNING] /Users/jordib/dev/agilityhub/agilityhub-core-api/src/main/java/com/agilityhub/core/clubs/activities/persistence/ActivityRepository.java:[42,39] ensureIndex(org.springframework.data.mongodb.core.index.IndexDefinition) in org.springframework.data.mongodb.core.index.IndexOperations has been deprecated and marked for removal
[WARNING] /Users/jordib/dev/agilityhub/agilityhub-core-api/src/main/java/com/agilityhub/core/clubs/activities/persistence/ActivityRegistrationRepository.java:[35,51] ensureIndex(org.springframework.data.mongodb.core.index.IndexDefinition) in org.springframework.data.mongodb.core.index.IndexOperations has been deprecated and marked for removal
[WARNING] /Users/jordib/dev/agilityhub/agilityhub-core-api/src/main/java/com/agilityhub/core/clubs/activities/persistence/ActivityRegistrationRepository.java:[36,51] ensureIndex(org.springframework.data.mongodb.core.index.IndexDefinition) in org.springframework.data.mongodb.core.index.IndexOperations has been deprecated and marked for removal
[WARNING] /Users/jordib/dev/agilityhub/agilityhub-core-api/src/main/java/com/agilityhub/core/clubs/activities/persistence/ActivityRegistrationRepository.java:[37,51] ensureIndex(org.springframework.data.mongodb.core.index.IndexDefinition) in org.springframework.data.mongodb.core.index.IndexOperations has been deprecated and marked for removal
[WARNING] /Users/jordib/dev/agilityhub/agilityhub-core-api/src/main/java/com/agilityhub/core/clubs/followup/persistence/AttachmentRepository.java:[34,41] ensureIndex(org.springframework.data.mongodb.core.index.IndexDefinition) in org.springframework.data.mongodb.core.index.IndexOperations has been deprecated and marked for removal
[WARNING] /Users/jordib/dev/agilityhub/agilityhub-core-api/src/main/java/com/agilityhub/core/clubs/followup/persistence/AttachmentRepository.java:[37,41] ensureIndex(org.springframework.data.mongodb.core.index.IndexDefinition) in org.springframework.data.mongodb.core.index.IndexOperations has been deprecated and marked for removal
[WARNING] /Users/jordib/dev/agilityhub/agilityhub-core-api/src/main/java/com/agilityhub/core/clubs/followup/persistence/TaskRepository.java:[27,35] ensureIndex(org.springframework.data.mongodb.core.index.IndexDefinition) in org.springframework.data.mongodb.core.index.IndexOperations has been deprecated and marked for removal
[WARNING] /Users/jordib/dev/agilityhub/agilityhub-core-api/src/main/java/com/agilityhub/core/clubs/bookings/persistence/BookingRepository.java:[24,16] ensureIndex(org.springframework.data.mongodb.core.index.IndexDefinition) in org.springframework.data.mongodb.core.index.IndexOperations has been deprecated and marked for removal
[WARNING] /Users/jordib/dev/agilityhub/agilityhub-core-api/src/main/java/com/agilityhub/core/clubs/bookings/persistence/BookingRepository.java:[25,16] ensureIndex(org.springframework.data.mongodb.core.index.IndexDefinition) in org.springframework.data.mongodb.core.index.IndexOperations has been deprecated and marked for removal
[WARNING] /Users/jordib/dev/agilityhub/agilityhub-core-api/src/main/java/com/agilityhub/core/clubs/bookings/persistence/BookingRepository.java:[26,16] ensureIndex(org.springframework.data.mongodb.core.index.IndexDefinition) in org.springframework.data.mongodb.core.index.IndexOperations has been deprecated and marked for removal
[WARNING] /Users/jordib/dev/agilityhub/agilityhub-core-api/src/main/java/com/agilityhub/core/clubs/bookings/persistence/BookingRepository.java:[28,16] ensureIndex(org.springframework.data.mongodb.core.index.IndexDefinition) in org.springframework.data.mongodb.core.index.IndexOperations has been deprecated and marked for removal
[WARNING] /Users/jordib/dev/agilityhub/agilityhub-core-api/src/main/java/com/agilityhub/core/clubs/bookings/persistence/WaitlistEntryRepository.java:[20,16] ensureIndex(org.springframework.data.mongodb.core.index.IndexDefinition) in org.springframework.data.mongodb.core.index.IndexOperations has been deprecated and marked for removal
[WARNING] /Users/jordib/dev/agilityhub/agilityhub-core-api/src/main/java/com/agilityhub/core/clubs/bookings/persistence/WaitlistEntryRepository.java:[21,16] ensureIndex(org.springframework.data.mongodb.core.index.IndexDefinition) in org.springframework.data.mongodb.core.index.IndexOperations has been deprecated and marked for removal
[WARNING] /Users/jordib/dev/agilityhub/agilityhub-core-api/src/main/java/com/agilityhub/core/clubs/bookings/persistence/WaitlistEntryRepository.java:[23,16] ensureIndex(org.springframework.data.mongodb.core.index.IndexDefinition) in org.springframework.data.mongodb.core.index.IndexOperations has been deprecated and marked for removal
[WARNING] /Users/jordib/dev/agilityhub/agilityhub-core-api/src/main/java/com/agilityhub/core/identity/persistence/AccountRepository.java:[107,38] ensureIndex(org.springframework.data.mongodb.core.index.IndexDefinition) in org.springframework.data.mongodb.core.index.IndexOperations has been deprecated and marked for removal
[WARNING] /Users/jordib/dev/agilityhub/agilityhub-core-api/src/main/java/com/agilityhub/core/identity/persistence/AccountRepository.java:[108,38] ensureIndex(org.springframework.data.mongodb.core.index.IndexDefinition) in org.springframework.data.mongodb.core.index.IndexOperations has been deprecated and marked for removal
[WARNING] /Users/jordib/dev/agilityhub/agilityhub-core-api/src/main/java/com/agilityhub/core/identity/persistence/MembershipRepository.java:[41,41] ensureIndex(org.springframework.data.mongodb.core.index.IndexDefinition) in org.springframework.data.mongodb.core.index.IndexOperations has been deprecated and marked for removal
[WARNING] /Users/jordib/dev/agilityhub/agilityhub-core-api/src/main/java/com/agilityhub/core/identity/persistence/MagicLinkTokenRepository.java:[41,45] ensureIndex(org.springframework.data.mongodb.core.index.IndexDefinition) in org.springframework.data.mongodb.core.index.IndexOperations has been deprecated and marked for removal
[WARNING] /Users/jordib/dev/agilityhub/agilityhub-core-api/src/main/java/com/agilityhub/core/identity/persistence/MagicLinkTokenRepository.java:[42,45] ensureIndex(org.springframework.data.mongodb.core.index.IndexDefinition) in org.springframework.data.mongodb.core.index.IndexOperations has been deprecated and marked for removal
[WARNING] /Users/jordib/dev/agilityhub/agilityhub-core-api/src/main/java/com/agilityhub/core/identity/persistence/MagicLinkTokenRepository.java:[43,45] ensureIndex(org.springframework.data.mongodb.core.index.IndexDefinition) in org.springframework.data.mongodb.core.index.IndexOperations has been deprecated and marked for removal
[WARNING] /Users/jordib/dev/agilityhub/agilityhub-core-api/src/main/java/com/agilityhub/core/clubs/messaging/persistence/NotificationRepository.java:[39,16] ensureIndex(org.springframework.data.mongodb.core.index.IndexDefinition) in org.springframework.data.mongodb.core.index.IndexOperations has been deprecated and marked for removal
[WARNING] /Users/jordib/dev/agilityhub/agilityhub-core-api/src/main/java/com/agilityhub/core/clubs/messaging/persistence/NotificationRepository.java:[41,16] ensureIndex(org.springframework.data.mongodb.core.index.IndexDefinition) in org.springframework.data.mongodb.core.index.IndexOperations has been deprecated and marked for removal
[WARNING] /Users/jordib/dev/agilityhub/agilityhub-core-api/src/main/java/com/agilityhub/core/clubs/messaging/persistence/NotificationRepository.java:[42,16] ensureIndex(org.springframework.data.mongodb.core.index.IndexDefinition) in org.springframework.data.mongodb.core.index.IndexOperations has been deprecated and marked for removal
[WARNING] /Users/jordib/dev/agilityhub/agilityhub-core-api/src/main/java/com/agilityhub/core/clubs/messaging/persistence/NotificationRepository.java:[43,16] ensureIndex(org.springframework.data.mongodb.core.index.IndexDefinition) in org.springframework.data.mongodb.core.index.IndexOperations has been deprecated and marked for removal
[WARNING] /Users/jordib/dev/agilityhub/agilityhub-core-api/src/main/java/com/agilityhub/core/clubs/messaging/persistence/NotificationRepository.java:[44,16] ensureIndex(org.springframework.data.mongodb.core.index.IndexDefinition) in org.springframework.data.mongodb.core.index.IndexOperations has been deprecated and marked for removal
[WARNING] /Users/jordib/dev/agilityhub/agilityhub-core-api/src/main/java/com/agilityhub/core/clubs/messaging/persistence/NotificationRepository.java:[45,16] ensureIndex(org.springframework.data.mongodb.core.index.IndexDefinition) in org.springframework.data.mongodb.core.index.IndexOperations has been deprecated and marked for removal
[WARNING] /Users/jordib/dev/agilityhub/agilityhub-core-api/src/main/java/com/agilityhub/core/clubs/bookings/persistence/SeatHoldRepository.java:[21,16] ensureIndex(org.springframework.data.mongodb.core.index.IndexDefinition) in org.springframework.data.mongodb.core.index.IndexOperations has been deprecated and marked for removal
[WARNING] /Users/jordib/dev/agilityhub/agilityhub-core-api/src/main/java/com/agilityhub/core/clubs/bookings/persistence/SeatHoldRepository.java:[22,16] ensureIndex(org.springframework.data.mongodb.core.index.IndexDefinition) in org.springframework.data.mongodb.core.index.IndexOperations has been deprecated and marked for removal
[WARNING] /Users/jordib/dev/agilityhub/agilityhub-core-api/src/main/java/com/agilityhub/core/clubs/bookings/persistence/AttendanceRepository.java:[31,16] ensureIndex(org.springframework.data.mongodb.core.index.IndexDefinition) in org.springframework.data.mongodb.core.index.IndexOperations has been deprecated and marked for removal
[WARNING] /Users/jordib/dev/agilityhub/agilityhub-core-api/src/main/java/com/agilityhub/core/clubs/bookings/persistence/AttendanceRepository.java:[32,16] ensureIndex(org.springframework.data.mongodb.core.index.IndexDefinition) in org.springframework.data.mongodb.core.index.IndexOperations has been deprecated and marked for removal
[WARNING] /Users/jordib/dev/agilityhub/agilityhub-core-api/src/main/java/com/agilityhub/core/clubs/bookings/persistence/AttendanceRepository.java:[33,16] ensureIndex(org.springframework.data.mongodb.core.index.IndexDefinition) in org.springframework.data.mongodb.core.index.IndexOperations has been deprecated and marked for removal
[WARNING] /Users/jordib/dev/agilityhub/agilityhub-core-api/src/main/java/com/agilityhub/core/clubs/bookings/persistence/AttendanceRepository.java:[35,16] ensureIndex(org.springframework.data.mongodb.core.index.IndexDefinition) in org.springframework.data.mongodb.core.index.IndexOperations has been deprecated and marked for removal
[WARNING] /Users/jordib/dev/agilityhub/agilityhub-core-api/src/main/java/com/agilityhub/core/platform/persistence/audit/AuditRepository.java:[56,16] ensureIndex(org.springframework.data.mongodb.core.index.IndexDefinition) in org.springframework.data.mongodb.core.index.IndexOperations has been deprecated and marked for removal
[WARNING] /Users/jordib/dev/agilityhub/agilityhub-core-api/src/main/java/com/agilityhub/core/platform/persistence/audit/AuditRepository.java:[57,16] ensureIndex(org.springframework.data.mongodb.core.index.IndexDefinition) in org.springframework.data.mongodb.core.index.IndexOperations has been deprecated and marked for removal
[WARNING] /Users/jordib/dev/agilityhub/agilityhub-core-api/src/main/java/com/agilityhub/core/platform/persistence/audit/AuditRepository.java:[59,16] ensureIndex(org.springframework.data.mongodb.core.index.IndexDefinition) in org.springframework.data.mongodb.core.index.IndexOperations has been deprecated and marked for removal
[WARNING] /Users/jordib/dev/agilityhub/agilityhub-core-api/src/main/java/com/agilityhub/core/platform/persistence/audit/AuditRepository.java:[61,16] ensureIndex(org.springframework.data.mongodb.core.index.IndexDefinition) in org.springframework.data.mongodb.core.index.IndexOperations has been deprecated and marked for removal
[WARNING] /Users/jordib/dev/agilityhub/agilityhub-core-api/src/main/java/com/agilityhub/core/payments/persistence/UpfrontPaymentRepository.java:[15,45] ensureIndex(org.springframework.data.mongodb.core.index.IndexDefinition) in org.springframework.data.mongodb.core.index.IndexOperations has been deprecated and marked for removal
[WARNING] /Users/jordib/dev/agilityhub/agilityhub-core-api/src/main/java/com/agilityhub/core/clubs/catalogs/persistence/PlanRepository.java:[13,35] ensureIndex(org.springframework.data.mongodb.core.index.IndexDefinition) in org.springframework.data.mongodb.core.index.IndexOperations has been deprecated and marked for removal
[WARNING] /Users/jordib/dev/agilityhub/agilityhub-core-api/src/main/java/com/agilityhub/core/clubs/catalogs/persistence/PriceRepository.java:[18,36] ensureIndex(org.springframework.data.mongodb.core.index.IndexDefinition) in org.springframework.data.mongodb.core.index.IndexOperations has been deprecated and marked for removal
[WARNING] /Users/jordib/dev/agilityhub/agilityhub-core-api/src/main/java/com/agilityhub/core/clubs/census/persistence/inactivity/InactivityPeriodRepository.java:[18,16] ensureIndex(org.springframework.data.mongodb.core.index.IndexDefinition) in org.springframework.data.mongodb.core.index.IndexOperations has been deprecated and marked for removal
[WARNING] /Users/jordib/dev/agilityhub/agilityhub-core-api/src/main/java/com/agilityhub/core/clubs/census/persistence/inactivity/InactivityPeriodRepository.java:[19,16] ensureIndex(org.springframework.data.mongodb.core.index.IndexDefinition) in org.springframework.data.mongodb.core.index.IndexOperations has been deprecated and marked for removal
[WARNING] /Users/jordib/dev/agilityhub/agilityhub-core-api/src/main/java/com/agilityhub/core/clubs/census/persistence/leave/LeaveRequestRepository.java:[18,16] ensureIndex(org.springframework.data.mongodb.core.index.IndexDefinition) in org.springframework.data.mongodb.core.index.IndexOperations has been deprecated and marked for removal
[WARNING] /Users/jordib/dev/agilityhub/agilityhub-core-api/src/main/java/com/agilityhub/core/clubs/census/persistence/leave/LeaveRequestRepository.java:[19,16] ensureIndex(org.springframework.data.mongodb.core.index.IndexDefinition) in org.springframework.data.mongodb.core.index.IndexOperations has been deprecated and marked for removal
[WARNING] /Users/jordib/dev/agilityhub/agilityhub-core-api/src/main/java/com/agilityhub/core/clubs/census/persistence/leave/LeaveRequestRepository.java:[20,16] ensureIndex(org.springframework.data.mongodb.core.index.IndexDefinition) in org.springframework.data.mongodb.core.index.IndexOperations has been deprecated and marked for removal
[WARNING] /Users/jordib/dev/agilityhub/agilityhub-core-api/src/main/java/com/agilityhub/core/clubs/census/persistence/SignupNotificationAdmissionRepository.java:[21,58] ensureIndex(org.springframework.data.mongodb.core.index.IndexDefinition) in org.springframework.data.mongodb.core.index.IndexOperations has been deprecated and marked for removal
[WARNING] /Users/jordib/dev/agilityhub/agilityhub-core-api/src/main/java/com/agilityhub/core/platform/persistence/jobs/JobRunRepository.java:[23,16] ensureIndex(org.springframework.data.mongodb.core.index.IndexDefinition) in org.springframework.data.mongodb.core.index.IndexOperations has been deprecated and marked for removal
[WARNING] /Users/jordib/dev/agilityhub/agilityhub-core-api/src/main/java/com/agilityhub/core/platform/persistence/jobs/JobRunRepository.java:[25,16] ensureIndex(org.springframework.data.mongodb.core.index.IndexDefinition) in org.springframework.data.mongodb.core.index.IndexOperations has been deprecated and marked for removal
[WARNING] /Users/jordib/dev/agilityhub/agilityhub-core-api/src/main/java/com/agilityhub/core/platform/persistence/jobs/JobRunRepository.java:[26,16] ensureIndex(org.springframework.data.mongodb.core.index.IndexDefinition) in org.springframework.data.mongodb.core.index.IndexOperations has been deprecated and marked for removal
[WARNING] /Users/jordib/dev/agilityhub/agilityhub-core-api/src/main/java/com/agilityhub/core/platform/persistence/jobs/JobRunRepository.java:[27,16] ensureIndex(org.springframework.data.mongodb.core.index.IndexDefinition) in org.springframework.data.mongodb.core.index.IndexOperations has been deprecated and marked for removal
[WARNING] /Users/jordib/dev/agilityhub/agilityhub-core-api/src/main/java/com/agilityhub/core/platform/persistence/jobs/JobLockRepository.java:[22,38] ensureIndex(org.springframework.data.mongodb.core.index.IndexDefinition) in org.springframework.data.mongodb.core.index.IndexOperations has been deprecated and marked for removal
[WARNING] /Users/jordib/dev/agilityhub/agilityhub-core-api/src/main/java/com/agilityhub/core/clubs/common/persistence/SavedViewRepository.java:[14,40] ensureIndex(org.springframework.data.mongodb.core.index.IndexDefinition) in org.springframework.data.mongodb.core.index.IndexOperations has been deprecated and marked for removal
[WARNING] /Users/jordib/dev/agilityhub/agilityhub-core-api/src/main/java/com/agilityhub/core/clubs/messaging/persistence/PushSubscriptionRepository.java:[25,16] ensureIndex(org.springframework.data.mongodb.core.index.IndexDefinition) in org.springframework.data.mongodb.core.index.IndexOperations has been deprecated and marked for removal
[WARNING] /Users/jordib/dev/agilityhub/agilityhub-core-api/src/main/java/com/agilityhub/core/clubs/messaging/persistence/PushSubscriptionRepository.java:[27,16] ensureIndex(org.springframework.data.mongodb.core.index.IndexDefinition) in org.springframework.data.mongodb.core.index.IndexOperations has been deprecated and marked for removal
[WARNING] /Users/jordib/dev/agilityhub/agilityhub-core-api/src/main/java/com/agilityhub/core/clubs/messaging/persistence/PushSubscriptionRepository.java:[28,16] ensureIndex(org.springframework.data.mongodb.core.index.IndexDefinition) in org.springframework.data.mongodb.core.index.IndexOperations has been deprecated and marked for removal
[WARNING] /Users/jordib/dev/agilityhub/agilityhub-core-api/src/main/java/com/agilityhub/core/clubs/messaging/persistence/MessageTemplateRepository.java:[27,16] ensureIndex(org.springframework.data.mongodb.core.index.IndexDefinition) in org.springframework.data.mongodb.core.index.IndexOperations has been deprecated and marked for removal
[WARNING] /Users/jordib/dev/agilityhub/agilityhub-core-api/src/main/java/com/agilityhub/core/clubs/messaging/persistence/MessageTemplateRepository.java:[29,16] ensureIndex(org.springframework.data.mongodb.core.index.IndexDefinition) in org.springframework.data.mongodb.core.index.IndexOperations has been deprecated and marked for removal
[WARNING] /Users/jordib/dev/agilityhub/agilityhub-core-api/src/main/java/com/agilityhub/core/clubs/messaging/persistence/AnnouncementRepository.java:[16,43] ensureIndex(org.springframework.data.mongodb.core.index.IndexDefinition) in org.springframework.data.mongodb.core.index.IndexOperations has been deprecated and marked for removal
[WARNING] /Users/jordib/dev/agilityhub/agilityhub-core-api/src/main/java/com/agilityhub/core/clubs/content/persistence/ClubPageRepository.java:[16,39] ensureIndex(org.springframework.data.mongodb.core.index.IndexDefinition) in org.springframework.data.mongodb.core.index.IndexOperations has been deprecated and marked for removal
[WARNING] /Users/jordib/dev/agilityhub/agilityhub-core-api/src/main/java/com/agilityhub/core/clubs/followup/persistence/FollowupItemRepository.java:[26,16] ensureIndex(org.springframework.data.mongodb.core.index.IndexDefinition) in org.springframework.data.mongodb.core.index.IndexOperations has been deprecated and marked for removal
[WARNING] /Users/jordib/dev/agilityhub/agilityhub-core-api/src/main/java/com/agilityhub/core/clubs/followup/persistence/FollowupItemRepository.java:[27,16] ensureIndex(org.springframework.data.mongodb.core.index.IndexDefinition) in org.springframework.data.mongodb.core.index.IndexOperations has been deprecated and marked for removal
[WARNING] /Users/jordib/dev/agilityhub/agilityhub-core-api/src/main/java/com/agilityhub/core/clubs/followup/persistence/FollowupReadMarkRepository.java:[25,47] ensureIndex(org.springframework.data.mongodb.core.index.IndexDefinition) in org.springframework.data.mongodb.core.index.IndexOperations has been deprecated and marked for removal
[WARNING] /Users/jordib/dev/agilityhub/agilityhub-core-api/src/main/java/com/agilityhub/core/clubs/scheduling/persistence/WeekTemplateRepository.java:[15,43] ensureIndex(org.springframework.data.mongodb.core.index.IndexDefinition) in org.springframework.data.mongodb.core.index.IndexOperations has been deprecated and marked for removal
[WARNING] /Users/jordib/dev/agilityhub/agilityhub-core-api/src/main/java/com/agilityhub/core/clubs/scheduling/persistence/SchedulingPersistence.java:[33,26] ensureIndex(org.springframework.data.mongodb.core.index.IndexDefinition) in org.springframework.data.mongodb.core.index.IndexOperations has been deprecated and marked for removal
[WARNING] /Users/jordib/dev/agilityhub/agilityhub-core-api/src/main/java/com/agilityhub/core/clubs/training/persistence/TrainingBookingRepository.java:[25,16] ensureIndex(org.springframework.data.mongodb.core.index.IndexDefinition) in org.springframework.data.mongodb.core.index.IndexOperations has been deprecated and marked for removal
[WARNING] /Users/jordib/dev/agilityhub/agilityhub-core-api/src/main/java/com/agilityhub/core/clubs/training/persistence/TrainingBookingRepository.java:[27,16] ensureIndex(org.springframework.data.mongodb.core.index.IndexDefinition) in org.springframework.data.mongodb.core.index.IndexOperations has been deprecated and marked for removal
[WARNING] /Users/jordib/dev/agilityhub/agilityhub-core-api/src/main/java/com/agilityhub/core/clubs/training/persistence/TrainingBookingRepository.java:[28,16] ensureIndex(org.springframework.data.mongodb.core.index.IndexDefinition) in org.springframework.data.mongodb.core.index.IndexOperations has been deprecated and marked for removal
[WARNING] /Users/jordib/dev/agilityhub/agilityhub-core-api/src/main/java/com/agilityhub/core/clubs/training/persistence/TrainingBookingRepository.java:[29,16] ensureIndex(org.springframework.data.mongodb.core.index.IndexDefinition) in org.springframework.data.mongodb.core.index.IndexOperations has been deprecated and marked for removal
[WARNING] /Users/jordib/dev/agilityhub/agilityhub-core-api/src/main/java/com/agilityhub/core/clubs/training/persistence/TrainingBookingRepository.java:[30,16] ensureIndex(org.springframework.data.mongodb.core.index.IndexDefinition) in org.springframework.data.mongodb.core.index.IndexOperations has been deprecated and marked for removal
[WARNING] /Users/jordib/dev/agilityhub/agilityhub-core-api/src/main/java/com/agilityhub/core/configuration/CatalogConfiguration.java:[16,36] ensureIndex(org.springframework.data.mongodb.core.index.IndexDefinition) in org.springframework.data.mongodb.core.index.IndexOperations has been deprecated and marked for removal
[WARNING] /Users/jordib/dev/agilityhub/agilityhub-core-api/src/main/java/com/agilityhub/core/configuration/CatalogConfiguration.java:[18,36] ensureIndex(org.springframework.data.mongodb.core.index.IndexDefinition) in org.springframework.data.mongodb.core.index.IndexOperations has been deprecated and marked for removal
[WARNING] /Users/jordib/dev/agilityhub/agilityhub-core-api/src/main/java/com/agilityhub/core/configuration/CatalogConfiguration.java:[24,39] ensureIndex(org.springframework.data.mongodb.core.index.IndexDefinition) in org.springframework.data.mongodb.core.index.IndexOperations has been deprecated and marked for removal
[WARNING] /Users/jordib/dev/agilityhub/agilityhub-core-api/src/main/java/com/agilityhub/core/configuration/CatalogConfiguration.java:[30,39] ensureIndex(org.springframework.data.mongodb.core.index.IndexDefinition) in org.springframework.data.mongodb.core.index.IndexOperations has been deprecated and marked for removal
[WARNING] /Users/jordib/dev/agilityhub/agilityhub-core-api/src/main/java/com/agilityhub/core/identity/persistence/RefreshTokenRepository.java:[60,43] ensureIndex(org.springframework.data.mongodb.core.index.IndexDefinition) in org.springframework.data.mongodb.core.index.IndexOperations has been deprecated and marked for removal
[WARNING] /Users/jordib/dev/agilityhub/agilityhub-core-api/src/main/java/com/agilityhub/core/identity/persistence/RefreshTokenRepository.java:[61,43] ensureIndex(org.springframework.data.mongodb.core.index.IndexDefinition) in org.springframework.data.mongodb.core.index.IndexOperations has been deprecated and marked for removal
[INFO] /Users/jordib/dev/agilityhub/agilityhub-core-api/src/main/java/com/agilityhub/core/clubs/catalogs/application/CatalogSeeds.java: Some input files use or override a deprecated API.
[INFO] /Users/jordib/dev/agilityhub/agilityhub-core-api/src/main/java/com/agilityhub/core/clubs/catalogs/application/CatalogSeeds.java: Recompile with -Xlint:deprecation for details.
[INFO] /Users/jordib/dev/agilityhub/agilityhub-core-api/src/main/java/com/agilityhub/core/identity/persistence/RefreshTokenRepository.java: Some input files additionally use or override a deprecated API that is marked for removal.
[INFO] /Users/jordib/dev/agilityhub/agilityhub-core-api/src/main/java/com/agilityhub/core/clubs/scheduling/application/PlanningContext.java: Some input files use unchecked or unsafe operations.
[INFO] /Users/jordib/dev/agilityhub/agilityhub-core-api/src/main/java/com/agilityhub/core/clubs/scheduling/application/PlanningContext.java: Recompile with -Xlint:unchecked for details.
[INFO] 
[INFO] --- resources:3.3.1:testResources (default-testResources) @ agilityhub-core-api ---
[INFO] Copying 52 resources from src/test/resources to target/test-classes
[INFO] 
[INFO] --- compiler:3.14.1:testCompile (default-testCompile) @ agilityhub-core-api ---
[INFO] Recompiling the module because of changed dependency.
[INFO] Compiling 313 source files with javac [debug parameters release 21] to target/test-classes
[WARNING] /Users/jordib/dev/agilityhub/agilityhub-core-api/src/test/java/com/agilityhub/core/clubs/scheduling/persistence/SchedulingPersistenceTest.java:[74,28] ensureIndex(org.springframework.data.mongodb.core.index.IndexDefinition) in org.springframework.data.mongodb.core.index.IndexOperations has been deprecated and marked for removal
[WARNING] /Users/jordib/dev/agilityhub/agilityhub-core-api/src/test/java/com/agilityhub/core/clubs/scheduling/persistence/SchedulingPersistenceTest.java:[81,19] ensureIndex(org.springframework.data.mongodb.core.index.IndexDefinition) in org.springframework.data.mongodb.core.index.IndexOperations has been deprecated and marked for removal
[WARNING] /Users/jordib/dev/agilityhub/agilityhub-core-api/src/test/java/com/agilityhub/core/clubs/scheduling/persistence/SchedulingPersistenceTest.java:[87,25] ensureIndex(org.springframework.data.mongodb.core.index.IndexDefinition) in org.springframework.data.mongodb.core.index.IndexOperations has been deprecated and marked for removal
[WARNING] /Users/jordib/dev/agilityhub/agilityhub-core-api/src/test/java/com/agilityhub/core/clubs/scheduling/persistence/SchedulingPersistenceTest.java:[103,25] ensureIndex(org.springframework.data.mongodb.core.index.IndexDefinition) in org.springframework.data.mongodb.core.index.IndexOperations has been deprecated and marked for removal
[INFO] /Users/jordib/dev/agilityhub/agilityhub-core-api/src/test/java/com/agilityhub/core/clubs/catalogs/api/TeamIT.java: Some input files use or override a deprecated API.
[INFO] /Users/jordib/dev/agilityhub/agilityhub-core-api/src/test/java/com/agilityhub/core/clubs/catalogs/api/TeamIT.java: Recompile with -Xlint:deprecation for details.
[INFO] /Users/jordib/dev/agilityhub/agilityhub-core-api/src/test/java/com/agilityhub/core/clubs/catalogs/api/CatalogsIT.java: Some input files use unchecked or unsafe operations.
[INFO] /Users/jordib/dev/agilityhub/agilityhub-core-api/src/test/java/com/agilityhub/core/clubs/catalogs/api/CatalogsIT.java: Recompile with -Xlint:unchecked for details.
[INFO] 
[INFO] --- surefire:3.5.6:test (default-test) @ agilityhub-core-api ---
[INFO] 
[INFO] --- jar:3.4.2:jar (default-jar) @ agilityhub-core-api ---
[INFO] Building jar: /Users/jordib/dev/agilityhub/agilityhub-core-api/target/agilityhub-core-api-0.1.0-SNAPSHOT.jar
[INFO] 
[INFO] --- spring-boot:3.5.16:repackage (repackage) @ agilityhub-core-api ---
[INFO] Replacing main artifact /Users/jordib/dev/agilityhub/agilityhub-core-api/target/agilityhub-core-api-0.1.0-SNAPSHOT.jar with repackaged archive, adding nested dependencies in BOOT-INF/.
[INFO] The original artifact has been renamed to /Users/jordib/dev/agilityhub/agilityhub-core-api/target/agilityhub-core-api-0.1.0-SNAPSHOT.jar.original
[INFO] 
[INFO] --- failsafe:3.5.6:integration-test (default) @ agilityhub-core-api ---
[INFO] Using auto detected provider org.apache.maven.surefire.junitplatform.JUnitPlatformProvider
[INFO] 
[INFO] -------------------------------------------------------
[INFO]  T E S T S
[INFO] -------------------------------------------------------
[INFO] Running com.agilityhub.core.clubs.messaging.application.engine.NotificationEngineIT
08:45:22.132 [main] INFO org.springframework.test.context.support.AnnotationConfigContextLoaderUtils -- Could not detect default configuration classes for test class [com.agilityhub.core.clubs.messaging.application.engine.NotificationEngineIT]: NotificationEngineIT does not declare any static, non-private, non-final, nested classes annotated with @Configuration.
08:45:22.356 [main] INFO org.springframework.boot.test.context.SpringBootTestContextBootstrapper -- Found @SpringBootConfiguration com.agilityhub.core.CoreApplication for test class com.agilityhub.core.clubs.messaging.application.engine.NotificationEngineIT
08:45:22.466 [main] INFO org.testcontainers.images.PullPolicy -- Image pull policy will be performed by: DefaultPullPolicy()
08:45:22.468 [main] INFO org.testcontainers.utility.ImageNameSubstitutor -- Image name substitution will be performed by: DefaultImageNameSubstitutor (composite of 'ConfigurationFileImageNameSubstitutor' and 'PrefixingImageNameSubstitutor')
08:45:22.474 [main] INFO org.testcontainers.DockerClientFactory -- Testcontainers version: 1.21.4
08:45:22.623 [main] INFO org.testcontainers.dockerclient.DockerClientProviderStrategy -- Loaded org.testcontainers.dockerclient.UnixSocketClientProviderStrategy from ~/.testcontainers.properties, will try it first
08:45:22.834 [main] INFO org.testcontainers.dockerclient.DockerClientProviderStrategy -- Found Docker environment with local Unix socket (unix:///var/run/docker.sock)
08:45:22.835 [main] INFO org.testcontainers.DockerClientFactory -- Docker host IP address is localhost
08:45:22.853 [main] INFO org.testcontainers.DockerClientFactory -- Connected to docker: 
  Server Version: 29.7.2
  API Version: 1.55
  Operating System: Docker Desktop
  Total Memory: 7931 MB
  Labels: 
    com.docker.desktop.address=unix:///Users/jordib/Library/Containers/com.docker.docker/Data/docker-cli.sock
08:45:23.217 [main] INFO tc.testcontainers/ryuk:0.12.0 -- Creating container for image: testcontainers/ryuk:0.12.0
08:45:23.324 [main] INFO org.testcontainers.utility.RegistryAuthLocator -- Credential helper/store (docker-credential-desktop) does not have credentials for https://index.docker.io/v1/
08:45:23.497 [main] INFO tc.testcontainers/ryuk:0.12.0 -- Container testcontainers/ryuk:0.12.0 is starting: a6e6c112ec8967be52f8c1a185595f833f1ce463d8e4f2318bfc87cfeb80d0db
08:45:24.072 [main] INFO tc.testcontainers/ryuk:0.12.0 -- Container testcontainers/ryuk:0.12.0 started in PT0.855024S
08:45:24.079 [main] INFO org.testcontainers.utility.RyukResourceReaper -- Ryuk started - will monitor and terminate Testcontainers containers on JVM exit
08:45:24.079 [main] INFO org.testcontainers.DockerClientFactory -- Checking the system...
08:45:24.079 [main] INFO org.testcontainers.DockerClientFactory -- ✔︎ Docker server version should be at least 1.6.0
08:45:24.080 [main] INFO tc.mongo:7 -- Creating container for image: mongo:7
08:45:24.147 [main] INFO tc.mongo:7 -- Container mongo:7 is starting: 09b00546f7570880920e681229abd4da7f721be87cf1d4d9b94d38f33b46d757
08:45:24.908 [main] INFO tc.mongo:7 -- Container mongo:7 started in PT0.828196S
Integration JVM availableProcessors=2

  .   ____          _            __ _ _
 /\\ / ___'_ __ _ _(_)_ __  __ _ \ \ \ \
( ( )\___ | '_ | '_| | '_ \/ _` | \ \ \ \
 \\/  ___)| |_)| | | | | || (_| |  ) ) ) )
  '  |____| .__|_| |_|_| |_\__, | / / / /
 =========|_|==============|___/=/_/_/_/

 :: Spring Boot ::               (v3.5.16)

2026-10-01T08:45:25.746+02:00  INFO 83182 --- [agilityhub-core-api] [           main] c.a.c.c.m.a.engine.NotificationEngineIT  : Starting NotificationEngineIT using Java 21.0.12.1 with PID 83182 (started by jordib in /Users/jordib/dev/agilityhub/agilityhub-core-api)
2026-10-01T08:45:25.747+02:00  INFO 83182 --- [agilityhub-core-api] [           main] c.a.c.c.m.a.engine.NotificationEngineIT  : The following 1 profile is active: "test"
2026-10-01T08:45:26.537+02:00  INFO 83182 --- [agilityhub-core-api] [           main] .s.d.r.c.RepositoryConfigurationDelegate : Bootstrapping Spring Data MongoDB repositories in DEFAULT mode.
2026-10-01T08:45:26.578+02:00  INFO 83182 --- [agilityhub-core-api] [           main] .s.d.r.c.RepositoryConfigurationDelegate : Finished Spring Data repository scanning in 38 ms. Found 0 MongoDB repository interfaces.
2026-10-01T08:45:26.874+02:00  INFO 83182 --- [agilityhub-core-api] [           main] org.mongodb.driver.client                : MongoClient with metadata {"driver": {"name": "mongo-java-driver|sync|spring-boot", "version": "5.5.2"}, "os": {"type": "Darwin", "name": "Mac OS X", "architecture": "aarch64", "version": "26.4.1"}, "platform": "Java/Homebrew/21.0.12.1"} created with settings MongoClientSettings{readPreference=primary, writeConcern=WriteConcern{w=null, wTimeout=null ms, journal=null}, retryWrites=true, retryReads=true, readConcern=ReadConcern{level=null}, credential=null, transportSettings=null, commandListeners=[io.micrometer.core.instrument.binder.mongodb.MongoMetricsCommandListener@3d195d15], codecRegistry=ProvidersCodecRegistry{codecProviders=[ValueCodecProvider{}, BsonValueCodecProvider{}, DBRefCodecProvider{}, DBObjectCodecProvider{}, DocumentCodecProvider{}, CollectionCodecProvider{}, IterableCodecProvider{}, MapCodecProvider{}, GeoJsonCodecProvider{}, GridFSFileCodecProvider{}, Jsr310CodecProvider{}, JsonObjectCodecProvider{}, BsonCodecProvider{}, EnumCodecProvider{}, com.mongodb.client.model.mql.ExpressionCodecProvider@17b387ef, com.mongodb.Jep395RecordCodecProvider@489b7559, com.mongodb.KotlinCodecProvider@4028aab2]}, loggerSettings=LoggerSettings{maxDocumentLength=1000}, clusterSettings={hosts=[localhost:51492], srvServiceName=mongodb, mode=SINGLE, requiredClusterType=UNKNOWN, requiredReplicaSetName='null', serverSelector='null', clusterListeners='[]', serverSelectionTimeout='30000 ms', localThreshold='15 ms'}, socketSettings=SocketSettings{connectTimeoutMS=10000, readTimeoutMS=0, receiveBufferSize=0, proxySettings=ProxySettings{host=null, port=null, username=null, password=null}}, heartbeatSocketSettings=SocketSettings{connectTimeoutMS=10000, readTimeoutMS=10000, receiveBufferSize=0, proxySettings=ProxySettings{host=null, port=null, username=null, password=null}}, connectionPoolSettings=ConnectionPoolSettings{maxSize=100, minSize=0, maxWaitTimeMS=120000, maxConnectionLifeTimeMS=0, maxConnectionIdleTimeMS=0, maintenanceInitialDelayMS=0, maintenanceFrequencyMS=60000, connectionPoolListeners=[io.micrometer.core.instrument.binder.mongodb.MongoMetricsConnectionPoolListener@37aea657], maxConnecting=2}, serverSettings=ServerSettings{heartbeatFrequencyMS=10000, minHeartbeatFrequencyMS=500, serverMonitoringMode=AUTO, serverListeners='[]', serverMonitorListeners='[]'}, sslSettings=SslSettings{enabled=false, invalidHostNameAllowed=false, context=null}, applicationName='null', compressorList=[], uuidRepresentation=JAVA_LEGACY, serverApi=null, autoEncryptionSettings=null, dnsClient=null, inetAddressResolver=null, contextProvider=null, timeoutMS=null}
2026-10-01T08:45:26.879+02:00  INFO 83182 --- [agilityhub-core-api] [localhost:51492] org.mongodb.driver.cluster               : Monitor thread successfully connected to server with description ServerDescription{address=localhost:51492, type=REPLICA_SET_PRIMARY, cryptd=false, state=CONNECTED, ok=true, minWireVersion=0, maxWireVersion=21, maxDocumentSize=16777216, logicalSessionTimeoutMinutes=30, roundTripTimeNanos=8261333, minRoundTripTimeNanos=0, setName='docker-rs', canonicalAddress=09b00546f757:27017, hosts=[09b00546f757:27017], passives=[], arbiters=[], primary='09b00546f757:27017', tagSet=TagSet{[]}, electionId=7fffffff0000000000000001, setVersion=1, topologyVersion=TopologyVersion{processId=6abe0184034efd7ca7a5430c, counter=6}, lastWriteDate=Thu Oct 01 08:45:25 CEST 2026, lastUpdateTimeNanos=443743996348458}
2026-10-01T08:45:30.974+02:00  INFO 83182 --- [agilityhub-core-api] [           main] c.a.c.c.m.a.engine.NotificationEngineIT  : Started NotificationEngineIT in 5.351 seconds (process running for 9.646)
Mockito is currently self-attaching to enable the inline-mock-maker. This will no longer work in future releases of the JDK. Please add Mockito as an agent to your build as described in Mockito's documentation: https://javadoc.io/doc/org.mockito/mockito-core/latest/org.mockito/org/mockito/Mockito.html#0.3
WARNING: A Java agent has been loaded dynamically (/Users/jordib/.m2/repository/net/bytebuddy/byte-buddy-agent/1.17.8/byte-buddy-agent-1.17.8.jar)
WARNING: If a serviceability tool is in use, please run with -XX:+EnableDynamicAgentLoading to hide this warning
WARNING: If a serviceability tool is not in use, please run with -Djdk.instrument.traceUsage for more information
WARNING: Dynamic loading of agents will be disallowed by default in a future release
OpenJDK 64-Bit Server VM warning: Sharing is only supported for boot loader classes because bootstrap classpath has been appended
T-11-31 200 concurrent ReminderDue deliveries (100 bookings x 2): attempts run again after a conflict 106, where the engine met them {NotificationEngine.store → NotificationRepository.insertAll=106}, deliveries whose attempts ran out 0, redelivered 0
E5-T07 outbox backlog discarded before NotificationEngineIT: 300 PENDING records (more than one dispatch() batch)
E7-T03 R2 one variable list N-09: [dog_name, level_name, dog_name_article, club_name] → Values: dog_name=Lluna | level_name=C | dog_name_article=Lluna | club_name=Club Agility Exemple.
E7-T03 R2 one variable list N-02: [member_first_name, gender, club_name] → Values: member_first_name=Anna | gender=female | club_name=Club Agility Exemple.
2026-10-01T08:45:36.050+02:00  WARN 83182 --- [agilityhub-core-api] [           main] c.a.c.c.m.a.engine.TemplateRenderer      : Notification template of N-10 has no value for invoice_number
2026-10-01T08:45:36.051+02:00  WARN 83182 --- [agilityhub-core-api] [           main] c.a.c.c.m.a.engine.TemplateRenderer      : Notification template of N-10 has no value for member_name
2026-10-01T08:45:36.051+02:00  WARN 83182 --- [agilityhub-core-api] [           main] c.a.c.c.m.a.engine.TemplateRenderer      : Notification template of N-10 has no value for amount
2026-10-01T08:45:36.051+02:00  WARN 83182 --- [agilityhub-core-api] [           main] c.a.c.c.m.a.engine.TemplateRenderer      : Notification template of N-10 has no value for reason
2026-10-01T08:45:36.052+02:00  WARN 83182 --- [agilityhub-core-api] [           main] c.a.c.c.m.a.engine.TemplateRenderer      : Notification template of N-10 has no value for invoice_number
2026-10-01T08:45:36.052+02:00  WARN 83182 --- [agilityhub-core-api] [           main] c.a.c.c.m.a.engine.TemplateRenderer      : Notification template of N-10 has no value for member_name
2026-10-01T08:45:36.053+02:00  WARN 83182 --- [agilityhub-core-api] [           main] c.a.c.c.m.a.engine.TemplateRenderer      : Notification template of N-10 has no value for amount
2026-10-01T08:45:36.053+02:00  WARN 83182 --- [agilityhub-core-api] [           main] c.a.c.c.m.a.engine.TemplateRenderer      : Notification template of N-10 has no value for reason
2026-10-01T08:45:36.120+02:00  WARN 83182 --- [agilityhub-core-api] [           main] c.a.c.c.m.a.engine.TemplateRenderer      : Notification template of N-10 has no value for invoice_number
2026-10-01T08:45:36.120+02:00  WARN 83182 --- [agilityhub-core-api] [           main] c.a.c.c.m.a.engine.TemplateRenderer      : Notification template of N-10 has no value for member_name
2026-10-01T08:45:36.120+02:00  WARN 83182 --- [agilityhub-core-api] [           main] c.a.c.c.m.a.engine.TemplateRenderer      : Notification template of N-10 has no value for amount
2026-10-01T08:45:36.120+02:00  WARN 83182 --- [agilityhub-core-api] [           main] c.a.c.c.m.a.engine.TemplateRenderer      : Notification template of N-10 has no value for reason
2026-10-01T08:45:36.121+02:00  WARN 83182 --- [agilityhub-core-api] [           main] c.a.c.c.m.a.engine.TemplateRenderer      : Notification template of N-10 has no value for invoice_number
2026-10-01T08:45:36.122+02:00  WARN 83182 --- [agilityhub-core-api] [           main] c.a.c.c.m.a.engine.TemplateRenderer      : Notification template of N-10 has no value for member_name
2026-10-01T08:45:36.122+02:00  WARN 83182 --- [agilityhub-core-api] [           main] c.a.c.c.m.a.engine.TemplateRenderer      : Notification template of N-10 has no value for amount
2026-10-01T08:45:36.122+02:00  WARN 83182 --- [agilityhub-core-api] [           main] c.a.c.c.m.a.engine.TemplateRenderer      : Notification template of N-10 has no value for reason
2026-10-01T08:45:36.382+02:00  WARN 83182 --- [agilityhub-core-api] [           main] c.a.c.c.m.a.engine.TemplateRenderer      : Notification template of N-32b has no value for state
2026-10-01T08:45:36.383+02:00  WARN 83182 --- [agilityhub-core-api] [           main] c.a.c.c.m.a.engine.TemplateRenderer      : Notification template of N-32b has no value for state
2026-10-01T08:45:36.897+02:00  WARN 83182 --- [agilityhub-core-api] [           main] c.a.c.c.m.a.engine.NotificationEngine    : Inline notification dispatch failed; the poll retries it error=IllegalStateException
2026-10-01T08:45:37.077+02:00  WARN 83182 --- [agilityhub-core-api] [           main] c.a.c.c.m.a.engine.NotificationEngine    : Announcement batch without its frozen template; nothing sent batchId=e7t04-batch-old templateId=6abe0191fe826a1a48466246
2026-10-01T08:45:37.440+02:00  WARN 83182 --- [agilityhub-core-api] [           main] c.a.c.c.m.a.engine.TemplateRenderer      : Notification template of N-37 has no value for change
2026-10-01T08:45:37.440+02:00  WARN 83182 --- [agilityhub-core-api] [           main] c.a.c.c.m.a.engine.TemplateRenderer      : Notification template of N-37 has no value for change
2026-10-01T08:45:37.461+02:00  WARN 83182 --- [agilityhub-core-api] [           main] c.a.c.c.m.a.engine.TemplateRenderer      : Notification template of N-37 has no value for change
2026-10-01T08:45:37.461+02:00  WARN 83182 --- [agilityhub-core-api] [           main] c.a.c.c.m.a.engine.TemplateRenderer      : Notification template of N-37 has no value for change
[INFO] Tests run: 14, Failures: 0, Errors: 0, Skipped: 0, Time elapsed: 16.14 s -- in com.agilityhub.core.clubs.messaging.application.engine.NotificationEngineIT
[INFO] Running com.agilityhub.core.shared.persistence.OutboxIT
2026-10-01T08:45:38.209+02:00  INFO 83182 --- [agilityhub-core-api] [           main] t.c.s.AnnotationConfigContextLoaderUtils : Could not detect default configuration classes for test class [com.agilityhub.core.shared.persistence.OutboxIT]: OutboxIT does not declare any static, non-private, non-final, nested classes annotated with @Configuration.
2026-10-01T08:45:38.281+02:00  INFO 83182 --- [agilityhub-core-api] [           main] .b.t.c.SpringBootTestContextBootstrapper : Found @SpringBootConfiguration com.agilityhub.core.CoreApplication for test class com.agilityhub.core.shared.persistence.OutboxIT
2026-10-01T08:45:38.481+02:00  WARN 83182 --- [agilityhub-core-api] [           main] i.m.core.instrument.MeterRegistry        : This Gauge has been already registered (MeterId{name='outbox.pending', tags=[]}), the registration will be ignored. Note that subsequent logs will be logged at debug level.
db.domain_events.getIndexes(): [Document{{v=2, key=Document{{_id=1}}, name=_id_}}, Document{{v=2, key=Document{{publishedAt=1}}, name=outbox_retention, expireAfterSeconds=7776000}}, Document{{v=2, key=Document{{status=1, nextAttemptAt=1}}, name=outbox_dispatch}}, Document{{v=2, key=Document{{clubId=1, aggregateType=1, aggregateId=1}}, name=outbox_aggregate}}]
[INFO] Tests run: 11, Failures: 0, Errors: 0, Skipped: 0, Time elapsed: 3.909 s -- in com.agilityhub.core.shared.persistence.OutboxIT
[INFO] 
[INFO] Results:
[INFO] 
[INFO] Tests run: 25, Failures: 0, Errors: 0, Skipped: 0
[INFO] 
[INFO] 
[INFO] --- failsafe:3.5.6:verify (default) @ agilityhub-core-api ---
[INFO] 
[INFO] --- jacoco:0.8.14:report (coverage) @ agilityhub-core-api ---
[INFO] Skipping JaCoCo execution because property jacoco.skip is set.
[INFO] 
[INFO] --- jacoco:0.8.14:check (coverage) @ agilityhub-core-api ---
[INFO] Skipping JaCoCo execution because property jacoco.skip is set.
[INFO] ------------------------------------------------------------------------
[INFO] BUILD SUCCESS
[INFO] ------------------------------------------------------------------------
[INFO] Total time:  38.358 s
[INFO] Finished at: 2026-10-01T08:45:42+02:00
[INFO] ------------------------------------------------------------------------
