
X main CI · 37869742670
Triggered via push about 8 hours ago

JOBS
✓ Secret scan in 13s (ID 113624835511)
X Build and tests in 30m16s (ID 113624835716)
✓ Dependency vulnerability audit in 1m10s (ID 113624835899)
- Scan image (${{ matrix.arch }}) in 0s (ID 113632473720)
- Publish API image in 0s (ID 113632473895)

ANNOTATIONS
- "The ubuntu-latest label will migrate to Ubuntu 26 beginning October 19, 2026. For more information, see https://github.com/actions/runner-images/issues/14748"
Secret scan: .github#1

X The job has exceeded the maximum execution time of 30m0s
Build and tests: .github#1

X The operation was canceled.
Build and tests: .github#12973

! ensureIndex(org.springframework.data.mongodb.core.index.IndexDefinition) in org.springframework.data.mongodb.core.index.IndexOperations has been deprecated and marked for removal
Build and tests: src/main/java/com/agilityhub/core/clubs/census/persistence/CensusRepository.java#52

! ensureIndex(org.springframework.data.mongodb.core.index.IndexDefinition) in org.springframework.data.mongodb.core.index.IndexOperations has been deprecated and marked for removal
Build and tests: src/main/java/com/agilityhub/core/clubs/census/persistence/CensusRepository.java#49

! ensureIndex(org.springframework.data.mongodb.core.index.IndexDefinition) in org.springframework.data.mongodb.core.index.IndexOperations has been deprecated and marked for removal
Build and tests: src/main/java/com/agilityhub/core/clubs/census/persistence/CensusRepository.java#31

! ensureIndex(org.springframework.data.mongodb.core.index.IndexDefinition) in org.springframework.data.mongodb.core.index.IndexOperations has been deprecated and marked for removal
Build and tests: src/main/java/com/agilityhub/core/clubs/scheduling/persistence/ClassSessionRepository.java#19

! ensureIndex(org.springframework.data.mongodb.core.index.IndexDefinition) in org.springframework.data.mongodb.core.index.IndexOperations has been deprecated and marked for removal
Build and tests: src/main/java/com/agilityhub/core/clubs/scheduling/persistence/ClassSessionRepository.java#18

! ensureIndex(org.springframework.data.mongodb.core.index.IndexDefinition) in org.springframework.data.mongodb.core.index.IndexOperations has been deprecated and marked for removal
Build and tests: src/main/java/com/agilityhub/core/clubs/scheduling/persistence/ClassSessionRepository.java#17

! ensureIndex(org.springframework.data.mongodb.core.index.IndexDefinition) in org.springframework.data.mongodb.core.index.IndexOperations has been deprecated and marked for removal
Build and tests: src/main/java/com/agilityhub/core/clubs/scheduling/persistence/ClassSessionRepository.java#16

! ensureIndex(org.springframework.data.mongodb.core.index.IndexDefinition) in org.springframework.data.mongodb.core.index.IndexOperations has been deprecated and marked for removal
Build and tests: src/main/java/com/agilityhub/core/clubs/scheduling/persistence/ClassSessionRepository.java#15

! ensureIndex(org.springframework.data.mongodb.core.index.IndexDefinition) in org.springframework.data.mongodb.core.index.IndexOperations has been deprecated and marked for removal
Build and tests: src/main/java/com/agilityhub/core/clubs/scheduling/persistence/RingBlockRepository.java#16

! ensureIndex(org.springframework.data.mongodb.core.index.IndexDefinition) in org.springframework.data.mongodb.core.index.IndexOperations has been deprecated and marked for removal
Build and tests: src/main/java/com/agilityhub/core/clubs/scheduling/persistence/RingBlockRepository.java#15

- "The ubuntu-latest label will migrate to Ubuntu 26 beginning October 19, 2026. For more information, see https://github.com/actions/runner-images/issues/14748"
Build and tests: .github#1

- "The ubuntu-latest label will migrate to Ubuntu 26 beginning October 19, 2026. For more information, see https://github.com/actions/runner-images/issues/14748"
Dependency vulnerability audit: .github#1


ARTIFACTS
gitleaks-results.sarif

For more information about a job, try: gh run view --job=<job-id>
View this run on GitHub: https://github.com/jboixtcm/agilityhub-core-api/actions/runs/37869742670
