[ERROR] Tests run: 1, Failures: 1, Errors: 0, Skipped: 0, Time elapsed: 0.116 s <<< FAILURE! -- in com.agilityhub.core.configuration.CiWorkflowTest
[ERROR] com.agilityhub.core.configuration.CiWorkflowTest.T_12_17_e8t11_round2_point5_mainRunsAreIndependentAndHaveTimeToFinish -- Time elapsed: 0.101 s <<< FAILURE!
org.opentest4j.AssertionFailedError:

expected: "${{ github.event_name == 'pull_request' }}"
 but was: true
	at com.agilityhub.core.configuration.CiWorkflowTest.T_12_17_e8t11_round2_point5_mainRunsAreIndependentAndHaveTimeToFinish(CiWorkflowTest.java:15)
	at java.base/java.lang.reflect.Method.invoke(Method.java:580)
	at java.base/java.util.ArrayList.forEach(ArrayList.java:1596)
	at java.base/java.util.ArrayList.forEach(ArrayList.java:1596)

[ERROR] Failures:
[ERROR]   CiWorkflowTest.T_12_17_e8t11_round2_point5_mainRunsAreIndependentAndHaveTimeToFinish:15
expected: "${{ github.event_name == 'pull_request' }}"
 but was: true
[ERROR] Tests run: 1, Failures: 1, Errors: 0, Skipped: 0
[ERROR] Failed to execute goal org.apache.maven.plugins:maven-surefire-plugin:3.5.6:test (default-test) on project agilityhub-core-api: There are test failures.
[ERROR]
[ERROR] See /Users/jordib/dev/agilityhub/agilityhub-core-api/target/surefire-reports for the individual test results.
[ERROR] See dump files (if any exist) [date].dump, [date]-jvmRun[N].dump and [date].dumpstream.
[ERROR] -> [Help 1]
[ERROR]
[ERROR] To see the full stack trace of the errors, re-run Maven with the -e switch.
[ERROR] Re-run Maven using the -X switch to enable full debug logging.
[ERROR]
[ERROR] For more information about the errors and possible solutions, please read the following articles:
[ERROR] [Help 1] http://cwiki.apache.org/confluence/display/MAVEN/MojoFailureException
