12:03:35.834 [main] INFO org.springframework.test.context.support.AnnotationConfigContextLoaderUtils -- Could not detect default configuration classes for test class [com.agilityhub.core.payments.api.CapturedPaymentInvariantsIT]: CapturedPaymentInvariantsIT does not declare any static, non-private, non-final, nested classes annotated with @Configuration.
12:03:35.992 [main] INFO org.springframework.boot.test.context.SpringBootTestContextBootstrapper -- Found @SpringBootConfiguration com.agilityhub.core.CoreApplication for test class com.agilityhub.core.payments.api.CapturedPaymentInvariantsIT
12:03:36.080 [main] INFO org.testcontainers.images.PullPolicy -- Image pull policy will be performed by: DefaultPullPolicy()
12:03:36.082 [main] INFO org.testcontainers.utility.ImageNameSubstitutor -- Image name substitution will be performed by: DefaultImageNameSubstitutor (composite of 'ConfigurationFileImageNameSubstitutor' and 'PrefixingImageNameSubstitutor')
12:03:36.086 [main] INFO org.testcontainers.DockerClientFactory -- Testcontainers version: 1.21.4
12:03:36.259 [main] INFO org.testcontainers.dockerclient.DockerClientProviderStrategy -- Loaded org.testcontainers.dockerclient.UnixSocketClientProviderStrategy from ~/.testcontainers.properties, will try it first
12:03:36.409 [main] INFO org.testcontainers.dockerclient.DockerClientProviderStrategy -- Found Docker environment with local Unix socket (unix:///var/run/docker.sock)
12:03:36.410 [main] INFO org.testcontainers.DockerClientFactory -- Docker host IP address is localhost
12:03:36.422 [main] INFO org.testcontainers.DockerClientFactory -- Connected to docker:
  Server Version: 29.8.2
  API Version: 1.56
  Operating System: Docker Desktop
  Total Memory: 7931 MB
  Labels:
    com.docker.desktop.address=unix:///Users/jordib/Library/Containers/com.docker.docker/Data/docker-cli.sock
12:03:36.699 [main] INFO tc.testcontainers/ryuk:0.12.0 -- Creating container for image: testcontainers/ryuk:0.12.0
12:03:36.731 [main] INFO org.testcontainers.utility.RegistryAuthLocator -- Credential helper/store (docker-credential-desktop) does not have credentials for https://index.docker.io/v1/
12:03:36.808 [main] INFO tc.testcontainers/ryuk:0.12.0 -- Container testcontainers/ryuk:0.12.0 is starting: 5acc34791c6e07751dfc4b1651d8cd2e38493965288a044229a2f35fb808cfa6
12:03:36.969 [main] INFO tc.testcontainers/ryuk:0.12.0 -- Container testcontainers/ryuk:0.12.0 started in PT0.27069S
12:03:36.974 [main] INFO org.testcontainers.utility.RyukResourceReaper -- Ryuk started - will monitor and terminate Testcontainers containers on JVM exit
12:03:36.974 [main] INFO org.testcontainers.DockerClientFactory -- Checking the system...
12:03:36.975 [main] INFO org.testcontainers.DockerClientFactory -- ✔︎ Docker server version should be at least 1.6.0
12:03:36.975 [main] INFO tc.mongo:7 -- Creating container for image: mongo:7
12:03:37.005 [main] INFO tc.mongo:7 -- Container mongo:7 is starting: 1cf232ea53f6efb71884af6ea871424f1a59aa1309afbf8812f00d694a052225
12:03:37.472 [main] INFO tc.mongo:7 -- Container mongo:7 started in PT0.497277S
Integration JVM availableProcessors=18

  .   ____          _            __ _ _
 /\\ / ___'_ __ _ _(_)_ __  __ _ \ \ \ \
( ( )\___ | '_ | '_| | '_ \/ _` | \ \ \ \
 \\/  ___)| |_)| | | | | || (_| |  ) ) ) )
  '  |____| .__|_| |_|_| |_\__, | / / / /
 =========|_|==============|___/=/_/_/_/

 :: Spring Boot ::               (v3.5.16)

2026-10-09T12:03:38.181+02:00 INFO  [main] c.a.c.p.api.CapturedPaymentInvariantsIT traceId= clubId= accountId= : Starting CapturedPaymentInvariantsIT using Java [redacted] with PID 35882 (started by jordib in /Users/jordib/dev/agilityhub/agilityhub-core-api)
2026-10-09T12:03:38.183+02:00 INFO  [main] c.a.c.p.api.CapturedPaymentInvariantsIT traceId= clubId= accountId= : The following 1 profile is active: "test"
2026-10-09T12:03:39.486+02:00 INFO  [main] o.s.d.r.c.RepositoryConfigurationDelegate traceId= clubId= accountId= : Bootstrapping Spring Data MongoDB repositories in DEFAULT mode.
2026-10-09T12:03:39.537+02:00 INFO  [main] o.s.d.r.c.RepositoryConfigurationDelegate traceId= clubId= accountId= : Finished Spring Data repository scanning in 47 ms. Found 0 MongoDB repository interfaces.
2026-10-09T12:03:40.088+02:00 INFO  [main] org.mongodb.driver.client traceId= clubId= accountId= : MongoClient with metadata {"driver": {"name": "mongo-java-driver|sync|spring-boot", "version": "5.5.2"}, "os": {"type": "Darwin", "name": "Mac OS X", "architecture": "aarch64", "version": "26.4.1"}, "platform": "Java/Homebrew/[redacted]"} created with settings MongoClientSettings{readPreference=primary, writeConcern=WriteConcern{w=null, wTimeout=null ms, journal=null}, retryWrites=true, retryReads=true, readConcern=ReadConcern{level=null}, credential=null, transportSettings=null, commandListeners=[io.micrometer.core.instrument.binder.mongodb.MongoMetricsCommandListener@5715e1dd], codecRegistry=ProvidersCodecRegistry{codecProviders=[ValueCodecProvider{}, BsonValueCodecProvider{}, DBRefCodecProvider{}, DBObjectCodecProvider{}, DocumentCodecProvider{}, CollectionCodecProvider{}, IterableCodecProvider{}, MapCodecProvider{}, GeoJsonCodecProvider{}, GridFSFileCodecProvider{}, Jsr310CodecProvider{}, JsonObjectCodecProvider{}, BsonCodecProvider{}, EnumCodecProvider{}, com.mongodb.client.model.mql.ExpressionCodecProvider@4f2e5a0b, com.mongodb.Jep395RecordCodecProvider@5b45bcae, com.mongodb.KotlinCodecProvider@145b7283]}, loggerSettings=LoggerSettings{maxDocumentLength=1000}, clusterSettings={hosts=[localhost:63615], srvServiceName=mongodb, mode=SINGLE, requiredClusterType=UNKNOWN, requiredReplicaSetName='null', serverSelector='null', clusterListeners='[]', serverSelectionTimeout='2000 ms', localThreshold='15 ms'}, socketSettings=SocketSettings{connectTimeoutMS=2000, readTimeoutMS=0, receiveBufferSize=0, proxySettings=ProxySettings{host=null, port=null, username=null, [redacted], heartbeatSocketSettings=SocketSettings{connectTimeoutMS=2000, readTimeoutMS=2000, receiveBufferSize=0, proxySettings=ProxySettings{host=null, port=null, username=null, [redacted], connectionPoolSettings=ConnectionPoolSettings{maxSize=100, minSize=0, maxWaitTimeMS=2000, maxConnectionLifeTimeMS=0, maxConnectionIdleTimeMS=0, maintenanceInitialDelayMS=0, maintenanceFrequencyMS=60000, connectionPoolListeners=[io.micrometer.core.instrument.binder.mongodb.MongoMetricsConnectionPoolListener@6cb862dc], maxConnecting=2}, serverSettings=ServerSettings{heartbeatFrequencyMS=10000, minHeartbeatFrequencyMS=500, serverMonitoringMode=AUTO, serverListeners='[]', serverMonitorListeners='[]'}, sslSettings=SslSettings{enabled=false, invalidHostNameAllowed=false, context=null}, applicationName='null', compressorList=[], uuidRepresentation=JAVA_LEGACY, serverApi=null, autoEncryptionSettings=null, dnsClient=null, inetAddressResolver=null, contextProvider=null, timeoutMS=null}
2026-10-09T12:03:40.097+02:00 INFO  [cluster-ClusterId{value='6ac8bbfcf576e57e290d5e5a', description='null'}-localhost:63615] org.mongodb.driver.cluster traceId= clubId= accountId= : Monitor thread successfully connected to server with description ServerDescription{address=localhost:63615, type=REPLICA_SET_PRIMARY, cryptd=false, state=CONNECTED, ok=true, minWireVersion=0, maxWireVersion=21, maxDocumentSize=16777216, logicalSessionTimeoutMinutes=30, roundTripTimeNanos=14125250, minRoundTripTimeNanos=0, setName='docker-rs', canonicalAddress=1cf232ea53f6:27017, hosts=[1cf232ea53f6:27017], passives=[], arbiters=[], primary='1cf232ea53f6:27017', tagSet=TagSet{[]}, electionId=7fffffff0000000000000001, setVersion=1, topologyVersion=TopologyVersion{processId=6ac8bbf99cf1f0e2650c560f, counter=6}, lastWriteDate=Fri Oct 09 12:03:37 CEST 2026, lastUpdateTimeNanos=[redacted]}
2026-10-09T12:03:45.235+02:00 INFO  [main] o.s.b.t.m.w.SpringBootMockServletContext traceId= clubId= accountId= : Initializing Spring TestDispatcherServlet ''
2026-10-09T12:03:45.236+02:00 INFO  [main] o.s.t.web.servlet.TestDispatcherServlet traceId= clubId= accountId= : Initializing Servlet ''
2026-10-09T12:03:45.237+02:00 INFO  [main] o.s.t.web.servlet.TestDispatcherServlet traceId= clubId= accountId= : Completed initialization in 1 ms
2026-10-09T12:03:45.284+02:00 INFO  [main] c.a.c.p.api.CapturedPaymentInvariantsIT traceId= clubId= accountId= : Started CapturedPaymentInvariantsIT in 7.333 seconds (process running for 10.022)
Mockito is currently self-attaching to enable the inline-mock-maker. This will no longer work in future releases of the JDK. Please add Mockito as an agent to your build as described in Mockito's documentation: https://javadoc.io/doc/org.mockito/mockito-core/latest/org.mockito/org/mockito/Mockito.html#0.3
OpenJDK 64-Bit Server VM warning: Sharing is only supported for boot loader classes because bootstrap classpath has been appended
WARNING: A Java agent has been loaded dynamically (/Users/jordib/.m2/repository/net/bytebuddy/byte-buddy-agent/1.17.8/byte-buddy-agent-1.17.8.jar)
WARNING: If a serviceability tool is in use, please run with -XX:+EnableDynamicAgentLoading to hide this warning
WARNING: If a serviceability tool is not in use, please run with -Djdk.instrument.traceUsage for more information
WARNING: Dynamic loading of agents will be disallowed by default in a future release
2026-10-09T12:03:50.535+02:00 WARN  [main] c.a.c.p.application.PaymentRetryPolicy traceId=e0e81a0d-691d-4b3d-a326-4ac4b45ce913 clubId=- accountId=- : Refund reconciliation status=failed: eventId=re_fake_b3c12768-[redacted]=e0e81a0d-691d-4b3d-a326-4ac4b45ce913
2026-10-09T12:03:50.599+02:00 WARN  [main] c.a.c.p.application.PaymentRetryPolicy traceId=7daccba2-27ef-4497-ae4a-71aea12dfa7e clubId=- accountId=- : Refund reconciliation status=failed: eventId=re_fake_453f1c1c-f690-4831-93c1-42d20220e2d2 traceId=7daccba2-27ef-4497-ae4a-71aea12dfa7e
2026-10-09T12:03:50.672+02:00 WARN  [main] c.a.c.p.application.PaymentRetryPolicy traceId=c63e211c-5530-4104-8c78-9ddd0adb9074 clubId=- accountId=- : Refund reconciliation status=failed: eventId=re_fake_78ed5ce9-d64d-4d67-9805-8eac769906c8 traceId=c63e211c-5530-4104-8c78-9ddd0adb9074
2026-10-09T12:03:50.756+02:00 WARN  [main] c.a.c.p.application.PaymentRetryPolicy traceId=d3bdc636-3242-4a04-8883-43cc7bd01069 clubId=- accountId=- : Refund reconciliation status=failed: eventId=re_fake_01f9b411-04bc-4658-b8c8-6efabc6c7eca traceId=d3bdc636-3242-4a04-8883-43cc7bd01069
2026-10-09T12:03:53.575+02:00 WARN  [main] c.a.c.p.application.PaymentRetryPolicy traceId=4d7399de-06f0-4fe6-b28c-294348a87bdf clubId=- accountId=- : Refund reconciliation status=failed: eventId=re_fake_38b53fa7-afd8-4413-9254-d01b8819d9d1 traceId=4d7399de-06f0-4fe6-b28c-294348a87bdf
2026-10-09T12:03:53.604+02:00 WARN  [main] c.a.c.p.application.PaymentRetryPolicy traceId=4d7399de-06f0-4fe6-b28c-294348a87bdf clubId=- accountId=- : Refund compensation needs an admin: paymentId=inv-payment traceId=4d7399de-06f0-4fe6-b28c-294348a87bdf
2026-10-09T12:03:54.379+02:00 WARN  [main] c.a.c.p.application.PaymentRetryPolicy traceId=352080a3-26a2-4e40-8ec0-169cc398626a clubId= accountId= : Refund compensation needs an admin: paymentId=inv-payment traceId=352080a3-26a2-4e40-8ec0-169cc398626a
2026-10-09T12:03:54.382+02:00 WARN  [main] c.a.c.p.application.PaymentRetryPolicy traceId=ec530b75-1793-494b-a85e-18b830be2101 clubId= accountId= : Payment operation recovery exhausted: eventId=d71340cd-6c27-46f9-8e98-21ef78359731 traceId=[redacted]
2026-10-09T12:03:55.046+02:00 WARN  [main] c.a.c.p.application.PaymentRetryPolicy traceId=53e72095-46d5-4741-9fdb-b3e39a617b2d clubId= accountId= : Refund reconciliation status=failed: eventId=re_fake_7e833652-[redacted]=53e72095-46d5-4741-9fdb-b3e39a617b2d
2026-10-09T12:03:55.761+02:00 WARN  [main] c.a.c.p.application.PaymentRetryPolicy traceId=48cbf1ce-4762-4a3e-a06c-a5199fd727fa clubId=- accountId=- : Refund reconciliation status=failed: eventId=re_fake_7032a90a-87dd-48cc-9302-8b3b026fe21f traceId=48cbf1ce-4762-4a3e-a06c-a5199fd727fa
2026-10-09T12:03:55.784+02:00 WARN  [main] c.a.c.p.application.PaymentRetryPolicy traceId=48cbf1ce-4762-4a3e-a06c-a5199fd727fa clubId=- accountId=- : Refund compensation needs an admin: paymentId=inv-payment traceId=48cbf1ce-4762-4a3e-a06c-a5199fd727fa
2026-10-09T12:03:56.436+02:00 WARN  [main] c.a.c.p.application.PaymentRetryPolicy traceId=1b3e469d-0ded-4a5e-9947-005f93f03e0e clubId=- accountId=- : Refund reconciliation status=canceled: eventId=re_fake_72113727-14d8-43e4-8337-c134828d1810 traceId=1b3e469d-0ded-4a5e-9947-005f93f03e0e
2026-10-09T12:03:56.455+02:00 WARN  [main] c.a.c.p.application.PaymentRetryPolicy traceId=1b3e469d-0ded-4a5e-9947-005f93f03e0e clubId=- accountId=- : Refund compensation needs an admin: paymentId=inv-payment traceId=1b3e469d-0ded-4a5e-9947-005f93f03e0e
2026-10-09T12:03:57.134+02:00 WARN  [main] c.a.c.p.application.PaymentRetryPolicy traceId=f6308646-77ba-4869-a0ac-d14e5f52ebeb clubId=- accountId=- : Refund reconciliation status=failed: eventId=re_fake_b6be2474-[redacted]=f6308646-77ba-4869-a0ac-d14e5f52ebeb
2026-10-09T12:03:57.154+02:00 WARN  [main] c.a.c.p.application.PaymentRetryPolicy traceId=f6308646-77ba-4869-a0ac-d14e5f52ebeb clubId=- accountId=- : Refund compensation needs an admin: paymentId=inv-payment traceId=f6308646-77ba-4869-a0ac-d14e5f52ebeb
2026-10-09T12:03:58.315+02:00 WARN  [main] c.a.c.p.application.PaymentRetryPolicy traceId=cc6c977a-a363-41d3-b460-7b6b9fd9c2e8 clubId=- accountId=- : Refund reconciliation status=failed: eventId=re_fake_b627b016-616f-41bc-acf5-c6d322f72533 traceId=cc6c977a-a363-41d3-b460-7b6b9fd9c2e8
2026-10-09T12:03:58.334+02:00 WARN  [main] c.a.c.p.application.PaymentRetryPolicy traceId=cc6c977a-a363-41d3-b460-7b6b9fd9c2e8 clubId=- accountId=- : Refund compensation needs an admin: paymentId=inv-payment traceId=cc6c977a-a363-41d3-b460-7b6b9fd9c2e8
2026-10-09T12:03:59.081+02:00 WARN  [main] c.a.c.p.application.PaymentRetryPolicy traceId=b4b61112-a265-4898-a960-22813370e1d0 clubId=- accountId=- : Refund reconciliation status=failed: eventId=re_fake_8234c95a-1267-4885-b8ac-8f8c1b015446 traceId=b4b61112-a265-4898-a960-22813370e1d0
2026-10-09T12:03:59.105+02:00 WARN  [main] c.a.c.p.application.PaymentRetryPolicy traceId=b4b61112-a265-4898-a960-22813370e1d0 clubId=- accountId=- : Refund compensation needs an admin: paymentId=inv-payment traceId=b4b61112-a265-4898-a960-22813370e1d0
2026-10-09T12:03:59.853+02:00 WARN  [main] c.a.c.p.application.PaymentRetryPolicy traceId=5195c795-9e8e-40ca-b85d-b03034046be1 clubId=- accountId=- : Refund compensation needs an admin: paymentId=inv-payment traceId=5195c795-9e8e-40ca-b85d-b03034046be1
2026-10-09T12:04:00.588+02:00 WARN  [main] c.a.c.p.application.PaymentRetryPolicy traceId=c9c4c46f-6921-4641-9bdc-0f4fa6c0f4d8 clubId=- accountId=- : Refund compensation needs an admin: paymentId=inv-payment traceId=c9c4c46f-6921-4641-9bdc-0f4fa6c0f4d8
2026-10-09T12:04:01.310+02:00 WARN  [main] c.a.c.p.application.PaymentRetryPolicy traceId=3a950477-3bde-4344-814a-8a9aa4558374 clubId=- accountId=- : Refund compensation needs an admin: paymentId=inv-payment traceId=3a950477-3bde-4344-814a-8a9aa4558374
2026-10-09T12:04:03.178+02:00 WARN  [main] c.a.c.p.application.PaymentRetryPolicy traceId=811de589-81a8-44dc-9c2e-7e25a4f4e87a clubId=- accountId=- : Refund compensation needs an admin: paymentId=inv-payment traceId=811de589-81a8-44dc-9c2e-7e25a4f4e87a
2026-10-09T12:04:03.790+02:00 WARN  [main] c.a.c.p.application.PaymentRetryPolicy traceId=4ba445f5-5a7e-4a31-975c-ba98b356b953 clubId=- accountId=- : Refund reconciliation status=failed: eventId=re_fake_53bc7c13-3b0c-46ee-abe9-187b5e62f0ee traceId=4ba445f5-5a7e-4a31-975c-ba98b356b953
2026-10-09T12:04:03.811+02:00 WARN  [main] c.a.c.p.application.PaymentRetryPolicy traceId=4ba445f5-5a7e-4a31-975c-ba98b356b953 clubId=- accountId=- : Refund compensation needs an admin: paymentId=inv-payment traceId=4ba445f5-5a7e-4a31-975c-ba98b356b953
2026-10-09T12:04:03.841+02:00 WARN  [main] c.a.c.p.application.PaymentRetryPolicy traceId=d7eb807b-0c69-4eef-afea-40e81ecc6360 clubId=- accountId=- : Refund reconciliation status=failed: eventId=re_fake_6aae816d-b624-4695-[redacted]=d7eb807b-0c69-4eef-afea-40e81ecc6360
2026-10-09T12:04:06.345+02:00 WARN  [main] c.a.c.p.application.PaymentRetryPolicy traceId=33ee2335-fe43-41e9-b035-02d83bd80e0b clubId= accountId= : Refund reconciliation status=failed: eventId=re_fake_4591d6d8-e3ba-4d51-95d3-4fa67dcd8540 traceId=33ee2335-[redacted]
2026-10-09T12:04:06.843+02:00 WARN  [main] c.a.c.p.application.PaymentRetryPolicy traceId=6e63208a-ef49-4d7f-9d23-f6f26919811f clubId= accountId= : Refund compensation needs an admin: paymentId=inv-payment traceId=6e63208a-[redacted]
2026-10-09T12:04:07.715+02:00 WARN  [main] c.a.c.p.application.PaymentRetryPolicy traceId=897ad107-2f01-4794-9ffe-bea297c8222a clubId=- accountId=- : Refund reconciliation status=failed: eventId=re_fake_5ae6a10c-7608-40bf-a7b0-d7ae70e06183 traceId=897ad107-2f01-4794-9ffe-bea297c8222a
2026-10-09T12:04:07.754+02:00 WARN  [main] c.a.c.p.application.PaymentRetryPolicy traceId=dc2c5230-d481-45f6-87b5-1cdddb3a71a4 clubId=- accountId=- : Refund reconciliation status=failed: eventId=re_dashboard_15 traceId=dc2c5230-d481-45f6-87b5-1cdddb3a71a4
2026-10-09T12:04:07.887+02:00 WARN  [main] c.a.c.p.application.PaymentRetryPolicy traceId=8659a6e6-64d3-48e6-b11d-8c73e8b2b758 clubId=- accountId=- : Refund reconciliation status=failed: eventId=re_fake_b15eb82a-d1e4-44eb-829e-656e96e1b2e1 traceId=8659a6e6-64d3-48e6-b11d-8c73e8b2b758
2026-10-09T12:04:07.909+02:00 WARN  [main] c.a.c.p.application.PaymentRetryPolicy traceId=8659a6e6-64d3-48e6-b11d-8c73e8b2b758 clubId=- accountId=- : Refund compensation needs an admin: paymentId=inv-payment traceId=8659a6e6-64d3-48e6-b11d-8c73e8b2b758
2026-10-09T12:04:08.300+02:00 WARN  [main] c.a.c.p.application.PaymentRetryPolicy traceId=361a2706-e0d5-4f75-8b70-3ca7b8d724f8 clubId=- accountId=- : Refund reconciliation status=failed: eventId=re_fake_c23cd38a-9a25-4937-9158-0f76a3e321c8 traceId=361a2706-e0d5-4f75-8b70-3ca7b8d724f8
2026-10-09T12:04:08.318+02:00 WARN  [main] c.a.c.p.application.PaymentRetryPolicy traceId=361a2706-e0d5-4f75-8b70-3ca7b8d724f8 clubId=- accountId=- : Refund compensation needs an admin: paymentId=inv-payment traceId=361a2706-e0d5-4f75-8b70-3ca7b8d724f8
2026-10-09T12:04:09.384+02:00 WARN  [main] c.a.c.p.application.PaymentRetryPolicy traceId=336dd954-80c1-4afe-9e16-5aeb9088a1dc clubId= accountId= : Payment operation recovery exhausted: eventId=f29fcc08-19a8-4d27-971a-65603cf53988 traceId=336dd954-80c1-4afe-9e16-5aeb9088a1dc
2026-10-09T12:04:09.410+02:00 WARN  [main] c.a.c.p.application.PaymentRetryPolicy traceId=901b2e73-9f87-4777-a8a6-156de57730c0 clubId= accountId= : Refund reconciliation status=failed: eventId=re_dashboard_30 traceId=901b2e73-9f87-4777-a8a6-156de57730c0
2026-10-09T12:04:09.751+02:00 WARN  [main] c.a.c.p.application.PaymentRetryPolicy traceId=4fb2cb6e-6b32-4d62-901e-081949180cfb clubId= accountId= : Refund reconciliation status=canceled: eventId=re_fake_9e37f0b7-61db-4aef-a33d-4b6ed963bddc traceId=4fb2cb6e-6b32-4d62-901e-081949180cfb
2026-10-09T12:04:11.945+02:00 WARN  [main] c.a.c.p.application.PaymentRetryPolicy traceId=e08dd978-428b-4209-adbf-3f32ba34dcfe clubId= accountId= : Refund compensation needs an admin: paymentId=inv-payment traceId=e08dd978-428b-4209-adbf-3f32ba34dcfe
2026-10-09T12:04:11.948+02:00 WARN  [main] c.a.c.p.application.PaymentRetryPolicy traceId=18b51dd3-c4a2-4b42-8f34-a8ee260bc3b0 clubId= accountId= : Payment operation recovery exhausted: eventId=b10f98fa-32c0-447b-be8f-e847db3f3185 traceId=18b51dd3-c4a2-4b42-8f34-a8ee260bc3b0
2026-10-09T12:04:12.060+02:00 WARN  [main] c.a.c.p.application.PaymentRetryPolicy traceId=fdad76b1-598e-41ed-ac83-2bbc34ab62f4 clubId= accountId= : Payment operation recovery exhausted: eventId=a4ff08b3-7143-4eaf-9fc5-3702521c1b77 traceId=fdad76b1-598e-41ed-[redacted]
2026-10-09T12:04:12.128+02:00 WARN  [main] c.a.c.p.application.PaymentRetryPolicy traceId=e611e9f3-0572-447d-a8dd-9d2483699a60 clubId= accountId= : Refund reconciliation status=failed: eventId=re_dashboard_50 traceId=e611e9f3-0572-447d-a8dd-9d2483699a60
2026-10-09T12:04:13.183+02:00 WARN  [main] c.a.c.p.application.PaymentRetryPolicy traceId=00089153-8a2b-43f8-ab99-86babffafb66 clubId=- accountId=- : Refund reconciliation status=failed: eventId=re_fake_51dba764-6aac-4d23-8247-a1a6b64ecbba traceId=00089153-8a2b-43f8-[redacted]
2026-10-09T12:04:13.486+02:00 WARN  [main] c.a.c.p.application.PaymentRetryPolicy traceId=56628565-f1b5-42f1-b3ff-eb5caec3e22d clubId= accountId= : Payment operation recovery exhausted: eventId=5a320fe8-9f19-4cf5-81b4-7f9176066842 traceId=56628565-f1b5-42f1-b3ff-eb5caec3e22d
2026-10-09T12:04:14.094+02:00 WARN  [main] c.a.c.p.application.PaymentRetryPolicy traceId=64836b52-3456-495c-b1df-ebc6a6bceffb clubId=- accountId=- : Refund compensation needs an admin: paymentId=inv-payment traceId=64836b52-3456-495c-b1df-ebc6a6bceffb
2026-10-09T12:04:14.196+02:00 WARN  [main] c.a.c.p.application.PaymentRetryPolicy traceId=5bcccdb0-a8bc-4200-a0c7-4ca1b8687338 clubId= accountId= : Payment operation recovery exhausted: eventId=eea21b95-8d71-46e4-b128-ea4c94628dd3 traceId=5bcccdb0-a8bc-4200-a0c7-4ca1b8687338
2026-10-09T12:04:14.499+02:00 WARN  [main] c.a.c.p.application.PaymentRetryPolicy traceId=107a8a07-3029-4617-af55-c6c690a9d0d5 clubId= accountId= : Payment operation recovery exhausted: eventId=8fc78f01-c1a9-40c0-831d-[redacted]=107a8a07-3029-4617-[redacted]
2026-10-09T12:04:14.672+02:00 WARN  [main] c.a.c.p.application.PaymentRetryPolicy traceId=01136b5d-75c2-4933-876b-c98c1e21a644 clubId= accountId= : Payment operation recovery exhausted: eventId=c9db0bbb-850f-44d2-839a-[redacted]=01136b5d-75c2-4933-876b-c98c1e21a644
2026-10-09T12:04:15.367+02:00 WARN  [main] c.a.c.p.application.PaymentRetryPolicy traceId=d1dc739d-3f85-4d72-91b0-9c3add524ab9 clubId=- accountId=- : Refund reconciliation status=failed: eventId=re_fake_095accc6-f233-48cd-a96d-bab7dacef732 traceId=d1dc739d-3f85-4d72-91b0-9c3add524ab9
2026-10-09T12:04:16.050+02:00 WARN  [main] c.a.c.p.application.PaymentRetryPolicy traceId=d581ebed-cd40-4482-83d0-2fb092cb19ec clubId= accountId= : Payment operation recovery exhausted: eventId=2e071b82-2b3e-4007-b408-[redacted]=d581ebed-[redacted]
2026-10-09T12:04:16.324+02:00 WARN  [main] c.a.c.p.application.PaymentRetryPolicy traceId=a3e0389b-3010-4bb9-9ae7-97bda1a89fe8 clubId= accountId= : Refund reconciliation status=canceled: eventId=re_fake_8c08a20f-5690-4a7e-b8fd-8102cda5630d traceId=a3e0389b-3010-4bb9-9ae7-97bda1a89fe8
2026-10-09T12:04:16.461+02:00 WARN  [main] c.a.c.p.application.PaymentRetryPolicy traceId=4242aee8-5dec-413a-8c20-4294b26b6329 clubId=- accountId=- : Refund reconciliation status=canceled: eventId=re_fake_520d0d81-8408-45e2-a5db-f80e0ca61c2b traceId=4242aee8-5dec-413a-8c20-4294b26b6329
2026-10-09T12:04:16.480+02:00 WARN  [main] c.a.c.p.application.PaymentRetryPolicy traceId=4242aee8-5dec-413a-8c20-4294b26b6329 clubId=- accountId=- : Refund compensation needs an admin: paymentId=inv-payment traceId=4242aee8-5dec-413a-8c20-4294b26b6329
2026-10-09T12:04:17.144+02:00 WARN  [main] c.a.c.p.application.PaymentRetryPolicy traceId=9473d956-11f5-4167-80cb-302512380c13 clubId=- accountId=- : Refund reconciliation status=failed: eventId=re_fake_093d509a-6634-4864-bd5e-06e2baed4e20 traceId=9473d956-11f5-4167-80cb-302512380c13
2026-10-09T12:04:17.161+02:00 WARN  [main] c.a.c.p.application.PaymentRetryPolicy traceId=9473d956-11f5-4167-80cb-302512380c13 clubId=- accountId=- : Refund compensation needs an admin: paymentId=inv-payment traceId=9473d956-11f5-4167-80cb-302512380c13
2026-10-09T12:04:17.669+02:00 WARN  [main] c.a.c.p.application.PaymentRetryPolicy traceId=3e0de4d2-0337-4ef7-966a-b82562910a6f clubId=- accountId=- : Refund reconciliation status=failed: eventId=re_fake_be219c2a-130e-489d-a57c-a19788b482ed traceId=3e0de4d2-0337-4ef7-966a-b82562910a6f
2026-10-09T12:04:18.169+02:00 WARN  [main] c.a.c.p.application.PaymentRetryPolicy traceId=89dbf8e0-b8b9-4f2a-a2c1-8b6e7424cffb clubId=- accountId=- : Refund reconciliation status=failed: eventId=re_fake_6643bcd2-95ee-46c7-b067-2421dc531973 traceId=89dbf8e0-b8b9-4f2a-a2c1-8b6e7424cffb
2026-10-09T12:04:18.360+02:00 WARN  [main] c.a.c.p.application.PaymentRetryPolicy traceId=3403d1bd-d6fc-400f-a32c-c3fd5b1775e9 clubId= accountId= : Refund reconciliation status=failed: eventId=re_fake_0223da28-6562-45ed-af3f-b541bc91c97f traceId=3403d1bd-d6fc-400f-a32c-c3fd5b1775e9
2026-10-09T12:04:18.379+02:00 WARN  [main] c.a.c.p.application.PaymentRetryPolicy traceId=a44333c6-2baf-4276-baa8-11a25d722ac4 clubId= accountId= : Refund compensation needs an admin: paymentId=inv-payment traceId=a44333c6-2baf-4276-baa8-11a25d722ac4
2026-10-09T12:04:18.586+02:00 WARN  [main] c.a.c.p.application.PaymentRetryPolicy traceId=e8a42d53-16ee-49ce-b445-17051619698a clubId=- accountId=- : Refund reconciliation status=failed: eventId=re_dashboard_110 traceId=e8a42d53-16ee-49ce-b445-17051619698a
2026-10-09T12:04:18.916+02:00 WARN  [main] c.a.c.p.application.PaymentRetryPolicy traceId=6749377a-a323-41a6-bdb1-50ffd2f64f11 clubId=- accountId=- : Refund reconciliation status=failed: eventId=re_fake_a67937d1-db8b-4d61-9664-76ed838085b6 traceId=6749377a-a323-41a6-bdb1-50ffd2f64f11
2026-10-09T12:04:19.586+02:00 WARN  [main] c.a.c.p.application.PaymentRetryPolicy traceId=0c798e9e-3b04-4422-989e-a2964e6558c3 clubId=- accountId=- : Refund reconciliation status=failed: eventId=re_fake_9180759d-b0f9-426a-adef-c049c174807b traceId=0c798e9e-3b04-4422-989e-a2964e6558c3
2026-10-09T12:04:20.619+02:00 WARN  [main] c.a.c.p.application.PaymentRetryPolicy traceId=a9d5a375-4dc0-43f3-9471-121bfa078353 clubId= accountId= : Refund reconciliation status=failed: eventId=re_dashboard_130 traceId=a9d5a375-4dc0-43f3-9471-121bfa078353
2026-10-09T12:04:21.202+02:00 WARN  [main] c.a.c.p.application.PaymentRetryPolicy traceId=8cb8dddc-6cf5-4fac-a7a6-18f8e4a482cb clubId= accountId= : Refund reconciliation status=failed: eventId=re_fake_1e1e8ef4-0ef5-4635-[redacted]=8cb8dddc-6cf5-4fac-a7a6-18f8e4a482cb
2026-10-09T12:04:21.233+02:00 WARN  [main] c.a.c.p.application.PaymentRetryPolicy traceId=b2d6aadd-059c-4661-b2c4-31de6c166b77 clubId= accountId= : Refund reconciliation status=failed: eventId=re_fake_da9f783c-17ca-4946-b450-3c41af8c113b traceId=b2d6aadd-059c-4661-b2c4-31de6c166b77
2026-10-09T12:04:21.639+02:00 WARN  [main] c.a.c.p.application.PaymentRetryPolicy traceId=81a482dd-21f5-45ed-9a26-4cf02ebb3706 clubId=- accountId=- : Refund reconciliation status=canceled: eventId=re_fake_c0f79a90-63bd-409c-a070-[redacted]=81a482dd-21f5-45ed-9a26-4cf02ebb3706
2026-10-09T12:04:21.952+02:00 WARN  [main] c.a.c.p.application.PaymentRetryPolicy traceId=a3cec789-153f-4839-ac02-c77084a629f6 clubId=- accountId=- : Refund reconciliation status=failed: eventId=re_fake_654b011b-472a-4ef7-980c-3567f77cb675 traceId=a3cec789-153f-4839-[redacted]
2026-10-09T12:04:21.969+02:00 WARN  [main] c.a.c.p.application.PaymentRetryPolicy traceId=a3cec789-153f-4839-ac02-c77084a629f6 clubId=- accountId=- : Refund compensation needs an admin: paymentId=inv-payment traceId=a3cec789-153f-4839-[redacted]
2026-10-09T12:04:22.278+02:00 WARN  [main] c.a.c.p.application.PaymentRetryPolicy traceId=8d37f4b4-5ec5-432a-8b0b-10c0cab228c9 clubId= accountId= : Payment operation recovery exhausted: eventId=f39c58fe-014f-4174-8730-be6b2ff263be traceId=8d37f4b4-5ec5-432a-8b0b-10c0cab228c9
2026-10-09T12:04:23.940+02:00 WARN  [main] c.a.c.p.application.PaymentRetryPolicy traceId=7d742bd2-e608-4873-8e13-6ad928f6a62e clubId=- accountId=- : Refund reconciliation status=failed: eventId=re_fake_dcde7e7f-7d4f-4380-a342-6604c6382a90 traceId=7d742bd2-e608-4873-8e13-6ad928f6a62e
2026-10-09T12:04:24.788+02:00 WARN  [main] c.a.c.p.application.PaymentRetryPolicy traceId=05817538-804c-47de-9691-392e7e351d22 clubId=- accountId=- : Refund reconciliation status=failed: eventId=re_fake_f21ad3fb-1aea-4e48-[redacted]=05817538-804c-47de-9691-392e7e351d22
2026-10-09T12:04:25.615+02:00 WARN  [main] c.a.c.p.application.PaymentRetryPolicy traceId=aeac4c77-7ca7-40ea-9c23-bba98421319e clubId= accountId= : Refund compensation needs an admin: paymentId=inv-payment traceId=aeac4c77-7ca7-40ea-9c23-bba98421319e
2026-10-09T12:04:25.617+02:00 WARN  [main] c.a.c.p.application.PaymentRetryPolicy traceId=8e90a939-3c86-449c-ac59-37295b92f6e9 clubId= accountId= : Payment operation recovery exhausted: eventId=a59ff67f-4d6c-4faf-9b56-8e92db757b24 traceId=8e90a939-3c86-449c-[redacted]
2026-10-09T12:04:25.799+02:00 WARN  [main] c.a.c.p.application.PaymentRetryPolicy traceId=bae51eea-4563-4659-b0e7-c1ff19108d96 clubId= accountId= : Payment operation recovery exhausted: eventId=[redacted] traceId=bae51eea-4563-4659-b0e7-c1ff19108d96
2026-10-09T12:04:26.066+02:00 WARN  [main] c.a.c.p.application.PaymentRetryPolicy traceId=d96c3aeb-8223-4651-885a-a9b5f4d31f04 clubId= accountId= : Refund reconciliation status=failed: eventId=re_fake_8d68cb77-0df4-4a58-b82e-2e256f5d5a26 traceId=d96c3aeb-8223-4651-885a-a9b5f4d31f04
2026-10-09T12:04:26.219+02:00 WARN  [main] c.a.c.p.application.PaymentRetryPolicy traceId=4a4e7869-b9bd-4e24-8351-9f7f6d8439dc clubId=- accountId=- : Refund reconciliation status=failed: eventId=re_dashboard_189 traceId=4a4e7869-b9bd-4e24-8351-9f7f6d8439dc
2026-10-09T12:04:26.506+02:00 WARN  [main] c.a.c.p.application.PaymentRetryPolicy traceId=d6f39cad-1aa4-4df0-b453-887f5ee63e31 clubId= accountId= : Payment operation recovery exhausted: eventId=58239bb8-853d-4da9-9976-668b1f18fbb4 traceId=d6f39cad-1aa4-4df0-b453-887f5ee63e31
2026-10-09T12:04:27.011+02:00 WARN  [main] c.a.c.p.application.PaymentRetryPolicy traceId=7f1f70e4-87cd-4db4-b7a6-93cb48e0a51a clubId= accountId= : Refund reconciliation status=failed: eventId=re_fake_71072b10-91ae-4765-8922-4b33bbb2a04c traceId=7f1f70e4-87cd-4db4-b7a6-93cb48e0a51a
2026-10-09T12:04:27.394+02:00 WARN  [main] c.a.c.p.application.PaymentRetryPolicy traceId=968f9db9-1eb1-4879-a192-ec95564ca4d6 clubId=- accountId=- : Refund reconciliation status=canceled: eventId=re_fake_bd77d8fb-8dd3-47e7-a049-a08d59146989 traceId=968f9db9-1eb1-4879-a192-ec95564ca4d6
2026-10-09T12:04:27.408+02:00 WARN  [main] c.a.c.p.application.PaymentRetryPolicy traceId=968f9db9-1eb1-4879-a192-ec95564ca4d6 clubId=- accountId=- : Refund compensation needs an admin: paymentId=inv-payment traceId=968f9db9-1eb1-4879-a192-ec95564ca4d6
2026-10-09T12:04:27.867+02:00 WARN  [main] c.a.c.p.application.PaymentRetryPolicy traceId=06c910e4-869d-469b-8857-73d7893d6aab clubId=- accountId=- : Refund reconciliation status=failed: eventId=re_dashboard_208 traceId=06c910e4-869d-469b-8857-73d7893d6aab
2026-10-09T12:04:28.335+02:00 WARN  [main] c.a.c.p.application.PaymentRetryPolicy traceId=6e83da91-326a-4aa0-8d47-f43fb45c2575 clubId= accountId= : Refund reconciliation status=failed: eventId=re_fake_9ab0df12-eca6-4729-8d00-[redacted]=6e83da91-326a-4aa0-8d47-f43fb45c2575
2026-10-09T12:04:28.348+02:00 WARN  [main] c.a.c.p.application.PaymentRetryPolicy traceId=4e6f4324-d8ce-4057-bc0f-f0ef16db79db clubId= accountId= : Refund compensation needs an admin: paymentId=inv-payment traceId=4e6f4324-d8ce-4057-bc0f-f0ef16db79db
2026-10-09T12:04:28.759+02:00 WARN  [main] c.a.c.p.application.PaymentRetryPolicy traceId=fa83f4ae-2084-49f4-ab3e-fbd33bad669a clubId= accountId= : Refund reconciliation status=failed: eventId=re_fake_3b187a85-542b-4e50-83e1-0a0c4cee9015 traceId=[redacted]
2026-10-09T12:04:29.074+02:00 WARN  [main] c.a.c.p.application.PaymentRetryPolicy traceId=2cefa5f4-7860-4fdf-87eb-2c411f0f34e8 clubId= accountId= : Payment operation recovery exhausted: eventId=794725c6-e0c1-445c-a6b7-16a6a52f21a8 traceId=2cefa5f4-7860-4fdf-87eb-2c411f0f34e8
2026-10-09T12:04:29.687+02:00 WARN  [main] c.a.c.p.application.PaymentRetryPolicy traceId=7488648c-cd89-4da8-93eb-7221869ecf70 clubId=- accountId=- : Refund reconciliation status=failed: eventId=re_fake_b190a0b8-b5cb-4617-97fb-fdafe4daedc9 traceId=7488648c-[redacted]
2026-10-09T12:04:30.020+02:00 WARN  [main] c.a.c.p.application.PaymentRetryPolicy traceId=3b8ba55a-0a04-430c-9335-487b1b6c7945 clubId= accountId= : Payment operation recovery exhausted: eventId=f41af6a5-ee9f-45bf-9585-aee627286c20 traceId=3b8ba55a-0a04-430c-9335-487b1b6c7945
2026-10-09T12:04:30.479+02:00 WARN  [main] c.a.c.p.application.PaymentRetryPolicy traceId=212832a7-d54a-4287-bbae-c4768ee16a43 clubId=- accountId=- : Refund reconciliation status=failed: eventId=re_fake_01a426cd-abbf-4b6a-bad7-[redacted]=212832a7-d54a-4287-bbae-c4768ee16a43
2026-10-09T12:04:30.491+02:00 WARN  [main] c.a.c.p.application.PaymentRetryPolicy traceId=212832a7-d54a-4287-bbae-c4768ee16a43 clubId=- accountId=- : Refund compensation needs an admin: paymentId=inv-payment traceId=212832a7-d54a-4287-bbae-c4768ee16a43
2026-10-09T12:04:30.845+02:00 WARN  [main] c.a.c.p.application.PaymentRetryPolicy traceId=1dc48462-7403-4996-9e5b-405135d6431d clubId= accountId= : Refund reconciliation status=failed: eventId=re_fake_dafe8378-c845-400f-8a1b-bc5ef425ca5c traceId=1dc48462-7403-4996-9e5b-405135d6431d
2026-10-09T12:04:31.505+02:00 WARN  [main] c.a.c.p.application.PaymentRetryPolicy traceId=6d50b465-5f08-4b9c-8a7a-2604140752c8 clubId=- accountId=- : Refund reconciliation status=failed: eventId=re_fake_53b87560-268a-4cce-a738-e8ca5b83c5fe traceId=6d50b465-5f08-4b9c-8a7a-2604140752c8
2026-10-09T12:04:31.517+02:00 WARN  [main] c.a.c.p.application.PaymentRetryPolicy traceId=6d50b465-5f08-4b9c-8a7a-2604140752c8 clubId=- accountId=- : Refund compensation needs an admin: paymentId=inv-payment traceId=6d50b465-5f08-4b9c-8a7a-2604140752c8
2026-10-09T12:04:31.548+02:00 WARN  [main] c.a.c.p.application.PaymentRetryPolicy traceId=564f071c-5d09-4ec5-bb15-e0b468dd6e2f clubId= accountId= : Refund reconciliation status=failed: eventId=re_dashboard_249 traceId=564f071c-5d09-4ec5-[redacted]
2026-10-09T12:04:32.723+02:00 WARN  [main] c.a.c.p.application.PaymentRetryPolicy traceId=bcf41a17-17f7-4f91-9584-4d665e3ea1fa clubId=- accountId=- : Refund reconciliation status=failed: eventId=re_dashboard_262 traceId=bcf41a17-17f7-4f91-9584-4d665e3ea1fa
2026-10-09T12:04:32.860+02:00 WARN  [main] c.a.c.p.application.PaymentRetryPolicy traceId=23bd9411-f450-4ef6-93c5-74bb1ab43940 clubId=- accountId=- : Refund reconciliation status=failed: eventId=re_fake_e6e4bfbb-9e26-4339-[redacted]=23bd9411-f450-4ef6-93c5-74bb1ab43940
2026-10-09T12:04:32.872+02:00 WARN  [main] c.a.c.p.application.PaymentRetryPolicy traceId=23bd9411-f450-4ef6-93c5-74bb1ab43940 clubId=- accountId=- : Refund compensation needs an admin: paymentId=inv-payment traceId=23bd9411-f450-4ef6-93c5-74bb1ab43940
2026-10-09T12:04:33.912+02:00 WARN  [main] c.a.c.p.application.PaymentRetryPolicy traceId=2dd2f398-7a4e-4152-b37f-aa8709f3ece7 clubId=- accountId=- : Refund reconciliation status=canceled: eventId=re_dashboard_275 traceId=2dd2f398-7a4e-4152-b37f-aa8709f3ece7
2026-10-09T12:04:34.509+02:00 WARN  [main] c.a.c.p.application.PaymentRetryPolicy traceId=dda21670-4c3a-4816-8c65-59052bf70173 clubId= accountId= : Refund reconciliation status=failed: eventId=re_dashboard_282 traceId=dda21670-4c3a-4816-8c65-59052bf70173
2026-10-09T12:04:34.686+02:00 WARN  [main] c.a.c.p.application.PaymentRetryPolicy traceId=38603ba8-0a69-4b56-84c5-6210062d8445 clubId=- accountId=- : Refund reconciliation status=failed: eventId=re_fake_a2d302b1-c0bd-42d9-8036-234640df5dc1 traceId=38603ba8-0a69-4b56-84c5-6210062d8445
2026-10-09T12:04:35.070+02:00 WARN  [main] c.a.c.p.application.PaymentRetryPolicy traceId=75da2d30-6cee-47cc-9db4-1494154e7236 clubId=- accountId=- : Refund reconciliation status=failed: eventId=re_fake_d047c17d-608e-44bc-be2b-37f80459aded traceId=75da2d30-6cee-47cc-9db4-1494154e7236
2026-10-09T12:04:35.676+02:00 WARN  [main] c.a.c.p.application.PaymentRetryPolicy traceId=d9d15fdb-33ce-4709-b1ff-41c07715234d clubId=- accountId=- : Refund reconciliation status=canceled: eventId=re_dashboard_297 traceId=d9d15fdb-33ce-4709-b1ff-41c07715234d
2026-10-09T12:04:36.113+02:00 WARN  [main] c.a.c.p.application.PaymentRetryPolicy traceId=d0b20336-adfc-4ce4-8b96-9d4b6a90a353 clubId= accountId= : Payment operation recovery exhausted: eventId=e6204d04-0802-4bde-9489-cde7f3e5c114 traceId=d0b20336-adfc-4ce4-8b96-9d4b6a90a353
2026-10-09T12:04:36.140+02:00 WARN  [main] c.a.c.p.application.PaymentRetryPolicy traceId=f6548ff2-7d3e-4eed-99cd-17669894eb9c clubId= accountId= : Payment operation recovery exhausted: eventId=bb4ada91-58ce-49e0-bdfe-44897c193844 traceId=f6548ff2-7d3e-4eed-99cd-17669894eb9c
2026-10-09T12:04:36.393+02:00 WARN  [main] c.a.c.p.application.PaymentRetryPolicy traceId=f37ac287-75be-4e06-ae2e-e1f1e4122443 clubId=- accountId=- : Refund reconciliation status=failed: eventId=re_fake_010d8beb-b9b7-4ced-9808-2135f9c28e4d traceId=f37ac287-75be-4e06-ae2e-e1f1e4122443
2026-10-09T12:04:36.408+02:00 WARN  [main] c.a.c.p.application.PaymentRetryPolicy traceId=f37ac287-75be-4e06-ae2e-e1f1e4122443 clubId=- accountId=- : Refund compensation needs an admin: paymentId=inv-payment traceId=f37ac287-75be-4e06-ae2e-e1f1e4122443
2026-10-09T12:04:36.834+02:00 WARN  [main] c.a.c.p.application.PaymentRetryPolicy traceId=f726d3b7-9c74-45db-9763-95e50fc66910 clubId= accountId= : Payment operation recovery exhausted: eventId=7a2d5ec9-8971-47ac-90d1-ad6cedfd2d65 traceId=f726d3b7-9c74-45db-9763-95e50fc66910
2026-10-09T12:04:36.910+02:00 WARN  [main] c.a.c.p.application.PaymentRetryPolicy traceId=9ec1f9af-5aa2-4c76-ae5e-77ac22734190 clubId=- accountId=- : Refund reconciliation status=canceled: eventId=re_dashboard_307 traceId=9ec1f9af-5aa2-4c76-ae5e-77ac22734190
2026-10-09T12:04:37.080+02:00 WARN  [main] c.a.c.p.application.PaymentRetryPolicy traceId=8539ccdf-997f-438f-a077-024a898fdb71 clubId= accountId= : Payment operation recovery exhausted: eventId=639927a6-2dc3-4798-83c8-66161a897e86 traceId=8539ccdf-997f-438f-a077-024a898fdb71
2026-10-09T12:04:37.108+02:00 WARN  [main] c.a.c.p.application.PaymentRetryPolicy traceId=c65234ab-62b4-4bad-a2c6-bb61b2c93782 clubId= accountId= : Payment operation recovery exhausted: eventId=02bfc074-1adf-4f70-b165-823629e0b9ed traceId=c65234ab-62b4-4bad-a2c6-bb61b2c93782
2026-10-09T12:04:37.506+02:00 WARN  [main] c.a.c.p.application.PaymentRetryPolicy traceId=23f44c41-f997-4571-9ea7-28fe0c9076db clubId=- accountId=- : Refund reconciliation status=failed: eventId=re_fake_5a87febf-653e-438e-a0d7-5eaaa70a606d traceId=23f44c41-f997-4571-9ea7-28fe0c9076db
2026-10-09T12:04:37.523+02:00 WARN  [main] c.a.c.p.application.PaymentRetryPolicy traceId=23f44c41-f997-4571-9ea7-28fe0c9076db clubId=- accountId=- : Refund compensation needs an admin: paymentId=inv-payment traceId=23f44c41-f997-4571-9ea7-28fe0c9076db
2026-10-09T12:04:37.925+02:00 WARN  [main] c.a.c.p.application.PaymentRetryPolicy traceId=58b56f08-478f-4b6f-b511-7c5eb406ab4c clubId=- accountId=- : Refund reconciliation status=canceled: eventId=re_fake_75611cc7-6db4-40c7-b1ac-8745335014d9 traceId=58b56f08-478f-4b6f-b511-7c5eb406ab4c
2026-10-09T12:04:38.177+02:00 WARN  [main] c.a.c.p.application.PaymentRetryPolicy traceId=0778971d-85f6-441e-b999-2d000783ee74 clubId=- accountId=- : Refund reconciliation status=canceled: eventId=re_fake_92c84c39-533f-4bdf-981a-67f06449e99b traceId=0778971d-85f6-441e-b999-2d000783ee74
2026-10-09T12:04:38.198+02:00 WARN  [main] c.a.c.p.application.PaymentRetryPolicy traceId=0778971d-85f6-441e-b999-2d000783ee74 clubId=- accountId=- : Refund compensation needs an admin: paymentId=inv-payment traceId=0778971d-85f6-441e-b999-2d000783ee74
2026-10-09T12:04:38.364+02:00 WARN  [main] c.a.c.p.application.PaymentRetryPolicy traceId=b46ee1b0-05c2-452d-9aab-8c0acad7b90c clubId= accountId= : Refund reconciliation status=failed: eventId=re_fake_7fb1279a-e03f-4337-9d91-376ccd792e61 traceId=b46ee1b0-05c2-452d-9aab-8c0acad7b90c
2026-10-09T12:04:38.882+02:00 WARN  [main] c.a.c.p.application.PaymentRetryPolicy traceId=05d49018-2084-4838-a272-6184db062d58 clubId=- accountId=- : Refund reconciliation status=canceled: eventId=re_dashboard_329 traceId=05d49018-2084-4838-a272-6184db062d58
2026-10-09T12:04:38.939+02:00 WARN  [main] c.a.c.p.application.PaymentRetryPolicy traceId=77efee2e-51ce-4d39-93f1-443d0fb3f6b9 clubId= accountId= : Refund reconciliation status=failed: eventId=re_fake_72d96064-7993-4d2f-9b2e-[redacted]=77efee2e-51ce-4d39-93f1-443d0fb3f6b9
2026-10-09T12:04:39.259+02:00 WARN  [main] c.a.c.p.application.PaymentRetryPolicy traceId=9a5c801f-726e-4725-95b7-667d4779852f clubId= accountId= : Payment operation recovery exhausted: eventId=d0b5e03e-d5fc-4870-9584-82b149f5bfd9 traceId=9a5c801f-726e-4725-95b7-667d4779852f
2026-10-09T12:04:39.740+02:00 WARN  [main] c.a.c.p.application.PaymentRetryPolicy traceId=91321c03-f4a1-4a95-85b6-c3942eba8d3b clubId=- accountId=- : Refund reconciliation status=canceled: eventId=re_fake_6e020633-f42e-4ae3-a3fe-71cc9a18dc3f traceId=91321c03-f4a1-4a95-85b6-c3942eba8d3b
2026-10-09T12:04:39.760+02:00 WARN  [main] c.a.c.p.application.PaymentRetryPolicy traceId=91321c03-f4a1-4a95-85b6-c3942eba8d3b clubId=- accountId=- : Refund compensation needs an admin: paymentId=inv-payment traceId=91321c03-f4a1-4a95-85b6-c3942eba8d3b
2026-10-09T12:04:40.726+02:00 WARN  [main] c.a.c.p.application.PaymentRetryPolicy traceId=59451031-e6c8-49d7-bd5e-39eb6023b09d clubId=- accountId=- : Refund reconciliation status=failed: eventId=re_fake_aae2439e-8ae1-4d3b-9b93-4365615ca8c8 traceId=59451031-e6c8-49d7-bd5e-39eb6023b09d
2026-10-09T12:04:40.802+02:00 WARN  [main] c.a.c.p.application.PaymentRetryPolicy traceId=46c26345-a5d4-47b3-8e3d-be82e36e4936 clubId=- accountId=- : Refund reconciliation status=failed: eventId=re_fake_a00ac2da-d5ea-4963-bd9b-f51618dee786 traceId=46c26345-a5d4-47b3-8e3d-be82e36e4936
2026-10-09T12:04:40.818+02:00 WARN  [main] c.a.c.p.application.PaymentRetryPolicy traceId=46c26345-a5d4-47b3-8e3d-be82e36e4936 clubId=- accountId=- : Refund compensation needs an admin: paymentId=inv-payment traceId=46c26345-a5d4-47b3-8e3d-be82e36e4936
2026-10-09T12:04:41.411+02:00 WARN  [main] c.a.c.p.application.PaymentRetryPolicy traceId=25cc81c7-fcb8-4134-bade-2cfb1bcfc48e clubId= accountId= : Refund compensation needs an admin: paymentId=inv-payment traceId=25cc81c7-fcb8-4134-bade-2cfb1bcfc48e
2026-10-09T12:04:41.413+02:00 WARN  [main] c.a.c.p.application.PaymentRetryPolicy traceId=1a3e778d-0b7a-48bb-b68f-e0d5fc3bbedc clubId= accountId= : Payment operation recovery exhausted: eventId=[redacted] traceId=1a3e778d-0b7a-48bb-b68f-e0d5fc3bbedc
2026-10-09T12:04:41.911+02:00 WARN  [main] c.a.c.p.application.PaymentRetryPolicy traceId=d52ebdab-c64c-4456-aaa4-d29df54240b9 clubId= accountId= : Payment operation recovery exhausted: eventId=6c146a0d-cffb-47ed-9baa-145d0532719f traceId=d52ebdab-c64c-4456-aaa4-d29df54240b9
2026-10-09T12:04:42.089+02:00 WARN  [main] c.a.c.p.application.PaymentRetryPolicy traceId=a7428834-2580-47b2-bc05-713c54b90c83 clubId=- accountId=- : Refund reconciliation status=failed: eventId=re_fake_f9bc1b41-a0d9-4e3f-876f-24ea6a0fa22c traceId=a7428834-2580-47b2-[redacted]
2026-10-09T12:04:42.109+02:00 WARN  [main] c.a.c.p.application.PaymentRetryPolicy traceId=a7428834-2580-47b2-bc05-713c54b90c83 clubId=- accountId=- : Refund compensation needs an admin: paymentId=inv-payment traceId=a7428834-2580-47b2-[redacted]
2026-10-09T12:04:42.368+02:00 WARN  [main] c.a.c.p.application.PaymentRetryPolicy traceId=a32e77c8-3d7e-44f8-b1d2-df11dc3cfa31 clubId= accountId= : Payment operation recovery exhausted: eventId=9c54c1c3-2b83-4fc7-9595-c5be965005a5 traceId=a32e77c8-3d7e-44f8-b1d2-df11dc3cfa31
2026-10-09T12:04:42.404+02:00 WARN  [main] c.a.c.p.application.PaymentRetryPolicy traceId=63c319f6-4cf9-4c69-925f-e762ebef78f4 clubId= accountId= : Payment operation recovery exhausted: eventId=47868316-a345-461d-a12e-c6cedb2b6112 traceId=63c319f6-4cf9-4c69-925f-e762ebef78f4
2026-10-09T12:04:42.999+02:00 WARN  [main] c.a.c.p.application.PaymentRetryPolicy traceId=8a7d9425-71cd-4a7e-8694-6cf7b0168468 clubId=- accountId=- : Refund reconciliation status=failed: eventId=re_dashboard_374 traceId=8a7d9425-71cd-4a7e-8694-6cf7b0168468
2026-10-09T12:04:43.487+02:00 WARN  [main] c.a.c.p.application.PaymentRetryPolicy traceId=833a262b-629d-45d7-9516-cb8861868972 clubId=- accountId=- : Refund reconciliation status=canceled: eventId=re_fake_90e5d6b3-b4dc-4573-bd7a-8f5fde60f80b traceId=833a262b-629d-45d7-9516-cb8861868972
2026-10-09T12:04:44.592+02:00 WARN  [main] c.a.c.p.application.PaymentRetryPolicy traceId=979a1e57-78b0-4f9a-a0a8-cdb926f7294b clubId=- accountId=- : Refund reconciliation status=failed: eventId=re_fake_d903c020-841e-42e7-9251-a4995eff1a75 traceId=979a1e57-78b0-4f9a-a0a8-cdb926f7294b
2026-10-09T12:04:45.444+02:00 WARN  [main] c.a.c.p.application.PaymentRetryPolicy traceId=dd173e4a-03ec-4f8e-b546-2fed4de24cae clubId=- accountId=- : Refund reconciliation status=failed: eventId=re_fake_3f84c8b0-6c14-47f2-8250-4b0b26070254 traceId=[redacted]
2026-10-09T12:04:46.283+02:00 WARN  [main] c.a.c.p.application.PaymentRetryPolicy traceId=a27a2f20-6cef-4e13-916e-ef029b0ba649 clubId= accountId= : Refund reconciliation status=failed: eventId=re_fake_4df2af38-fe5d-4bdb-be9e-81e519e5a848 traceId=a27a2f20-6cef-4e13-916e-ef029b0ba649
2026-10-09T12:04:46.298+02:00 WARN  [main] c.a.c.p.application.PaymentRetryPolicy traceId=e9fba824-b94c-4985-9acc-3365967b32da clubId= accountId= : Refund compensation needs an admin: paymentId=inv-payment traceId=e9fba824-b94c-4985-9acc-3365967b32da
2026-10-09T12:04:46.785+02:00 WARN  [main] c.a.c.p.application.PaymentRetryPolicy traceId=6fcff826-c46e-4cdd-b8cd-8a1cec4e3739 clubId= accountId= : Refund compensation needs an admin: paymentId=inv-payment traceId=6fcff826-c46e-4cdd-b8cd-8a1cec4e3739
2026-10-09T12:04:47.337+02:00 WARN  [main] c.a.c.p.application.PaymentRetryPolicy traceId=340b6aca-2b29-4bf8-91dc-1eacf09d2cf4 clubId=- accountId=- : Refund reconciliation status=failed: eventId=re_dashboard_419 traceId=340b6aca-2b29-4bf8-91dc-1eacf09d2cf4
2026-10-09T12:04:47.456+02:00 WARN  [main] c.a.c.p.application.PaymentRetryPolicy traceId=4f8756d3-e41d-48a7-bf6a-379ba3c6b3fb clubId= accountId= : Refund compensation needs an admin: paymentId=inv-payment traceId=4f8756d3-e41d-48a7-bf6a-379ba3c6b3fb
2026-10-09T12:04:47.458+02:00 WARN  [main] c.a.c.p.application.PaymentRetryPolicy traceId=f96b930c-9bd3-4a32-b238-a4adcdcc410a clubId= accountId= : Payment operation recovery exhausted: eventId=5a09f9f7-075b-461d-97f9-467070b4cc4d traceId=f96b930c-9bd3-4a32-b238-a4adcdcc410a
2026-10-09T12:04:47.682+02:00 WARN  [main] c.a.c.p.application.PaymentRetryPolicy traceId=949acae8-1c3d-471e-a064-419012ef2c2a clubId=- accountId=- : Refund reconciliation status=canceled: eventId=re_fake_a7b622df-6cee-4a76-be1c-4b179f7ef71d traceId=949acae8-1c3d-471e-a064-419012ef2c2a
2026-10-09T12:04:47.699+02:00 WARN  [main] c.a.c.p.application.PaymentRetryPolicy traceId=949acae8-1c3d-471e-a064-419012ef2c2a clubId=- accountId=- : Refund compensation needs an admin: paymentId=inv-payment traceId=949acae8-1c3d-471e-a064-419012ef2c2a
2026-10-09T12:04:47.831+02:00 WARN  [main] c.a.c.p.application.PaymentRetryPolicy traceId=92e9553a-32ca-4a88-a6d1-8475da9fea67 clubId=- accountId=- : Refund reconciliation status=canceled: eventId=re_fake_544dafb2-3361-49eb-8153-d41176cf3472 traceId=92e9553a-32ca-4a88-a6d1-8475da9fea67
2026-10-09T12:04:48.078+02:00 WARN  [main] c.a.c.p.application.PaymentRetryPolicy traceId=f2aa198f-5f58-41d0-a43c-8c14bf0b22f6 clubId= accountId= : Payment operation recovery exhausted: eventId=688cc127-0be7-4087-9472-9256d7052344 traceId=f2aa198f-5f58-41d0-a43c-8c14bf0b22f6
2026-10-09T12:04:48.264+02:00 WARN  [main] c.a.c.p.application.PaymentRetryPolicy traceId=6bb6f3bb-b356-4f35-8317-3eeb66088e15 clubId=- accountId=- : Refund reconciliation status=failed: eventId=re_dashboard_431 traceId=6bb6f3bb-b356-4f35-8317-3eeb66088e15
2026-10-09T12:04:48.969+02:00 WARN  [main] c.a.c.p.application.PaymentRetryPolicy traceId=75801c73-6d68-4549-9b27-8367facf3860 clubId= accountId= : Payment operation recovery exhausted: eventId=f264b756-[redacted]=75801c73-6d68-4549-9b27-8367facf3860
2026-10-09T12:04:49.159+02:00 WARN  [main] c.a.c.p.application.PaymentRetryPolicy traceId=598f2e1c-daba-4c9a-9dbf-49c1841a50a1 clubId= accountId= : Payment operation recovery exhausted: eventId=7a4871ef-8fca-4cc1-99e2-3f7bbd76b022 traceId=598f2e1c-daba-4c9a-9dbf-49c1841a50a1
2026-10-09T12:04:49.237+02:00 WARN  [main] c.a.c.p.application.PaymentRetryPolicy traceId=9f7429ab-c027-4718-ba3d-c584beed8159 clubId=- accountId=- : Refund reconciliation status=canceled: eventId=re_dashboard_437 traceId=9f7429ab-c027-4718-ba3d-c584beed8159
2026-10-09T12:04:49.488+02:00 WARN  [main] c.a.c.p.application.PaymentRetryPolicy traceId=abb8a907-0663-4236-9b16-5e0316652320 clubId=- accountId=- : Refund reconciliation status=failed: eventId=re_fake_28023da1-3ad7-42ee-96a1-78ffcb2800c0 traceId=abb8a907-0663-4236-9b16-5e0316652320
2026-10-09T12:04:49.756+02:00 WARN  [main] c.a.c.p.application.PaymentRetryPolicy traceId=edf55b81-2343-4262-9eef-93141fc6d0c8 clubId=- accountId=- : Refund reconciliation status=canceled: eventId=re_dashboard_444 traceId=edf55b81-2343-4262-9eef-93141fc6d0c8
2026-10-09T12:04:49.900+02:00 WARN  [main] c.a.c.p.application.PaymentRetryPolicy traceId=49584999-392b-42ae-be7b-502d7800a932 clubId=- accountId=- : Refund reconciliation status=failed: eventId=re_fake_206dd228-4764-496a-b9b7-15ef7fd80479 traceId=49584999-392b-42ae-be7b-502d7800a932
2026-10-09T12:04:50.732+02:00 WARN  [main] c.a.c.p.application.PaymentRetryPolicy traceId=4292e78b-1e4f-49fb-ac20-0543b8896bc2 clubId=- accountId=- : Refund reconciliation status=failed: eventId=re_dashboard_455 traceId=4292e78b-1e4f-49fb-[redacted]
2026-10-09T12:04:51.013+02:00 WARN  [main] c.a.c.p.application.PaymentRetryPolicy traceId=70918d26-5a6f-4649-9efe-1bd524e5fbca clubId=- accountId=- : Refund reconciliation status=failed: eventId=re_fake_f1120d98-60d7-4c4c-bcd9-24ea75da186b traceId=70918d26-5a6f-4649-9efe-1bd524e5fbca
2026-10-09T12:04:51.029+02:00 WARN  [main] c.a.c.p.application.PaymentRetryPolicy traceId=70918d26-5a6f-4649-9efe-1bd524e5fbca clubId=- accountId=- : Refund compensation needs an admin: paymentId=inv-payment traceId=70918d26-5a6f-4649-9efe-1bd524e5fbca
2026-10-09T12:04:51.452+02:00 WARN  [main] c.a.c.p.application.PaymentRetryPolicy traceId=e7016b7b-acfc-49a0-924d-82bd8f7c1b87 clubId=- accountId=- : Refund reconciliation status=failed: eventId=re_dashboard_466 traceId=e7016b7b-acfc-49a0-924d-82bd8f7c1b87
2026-10-09T12:04:51.773+02:00 WARN  [main] c.a.c.p.application.PaymentRetryPolicy traceId=0bb203a8-d1f6-4a18-9ff9-a8875d20a4de clubId= accountId= : Refund reconciliation status=failed: eventId=re_dashboard_470 traceId=0bb203a8-d1f6-4a18-9ff9-a8875d20a4de
2026-10-09T12:04:52.154+02:00 WARN  [main] c.a.c.p.application.PaymentRetryPolicy traceId=7e3ae6ac-ab05-4da3-be5e-41646acd4cda clubId=- accountId=- : Refund reconciliation status=failed: eventId=re_fake_99a7c601-5c45-49f4-bea6-086b8aef953f traceId=7e3ae6ac-[redacted]
2026-10-09T12:04:52.398+02:00 WARN  [main] c.a.c.p.application.PaymentRetryPolicy traceId=623e28ae-b8bc-4adc-a59e-8d384a703b93 clubId= accountId= : Refund reconciliation status=failed: eventId=re_dashboard_481 traceId=623e28ae-b8bc-4adc-a59e-8d384a703b93
2026-10-09T12:04:53.114+02:00 WARN  [main] c.a.c.p.application.PaymentRetryPolicy traceId=925a2246-8686-4825-8f91-75a2464f59e5 clubId=- accountId=- : Refund reconciliation status=failed: eventId=re_dashboard_490 traceId=925a2246-8686-4825-8f91-75a2464f59e5
2026-10-09T12:04:53.505+02:00 WARN  [main] c.a.c.p.application.PaymentRetryPolicy traceId=7a29ad56-834c-4f41-9ff8-f82fcb96381c clubId= accountId= : Refund reconciliation status=failed: eventId=re_dashboard_494 traceId=7a29ad56-834c-4f41-9ff8-f82fcb96381c
2026-10-09T12:04:54.722+02:00 WARN  [main] c.a.c.p.application.PaymentRetryPolicy traceId=d6351b04-c7be-416e-8086-912d8faf4504 clubId= accountId= : Refund reconciliation status=canceled: eventId=re_fake_c45a2b64-0ba0-478f-aea7-d2333e88c2ff traceId=d6351b04-c7be-416e-8086-912d8faf4504
2026-10-09T12:04:55.166+02:00 WARN  [main] c.a.c.p.application.PaymentRetryPolicy traceId=5953a249-afaf-434f-8541-b6219e82c3c9 clubId= accountId= : Refund reconciliation status=failed: eventId=re_fake_5f612273-242b-453b-[redacted]=5953a249-afaf-434f-8541-b6219e82c3c9
2026-10-09T12:04:55.185+02:00 WARN  [main] c.a.c.p.application.PaymentRetryPolicy traceId=da07118b-ebee-4db5-a9f7-4a5ca2f100d4 clubId= accountId= : Refund compensation needs an admin: paymentId=inv-payment traceId=[redacted]
2026-10-09T12:04:56.515+02:00 WARN  [main] c.a.c.p.application.PaymentRetryPolicy traceId=ca8f4464-5077-4126-a27a-1bde08d53d1a clubId= accountId= : Payment operation recovery exhausted: eventId=6e404ff9-4c4c-4bbc-b6d2-86e5056b610a traceId=ca8f4464-5077-4126-a27a-1bde08d53d1a
2026-10-09T12:04:56.982+02:00 WARN  [main] c.a.c.p.application.PaymentRetryPolicy traceId=e4cf0cee-c511-4d27-b894-bb7ae672f267 clubId=- accountId=- : Refund reconciliation status=failed: eventId=re_fake_042d5a69-79dc-4150-85db-928a4000de4e traceId=e4cf0cee-c511-4d27-b894-bb7ae672f267
2026-10-09T12:04:56.997+02:00 WARN  [main] c.a.c.p.application.PaymentRetryPolicy traceId=e4cf0cee-c511-4d27-b894-bb7ae672f267 clubId=- accountId=- : Refund compensation needs an admin: paymentId=inv-payment traceId=e4cf0cee-c511-4d27-b894-bb7ae672f267
2026-10-09T12:04:57.667+02:00 WARN  [main] c.a.c.p.application.PaymentRetryPolicy traceId=e1d01e1b-cffc-4a4c-9ad2-9c9aab552319 clubId=- accountId=- : Refund reconciliation status=canceled: eventId=re_dashboard_519 traceId=e1d01e1b-cffc-4a4c-9ad2-9c9aab552319
2026-10-09T12:04:58.349+02:00 WARN  [main] c.a.c.p.application.PaymentRetryPolicy traceId=c3e6ddce-9efe-4ea4-a794-96b809dd68f4 clubId= accountId= : Payment operation recovery exhausted: eventId=d69f2e3b-0957-4486-a2ba-42c6e1a96b1a traceId=c3e6ddce-9efe-4ea4-a794-96b809dd68f4
2026-10-09T12:04:59.327+02:00 WARN  [main] c.a.c.p.application.PaymentRetryPolicy traceId=5e8323fd-673f-4ca1-8834-bd3af81093b1 clubId=- accountId=- : Refund reconciliation status=failed: eventId=re_fake_a0137261-3f4f-449e-bfdc-eaf426d7e311 traceId=5e8323fd-673f-4ca1-8834-bd3af81093b1
2026-10-09T12:04:59.343+02:00 WARN  [main] c.a.c.p.application.PaymentRetryPolicy traceId=5e8323fd-673f-4ca1-8834-bd3af81093b1 clubId=- accountId=- : Refund compensation needs an admin: paymentId=inv-payment traceId=5e8323fd-673f-4ca1-8834-bd3af81093b1
2026-10-09T12:04:59.746+02:00 WARN  [main] c.a.c.p.application.PaymentRetryPolicy traceId=1933fe6e-5b25-44c9-a2df-3261033efabc clubId= accountId= : Refund reconciliation status=failed: eventId=re_dashboard_538 traceId=1933fe6e-5b25-44c9-a2df-3261033efabc
E8-T11, 80 seeds x 24 steps reached: {admin refund n=561, bill credit=50, cancel CREDIT=91, cancel CREDIT before confirmation=17, cancel REFUND=87, cancel REFUND before confirmation=23, dashboard nothing=55, dashboard refund pending=34, dashboard refund succeeded=38, disable Stripe=72, enable Stripe=34, execute (lost response)=46, execute (pending)=42, execute (refused)=32, execute (refused, not reached)=15, execute (rejected)=22, execute (rejected, not reached)=9, execute (succeeded)=35, late confirmation=84, n h later, recover=51, recover=171, redeliver canceled=5, redeliver failed=5, redeliver pending=22, redeliver succeeded=23, webhook canceled=34, webhook failed=75, webhook pending=58, webhook succeeded=129, ~ compensation postponed by an outage (E8-T11 point 1)=7, ~ credit absorbed a dashboard refund (E8-T11 point 3)=12, ~ credit grown after a failed refund (finding 1)=2, ~ dashboard refund beyond a billed credit (E8-T11 point 3)=3, ~ obligation CREDIT=26, ~ obligation CREDIT with intervention=4, ~ obligation REFUND=24, ~ obligation REFUND with intervention=26, ~ reconciled while Stripe was disabled=35}
2026-10-09T12:05:00.344+02:00 WARN  [main] c.a.c.p.application.PaymentRetryPolicy traceId=a045b649-5a59-41c3-9c6b-a8947feed3ca clubId=- accountId=- : Refund compensation needs an admin: paymentId=inv-payment traceId=a045b649-5a59-41c3-9c6b-a8947feed3ca
2026-10-09T12:05:01.045+02:00 WARN  [main] c.a.c.p.application.PaymentRetryPolicy traceId=ea9d795b-993a-4ccc-ae58-3148e14f1046 clubId= accountId= : Refund compensation needs an admin: paymentId=inv-payment traceId=ea9d795b-993a-4ccc-[redacted]
2026-10-09T12:05:01.565+02:00 WARN  [main] c.a.c.p.application.PaymentRetryPolicy traceId=f7306dd7-83ad-4670-af6f-68abe46cdece clubId=- accountId=- : Refund reconciliation status=failed: eventId=re_fake_d9a8a1b2-[redacted]=f7306dd7-83ad-4670-af6f-68abe46cdece
2026-10-09T12:05:02.099+02:00 WARN  [main] c.a.c.p.application.PaymentRetryPolicy traceId=802323f1-c89b-4dcb-a3e4-be75cb51ebe8 clubId=- accountId=- : Refund reconciliation status=failed: eventId=re_fake_03c90deb-57f8-45d5-9869-74e504115af7 traceId=802323f1-c89b-4dcb-a3e4-be75cb51ebe8
2026-10-09T12:05:02.115+02:00 WARN  [main] c.a.c.p.application.PaymentRetryPolicy traceId=802323f1-c89b-4dcb-a3e4-be75cb51ebe8 clubId=- accountId=- : Refund compensation needs an admin: paymentId=inv-payment traceId=802323f1-c89b-4dcb-a3e4-be75cb51ebe8
