[INFO] Scanning for projects...
[INFO] 
[INFO] -----------------< com.agilityhub:agilityhub-core-api >-----------------
[INFO] Building AgilityHub Core API 0.1.0-SNAPSHOT
[INFO]   from pom.xml
[INFO] --------------------------------[ jar ]---------------------------------
[INFO] 
[INFO] --- enforcer:3.6.2:enforce (require-java-21) @ agilityhub-core-api ---
[INFO] Rule 0: org.apache.maven.enforcer.rules.version.RequireJavaVersion passed
[INFO] Rule 1: org.apache.maven.enforcer.rules.version.RequireMavenVersion passed
[INFO] 
[INFO] --- jacoco:0.8.14:prepare-agent (default) @ agilityhub-core-api ---
[INFO] argLine set to -javaagent:/Users/jordib/.m2/repository/org/jacoco/org.jacoco.agent/0.8.14/org.jacoco.agent-0.8.14-runtime.jar=destfile=/Users/jordib/dev/agilityhub/agilityhub-core-api/target/jacoco.exec
[INFO] 
[INFO] --- spring-boot:3.5.16:build-info (default) @ agilityhub-core-api ---
[INFO] 
[INFO] --- resources:3.3.1:resources (default-resources) @ agilityhub-core-api ---
[INFO] Copying 9 resources from src/main/resources to target/classes
[INFO] Copying 1 resource from seeds to target/classes/seeds
[INFO] 
[INFO] --- compiler:3.14.1:compile (default-compile) @ agilityhub-core-api ---
[INFO] Nothing to compile - all classes are up to date.
[INFO] 
[INFO] --- resources:3.3.1:testResources (default-testResources) @ agilityhub-core-api ---
[INFO] Copying 37 resources from src/test/resources to target/test-classes
[INFO] 
[INFO] --- compiler:3.14.1:testCompile (default-testCompile) @ agilityhub-core-api ---
[INFO] Nothing to compile - all classes are up to date.
[INFO] 
[INFO] --- surefire:3.5.6:test (default-test) @ agilityhub-core-api ---
[INFO] Using auto detected provider org.apache.maven.surefire.junitplatform.JUnitPlatformProvider
[INFO] 
[INFO] -------------------------------------------------------
[INFO]  T E S T S
[INFO] -------------------------------------------------------
[INFO] Running com.agilityhub.core.configuration.OpenApiSnapshotTest
09:01:07.410 [main] INFO org.springframework.test.context.support.AnnotationConfigContextLoaderUtils -- Could not detect default configuration classes for test class [com.agilityhub.core.configuration.OpenApiSnapshotTest]: OpenApiSnapshotTest does not declare any static, non-private, non-final, nested classes annotated with @Configuration.
09:01:07.527 [main] INFO org.springframework.boot.test.context.SpringBootTestContextBootstrapper -- Found @SpringBootConfiguration com.agilityhub.core.CoreApplication for test class com.agilityhub.core.configuration.OpenApiSnapshotTest
09:01:07.618 [main] INFO org.testcontainers.images.PullPolicy -- Image pull policy will be performed by: DefaultPullPolicy()
09:01:07.620 [main] INFO org.testcontainers.utility.ImageNameSubstitutor -- Image name substitution will be performed by: DefaultImageNameSubstitutor (composite of 'ConfigurationFileImageNameSubstitutor' and 'PrefixingImageNameSubstitutor')
09:01:07.624 [main] INFO org.testcontainers.DockerClientFactory -- Testcontainers version: 1.21.4
09:01:07.804 [main] INFO org.testcontainers.dockerclient.DockerClientProviderStrategy -- Loaded org.testcontainers.dockerclient.UnixSocketClientProviderStrategy from ~/.testcontainers.properties, will try it first
09:01:07.972 [main] INFO org.testcontainers.dockerclient.DockerClientProviderStrategy -- Found Docker environment with local Unix socket (unix:///var/run/docker.sock)
09:01:07.972 [main] INFO org.testcontainers.DockerClientFactory -- Docker host IP address is localhost
09:01:07.984 [main] INFO org.testcontainers.DockerClientFactory -- Connected to docker: 
  Server Version: 29.7.2
  API Version: 1.55
  Operating System: Docker Desktop
  Total Memory: 7931 MB
  Labels: 
    com.docker.desktop.address=unix:///Users/jordib/Library/Containers/com.docker.docker/Data/docker-cli.sock
09:01:08.152 [main] INFO tc.testcontainers/ryuk:0.12.0 -- Creating container for image: testcontainers/ryuk:0.12.0
09:01:08.209 [main] INFO org.testcontainers.utility.RegistryAuthLocator -- Credential helper/store (docker-credential-desktop) does not have credentials for https://index.docker.io/v1/
09:01:08.276 [main] INFO tc.testcontainers/ryuk:0.12.0 -- Container testcontainers/ryuk:0.12.0 is starting: e42655ef5747bdbae43019c1fd8a0bc5f90e8342770adbf725a869dbcdf371f5
09:01:08.431 [main] INFO tc.testcontainers/ryuk:0.12.0 -- Container testcontainers/ryuk:0.12.0 started in PT0.2784S
09:01:08.435 [main] INFO org.testcontainers.utility.RyukResourceReaper -- Ryuk started - will monitor and terminate Testcontainers containers on JVM exit
09:01:08.435 [main] INFO org.testcontainers.DockerClientFactory -- Checking the system...
09:01:08.436 [main] INFO org.testcontainers.DockerClientFactory -- ✔︎ Docker server version should be at least 1.6.0
09:01:08.436 [main] INFO tc.mongo:7 -- Creating container for image: mongo:7
09:01:08.466 [main] INFO tc.mongo:7 -- Container mongo:7 is starting: 3c6a0b8b2ac98ddf699828d88ca1b99b622261a979ed6290f9c5e94ab487c36d
09:01:08.926 [main] INFO tc.mongo:7 -- Container mongo:7 started in PT0.489565S
Integration JVM availableProcessors=18

  .   ____          _            __ _ _
 /\\ / ___'_ __ _ _(_)_ __  __ _ \ \ \ \
( ( )\___ | '_ | '_| | '_ \/ _` | \ \ \ \
 \\/  ___)| |_)| | | | | || (_| |  ) ) ) )
  '  |____| .__|_| |_|_| |_\__, | / / / /
 =========|_|==============|___/=/_/_/_/

 :: Spring Boot ::               (v3.5.16)

2026-09-26T09:01:09.630+02:00  INFO 5705 --- [agilityhub-core-api] [           main] c.a.c.configuration.OpenApiSnapshotTest  : Starting OpenApiSnapshotTest using Java 21.0.12.1 with PID 5705 (started by jordib in /Users/jordib/dev/agilityhub/agilityhub-core-api)
2026-09-26T09:01:09.630+02:00  INFO 5705 --- [agilityhub-core-api] [           main] c.a.c.configuration.OpenApiSnapshotTest  : The following 1 profile is active: "test"
2026-09-26T09:01:10.577+02:00  INFO 5705 --- [agilityhub-core-api] [           main] .s.d.r.c.RepositoryConfigurationDelegate : Bootstrapping Spring Data MongoDB repositories in DEFAULT mode.
2026-09-26T09:01:10.622+02:00  INFO 5705 --- [agilityhub-core-api] [           main] .s.d.r.c.RepositoryConfigurationDelegate : Finished Spring Data repository scanning in 41 ms. Found 0 MongoDB repository interfaces.
2026-09-26T09:01:11.059+02:00  INFO 5705 --- [agilityhub-core-api] [           main] o.s.b.w.embedded.tomcat.TomcatWebServer  : Tomcat initialized with port 0 (http)
2026-09-26T09:01:11.068+02:00  INFO 5705 --- [agilityhub-core-api] [           main] o.apache.catalina.core.StandardService   : Starting service [Tomcat]
2026-09-26T09:01:11.068+02:00  INFO 5705 --- [agilityhub-core-api] [           main] o.apache.catalina.core.StandardEngine    : Starting Servlet engine: [Apache Tomcat/10.1.55]
2026-09-26T09:01:11.104+02:00  INFO 5705 --- [agilityhub-core-api] [           main] o.a.c.c.C.[Tomcat].[localhost].[/]       : Initializing Spring embedded WebApplicationContext
2026-09-26T09:01:11.104+02:00  INFO 5705 --- [agilityhub-core-api] [           main] w.s.c.ServletWebServerApplicationContext : Root WebApplicationContext: initialization completed in 1468 ms
2026-09-26T09:01:11.217+02:00  INFO 5705 --- [agilityhub-core-api] [           main] org.mongodb.driver.client                : MongoClient with metadata {"driver": {"name": "mongo-java-driver|sync|spring-boot", "version": "5.5.2"}, "os": {"type": "Darwin", "name": "Mac OS X", "architecture": "aarch64", "version": "26.4.1"}, "platform": "Java/Homebrew/21.0.12.1"} created with settings MongoClientSettings{readPreference=primary, writeConcern=WriteConcern{w=null, wTimeout=null ms, journal=null}, retryWrites=true, retryReads=true, readConcern=ReadConcern{level=null}, credential=null, transportSettings=null, commandListeners=[io.micrometer.core.instrument.binder.mongodb.MongoMetricsCommandListener@11971091], codecRegistry=ProvidersCodecRegistry{codecProviders=[ValueCodecProvider{}, BsonValueCodecProvider{}, DBRefCodecProvider{}, DBObjectCodecProvider{}, DocumentCodecProvider{}, CollectionCodecProvider{}, IterableCodecProvider{}, MapCodecProvider{}, GeoJsonCodecProvider{}, GridFSFileCodecProvider{}, Jsr310CodecProvider{}, JsonObjectCodecProvider{}, BsonCodecProvider{}, EnumCodecProvider{}, com.mongodb.client.model.mql.ExpressionCodecProvider@12946090, com.mongodb.Jep395RecordCodecProvider@2a7235ef, com.mongodb.KotlinCodecProvider@387eca32]}, loggerSettings=LoggerSettings{maxDocumentLength=1000}, clusterSettings={hosts=[localhost:56933], srvServiceName=mongodb, mode=SINGLE, requiredClusterType=UNKNOWN, requiredReplicaSetName='null', serverSelector='null', clusterListeners='[]', serverSelectionTimeout='30000 ms', localThreshold='15 ms'}, socketSettings=SocketSettings{connectTimeoutMS=10000, readTimeoutMS=0, receiveBufferSize=0, proxySettings=ProxySettings{host=null, port=null, username=null, password=null}}, heartbeatSocketSettings=SocketSettings{connectTimeoutMS=10000, readTimeoutMS=10000, receiveBufferSize=0, proxySettings=ProxySettings{host=null, port=null, username=null, password=null}}, connectionPoolSettings=ConnectionPoolSettings{maxSize=100, minSize=0, maxWaitTimeMS=120000, maxConnectionLifeTimeMS=0, maxConnectionIdleTimeMS=0, maintenanceInitialDelayMS=0, maintenanceFrequencyMS=60000, connectionPoolListeners=[io.micrometer.core.instrument.binder.mongodb.MongoMetricsConnectionPoolListener@11444634], maxConnecting=2}, serverSettings=ServerSettings{heartbeatFrequencyMS=10000, minHeartbeatFrequencyMS=500, serverMonitoringMode=AUTO, serverListeners='[]', serverMonitorListeners='[]'}, sslSettings=SslSettings{enabled=false, invalidHostNameAllowed=false, context=null}, applicationName='null', compressorList=[], uuidRepresentation=JAVA_LEGACY, serverApi=null, autoEncryptionSettings=null, dnsClient=null, inetAddressResolver=null, contextProvider=null, timeoutMS=null}
2026-09-26T09:01:11.226+02:00  INFO 5705 --- [agilityhub-core-api] [localhost:56933] org.mongodb.driver.cluster               : Monitor thread successfully connected to server with description ServerDescription{address=localhost:56933, type=REPLICA_SET_PRIMARY, cryptd=false, state=CONNECTED, ok=true, minWireVersion=0, maxWireVersion=21, maxDocumentSize=16777216, logicalSessionTimeoutMinutes=30, roundTripTimeNanos=13440666, minRoundTripTimeNanos=0, setName='docker-rs', canonicalAddress=3c6a0b8b2ac9:27017, hosts=[3c6a0b8b2ac9:27017], passives=[], arbiters=[], primary='3c6a0b8b2ac9:27017', tagSet=TagSet{[]}, electionId=7fffffff0000000000000001, setVersion=1, topologyVersion=TopologyVersion{processId=6ab76db467aae930b9de5244, counter=6}, lastWriteDate=Sat Sep 26 09:01:09 CEST 2026, lastUpdateTimeNanos=209876465026083}
2026-09-26T09:01:11.735+02:00  INFO 5705 --- [agilityhub-core-api] [           main] o.s.boot.web.servlet.RegistrationBean    : Filter rateLimitFilter was not registered (disabled)
2026-09-26T09:01:14.172+02:00  INFO 5705 --- [agilityhub-core-api] [           main] o.a.c.c.C.[Tomcat].[localhost].[/]       : Initializing Spring TestDispatcherServlet ''
2026-09-26T09:01:14.172+02:00  INFO 5705 --- [agilityhub-core-api] [           main] o.s.t.web.servlet.TestDispatcherServlet  : Initializing Servlet ''
2026-09-26T09:01:14.173+02:00  INFO 5705 --- [agilityhub-core-api] [           main] o.s.t.web.servlet.TestDispatcherServlet  : Completed initialization in 1 ms
2026-09-26T09:01:14.241+02:00  INFO 5705 --- [agilityhub-core-api] [           main] o.s.b.w.embedded.tomcat.TomcatWebServer  : Tomcat started on port 56940 (http) with context path '/'
2026-09-26T09:01:14.282+02:00  INFO 5705 --- [agilityhub-core-api] [           main] o.s.b.w.embedded.tomcat.TomcatWebServer  : Tomcat initialized with port 0 (http)
2026-09-26T09:01:14.282+02:00  INFO 5705 --- [agilityhub-core-api] [           main] o.apache.catalina.core.StandardService   : Starting service [Tomcat]
2026-09-26T09:01:14.282+02:00  INFO 5705 --- [agilityhub-core-api] [           main] o.apache.catalina.core.StandardEngine    : Starting Servlet engine: [Apache Tomcat/10.1.55]
2026-09-26T09:01:14.293+02:00  INFO 5705 --- [agilityhub-core-api] [           main] o.a.c.c.C.[Tomcat-1].[localhost].[/]     : Initializing Spring embedded WebApplicationContext
2026-09-26T09:01:14.293+02:00  INFO 5705 --- [agilityhub-core-api] [           main] w.s.c.ServletWebServerApplicationContext : Root WebApplicationContext: initialization completed in 50 ms
2026-09-26T09:01:14.301+02:00  INFO 5705 --- [agilityhub-core-api] [           main] o.s.b.a.e.web.EndpointLinksResolver      : Exposing 2 endpoints beneath base path '/actuator'
2026-09-26T09:01:14.320+02:00  INFO 5705 --- [agilityhub-core-api] [           main] o.s.b.w.embedded.tomcat.TomcatWebServer  : Tomcat started on port 56941 (http) with context path '/'
2026-09-26T09:01:14.330+02:00  INFO 5705 --- [agilityhub-core-api] [           main] c.a.c.configuration.OpenApiSnapshotTest  : Started OpenApiSnapshotTest in 4.897 seconds (process running for 7.56)
Mockito is currently self-attaching to enable the inline-mock-maker. This will no longer work in future releases of the JDK. Please add Mockito as an agent to your build as described in Mockito's documentation: https://javadoc.io/doc/org.mockito/mockito-core/latest/org.mockito/org/mockito/Mockito.html#0.3
OpenJDK 64-Bit Server VM warning: Sharing is only supported for boot loader classes because bootstrap classpath has been appended
WARNING: A Java agent has been loaded dynamically (/Users/jordib/.m2/repository/net/bytebuddy/byte-buddy-agent/1.17.8/byte-buddy-agent-1.17.8.jar)
WARNING: If a serviceability tool is in use, please run with -XX:+EnableDynamicAgentLoading to hide this warning
WARNING: If a serviceability tool is not in use, please run with -Djdk.instrument.traceUsage for more information
WARNING: Dynamic loading of agents will be disallowed by default in a future release
2026-09-26T09:01:16.660+02:00  INFO 5705 --- [agilityhub-core-api] [           main] o.springdoc.api.AbstractOpenApiResource  : Init duration for springdoc-openapi is: 1561 ms
2026-09-26T09:01:17.169+02:00  INFO 5705 --- [agilityhub-core-api] [omcat-handler-0] o.a.c.c.C.[Tomcat].[localhost].[/]       : Initializing Spring DispatcherServlet 'dispatcherServlet'
2026-09-26T09:01:17.169+02:00  INFO 5705 --- [agilityhub-core-api] [omcat-handler-0] o.s.web.servlet.DispatcherServlet        : Initializing Servlet 'dispatcherServlet'
2026-09-26T09:01:17.170+02:00  INFO 5705 --- [agilityhub-core-api] [omcat-handler-0] o.s.web.servlet.DispatcherServlet        : Completed initialization in 1 ms
2026-09-26T09:01:18.144+02:00  INFO 5705 --- [agilityhub-core-api] [           main] o.springdoc.api.AbstractOpenApiResource  : Init duration for springdoc-openapi is: 917 ms
[INFO] Tests run: 10, Failures: 0, Errors: 0, Skipped: 0, Time elapsed: 10.86 s -- in com.agilityhub.core.configuration.OpenApiSnapshotTest
[INFO] Running com.agilityhub.core.configuration.E3GateFixesContractTest
2026-09-26T09:01:18.262+02:00  WARN 5705 --- [agilityhub-core-api] [           main] c.n.schema.UnknownKeywordFactory         : Unknown keyword components - you should define your own Meta Schema. If the keyword is irrelevant for validation, just use a NonValidationKeyword or if it should generate annotations AnnotationKeyword
[INFO] Tests run: 9, Failures: 0, Errors: 0, Skipped: 0, Time elapsed: 0.082 s -- in com.agilityhub.core.configuration.E3GateFixesContractTest
[INFO] Running com.agilityhub.core.configuration.E5PersistenceIT
2026-09-26T09:01:18.303+02:00  INFO 5705 --- [agilityhub-core-api] [           main] t.c.s.AnnotationConfigContextLoaderUtils : Could not detect default configuration classes for test class [com.agilityhub.core.configuration.E5PersistenceIT]: E5PersistenceIT does not declare any static, non-private, non-final, nested classes annotated with @Configuration.
2026-09-26T09:01:18.304+02:00  INFO 5705 --- [agilityhub-core-api] [           main] .b.t.c.SpringBootTestContextBootstrapper : Found @SpringBootConfiguration com.agilityhub.core.CoreApplication for test class com.agilityhub.core.configuration.E5PersistenceIT

  .   ____          _            __ _ _
 /\\ / ___'_ __ _ _(_)_ __  __ _ \ \ \ \
( ( )\___ | '_ | '_| | '_ \/ _` | \ \ \ \
 \\/  ___)| |_)| | | | | || (_| |  ) ) ) )
  '  |____| .__|_| |_|_| |_\__, | / / / /
 =========|_|==============|___/=/_/_/_/

 :: Spring Boot ::               (v3.5.16)

2026-09-26T09:01:18.315+02:00  INFO 5705 --- [agilityhub-core-api] [           main] c.a.core.configuration.E5PersistenceIT   : Starting E5PersistenceIT using Java 21.0.12.1 with PID 5705 (started by jordib in /Users/jordib/dev/agilityhub/agilityhub-core-api)
2026-09-26T09:01:18.315+02:00  INFO 5705 --- [agilityhub-core-api] [           main] c.a.core.configuration.E5PersistenceIT   : The following 1 profile is active: "test"
2026-09-26T09:01:18.494+02:00  INFO 5705 --- [agilityhub-core-api] [           main] .s.d.r.c.RepositoryConfigurationDelegate : Bootstrapping Spring Data MongoDB repositories in DEFAULT mode.
2026-09-26T09:01:18.514+02:00  INFO 5705 --- [agilityhub-core-api] [           main] .s.d.r.c.RepositoryConfigurationDelegate : Finished Spring Data repository scanning in 18 ms. Found 0 MongoDB repository interfaces.
2026-09-26T09:01:18.550+02:00  INFO 5705 --- [agilityhub-core-api] [           main] org.mongodb.driver.client                : MongoClient with metadata {"driver": {"name": "mongo-java-driver|sync|spring-boot", "version": "5.5.2"}, "os": {"type": "Darwin", "name": "Mac OS X", "architecture": "aarch64", "version": "26.4.1"}, "platform": "Java/Homebrew/21.0.12.1"} created with settings MongoClientSettings{readPreference=primary, writeConcern=WriteConcern{w=null, wTimeout=null ms, journal=null}, retryWrites=true, retryReads=true, readConcern=ReadConcern{level=null}, credential=null, transportSettings=null, commandListeners=[io.micrometer.core.instrument.binder.mongodb.MongoMetricsCommandListener@6c1d5ba5], codecRegistry=ProvidersCodecRegistry{codecProviders=[ValueCodecProvider{}, BsonValueCodecProvider{}, DBRefCodecProvider{}, DBObjectCodecProvider{}, DocumentCodecProvider{}, CollectionCodecProvider{}, IterableCodecProvider{}, MapCodecProvider{}, GeoJsonCodecProvider{}, GridFSFileCodecProvider{}, Jsr310CodecProvider{}, JsonObjectCodecProvider{}, BsonCodecProvider{}, EnumCodecProvider{}, com.mongodb.client.model.mql.ExpressionCodecProvider@12946090, com.mongodb.Jep395RecordCodecProvider@2a7235ef, com.mongodb.KotlinCodecProvider@387eca32]}, loggerSettings=LoggerSettings{maxDocumentLength=1000}, clusterSettings={hosts=[localhost:56933], srvServiceName=mongodb, mode=SINGLE, requiredClusterType=UNKNOWN, requiredReplicaSetName='null', serverSelector='null', clusterListeners='[]', serverSelectionTimeout='30000 ms', localThreshold='15 ms'}, socketSettings=SocketSettings{connectTimeoutMS=10000, readTimeoutMS=0, receiveBufferSize=0, proxySettings=ProxySettings{host=null, port=null, username=null, password=null}}, heartbeatSocketSettings=SocketSettings{connectTimeoutMS=10000, readTimeoutMS=10000, receiveBufferSize=0, proxySettings=ProxySettings{host=null, port=null, username=null, password=null}}, connectionPoolSettings=ConnectionPoolSettings{maxSize=100, minSize=0, maxWaitTimeMS=120000, maxConnectionLifeTimeMS=0, maxConnectionIdleTimeMS=0, maintenanceInitialDelayMS=0, maintenanceFrequencyMS=60000, connectionPoolListeners=[io.micrometer.core.instrument.binder.mongodb.MongoMetricsConnectionPoolListener@9579e75], maxConnecting=2}, serverSettings=ServerSettings{heartbeatFrequencyMS=10000, minHeartbeatFrequencyMS=500, serverMonitoringMode=AUTO, serverListeners='[]', serverMonitorListeners='[]'}, sslSettings=SslSettings{enabled=false, invalidHostNameAllowed=false, context=null}, applicationName='null', compressorList=[], uuidRepresentation=JAVA_LEGACY, serverApi=null, autoEncryptionSettings=null, dnsClient=null, inetAddressResolver=null, contextProvider=null, timeoutMS=null}
2026-09-26T09:01:18.551+02:00  INFO 5705 --- [agilityhub-core-api] [localhost:56933] org.mongodb.driver.cluster               : Monitor thread successfully connected to server with description ServerDescription{address=localhost:56933, type=REPLICA_SET_PRIMARY, cryptd=false, state=CONNECTED, ok=true, minWireVersion=0, maxWireVersion=21, maxDocumentSize=16777216, logicalSessionTimeoutMinutes=30, roundTripTimeNanos=1523750, minRoundTripTimeNanos=0, setName='docker-rs', canonicalAddress=3c6a0b8b2ac9:27017, hosts=[3c6a0b8b2ac9:27017], passives=[], arbiters=[], primary='3c6a0b8b2ac9:27017', tagSet=TagSet{[]}, electionId=7fffffff0000000000000001, setVersion=1, topologyVersion=TopologyVersion{processId=6ab76db467aae930b9de5244, counter=6}, lastWriteDate=Sat Sep 26 09:01:14 CEST 2026, lastUpdateTimeNanos=209883791913458}
2026-09-26T09:01:19.060+02:00  INFO 5705 --- [agilityhub-core-api] [           main] c.a.core.configuration.E5PersistenceIT   : Started E5PersistenceIT in 0.753 seconds (process running for 12.29)
[INFO] Tests run: 7, Failures: 0, Errors: 0, Skipped: 0, Time elapsed: 1.013 s -- in com.agilityhub.core.configuration.E5PersistenceIT
[INFO] Running com.agilityhub.core.clubs.catalogs.application.CatalogServiceRetryTest
[INFO] Tests run: 4, Failures: 0, Errors: 0, Skipped: 0, Time elapsed: 0.337 s -- in com.agilityhub.core.clubs.catalogs.application.CatalogServiceRetryTest
[INFO] Running com.agilityhub.core.clubs.census.api.SignupSecurityFixesIT
2026-09-26T09:01:19.665+02:00  INFO 5705 --- [agilityhub-core-api] [           main] t.c.s.AnnotationConfigContextLoaderUtils : Could not detect default configuration classes for test class [com.agilityhub.core.clubs.census.api.SignupSecurityFixesIT]: SignupSecurityFixesIT does not declare any static, non-private, non-final, nested classes annotated with @Configuration.
2026-09-26T09:01:19.739+02:00  INFO 5705 --- [agilityhub-core-api] [           main] .b.t.c.SpringBootTestContextBootstrapper : Found @SpringBootConfiguration com.agilityhub.core.CoreApplication for test class com.agilityhub.core.clubs.census.api.SignupSecurityFixesIT

  .   ____          _            __ _ _
 /\\ / ___'_ __ _ _(_)_ __  __ _ \ \ \ \
( ( )\___ | '_ | '_| | '_ \/ _` | \ \ \ \
 \\/  ___)| |_)| | | | | || (_| |  ) ) ) )
  '  |____| .__|_| |_|_| |_\__, | / / / /
 =========|_|==============|___/=/_/_/_/

 :: Spring Boot ::               (v3.5.16)

2026-09-26T09:01:19.777+02:00  INFO 5705 --- [agilityhub-core-api] [           main] c.a.c.c.c.api.SignupSecurityFixesIT      : Starting SignupSecurityFixesIT using Java 21.0.12.1 with PID 5705 (started by jordib in /Users/jordib/dev/agilityhub/agilityhub-core-api)
2026-09-26T09:01:19.777+02:00  INFO 5705 --- [agilityhub-core-api] [           main] c.a.c.c.c.api.SignupSecurityFixesIT      : The following 1 profile is active: "test"
2026-09-26T09:01:20.195+02:00  INFO 5705 --- [agilityhub-core-api] [           main] .s.d.r.c.RepositoryConfigurationDelegate : Bootstrapping Spring Data MongoDB repositories in DEFAULT mode.
2026-09-26T09:01:20.228+02:00  INFO 5705 --- [agilityhub-core-api] [           main] .s.d.r.c.RepositoryConfigurationDelegate : Finished Spring Data repository scanning in 29 ms. Found 0 MongoDB repository interfaces.
2026-09-26T09:01:20.345+02:00  INFO 5705 --- [agilityhub-core-api] [           main] org.mongodb.driver.client                : MongoClient with metadata {"driver": {"name": "mongo-java-driver|sync|spring-boot", "version": "5.5.2"}, "os": {"type": "Darwin", "name": "Mac OS X", "architecture": "aarch64", "version": "26.4.1"}, "platform": "Java/Homebrew/21.0.12.1"} created with settings MongoClientSettings{readPreference=primary, writeConcern=WriteConcern{w=null, wTimeout=null ms, journal=null}, retryWrites=true, retryReads=true, readConcern=ReadConcern{level=null}, credential=null, transportSettings=null, commandListeners=[io.micrometer.core.instrument.binder.mongodb.MongoMetricsCommandListener@1dc00f06], codecRegistry=ProvidersCodecRegistry{codecProviders=[ValueCodecProvider{}, BsonValueCodecProvider{}, DBRefCodecProvider{}, DBObjectCodecProvider{}, DocumentCodecProvider{}, CollectionCodecProvider{}, IterableCodecProvider{}, MapCodecProvider{}, GeoJsonCodecProvider{}, GridFSFileCodecProvider{}, Jsr310CodecProvider{}, JsonObjectCodecProvider{}, BsonCodecProvider{}, EnumCodecProvider{}, com.mongodb.client.model.mql.ExpressionCodecProvider@12946090, com.mongodb.Jep395RecordCodecProvider@2a7235ef, com.mongodb.KotlinCodecProvider@387eca32]}, loggerSettings=LoggerSettings{maxDocumentLength=1000}, clusterSettings={hosts=[localhost:56933], srvServiceName=mongodb, mode=SINGLE, requiredClusterType=UNKNOWN, requiredReplicaSetName='null', serverSelector='null', clusterListeners='[]', serverSelectionTimeout='30000 ms', localThreshold='15 ms'}, socketSettings=SocketSettings{connectTimeoutMS=10000, readTimeoutMS=0, receiveBufferSize=0, proxySettings=ProxySettings{host=null, port=null, username=null, password=null}}, heartbeatSocketSettings=SocketSettings{connectTimeoutMS=10000, readTimeoutMS=10000, receiveBufferSize=0, proxySettings=ProxySettings{host=null, port=null, username=null, password=null}}, connectionPoolSettings=ConnectionPoolSettings{maxSize=100, minSize=0, maxWaitTimeMS=120000, maxConnectionLifeTimeMS=0, maxConnectionIdleTimeMS=0, maintenanceInitialDelayMS=0, maintenanceFrequencyMS=60000, connectionPoolListeners=[io.micrometer.core.instrument.binder.mongodb.MongoMetricsConnectionPoolListener@38137145], maxConnecting=2}, serverSettings=ServerSettings{heartbeatFrequencyMS=10000, minHeartbeatFrequencyMS=500, serverMonitoringMode=AUTO, serverListeners='[]', serverMonitorListeners='[]'}, sslSettings=SslSettings{enabled=false, invalidHostNameAllowed=false, context=null}, applicationName='null', compressorList=[], uuidRepresentation=JAVA_LEGACY, serverApi=null, autoEncryptionSettings=null, dnsClient=null, inetAddressResolver=null, contextProvider=null, timeoutMS=null}
2026-09-26T09:01:20.347+02:00  INFO 5705 --- [agilityhub-core-api] [localhost:56933] org.mongodb.driver.cluster               : Monitor thread successfully connected to server with description ServerDescription{address=localhost:56933, type=REPLICA_SET_PRIMARY, cryptd=false, state=CONNECTED, ok=true, minWireVersion=0, maxWireVersion=21, maxDocumentSize=16777216, logicalSessionTimeoutMinutes=30, roundTripTimeNanos=2934666, minRoundTripTimeNanos=0, setName='docker-rs', canonicalAddress=3c6a0b8b2ac9:27017, hosts=[3c6a0b8b2ac9:27017], passives=[], arbiters=[], primary='3c6a0b8b2ac9:27017', tagSet=TagSet{[]}, electionId=7fffffff0000000000000001, setVersion=1, topologyVersion=TopologyVersion{processId=6ab76db467aae930b9de5244, counter=6}, lastWriteDate=Sat Sep 26 09:01:19 CEST 2026, lastUpdateTimeNanos=209885587964541}
2026-09-26T09:01:21.645+02:00  INFO 5705 --- [agilityhub-core-api] [           main] o.s.b.t.m.w.SpringBootMockServletContext : Initializing Spring TestDispatcherServlet ''
2026-09-26T09:01:21.645+02:00  INFO 5705 --- [agilityhub-core-api] [           main] o.s.t.web.servlet.TestDispatcherServlet  : Initializing Servlet ''
2026-09-26T09:01:21.646+02:00  INFO 5705 --- [agilityhub-core-api] [           main] o.s.t.web.servlet.TestDispatcherServlet  : Completed initialization in 0 ms
2026-09-26T09:01:21.663+02:00  INFO 5705 --- [agilityhub-core-api] [           main] c.a.c.c.c.api.SignupSecurityFixesIT      : Started SignupSecurityFixesIT in 1.921 seconds (process running for 14.893)
2026-09-26T09:01:22.503+02:00  INFO 5705 --- [agilityhub-core-api] [           main] c.a.c.c.c.persistence.CensusPersistence  : Dog.nameKey migrated for 1 dogs
2026-09-26T09:01:24.304+02:00  INFO 5705 --- [agilityhub-core-api] [           main] c.a.c.c.c.a.SignupNotifications          : Signup notification capped per recipient code=N-39 clubId=sec-dcbf4c10-daf7-4f6e-9e61-a5862fd93839 recipientHash=jmDAMqhbG_6IYwpJTixJXHHD20N018T3La4F3MpslSU
2026-09-26T09:01:24.324+02:00  INFO 5705 --- [agilityhub-core-api] [           main] c.a.c.c.c.a.SignupNotifications          : Signup notification capped per recipient code=N-39 clubId=sec-dcbf4c10-daf7-4f6e-9e61-a5862fd93839 recipientHash=jmDAMqhbG_6IYwpJTixJXHHD20N018T3La4F3MpslSU
2026-09-26T09:01:24.831+02:00  INFO 5705 --- [agilityhub-core-api] [           main] c.a.c.c.c.a.SignupNotifications          : Signup notification capped per recipient code=N-39 clubId=sec-bb632dc6-96f7-4491-ba26-bc8d4ec2fc67 recipientHash=zDhhs0UeXroaxUHMMS7OJxVFssavBdPw9w_OQ8WP2bM
2026-09-26T09:01:24.872+02:00  INFO 5705 --- [agilityhub-core-api] [           main] c.a.c.c.c.a.SignupNotifications          : Signup notification capped per recipient code=N-39 clubId=sec-bb632dc6-96f7-4491-ba26-bc8d4ec2fc67 recipientHash=zDhhs0UeXroaxUHMMS7OJxVFssavBdPw9w_OQ8WP2bM
2026-09-26T09:01:25.327+02:00  INFO 5705 --- [agilityhub-core-api] [           main] c.a.c.c.c.a.SignupNotifications          : Signup notification capped per recipient code=N-01 clubId=sec-bb632dc6-96f7-4491-ba26-bc8d4ec2fc67 recipientHash=hBV2rB3M4k_HOmoUgkUFxS_xinwJm5Bwmsljpj-20MM
2026-09-26T09:01:25.367+02:00  INFO 5705 --- [agilityhub-core-api] [           main] c.a.c.c.c.a.SignupNotifications          : Signup notification capped per recipient code=N-01 clubId=sec-bb632dc6-96f7-4491-ba26-bc8d4ec2fc67 recipientHash=hBV2rB3M4k_HOmoUgkUFxS_xinwJm5Bwmsljpj-20MM
2026-09-26T09:01:25.400+02:00  INFO 5705 --- [agilityhub-core-api] [           main] c.a.c.c.c.a.SignupNotifications          : Signup notification capped per recipient code=N-01 clubId=sec-bb632dc6-96f7-4491-ba26-bc8d4ec2fc67 recipientHash=hBV2rB3M4k_HOmoUgkUFxS_xinwJm5Bwmsljpj-20MM
2026-09-26T09:01:28.104+02:00  WARN 5705 --- [agilityhub-core-api] [           main] c.a.core.shared.api.ApiExceptionHandler  : Framework request rejected code=VALIDATION_ERROR traceId=270a17f9-a184-48d6-b1fd-fd9669e6037a
2026-09-26T09:01:28.107+02:00  WARN 5705 --- [agilityhub-core-api] [           main] c.a.core.shared.api.ApiExceptionHandler  : Framework request rejected code=VALIDATION_ERROR traceId=d1ca1744-ca3d-4838-98d5-2fdda6cec3cc
2026-09-26T09:01:28.109+02:00  WARN 5705 --- [agilityhub-core-api] [           main] c.a.core.shared.api.ApiExceptionHandler  : Framework request rejected code=VALIDATION_ERROR traceId=e87cb8da-7880-46d3-95d6-90d649481b5e
2026-09-26T09:01:28.112+02:00  WARN 5705 --- [agilityhub-core-api] [           main] c.a.core.shared.api.ApiExceptionHandler  : Framework request rejected code=VALIDATION_ERROR traceId=a4cd0ab4-c28a-4f88-b67b-9b60d957a314
2026-09-26T09:01:28.117+02:00  WARN 5705 --- [agilityhub-core-api] [           main] c.a.core.shared.api.ApiExceptionHandler  : Framework request rejected code=VALIDATION_ERROR traceId=de7a79a1-10a9-4559-99ff-f82dc6fa49cf
[INFO] Tests run: 38, Failures: 0, Errors: 0, Skipped: 0, Time elapsed: 14.17 s -- in com.agilityhub.core.clubs.census.api.SignupSecurityFixesIT
[INFO] Running com.agilityhub.core.clubs.census.api.SignupGateFixesIT
2026-09-26T09:01:33.831+02:00  INFO 5705 --- [agilityhub-core-api] [           main] t.c.s.AnnotationConfigContextLoaderUtils : Could not detect default configuration classes for test class [com.agilityhub.core.clubs.census.api.SignupGateFixesIT]: SignupGateFixesIT does not declare any static, non-private, non-final, nested classes annotated with @Configuration.
2026-09-26T09:01:33.832+02:00  INFO 5705 --- [agilityhub-core-api] [           main] .b.t.c.SpringBootTestContextBootstrapper : Found @SpringBootConfiguration com.agilityhub.core.CoreApplication for test class com.agilityhub.core.clubs.census.api.SignupGateFixesIT
[INFO] Tests run: 23, Failures: 0, Errors: 0, Skipped: 0, Time elapsed: 5.451 s -- in com.agilityhub.core.clubs.census.api.SignupGateFixesIT
[INFO] Running com.agilityhub.core.platform.application.definition.ClubDefinitionsIT
2026-09-26T09:01:39.284+02:00  INFO 5705 --- [agilityhub-core-api] [           main] t.c.s.AnnotationConfigContextLoaderUtils : Could not detect default configuration classes for test class [com.agilityhub.core.platform.application.definition.ClubDefinitionsIT]: ClubDefinitionsIT does not declare any static, non-private, non-final, nested classes annotated with @Configuration.
2026-09-26T09:01:39.312+02:00  INFO 5705 --- [agilityhub-core-api] [           main] .b.t.c.SpringBootTestContextBootstrapper : Found @SpringBootConfiguration com.agilityhub.core.CoreApplication for test class com.agilityhub.core.platform.application.definition.ClubDefinitionsIT

  .   ____          _            __ _ _
 /\\ / ___'_ __ _ _(_)_ __  __ _ \ \ \ \
( ( )\___ | '_ | '_| | '_ \/ _` | \ \ \ \
 \\/  ___)| |_)| | | | | || (_| |  ) ) ) )
  '  |____| .__|_| |_|_| |_\__, | / / / /
 =========|_|==============|___/=/_/_/_/

 :: Spring Boot ::               (v3.5.16)

2026-09-26T09:01:39.322+02:00  INFO 5705 --- [agilityhub-core-api] [           main] c.a.c.p.a.definition.ClubDefinitionsIT   : Starting ClubDefinitionsIT using Java 21.0.12.1 with PID 5705 (started by jordib in /Users/jordib/dev/agilityhub/agilityhub-core-api)
2026-09-26T09:01:39.322+02:00  INFO 5705 --- [agilityhub-core-api] [           main] c.a.c.p.a.definition.ClubDefinitionsIT   : The following 1 profile is active: "test"
2026-09-26T09:01:39.669+02:00  INFO 5705 --- [agilityhub-core-api] [           main] .s.d.r.c.RepositoryConfigurationDelegate : Bootstrapping Spring Data MongoDB repositories in DEFAULT mode.
2026-09-26T09:01:39.689+02:00  INFO 5705 --- [agilityhub-core-api] [           main] .s.d.r.c.RepositoryConfigurationDelegate : Finished Spring Data repository scanning in 19 ms. Found 0 MongoDB repository interfaces.
2026-09-26T09:01:39.729+02:00  INFO 5705 --- [agilityhub-core-api] [           main] org.mongodb.driver.client                : MongoClient with metadata {"driver": {"name": "mongo-java-driver|sync|spring-boot", "version": "5.5.2"}, "os": {"type": "Darwin", "name": "Mac OS X", "architecture": "aarch64", "version": "26.4.1"}, "platform": "Java/Homebrew/21.0.12.1"} created with settings MongoClientSettings{readPreference=primary, writeConcern=WriteConcern{w=null, wTimeout=null ms, journal=null}, retryWrites=true, retryReads=true, readConcern=ReadConcern{level=null}, credential=null, transportSettings=null, commandListeners=[io.micrometer.core.instrument.binder.mongodb.MongoMetricsCommandListener@2631ee0e], codecRegistry=ProvidersCodecRegistry{codecProviders=[ValueCodecProvider{}, BsonValueCodecProvider{}, DBRefCodecProvider{}, DBObjectCodecProvider{}, DocumentCodecProvider{}, CollectionCodecProvider{}, IterableCodecProvider{}, MapCodecProvider{}, GeoJsonCodecProvider{}, GridFSFileCodecProvider{}, Jsr310CodecProvider{}, JsonObjectCodecProvider{}, BsonCodecProvider{}, EnumCodecProvider{}, com.mongodb.client.model.mql.ExpressionCodecProvider@12946090, com.mongodb.Jep395RecordCodecProvider@2a7235ef, com.mongodb.KotlinCodecProvider@387eca32]}, loggerSettings=LoggerSettings{maxDocumentLength=1000}, clusterSettings={hosts=[localhost:56933], srvServiceName=mongodb, mode=SINGLE, requiredClusterType=UNKNOWN, requiredReplicaSetName='null', serverSelector='null', clusterListeners='[]', serverSelectionTimeout='30000 ms', localThreshold='15 ms'}, socketSettings=SocketSettings{connectTimeoutMS=10000, readTimeoutMS=0, receiveBufferSize=0, proxySettings=ProxySettings{host=null, port=null, username=null, password=null}}, heartbeatSocketSettings=SocketSettings{connectTimeoutMS=10000, readTimeoutMS=10000, receiveBufferSize=0, proxySettings=ProxySettings{host=null, port=null, username=null, password=null}}, connectionPoolSettings=ConnectionPoolSettings{maxSize=100, minSize=0, maxWaitTimeMS=120000, maxConnectionLifeTimeMS=0, maxConnectionIdleTimeMS=0, maintenanceInitialDelayMS=0, maintenanceFrequencyMS=60000, connectionPoolListeners=[io.micrometer.core.instrument.binder.mongodb.MongoMetricsConnectionPoolListener@3e3c9fc8], maxConnecting=2}, serverSettings=ServerSettings{heartbeatFrequencyMS=10000, minHeartbeatFrequencyMS=500, serverMonitoringMode=AUTO, serverListeners='[]', serverMonitorListeners='[]'}, sslSettings=SslSettings{enabled=false, invalidHostNameAllowed=false, context=null}, applicationName='null', compressorList=[], uuidRepresentation=JAVA_LEGACY, serverApi=null, autoEncryptionSettings=null, dnsClient=null, inetAddressResolver=null, contextProvider=null, timeoutMS=null}
2026-09-26T09:01:39.732+02:00  INFO 5705 --- [agilityhub-core-api] [localhost:56933] org.mongodb.driver.cluster               : Monitor thread successfully connected to server with description ServerDescription{address=localhost:56933, type=REPLICA_SET_PRIMARY, cryptd=false, state=CONNECTED, ok=true, minWireVersion=0, maxWireVersion=21, maxDocumentSize=16777216, logicalSessionTimeoutMinutes=30, roundTripTimeNanos=1791458, minRoundTripTimeNanos=0, setName='docker-rs', canonicalAddress=3c6a0b8b2ac9:27017, hosts=[3c6a0b8b2ac9:27017], passives=[], arbiters=[], primary='3c6a0b8b2ac9:27017', tagSet=TagSet{[]}, electionId=7fffffff0000000000000001, setVersion=1, topologyVersion=TopologyVersion{processId=6ab76db467aae930b9de5244, counter=6}, lastWriteDate=Sat Sep 26 09:01:39 CEST 2026, lastUpdateTimeNanos=209904972098166}
2026-09-26T09:01:40.205+02:00  INFO 5705 --- [agilityhub-core-api] [           main] o.s.b.t.m.w.SpringBootMockServletContext : Initializing Spring TestDispatcherServlet ''
2026-09-26T09:01:40.205+02:00  INFO 5705 --- [agilityhub-core-api] [           main] o.s.t.web.servlet.TestDispatcherServlet  : Initializing Servlet ''
2026-09-26T09:01:40.205+02:00  INFO 5705 --- [agilityhub-core-api] [           main] o.s.t.web.servlet.TestDispatcherServlet  : Completed initialization in 0 ms
2026-09-26T09:01:40.213+02:00  INFO 5705 --- [agilityhub-core-api] [           main] c.a.c.p.a.definition.ClubDefinitionsIT   : Started ClubDefinitionsIT in 0.899 seconds (process running for 33.443)
2026-09-26T09:01:40.245+02:00  INFO 5705 --- [agilityhub-core-api] [           main] c.a.c.c.c.persistence.CensusPersistence  : Dog.nameKey migrated for 31 dogs
[INFO] Tests run: 17, Failures: 0, Errors: 0, Skipped: 0, Time elapsed: 14.16 s -- in com.agilityhub.core.platform.application.definition.ClubDefinitionsIT
[INFO] Running com.agilityhub.core.shared.application.TransactionRetriesTest
[INFO] Tests run: 2, Failures: 0, Errors: 0, Skipped: 0, Time elapsed: 0.001 s -- in com.agilityhub.core.shared.application.TransactionRetriesTest
[INFO] 
[INFO] Results:
[INFO] 
[INFO] Tests run: 110, Failures: 0, Errors: 0, Skipped: 0
[INFO] 
[INFO] ------------------------------------------------------------------------
[INFO] BUILD SUCCESS
[INFO] ------------------------------------------------------------------------
[INFO] Total time:  48.308 s
[INFO] Finished at: 2026-09-26T09:01:54+02:00
[INFO] ------------------------------------------------------------------------
