NAME             IMAGE        COMMAND                  SERVICE   CREATED              STATUS                        PORTS
e3-t06-api-1     e3-t06-api   "java -jar /app/app.…"   api       About a minute ago   Up 54 seconds (healthy)       127.0.0.1:18080->18080/tcp
e3-t06-mongo-1   mongo:7      "docker-entrypoint.s…"   mongo     About a minute ago   Up About a minute (healthy)   127.0.0.1:27018->27017/tcp
HTTP/1.1 200
Vary: Origin
Vary: Access-Control-Request-Method
Vary: Access-Control-Request-Headers
Content-Language: ca
X-Content-Type-Options: nosniff
X-XSS-Protection: 0
Cache-Control: no-cache, no-store, max-age=0, must-revalidate
Pragma: no-cache
Expires: 0
X-Frame-Options: DENY
Content-Security-Policy: default-src 'self'; object-src 'none'; frame-ancestors 'none'; base-uri 'self'; form-action 'self'
Referrer-Policy: strict-origin-when-cross-origin
Content-Type: application/json
Transfer-Encoding: chunked
Date: Thu, 10 Sep 2026 04:58:07 GMT

{"status":"UP","version":"0.1.0-SNAPSHOT","builtAt":"2026-09-10T04:56:18.585Z"}HTTP/1.1 200
Vary: Origin
Vary: Access-Control-Request-Method
Vary: Access-Control-Request-Headers
Content-Language: ca
X-Content-Type-Options: nosniff
X-XSS-Protection: 0
Cache-Control: no-cache, no-store, max-age=0, must-revalidate
Pragma: no-cache
Expires: 0
X-Frame-Options: DENY
Content-Security-Policy: default-src 'self'; object-src 'none'; frame-ancestors 'none'; base-uri 'self'; form-action 'self'
Referrer-Policy: strict-origin-when-cross-origin
Content-Type: application/json
Transfer-Encoding: chunked
Date: Thu, 10 Sep 2026 04:58:07 GMT

{"status":"UP","version":"0.1.0-SNAPSHOT","builtAt":"2026-09-10T04:56:18.585Z"}HTTP/1.1 404
Vary: Origin
Vary: Access-Control-Request-Method
Vary: Access-Control-Request-Headers
X-Content-Type-Options: nosniff
X-XSS-Protection: 0
Cache-Control: no-cache, no-store, max-age=0, must-revalidate
Pragma: no-cache
Expires: 0
X-Frame-Options: DENY
Content-Security-Policy: default-src 'self'; object-src 'none'; frame-ancestors 'none'; base-uri 'self'; form-action 'self'
Referrer-Policy: strict-origin-when-cross-origin
Content-Type: application/json
Content-Length: 141
Date: Thu, 10 Sep 2026 04:58:07 GMT

{"code":"UNKNOWN_HOST","message":"No hi ha cap club associat a aquest domini.","details":{},"traceId":"1d006269-7078-4327-ae37-6afe0c6a5d21"}[
  {
    collection: 'accounts',
    documents: 0
  },
  {
    collection: 'attachments',
    documents: 0
  },
  {
    collection: 'audit_entries',
    documents: 0
  },
  {
    collection: 'catalog_write_locks',
    documents: 0
  },
  {
    collection: 'club_pages',
    documents: 0
  },
  {
    collection: 'clubs',
    documents: 0
  },
  {
    collection: 'dog_documents',
    documents: 0
  },
  {
    collection: 'dogs',
    documents: 0
  },
  {
    collection: 'domain_events',
    documents: 0
  },
  {
    collection: 'export_account_locks',
    documents: 0
  },
  {
    collection: 'export_jobs',
    documents: 0
  },
  {
    collection: 'export_write_locks',
    documents: 0
  },
  {
    collection: 'family_groups',
    documents: 0
  },
  {
    collection: 'faq_entries',
    documents: 0
  },
  {
    collection: 'handoff_codes',
    documents: 0
  },
  {
    collection: 'idempotency_records',
    documents: 0
  },
  {
    collection: 'impersonation_grants',
    documents: 0
  },
  {
    collection: 'instructors',
    documents: 0
  },
  {
    collection: 'levels',
    documents: 0
  },
  {
    collection: 'magic_link_tokens',
    documents: 0
  },
  {
    collection: 'members',
    documents: 0
  },
  {
    collection: 'memberships',
    documents: 0
  },
  {
    collection: 'notifications',
    documents: 0
  },
  {
    collection: 'oidc_browser_sessions',
    documents: 0
  },
  {
    collection: 'oidc_codes',
    documents: 0
  },
  {
    collection: 'oidc_flows',
    documents: 0
  },
  {
    collection: 'parameters',
    documents: 0
  },
  {
    collection: 'plans',
    documents: 0
  },
  {
    collection: 'prices',
    documents: 0
  },
  {
    collection: 'refresh_tokens',
    documents: 0
  },
  {
    collection: 'rings',
    documents: 0
  },
  {
    collection: 'saved_views',
    documents: 0
  },
  {
    collection: 'security_events',
    documents: 0
  },
  {
    collection: 'sendgrid_webhook_receipts',
    documents: 0
  },
  {
    collection: 'team_write_locks',
    documents: 0
  }
]
