11:07:59.444 [main] INFO org.testcontainers.images.PullPolicy -- Image pull policy will be performed by: DefaultPullPolicy()
11:07:59.446 [main] INFO org.testcontainers.utility.ImageNameSubstitutor -- Image name substitution will be performed by: DefaultImageNameSubstitutor (composite of 'ConfigurationFileImageNameSubstitutor' and 'PrefixingImageNameSubstitutor')
11:07:59.449 [main] INFO org.testcontainers.DockerClientFactory -- Testcontainers version: 1.21.4
11:07:59.518 [main] INFO org.testcontainers.dockerclient.DockerClientProviderStrategy -- Loaded org.testcontainers.dockerclient.UnixSocketClientProviderStrategy from ~/.testcontainers.properties, will try it first
11:07:59.638 [main] INFO org.testcontainers.dockerclient.DockerClientProviderStrategy -- Found Docker environment with local Unix socket (unix:///var/run/docker.sock)
11:07:59.639 [main] INFO org.testcontainers.DockerClientFactory -- Docker host IP address is localhost
11:07:59.646 [main] INFO org.testcontainers.DockerClientFactory -- Connected to docker: 
  Server Version: 29.7.2
  API Version: 1.55
  Operating System: Docker Desktop
  Total Memory: 7931 MB
  Labels: 
    com.docker.desktop.address=unix:///Users/jordib/Library/Containers/com.docker.docker/Data/docker-cli.sock
11:07:59.794 [main] INFO tc.testcontainers/ryuk:0.12.0 -- Creating container for image: testcontainers/ryuk:0.12.0
11:07:59.842 [main] INFO org.testcontainers.utility.RegistryAuthLocator -- Credential helper/store (docker-credential-desktop) does not have credentials for https://index.docker.io/v1/
11:07:59.892 [main] INFO tc.testcontainers/ryuk:0.12.0 -- Container testcontainers/ryuk:0.12.0 is starting: cbac6d1537d7c0f83a3cf82404190a7070b3eac7fa32f56e94251ff7d7db1e6b
11:08:00.024 [main] INFO tc.testcontainers/ryuk:0.12.0 -- Container testcontainers/ryuk:0.12.0 started in PT0.230505S
11:08:00.027 [main] INFO org.testcontainers.utility.RyukResourceReaper -- Ryuk started - will monitor and terminate Testcontainers containers on JVM exit
11:08:00.027 [main] INFO org.testcontainers.DockerClientFactory -- Checking the system...
11:08:00.027 [main] INFO org.testcontainers.DockerClientFactory -- ✔︎ Docker server version should be at least 1.6.0
11:08:00.028 [main] INFO tc.mongo:7 -- Creating container for image: mongo:7
11:08:00.056 [main] INFO tc.mongo:7 -- Container mongo:7 is starting: ee592a1abd7f24bc902066c2f70ccf9836a5ee9172b30634b00868682d135d04
11:08:00.515 [main] INFO tc.mongo:7 -- Container mongo:7 started in PT0.487131S
Integration JVM availableProcessors=18
11:08:00.984 [main] INFO org.springframework.test.context.support.AnnotationConfigContextLoaderUtils -- Could not detect default configuration classes for test class [com.agilityhub.core.configuration.E3ContractIT]: E3ContractIT does not declare any static, non-private, non-final, nested classes annotated with @Configuration.
11:08:01.057 [main] INFO org.springframework.boot.test.context.SpringBootTestContextBootstrapper -- Found @SpringBootConfiguration com.agilityhub.core.CoreApplication for test class com.agilityhub.core.configuration.E3ContractIT

  .   ____          _            __ _ _
 /\\ / ___'_ __ _ _(_)_ __  __ _ \ \ \ \
( ( )\___ | '_ | '_| | '_ \/ _` | \ \ \ \
 \\/  ___)| |_)| | | | | || (_| |  ) ) ) )
  '  |____| .__|_| |_|_| |_\__, | / / / /
 =========|_|==============|___/=/_/_/_/

 :: Spring Boot ::               (v3.5.16)

2026-09-25T11:08:01.198+02:00  INFO 94230 --- [agilityhub-core-api] [           main] c.a.core.configuration.E3ContractIT      : Starting E3ContractIT using Java 21.0.12.1 with PID 94230 (started by jordib in /Users/jordib/dev/agilityhub/agilityhub-core-api)
2026-09-25T11:08:01.199+02:00  INFO 94230 --- [agilityhub-core-api] [           main] c.a.core.configuration.E3ContractIT      : The following 1 profile is active: "test"
2026-09-25T11:08:01.800+02:00  INFO 94230 --- [agilityhub-core-api] [           main] .s.d.r.c.RepositoryConfigurationDelegate : Bootstrapping Spring Data MongoDB repositories in DEFAULT mode.
2026-09-25T11:08:01.836+02:00  INFO 94230 --- [agilityhub-core-api] [           main] .s.d.r.c.RepositoryConfigurationDelegate : Finished Spring Data repository scanning in 33 ms. Found 0 MongoDB repository interfaces.
2026-09-25T11:08:02.115+02:00  INFO 94230 --- [agilityhub-core-api] [           main] org.mongodb.driver.client                : MongoClient with metadata {"driver": {"name": "mongo-java-driver|sync|spring-boot", "version": "5.5.2"}, "os": {"type": "Darwin", "name": "Mac OS X", "architecture": "aarch64", "version": "26.4.1"}, "platform": "Java/Homebrew/21.0.12.1"} created with settings MongoClientSettings{readPreference=primary, writeConcern=WriteConcern{w=null, wTimeout=null ms, journal=null}, retryWrites=true, retryReads=true, readConcern=ReadConcern{level=null}, credential=null, transportSettings=null, commandListeners=[io.micrometer.core.instrument.binder.mongodb.MongoMetricsCommandListener@56887c8f], codecRegistry=ProvidersCodecRegistry{codecProviders=[ValueCodecProvider{}, BsonValueCodecProvider{}, DBRefCodecProvider{}, DBObjectCodecProvider{}, DocumentCodecProvider{}, CollectionCodecProvider{}, IterableCodecProvider{}, MapCodecProvider{}, GeoJsonCodecProvider{}, GridFSFileCodecProvider{}, Jsr310CodecProvider{}, JsonObjectCodecProvider{}, BsonCodecProvider{}, EnumCodecProvider{}, com.mongodb.client.model.mql.ExpressionCodecProvider@3b1895e, com.mongodb.Jep395RecordCodecProvider@3083e6ef, com.mongodb.KotlinCodecProvider@6d57b264]}, loggerSettings=LoggerSettings{maxDocumentLength=1000}, clusterSettings={hosts=[localhost:51121], srvServiceName=mongodb, mode=SINGLE, requiredClusterType=UNKNOWN, requiredReplicaSetName='null', serverSelector='null', clusterListeners='[]', serverSelectionTimeout='30000 ms', localThreshold='15 ms'}, socketSettings=SocketSettings{connectTimeoutMS=10000, readTimeoutMS=0, receiveBufferSize=0, proxySettings=ProxySettings{host=null, port=null, username=null, password=null}}, heartbeatSocketSettings=SocketSettings{connectTimeoutMS=10000, readTimeoutMS=10000, receiveBufferSize=0, proxySettings=ProxySettings{host=null, port=null, username=null, password=null}}, connectionPoolSettings=ConnectionPoolSettings{maxSize=100, minSize=0, maxWaitTimeMS=120000, maxConnectionLifeTimeMS=0, maxConnectionIdleTimeMS=0, maintenanceInitialDelayMS=0, maintenanceFrequencyMS=60000, connectionPoolListeners=[io.micrometer.core.instrument.binder.mongodb.MongoMetricsConnectionPoolListener@782ed745], maxConnecting=2}, serverSettings=ServerSettings{heartbeatFrequencyMS=10000, minHeartbeatFrequencyMS=500, serverMonitoringMode=AUTO, serverListeners='[]', serverMonitorListeners='[]'}, sslSettings=SslSettings{enabled=false, invalidHostNameAllowed=false, context=null}, applicationName='null', compressorList=[], uuidRepresentation=JAVA_LEGACY, serverApi=null, autoEncryptionSettings=null, dnsClient=null, inetAddressResolver=null, contextProvider=null, timeoutMS=null}
2026-09-25T11:08:02.121+02:00  INFO 94230 --- [agilityhub-core-api] [localhost:51121] org.mongodb.driver.cluster               : Monitor thread successfully connected to server with description ServerDescription{address=localhost:51121, type=REPLICA_SET_PRIMARY, cryptd=false, state=CONNECTED, ok=true, minWireVersion=0, maxWireVersion=21, maxDocumentSize=16777216, logicalSessionTimeoutMinutes=30, roundTripTimeNanos=9928875, minRoundTripTimeNanos=0, setName='docker-rs', canonicalAddress=ee592a1abd7f:27017, hosts=[ee592a1abd7f:27017], passives=[], arbiters=[], primary='ee592a1abd7f:27017', tagSet=TagSet{[]}, electionId=7fffffff0000000000000001, setVersion=1, topologyVersion=TopologyVersion{processId=6ab639f064b7384fb0fa01a4, counter=6}, lastWriteDate=Fri Sep 25 11:08:00 CEST 2026, lastUpdateTimeNanos=154154457614875}
2026-09-25T11:08:04.175+02:00  INFO 94230 --- [agilityhub-core-api] [           main] o.s.b.t.m.w.SpringBootMockServletContext : Initializing Spring TestDispatcherServlet ''
2026-09-25T11:08:04.175+02:00  INFO 94230 --- [agilityhub-core-api] [           main] o.s.t.web.servlet.TestDispatcherServlet  : Initializing Servlet ''
2026-09-25T11:08:04.175+02:00  INFO 94230 --- [agilityhub-core-api] [           main] o.s.t.web.servlet.TestDispatcherServlet  : Completed initialization in 0 ms
2026-09-25T11:08:04.196+02:00  INFO 94230 --- [agilityhub-core-api] [           main] c.a.core.configuration.E3ContractIT      : Started E3ContractIT in 3.104 seconds (process running for 5.052)
Mockito is currently self-attaching to enable the inline-mock-maker. This will no longer work in future releases of the JDK. Please add Mockito as an agent to your build as described in Mockito's documentation: https://javadoc.io/doc/org.mockito/mockito-core/latest/org.mockito/org/mockito/Mockito.html#0.3
WARNING: A Java agent has been loaded dynamically (/Users/jordib/.m2/repository/net/bytebuddy/byte-buddy-agent/1.17.8/byte-buddy-agent-1.17.8.jar)
WARNING: If a serviceability tool is in use, please run with -XX:+EnableDynamicAgentLoading to hide this warning
WARNING: If a serviceability tool is not in use, please run with -Djdk.instrument.traceUsage for more information
WARNING: Dynamic loading of agents will be disallowed by default in a future release
OpenJDK 64-Bit Server VM warning: Sharing is only supported for boot loader classes because bootstrap classpath has been appended
2026-09-25T11:08:05.689+02:00  WARN 94230 --- [agilityhub-core-api] [           main] c.a.core.shared.api.ApiExceptionHandler  : Framework request rejected status=400 code=VALIDATION_ERROR traceId=d06d2757-009d-4892-b16d-b33171bd05c0
2026-09-25T11:08:05.700+02:00  WARN 94230 --- [agilityhub-core-api] [           main] c.a.core.shared.api.ApiExceptionHandler  : Framework request rejected status=400 code=VALIDATION_ERROR traceId=ea6af2b6-c718-4a6f-b81f-cdaf67cf40df
2026-09-25T11:08:06.860+02:00  INFO 94230 --- [agilityhub-core-api] [           main] o.springdoc.api.AbstractOpenApiResource  : Init duration for springdoc-openapi is: 1136 ms
2026-09-25T11:08:07.016+02:00  WARN 94230 --- [agilityhub-core-api] [           main] c.n.schema.UnknownKeywordFactory         : Unknown keyword components - you should define your own Meta Schema. If the keyword is irrelevant for validation, just use a NonValidationKeyword or if it should generate annotations AnnotationKeyword
[ERROR] Tests run: 3, Failures: 1, Errors: 0, Skipped: 0, Time elapsed: 0.038 s <<< FAILURE! -- in com.agilityhub.core.configuration.OpenApiNullableEnumContractTest
[ERROR] com.agilityhub.core.configuration.OpenApiNullableEnumContractTest.E3_T10_theDocumentWriterAddsNullToTheEnumOfNullableSchemasOnly -- Time elapsed: 0.007 s <<< FAILURE!
org.opentest4j.AssertionFailedError: 

expected: "["A","B"]"
 but was: "["A","B",null]"
	at com.agilityhub.core.configuration.OpenApiNullableEnumContractTest.E3_T10_theDocumentWriterAddsNullToTheEnumOfNullableSchemasOnly(OpenApiNullableEnumContractTest.java:70)
	at java.base/java.lang.reflect.Method.invoke(Method.java:580)
	at java.base/java.util.ArrayList.forEach(ArrayList.java:1596)
	at java.base/java.util.ArrayList.forEach(ArrayList.java:1596)

2026-09-25T11:08:07.018+02:00  INFO 94230 --- [agilityhub-core-api] [           main] t.c.s.AnnotationConfigContextLoaderUtils : Could not detect default configuration classes for test class [com.agilityhub.core.clubs.census.api.SignupSecurityFixesIT]: SignupSecurityFixesIT does not declare any static, non-private, non-final, nested classes annotated with @Configuration.
2026-09-25T11:08:07.051+02:00  INFO 94230 --- [agilityhub-core-api] [           main] .b.t.c.SpringBootTestContextBootstrapper : Found @SpringBootConfiguration com.agilityhub.core.CoreApplication for test class com.agilityhub.core.clubs.census.api.SignupSecurityFixesIT

  .   ____          _            __ _ _
 /\\ / ___'_ __ _ _(_)_ __  __ _ \ \ \ \
( ( )\___ | '_ | '_| | '_ \/ _` | \ \ \ \
 \\/  ___)| |_)| | | | | || (_| |  ) ) ) )
  '  |____| .__|_| |_|_| |_\__, | / / / /
 =========|_|==============|___/=/_/_/_/

 :: Spring Boot ::               (v3.5.16)

2026-09-25T11:08:07.065+02:00  INFO 94230 --- [agilityhub-core-api] [           main] c.a.c.c.c.api.SignupSecurityFixesIT      : Starting SignupSecurityFixesIT using Java 21.0.12.1 with PID 94230 (started by jordib in /Users/jordib/dev/agilityhub/agilityhub-core-api)
2026-09-25T11:08:07.065+02:00  INFO 94230 --- [agilityhub-core-api] [           main] c.a.c.c.c.api.SignupSecurityFixesIT      : The following 1 profile is active: "test"
2026-09-25T11:08:07.251+02:00  INFO 94230 --- [agilityhub-core-api] [           main] .s.d.r.c.RepositoryConfigurationDelegate : Bootstrapping Spring Data MongoDB repositories in DEFAULT mode.
2026-09-25T11:08:07.272+02:00  INFO 94230 --- [agilityhub-core-api] [           main] .s.d.r.c.RepositoryConfigurationDelegate : Finished Spring Data repository scanning in 20 ms. Found 0 MongoDB repository interfaces.
2026-09-25T11:08:07.317+02:00  INFO 94230 --- [agilityhub-core-api] [           main] org.mongodb.driver.client                : MongoClient with metadata {"driver": {"name": "mongo-java-driver|sync|spring-boot", "version": "5.5.2"}, "os": {"type": "Darwin", "name": "Mac OS X", "architecture": "aarch64", "version": "26.4.1"}, "platform": "Java/Homebrew/21.0.12.1"} created with settings MongoClientSettings{readPreference=primary, writeConcern=WriteConcern{w=null, wTimeout=null ms, journal=null}, retryWrites=true, retryReads=true, readConcern=ReadConcern{level=null}, credential=null, transportSettings=null, commandListeners=[io.micrometer.core.instrument.binder.mongodb.MongoMetricsCommandListener@69886465], codecRegistry=ProvidersCodecRegistry{codecProviders=[ValueCodecProvider{}, BsonValueCodecProvider{}, DBRefCodecProvider{}, DBObjectCodecProvider{}, DocumentCodecProvider{}, CollectionCodecProvider{}, IterableCodecProvider{}, MapCodecProvider{}, GeoJsonCodecProvider{}, GridFSFileCodecProvider{}, Jsr310CodecProvider{}, JsonObjectCodecProvider{}, BsonCodecProvider{}, EnumCodecProvider{}, com.mongodb.client.model.mql.ExpressionCodecProvider@3b1895e, com.mongodb.Jep395RecordCodecProvider@3083e6ef, com.mongodb.KotlinCodecProvider@6d57b264]}, loggerSettings=LoggerSettings{maxDocumentLength=1000}, clusterSettings={hosts=[localhost:51121], srvServiceName=mongodb, mode=SINGLE, requiredClusterType=UNKNOWN, requiredReplicaSetName='null', serverSelector='null', clusterListeners='[]', serverSelectionTimeout='30000 ms', localThreshold='15 ms'}, socketSettings=SocketSettings{connectTimeoutMS=10000, readTimeoutMS=0, receiveBufferSize=0, proxySettings=ProxySettings{host=null, port=null, username=null, password=null}}, heartbeatSocketSettings=SocketSettings{connectTimeoutMS=10000, readTimeoutMS=10000, receiveBufferSize=0, proxySettings=ProxySettings{host=null, port=null, username=null, password=null}}, connectionPoolSettings=ConnectionPoolSettings{maxSize=100, minSize=0, maxWaitTimeMS=120000, maxConnectionLifeTimeMS=0, maxConnectionIdleTimeMS=0, maintenanceInitialDelayMS=0, maintenanceFrequencyMS=60000, connectionPoolListeners=[io.micrometer.core.instrument.binder.mongodb.MongoMetricsConnectionPoolListener@776a572b], maxConnecting=2}, serverSettings=ServerSettings{heartbeatFrequencyMS=10000, minHeartbeatFrequencyMS=500, serverMonitoringMode=AUTO, serverListeners='[]', serverMonitorListeners='[]'}, sslSettings=SslSettings{enabled=false, invalidHostNameAllowed=false, context=null}, applicationName='null', compressorList=[], uuidRepresentation=JAVA_LEGACY, serverApi=null, autoEncryptionSettings=null, dnsClient=null, inetAddressResolver=null, contextProvider=null, timeoutMS=null}
2026-09-25T11:08:07.319+02:00  INFO 94230 --- [agilityhub-core-api] [localhost:51121] org.mongodb.driver.cluster               : Monitor thread successfully connected to server with description ServerDescription{address=localhost:51121, type=REPLICA_SET_PRIMARY, cryptd=false, state=CONNECTED, ok=true, minWireVersion=0, maxWireVersion=21, maxDocumentSize=16777216, logicalSessionTimeoutMinutes=30, roundTripTimeNanos=1424042, minRoundTripTimeNanos=0, setName='docker-rs', canonicalAddress=ee592a1abd7f:27017, hosts=[ee592a1abd7f:27017], passives=[], arbiters=[], primary='ee592a1abd7f:27017', tagSet=TagSet{[]}, electionId=7fffffff0000000000000001, setVersion=1, topologyVersion=TopologyVersion{processId=6ab639f064b7384fb0fa01a4, counter=6}, lastWriteDate=Fri Sep 25 11:08:05 CEST 2026, lastUpdateTimeNanos=154159656678041}
2026-09-25T11:08:07.828+02:00  INFO 94230 --- [agilityhub-core-api] [           main] o.s.b.t.m.w.SpringBootMockServletContext : Initializing Spring TestDispatcherServlet ''
2026-09-25T11:08:07.828+02:00  INFO 94230 --- [agilityhub-core-api] [           main] o.s.t.web.servlet.TestDispatcherServlet  : Initializing Servlet ''
2026-09-25T11:08:07.829+02:00  INFO 94230 --- [agilityhub-core-api] [           main] o.s.t.web.servlet.TestDispatcherServlet  : Completed initialization in 1 ms
2026-09-25T11:08:07.841+02:00  INFO 94230 --- [agilityhub-core-api] [           main] c.a.c.c.c.api.SignupSecurityFixesIT      : Started SignupSecurityFixesIT in 0.788 seconds (process running for 8.696)
2026-09-25T11:08:08.125+02:00  INFO 94230 --- [agilityhub-core-api] [           main] c.a.c.c.c.persistence.CensusPersistence  : Dog.nameKey migrated for 1 dogs
2026-09-25T11:08:08.773+02:00  INFO 94230 --- [agilityhub-core-api] [           main] c.a.c.c.c.a.SignupNotifications          : Signup notification capped per recipient code=N-39 clubId=sec-07973f02-a1d1-417e-8f84-d2e5197eb560 recipientHash=y5rc0UEmRz17p2HPR4I7tLw8xSwvTkJHjAtQ7Nm3fFE
2026-09-25T11:08:08.778+02:00  INFO 94230 --- [agilityhub-core-api] [           main] c.a.c.c.c.a.SignupNotifications          : Signup notification capped per recipient code=N-39 clubId=sec-07973f02-a1d1-417e-8f84-d2e5197eb560 recipientHash=y5rc0UEmRz17p2HPR4I7tLw8xSwvTkJHjAtQ7Nm3fFE
2026-09-25T11:08:08.992+02:00  INFO 94230 --- [agilityhub-core-api] [           main] c.a.c.c.c.a.SignupNotifications          : Signup notification capped per recipient code=N-39 clubId=sec-aed8af0b-c4e6-4584-ad9e-fb3780121c79 recipientHash=BriNWsDZtncZ6cfcFCyNJY51F1iSM9FT231bP8GCMV4
2026-09-25T11:08:09.000+02:00  INFO 94230 --- [agilityhub-core-api] [           main] c.a.c.c.c.a.SignupNotifications          : Signup notification capped per recipient code=N-39 clubId=sec-aed8af0b-c4e6-4584-ad9e-fb3780121c79 recipientHash=BriNWsDZtncZ6cfcFCyNJY51F1iSM9FT231bP8GCMV4
2026-09-25T11:08:09.198+02:00  INFO 94230 --- [agilityhub-core-api] [           main] c.a.c.c.c.a.SignupNotifications          : Signup notification capped per recipient code=N-01 clubId=sec-aed8af0b-c4e6-4584-ad9e-fb3780121c79 recipientHash=nRYVsQZtdzY3xtcIa18vINroi6MNnuWANMvOudyi3vg
2026-09-25T11:08:09.208+02:00  INFO 94230 --- [agilityhub-core-api] [           main] c.a.c.c.c.a.SignupNotifications          : Signup notification capped per recipient code=N-01 clubId=sec-aed8af0b-c4e6-4584-ad9e-fb3780121c79 recipientHash=nRYVsQZtdzY3xtcIa18vINroi6MNnuWANMvOudyi3vg
2026-09-25T11:08:09.218+02:00  INFO 94230 --- [agilityhub-core-api] [           main] c.a.c.c.c.a.SignupNotifications          : Signup notification capped per recipient code=N-01 clubId=sec-aed8af0b-c4e6-4584-ad9e-fb3780121c79 recipientHash=nRYVsQZtdzY3xtcIa18vINroi6MNnuWANMvOudyi3vg
2026-09-25T11:08:10.025+02:00  WARN 94230 --- [agilityhub-core-api] [           main] c.a.core.shared.api.ApiExceptionHandler  : Framework request rejected code=VALIDATION_ERROR traceId=4783c408-3279-4b14-a3e0-3e44b4100ddf
2026-09-25T11:08:10.027+02:00  WARN 94230 --- [agilityhub-core-api] [           main] c.a.core.shared.api.ApiExceptionHandler  : Framework request rejected code=VALIDATION_ERROR traceId=3af4ad6e-a367-4ef2-8b7d-a0908f80b8df
2026-09-25T11:08:10.028+02:00  WARN 94230 --- [agilityhub-core-api] [           main] c.a.core.shared.api.ApiExceptionHandler  : Framework request rejected code=VALIDATION_ERROR traceId=5b8fd72d-4e95-4d5c-9182-e07767f154ed
2026-09-25T11:08:10.030+02:00  WARN 94230 --- [agilityhub-core-api] [           main] c.a.core.shared.api.ApiExceptionHandler  : Framework request rejected code=VALIDATION_ERROR traceId=b4c45e3b-3df7-4555-8bca-40a61372a7a0
2026-09-25T11:08:10.033+02:00  WARN 94230 --- [agilityhub-core-api] [           main] c.a.core.shared.api.ApiExceptionHandler  : Framework request rejected code=VALIDATION_ERROR traceId=ac8972d8-5817-407c-b036-5927ae023870
2026-09-25T11:08:11.359+02:00  INFO 94230 --- [agilityhub-core-api] [           main] t.c.s.AnnotationConfigContextLoaderUtils : Could not detect default configuration classes for test class [com.agilityhub.core.clubs.census.api.SignupFollowUpFixesIT]: SignupFollowUpFixesIT does not declare any static, non-private, non-final, nested classes annotated with @Configuration.
2026-09-25T11:08:11.360+02:00  INFO 94230 --- [agilityhub-core-api] [           main] .b.t.c.SpringBootTestContextBootstrapper : Found @SpringBootConfiguration com.agilityhub.core.CoreApplication for test class com.agilityhub.core.clubs.census.api.SignupFollowUpFixesIT
2026-09-25T11:08:11.522+02:00  INFO 94230 --- [agilityhub-core-api] [           main] c.a.c.c.c.a.SignupNotifications          : Signup notification capped per recipient code=N-01 clubId=fu-afeec83d-6443-46eb-b06b-337d4d95b859 recipientHash=izJ6s6CbqoCzhfsFlLtNRt4ptVx-qTCku4AmMnLSOFE
2026-09-25T11:08:11.778+02:00  INFO 94230 --- [agilityhub-core-api] [           main] c.a.c.c.c.a.SignupNotifications          : Signup notification capped per recipient code=N-01 clubId=fu-5c38d141-c492-48a7-8fcc-1735483283af recipientHash=Hsbi9B3_VUVumgWIyOTb4AwPJCVqWwS3vQmeMOc_204
2026-09-25T11:08:12.683+02:00  INFO 94230 --- [agilityhub-core-api] [           main] t.c.s.AnnotationConfigContextLoaderUtils : Could not detect default configuration classes for test class [com.agilityhub.core.clubs.census.api.SignupIT]: SignupIT does not declare any static, non-private, non-final, nested classes annotated with @Configuration.
2026-09-25T11:08:12.684+02:00  INFO 94230 --- [agilityhub-core-api] [           main] .b.t.c.SpringBootTestContextBootstrapper : Found @SpringBootConfiguration com.agilityhub.core.CoreApplication for test class com.agilityhub.core.clubs.census.api.SignupIT
2026-09-25T11:08:12.695+02:00  INFO 94230 --- [agilityhub-core-api] [           main] c.a.core.shared.api.IdempotencyFilter    : Signup honeypot traceId=9d92402c-8ae9-4a44-b56a-6a073f735193 clubId=sgn-a25eb2e3-6da1-448e-a844-3c399d4bce0d ipHash=ONg9g93jgNnvzmh6PkHDofNX7TWNd20W5sqlH3sA5q0
2026-09-25T11:08:13.946+02:00  WARN 94230 --- [agilityhub-core-api] [           main] c.a.core.shared.api.ApiExceptionHandler  : Framework request rejected code=VALIDATION_ERROR traceId=e2590298-6850-46e9-9a5d-272c9a4ea9e4
2026-09-25T11:08:13.948+02:00  INFO 94230 --- [agilityhub-core-api] [           main] c.a.core.shared.api.IdempotencyFilter    : Signup honeypot traceId=c656753b-22f6-4840-9109-b2ca5afd4bba clubId=sgn-67865873-0076-4e96-8230-e65ff1cf3ff5 ipHash=ONg9g93jgNnvzmh6PkHDofNX7TWNd20W5sqlH3sA5q0
2026-09-25T11:08:13.949+02:00  INFO 94230 --- [agilityhub-core-api] [           main] c.a.core.shared.api.IdempotencyFilter    : Signup honeypot traceId=bf407eba-1549-452c-91e4-9cb053ce41a7 clubId=sgn-67865873-0076-4e96-8230-e65ff1cf3ff5 ipHash=ONg9g93jgNnvzmh6PkHDofNX7TWNd20W5sqlH3sA5q0
2026-09-25T11:08:13.949+02:00  INFO 94230 --- [agilityhub-core-api] [           main] c.a.core.shared.api.IdempotencyFilter    : Signup honeypot traceId=6845a801-9296-43a1-9572-b9f2faca02a6 clubId=sgn-67865873-0076-4e96-8230-e65ff1cf3ff5 ipHash=ONg9g93jgNnvzmh6PkHDofNX7TWNd20W5sqlH3sA5q0
2026-09-25T11:08:13.950+02:00  INFO 94230 --- [agilityhub-core-api] [           main] c.a.core.shared.api.IdempotencyFilter    : Signup honeypot traceId=d7581ba5-b680-4606-8724-1744dd66325d clubId=sgn-67865873-0076-4e96-8230-e65ff1cf3ff5 ipHash=ONg9g93jgNnvzmh6PkHDofNX7TWNd20W5sqlH3sA5q0
2026-09-25T11:08:13.950+02:00  INFO 94230 --- [agilityhub-core-api] [           main] c.a.core.shared.api.IdempotencyFilter    : Signup honeypot traceId=10642889-9cb1-4259-b1fc-9647a5a74b6c clubId=sgn-67865873-0076-4e96-8230-e65ff1cf3ff5 ipHash=ONg9g93jgNnvzmh6PkHDofNX7TWNd20W5sqlH3sA5q0
2026-09-25T11:08:13.950+02:00  INFO 94230 --- [agilityhub-core-api] [           main] c.a.core.shared.api.IdempotencyFilter    : Signup honeypot traceId=554a77b5-f597-4ad8-8a94-dc2ffc92959f clubId=sgn-67865873-0076-4e96-8230-e65ff1cf3ff5 ipHash=ONg9g93jgNnvzmh6PkHDofNX7TWNd20W5sqlH3sA5q0
2026-09-25T11:08:13.951+02:00  INFO 94230 --- [agilityhub-core-api] [           main] c.a.core.shared.api.IdempotencyFilter    : Signup honeypot traceId=b9e585f7-02ef-427e-9820-89475ba5ac82 clubId=sgn-67865873-0076-4e96-8230-e65ff1cf3ff5 ipHash=ONg9g93jgNnvzmh6PkHDofNX7TWNd20W5sqlH3sA5q0
2026-09-25T11:08:13.951+02:00  INFO 94230 --- [agilityhub-core-api] [           main] c.a.core.shared.api.IdempotencyFilter    : Signup honeypot traceId=b48801ec-e3ec-4b08-b483-6a9356231dc0 clubId=sgn-67865873-0076-4e96-8230-e65ff1cf3ff5 ipHash=ONg9g93jgNnvzmh6PkHDofNX7TWNd20W5sqlH3sA5q0
2026-09-25T11:08:13.952+02:00  INFO 94230 --- [agilityhub-core-api] [           main] c.a.core.shared.api.IdempotencyFilter    : Signup honeypot traceId=954522ea-34e5-4d4d-af99-87c85c977e6e clubId=sgn-67865873-0076-4e96-8230-e65ff1cf3ff5 ipHash=ONg9g93jgNnvzmh6PkHDofNX7TWNd20W5sqlH3sA5q0
2026-09-25T11:08:13.952+02:00  INFO 94230 --- [agilityhub-core-api] [           main] c.a.core.shared.api.IdempotencyFilter    : Signup honeypot traceId=81bf6a6c-4f4f-430f-a86a-28c6d4438416 clubId=sgn-67865873-0076-4e96-8230-e65ff1cf3ff5 ipHash=ONg9g93jgNnvzmh6PkHDofNX7TWNd20W5sqlH3sA5q0
2026-09-25T11:08:13.952+02:00  INFO 94230 --- [agilityhub-core-api] [           main] c.a.core.shared.api.IdempotencyFilter    : Signup honeypot traceId=d18b611f-19c3-48b7-947e-abd869feb3e9 clubId=sgn-67865873-0076-4e96-8230-e65ff1cf3ff5 ipHash=ONg9g93jgNnvzmh6PkHDofNX7TWNd20W5sqlH3sA5q0
2026-09-25T11:08:13.953+02:00  INFO 94230 --- [agilityhub-core-api] [           main] c.a.core.shared.api.IdempotencyFilter    : Signup honeypot traceId=5099dda0-cba7-4d72-bb36-c706f11e42fe clubId=sgn-67865873-0076-4e96-8230-e65ff1cf3ff5 ipHash=ONg9g93jgNnvzmh6PkHDofNX7TWNd20W5sqlH3sA5q0
2026-09-25T11:08:13.953+02:00  INFO 94230 --- [agilityhub-core-api] [           main] c.a.core.shared.api.IdempotencyFilter    : Signup honeypot traceId=6ec2f036-fbdc-4b6f-95f8-ef42e5aa40f0 clubId=sgn-67865873-0076-4e96-8230-e65ff1cf3ff5 ipHash=ONg9g93jgNnvzmh6PkHDofNX7TWNd20W5sqlH3sA5q0
2026-09-25T11:08:13.953+02:00  INFO 94230 --- [agilityhub-core-api] [           main] c.a.core.shared.api.IdempotencyFilter    : Signup honeypot traceId=29f218ff-51ef-4417-93d9-b846d9c323dd clubId=sgn-67865873-0076-4e96-8230-e65ff1cf3ff5 ipHash=ONg9g93jgNnvzmh6PkHDofNX7TWNd20W5sqlH3sA5q0
2026-09-25T11:08:13.954+02:00  INFO 94230 --- [agilityhub-core-api] [           main] c.a.core.shared.api.IdempotencyFilter    : Signup honeypot traceId=7e387217-3ab4-47b8-99a5-d47015790950 clubId=sgn-67865873-0076-4e96-8230-e65ff1cf3ff5 ipHash=ONg9g93jgNnvzmh6PkHDofNX7TWNd20W5sqlH3sA5q0
2026-09-25T11:08:13.954+02:00  INFO 94230 --- [agilityhub-core-api] [           main] c.a.core.shared.api.IdempotencyFilter    : Signup honeypot traceId=a80e267c-8cf8-48c6-94ae-c3020239df21 clubId=sgn-67865873-0076-4e96-8230-e65ff1cf3ff5 ipHash=ONg9g93jgNnvzmh6PkHDofNX7TWNd20W5sqlH3sA5q0
2026-09-25T11:08:13.954+02:00  INFO 94230 --- [agilityhub-core-api] [           main] c.a.core.shared.api.IdempotencyFilter    : Signup honeypot traceId=bc99e691-2d23-4473-9bdd-5d1ffcdd804f clubId=sgn-67865873-0076-4e96-8230-e65ff1cf3ff5 ipHash=ONg9g93jgNnvzmh6PkHDofNX7TWNd20W5sqlH3sA5q0
2026-09-25T11:08:13.955+02:00  INFO 94230 --- [agilityhub-core-api] [           main] c.a.core.shared.api.IdempotencyFilter    : Signup honeypot traceId=8d97fd71-c4dc-41d7-8d90-a972b44daea8 clubId=sgn-67865873-0076-4e96-8230-e65ff1cf3ff5 ipHash=ONg9g93jgNnvzmh6PkHDofNX7TWNd20W5sqlH3sA5q0
2026-09-25T11:08:13.955+02:00  INFO 94230 --- [agilityhub-core-api] [           main] c.a.core.shared.api.IdempotencyFilter    : Signup honeypot traceId=fad397df-8819-4c65-839e-888795dfc256 clubId=sgn-67865873-0076-4e96-8230-e65ff1cf3ff5 ipHash=ONg9g93jgNnvzmh6PkHDofNX7TWNd20W5sqlH3sA5q0
2026-09-25T11:08:13.965+02:00  INFO 94230 --- [agilityhub-core-api] [           main] c.a.core.shared.api.IdempotencyFilter    : Signup honeypot traceId=adac5116-14af-48f8-b2b1-18a65c2886b4 clubId=sgn-c48f9d95-0d13-45c9-a9c3-42ada77e9bff ipHash=ONg9g93jgNnvzmh6PkHDofNX7TWNd20W5sqlH3sA5q0
2026-09-25T11:08:13.965+02:00  INFO 94230 --- [agilityhub-core-api] [           main] c.a.core.shared.api.IdempotencyFilter    : Signup honeypot traceId=dab5aa28-cad9-48f3-9b39-69555113858d clubId=sgn-c48f9d95-0d13-45c9-a9c3-42ada77e9bff ipHash=ONg9g93jgNnvzmh6PkHDofNX7TWNd20W5sqlH3sA5q0
2026-09-25T11:08:13.966+02:00  INFO 94230 --- [agilityhub-core-api] [           main] c.a.core.shared.api.IdempotencyFilter    : Signup honeypot traceId=c5ddb366-6d20-4b20-948c-7a2975bdbdff clubId=sgn-c48f9d95-0d13-45c9-a9c3-42ada77e9bff ipHash=ONg9g93jgNnvzmh6PkHDofNX7TWNd20W5sqlH3sA5q0
2026-09-25T11:08:13.966+02:00  INFO 94230 --- [agilityhub-core-api] [           main] c.a.core.shared.api.IdempotencyFilter    : Signup honeypot traceId=a0fa8f46-58d4-4b6a-8024-b8e0d5b1eb20 clubId=sgn-c48f9d95-0d13-45c9-a9c3-42ada77e9bff ipHash=ONg9g93jgNnvzmh6PkHDofNX7TWNd20W5sqlH3sA5q0
2026-09-25T11:08:13.966+02:00  INFO 94230 --- [agilityhub-core-api] [           main] c.a.core.shared.api.IdempotencyFilter    : Signup honeypot traceId=0fce0e13-0f52-414f-8710-cca71e0d542f clubId=sgn-c48f9d95-0d13-45c9-a9c3-42ada77e9bff ipHash=ONg9g93jgNnvzmh6PkHDofNX7TWNd20W5sqlH3sA5q0
E5-T07 outbox backlog discarded before SignupIT: 137 PENDING records (more than one dispatch() batch)
2026-09-25T11:08:16.791+02:00  INFO 94230 --- [agilityhub-core-api] [           main] t.c.s.AnnotationConfigContextLoaderUtils : Could not detect default configuration classes for test class [com.agilityhub.core.clubs.census.api.SignupGateFixesIT]: SignupGateFixesIT does not declare any static, non-private, non-final, nested classes annotated with @Configuration.
2026-09-25T11:08:16.792+02:00  INFO 94230 --- [agilityhub-core-api] [           main] .b.t.c.SpringBootTestContextBootstrapper : Found @SpringBootConfiguration com.agilityhub.core.CoreApplication for test class com.agilityhub.core.clubs.census.api.SignupGateFixesIT
2026-09-25T11:08:20.380+02:00  INFO 94230 --- [agilityhub-core-api] [           main] t.c.s.AnnotationConfigContextLoaderUtils : Could not detect default configuration classes for test class [com.agilityhub.core.clubs.census.api.SignupMinorFixesIT]: SignupMinorFixesIT does not declare any static, non-private, non-final, nested classes annotated with @Configuration.
2026-09-25T11:08:20.381+02:00  INFO 94230 --- [agilityhub-core-api] [           main] .b.t.c.SpringBootTestContextBootstrapper : Found @SpringBootConfiguration com.agilityhub.core.CoreApplication for test class com.agilityhub.core.clubs.census.api.SignupMinorFixesIT
2026-09-25T11:08:22.812+02:00  INFO 94230 --- [agilityhub-core-api] [           main] t.c.s.AnnotationConfigContextLoaderUtils : Could not detect default configuration classes for test class [com.agilityhub.core.platform.application.CacheInvalidationRaceIT]: CacheInvalidationRaceIT does not declare any static, non-private, non-final, nested classes annotated with @Configuration.
2026-09-25T11:08:22.839+02:00  INFO 94230 --- [agilityhub-core-api] [           main] .b.t.c.SpringBootTestContextBootstrapper : Found @SpringBootConfiguration com.agilityhub.core.CoreApplication for test class com.agilityhub.core.platform.application.CacheInvalidationRaceIT

  .   ____          _            __ _ _
 /\\ / ___'_ __ _ _(_)_ __  __ _ \ \ \ \
( ( )\___ | '_ | '_| | '_ \/ _` | \ \ \ \
 \\/  ___)| |_)| | | | | || (_| |  ) ) ) )
  '  |____| .__|_| |_|_| |_\__, | / / / /
 =========|_|==============|___/=/_/_/_/

 :: Spring Boot ::               (v3.5.16)

2026-09-25T11:08:22.848+02:00  INFO 94230 --- [agilityhub-core-api] [           main] c.a.c.p.a.CacheInvalidationRaceIT        : Starting CacheInvalidationRaceIT using Java 21.0.12.1 with PID 94230 (started by jordib in /Users/jordib/dev/agilityhub/agilityhub-core-api)
2026-09-25T11:08:22.849+02:00  INFO 94230 --- [agilityhub-core-api] [           main] c.a.c.p.a.CacheInvalidationRaceIT        : The following 1 profile is active: "test"
2026-09-25T11:08:23.025+02:00  INFO 94230 --- [agilityhub-core-api] [           main] .s.d.r.c.RepositoryConfigurationDelegate : Bootstrapping Spring Data MongoDB repositories in DEFAULT mode.
2026-09-25T11:08:23.043+02:00  INFO 94230 --- [agilityhub-core-api] [           main] .s.d.r.c.RepositoryConfigurationDelegate : Finished Spring Data repository scanning in 17 ms. Found 0 MongoDB repository interfaces.
2026-09-25T11:08:23.079+02:00  INFO 94230 --- [agilityhub-core-api] [           main] org.mongodb.driver.client                : MongoClient with metadata {"driver": {"name": "mongo-java-driver|sync|spring-boot", "version": "5.5.2"}, "os": {"type": "Darwin", "name": "Mac OS X", "architecture": "aarch64", "version": "26.4.1"}, "platform": "Java/Homebrew/21.0.12.1"} created with settings MongoClientSettings{readPreference=primary, writeConcern=WriteConcern{w=null, wTimeout=null ms, journal=null}, retryWrites=true, retryReads=true, readConcern=ReadConcern{level=null}, credential=null, transportSettings=null, commandListeners=[io.micrometer.core.instrument.binder.mongodb.MongoMetricsCommandListener@3238b87d], codecRegistry=ProvidersCodecRegistry{codecProviders=[ValueCodecProvider{}, BsonValueCodecProvider{}, DBRefCodecProvider{}, DBObjectCodecProvider{}, DocumentCodecProvider{}, CollectionCodecProvider{}, IterableCodecProvider{}, MapCodecProvider{}, GeoJsonCodecProvider{}, GridFSFileCodecProvider{}, Jsr310CodecProvider{}, JsonObjectCodecProvider{}, BsonCodecProvider{}, EnumCodecProvider{}, com.mongodb.client.model.mql.ExpressionCodecProvider@3b1895e, com.mongodb.Jep395RecordCodecProvider@3083e6ef, com.mongodb.KotlinCodecProvider@6d57b264]}, loggerSettings=LoggerSettings{maxDocumentLength=1000}, clusterSettings={hosts=[localhost:51121], srvServiceName=mongodb, mode=SINGLE, requiredClusterType=UNKNOWN, requiredReplicaSetName='null', serverSelector='null', clusterListeners='[]', serverSelectionTimeout='30000 ms', localThreshold='15 ms'}, socketSettings=SocketSettings{connectTimeoutMS=10000, readTimeoutMS=0, receiveBufferSize=0, proxySettings=ProxySettings{host=null, port=null, username=null, password=null}}, heartbeatSocketSettings=SocketSettings{connectTimeoutMS=10000, readTimeoutMS=10000, receiveBufferSize=0, proxySettings=ProxySettings{host=null, port=null, username=null, password=null}}, connectionPoolSettings=ConnectionPoolSettings{maxSize=100, minSize=0, maxWaitTimeMS=120000, maxConnectionLifeTimeMS=0, maxConnectionIdleTimeMS=0, maintenanceInitialDelayMS=0, maintenanceFrequencyMS=60000, connectionPoolListeners=[io.micrometer.core.instrument.binder.mongodb.MongoMetricsConnectionPoolListener@6475ea1d], maxConnecting=2}, serverSettings=ServerSettings{heartbeatFrequencyMS=10000, minHeartbeatFrequencyMS=500, serverMonitoringMode=AUTO, serverListeners='[]', serverMonitorListeners='[]'}, sslSettings=SslSettings{enabled=false, invalidHostNameAllowed=false, context=null}, applicationName='null', compressorList=[], uuidRepresentation=JAVA_LEGACY, serverApi=null, autoEncryptionSettings=null, dnsClient=null, inetAddressResolver=null, contextProvider=null, timeoutMS=null}
2026-09-25T11:08:23.081+02:00  INFO 94230 --- [agilityhub-core-api] [localhost:51121] org.mongodb.driver.cluster               : Monitor thread successfully connected to server with description ServerDescription{address=localhost:51121, type=REPLICA_SET_PRIMARY, cryptd=false, state=CONNECTED, ok=true, minWireVersion=0, maxWireVersion=21, maxDocumentSize=16777216, logicalSessionTimeoutMinutes=30, roundTripTimeNanos=1571875, minRoundTripTimeNanos=0, setName='docker-rs', canonicalAddress=ee592a1abd7f:27017, hosts=[ee592a1abd7f:27017], passives=[], arbiters=[], primary='ee592a1abd7f:27017', tagSet=TagSet{[]}, electionId=7fffffff0000000000000001, setVersion=1, topologyVersion=TopologyVersion{processId=6ab639f064b7384fb0fa01a4, counter=6}, lastWriteDate=Fri Sep 25 11:08:22 CEST 2026, lastUpdateTimeNanos=154175418394250}
2026-09-25T11:08:24.843+02:00  INFO 94230 --- [agilityhub-core-api] [           main] o.s.b.t.m.w.SpringBootMockServletContext : Initializing Spring TestDispatcherServlet ''
2026-09-25T11:08:24.844+02:00  INFO 94230 --- [agilityhub-core-api] [           main] o.s.t.web.servlet.TestDispatcherServlet  : Initializing Servlet ''
2026-09-25T11:08:24.846+02:00  INFO 94230 --- [agilityhub-core-api] [           main] o.s.t.web.servlet.TestDispatcherServlet  : Completed initialization in 2 ms
2026-09-25T11:08:24.865+02:00  INFO 94230 --- [agilityhub-core-api] [           main] c.a.c.p.a.CacheInvalidationRaceIT        : Started CacheInvalidationRaceIT in 2.025 seconds (process running for 25.72)
2026-09-25T11:08:24.951+02:00  INFO 94230 --- [agilityhub-core-api] [           main] c.a.c.c.c.persistence.CensusPersistence  : Dog.nameKey migrated for 31 dogs
[ERROR] Failures: 
[ERROR]   OpenApiNullableEnumContractTest.E3_T10_theDocumentWriterAddsNullToTheEnumOfNullableSchemasOnly:70 
expected: "["A","B"]"
 but was: "["A","B",null]"
[ERROR] Tests run: 127, Failures: 1, Errors: 0, Skipped: 0
[ERROR] Failed to execute goal org.apache.maven.plugins:maven-failsafe-plugin:3.5.6:verify (default) on project agilityhub-core-api: There are test failures.
[ERROR] 
[ERROR] See /Users/jordib/dev/agilityhub/agilityhub-core-api/target/failsafe-reports for the individual test results.
[ERROR] See dump files (if any exist) [date].dump, [date]-jvmRun[N].dump and [date].dumpstream.
[ERROR] -> [Help 1]
[ERROR] 
[ERROR] To see the full stack trace of the errors, re-run Maven with the -e switch.
[ERROR] Re-run Maven using the -X switch to enable full debug logging.
[ERROR] 
[ERROR] For more information about the errors and possible solutions, please read the following articles:
[ERROR] [Help 1] http://cwiki.apache.org/confluence/display/MAVEN/MojoFailureException
