09:37:12.370 [main] INFO org.springframework.test.context.support.AnnotationConfigContextLoaderUtils -- Could not detect default configuration classes for test class [com.agilityhub.core.clubs.census.api.SignupIT]: SignupIT does not declare any static, non-private, non-final, nested classes annotated with @Configuration.
09:37:12.515 [main] INFO org.springframework.boot.test.context.SpringBootTestContextBootstrapper -- Found @SpringBootConfiguration com.agilityhub.core.CoreApplication for test class com.agilityhub.core.clubs.census.api.SignupIT
09:37:12.607 [main] INFO org.testcontainers.images.PullPolicy -- Image pull policy will be performed by: DefaultPullPolicy()
09:37:12.608 [main] INFO org.testcontainers.utility.ImageNameSubstitutor -- Image name substitution will be performed by: DefaultImageNameSubstitutor (composite of 'ConfigurationFileImageNameSubstitutor' and 'PrefixingImageNameSubstitutor')
09:37:12.613 [main] INFO org.testcontainers.DockerClientFactory -- Testcontainers version: 1.21.4
09:37:12.977 [main] INFO org.testcontainers.dockerclient.DockerClientProviderStrategy -- Found Docker environment with local Unix socket (unix:///var/run/docker.sock)
09:37:12.978 [main] INFO org.testcontainers.DockerClientFactory -- Docker host IP address is localhost
09:37:12.990 [main] INFO org.testcontainers.DockerClientFactory -- Connected to docker: 
  Server Version: 29.7.2
  API Version: 1.55
  Operating System: Docker Desktop
  Total Memory: 7931 MB
  Labels: 
    com.docker.desktop.address=unix:///Users/jordib/Library/Containers/com.docker.docker/Data/docker-cli.sock
09:37:13.059 [main] INFO tc.testcontainers/ryuk:0.12.0 -- Creating container for image: testcontainers/ryuk:0.12.0
09:37:13.157 [main] INFO org.testcontainers.utility.RegistryAuthLocator -- Credential helper/store (docker-credential-desktop) does not have credentials for https://index.docker.io/v1/
09:37:13.221 [main] INFO tc.testcontainers/ryuk:0.12.0 -- Container testcontainers/ryuk:0.12.0 is starting: 4f2c…[truncated]
09:37:13.357 [main] INFO tc.testcontainers/ryuk:0.12.0 -- Container testcontainers/ryuk:0.12.0 started in PT0.297572S
09:37:13.361 [main] INFO org.testcontainers.utility.RyukResourceReaper -- Ryuk started - will monitor and terminate Testcontainers containers on JVM exit
09:37:13.361 [main] INFO org.testcontainers.DockerClientFactory -- Checking the system...
09:37:13.361 [main] INFO org.testcontainers.DockerClientFactory -- ✔︎ Docker server version should be at least 1.6.0
09:37:13.362 [main] INFO tc.mongo:7 -- Creating container for image: mongo:7
09:37:13.395 [main] INFO tc.mongo:7 -- Container mongo:7 is starting: 983a…[truncated]
09:37:13.773 [main] INFO tc.mongo:7 -- Container mongo:7 started in PT0.411641S

  .   ____          _            __ _ _
 /\\ / ___'_ __ _ _(_)_ __  __ _ \ \ \ \
( ( )\___ | '_ | '_| | '_ \/ _` | \ \ \ \
 \\/  ___)| |_)| | | | | || (_| |  ) ) ) )
  '  |____| .__|_| |_|_| |_\__, | / / / /
 =========|_|==============|___/=/_/_/_/

 :: Spring Boot ::               (v3.5.16)

2026-09-10T09:37:14.469+02:00  INFO 57939 --- [agilityhub-core-api] [           main] c.a.core.clubs.census.api.SignupIT       : Starting SignupIT using Java 21.0.12.1 with PID 57939 (started by jordib in /Users/jordib/dev/agilityhub/agilityhub-core-api)
2026-09-10T09:37:14.470+02:00  INFO 57939 --- [agilityhub-core-api] [           main] c.a.core.clubs.census.api.SignupIT       : The following 1 profile is active: "test"
2026-09-10T09:37:15.204+02:00  INFO 57939 --- [agilityhub-core-api] [           main] .s.d.r.c.RepositoryConfigurationDelegate : Bootstrapping Spring Data MongoDB repositories in DEFAULT mode.
2026-09-10T09:37:15.238+02:00  INFO 57939 --- [agilityhub-core-api] [           main] .s.d.r.c.RepositoryConfigurationDelegate : Finished Spring Data repository scanning in 26 ms. Found 0 MongoDB repository interfaces.
2026-09-10T09:37:15.624+02:00  INFO 57939 --- [agilityhub-core-api] [           main] org.mongodb.driver.client                : MongoClient with metadata {"driver": {"name": "mongo-java-driver|sync|spring-boot", "version": "5.5.2"}, "os": {"type": "Darwin", "name": "Mac OS X", "architecture": "aarch64", "version": "26.4.1"}, "platform": "Java/Homebrew/21.0.12.1"} created with settings MongoClientSettings{readPreference=primary, writeConcern=WriteConcern{w=null, wTimeout=null ms, journal=null}, retryWrites=true, retryReads=true, readConcern=ReadConcern{level=null}, credential=null, transportSettings=null, commandListeners=[io.micrometer.core.instrument.binder.mongodb.MongoMetricsCommandListener@5d7225b5], codecRegistry=ProvidersCodecRegistry{codecProviders=[ValueCodecProvider{}, BsonValueCodecProvider{}, DBRefCodecProvider{}, DBObjectCodecProvider{}, DocumentCodecProvider{}, CollectionCodecProvider{}, IterableCodecProvider{}, MapCodecProvider{}, GeoJsonCodecProvider{}, GridFSFileCodecProvider{}, Jsr310CodecProvider{}, JsonObjectCodecProvider{}, BsonCodecProvider{}, EnumCodecProvider{}, com.mongodb.client.model.mql.ExpressionCodecProvider@48d54b1c, com.mongodb.Jep395RecordCodecProvider@195a0de5, com.mongodb.KotlinCodecProvider@4ced30b9]}, loggerSettings=LoggerSettings{maxDocumentLength=1000}, clusterSettings={hosts=[localhost:53527], srvServiceName=mongodb, mode=SINGLE, requiredClusterType=UNKNOWN, requiredReplicaSetName='null', serverSelector='null', clusterListeners='[]', serverSelectionTimeout='30000 ms', localThreshold='15 ms'}, socketSettings=SocketSettings{connectTimeoutMS=10000, readTimeoutMS=0, receiveBufferSize=0, proxySettings=ProxySettings{host=null, port=null, username=null, password=null}}, heartbeatSocketSettings=SocketSettings{connectTimeoutMS=10000, readTimeoutMS=10000, receiveBufferSize=0, proxySettings=ProxySettings{host=null, port=null, username=null, password=null}}, connectionPoolSettings=ConnectionPoolSettings{maxSize=100, minSize=0, maxWaitTimeMS=120000, maxConnectionLifeTimeMS=0, maxConnectionIdleTimeMS=0, maintenanceInitialDelayMS=0, maintenanceFrequencyMS=60000, connectionPoolListeners=[io.micrometer.core.instrument.binder.mongodb.MongoMetricsConnectionPoolListener@fefb1c], maxConnecting=2}, serverSettings=ServerSettings{heartbeatFrequencyMS=10000, minHeartbeatFrequencyMS=500, serverMonitoringMode=AUTO, serverListeners='[]', serverMonitorListeners='[]'}, sslSettings=SslSettings{enabled=false, invalidHostNameAllowed=false, context=null}, applicationName='null', compressorList=[], uuidRepresentation=JAVA_LEGACY, serverApi=null, autoEncryptionSettings=null, dnsClient=null, inetAddressResolver=null, contextProvider=null, timeoutMS=null}
2026-09-10T09:37:15.631+02:00  INFO 57939 --- [agilityhub-core-api] [localhost:53527] org.mongodb.driver.cluster               : Monitor thread successfully connected to server with description ServerDescription{address=localhost:53527, type=REPLICA_SET_PRIMARY, cryptd=false, state=CONNECTED, ok=true, minWireVersion=0, maxWireVersion=21, maxDocumentSize=16777216, logicalSessionTimeoutMinutes=30, roundTripTimeNanos=11495542, minRoundTripTimeNanos=0, setName='docker-rs', canonicalAddress=983a68776009:27017, hosts=[983a68776009:27017], passives=[], arbiters=[], primary='983a68776009:27017', tagSet=TagSet{[]}, electionId=7fff…[truncated], setVersion=1, topologyVersion=TopologyVersion{processId=6aa2…[truncated], counter=6}, lastWriteDate=Thu Sep 10 09:37:14 CEST 2026, lastUpdateTimeNanos=145153148542291}
2026-09-10T09:37:17.749+02:00  INFO 57939 --- [agilityhub-core-api] [           main] o.s.b.t.m.w.SpringBootMockServletContext : Initializing Spring TestDispatcherServlet ''
2026-09-10T09:37:17.749+02:00  INFO 57939 --- [agilityhub-core-api] [           main] o.s.t.web.servlet.TestDispatcherServlet  : Initializing Servlet ''
2026-09-10T09:37:17.749+02:00  INFO 57939 --- [agilityhub-core-api] [           main] o.s.t.web.servlet.TestDispatcherServlet  : Completed initialization in 0 ms
2026-09-10T09:37:17.775+02:00  INFO 57939 --- [agilityhub-core-api] [           main] c.a.core.clubs.census.api.SignupIT       : Started SignupIT in 3.51 seconds (process running for 5.905)
Mockito is currently self-attaching to enable the inline-mock-maker. This will no longer work in future releases of the JDK. Please add Mockito as an agent to your build as described in Mockito's documentation: https://javadoc.io/doc/org.mockito/mockito-core/latest/org.mockito/org/mockito/Mockito.html#0.3
OpenJDK 64-Bit Server VM warning: Sharing is only supported for boot loader classes because bootstrap classpath has been appended
WARNING: A Java agent has been loaded dynamically (/tmp/e1-t09-maven/repository/net/bytebuddy/byte-buddy-agent/1.17.8/byte-buddy-agent-1.17.8.jar)
WARNING: If a serviceability tool is in use, please run with -XX:+EnableDynamicAgentLoading to hide this warning
WARNING: If a serviceability tool is not in use, please run with -Djdk.instrument.traceUsage for more information
WARNING: Dynamic loading of agents will be disallowed by default in a future release
2026-09-10T09:37:18.553+02:00  INFO 57939 --- [agilityhub-core-api] [           main] c.a.core.shared.api.IdempotencyFilter    : Signup honeypot traceId=3a009d88-5c04-43dc-9e89-860584761804 clubId=sgn-76e7a11c-a4e2-4e4c-b606-cc8c66b0aa13 ipHash=[truncated]
2026-09-10T09:37:21.424+02:00  WARN 57939 --- [agilityhub-core-api] [           main] c.a.core.shared.api.ApiExceptionHandler  : Framework request rejected code=VALIDATION_ERROR traceId=b92600a9-35a7-40f4-b0c0-e2462cf80e69
2026-09-10T09:37:21.430+02:00  INFO 57939 --- [agilityhub-core-api] [           main] c.a.core.shared.api.IdempotencyFilter    : Signup honeypot traceId=4a729658-9541-4664-9984-e8feb081fe7d clubId=sgn-110d9461-de4c-4942-be5f-d348786f4c3c ipHash=[truncated]
2026-09-10T09:37:21.431+02:00  INFO 57939 --- [agilityhub-core-api] [           main] c.a.core.shared.api.IdempotencyFilter    : Signup honeypot traceId=a31f0a3a-3428-4690-8b6a-af2f951d9642 clubId=sgn-110d9461-de4c-4942-be5f-d348786f4c3c ipHash=[truncated]
2026-09-10T09:37:21.433+02:00  INFO 57939 --- [agilityhub-core-api] [           main] c.a.core.shared.api.IdempotencyFilter    : Signup honeypot traceId=4a930cec-afb9-4fe5-89d4-d014e4cb1b8f clubId=sgn-110d9461-de4c-4942-be5f-d348786f4c3c ipHash=[truncated]
2026-09-10T09:37:21.434+02:00  INFO 57939 --- [agilityhub-core-api] [           main] c.a.core.shared.api.IdempotencyFilter    : Signup honeypot traceId=5a7160a1-2ea7-4e2e-82a9-6c1dc159d0dc clubId=sgn-110d9461-de4c-4942-be5f-d348786f4c3c ipHash=[truncated]
2026-09-10T09:37:21.435+02:00  INFO 57939 --- [agilityhub-core-api] [           main] c.a.core.shared.api.IdempotencyFilter    : Signup honeypot traceId=b1bb4c53-1a2c-4de5-af98-f325f3394b31 clubId=sgn-110d9461-de4c-4942-be5f-d348786f4c3c ipHash=[truncated]
2026-09-10T09:37:21.437+02:00  INFO 57939 --- [agilityhub-core-api] [           main] c.a.core.shared.api.IdempotencyFilter    : Signup honeypot traceId=3a68d362-3f51-465b-af4b-2ea5f2be4b53 clubId=sgn-110d9461-de4c-4942-be5f-d348786f4c3c ipHash=[truncated]
2026-09-10T09:37:21.438+02:00  INFO 57939 --- [agilityhub-core-api] [           main] c.a.core.shared.api.IdempotencyFilter    : Signup honeypot traceId=ff0bc9f6-b251-42eb-b1d2-c31f80dc874a clubId=sgn-110d9461-de4c-4942-be5f-d348786f4c3c ipHash=[truncated]
2026-09-10T09:37:21.439+02:00  INFO 57939 --- [agilityhub-core-api] [           main] c.a.core.shared.api.IdempotencyFilter    : Signup honeypot traceId=03148ab9-c206-4edb-9bda-3f3de8bb1649 clubId=sgn-110d9461-de4c-4942-be5f-d348786f4c3c ipHash=[truncated]
2026-09-10T09:37:21.441+02:00  INFO 57939 --- [agilityhub-core-api] [           main] c.a.core.shared.api.IdempotencyFilter    : Signup honeypot traceId=9159af64-6c72-43c8-bb4a-647f77003c5e clubId=sgn-110d9461-de4c-4942-be5f-d348786f4c3c ipHash=[truncated]
2026-09-10T09:37:21.442+02:00  INFO 57939 --- [agilityhub-core-api] [           main] c.a.core.shared.api.IdempotencyFilter    : Signup honeypot traceId=7d097efb-7f48-427e-a506-7d2e80e65150 clubId=sgn-110d9461-de4c-4942-be5f-d348786f4c3c ipHash=[truncated]
2026-09-10T09:37:21.443+02:00  INFO 57939 --- [agilityhub-core-api] [           main] c.a.core.shared.api.IdempotencyFilter    : Signup honeypot traceId=b9c4b296-3bef-4cfe-9364-f4442fec5b1f clubId=sgn-110d9461-de4c-4942-be5f-d348786f4c3c ipHash=[truncated]
2026-09-10T09:37:21.445+02:00  INFO 57939 --- [agilityhub-core-api] [           main] c.a.core.shared.api.IdempotencyFilter    : Signup honeypot traceId=0b89b330-c950-4e0b-a58a-f918eedc50f9 clubId=sgn-110d9461-de4c-4942-be5f-d348786f4c3c ipHash=[truncated]
2026-09-10T09:37:21.446+02:00  INFO 57939 --- [agilityhub-core-api] [           main] c.a.core.shared.api.IdempotencyFilter    : Signup honeypot traceId=54a7336a-b329-4dc9-a334-76e1424ed40b clubId=sgn-110d9461-de4c-4942-be5f-d348786f4c3c ipHash=[truncated]
2026-09-10T09:37:21.447+02:00  INFO 57939 --- [agilityhub-core-api] [           main] c.a.core.shared.api.IdempotencyFilter    : Signup honeypot traceId=7dac645e-8b43-44e6-94d2-aa32905f0056 clubId=sgn-110d9461-de4c-4942-be5f-d348786f4c3c ipHash=[truncated]
2026-09-10T09:37:21.449+02:00  INFO 57939 --- [agilityhub-core-api] [           main] c.a.core.shared.api.IdempotencyFilter    : Signup honeypot traceId=1d7d0ae8-f857-4d70-826d-bd856167e712 clubId=sgn-110d9461-de4c-4942-be5f-d348786f4c3c ipHash=[truncated]
2026-09-10T09:37:21.450+02:00  INFO 57939 --- [agilityhub-core-api] [           main] c.a.core.shared.api.IdempotencyFilter    : Signup honeypot traceId=f6df8ecc-108d-4acc-b269-907ddf73ed5b clubId=sgn-110d9461-de4c-4942-be5f-d348786f4c3c ipHash=[truncated]
2026-09-10T09:37:21.451+02:00  INFO 57939 --- [agilityhub-core-api] [           main] c.a.core.shared.api.IdempotencyFilter    : Signup honeypot traceId=16ee1b2e-f191-40f8-8ace-129b696b1a6e clubId=sgn-110d9461-de4c-4942-be5f-d348786f4c3c ipHash=[truncated]
2026-09-10T09:37:21.453+02:00  INFO 57939 --- [agilityhub-core-api] [           main] c.a.core.shared.api.IdempotencyFilter    : Signup honeypot traceId=57465f87-4fec-4e16-9a4b-a79f7540997c clubId=sgn-110d9461-de4c-4942-be5f-d348786f4c3c ipHash=[truncated]
2026-09-10T09:37:21.454+02:00  INFO 57939 --- [agilityhub-core-api] [           main] c.a.core.shared.api.IdempotencyFilter    : Signup honeypot traceId=389f9811-aff9-4ced-9836-8844d2d26713 clubId=sgn-110d9461-de4c-4942-be5f-d348786f4c3c ipHash=[truncated]
2026-09-10T09:37:21.472+02:00  INFO 57939 --- [agilityhub-core-api] [           main] c.a.core.shared.api.IdempotencyFilter    : Signup honeypot traceId=f70bfa9e-cf9b-43d0-bcf7-b58f2c3748ff clubId=sgn-a7a8fcc4-afd0-4c9b-95fa-6703888eb9b5 ipHash=[truncated]
2026-09-10T09:37:21.473+02:00  INFO 57939 --- [agilityhub-core-api] [           main] c.a.core.shared.api.IdempotencyFilter    : Signup honeypot traceId=232a23d5-38fc-4d3f-8ca5-4c961c97cd0d clubId=sgn-a7a8fcc4-afd0-4c9b-95fa-6703888eb9b5 ipHash=[truncated]
2026-09-10T09:37:21.474+02:00  INFO 57939 --- [agilityhub-core-api] [           main] c.a.core.shared.api.IdempotencyFilter    : Signup honeypot traceId=45627be7-89ec-453d-b6ef-3ffe5e935268 clubId=sgn-a7a8fcc4-afd0-4c9b-95fa-6703888eb9b5 ipHash=[truncated]
2026-09-10T09:37:21.475+02:00  INFO 57939 --- [agilityhub-core-api] [           main] c.a.core.shared.api.IdempotencyFilter    : Signup honeypot traceId=082d40fb-0021-48d9-b1b4-05a191276b35 clubId=sgn-a7a8fcc4-afd0-4c9b-95fa-6703888eb9b5 ipHash=[truncated]
2026-09-10T09:37:21.476+02:00  INFO 57939 --- [agilityhub-core-api] [           main] c.a.core.shared.api.IdempotencyFilter    : Signup honeypot traceId=c6f59ff4-9fe8-40f6-9227-52221afaa7c6 clubId=sgn-a7a8fcc4-afd0-4c9b-95fa-6703888eb9b5 ipHash=[truncated]
[ERROR] Tests run: 26, Failures: 1, Errors: 0, Skipped: 0, Time elapsed: 12.42 s <<< FAILURE! -- in com.agilityhub.core.clubs.census.api.SignupIT
[ERROR] com.agilityhub.core.clubs.census.api.SignupIT.T_04_21_impersonatedAddDogRecordsBothActorsAndKeepsMemberActiveOnRejection -- Time elapsed: 0.161 s <<< FAILURE!
java.lang.AssertionError: 

Expecting any element of:
  [{"_class"="com.agilityhub.core.platform.persistence.audit.AuditEntry", "_id"="30f29d40-78e9-4912-885a-da9907a64973", "action"="SIGNUP_EDITED", "actorAccountId"="19c5f292-6546-42bd-83f1-47a4588752c5", "actorName"="Example Admin", "actorRole"="ADMIN", "at"=2026-01-01T01:00:00.000 (java.util.Date), "changes"=[{"after"="APP_ADD_DOG", "before"="PUBLIC", "path"="signup.source"},
    {"before"="TODAY", "path"="signup.firstMonthOption"},
    {"after"="TODAY", "path"="signup.additionalDogOption"}], "clubId"="sgn-5d16b458-3f6e-40d6-9496-8cd9615d80d7", "entityId"="50515b79-3c04-4909-bbf0-280c4c0c1e30", "entityType"="Member", "impersonatedMemberId"="50515b79-3c04-4909-bbf0-280c4c0c1e30", "ip"="127.0.0.1", "memberId"="50515b79-3c04-4909-bbf0-280c4c0c1e30", "traceId"="820dc5a4-6d3b-47c0-b7ff-ba9eb1b02ec2"}]
to satisfy the given assertions requirements but none did:

{"_class"="com.agilityhub.core.platform.persistence.audit.AuditEntry", "_id"="30f29d40-78e9-4912-885a-da9907a64973", "action"="SIGNUP_EDITED", "actorAccountId"="19c5f292-6546-42bd-83f1-47a4588752c5", "actorName"="Example Admin", "actorRole"="ADMIN", "at"=2026-01-01T01:00:00.000 (java.util.Date), "changes"=[{"after"="APP_ADD_DOG", "before"="PUBLIC", "path"="signup.source"},
    {"before"="TODAY", "path"="signup.firstMonthOption"},
    {"after"="TODAY", "path"="signup.additionalDogOption"}], "clubId"="sgn-5d16b458-3f6e-40d6-9496-8cd9615d80d7", "entityId"="50515b79-3c04-4909-bbf0-280c4c0c1e30", "entityType"="Member", "impersonatedMemberId"="50515b79-3c04-4909-bbf0-280c4c0c1e30", "ip"="127.0.0.1", "memberId"="50515b79-3c04-4909-bbf0-280c4c0c1e30", "traceId"="820dc5a4-6d3b-47c0-b7ff-ba9eb1b02ec2"}
error: org.opentest4j.AssertionFailedError: 
expected: "BACKOFFICE"
 but was: null
	at com.agilityhub.core.clubs.census.api.SignupIT.lambda$T_04_21_impersonatedAddDogRecordsBothActorsAndKeepsMemberActiveOnRejection$30(SignupIT.java:306)
	at com.agilityhub.core.clubs.census.api.SignupIT.T_04_21_impersonatedAddDogRecordsBothActorsAndKeepsMemberActiveOnRejection(SignupIT.java:306)
	at java.base/jdk.internal.reflect.DirectMethodHandleAccessor.invoke(DirectMethodHandleAccessor.java:103)
	...(74 remaining lines not displayed - this can be changed with Assertions.setMaxStackTraceElementsDisplayed)
	at com.agilityhub.core.clubs.census.api.SignupIT.T_04_21_impersonatedAddDogRecordsBothActorsAndKeepsMemberActiveOnRejection(SignupIT.java:306)
	at java.base/java.lang.reflect.Method.invoke(Method.java:580)
	at java.base/java.util.ArrayList.forEach(ArrayList.java:1596)
	at java.base/java.util.ArrayList.forEach(ArrayList.java:1596)

[ERROR] Failures: 
[ERROR]   SignupIT.T_04_21_impersonatedAddDogRecordsBothActorsAndKeepsMemberActiveOnRejection:306 
Expecting any element of:
  [{"_class"="com.agilityhub.core.platform.persistence.audit.AuditEntry", "_id"="30f29d40-78e9-4912-885a-da9907a64973", "action"="SIGNUP_EDITED", "actorAccountId"="19c5f292-6546-42bd-83f1-47a4588752c5", "actorName"="Example Admin", "actorRole"="ADMIN", "at"=2026-01-01T01:00:00.000 (java.util.Date), "changes"=[{"after"="APP_ADD_DOG", "before"="PUBLIC", "path"="signup.source"},
    {"before"="TODAY", "path"="signup.firstMonthOption"},
    {"after"="TODAY", "path"="signup.additionalDogOption"}], "clubId"="sgn-5d16b458-3f6e-40d6-9496-8cd9615d80d7", "entityId"="50515b79-3c04-4909-bbf0-280c4c0c1e30", "entityType"="Member", "impersonatedMemberId"="50515b79-3c04-4909-bbf0-280c4c0c1e30", "ip"="127.0.0.1", "memberId"="50515b79-3c04-4909-bbf0-280c4c0c1e30", "traceId"="820dc5a4-6d3b-47c0-b7ff-ba9eb1b02ec2"}]
to satisfy the given assertions requirements but none did:

{"_class"="com.agilityhub.core.platform.persistence.audit.AuditEntry", "_id"="30f29d40-78e9-4912-885a-da9907a64973", "action"="SIGNUP_EDITED", "actorAccountId"="19c5f292-6546-42bd-83f1-47a4588752c5", "actorName"="Example Admin", "actorRole"="ADMIN", "at"=2026-01-01T01:00:00.000 (java.util.Date), "changes"=[{"after"="APP_ADD_DOG", "before"="PUBLIC", "path"="signup.source"},
    {"before"="TODAY", "path"="signup.firstMonthOption"},
    {"after"="TODAY", "path"="signup.additionalDogOption"}], "clubId"="sgn-5d16b458-3f6e-40d6-9496-8cd9615d80d7", "entityId"="50515b79-3c04-4909-bbf0-280c4c0c1e30", "entityType"="Member", "impersonatedMemberId"="50515b79-3c04-4909-bbf0-280c4c0c1e30", "ip"="127.0.0.1", "memberId"="50515b79-3c04-4909-bbf0-280c4c0c1e30", "traceId"="820dc5a4-6d3b-47c0-b7ff-ba9eb1b02ec2"}
error: org.opentest4j.AssertionFailedError: 
expected: "BACKOFFICE"
 but was: null
	at com.agilityhub.core.clubs.census.api.SignupIT.lambda$T_04_21_impersonatedAddDogRecordsBothActorsAndKeepsMemberActiveOnRejection$30(SignupIT.java:306)
	at com.agilityhub.core.clubs.census.api.SignupIT.T_04_21_impersonatedAddDogRecordsBothActorsAndKeepsMemberActiveOnRejection(SignupIT.java:306)
	at java.base/jdk.internal.reflect.DirectMethodHandleAccessor.invoke(DirectMethodHandleAccessor.java:103)
	...(74 remaining lines not displayed - this can be changed with Assertions.setMaxStackTraceElementsDisplayed)
[ERROR] Tests run: 26, Failures: 1, Errors: 0, Skipped: 0
[ERROR] Failed to execute goal org.apache.maven.plugins:maven-failsafe-plugin:3.5.6:verify (default-cli) on project agilityhub-core-api: There are test failures.
[ERROR] 
[ERROR] See /Users/jordib/dev/agilityhub/agilityhub-core-api/target/failsafe-reports for the individual test results.
[ERROR] See dump files (if any exist) [date].dump, [date]-jvmRun[N].dump and [date].dumpstream.
[ERROR] -> [Help 1]
[ERROR] 
[ERROR] To see the full stack trace of the errors, re-run Maven with the -e switch.
[ERROR] Re-run Maven using the -X switch to enable full debug logging.
[ERROR] 
[ERROR] For more information about the errors and possible solutions, please read the following articles:
[ERROR] [Help 1] http://cwiki.apache.org/confluence/display/MAVEN/MojoFailureException
