COMMAND bin/openapi-snapshot
13:59:40.211 [main] INFO org.springframework.test.context.support.AnnotationConfigContextLoaderUtils -- Could not detect default configuration classes for test class [com.agilityhub.core.configuration.OpenApiSnapshotTest]: OpenApiSnapshotTest does not declare any static, non-private, non-final, nested classes annotated with @Configuration.
13:59:40.370 [main] INFO org.springframework.boot.test.context.SpringBootTestContextBootstrapper -- Found @SpringBootConfiguration com.agilityhub.core.CoreApplication for test class com.agilityhub.core.configuration.OpenApiSnapshotTest
13:59:40.480 [main] INFO org.testcontainers.images.PullPolicy -- Image pull policy will be performed by: DefaultPullPolicy()
13:59:40.482 [main] INFO org.testcontainers.utility.ImageNameSubstitutor -- Image name substitution will be performed by: DefaultImageNameSubstitutor (composite of 'ConfigurationFileImageNameSubstitutor' and 'PrefixingImageNameSubstitutor')
13:59:40.488 [main] INFO org.testcontainers.DockerClientFactory -- Testcontainers version: 1.21.4
13:59:40.691 [main] INFO org.testcontainers.dockerclient.DockerClientProviderStrategy -- Loaded org.testcontainers.dockerclient.UnixSocketClientProviderStrategy from ~/.testcontainers.properties, will try it first
13:59:40.914 [main] INFO org.testcontainers.dockerclient.DockerClientProviderStrategy -- Found Docker environment with local Unix socket (unix:///var/run/docker.sock)
13:59:40.915 [main] INFO org.testcontainers.DockerClientFactory -- Docker host IP address is localhost
13:59:40.930 [main] INFO org.testcontainers.DockerClientFactory -- Connected to docker: 
  Server Version: 29.7.2
  API Version: 1.55
  Operating System: Docker Desktop
  Total Memory: 7931 MB
  Labels: 
    com.docker.desktop.address=unix:///Users/jordib/Library/Containers/com.docker.docker/Data/docker-cli.sock
13:59:41.247 [main] INFO tc.testcontainers/ryuk:0.12.0 -- Creating container for image: testcontainers/ryuk:0.12.0
13:59:41.297 [main] INFO org.testcontainers.utility.RegistryAuthLocator -- Credential helper/store (docker-credential-desktop) does not have credentials for https://index.docker.io/v1/
13:59:41.374 [main] INFO tc.testcontainers/ryuk:0.12.0 -- Container testcontainers/ryuk:0.12.0 is starting: a0dc856f...[truncated]
13:59:41.559 [main] INFO tc.testcontainers/ryuk:0.12.0 -- Container testcontainers/ryuk:0.12.0 started in PT0.311746S
13:59:41.565 [main] INFO org.testcontainers.utility.RyukResourceReaper -- Ryuk started - will monitor and terminate Testcontainers containers on JVM exit
13:59:41.565 [main] INFO org.testcontainers.DockerClientFactory -- Checking the system...
13:59:41.565 [main] INFO org.testcontainers.DockerClientFactory -- ✔︎ Docker server version should be at least 1.6.0
13:59:41.566 [main] INFO tc.mongo:7 -- Creating container for image: mongo:7
13:59:41.608 [main] INFO tc.mongo:7 -- Container mongo:7 is starting: 9a47e7c0...[truncated]
13:59:42.118 [main] INFO tc.mongo:7 -- Container mongo:7 started in PT0.552395S
Integration JVM availableProcessors=18

  .   ____          _            __ _ _
 /\\ / ___'_ __ _ _(_)_ __  __ _ \ \ \ \
( ( )\___ | '_ | '_| | '_ \/ _` | \ \ \ \
 \\/  ___)| |_)| | | | | || (_| |  ) ) ) )
  '  |____| .__|_| |_|_| |_\__, | / / / /
 =========|_|==============|___/=/_/_/_/

 :: Spring Boot ::               (v3.5.16)

2026-10-01T13:59:42.975+02:00 INFO  [main] c.a.c.configuration.OpenApiSnapshotTest traceId= clubId= accountId= : Starting OpenApiSnapshotTest using Java [redacted] with PID 55602 (started by jordib in /Users/jordib/dev/agilityhub/agilityhub-core-api-c)
2026-10-01T13:59:42.978+02:00 INFO  [main] c.a.c.configuration.OpenApiSnapshotTest traceId= clubId= accountId= : The following 1 profile is active: "test"
2026-10-01T13:59:44.058+02:00 INFO  [main] o.s.d.r.c.RepositoryConfigurationDelegate traceId= clubId= accountId= : Bootstrapping Spring Data MongoDB repositories in DEFAULT mode.
2026-10-01T13:59:44.116+02:00 INFO  [main] o.s.d.r.c.RepositoryConfigurationDelegate traceId= clubId= accountId= : Finished Spring Data repository scanning in 53 ms. Found 0 MongoDB repository interfaces.
2026-10-01T13:59:44.560+02:00 INFO  [main] o.s.b.w.embedded.tomcat.TomcatWebServer traceId= clubId= accountId= : Tomcat initialized with port 0 (http)
2026-10-01T13:59:44.568+02:00 INFO  [main] o.apache.catalina.core.StandardService traceId= clubId= accountId= : Starting service [Tomcat]
2026-10-01T13:59:44.568+02:00 INFO  [main] org.apache.catalina.core.StandardEngine traceId= clubId= accountId= : Starting Servlet engine: [Apache Tomcat/10.1.60]
2026-10-01T13:59:44.598+02:00 INFO  [main] o.a.c.c.C.[Tomcat].[localhost].[/] traceId= clubId= accountId= : Initializing Spring embedded WebApplicationContext
2026-10-01T13:59:44.599+02:00 INFO  [main] o.s.b.w.s.c.ServletWebServerApplicationContext traceId= clubId= accountId= : Root WebApplicationContext: initialization completed in 1613 ms
2026-10-01T13:59:44.717+02:00 INFO  [main] org.mongodb.driver.client traceId= clubId= accountId= : MongoClient with metadata {"driver": {"name": "mongo-java-driver|sync|spring-boot", "version": "5.5.2"}, "os": {"type": "Darwin", "name": "Mac OS X", "architecture": "aarch64", "version": "26.4.1"}, "platform": "Java/Homebrew/[redacted]"} created with settings MongoClientSettings{readPreference=primary, writeConcern=WriteConcern{w=null, wTimeout=null ms, journal=null}, retryWrites=true, retryReads=true, readConcern=ReadConcern{level=null}, credential=null, transportSettings=null, commandListeners=[io.micrometer.core.instrument.binder.mongodb.MongoMetricsCommandListener@3ced8b72], codecRegistry=ProvidersCodecRegistry{codecProviders=[ValueCodecProvider{}, BsonValueCodecProvider{}, DBRefCodecProvider{}, DBObjectCodecProvider{}, DocumentCodecProvider{}, CollectionCodecProvider{}, IterableCodecProvider{}, MapCodecProvider{}, GeoJsonCodecProvider{}, GridFSFileCodecProvider{}, Jsr310CodecProvider{}, JsonObjectCodecProvider{}, BsonCodecProvider{}, EnumCodecProvider{}, com.mongodb.client.model.mql.ExpressionCodecProvider@26bbde6b, com.mongodb.Jep395RecordCodecProvider@3475f9dc, com.mongodb.KotlinCodecProvider@48a86431]}, loggerSettings=LoggerSettings{maxDocumentLength=1000}, clusterSettings={hosts=[localhost:57218], srvServiceName=mongodb, mode=SINGLE, requiredClusterType=UNKNOWN, requiredReplicaSetName='null', serverSelector='null', clusterListeners='[]', serverSelectionTimeout='2000 ms', localThreshold='15 ms'}, socketSettings=SocketSettings{connectTimeoutMS=2000, readTimeoutMS=0, receiveBufferSize=0, proxySettings=ProxySettings{host=null, port=null, username=null, [redacted], heartbeatSocketSettings=SocketSettings{connectTimeoutMS=2000, readTimeoutMS=2000, receiveBufferSize=0, proxySettings=ProxySettings{host=null, port=null, username=null, [redacted], connectionPoolSettings=ConnectionPoolSettings{maxSize=100, minSize=0, maxWaitTimeMS=2000, maxConnectionLifeTimeMS=0, maxConnectionIdleTimeMS=0, maintenanceInitialDelayMS=0, maintenanceFrequencyMS=60000, connectionPoolListeners=[io.micrometer.core.instrument.binder.mongodb.MongoMetricsConnectionPoolListener@184ed04d], maxConnecting=2}, serverSettings=ServerSettings{heartbeatFrequencyMS=10000, minHeartbeatFrequencyMS=500, serverMonitoringMode=AUTO, serverListeners='[]', serverMonitorListeners='[]'}, sslSettings=SslSettings{enabled=false, invalidHostNameAllowed=false, context=null}, applicationName='null', compressorList=[], uuidRepresentation=JAVA_LEGACY, serverApi=null, autoEncryptionSettings=null, dnsClient=null, inetAddressResolver=null, contextProvider=null, timeoutMS=null}
2026-10-01T13:59:44.722+02:00 INFO  [cluster-ClusterId{value='6abe4b30846cb0efdc49f3d9', description='null'}-localhost:57218] org.mongodb.driver.cluster traceId= clubId= accountId= : Monitor thread successfully connected to server with description ServerDescription{address=localhost:57218, type=REPLICA_SET_PRIMARY, cryptd=false, state=CONNECTED, ok=true, minWireVersion=0, maxWireVersion=21, maxDocumentSize=16777216, logicalSessionTimeoutMinutes=30, roundTripTimeNanos=12636333, minRoundTripTimeNanos=0, setName='docker-rs', canonicalAddress=9a47e7c076d6:27017, hosts=[9a47e7c076d6:27017], passives=[], arbiters=[], primary='9a47e7c076d6:27017', tagSet=TagSet{[]}, electionId=7fffffff0000000000000001, setVersion=1, topologyVersion=TopologyVersion{processId=6abe4b2d6d08c3daced3bfda, counter=6}, lastWriteDate=Thu Oct 01 13:59:42 CEST 2026, lastUpdateTimeNanos=[redacted]}
2026-10-01T13:59:45.359+02:00 INFO  [main] o.s.boot.web.servlet.RegistrationBean traceId= clubId= accountId= : Filter rateLimitFilter was not registered (disabled)
2026-10-01T13:59:48.278+02:00 INFO  [main] o.a.c.c.C.[Tomcat].[localhost].[/] traceId= clubId= accountId= : Initializing Spring TestDispatcherServlet ''
2026-10-01T13:59:48.278+02:00 INFO  [main] o.s.t.web.servlet.TestDispatcherServlet traceId= clubId= accountId= : Initializing Servlet ''
2026-10-01T13:59:48.278+02:00 INFO  [main] o.s.t.web.servlet.TestDispatcherServlet traceId= clubId= accountId= : Completed initialization in 0 ms
2026-10-01T13:59:48.366+02:00 INFO  [main] o.s.b.w.embedded.tomcat.TomcatWebServer traceId= clubId= accountId= : Tomcat started on port 57225 (http) with context path '/'
2026-10-01T13:59:48.406+02:00 INFO  [main] o.s.b.w.embedded.tomcat.TomcatWebServer traceId= clubId= accountId= : Tomcat initialized with port 0 (http)
2026-10-01T13:59:48.406+02:00 INFO  [main] o.apache.catalina.core.StandardService traceId= clubId= accountId= : Starting service [Tomcat]
2026-10-01T13:59:48.406+02:00 INFO  [main] org.apache.catalina.core.StandardEngine traceId= clubId= accountId= : Starting Servlet engine: [Apache Tomcat/10.1.60]
2026-10-01T13:59:48.419+02:00 INFO  [main] o.a.c.c.C.[Tomcat-1].[localhost].[/] traceId= clubId= accountId= : Initializing Spring embedded WebApplicationContext
2026-10-01T13:59:48.420+02:00 INFO  [main] o.s.b.w.s.c.ServletWebServerApplicationContext traceId= clubId= accountId= : Root WebApplicationContext: initialization completed in 52 ms
2026-10-01T13:59:48.429+02:00 INFO  [main] o.s.b.a.e.web.EndpointLinksResolver traceId= clubId= accountId= : Exposing 2 endpoints beneath base path '/actuator'
2026-10-01T13:59:48.449+02:00 INFO  [main] o.s.b.w.embedded.tomcat.TomcatWebServer traceId= clubId= accountId= : Tomcat started on port 57226 (http) with context path '/'
2026-10-01T13:59:48.460+02:00 INFO  [main] c.a.c.configuration.OpenApiSnapshotTest traceId= clubId= accountId= : Started OpenApiSnapshotTest in 5.764 seconds (process running for 8.942)
Mockito is currently self-attaching to enable the inline-mock-maker. This will no longer work in future releases of the JDK. Please add Mockito as an agent to your build as described in Mockito's documentation: https://javadoc.io/doc/org.mockito/mockito-core/latest/org.mockito/org/mockito/Mockito.html#0.3
OpenJDK 64-Bit Server VM warning: Sharing is only supported for boot loader classes because bootstrap classpath has been appended
WARNING: A Java agent has been loaded dynamically (/private/tmp/e11-maven.BJqwxL/repository/net/bytebuddy/byte-buddy-agent/1.17.8/byte-buddy-agent-1.17.8.jar)
WARNING: If a serviceability tool is in use, please run with -XX:+EnableDynamicAgentLoading to hide this warning
WARNING: If a serviceability tool is not in use, please run with -Djdk.instrument.traceUsage for more information
WARNING: Dynamic loading of agents will be disallowed by default in a future release
2026-10-01T13:59:51.275+02:00 INFO  [main] o.springdoc.api.AbstractOpenApiResource traceId=ee5265cb-a218-4563-92be-e35ceba85a32 clubId=- accountId=user : Init duration for springdoc-openapi is: 2098 ms
2026-10-01T13:59:51.919+02:00 INFO  [tomcat-handler-0] o.a.c.c.C.[Tomcat].[localhost].[/] traceId= clubId= accountId= : Initializing Spring DispatcherServlet 'dispatcherServlet'
2026-10-01T13:59:51.919+02:00 INFO  [tomcat-handler-0] o.s.web.servlet.DispatcherServlet traceId= clubId= accountId= : Initializing Servlet 'dispatcherServlet'
2026-10-01T13:59:51.920+02:00 INFO  [tomcat-handler-0] o.s.web.servlet.DispatcherServlet traceId= clubId= accountId= : Completed initialization in 1 ms
2026-10-01T13:59:53.136+02:00 INFO  [main] o.springdoc.api.AbstractOpenApiResource traceId=3e28019d-f037-48a7-ad0a-af88464a7cd4 clubId=- accountId=- : Init duration for springdoc-openapi is: 1143 ms
Updated docs/openapi/openapi.json

exit 0
elapsed_seconds 16.089
