COMMAND bin/openapi-snapshot
12:07:11.825 [main] INFO org.springframework.test.context.support.AnnotationConfigContextLoaderUtils -- Could not detect default configuration classes for test class [com.agilityhub.core.configuration.OpenApiSnapshotTest]: OpenApiSnapshotTest does not declare any static, non-private, non-final, nested classes annotated with @Configuration.
12:07:11.966 [main] INFO org.springframework.boot.test.context.SpringBootTestContextBootstrapper -- Found @SpringBootConfiguration com.agilityhub.core.CoreApplication for test class com.agilityhub.core.configuration.OpenApiSnapshotTest
12:07:12.052 [main] INFO org.testcontainers.images.PullPolicy -- Image pull policy will be performed by: DefaultPullPolicy()
12:07:12.053 [main] INFO org.testcontainers.utility.ImageNameSubstitutor -- Image name substitution will be performed by: DefaultImageNameSubstitutor (composite of 'ConfigurationFileImageNameSubstitutor' and 'PrefixingImageNameSubstitutor')
12:07:12.059 [main] INFO org.testcontainers.DockerClientFactory -- Testcontainers version: 1.21.4
12:07:12.241 [main] INFO org.testcontainers.dockerclient.DockerClientProviderStrategy -- Loaded org.testcontainers.dockerclient.UnixSocketClientProviderStrategy from ~/.testcontainers.properties, will try it first
12:07:12.415 [main] INFO org.testcontainers.dockerclient.DockerClientProviderStrategy -- Found Docker environment with local Unix socket (unix:///var/run/docker.sock)
12:07:12.415 [main] INFO org.testcontainers.DockerClientFactory -- Docker host IP address is localhost
12:07:12.429 [main] INFO org.testcontainers.DockerClientFactory -- Connected to docker: 
  Server Version: 29.7.2
  API Version: 1.55
  Operating System: Docker Desktop
  Total Memory: 7931 MB
  Labels: 
    com.docker.desktop.address=unix:///Users/jordib/Library/Containers/com.docker.docker/Data/docker-cli.sock
12:07:12.701 [main] INFO tc.testcontainers/ryuk:0.12.0 -- Creating container for image: testcontainers/ryuk:0.12.0
12:07:12.805 [main] INFO org.testcontainers.utility.RegistryAuthLocator -- Credential helper/store (docker-credential-desktop) does not have credentials for https://index.docker.io/v1/
12:07:12.886 [main] INFO tc.testcontainers/ryuk:0.12.0 -- Container testcontainers/ryuk:0.12.0 is starting: 5cb1f4bd...[truncated]
12:07:13.063 [main] INFO tc.testcontainers/ryuk:0.12.0 -- Container testcontainers/ryuk:0.12.0 started in PT0.361787S
12:07:13.067 [main] INFO org.testcontainers.utility.RyukResourceReaper -- Ryuk started - will monitor and terminate Testcontainers containers on JVM exit
12:07:13.067 [main] INFO org.testcontainers.DockerClientFactory -- Checking the system...
12:07:13.068 [main] INFO org.testcontainers.DockerClientFactory -- ✔︎ Docker server version should be at least 1.6.0
12:07:13.068 [main] INFO tc.mongo:7 -- Creating container for image: mongo:7
12:07:13.103 [main] INFO tc.mongo:7 -- Container mongo:7 is starting: fc0fa4c6...[truncated]
12:07:13.540 [main] INFO tc.mongo:7 -- Container mongo:7 started in PT0.471967S
Integration JVM availableProcessors=18

  .   ____          _            __ _ _
 /\\ / ___'_ __ _ _(_)_ __  __ _ \ \ \ \
( ( )\___ | '_ | '_| | '_ \/ _` | \ \ \ \
 \\/  ___)| |_)| | | | | || (_| |  ) ) ) )
  '  |____| .__|_| |_|_| |_\__, | / / / /
 =========|_|==============|___/=/_/_/_/

 :: Spring Boot ::               (v3.5.16)

2026-10-01T12:07:14.319+02:00 INFO  [main] c.a.c.configuration.OpenApiSnapshotTest traceId= clubId= accountId= : Starting OpenApiSnapshotTest using Java [redacted] with PID 41752 (started by jordib in /Users/jordib/dev/agilityhub/agilityhub-core-api-c)
2026-10-01T12:07:14.320+02:00 INFO  [main] c.a.c.configuration.OpenApiSnapshotTest traceId= clubId= accountId= : The following 1 profile is active: "test"
2026-10-01T12:07:15.409+02:00 INFO  [main] o.s.d.r.c.RepositoryConfigurationDelegate traceId= clubId= accountId= : Bootstrapping Spring Data MongoDB repositories in DEFAULT mode.
2026-10-01T12:07:15.460+02:00 INFO  [main] o.s.d.r.c.RepositoryConfigurationDelegate traceId= clubId= accountId= : Finished Spring Data repository scanning in 46 ms. Found 0 MongoDB repository interfaces.
2026-10-01T12:07:15.912+02:00 INFO  [main] o.s.b.w.embedded.tomcat.TomcatWebServer traceId= clubId= accountId= : Tomcat initialized with port 0 (http)
2026-10-01T12:07:15.921+02:00 INFO  [main] o.apache.catalina.core.StandardService traceId= clubId= accountId= : Starting service [Tomcat]
2026-10-01T12:07:15.922+02:00 INFO  [main] org.apache.catalina.core.StandardEngine traceId= clubId= accountId= : Starting Servlet engine: [Apache Tomcat/10.1.60]
2026-10-01T12:07:15.950+02:00 INFO  [main] o.a.c.c.C.[Tomcat].[localhost].[/] traceId= clubId= accountId= : Initializing Spring embedded WebApplicationContext
2026-10-01T12:07:15.951+02:00 INFO  [main] o.s.b.w.s.c.ServletWebServerApplicationContext traceId= clubId= accountId= : Root WebApplicationContext: initialization completed in 1624 ms
2026-10-01T12:07:16.077+02:00 INFO  [main] org.mongodb.driver.client traceId= clubId= accountId= : MongoClient with metadata {"driver": {"name": "mongo-java-driver|sync|spring-boot", "version": "5.5.2"}, "os": {"type": "Darwin", "name": "Mac OS X", "architecture": "aarch64", "version": "26.4.1"}, "platform": "Java/Homebrew/[redacted]"} created with settings MongoClientSettings{readPreference=primary, writeConcern=WriteConcern{w=null, wTimeout=null ms, journal=null}, retryWrites=true, retryReads=true, readConcern=ReadConcern{level=null}, credential=null, transportSettings=null, commandListeners=[io.micrometer.core.instrument.binder.mongodb.MongoMetricsCommandListener@7a1d454d], codecRegistry=ProvidersCodecRegistry{codecProviders=[ValueCodecProvider{}, BsonValueCodecProvider{}, DBRefCodecProvider{}, DBObjectCodecProvider{}, DocumentCodecProvider{}, CollectionCodecProvider{}, IterableCodecProvider{}, MapCodecProvider{}, GeoJsonCodecProvider{}, GridFSFileCodecProvider{}, Jsr310CodecProvider{}, JsonObjectCodecProvider{}, BsonCodecProvider{}, EnumCodecProvider{}, com.mongodb.client.model.mql.ExpressionCodecProvider@517a796c, com.mongodb.Jep395RecordCodecProvider@35d58b38, com.mongodb.KotlinCodecProvider@4f3efccf]}, loggerSettings=LoggerSettings{maxDocumentLength=1000}, clusterSettings={hosts=[localhost:53420], srvServiceName=mongodb, mode=SINGLE, requiredClusterType=UNKNOWN, requiredReplicaSetName='null', serverSelector='null', clusterListeners='[]', serverSelectionTimeout='2000 ms', localThreshold='15 ms'}, socketSettings=SocketSettings{connectTimeoutMS=2000, readTimeoutMS=0, receiveBufferSize=0, proxySettings=ProxySettings{host=null, port=null, username=null, [redacted], heartbeatSocketSettings=SocketSettings{connectTimeoutMS=2000, readTimeoutMS=2000, receiveBufferSize=0, proxySettings=ProxySettings{host=null, port=null, username=null, [redacted], connectionPoolSettings=ConnectionPoolSettings{maxSize=100, minSize=0, maxWaitTimeMS=2000, maxConnectionLifeTimeMS=0, maxConnectionIdleTimeMS=0, maintenanceInitialDelayMS=0, maintenanceFrequencyMS=60000, connectionPoolListeners=[io.micrometer.core.instrument.binder.mongodb.MongoMetricsConnectionPoolListener@5f99ff48], maxConnecting=2}, serverSettings=ServerSettings{heartbeatFrequencyMS=10000, minHeartbeatFrequencyMS=500, serverMonitoringMode=AUTO, serverListeners='[]', serverMonitorListeners='[]'}, sslSettings=SslSettings{enabled=false, invalidHostNameAllowed=false, context=null}, applicationName='null', compressorList=[], uuidRepresentation=JAVA_LEGACY, serverApi=null, autoEncryptionSettings=null, dnsClient=null, inetAddressResolver=null, contextProvider=null, timeoutMS=null}
2026-10-01T12:07:16.083+02:00 INFO  [cluster-ClusterId{value='6abe30d42d007efd09a8f613', description='null'}-localhost:53420] org.mongodb.driver.cluster traceId= clubId= accountId= : Monitor thread successfully connected to server with description ServerDescription{address=localhost:53420, type=REPLICA_SET_PRIMARY, cryptd=false, state=CONNECTED, ok=true, minWireVersion=0, maxWireVersion=21, maxDocumentSize=16777216, logicalSessionTimeoutMinutes=30, roundTripTimeNanos=14148042, minRoundTripTimeNanos=0, setName='docker-rs', canonicalAddress=fc0fa4c6fb1d:27017, hosts=[fc0fa4c6fb1d:27017], passives=[], arbiters=[], primary='fc0fa4c6fb1d:27017', tagSet=TagSet{[]}, electionId=7fffffff0000000000000001, setVersion=1, topologyVersion=TopologyVersion{processId=6abe30d18200dd5a3fc0bb39, counter=6}, lastWriteDate=Thu Oct 01 12:07:13 CEST 2026, lastUpdateTimeNanos=[redacted]}
2026-10-01T12:07:16.691+02:00 INFO  [main] o.s.boot.web.servlet.RegistrationBean traceId= clubId= accountId= : Filter rateLimitFilter was not registered (disabled)
2026-10-01T12:07:19.892+02:00 INFO  [main] o.a.c.c.C.[Tomcat].[localhost].[/] traceId= clubId= accountId= : Initializing Spring TestDispatcherServlet ''
2026-10-01T12:07:19.893+02:00 INFO  [main] o.s.t.web.servlet.TestDispatcherServlet traceId= clubId= accountId= : Initializing Servlet ''
2026-10-01T12:07:19.894+02:00 INFO  [main] o.s.t.web.servlet.TestDispatcherServlet traceId= clubId= accountId= : Completed initialization in 0 ms
2026-10-01T12:07:19.981+02:00 INFO  [main] o.s.b.w.embedded.tomcat.TomcatWebServer traceId= clubId= accountId= : Tomcat started on port 53425 (http) with context path '/'
2026-10-01T12:07:20.026+02:00 INFO  [main] o.s.b.w.embedded.tomcat.TomcatWebServer traceId= clubId= accountId= : Tomcat initialized with port 0 (http)
2026-10-01T12:07:20.027+02:00 INFO  [main] o.apache.catalina.core.StandardService traceId= clubId= accountId= : Starting service [Tomcat]
2026-10-01T12:07:20.027+02:00 INFO  [main] org.apache.catalina.core.StandardEngine traceId= clubId= accountId= : Starting Servlet engine: [Apache Tomcat/10.1.60]
2026-10-01T12:07:20.040+02:00 INFO  [main] o.a.c.c.C.[Tomcat-1].[localhost].[/] traceId= clubId= accountId= : Initializing Spring embedded WebApplicationContext
2026-10-01T12:07:20.040+02:00 INFO  [main] o.s.b.w.s.c.ServletWebServerApplicationContext traceId= clubId= accountId= : Root WebApplicationContext: initialization completed in 56 ms
2026-10-01T12:07:20.051+02:00 INFO  [main] o.s.b.a.e.web.EndpointLinksResolver traceId= clubId= accountId= : Exposing 2 endpoints beneath base path '/actuator'
2026-10-01T12:07:20.074+02:00 INFO  [main] o.s.b.w.embedded.tomcat.TomcatWebServer traceId= clubId= accountId= : Tomcat started on port 53426 (http) with context path '/'
2026-10-01T12:07:20.086+02:00 INFO  [main] c.a.c.configuration.OpenApiSnapshotTest traceId= clubId= accountId= : Started OpenApiSnapshotTest in 5.997 seconds (process running for 8.802)
Mockito is currently self-attaching to enable the inline-mock-maker. This will no longer work in future releases of the JDK. Please add Mockito as an agent to your build as described in Mockito's documentation: https://javadoc.io/doc/org.mockito/mockito-core/latest/org.mockito/org/mockito/Mockito.html#0.3
OpenJDK 64-Bit Server VM warning: Sharing is only supported for boot loader classes because bootstrap classpath has been appended
WARNING: A Java agent has been loaded dynamically (/private/tmp/e11-maven.BJqwxL/repository/net/bytebuddy/byte-buddy-agent/1.17.8/byte-buddy-agent-1.17.8.jar)
WARNING: If a serviceability tool is in use, please run with -XX:+EnableDynamicAgentLoading to hide this warning
WARNING: If a serviceability tool is not in use, please run with -Djdk.instrument.traceUsage for more information
WARNING: Dynamic loading of agents will be disallowed by default in a future release
2026-10-01T12:07:23.767+02:00 INFO  [main] o.springdoc.api.AbstractOpenApiResource traceId=d415702e-3920-4f33-bc52-a53fbbc6cf48 clubId=- accountId=user : Init duration for springdoc-openapi is: 2838 ms
2026-10-01T12:07:24.518+02:00 INFO  [tomcat-handler-0] o.a.c.c.C.[Tomcat].[localhost].[/] traceId= clubId= accountId= : Initializing Spring DispatcherServlet 'dispatcherServlet'
2026-10-01T12:07:24.518+02:00 INFO  [tomcat-handler-0] o.s.web.servlet.DispatcherServlet traceId= clubId= accountId= : Initializing Servlet 'dispatcherServlet'
2026-10-01T12:07:24.519+02:00 INFO  [tomcat-handler-0] o.s.web.servlet.DispatcherServlet traceId= clubId= accountId= : Completed initialization in 1 ms
2026-10-01T12:07:26.211+02:00 INFO  [main] o.springdoc.api.AbstractOpenApiResource traceId=9a2a0ea9-f795-43ca-b629-6dc5d4f9085a clubId=- accountId=- : Init duration for springdoc-openapi is: 1606 ms
Updated docs/openapi/openapi.json

exit 0
elapsed_seconds 17.610
