10:49:02.307 [main] INFO org.springframework.test.context.support.AnnotationConfigContextLoaderUtils -- Could not detect default configuration classes for test class [com.agilityhub.core.clubs.bookings.api.NoShowNoticesJobIT]: NoShowNoticesJobIT does not declare any static, non-private, non-final, nested classes annotated with @Configuration.
10:49:02.426 [main] INFO org.springframework.boot.test.context.SpringBootTestContextBootstrapper -- Found @SpringBootConfiguration com.agilityhub.core.CoreApplication for test class com.agilityhub.core.clubs.bookings.api.NoShowNoticesJobIT
10:49:02.477 [main] INFO org.testcontainers.images.PullPolicy -- Image pull policy will be performed by: DefaultPullPolicy()
10:49:02.478 [main] INFO org.testcontainers.utility.ImageNameSubstitutor -- Image name substitution will be performed by: DefaultImageNameSubstitutor (composite of 'ConfigurationFileImageNameSubstitutor' and 'PrefixingImageNameSubstitutor')
10:49:02.480 [main] INFO org.testcontainers.DockerClientFactory -- Testcontainers version: 1.21.4
10:49:02.545 [main] INFO org.testcontainers.dockerclient.DockerClientProviderStrategy -- Loaded org.testcontainers.dockerclient.UnixSocketClientProviderStrategy from ~/.testcontainers.properties, will try it first
10:49:02.668 [main] INFO org.testcontainers.dockerclient.DockerClientProviderStrategy -- Found Docker environment with local Unix socket (unix:///var/run/docker.sock)
10:49:02.669 [main] INFO org.testcontainers.DockerClientFactory -- Docker host IP address is localhost
10:49:02.680 [main] INFO org.testcontainers.DockerClientFactory -- Connected to docker:
  Server Version: 29.7.2
  API Version: 1.55
  Operating System: Docker Desktop
  Total Memory: 7931 MB
  Labels:
    com.docker.desktop.address=unix:///Users/jordib/Library/Containers/com.docker.docker/Data/docker-cli.sock
10:49:02.868 [main] INFO tc.testcontainers/ryuk:0.12.0 -- Creating container for image: testcontainers/ryuk:0.12.0
10:49:02.933 [main] INFO org.testcontainers.utility.RegistryAuthLocator -- Credential helper/store (docker-credential-desktop) does not have credentials for https://index.docker.io/v1/
10:49:02.993 [main] INFO tc.testcontainers/ryuk:0.12.0 -- Container testcontainers/ryuk:0.12.0 is starting: c99f8ced52891e302eff6bbd1f25da4134616626f85c567602be4cd79d88ab82
10:49:03.124 [main] INFO tc.testcontainers/ryuk:0.12.0 -- Container testcontainers/ryuk:0.12.0 started in PT0.255656S
10:49:03.126 [main] INFO org.testcontainers.utility.RyukResourceReaper -- Ryuk started - will monitor and terminate Testcontainers containers on JVM exit
10:49:03.127 [main] INFO org.testcontainers.DockerClientFactory -- Checking the system...
10:49:03.127 [main] INFO org.testcontainers.DockerClientFactory -- ✔︎ Docker server version should be at least 1.6.0
10:49:03.127 [main] INFO tc.mongo:7 -- Creating container for image: mongo:7
10:49:03.154 [main] INFO tc.mongo:7 -- Container mongo:7 is starting: 21266d5db0e138ddff57bd8bba7da8c586ba6942f45a1816189dd539a6a89327
10:49:03.569 [main] INFO tc.mongo:7 -- Container mongo:7 started in PT0.441716S
Integration JVM availableProcessors=18

  .   ____          _            __ _ _
 /\\ / ___'_ __ _ _(_)_ __  __ _ \ \ \ \
( ( )\___ | '_ | '_| | '_ \/ _` | \ \ \ \
 \\/  ___)| |_)| | | | | || (_| |  ) ) ) )
  '  |____| .__|_| |_|_| |_\__, | / / / /
 =========|_|==============|___/=/_/_/_/

 :: Spring Boot ::               (v3.5.16)

2026-09-28T10:49:04.156+02:00  INFO 94096 --- [agilityhub-core-api] [           main] c.a.c.c.bookings.api.NoShowNoticesJobIT  : Starting NoShowNoticesJobIT using Java 21.0.12.1 with PID 94096 (started by jordib in /Users/jordib/dev/agilityhub/agilityhub-core-api)
2026-09-28T10:49:04.156+02:00  INFO 94096 --- [agilityhub-core-api] [           main] c.a.c.c.bookings.api.NoShowNoticesJobIT  : The following 1 profile is active: "test"
2026-09-28T10:49:04.742+02:00  INFO 94096 --- [agilityhub-core-api] [           main] .s.d.r.c.RepositoryConfigurationDelegate : Bootstrapping Spring Data MongoDB repositories in DEFAULT mode.
2026-09-28T10:49:04.773+02:00  INFO 94096 --- [agilityhub-core-api] [           main] .s.d.r.c.RepositoryConfigurationDelegate : Finished Spring Data repository scanning in 27 ms. Found 0 MongoDB repository interfaces.
2026-09-28T10:49:05.033+02:00  INFO 94096 --- [agilityhub-core-api] [           main] org.mongodb.driver.client                : MongoClient with metadata {"driver": {"name": "mongo-java-driver|sync|spring-boot", "version": "5.5.2"}, "os": {"type": "Darwin", "name": "Mac OS X", "architecture": "aarch64", "version": "26.4.1"}, "platform": "Java/Homebrew/21.0.12.1"} created with settings MongoClientSettings{readPreference=primary, writeConcern=WriteConcern{w=null, wTimeout=null ms, journal=null}, retryWrites=true, retryReads=true, readConcern=ReadConcern{level=null}, credential=null, transportSettings=null, commandListeners=[io.micrometer.core.instrument.binder.mongodb.MongoMetricsCommandListener@5feaafb3], codecRegistry=ProvidersCodecRegistry{codecProviders=[ValueCodecProvider{}, BsonValueCodecProvider{}, DBRefCodecProvider{}, DBObjectCodecProvider{}, DocumentCodecProvider{}, CollectionCodecProvider{}, IterableCodecProvider{}, MapCodecProvider{}, GeoJsonCodecProvider{}, GridFSFileCodecProvider{}, Jsr310CodecProvider{}, JsonObjectCodecProvider{}, BsonCodecProvider{}, EnumCodecProvider{}, com.mongodb.client.model.mql.ExpressionCodecProvider@20a46227, com.mongodb.Jep395RecordCodecProvider@669469c9, com.mongodb.KotlinCodecProvider@7f39ad3f]}, loggerSettings=LoggerSettings{maxDocumentLength=1000}, clusterSettings={hosts=[localhost:56167], srvServiceName=mongodb, mode=SINGLE, requiredClusterType=UNKNOWN, requiredReplicaSetName='null', serverSelector='null', clusterListeners='[]', serverSelectionTimeout='30000 ms', localThreshold='15 ms'}, socketSettings=SocketSettings{connectTimeoutMS=10000, readTimeoutMS=0, receiveBufferSize=0, proxySettings=ProxySettings{host=null, port=null, username=null, password=null}}, heartbeatSocketSettings=SocketSettings{connectTimeoutMS=10000, readTimeoutMS=10000, receiveBufferSize=0, proxySettings=ProxySettings{host=null, port=null, username=null, password=null}}, connectionPoolSettings=ConnectionPoolSettings{maxSize=100, minSize=0, maxWaitTimeMS=120000, maxConnectionLifeTimeMS=0, maxConnectionIdleTimeMS=0, maintenanceInitialDelayMS=0, maintenanceFrequencyMS=60000, connectionPoolListeners=[io.micrometer.core.instrument.binder.mongodb.MongoMetricsConnectionPoolListener@7524125c], maxConnecting=2}, serverSettings=ServerSettings{heartbeatFrequencyMS=10000, minHeartbeatFrequencyMS=500, serverMonitoringMode=AUTO, serverListeners='[]', serverMonitorListeners='[]'}, sslSettings=SslSettings{enabled=false, invalidHostNameAllowed=false, context=null}, applicationName='null', compressorList=[], uuidRepresentation=JAVA_LEGACY, serverApi=null, autoEncryptionSettings=null, dnsClient=null, inetAddressResolver=null, contextProvider=null, timeoutMS=null}
2026-09-28T10:49:05.038+02:00  INFO 94096 --- [agilityhub-core-api] [localhost:56167] org.mongodb.driver.cluster               : Monitor thread successfully connected to server with description ServerDescription{address=localhost:56167, type=REPLICA_SET_PRIMARY, cryptd=false, state=CONNECTED, ok=true, minWireVersion=0, maxWireVersion=21, maxDocumentSize=16777216, logicalSessionTimeoutMinutes=30, roundTripTimeNanos=7896750, minRoundTripTimeNanos=0, setName='docker-rs', canonicalAddress=21266d5db0e1:27017, hosts=[21266d5db0e1:27017], passives=[], arbiters=[], primary='21266d5db0e1:27017', tagSet=TagSet{[]}, electionId=7fffffff0000000000000001, setVersion=1, topologyVersion=TopologyVersion{processId=6aba29ff55f9a5f4d454a03c, counter=6}, lastWriteDate=Mon Sep 28 10:49:03 CEST 2026, lastUpdateTimeNanos=295890252759541}
2026-09-28T10:49:07.217+02:00  INFO 94096 --- [agilityhub-core-api] [           main] o.s.b.t.m.w.SpringBootMockServletContext : Initializing Spring TestDispatcherServlet ''
2026-09-28T10:49:07.217+02:00  INFO 94096 --- [agilityhub-core-api] [           main] o.s.t.web.servlet.TestDispatcherServlet  : Initializing Servlet ''
2026-09-28T10:49:07.217+02:00  INFO 94096 --- [agilityhub-core-api] [           main] o.s.t.web.servlet.TestDispatcherServlet  : Completed initialization in 0 ms
2026-09-28T10:49:07.241+02:00  INFO 94096 --- [agilityhub-core-api] [           main] c.a.c.c.bookings.api.NoShowNoticesJobIT  : Started NoShowNoticesJobIT in 3.199 seconds (process running for 5.183)
Mockito is currently self-attaching to enable the inline-mock-maker. This will no longer work in future releases of the JDK. Please add Mockito as an agent to your build as described in Mockito's documentation: https://javadoc.io/doc/org.mockito/mockito-core/latest/org.mockito/org/mockito/Mockito.html#0.3
OpenJDK 64-Bit Server VM warning: Sharing is only supported for boot loader classes because bootstrap classpath has been appended
WARNING: A Java agent has been loaded dynamically (/Users/jordib/.m2/repository/net/bytebuddy/byte-buddy-agent/1.17.8/byte-buddy-agent-1.17.8.jar)
WARNING: If a serviceability tool is in use, please run with -XX:+EnableDynamicAgentLoading to hide this warning
WARNING: If a serviceability tool is not in use, please run with -Djdk.instrument.traceUsage for more information
WARNING: Dynamic loading of agents will be disallowed by default in a future release
[ERROR] Tests run: 1, Failures: 1, Errors: 0, Skipped: 0, Time elapsed: 6.278 s <<< FAILURE! -- in com.agilityhub.core.clubs.bookings.api.NoShowNoticesJobIT
[ERROR] com.agilityhub.core.clubs.bookings.api.NoShowNoticesJobIT.T_15_16_R_15_13_aMarkThatLeavesTheScopeAndComesBackDuringTheRunNeverMakesASecondBatch -- Time elapsed: 1.056 s <<< FAILURE!
org.assertj.core.error.AssertJMultipleFailuresError:

[exactly one batch check single element] (1 failure)
-- failure 1 --
Expecting actual:
  ["3485f0a5-58b2-4257-aaf5-bd5a457757c5", "e23dac96-adec-4683-acf7-2b50a0b4017d"]
to contain exactly (and in same order):
  ["e23dac96-adec-4683-acf7-2b50a0b4017d"]
but some elements were not expected:
  ["3485f0a5-58b2-4257-aaf5-bd5a457757c5"]
at NoShowNoticesJobIT.lambda$T_15_16_R_15_13_aMarkThatLeavesTheScopeAndComesBackDuringTheRunNeverMakesASecondBatch$15(NoShowNoticesJobIT.java:221)
	at com.agilityhub.core.clubs.bookings.api.NoShowNoticesJobIT.T_15_16_R_15_13_aMarkThatLeavesTheScopeAndComesBackDuringTheRunNeverMakesASecondBatch(NoShowNoticesJobIT.java:221)
	at java.base/java.lang.reflect.Method.invoke(Method.java:580)
	at java.base/java.util.ArrayList.forEach(ArrayList.java:1596)
	at java.base/java.util.ArrayList.forEach(ArrayList.java:1596)

2026-09-28T10:49:08.561+02:00  INFO 94096 --- [agilityhub-core-api] [           main] t.c.s.AnnotationConfigContextLoaderUtils : Could not detect default configuration classes for test class [com.agilityhub.core.clubs.bookings.api.ClassFinishingJobIT]: ClassFinishingJobIT does not declare any static, non-private, non-final, nested classes annotated with @Configuration.
2026-09-28T10:49:08.562+02:00  INFO 94096 --- [agilityhub-core-api] [           main] .b.t.c.SpringBootTestContextBootstrapper : Found @SpringBootConfiguration com.agilityhub.core.CoreApplication for test class com.agilityhub.core.clubs.bookings.api.ClassFinishingJobIT
[ERROR] Tests run: 1, Failures: 1, Errors: 0, Skipped: 0, Time elapsed: 0.861 s <<< FAILURE! -- in com.agilityhub.core.clubs.bookings.api.ClassFinishingJobIT
[ERROR] com.agilityhub.core.clubs.bookings.api.ClassFinishingJobIT.T_15_26_R_15_18_theSweepDecidesByTheClassesOwnStartNotTheEntrysCopy -- Time elapsed: 0.856 s <<< FAILURE!
java.lang.AssertionError:

Expecting
  ["616f3571-cf2b-4ba6-9dbe-f213762cb85c"]
not to contain
  ["616f3571-cf2b-4ba6-9dbe-f213762cb85c", "b0f12dca-b73a-4e06-a704-cec7ff4ed5d2"]
but found
  ["616f3571-cf2b-4ba6-9dbe-f213762cb85c"]

	at com.agilityhub.core.clubs.bookings.api.ClassFinishingJobIT.T_15_26_R_15_18_theSweepDecidesByTheClassesOwnStartNotTheEntrysCopy(ClassFinishingJobIT.java:168)
	at java.base/java.lang.reflect.Method.invoke(Method.java:580)
	at java.base/java.util.ArrayList.forEach(ArrayList.java:1596)
	at java.base/java.util.ArrayList.forEach(ArrayList.java:1596)

[ERROR] Failures:
[ERROR]   ClassFinishingJobIT.T_15_26_R_15_18_theSweepDecidesByTheClassesOwnStartNotTheEntrysCopy:168
Expecting
  ["616f3571-cf2b-4ba6-9dbe-f213762cb85c"]
not to contain
  ["616f3571-cf2b-4ba6-9dbe-f213762cb85c", "b0f12dca-b73a-4e06-a704-cec7ff4ed5d2"]
but found
  ["616f3571-cf2b-4ba6-9dbe-f213762cb85c"]

[ERROR]   NoShowNoticesJobIT.T_15_16_R_15_13_aMarkThatLeavesTheScopeAndComesBackDuringTheRunNeverMakesASecondBatch:221
[exactly one batch check single element] (1 failure)
-- failure 1 --
Expecting actual:
  ["3485f0a5-58b2-4257-aaf5-bd5a457757c5", "e23dac96-adec-4683-acf7-2b50a0b4017d"]
to contain exactly (and in same order):
  ["e23dac96-adec-4683-acf7-2b50a0b4017d"]
but some elements were not expected:
  ["3485f0a5-58b2-4257-aaf5-bd5a457757c5"]
at NoShowNoticesJobIT.lambda$T_15_16_R_15_13_aMarkThatLeavesTheScopeAndComesBackDuringTheRunNeverMakesASecondBatch$15(NoShowNoticesJobIT.java:221)
[ERROR] Tests run: 2, Failures: 2, Errors: 0, Skipped: 0
