11:01:22.685 [main] INFO org.springframework.test.context.support.AnnotationConfigContextLoaderUtils -- Could not detect default configuration classes for test class [com.agilityhub.core.configuration.OpenApiSnapshotTest]: OpenApiSnapshotTest does not declare any static, non-private, non-final, nested classes annotated with @Configuration.
11:01:22.817 [main] INFO org.springframework.boot.test.context.SpringBootTestContextBootstrapper -- Found @SpringBootConfiguration com.agilityhub.core.CoreApplication for test class com.agilityhub.core.configuration.OpenApiSnapshotTest
11:01:22.910 [main] INFO org.testcontainers.images.PullPolicy -- Image pull policy will be performed by: DefaultPullPolicy()
11:01:22.912 [main] INFO org.testcontainers.utility.ImageNameSubstitutor -- Image name substitution will be performed by: DefaultImageNameSubstitutor (composite of 'ConfigurationFileImageNameSubstitutor' and 'PrefixingImageNameSubstitutor')
11:01:22.917 [main] INFO org.testcontainers.DockerClientFactory -- Testcontainers version: 1.21.4
11:01:23.090 [main] INFO org.testcontainers.dockerclient.DockerClientProviderStrategy -- Loaded org.testcontainers.dockerclient.UnixSocketClientProviderStrategy from ~/.testcontainers.properties, will try it first
11:01:23.251 [main] INFO org.testcontainers.dockerclient.DockerClientProviderStrategy -- Found Docker environment with local Unix socket (unix:///var/run/docker.sock)
11:01:23.252 [main] INFO org.testcontainers.DockerClientFactory -- Docker host IP address is localhost
11:01:23.266 [main] INFO org.testcontainers.DockerClientFactory -- Connected to docker:
  Server Version: 29.7.2
  API Version: 1.55
  Operating System: Docker Desktop
  Total Memory: 7931 MB
  Labels:
    com.docker.desktop.address=unix:///Users/jordib/Library/Containers/com.docker.docker/Data/docker-cli.sock
11:01:23.485 [main] INFO tc.testcontainers/ryuk:0.12.0 -- Creating container for image: testcontainers/ryuk:0.12.0
11:01:23.568 [main] INFO org.testcontainers.utility.RegistryAuthLocator -- Credential helper/store (docker-credential-desktop) does not have credentials for https://index.docker.io/v1/
11:01:23.654 [main] INFO tc.testcontainers/ryuk:0.12.0 -- Container testcontainers/ryuk:0.12.0 is starting: 9a78d359524ec725468492e78f7a329ad32affb82788d52f714b1a509948a1a3
11:01:23.822 [main] INFO tc.testcontainers/ryuk:0.12.0 -- Container testcontainers/ryuk:0.12.0 started in PT0.336768S
11:01:23.828 [main] INFO org.testcontainers.utility.RyukResourceReaper -- Ryuk started - will monitor and terminate Testcontainers containers on JVM exit
11:01:23.828 [main] INFO org.testcontainers.DockerClientFactory -- Checking the system...
11:01:23.828 [main] INFO org.testcontainers.DockerClientFactory -- ✔︎ Docker server version should be at least 1.6.0
11:01:23.828 [main] INFO tc.mongo:7 -- Creating container for image: mongo:7
11:01:23.867 [main] INFO tc.mongo:7 -- Container mongo:7 is starting: ae57c5a979ba34c94f9e585add5f75f1da5b025ab5112b57bd2c9acdb40b3ee1
11:01:24.462 [main] INFO tc.mongo:7 -- Container mongo:7 started in PT0.63396S
Integration JVM availableProcessors=18

  .   ____          _            __ _ _
 /\\ / ___'_ __ _ _(_)_ __  __ _ \ \ \ \
( ( )\___ | '_ | '_| | '_ \/ _` | \ \ \ \
 \\/  ___)| |_)| | | | | || (_| |  ) ) ) )
  '  |____| .__|_| |_|_| |_\__, | / / / /
 =========|_|==============|___/=/_/_/_/

 :: Spring Boot ::               (v3.5.16)

2026-09-28T11:01:25.218+02:00  INFO 98052 --- [agilityhub-core-api] [           main] c.a.c.configuration.OpenApiSnapshotTest  : Starting OpenApiSnapshotTest using Java 21.0.12.1 with PID 98052 (started by jordib in /Users/jordib/dev/agilityhub/agilityhub-core-api)
2026-09-28T11:01:25.218+02:00  INFO 98052 --- [agilityhub-core-api] [           main] c.a.c.configuration.OpenApiSnapshotTest  : The following 1 profile is active: "test"
2026-09-28T11:01:26.256+02:00  INFO 98052 --- [agilityhub-core-api] [           main] .s.d.r.c.RepositoryConfigurationDelegate : Bootstrapping Spring Data MongoDB repositories in DEFAULT mode.
2026-09-28T11:01:26.301+02:00  INFO 98052 --- [agilityhub-core-api] [           main] .s.d.r.c.RepositoryConfigurationDelegate : Finished Spring Data repository scanning in 41 ms. Found 0 MongoDB repository interfaces.
2026-09-28T11:01:26.751+02:00  INFO 98052 --- [agilityhub-core-api] [           main] o.s.b.w.embedded.tomcat.TomcatWebServer  : Tomcat initialized with port 0 (http)
2026-09-28T11:01:26.760+02:00  INFO 98052 --- [agilityhub-core-api] [           main] o.apache.catalina.core.StandardService   : Starting service [Tomcat]
2026-09-28T11:01:26.761+02:00  INFO 98052 --- [agilityhub-core-api] [           main] o.apache.catalina.core.StandardEngine    : Starting Servlet engine: [Apache Tomcat/10.1.55]
2026-09-28T11:01:26.789+02:00  INFO 98052 --- [agilityhub-core-api] [           main] o.a.c.c.C.[Tomcat].[localhost].[/]       : Initializing Spring embedded WebApplicationContext
2026-09-28T11:01:26.789+02:00  INFO 98052 --- [agilityhub-core-api] [           main] w.s.c.ServletWebServerApplicationContext : Root WebApplicationContext: initialization completed in 1564 ms
2026-09-28T11:01:26.905+02:00  INFO 98052 --- [agilityhub-core-api] [           main] org.mongodb.driver.client                : MongoClient with metadata {"driver": {"name": "mongo-java-driver|sync|spring-boot", "version": "5.5.2"}, "os": {"type": "Darwin", "name": "Mac OS X", "architecture": "aarch64", "version": "26.4.1"}, "platform": "Java/Homebrew/21.0.12.1"} created with settings MongoClientSettings{readPreference=primary, writeConcern=WriteConcern{w=null, wTimeout=null ms, journal=null}, retryWrites=true, retryReads=true, readConcern=ReadConcern{level=null}, credential=null, transportSettings=null, commandListeners=[io.micrometer.core.instrument.binder.mongodb.MongoMetricsCommandListener@6a060305], codecRegistry=ProvidersCodecRegistry{codecProviders=[ValueCodecProvider{}, BsonValueCodecProvider{}, DBRefCodecProvider{}, DBObjectCodecProvider{}, DocumentCodecProvider{}, CollectionCodecProvider{}, IterableCodecProvider{}, MapCodecProvider{}, GeoJsonCodecProvider{}, GridFSFileCodecProvider{}, Jsr310CodecProvider{}, JsonObjectCodecProvider{}, BsonCodecProvider{}, EnumCodecProvider{}, com.mongodb.client.model.mql.ExpressionCodecProvider@1f5e7fe1, com.mongodb.Jep395RecordCodecProvider@7d4741d9, com.mongodb.KotlinCodecProvider@2d349056]}, loggerSettings=LoggerSettings{maxDocumentLength=1000}, clusterSettings={hosts=[localhost:56932], srvServiceName=mongodb, mode=SINGLE, requiredClusterType=UNKNOWN, requiredReplicaSetName='null', serverSelector='null', clusterListeners='[]', serverSelectionTimeout='30000 ms', localThreshold='15 ms'}, socketSettings=SocketSettings{connectTimeoutMS=10000, readTimeoutMS=0, receiveBufferSize=0, proxySettings=ProxySettings{host=null, port=null, username=null, password=null}}, heartbeatSocketSettings=SocketSettings{connectTimeoutMS=10000, readTimeoutMS=10000, receiveBufferSize=0, proxySettings=ProxySettings{host=null, port=null, username=null, password=null}}, connectionPoolSettings=ConnectionPoolSettings{maxSize=100, minSize=0, maxWaitTimeMS=120000, maxConnectionLifeTimeMS=0, maxConnectionIdleTimeMS=0, maintenanceInitialDelayMS=0, maintenanceFrequencyMS=60000, connectionPoolListeners=[io.micrometer.core.instrument.binder.mongodb.MongoMetricsConnectionPoolListener@77f0b0de], maxConnecting=2}, serverSettings=ServerSettings{heartbeatFrequencyMS=10000, minHeartbeatFrequencyMS=500, serverMonitoringMode=AUTO, serverListeners='[]', serverMonitorListeners='[]'}, sslSettings=SslSettings{enabled=false, invalidHostNameAllowed=false, context=null}, applicationName='null', compressorList=[], uuidRepresentation=JAVA_LEGACY, serverApi=null, autoEncryptionSettings=null, dnsClient=null, inetAddressResolver=null, contextProvider=null, timeoutMS=null}
2026-09-28T11:01:26.913+02:00  INFO 98052 --- [agilityhub-core-api] [localhost:56932] org.mongodb.driver.cluster               : Monitor thread successfully connected to server with description ServerDescription{address=localhost:56932, type=REPLICA_SET_PRIMARY, cryptd=false, state=CONNECTED, ok=true, minWireVersion=0, maxWireVersion=21, maxDocumentSize=16777216, logicalSessionTimeoutMinutes=30, roundTripTimeNanos=11380375, minRoundTripTimeNanos=0, setName='docker-rs', canonicalAddress=ae57c5a979ba:27017, hosts=[ae57c5a979ba:27017], passives=[], arbiters=[], primary='ae57c5a979ba:27017', tagSet=TagSet{[]}, electionId=7fffffff0000000000000001, setVersion=1, topologyVersion=TopologyVersion{processId=6aba2ce4730b9cbbb4d3ccd4, counter=6}, lastWriteDate=Mon Sep 28 11:01:24 CEST 2026, lastUpdateTimeNanos=296632102759833}
2026-09-28T11:01:27.421+02:00  INFO 98052 --- [agilityhub-core-api] [           main] o.s.boot.web.servlet.RegistrationBean    : Filter rateLimitFilter was not registered (disabled)
2026-09-28T11:01:29.681+02:00  INFO 98052 --- [agilityhub-core-api] [           main] o.a.c.c.C.[Tomcat].[localhost].[/]       : Initializing Spring TestDispatcherServlet ''
2026-09-28T11:01:29.681+02:00  INFO 98052 --- [agilityhub-core-api] [           main] o.s.t.web.servlet.TestDispatcherServlet  : Initializing Servlet ''
2026-09-28T11:01:29.682+02:00  INFO 98052 --- [agilityhub-core-api] [           main] o.s.t.web.servlet.TestDispatcherServlet  : Completed initialization in 1 ms
2026-09-28T11:01:29.745+02:00  INFO 98052 --- [agilityhub-core-api] [           main] o.s.b.w.embedded.tomcat.TomcatWebServer  : Tomcat started on port 56936 (http) with context path '/'
2026-09-28T11:01:29.779+02:00  INFO 98052 --- [agilityhub-core-api] [           main] o.s.b.w.embedded.tomcat.TomcatWebServer  : Tomcat initialized with port 0 (http)
2026-09-28T11:01:29.780+02:00  INFO 98052 --- [agilityhub-core-api] [           main] o.apache.catalina.core.StandardService   : Starting service [Tomcat]
2026-09-28T11:01:29.780+02:00  INFO 98052 --- [agilityhub-core-api] [           main] o.apache.catalina.core.StandardEngine    : Starting Servlet engine: [Apache Tomcat/10.1.55]
2026-09-28T11:01:29.790+02:00  INFO 98052 --- [agilityhub-core-api] [           main] o.a.c.c.C.[Tomcat-1].[localhost].[/]     : Initializing Spring embedded WebApplicationContext
2026-09-28T11:01:29.790+02:00  INFO 98052 --- [agilityhub-core-api] [           main] w.s.c.ServletWebServerApplicationContext : Root WebApplicationContext: initialization completed in 43 ms
2026-09-28T11:01:29.797+02:00  INFO 98052 --- [agilityhub-core-api] [           main] o.s.b.a.e.web.EndpointLinksResolver      : Exposing 2 endpoints beneath base path '/actuator'
2026-09-28T11:01:29.813+02:00  INFO 98052 --- [agilityhub-core-api] [           main] o.s.b.w.embedded.tomcat.TomcatWebServer  : Tomcat started on port 56937 (http) with context path '/'
2026-09-28T11:01:29.821+02:00  INFO 98052 --- [agilityhub-core-api] [           main] c.a.c.configuration.OpenApiSnapshotTest  : Started OpenApiSnapshotTest in 4.81 seconds (process running for 7.642)
Mockito is currently self-attaching to enable the inline-mock-maker. This will no longer work in future releases of the JDK. Please add Mockito as an agent to your build as described in Mockito's documentation: https://javadoc.io/doc/org.mockito/mockito-core/latest/org.mockito/org/mockito/Mockito.html#0.3
OpenJDK 64-Bit Server VM warning: Sharing is only supported for boot loader classes because bootstrap classpath has been appended
WARNING: A Java agent has been loaded dynamically (/Users/jordib/.m2/repository/net/bytebuddy/byte-buddy-agent/1.17.8/byte-buddy-agent-1.17.8.jar)
WARNING: If a serviceability tool is in use, please run with -XX:+EnableDynamicAgentLoading to hide this warning
WARNING: If a serviceability tool is not in use, please run with -Djdk.instrument.traceUsage for more information
WARNING: Dynamic loading of agents will be disallowed by default in a future release
2026-09-28T11:01:32.586+02:00  INFO 98052 --- [agilityhub-core-api] [           main] o.springdoc.api.AbstractOpenApiResource  : Init duration for springdoc-openapi is: 2068 ms
2026-09-28T11:01:33.359+02:00  INFO 98052 --- [agilityhub-core-api] [omcat-handler-0] o.a.c.c.C.[Tomcat].[localhost].[/]       : Initializing Spring DispatcherServlet 'dispatcherServlet'
2026-09-28T11:01:33.359+02:00  INFO 98052 --- [agilityhub-core-api] [omcat-handler-0] o.s.web.servlet.DispatcherServlet        : Initializing Servlet 'dispatcherServlet'
2026-09-28T11:01:33.360+02:00  INFO 98052 --- [agilityhub-core-api] [omcat-handler-0] o.s.web.servlet.DispatcherServlet        : Completed initialization in 0 ms
2026-09-28T11:01:35.020+02:00  INFO 98052 --- [agilityhub-core-api] [           main] o.springdoc.api.AbstractOpenApiResource  : Init duration for springdoc-openapi is: 1576 ms
Updated docs/openapi/openapi.json
