11:24:23.845 [main] INFO org.springframework.test.context.support.AnnotationConfigContextLoaderUtils -- Could not detect default configuration classes for test class [com.agilityhub.core.clubs.activities.application.ActivityIT]: ActivityIT does not declare any static, non-private, non-final, nested classes annotated with @Configuration.
11:24:23.964 [main] INFO org.springframework.boot.test.context.SpringBootTestContextBootstrapper -- Found @SpringBootConfiguration com.agilityhub.core.CoreApplication for test class com.agilityhub.core.clubs.activities.application.ActivityIT
11:24:24.078 [main] INFO org.testcontainers.images.PullPolicy -- Image pull policy will be performed by: DefaultPullPolicy()
11:24:24.080 [main] INFO org.testcontainers.utility.ImageNameSubstitutor -- Image name substitution will be performed by: DefaultImageNameSubstitutor (composite of 'ConfigurationFileImageNameSubstitutor' and 'PrefixingImageNameSubstitutor')
11:24:24.085 [main] INFO org.testcontainers.DockerClientFactory -- Testcontainers version: 1.21.4
11:24:24.449 [main] INFO org.testcontainers.dockerclient.DockerClientProviderStrategy -- Found Docker environment with local Unix socket (unix:///var/run/docker.sock)
11:24:24.450 [main] INFO org.testcontainers.DockerClientFactory -- Docker host IP address is localhost
11:24:24.461 [main] INFO org.testcontainers.DockerClientFactory -- Connected to docker: 
  Server Version: 29.7.2
  API Version: 1.55
  Operating System: Docker Desktop
  Total Memory: 7931 MB
  Labels: 
    com.docker.desktop.address=unix:///Users/jordib/Library/Containers/com.docker.docker/Data/docker-cli.sock
11:24:24.551 [main] INFO tc.testcontainers/ryuk:0.12.0 -- Creating container for image: testcontainers/ryuk:0.12.0
11:24:24.647 [main] INFO org.testcontainers.utility.RegistryAuthLocator -- Credential helper/store (docker-credential-desktop) does not have credentials for https://index.docker.io/v1/
11:24:24.730 [main] INFO tc.testcontainers/ryuk:0.12.0 -- Container testcontainers/ryuk:0.12.0 is starting: [hash truncated]
11:24:24.914 [main] INFO tc.testcontainers/ryuk:0.12.0 -- Container testcontainers/ryuk:0.12.0 started in PT0.363615S
11:24:24.919 [main] INFO org.testcontainers.utility.RyukResourceReaper -- Ryuk started - will monitor and terminate Testcontainers containers on JVM exit
11:24:24.919 [main] INFO org.testcontainers.DockerClientFactory -- Checking the system...
11:24:24.919 [main] INFO org.testcontainers.DockerClientFactory -- ✔︎ Docker server version should be at least 1.6.0
11:24:24.919 [main] INFO tc.mongo:7 -- Creating container for image: mongo:7
11:24:24.958 [main] INFO tc.mongo:7 -- Container mongo:7 is starting: [hash truncated]
11:24:25.252 [main] INFO tc.mongo:7 -- Container mongo:7 started in PT0.332676S

  .   ____          _            __ _ _
 /\\ / ___'_ __ _ _(_)_ __  __ _ \ \ \ \
( ( )\___ | '_ | '_| | '_ \/ _` | \ \ \ \
 \\/  ___)| |_)| | | | | || (_| |  ) ) ) )
  '  |____| .__|_| |_|_| |_\__, | / / / /
 =========|_|==============|___/=/_/_/_/

 :: Spring Boot ::               (v3.5.16)

2026-09-19T11:24:25.952+02:00  INFO 635 --- [agilityhub-core-api] [           main] c.a.c.c.a.application.ActivityIT         : Starting ActivityIT using Java 21.0.12.1 with PID 635 (started by jordib in /Users/jordib/dev/agilityhub/agilityhub-core-api)
2026-09-19T11:24:25.952+02:00  INFO 635 --- [agilityhub-core-api] [           main] c.a.c.c.a.application.ActivityIT         : The following 1 profile is active: "test"
2026-09-19T11:24:26.969+02:00  INFO 635 --- [agilityhub-core-api] [           main] .s.d.r.c.RepositoryConfigurationDelegate : Bootstrapping Spring Data MongoDB repositories in DEFAULT mode.
2026-09-19T11:24:27.003+02:00  INFO 635 --- [agilityhub-core-api] [           main] .s.d.r.c.RepositoryConfigurationDelegate : Finished Spring Data repository scanning in 30 ms. Found 0 MongoDB repository interfaces.
2026-09-19T11:24:27.453+02:00  INFO 635 --- [agilityhub-core-api] [           main] org.mongodb.driver.client                : MongoClient with metadata {"driver": {"name": "mongo-java-driver|sync|spring-boot", "version": "5.5.2"}, "os": {"type": "Darwin", "name": "Mac OS X", "architecture": "aarch64", "version": "26.4.1"}, "platform": "Java/Homebrew/21.0.12.1"} created with settings MongoClientSettings{readPreference=primary, writeConcern=WriteConcern{w=null, wTimeout=null ms, journal=null}, retryWrites=true, retryReads=true, readConcern=ReadConcern{level=null}, credential=null, transportSettings=null, commandListeners=[io.micrometer.core.instrument.binder.mongodb.MongoMetricsCommandListener@6123f695], codecRegistry=ProvidersCodecRegistry{codecProviders=[ValueCodecProvider{}, BsonValueCodecProvider{}, DBRefCodecProvider{}, DBObjectCodecProvider{}, DocumentCodecProvider{}, CollectionCodecProvider{}, IterableCodecProvider{}, MapCodecProvider{}, GeoJsonCodecProvider{}, GridFSFileCodecProvider{}, Jsr310CodecProvider{}, JsonObjectCodecProvider{}, BsonCodecProvider{}, EnumCodecProvider{}, com.mongodb.client.model.mql.ExpressionCodecProvider@47d9de0b, com.mongodb.Jep395RecordCodecProvider@15a4e7d8, com.mongodb.KotlinCodecProvider@2990495d]}, loggerSettings=LoggerSettings{maxDocumentLength=1000}, clusterSettings={hosts=[localhost:55662], srvServiceName=mongodb, mode=SINGLE, requiredClusterType=UNKNOWN, requiredReplicaSetName='null', serverSelector='null', clusterListeners='[]', serverSelectionTimeout='30000 ms', localThreshold='15 ms'}, socketSettings=SocketSettings{connectTimeoutMS=10000, readTimeoutMS=0, receiveBufferSize=0, proxySettings=ProxySettings{host=null, port=null, username=null, password=[truncated]}}, heartbeatSocketSettings=SocketSettings{connectTimeoutMS=10000, readTimeoutMS=10000, receiveBufferSize=0, proxySettings=ProxySettings{host=null, port=null, username=null, password=[truncated]}}, connectionPoolSettings=ConnectionPoolSettings{maxSize=100, minSize=0, maxWaitTimeMS=120000, maxConnectionLifeTimeMS=0, maxConnectionIdleTimeMS=0, maintenanceInitialDelayMS=0, maintenanceFrequencyMS=60000, connectionPoolListeners=[io.micrometer.core.instrument.binder.mongodb.MongoMetricsConnectionPoolListener@57f995a4], maxConnecting=2}, serverSettings=ServerSettings{heartbeatFrequencyMS=10000, minHeartbeatFrequencyMS=500, serverMonitoringMode=AUTO, serverListeners='[]', serverMonitorListeners='[]'}, sslSettings=SslSettings{enabled=false, invalidHostNameAllowed=false, context=null}, applicationName='null', compressorList=[], uuidRepresentation=JAVA_LEGACY, serverApi=null, autoEncryptionSettings=null, dnsClient=null, inetAddressResolver=null, contextProvider=null, timeoutMS=null}
2026-09-19T11:24:27.463+02:00  INFO 635 --- [agilityhub-core-api] [localhost:55662] org.mongodb.driver.cluster               : Monitor thread successfully connected to server with description ServerDescription{address=localhost:55662, type=REPLICA_SET_PRIMARY, cryptd=false, state=CONNECTED, ok=true, minWireVersion=0, maxWireVersion=21, maxDocumentSize=16777216, logicalSessionTimeoutMinutes=30, roundTripTimeNanos=15387583, minRoundTripTimeNanos=0, setName='docker-rs', canonicalAddress=30bce688f617:27017, hosts=[30bce688f617:27017], passives=[], arbiters=[], primary='30bce688f617:27017', tagSet=TagSet{[]}, electionId=[hash truncated], setVersion=1, topologyVersion=TopologyVersion{processId=[hash truncated], counter=6}, lastWriteDate=Sat Sep 19 11:24:25 CEST 2026, lastUpdateTimeNanos=555232030917458}
2026-09-19T11:24:30.427+02:00  INFO 635 --- [agilityhub-core-api] [           main] o.s.b.t.m.w.SpringBootMockServletContext : Initializing Spring TestDispatcherServlet ''
2026-09-19T11:24:30.427+02:00  INFO 635 --- [agilityhub-core-api] [           main] o.s.t.web.servlet.TestDispatcherServlet  : Initializing Servlet ''
2026-09-19T11:24:30.428+02:00  INFO 635 --- [agilityhub-core-api] [           main] o.s.t.web.servlet.TestDispatcherServlet  : Completed initialization in 1 ms
2026-09-19T11:24:30.466+02:00  INFO 635 --- [agilityhub-core-api] [           main] c.a.c.c.a.application.ActivityIT         : Started ActivityIT in 4.718 seconds (process running for 7.237)
Mockito is currently self-attaching to enable the inline-mock-maker. This will no longer work in future releases of the JDK. Please add Mockito as an agent to your build as described in Mockito's documentation: https://javadoc.io/doc/org.mockito/mockito-core/latest/org.mockito/org/mockito/Mockito.html#0.3
OpenJDK 64-Bit Server VM warning: Sharing is only supported for boot loader classes because bootstrap classpath has been appended
WARNING: A Java agent has been loaded dynamically (/tmp/e4-t03-maven/repository/net/bytebuddy/byte-buddy-agent/1.17.8/byte-buddy-agent-1.17.8.jar)
WARNING: If a serviceability tool is in use, please run with -XX:+EnableDynamicAgentLoading to hide this warning
WARNING: If a serviceability tool is not in use, please run with -Djdk.instrument.traceUsage for more information
WARNING: Dynamic loading of agents will be disallowed by default in a future release
[ERROR] Tests run: 19, Failures: 0, Errors: 19, Skipped: 0, Time elapsed: 7.981 s <<< FAILURE! -- in com.agilityhub.core.clubs.activities.application.ActivityIT
[ERROR] com.agilityhub.core.clubs.activities.application.ActivityIT.T_07_25_concurrentCancellationsPromoteOnlyOnceAndReplayOneResponse -- Time elapsed: 0.480 s <<< ERROR!
org.springframework.dao.DuplicateKeyException: Write operation error on server localhost:55662. Write error: WriteError{code=11000, message='E11000 duplicate key error collection: agilityhub_test.levels index: level_code collation: { locale: "en", caseLevel: false, caseFirst: "off", strength: 2, numericOrdering: false, alternate: "non-ignorable", maxVariable: "punct", normalization: false, backwards: false, version: "57.1" } dup key: { clubId: "CollationKey(0x4d1220050e290109)", code: null }', details={}}.
	at org.springframework.data.mongodb.core.MongoExceptionTranslator.doTranslateException(MongoExceptionTranslator.java:108)
	at org.springframework.data.mongodb.core.MongoExceptionTranslator.translateExceptionIfPossible(MongoExceptionTranslator.java:74)
	at org.springframework.data.mongodb.core.MongoTemplate.potentiallyConvertRuntimeException(MongoTemplate.java:3037)
	at org.springframework.data.mongodb.core.MongoTemplate.execute(MongoTemplate.java:618)
	at org.springframework.data.mongodb.core.MongoTemplate.saveDocument(MongoTemplate.java:1611)
	at org.springframework.data.mongodb.core.MongoTemplate.doSave(MongoTemplate.java:1543)
	at org.springframework.data.mongodb.core.MongoTemplate.save(MongoTemplate.java:1488)
	at com.agilityhub.core.clubs.activities.application.ActivityIT.setup(ActivityIT.java:52)
	at java.base/java.lang.reflect.Method.invoke(Method.java:580)
	at java.base/java.util.ArrayList.forEach(ArrayList.java:1596)
	at java.base/java.util.ArrayList.forEach(ArrayList.java:1596)
Caused by: com.mongodb.MongoWriteException: Write operation error on server localhost:55662. Write error: WriteError{code=11000, message='E11000 duplicate key error collection: agilityhub_test.levels index: level_code collation: { locale: "en", caseLevel: false, caseFirst: "off", strength: 2, numericOrdering: false, alternate: "non-ignorable", maxVariable: "punct", normalization: false, backwards: false, version: "57.1" } dup key: { clubId: "CollationKey(0x4d1220050e290109)", code: null }', details={}}.
	at com.mongodb.client.internal.MongoCollectionImpl.executeSingleWriteRequest(MongoCollectionImpl.java:1123)
	at com.mongodb.client.internal.MongoCollectionImpl.executeReplaceOne(MongoCollectionImpl.java:597)
	at com.mongodb.client.internal.MongoCollectionImpl.replaceOne(MongoCollectionImpl.java:580)
	at org.springframework.data.mongodb.core.MongoTemplate.lambda$saveDocument$19(MongoTemplate.java:1643)
	at org.springframework.data.mongodb.core.MongoTemplate.execute(MongoTemplate.java:616)
	... 7 more

[ERROR] com.agilityhub.core.clubs.activities.application.ActivityIT.T_07_21_universalListsFilterSortAndExportWithoutLeakingFields -- Time elapsed: 0.029 s <<< ERROR!
org.springframework.dao.DuplicateKeyException: Write operation error on server localhost:55662. Write error: WriteError{code=11000, message='E11000 duplicate key error collection: agilityhub_test.clubs index: _id_ dup key: { _id: "s07-a" }', details={}}.
	at org.springframework.data.mongodb.core.MongoExceptionTranslator.doTranslateException(MongoExceptionTranslator.java:108)
	at org.springframework.data.mongodb.core.MongoExceptionTranslator.translateExceptionIfPossible(MongoExceptionTranslator.java:74)
	at org.springframework.data.mongodb.core.MongoTemplate.potentiallyConvertRuntimeException(MongoTemplate.java:3037)
	at org.springframework.data.mongodb.core.MongoTemplate.execute(MongoTemplate.java:618)
	at org.springframework.data.mongodb.core.MongoTemplate.insertDocument(MongoTemplate.java:1562)
	at org.springframework.data.mongodb.core.MongoTemplate.doInsert(MongoTemplate.java:1364)
	at org.springframework.data.mongodb.core.MongoTemplate.doSaveVersioned(MongoTemplate.java:1495)
	at org.springframework.data.mongodb.core.MongoTemplate.save(MongoTemplate.java:1487)
	at org.springframework.data.mongodb.core.MongoTemplate.save(MongoTemplate.java:1473)
	at com.agilityhub.core.shared.persistence.GlobalRepository.save(GlobalRepository.java:14)
	at java.base/jdk.internal.reflect.DirectMethodHandleAccessor.invoke(DirectMethodHandleAccessor.java:103)
	at java.base/java.lang.reflect.Method.invoke(Method.java:580)
	at org.springframework.aop.support.AopUtils.invokeJoinpointUsingReflection(AopUtils.java:360)
	at org.springframework.aop.framework.ReflectiveMethodInvocation.invokeJoinpoint(ReflectiveMethodInvocation.java:196)
	at org.springframework.aop.framework.ReflectiveMethodInvocation.proceed(ReflectiveMethodInvocation.java:163)
	at org.springframework.dao.support.PersistenceExceptionTranslationInterceptor.invoke(PersistenceExceptionTranslationInterceptor.java:138)
	at org.springframework.aop.framework.ReflectiveMethodInvocation.proceed(ReflectiveMethodInvocation.java:184)
	at org.springframework.aop.framework.CglibAopProxy$DynamicAdvisedInterceptor.intercept(CglibAopProxy.java:728)
	at com.agilityhub.core.platform.persistence.ClubRepository$$SpringCGLIB$$0.save(<generated>)
	at com.agilityhub.core.clubs.activities.application.ActivityIT.setup(ActivityIT.java:48)
	at java.base/java.lang.reflect.Method.invoke(Method.java:580)
	at java.base/java.util.ArrayList.forEach(ArrayList.java:1596)
	at java.base/java.util.ArrayList.forEach(ArrayList.java:1596)
Caused by: com.mongodb.MongoWriteException: Write operation error on server localhost:55662. Write error: WriteError{code=11000, message='E11000 duplicate key error collection: agilityhub_test.clubs index: _id_ dup key: { _id: "s07-a" }', details={}}.
	at com.mongodb.client.internal.MongoCollectionImpl.executeSingleWriteRequest(MongoCollectionImpl.java:1123)
	at com.mongodb.client.internal.MongoCollectionImpl.executeInsertOne(MongoCollectionImpl.java:498)
	at com.mongodb.client.internal.MongoCollectionImpl.insertOne(MongoCollectionImpl.java:481)
	at com.mongodb.client.internal.MongoCollectionImpl.insertOne(MongoCollectionImpl.java:475)
	at org.springframework.data.mongodb.core.MongoTemplate.lambda$insertDocument$17(MongoTemplate.java:1568)
	at org.springframework.data.mongodb.core.MongoTemplate.execute(MongoTemplate.java:616)
	... 19 more

[ERROR] com.agilityhub.core.clubs.activities.application.ActivityIT.T_07_26_publicationAndInstructorBlockCannotBothClaimTheSameWindow -- Time elapsed: 0.028 s <<< ERROR!
org.springframework.dao.DuplicateKeyException: Write operation error on server localhost:55662. Write error: WriteError{code=11000, message='E11000 duplicate key error collection: agilityhub_test.clubs index: _id_ dup key: { _id: "s07-a" }', details={}}.
	at org.springframework.data.mongodb.core.MongoExceptionTranslator.doTranslateException(MongoExceptionTranslator.java:108)
	at org.springframework.data.mongodb.core.MongoExceptionTranslator.translateExceptionIfPossible(MongoExceptionTranslator.java:74)
	at org.springframework.data.mongodb.core.MongoTemplate.potentiallyConvertRuntimeException(MongoTemplate.java:3037)
	at org.springframework.data.mongodb.core.MongoTemplate.execute(MongoTemplate.java:618)
	at org.springframework.data.mongodb.core.MongoTemplate.insertDocument(MongoTemplate.java:1562)
	at org.springframework.data.mongodb.core.MongoTemplate.doInsert(MongoTemplate.java:1364)
	at org.springframework.data.mongodb.core.MongoTemplate.doSaveVersioned(MongoTemplate.java:1495)
	at org.springframework.data.mongodb.core.MongoTemplate.save(MongoTemplate.java:1487)
	at org.springframework.data.mongodb.core.MongoTemplate.save(MongoTemplate.java:1473)
	at com.agilityhub.core.shared.persistence.GlobalRepository.save(GlobalRepository.java:14)
	at java.base/jdk.internal.reflect.DirectMethodHandleAccessor.invoke(DirectMethodHandleAccessor.java:103)
	at java.base/java.lang.reflect.Method.invoke(Method.java:580)
	at org.springframework.aop.support.AopUtils.invokeJoinpointUsingReflection(AopUtils.java:360)
	at org.springframework.aop.framework.ReflectiveMethodInvocation.invokeJoinpoint(ReflectiveMethodInvocation.java:196)
	at org.springframework.aop.framework.ReflectiveMethodInvocation.proceed(ReflectiveMethodInvocation.java:163)
	at org.springframework.dao.support.PersistenceExceptionTranslationInterceptor.invoke(PersistenceExceptionTranslationInterceptor.java:138)
	at org.springframework.aop.framework.ReflectiveMethodInvocation.proceed(ReflectiveMethodInvocation.java:184)
	at org.springframework.aop.framework.CglibAopProxy$DynamicAdvisedInterceptor.intercept(CglibAopProxy.java:728)
	at com.agilityhub.core.platform.persistence.ClubRepository$$SpringCGLIB$$0.save(<generated>)
	at com.agilityhub.core.clubs.activities.application.ActivityIT.setup(ActivityIT.java:48)
	at java.base/java.lang.reflect.Method.invoke(Method.java:580)
	at java.base/java.util.ArrayList.forEach(ArrayList.java:1596)
	at java.base/java.util.ArrayList.forEach(ArrayList.java:1596)
Caused by: com.mongodb.MongoWriteException: Write operation error on server localhost:55662. Write error: WriteError{code=11000, message='E11000 duplicate key error collection: agilityhub_test.clubs index: _id_ dup key: { _id: "s07-a" }', details={}}.
	at com.mongodb.client.internal.MongoCollectionImpl.executeSingleWriteRequest(MongoCollectionImpl.java:1123)
	at com.mongodb.client.internal.MongoCollectionImpl.executeInsertOne(MongoCollectionImpl.java:498)
	at com.mongodb.client.internal.MongoCollectionImpl.insertOne(MongoCollectionImpl.java:481)
	at com.mongodb.client.internal.MongoCollectionImpl.insertOne(MongoCollectionImpl.java:475)
	at org.springframework.data.mongodb.core.MongoTemplate.lambda$insertDocument$17(MongoTemplate.java:1568)
	at org.springframework.data.mongodb.core.MongoTemplate.execute(MongoTemplate.java:616)
	... 19 more

[ERROR] com.agilityhub.core.clubs.activities.application.ActivityIT.T_07_23_impersonationRecordsBothActorsAndClubChangeChannels -- Time elapsed: 0.030 s <<< ERROR!
org.springframework.dao.DuplicateKeyException: Write operation error on server localhost:55662. Write error: WriteError{code=11000, message='E11000 duplicate key error collection: agilityhub_test.clubs index: _id_ dup key: { _id: "s07-a" }', details={}}.
	at org.springframework.data.mongodb.core.MongoExceptionTranslator.doTranslateException(MongoExceptionTranslator.java:108)
	at org.springframework.data.mongodb.core.MongoExceptionTranslator.translateExceptionIfPossible(MongoExceptionTranslator.java:74)
	at org.springframework.data.mongodb.core.MongoTemplate.potentiallyConvertRuntimeException(MongoTemplate.java:3037)
	at org.springframework.data.mongodb.core.MongoTemplate.execute(MongoTemplate.java:618)
	at org.springframework.data.mongodb.core.MongoTemplate.insertDocument(MongoTemplate.java:1562)
	at org.springframework.data.mongodb.core.MongoTemplate.doInsert(MongoTemplate.java:1364)
	at org.springframework.data.mongodb.core.MongoTemplate.doSaveVersioned(MongoTemplate.java:1495)
	at org.springframework.data.mongodb.core.MongoTemplate.save(MongoTemplate.java:1487)
	at org.springframework.data.mongodb.core.MongoTemplate.save(MongoTemplate.java:1473)
	at com.agilityhub.core.shared.persistence.GlobalRepository.save(GlobalRepository.java:14)
	at java.base/jdk.internal.reflect.DirectMethodHandleAccessor.invoke(DirectMethodHandleAccessor.java:103)
	at java.base/java.lang.reflect.Method.invoke(Method.java:580)
	at org.springframework.aop.support.AopUtils.invokeJoinpointUsingReflection(AopUtils.java:360)
	at org.springframework.aop.framework.ReflectiveMethodInvocation.invokeJoinpoint(ReflectiveMethodInvocation.java:196)
	at org.springframework.aop.framework.ReflectiveMethodInvocation.proceed(ReflectiveMethodInvocation.java:163)
	at org.springframework.dao.support.PersistenceExceptionTranslationInterceptor.invoke(PersistenceExceptionTranslationInterceptor.java:138)
	at org.springframework.aop.framework.ReflectiveMethodInvocation.proceed(ReflectiveMethodInvocation.java:184)
	at org.springframework.aop.framework.CglibAopProxy$DynamicAdvisedInterceptor.intercept(CglibAopProxy.java:728)
	at com.agilityhub.core.platform.persistence.ClubRepository$$SpringCGLIB$$0.save(<generated>)
	at com.agilityhub.core.clubs.activities.application.ActivityIT.setup(ActivityIT.java:48)
	at java.base/java.lang.reflect.Method.invoke(Method.java:580)
	at java.base/java.util.ArrayList.forEach(ArrayList.java:1596)
	at java.base/java.util.ArrayList.forEach(ArrayList.java:1596)
Caused by: com.mongodb.MongoWriteException: Write operation error on server localhost:55662. Write error: WriteError{code=11000, message='E11000 duplicate key error collection: agilityhub_test.clubs index: _id_ dup key: { _id: "s07-a" }', details={}}.
	at com.mongodb.client.internal.MongoCollectionImpl.executeSingleWriteRequest(MongoCollectionImpl.java:1123)
	at com.mongodb.client.internal.MongoCollectionImpl.executeInsertOne(MongoCollectionImpl.java:498)
	at com.mongodb.client.internal.MongoCollectionImpl.insertOne(MongoCollectionImpl.java:481)
	at com.mongodb.client.internal.MongoCollectionImpl.insertOne(MongoCollectionImpl.java:475)
	at org.springframework.data.mongodb.core.MongoTemplate.lambda$insertDocument$17(MongoTemplate.java:1568)
	at org.springframework.data.mongodb.core.MongoTemplate.execute(MongoTemplate.java:616)
	... 19 more

[ERROR] com.agilityhub.core.clubs.activities.application.ActivityIT.T_07_13_cancellationNotifiesActiveAndWaitingAndZeroesCounters -- Time elapsed: 0.027 s <<< ERROR!
org.springframework.dao.DuplicateKeyException: Write operation error on server localhost:55662. Write error: WriteError{code=11000, message='E11000 duplicate key error collection: agilityhub_test.clubs index: _id_ dup key: { _id: "s07-a" }', details={}}.
	at org.springframework.data.mongodb.core.MongoExceptionTranslator.doTranslateException(MongoExceptionTranslator.java:108)
	at org.springframework.data.mongodb.core.MongoExceptionTranslator.translateExceptionIfPossible(MongoExceptionTranslator.java:74)
	at org.springframework.data.mongodb.core.MongoTemplate.potentiallyConvertRuntimeException(MongoTemplate.java:3037)
	at org.springframework.data.mongodb.core.MongoTemplate.execute(MongoTemplate.java:618)
	at org.springframework.data.mongodb.core.MongoTemplate.insertDocument(MongoTemplate.java:1562)
	at org.springframework.data.mongodb.core.MongoTemplate.doInsert(MongoTemplate.java:1364)
	at org.springframework.data.mongodb.core.MongoTemplate.doSaveVersioned(MongoTemplate.java:1495)
	at org.springframework.data.mongodb.core.MongoTemplate.save(MongoTemplate.java:1487)
	at org.springframework.data.mongodb.core.MongoTemplate.save(MongoTemplate.java:1473)
	at com.agilityhub.core.shared.persistence.GlobalRepository.save(GlobalRepository.java:14)
	at java.base/jdk.internal.reflect.DirectMethodHandleAccessor.invoke(DirectMethodHandleAccessor.java:103)
	at java.base/java.lang.reflect.Method.invoke(Method.java:580)
	at org.springframework.aop.support.AopUtils.invokeJoinpointUsingReflection(AopUtils.java:360)
	at org.springframework.aop.framework.ReflectiveMethodInvocation.invokeJoinpoint(ReflectiveMethodInvocation.java:196)
	at org.springframework.aop.framework.ReflectiveMethodInvocation.proceed(ReflectiveMethodInvocation.java:163)
	at org.springframework.dao.support.PersistenceExceptionTranslationInterceptor.invoke(PersistenceExceptionTranslationInterceptor.java:138)
	at org.springframework.aop.framework.ReflectiveMethodInvocation.proceed(ReflectiveMethodInvocation.java:184)
	at org.springframework.aop.framework.CglibAopProxy$DynamicAdvisedInterceptor.intercept(CglibAopProxy.java:728)
	at com.agilityhub.core.platform.persistence.ClubRepository$$SpringCGLIB$$0.save(<generated>)
	at com.agilityhub.core.clubs.activities.application.ActivityIT.setup(ActivityIT.java:48)
	at java.base/java.lang.reflect.Method.invoke(Method.java:580)
	at java.base/java.util.ArrayList.forEach(ArrayList.java:1596)
	at java.base/java.util.ArrayList.forEach(ArrayList.java:1596)
Caused by: com.mongodb.MongoWriteException: Write operation error on server localhost:55662. Write error: WriteError{code=11000, message='E11000 duplicate key error collection: agilityhub_test.clubs index: _id_ dup key: { _id: "s07-a" }', details={}}.
	at com.mongodb.client.internal.MongoCollectionImpl.executeSingleWriteRequest(MongoCollectionImpl.java:1123)
	at com.mongodb.client.internal.MongoCollectionImpl.executeInsertOne(MongoCollectionImpl.java:498)
	at com.mongodb.client.internal.MongoCollectionImpl.insertOne(MongoCollectionImpl.java:481)
	at com.mongodb.client.internal.MongoCollectionImpl.insertOne(MongoCollectionImpl.java:475)
	at org.springframework.data.mongodb.core.MongoTemplate.lambda$insertDocument$17(MongoTemplate.java:1568)
	at org.springframework.data.mongodb.core.MongoTemplate.execute(MongoTemplate.java:616)
	... 19 more

[ERROR] com.agilityhub.core.clubs.activities.application.ActivityIT.T_07_22_staffMemberAndCrossTenantGuardsPreserveOwnership -- Time elapsed: 0.028 s <<< ERROR!
org.springframework.dao.DuplicateKeyException: Write operation error on server localhost:55662. Write error: WriteError{code=11000, message='E11000 duplicate key error collection: agilityhub_test.clubs index: _id_ dup key: { _id: "s07-a" }', details={}}.
	at org.springframework.data.mongodb.core.MongoExceptionTranslator.doTranslateException(MongoExceptionTranslator.java:108)
	at org.springframework.data.mongodb.core.MongoExceptionTranslator.translateExceptionIfPossible(MongoExceptionTranslator.java:74)
	at org.springframework.data.mongodb.core.MongoTemplate.potentiallyConvertRuntimeException(MongoTemplate.java:3037)
	at org.springframework.data.mongodb.core.MongoTemplate.execute(MongoTemplate.java:618)
	at org.springframework.data.mongodb.core.MongoTemplate.insertDocument(MongoTemplate.java:1562)
	at org.springframework.data.mongodb.core.MongoTemplate.doInsert(MongoTemplate.java:1364)
	at org.springframework.data.mongodb.core.MongoTemplate.doSaveVersioned(MongoTemplate.java:1495)
	at org.springframework.data.mongodb.core.MongoTemplate.save(MongoTemplate.java:1487)
	at org.springframework.data.mongodb.core.MongoTemplate.save(MongoTemplate.java:1473)
	at com.agilityhub.core.shared.persistence.GlobalRepository.save(GlobalRepository.java:14)
	at java.base/jdk.internal.reflect.DirectMethodHandleAccessor.invoke(DirectMethodHandleAccessor.java:103)
	at java.base/java.lang.reflect.Method.invoke(Method.java:580)
	at org.springframework.aop.support.AopUtils.invokeJoinpointUsingReflection(AopUtils.java:360)
	at org.springframework.aop.framework.ReflectiveMethodInvocation.invokeJoinpoint(ReflectiveMethodInvocation.java:196)
	at org.springframework.aop.framework.ReflectiveMethodInvocation.proceed(ReflectiveMethodInvocation.java:163)
	at org.springframework.dao.support.PersistenceExceptionTranslationInterceptor.invoke(PersistenceExceptionTranslationInterceptor.java:138)
	at org.springframework.aop.framework.ReflectiveMethodInvocation.proceed(ReflectiveMethodInvocation.java:184)
	at org.springframework.aop.framework.CglibAopProxy$DynamicAdvisedInterceptor.intercept(CglibAopProxy.java:728)
	at com.agilityhub.core.platform.persistence.ClubRepository$$SpringCGLIB$$0.save(<generated>)
	at com.agilityhub.core.clubs.activities.application.ActivityIT.setup(ActivityIT.java:48)
	at java.base/java.lang.reflect.Method.invoke(Method.java:580)
	at java.base/java.util.ArrayList.forEach(ArrayList.java:1596)
	at java.base/java.util.ArrayList.forEach(ArrayList.java:1596)
Caused by: com.mongodb.MongoWriteException: Write operation error on server localhost:55662. Write error: WriteError{code=11000, message='E11000 duplicate key error collection: agilityhub_test.clubs index: _id_ dup key: { _id: "s07-a" }', details={}}.
	at com.mongodb.client.internal.MongoCollectionImpl.executeSingleWriteRequest(MongoCollectionImpl.java:1123)
	at com.mongodb.client.internal.MongoCollectionImpl.executeInsertOne(MongoCollectionImpl.java:498)
	at com.mongodb.client.internal.MongoCollectionImpl.insertOne(MongoCollectionImpl.java:481)
	at com.mongodb.client.internal.MongoCollectionImpl.insertOne(MongoCollectionImpl.java:475)
	at org.springframework.data.mongodb.core.MongoTemplate.lambda$insertDocument$17(MongoTemplate.java:1568)
	at org.springframework.data.mongodb.core.MongoTemplate.execute(MongoTemplate.java:616)
	... 19 more

[ERROR] com.agilityhub.core.clubs.activities.application.ActivityIT.T_07_12_editAndUnpublishSynchronizeBlocksAndPermanentlyLockSlug -- Time elapsed: 0.026 s <<< ERROR!
org.springframework.dao.DuplicateKeyException: Write operation error on server localhost:55662. Write error: WriteError{code=11000, message='E11000 duplicate key error collection: agilityhub_test.clubs index: _id_ dup key: { _id: "s07-a" }', details={}}.
	at org.springframework.data.mongodb.core.MongoExceptionTranslator.doTranslateException(MongoExceptionTranslator.java:108)
	at org.springframework.data.mongodb.core.MongoExceptionTranslator.translateExceptionIfPossible(MongoExceptionTranslator.java:74)
	at org.springframework.data.mongodb.core.MongoTemplate.potentiallyConvertRuntimeException(MongoTemplate.java:3037)
	at org.springframework.data.mongodb.core.MongoTemplate.execute(MongoTemplate.java:618)
	at org.springframework.data.mongodb.core.MongoTemplate.insertDocument(MongoTemplate.java:1562)
	at org.springframework.data.mongodb.core.MongoTemplate.doInsert(MongoTemplate.java:1364)
	at org.springframework.data.mongodb.core.MongoTemplate.doSaveVersioned(MongoTemplate.java:1495)
	at org.springframework.data.mongodb.core.MongoTemplate.save(MongoTemplate.java:1487)
	at org.springframework.data.mongodb.core.MongoTemplate.save(MongoTemplate.java:1473)
	at com.agilityhub.core.shared.persistence.GlobalRepository.save(GlobalRepository.java:14)
	at java.base/jdk.internal.reflect.DirectMethodHandleAccessor.invoke(DirectMethodHandleAccessor.java:103)
	at java.base/java.lang.reflect.Method.invoke(Method.java:580)
	at org.springframework.aop.support.AopUtils.invokeJoinpointUsingReflection(AopUtils.java:360)
	at org.springframework.aop.framework.ReflectiveMethodInvocation.invokeJoinpoint(ReflectiveMethodInvocation.java:196)
	at org.springframework.aop.framework.ReflectiveMethodInvocation.proceed(ReflectiveMethodInvocation.java:163)
	at org.springframework.dao.support.PersistenceExceptionTranslationInterceptor.invoke(PersistenceExceptionTranslationInterceptor.java:138)
	at org.springframework.aop.framework.ReflectiveMethodInvocation.proceed(ReflectiveMethodInvocation.java:184)
	at org.springframework.aop.framework.CglibAopProxy$DynamicAdvisedInterceptor.intercept(CglibAopProxy.java:728)
	at com.agilityhub.core.platform.persistence.ClubRepository$$SpringCGLIB$$0.save(<generated>)
	at com.agilityhub.core.clubs.activities.application.ActivityIT.setup(ActivityIT.java:48)
	at java.base/java.lang.reflect.Method.invoke(Method.java:580)
	at java.base/java.util.ArrayList.forEach(ArrayList.java:1596)
	at java.base/java.util.ArrayList.forEach(ArrayList.java:1596)
Caused by: com.mongodb.MongoWriteException: Write operation error on server localhost:55662. Write error: WriteError{code=11000, message='E11000 duplicate key error collection: agilityhub_test.clubs index: _id_ dup key: { _id: "s07-a" }', details={}}.
	at com.mongodb.client.internal.MongoCollectionImpl.executeSingleWriteRequest(MongoCollectionImpl.java:1123)
	at com.mongodb.client.internal.MongoCollectionImpl.executeInsertOne(MongoCollectionImpl.java:498)
	at com.mongodb.client.internal.MongoCollectionImpl.insertOne(MongoCollectionImpl.java:481)
	at com.mongodb.client.internal.MongoCollectionImpl.insertOne(MongoCollectionImpl.java:475)
	at org.springframework.data.mongodb.core.MongoTemplate.lambda$insertDocument$17(MongoTemplate.java:1568)
	at org.springframework.data.mongodb.core.MongoTemplate.execute(MongoTemplate.java:616)
	... 19 more

[ERROR] com.agilityhub.core.clubs.activities.application.ActivityIT.T_07_14_registrationIsPerPersonWithExplicitWaitlistAndReplay -- Time elapsed: 0.031 s <<< ERROR!
org.springframework.dao.DuplicateKeyException: Write operation error on server localhost:55662. Write error: WriteError{code=11000, message='E11000 duplicate key error collection: agilityhub_test.clubs index: _id_ dup key: { _id: "s07-a" }', details={}}.
	at org.springframework.data.mongodb.core.MongoExceptionTranslator.doTranslateException(MongoExceptionTranslator.java:108)
	at org.springframework.data.mongodb.core.MongoExceptionTranslator.translateExceptionIfPossible(MongoExceptionTranslator.java:74)
	at org.springframework.data.mongodb.core.MongoTemplate.potentiallyConvertRuntimeException(MongoTemplate.java:3037)
	at org.springframework.data.mongodb.core.MongoTemplate.execute(MongoTemplate.java:618)
	at org.springframework.data.mongodb.core.MongoTemplate.insertDocument(MongoTemplate.java:1562)
	at org.springframework.data.mongodb.core.MongoTemplate.doInsert(MongoTemplate.java:1364)
	at org.springframework.data.mongodb.core.MongoTemplate.doSaveVersioned(MongoTemplate.java:1495)
	at org.springframework.data.mongodb.core.MongoTemplate.save(MongoTemplate.java:1487)
	at org.springframework.data.mongodb.core.MongoTemplate.save(MongoTemplate.java:1473)
	at com.agilityhub.core.shared.persistence.GlobalRepository.save(GlobalRepository.java:14)
	at java.base/jdk.internal.reflect.DirectMethodHandleAccessor.invoke(DirectMethodHandleAccessor.java:103)
	at java.base/java.lang.reflect.Method.invoke(Method.java:580)
	at org.springframework.aop.support.AopUtils.invokeJoinpointUsingReflection(AopUtils.java:360)
	at org.springframework.aop.framework.ReflectiveMethodInvocation.invokeJoinpoint(ReflectiveMethodInvocation.java:196)
	at org.springframework.aop.framework.ReflectiveMethodInvocation.proceed(ReflectiveMethodInvocation.java:163)
	at org.springframework.dao.support.PersistenceExceptionTranslationInterceptor.invoke(PersistenceExceptionTranslationInterceptor.java:138)
	at org.springframework.aop.framework.ReflectiveMethodInvocation.proceed(ReflectiveMethodInvocation.java:184)
	at org.springframework.aop.framework.CglibAopProxy$DynamicAdvisedInterceptor.intercept(CglibAopProxy.java:728)
	at com.agilityhub.core.platform.persistence.ClubRepository$$SpringCGLIB$$0.save(<generated>)
	at com.agilityhub.core.clubs.activities.application.ActivityIT.setup(ActivityIT.java:48)
	at java.base/java.lang.reflect.Method.invoke(Method.java:580)
	at java.base/java.util.ArrayList.forEach(ArrayList.java:1596)
	at java.base/java.util.ArrayList.forEach(ArrayList.java:1596)
Caused by: com.mongodb.MongoWriteException: Write operation error on server localhost:55662. Write error: WriteError{code=11000, message='E11000 duplicate key error collection: agilityhub_test.clubs index: _id_ dup key: { _id: "s07-a" }', details={}}.
	at com.mongodb.client.internal.MongoCollectionImpl.executeSingleWriteRequest(MongoCollectionImpl.java:1123)
	at com.mongodb.client.internal.MongoCollectionImpl.executeInsertOne(MongoCollectionImpl.java:498)
	at com.mongodb.client.internal.MongoCollectionImpl.insertOne(MongoCollectionImpl.java:481)
	at com.mongodb.client.internal.MongoCollectionImpl.insertOne(MongoCollectionImpl.java:475)
	at org.springframework.data.mongodb.core.MongoTemplate.lambda$insertDocument$17(MongoTemplate.java:1568)
	at org.springframework.data.mongodb.core.MongoTemplate.execute(MongoTemplate.java:616)
	... 19 more

[ERROR] com.agilityhub.core.clubs.activities.application.ActivityIT.T_07_27_disabledModulesPreserveDataAndWaitlistOffReturnsFull -- Time elapsed: 0.032 s <<< ERROR!
org.springframework.dao.DuplicateKeyException: Write operation error on server localhost:55662. Write error: WriteError{code=11000, message='E11000 duplicate key error collection: agilityhub_test.clubs index: _id_ dup key: { _id: "s07-a" }', details={}}.
	at org.springframework.data.mongodb.core.MongoExceptionTranslator.doTranslateException(MongoExceptionTranslator.java:108)
	at org.springframework.data.mongodb.core.MongoExceptionTranslator.translateExceptionIfPossible(MongoExceptionTranslator.java:74)
	at org.springframework.data.mongodb.core.MongoTemplate.potentiallyConvertRuntimeException(MongoTemplate.java:3037)
	at org.springframework.data.mongodb.core.MongoTemplate.execute(MongoTemplate.java:618)
	at org.springframework.data.mongodb.core.MongoTemplate.insertDocument(MongoTemplate.java:1562)
	at org.springframework.data.mongodb.core.MongoTemplate.doInsert(MongoTemplate.java:1364)
	at org.springframework.data.mongodb.core.MongoTemplate.doSaveVersioned(MongoTemplate.java:1495)
	at org.springframework.data.mongodb.core.MongoTemplate.save(MongoTemplate.java:1487)
	at org.springframework.data.mongodb.core.MongoTemplate.save(MongoTemplate.java:1473)
	at com.agilityhub.core.shared.persistence.GlobalRepository.save(GlobalRepository.java:14)
	at java.base/jdk.internal.reflect.DirectMethodHandleAccessor.invoke(DirectMethodHandleAccessor.java:103)
	at java.base/java.lang.reflect.Method.invoke(Method.java:580)
	at org.springframework.aop.support.AopUtils.invokeJoinpointUsingReflection(AopUtils.java:360)
	at org.springframework.aop.framework.ReflectiveMethodInvocation.invokeJoinpoint(ReflectiveMethodInvocation.java:196)
	at org.springframework.aop.framework.ReflectiveMethodInvocation.proceed(ReflectiveMethodInvocation.java:163)
	at org.springframework.dao.support.PersistenceExceptionTranslationInterceptor.invoke(PersistenceExceptionTranslationInterceptor.java:138)
	at org.springframework.aop.framework.ReflectiveMethodInvocation.proceed(ReflectiveMethodInvocation.java:184)
	at org.springframework.aop.framework.CglibAopProxy$DynamicAdvisedInterceptor.intercept(CglibAopProxy.java:728)
	at com.agilityhub.core.platform.persistence.ClubRepository$$SpringCGLIB$$0.save(<generated>)
	at com.agilityhub.core.clubs.activities.application.ActivityIT.setup(ActivityIT.java:48)
	at java.base/java.lang.reflect.Method.invoke(Method.java:580)
	at java.base/java.util.ArrayList.forEach(ArrayList.java:1596)
	at java.base/java.util.ArrayList.forEach(ArrayList.java:1596)
Caused by: com.mongodb.MongoWriteException: Write operation error on server localhost:55662. Write error: WriteError{code=11000, message='E11000 duplicate key error collection: agilityhub_test.clubs index: _id_ dup key: { _id: "s07-a" }', details={}}.
	at com.mongodb.client.internal.MongoCollectionImpl.executeSingleWriteRequest(MongoCollectionImpl.java:1123)
	at com.mongodb.client.internal.MongoCollectionImpl.executeInsertOne(MongoCollectionImpl.java:498)
	at com.mongodb.client.internal.MongoCollectionImpl.insertOne(MongoCollectionImpl.java:481)
	at com.mongodb.client.internal.MongoCollectionImpl.insertOne(MongoCollectionImpl.java:475)
	at org.springframework.data.mongodb.core.MongoTemplate.lambda$insertDocument$17(MongoTemplate.java:1568)
	at org.springframework.data.mongodb.core.MongoTemplate.execute(MongoTemplate.java:616)
	... 19 more

[ERROR] com.agilityhub.core.clubs.activities.application.ActivityIT.T_07_16_memberViewsFilterSelectedDogAndShowOwnRegistrationAndHistory -- Time elapsed: 0.029 s <<< ERROR!
org.springframework.dao.DuplicateKeyException: Write operation error on server localhost:55662. Write error: WriteError{code=11000, message='E11000 duplicate key error collection: agilityhub_test.clubs index: _id_ dup key: { _id: "s07-a" }', details={}}.
	at org.springframework.data.mongodb.core.MongoExceptionTranslator.doTranslateException(MongoExceptionTranslator.java:108)
	at org.springframework.data.mongodb.core.MongoExceptionTranslator.translateExceptionIfPossible(MongoExceptionTranslator.java:74)
	at org.springframework.data.mongodb.core.MongoTemplate.potentiallyConvertRuntimeException(MongoTemplate.java:3037)
	at org.springframework.data.mongodb.core.MongoTemplate.execute(MongoTemplate.java:618)
	at org.springframework.data.mongodb.core.MongoTemplate.insertDocument(MongoTemplate.java:1562)
	at org.springframework.data.mongodb.core.MongoTemplate.doInsert(MongoTemplate.java:1364)
	at org.springframework.data.mongodb.core.MongoTemplate.doSaveVersioned(MongoTemplate.java:1495)
	at org.springframework.data.mongodb.core.MongoTemplate.save(MongoTemplate.java:1487)
	at org.springframework.data.mongodb.core.MongoTemplate.save(MongoTemplate.java:1473)
	at com.agilityhub.core.shared.persistence.GlobalRepository.save(GlobalRepository.java:14)
	at java.base/jdk.internal.reflect.DirectMethodHandleAccessor.invoke(DirectMethodHandleAccessor.java:103)
	at java.base/java.lang.reflect.Method.invoke(Method.java:580)
	at org.springframework.aop.support.AopUtils.invokeJoinpointUsingReflection(AopUtils.java:360)
	at org.springframework.aop.framework.ReflectiveMethodInvocation.invokeJoinpoint(ReflectiveMethodInvocation.java:196)
	at org.springframework.aop.framework.ReflectiveMethodInvocation.proceed(ReflectiveMethodInvocation.java:163)
	at org.springframework.dao.support.PersistenceExceptionTranslationInterceptor.invoke(PersistenceExceptionTranslationInterceptor.java:138)
	at org.springframework.aop.framework.ReflectiveMethodInvocation.proceed(ReflectiveMethodInvocation.java:184)
	at org.springframework.aop.framework.CglibAopProxy$DynamicAdvisedInterceptor.intercept(CglibAopProxy.java:728)
	at com.agilityhub.core.platform.persistence.ClubRepository$$SpringCGLIB$$0.save(<generated>)
	at com.agilityhub.core.clubs.activities.application.ActivityIT.setup(ActivityIT.java:48)
	at java.base/java.lang.reflect.Method.invoke(Method.java:580)
	at java.base/java.util.ArrayList.forEach(ArrayList.java:1596)
	at java.base/java.util.ArrayList.forEach(ArrayList.java:1596)
Caused by: com.mongodb.MongoWriteException: Write operation error on server localhost:55662. Write error: WriteError{code=11000, message='E11000 duplicate key error collection: agilityhub_test.clubs index: _id_ dup key: { _id: "s07-a" }', details={}}.
	at com.mongodb.client.internal.MongoCollectionImpl.executeSingleWriteRequest(MongoCollectionImpl.java:1123)
	at com.mongodb.client.internal.MongoCollectionImpl.executeInsertOne(MongoCollectionImpl.java:498)
	at com.mongodb.client.internal.MongoCollectionImpl.insertOne(MongoCollectionImpl.java:481)
	at com.mongodb.client.internal.MongoCollectionImpl.insertOne(MongoCollectionImpl.java:475)
	at org.springframework.data.mongodb.core.MongoTemplate.lambda$insertDocument$17(MongoTemplate.java:1568)
	at org.springframework.data.mongodb.core.MongoTemplate.execute(MongoTemplate.java:616)
	... 19 more

[ERROR] com.agilityhub.core.clubs.activities.application.ActivityIT.T_07_18_finishEndedIsStrictIdempotentAndProducesHistory -- Time elapsed: 0.023 s <<< ERROR!
org.springframework.dao.DuplicateKeyException: Write operation error on server localhost:55662. Write error: WriteError{code=11000, message='E11000 duplicate key error collection: agilityhub_test.clubs index: _id_ dup key: { _id: "s07-a" }', details={}}.
	at org.springframework.data.mongodb.core.MongoExceptionTranslator.doTranslateException(MongoExceptionTranslator.java:108)
	at org.springframework.data.mongodb.core.MongoExceptionTranslator.translateExceptionIfPossible(MongoExceptionTranslator.java:74)
	at org.springframework.data.mongodb.core.MongoTemplate.potentiallyConvertRuntimeException(MongoTemplate.java:3037)
	at org.springframework.data.mongodb.core.MongoTemplate.execute(MongoTemplate.java:618)
	at org.springframework.data.mongodb.core.MongoTemplate.insertDocument(MongoTemplate.java:1562)
	at org.springframework.data.mongodb.core.MongoTemplate.doInsert(MongoTemplate.java:1364)
	at org.springframework.data.mongodb.core.MongoTemplate.doSaveVersioned(MongoTemplate.java:1495)
	at org.springframework.data.mongodb.core.MongoTemplate.save(MongoTemplate.java:1487)
	at org.springframework.data.mongodb.core.MongoTemplate.save(MongoTemplate.java:1473)
	at com.agilityhub.core.shared.persistence.GlobalRepository.save(GlobalRepository.java:14)
	at java.base/jdk.internal.reflect.DirectMethodHandleAccessor.invoke(DirectMethodHandleAccessor.java:103)
	at java.base/java.lang.reflect.Method.invoke(Method.java:580)
	at org.springframework.aop.support.AopUtils.invokeJoinpointUsingReflection(AopUtils.java:360)
	at org.springframework.aop.framework.ReflectiveMethodInvocation.invokeJoinpoint(ReflectiveMethodInvocation.java:196)
	at org.springframework.aop.framework.ReflectiveMethodInvocation.proceed(ReflectiveMethodInvocation.java:163)
	at org.springframework.dao.support.PersistenceExceptionTranslationInterceptor.invoke(PersistenceExceptionTranslationInterceptor.java:138)
	at org.springframework.aop.framework.ReflectiveMethodInvocation.proceed(ReflectiveMethodInvocation.java:184)
	at org.springframework.aop.framework.CglibAopProxy$DynamicAdvisedInterceptor.intercept(CglibAopProxy.java:728)
	at com.agilityhub.core.platform.persistence.ClubRepository$$SpringCGLIB$$0.save(<generated>)
	at com.agilityhub.core.clubs.activities.application.ActivityIT.setup(ActivityIT.java:48)
	at java.base/java.lang.reflect.Method.invoke(Method.java:580)
	at java.base/java.util.ArrayList.forEach(ArrayList.java:1596)
	at java.base/java.util.ArrayList.forEach(ArrayList.java:1596)
Caused by: com.mongodb.MongoWriteException: Write operation error on server localhost:55662. Write error: WriteError{code=11000, message='E11000 duplicate key error collection: agilityhub_test.clubs index: _id_ dup key: { _id: "s07-a" }', details={}}.
	at com.mongodb.client.internal.MongoCollectionImpl.executeSingleWriteRequest(MongoCollectionImpl.java:1123)
	at com.mongodb.client.internal.MongoCollectionImpl.executeInsertOne(MongoCollectionImpl.java:498)
	at com.mongodb.client.internal.MongoCollectionImpl.insertOne(MongoCollectionImpl.java:481)
	at com.mongodb.client.internal.MongoCollectionImpl.insertOne(MongoCollectionImpl.java:475)
	at org.springframework.data.mongodb.core.MongoTemplate.lambda$insertDocument$17(MongoTemplate.java:1568)
	at org.springframework.data.mongodb.core.MongoTemplate.execute(MongoTemplate.java:616)
	... 19 more

[ERROR] com.agilityhub.core.clubs.activities.application.ActivityIT.T_07_17_publicApiIsLocalizedKeyScopedAndContainsNoPersonalData -- Time elapsed: 0.026 s <<< ERROR!
org.springframework.dao.DuplicateKeyException: Write operation error on server localhost:55662. Write error: WriteError{code=11000, message='E11000 duplicate key error collection: agilityhub_test.clubs index: _id_ dup key: { _id: "s07-a" }', details={}}.
	at org.springframework.data.mongodb.core.MongoExceptionTranslator.doTranslateException(MongoExceptionTranslator.java:108)
	at org.springframework.data.mongodb.core.MongoExceptionTranslator.translateExceptionIfPossible(MongoExceptionTranslator.java:74)
	at org.springframework.data.mongodb.core.MongoTemplate.potentiallyConvertRuntimeException(MongoTemplate.java:3037)
	at org.springframework.data.mongodb.core.MongoTemplate.execute(MongoTemplate.java:618)
	at org.springframework.data.mongodb.core.MongoTemplate.insertDocument(MongoTemplate.java:1562)
	at org.springframework.data.mongodb.core.MongoTemplate.doInsert(MongoTemplate.java:1364)
	at org.springframework.data.mongodb.core.MongoTemplate.doSaveVersioned(MongoTemplate.java:1495)
	at org.springframework.data.mongodb.core.MongoTemplate.save(MongoTemplate.java:1487)
	at org.springframework.data.mongodb.core.MongoTemplate.save(MongoTemplate.java:1473)
	at com.agilityhub.core.shared.persistence.GlobalRepository.save(GlobalRepository.java:14)
	at java.base/jdk.internal.reflect.DirectMethodHandleAccessor.invoke(DirectMethodHandleAccessor.java:103)
	at java.base/java.lang.reflect.Method.invoke(Method.java:580)
	at org.springframework.aop.support.AopUtils.invokeJoinpointUsingReflection(AopUtils.java:360)
	at org.springframework.aop.framework.ReflectiveMethodInvocation.invokeJoinpoint(ReflectiveMethodInvocation.java:196)
	at org.springframework.aop.framework.ReflectiveMethodInvocation.proceed(ReflectiveMethodInvocation.java:163)
	at org.springframework.dao.support.PersistenceExceptionTranslationInterceptor.invoke(PersistenceExceptionTranslationInterceptor.java:138)
	at org.springframework.aop.framework.ReflectiveMethodInvocation.proceed(ReflectiveMethodInvocation.java:184)
	at org.springframework.aop.framework.CglibAopProxy$DynamicAdvisedInterceptor.intercept(CglibAopProxy.java:728)
	at com.agilityhub.core.platform.persistence.ClubRepository$$SpringCGLIB$$0.save(<generated>)
	at com.agilityhub.core.clubs.activities.application.ActivityIT.setup(ActivityIT.java:48)
	at java.base/java.lang.reflect.Method.invoke(Method.java:580)
	at java.base/java.util.ArrayList.forEach(ArrayList.java:1596)
	at java.base/java.util.ArrayList.forEach(ArrayList.java:1596)
Caused by: com.mongodb.MongoWriteException: Write operation error on server localhost:55662. Write error: WriteError{code=11000, message='E11000 duplicate key error collection: agilityhub_test.clubs index: _id_ dup key: { _id: "s07-a" }', details={}}.
	at com.mongodb.client.internal.MongoCollectionImpl.executeSingleWriteRequest(MongoCollectionImpl.java:1123)
	at com.mongodb.client.internal.MongoCollectionImpl.executeInsertOne(MongoCollectionImpl.java:498)
	at com.mongodb.client.internal.MongoCollectionImpl.insertOne(MongoCollectionImpl.java:481)
	at com.mongodb.client.internal.MongoCollectionImpl.insertOne(MongoCollectionImpl.java:475)
	at org.springframework.data.mongodb.core.MongoTemplate.lambda$insertDocument$17(MongoTemplate.java:1568)
	at org.springframework.data.mongodb.core.MongoTemplate.execute(MongoTemplate.java:616)
	... 19 more

[ERROR] com.agilityhub.core.clubs.activities.application.ActivityIT.T_07_11_conflictsRollbackPublicationAndExplicitClassCancellationSucceeds -- Time elapsed: 0.024 s <<< ERROR!
org.springframework.dao.DuplicateKeyException: Write operation error on server localhost:55662. Write error: WriteError{code=11000, message='E11000 duplicate key error collection: agilityhub_test.clubs index: _id_ dup key: { _id: "s07-a" }', details={}}.
	at org.springframework.data.mongodb.core.MongoExceptionTranslator.doTranslateException(MongoExceptionTranslator.java:108)
	at org.springframework.data.mongodb.core.MongoExceptionTranslator.translateExceptionIfPossible(MongoExceptionTranslator.java:74)
	at org.springframework.data.mongodb.core.MongoTemplate.potentiallyConvertRuntimeException(MongoTemplate.java:3037)
	at org.springframework.data.mongodb.core.MongoTemplate.execute(MongoTemplate.java:618)
	at org.springframework.data.mongodb.core.MongoTemplate.insertDocument(MongoTemplate.java:1562)
	at org.springframework.data.mongodb.core.MongoTemplate.doInsert(MongoTemplate.java:1364)
	at org.springframework.data.mongodb.core.MongoTemplate.doSaveVersioned(MongoTemplate.java:1495)
	at org.springframework.data.mongodb.core.MongoTemplate.save(MongoTemplate.java:1487)
	at org.springframework.data.mongodb.core.MongoTemplate.save(MongoTemplate.java:1473)
	at com.agilityhub.core.shared.persistence.GlobalRepository.save(GlobalRepository.java:14)
	at java.base/jdk.internal.reflect.DirectMethodHandleAccessor.invoke(DirectMethodHandleAccessor.java:103)
	at java.base/java.lang.reflect.Method.invoke(Method.java:580)
	at org.springframework.aop.support.AopUtils.invokeJoinpointUsingReflection(AopUtils.java:360)
	at org.springframework.aop.framework.ReflectiveMethodInvocation.invokeJoinpoint(ReflectiveMethodInvocation.java:196)
	at org.springframework.aop.framework.ReflectiveMethodInvocation.proceed(ReflectiveMethodInvocation.java:163)
	at org.springframework.dao.support.PersistenceExceptionTranslationInterceptor.invoke(PersistenceExceptionTranslationInterceptor.java:138)
	at org.springframework.aop.framework.ReflectiveMethodInvocation.proceed(ReflectiveMethodInvocation.java:184)
	at org.springframework.aop.framework.CglibAopProxy$DynamicAdvisedInterceptor.intercept(CglibAopProxy.java:728)
	at com.agilityhub.core.platform.persistence.ClubRepository$$SpringCGLIB$$0.save(<generated>)
	at com.agilityhub.core.clubs.activities.application.ActivityIT.setup(ActivityIT.java:48)
	at java.base/java.lang.reflect.Method.invoke(Method.java:580)
	at java.base/java.util.ArrayList.forEach(ArrayList.java:1596)
	at java.base/java.util.ArrayList.forEach(ArrayList.java:1596)
Caused by: com.mongodb.MongoWriteException: Write operation error on server localhost:55662. Write error: WriteError{code=11000, message='E11000 duplicate key error collection: agilityhub_test.clubs index: _id_ dup key: { _id: "s07-a" }', details={}}.
	at com.mongodb.client.internal.MongoCollectionImpl.executeSingleWriteRequest(MongoCollectionImpl.java:1123)
	at com.mongodb.client.internal.MongoCollectionImpl.executeInsertOne(MongoCollectionImpl.java:498)
	at com.mongodb.client.internal.MongoCollectionImpl.insertOne(MongoCollectionImpl.java:481)
	at com.mongodb.client.internal.MongoCollectionImpl.insertOne(MongoCollectionImpl.java:475)
	at org.springframework.data.mongodb.core.MongoTemplate.lambda$insertDocument$17(MongoTemplate.java:1568)
	at org.springframework.data.mongodb.core.MongoTemplate.execute(MongoTemplate.java:616)
	... 19 more

[ERROR] com.agilityhub.core.clubs.activities.application.ActivityIT.T_07_15_cancellationAndCapacityGrowthPromoteFifoOnlyWithinDeadline -- Time elapsed: 0.024 s <<< ERROR!
org.springframework.dao.DuplicateKeyException: Write operation error on server localhost:55662. Write error: WriteError{code=11000, message='E11000 duplicate key error collection: agilityhub_test.clubs index: _id_ dup key: { _id: "s07-a" }', details={}}.
	at org.springframework.data.mongodb.core.MongoExceptionTranslator.doTranslateException(MongoExceptionTranslator.java:108)
	at org.springframework.data.mongodb.core.MongoExceptionTranslator.translateExceptionIfPossible(MongoExceptionTranslator.java:74)
	at org.springframework.data.mongodb.core.MongoTemplate.potentiallyConvertRuntimeException(MongoTemplate.java:3037)
	at org.springframework.data.mongodb.core.MongoTemplate.execute(MongoTemplate.java:618)
	at org.springframework.data.mongodb.core.MongoTemplate.insertDocument(MongoTemplate.java:1562)
	at org.springframework.data.mongodb.core.MongoTemplate.doInsert(MongoTemplate.java:1364)
	at org.springframework.data.mongodb.core.MongoTemplate.doSaveVersioned(MongoTemplate.java:1495)
	at org.springframework.data.mongodb.core.MongoTemplate.save(MongoTemplate.java:1487)
	at org.springframework.data.mongodb.core.MongoTemplate.save(MongoTemplate.java:1473)
	at com.agilityhub.core.shared.persistence.GlobalRepository.save(GlobalRepository.java:14)
	at java.base/jdk.internal.reflect.DirectMethodHandleAccessor.invoke(DirectMethodHandleAccessor.java:103)
	at java.base/java.lang.reflect.Method.invoke(Method.java:580)
	at org.springframework.aop.support.AopUtils.invokeJoinpointUsingReflection(AopUtils.java:360)
	at org.springframework.aop.framework.ReflectiveMethodInvocation.invokeJoinpoint(ReflectiveMethodInvocation.java:196)
	at org.springframework.aop.framework.ReflectiveMethodInvocation.proceed(ReflectiveMethodInvocation.java:163)
	at org.springframework.dao.support.PersistenceExceptionTranslationInterceptor.invoke(PersistenceExceptionTranslationInterceptor.java:138)
	at org.springframework.aop.framework.ReflectiveMethodInvocation.proceed(ReflectiveMethodInvocation.java:184)
	at org.springframework.aop.framework.CglibAopProxy$DynamicAdvisedInterceptor.intercept(CglibAopProxy.java:728)
	at com.agilityhub.core.platform.persistence.ClubRepository$$SpringCGLIB$$0.save(<generated>)
	at com.agilityhub.core.clubs.activities.application.ActivityIT.setup(ActivityIT.java:48)
	at java.base/java.lang.reflect.Method.invoke(Method.java:580)
	at java.base/java.util.ArrayList.forEach(ArrayList.java:1596)
	at java.base/java.util.ArrayList.forEach(ArrayList.java:1596)
Caused by: com.mongodb.MongoWriteException: Write operation error on server localhost:55662. Write error: WriteError{code=11000, message='E11000 duplicate key error collection: agilityhub_test.clubs index: _id_ dup key: { _id: "s07-a" }', details={}}.
	at com.mongodb.client.internal.MongoCollectionImpl.executeSingleWriteRequest(MongoCollectionImpl.java:1123)
	at com.mongodb.client.internal.MongoCollectionImpl.executeInsertOne(MongoCollectionImpl.java:498)
	at com.mongodb.client.internal.MongoCollectionImpl.insertOne(MongoCollectionImpl.java:481)
	at com.mongodb.client.internal.MongoCollectionImpl.insertOne(MongoCollectionImpl.java:475)
	at org.springframework.data.mongodb.core.MongoTemplate.lambda$insertDocument$17(MongoTemplate.java:1568)
	at org.springframework.data.mongodb.core.MongoTemplate.execute(MongoTemplate.java:616)
	... 19 more

[ERROR] com.agilityhub.core.clubs.activities.application.ActivityIT.T_07_24_twentyConcurrentRequestsSerializeTheLastSeatAndUniqueFifoPositions -- Time elapsed: 0.024 s <<< ERROR!
org.springframework.dao.DuplicateKeyException: Write operation error on server localhost:55662. Write error: WriteError{code=11000, message='E11000 duplicate key error collection: agilityhub_test.clubs index: _id_ dup key: { _id: "s07-a" }', details={}}.
	at org.springframework.data.mongodb.core.MongoExceptionTranslator.doTranslateException(MongoExceptionTranslator.java:108)
	at org.springframework.data.mongodb.core.MongoExceptionTranslator.translateExceptionIfPossible(MongoExceptionTranslator.java:74)
	at org.springframework.data.mongodb.core.MongoTemplate.potentiallyConvertRuntimeException(MongoTemplate.java:3037)
	at org.springframework.data.mongodb.core.MongoTemplate.execute(MongoTemplate.java:618)
	at org.springframework.data.mongodb.core.MongoTemplate.insertDocument(MongoTemplate.java:1562)
	at org.springframework.data.mongodb.core.MongoTemplate.doInsert(MongoTemplate.java:1364)
	at org.springframework.data.mongodb.core.MongoTemplate.doSaveVersioned(MongoTemplate.java:1495)
	at org.springframework.data.mongodb.core.MongoTemplate.save(MongoTemplate.java:1487)
	at org.springframework.data.mongodb.core.MongoTemplate.save(MongoTemplate.java:1473)
	at com.agilityhub.core.shared.persistence.GlobalRepository.save(GlobalRepository.java:14)
	at java.base/jdk.internal.reflect.DirectMethodHandleAccessor.invoke(DirectMethodHandleAccessor.java:103)
	at java.base/java.lang.reflect.Method.invoke(Method.java:580)
	at org.springframework.aop.support.AopUtils.invokeJoinpointUsingReflection(AopUtils.java:360)
	at org.springframework.aop.framework.ReflectiveMethodInvocation.invokeJoinpoint(ReflectiveMethodInvocation.java:196)
	at org.springframework.aop.framework.ReflectiveMethodInvocation.proceed(ReflectiveMethodInvocation.java:163)
	at org.springframework.dao.support.PersistenceExceptionTranslationInterceptor.invoke(PersistenceExceptionTranslationInterceptor.java:138)
	at org.springframework.aop.framework.ReflectiveMethodInvocation.proceed(ReflectiveMethodInvocation.java:184)
	at org.springframework.aop.framework.CglibAopProxy$DynamicAdvisedInterceptor.intercept(CglibAopProxy.java:728)
	at com.agilityhub.core.platform.persistence.ClubRepository$$SpringCGLIB$$0.save(<generated>)
	at com.agilityhub.core.clubs.activities.application.ActivityIT.setup(ActivityIT.java:48)
	at java.base/java.lang.reflect.Method.invoke(Method.java:580)
	at java.base/java.util.ArrayList.forEach(ArrayList.java:1596)
	at java.base/java.util.ArrayList.forEach(ArrayList.java:1596)
Caused by: com.mongodb.MongoWriteException: Write operation error on server localhost:55662. Write error: WriteError{code=11000, message='E11000 duplicate key error collection: agilityhub_test.clubs index: _id_ dup key: { _id: "s07-a" }', details={}}.
	at com.mongodb.client.internal.MongoCollectionImpl.executeSingleWriteRequest(MongoCollectionImpl.java:1123)
	at com.mongodb.client.internal.MongoCollectionImpl.executeInsertOne(MongoCollectionImpl.java:498)
	at com.mongodb.client.internal.MongoCollectionImpl.insertOne(MongoCollectionImpl.java:481)
	at com.mongodb.client.internal.MongoCollectionImpl.insertOne(MongoCollectionImpl.java:475)
	at org.springframework.data.mongodb.core.MongoTemplate.lambda$insertDocument$17(MongoTemplate.java:1568)
	at org.springframework.data.mongodb.core.MongoTemplate.execute(MongoTemplate.java:616)
	... 19 more

[ERROR] com.agilityhub.core.clubs.activities.application.ActivityIT.T_07_28_notificationsUseAudienceRecipientLocaleAndGsmLimit -- Time elapsed: 0.024 s <<< ERROR!
org.springframework.dao.DuplicateKeyException: Write operation error on server localhost:55662. Write error: WriteError{code=11000, message='E11000 duplicate key error collection: agilityhub_test.clubs index: _id_ dup key: { _id: "s07-a" }', details={}}.
	at org.springframework.data.mongodb.core.MongoExceptionTranslator.doTranslateException(MongoExceptionTranslator.java:108)
	at org.springframework.data.mongodb.core.MongoExceptionTranslator.translateExceptionIfPossible(MongoExceptionTranslator.java:74)
	at org.springframework.data.mongodb.core.MongoTemplate.potentiallyConvertRuntimeException(MongoTemplate.java:3037)
	at org.springframework.data.mongodb.core.MongoTemplate.execute(MongoTemplate.java:618)
	at org.springframework.data.mongodb.core.MongoTemplate.insertDocument(MongoTemplate.java:1562)
	at org.springframework.data.mongodb.core.MongoTemplate.doInsert(MongoTemplate.java:1364)
	at org.springframework.data.mongodb.core.MongoTemplate.doSaveVersioned(MongoTemplate.java:1495)
	at org.springframework.data.mongodb.core.MongoTemplate.save(MongoTemplate.java:1487)
	at org.springframework.data.mongodb.core.MongoTemplate.save(MongoTemplate.java:1473)
	at com.agilityhub.core.shared.persistence.GlobalRepository.save(GlobalRepository.java:14)
	at java.base/jdk.internal.reflect.DirectMethodHandleAccessor.invoke(DirectMethodHandleAccessor.java:103)
	at java.base/java.lang.reflect.Method.invoke(Method.java:580)
	at org.springframework.aop.support.AopUtils.invokeJoinpointUsingReflection(AopUtils.java:360)
	at org.springframework.aop.framework.ReflectiveMethodInvocation.invokeJoinpoint(ReflectiveMethodInvocation.java:196)
	at org.springframework.aop.framework.ReflectiveMethodInvocation.proceed(ReflectiveMethodInvocation.java:163)
	at org.springframework.dao.support.PersistenceExceptionTranslationInterceptor.invoke(PersistenceExceptionTranslationInterceptor.java:138)
	at org.springframework.aop.framework.ReflectiveMethodInvocation.proceed(ReflectiveMethodInvocation.java:184)
	at org.springframework.aop.framework.CglibAopProxy$DynamicAdvisedInterceptor.intercept(CglibAopProxy.java:728)
	at com.agilityhub.core.platform.persistence.ClubRepository$$SpringCGLIB$$0.save(<generated>)
	at com.agilityhub.core.clubs.activities.application.ActivityIT.setup(ActivityIT.java:48)
	at java.base/java.lang.reflect.Method.invoke(Method.java:580)
	at java.base/java.util.ArrayList.forEach(ArrayList.java:1596)
	at java.base/java.util.ArrayList.forEach(ArrayList.java:1596)
Caused by: com.mongodb.MongoWriteException: Write operation error on server localhost:55662. Write error: WriteError{code=11000, message='E11000 duplicate key error collection: agilityhub_test.clubs index: _id_ dup key: { _id: "s07-a" }', details={}}.
	at com.mongodb.client.internal.MongoCollectionImpl.executeSingleWriteRequest(MongoCollectionImpl.java:1123)
	at com.mongodb.client.internal.MongoCollectionImpl.executeInsertOne(MongoCollectionImpl.java:498)
	at com.mongodb.client.internal.MongoCollectionImpl.insertOne(MongoCollectionImpl.java:481)
	at com.mongodb.client.internal.MongoCollectionImpl.insertOne(MongoCollectionImpl.java:475)
	at org.springframework.data.mongodb.core.MongoTemplate.lambda$insertDocument$17(MongoTemplate.java:1568)
	at org.springframework.data.mongodb.core.MongoTemplate.execute(MongoTemplate.java:616)
	... 19 more

[ERROR] com.agilityhub.core.clubs.activities.application.ActivityIT.T_07_19_systemCancellationHonorsIntervalsAndMemberLeftIsSilent -- Time elapsed: 0.025 s <<< ERROR!
org.springframework.dao.DuplicateKeyException: Write operation error on server localhost:55662. Write error: WriteError{code=11000, message='E11000 duplicate key error collection: agilityhub_test.clubs index: _id_ dup key: { _id: "s07-a" }', details={}}.
	at org.springframework.data.mongodb.core.MongoExceptionTranslator.doTranslateException(MongoExceptionTranslator.java:108)
	at org.springframework.data.mongodb.core.MongoExceptionTranslator.translateExceptionIfPossible(MongoExceptionTranslator.java:74)
	at org.springframework.data.mongodb.core.MongoTemplate.potentiallyConvertRuntimeException(MongoTemplate.java:3037)
	at org.springframework.data.mongodb.core.MongoTemplate.execute(MongoTemplate.java:618)
	at org.springframework.data.mongodb.core.MongoTemplate.insertDocument(MongoTemplate.java:1562)
	at org.springframework.data.mongodb.core.MongoTemplate.doInsert(MongoTemplate.java:1364)
	at org.springframework.data.mongodb.core.MongoTemplate.doSaveVersioned(MongoTemplate.java:1495)
	at org.springframework.data.mongodb.core.MongoTemplate.save(MongoTemplate.java:1487)
	at org.springframework.data.mongodb.core.MongoTemplate.save(MongoTemplate.java:1473)
	at com.agilityhub.core.shared.persistence.GlobalRepository.save(GlobalRepository.java:14)
	at java.base/jdk.internal.reflect.DirectMethodHandleAccessor.invoke(DirectMethodHandleAccessor.java:103)
	at java.base/java.lang.reflect.Method.invoke(Method.java:580)
	at org.springframework.aop.support.AopUtils.invokeJoinpointUsingReflection(AopUtils.java:360)
	at org.springframework.aop.framework.ReflectiveMethodInvocation.invokeJoinpoint(ReflectiveMethodInvocation.java:196)
	at org.springframework.aop.framework.ReflectiveMethodInvocation.proceed(ReflectiveMethodInvocation.java:163)
	at org.springframework.dao.support.PersistenceExceptionTranslationInterceptor.invoke(PersistenceExceptionTranslationInterceptor.java:138)
	at org.springframework.aop.framework.ReflectiveMethodInvocation.proceed(ReflectiveMethodInvocation.java:184)
	at org.springframework.aop.framework.CglibAopProxy$DynamicAdvisedInterceptor.intercept(CglibAopProxy.java:728)
	at com.agilityhub.core.platform.persistence.ClubRepository$$SpringCGLIB$$0.save(<generated>)
	at com.agilityhub.core.clubs.activities.application.ActivityIT.setup(ActivityIT.java:48)
	at java.base/java.lang.reflect.Method.invoke(Method.java:580)
	at java.base/java.util.ArrayList.forEach(ArrayList.java:1596)
	at java.base/java.util.ArrayList.forEach(ArrayList.java:1596)
Caused by: com.mongodb.MongoWriteException: Write operation error on server localhost:55662. Write error: WriteError{code=11000, message='E11000 duplicate key error collection: agilityhub_test.clubs index: _id_ dup key: { _id: "s07-a" }', details={}}.
	at com.mongodb.client.internal.MongoCollectionImpl.executeSingleWriteRequest(MongoCollectionImpl.java:1123)
	at com.mongodb.client.internal.MongoCollectionImpl.executeInsertOne(MongoCollectionImpl.java:498)
	at com.mongodb.client.internal.MongoCollectionImpl.insertOne(MongoCollectionImpl.java:481)
	at com.mongodb.client.internal.MongoCollectionImpl.insertOne(MongoCollectionImpl.java:475)
	at org.springframework.data.mongodb.core.MongoTemplate.lambda$insertDocument$17(MongoTemplate.java:1568)
	at org.springframework.data.mongodb.core.MongoTemplate.execute(MongoTemplate.java:616)
	... 19 more

[ERROR] com.agilityhub.core.clubs.activities.application.ActivityIT.T_07_10_publicationCreatesFiveBlocksAndTitleCellsWithAtomicReplay -- Time elapsed: 0.023 s <<< ERROR!
org.springframework.dao.DuplicateKeyException: Write operation error on server localhost:55662. Write error: WriteError{code=11000, message='E11000 duplicate key error collection: agilityhub_test.clubs index: _id_ dup key: { _id: "s07-a" }', details={}}.
	at org.springframework.data.mongodb.core.MongoExceptionTranslator.doTranslateException(MongoExceptionTranslator.java:108)
	at org.springframework.data.mongodb.core.MongoExceptionTranslator.translateExceptionIfPossible(MongoExceptionTranslator.java:74)
	at org.springframework.data.mongodb.core.MongoTemplate.potentiallyConvertRuntimeException(MongoTemplate.java:3037)
	at org.springframework.data.mongodb.core.MongoTemplate.execute(MongoTemplate.java:618)
	at org.springframework.data.mongodb.core.MongoTemplate.insertDocument(MongoTemplate.java:1562)
	at org.springframework.data.mongodb.core.MongoTemplate.doInsert(MongoTemplate.java:1364)
	at org.springframework.data.mongodb.core.MongoTemplate.doSaveVersioned(MongoTemplate.java:1495)
	at org.springframework.data.mongodb.core.MongoTemplate.save(MongoTemplate.java:1487)
	at org.springframework.data.mongodb.core.MongoTemplate.save(MongoTemplate.java:1473)
	at com.agilityhub.core.shared.persistence.GlobalRepository.save(GlobalRepository.java:14)
	at java.base/jdk.internal.reflect.DirectMethodHandleAccessor.invoke(DirectMethodHandleAccessor.java:103)
	at java.base/java.lang.reflect.Method.invoke(Method.java:580)
	at org.springframework.aop.support.AopUtils.invokeJoinpointUsingReflection(AopUtils.java:360)
	at org.springframework.aop.framework.ReflectiveMethodInvocation.invokeJoinpoint(ReflectiveMethodInvocation.java:196)
	at org.springframework.aop.framework.ReflectiveMethodInvocation.proceed(ReflectiveMethodInvocation.java:163)
	at org.springframework.dao.support.PersistenceExceptionTranslationInterceptor.invoke(PersistenceExceptionTranslationInterceptor.java:138)
	at org.springframework.aop.framework.ReflectiveMethodInvocation.proceed(ReflectiveMethodInvocation.java:184)
	at org.springframework.aop.framework.CglibAopProxy$DynamicAdvisedInterceptor.intercept(CglibAopProxy.java:728)
	at com.agilityhub.core.platform.persistence.ClubRepository$$SpringCGLIB$$0.save(<generated>)
	at com.agilityhub.core.clubs.activities.application.ActivityIT.setup(ActivityIT.java:48)
	at java.base/java.lang.reflect.Method.invoke(Method.java:580)
	at java.base/java.util.ArrayList.forEach(ArrayList.java:1596)
	at java.base/java.util.ArrayList.forEach(ArrayList.java:1596)
Caused by: com.mongodb.MongoWriteException: Write operation error on server localhost:55662. Write error: WriteError{code=11000, message='E11000 duplicate key error collection: agilityhub_test.clubs index: _id_ dup key: { _id: "s07-a" }', details={}}.
	at com.mongodb.client.internal.MongoCollectionImpl.executeSingleWriteRequest(MongoCollectionImpl.java:1123)
	at com.mongodb.client.internal.MongoCollectionImpl.executeInsertOne(MongoCollectionImpl.java:498)
	at com.mongodb.client.internal.MongoCollectionImpl.insertOne(MongoCollectionImpl.java:481)
	at com.mongodb.client.internal.MongoCollectionImpl.insertOne(MongoCollectionImpl.java:475)
	at org.springframework.data.mongodb.core.MongoTemplate.lambda$insertDocument$17(MongoTemplate.java:1568)
	at org.springframework.data.mongodb.core.MongoTemplate.execute(MongoTemplate.java:616)
	... 19 more

[ERROR] com.agilityhub.core.clubs.activities.application.ActivityIT.T_07_20_htmlAndUploadPurposesRejectInvalidInputs -- Time elapsed: 0.023 s <<< ERROR!
org.springframework.dao.DuplicateKeyException: Write operation error on server localhost:55662. Write error: WriteError{code=11000, message='E11000 duplicate key error collection: agilityhub_test.clubs index: _id_ dup key: { _id: "s07-a" }', details={}}.
	at org.springframework.data.mongodb.core.MongoExceptionTranslator.doTranslateException(MongoExceptionTranslator.java:108)
	at org.springframework.data.mongodb.core.MongoExceptionTranslator.translateExceptionIfPossible(MongoExceptionTranslator.java:74)
	at org.springframework.data.mongodb.core.MongoTemplate.potentiallyConvertRuntimeException(MongoTemplate.java:3037)
	at org.springframework.data.mongodb.core.MongoTemplate.execute(MongoTemplate.java:618)
	at org.springframework.data.mongodb.core.MongoTemplate.insertDocument(MongoTemplate.java:1562)
	at org.springframework.data.mongodb.core.MongoTemplate.doInsert(MongoTemplate.java:1364)
	at org.springframework.data.mongodb.core.MongoTemplate.doSaveVersioned(MongoTemplate.java:1495)
	at org.springframework.data.mongodb.core.MongoTemplate.save(MongoTemplate.java:1487)
	at org.springframework.data.mongodb.core.MongoTemplate.save(MongoTemplate.java:1473)
	at com.agilityhub.core.shared.persistence.GlobalRepository.save(GlobalRepository.java:14)
	at java.base/jdk.internal.reflect.DirectMethodHandleAccessor.invoke(DirectMethodHandleAccessor.java:103)
	at java.base/java.lang.reflect.Method.invoke(Method.java:580)
	at org.springframework.aop.support.AopUtils.invokeJoinpointUsingReflection(AopUtils.java:360)
	at org.springframework.aop.framework.ReflectiveMethodInvocation.invokeJoinpoint(ReflectiveMethodInvocation.java:196)
	at org.springframework.aop.framework.ReflectiveMethodInvocation.proceed(ReflectiveMethodInvocation.java:163)
	at org.springframework.dao.support.PersistenceExceptionTranslationInterceptor.invoke(PersistenceExceptionTranslationInterceptor.java:138)
	at org.springframework.aop.framework.ReflectiveMethodInvocation.proceed(ReflectiveMethodInvocation.java:184)
	at org.springframework.aop.framework.CglibAopProxy$DynamicAdvisedInterceptor.intercept(CglibAopProxy.java:728)
	at com.agilityhub.core.platform.persistence.ClubRepository$$SpringCGLIB$$0.save(<generated>)
	at com.agilityhub.core.clubs.activities.application.ActivityIT.setup(ActivityIT.java:48)
	at java.base/java.lang.reflect.Method.invoke(Method.java:580)
	at java.base/java.util.ArrayList.forEach(ArrayList.java:1596)
	at java.base/java.util.ArrayList.forEach(ArrayList.java:1596)
Caused by: com.mongodb.MongoWriteException: Write operation error on server localhost:55662. Write error: WriteError{code=11000, message='E11000 duplicate key error collection: agilityhub_test.clubs index: _id_ dup key: { _id: "s07-a" }', details={}}.
	at com.mongodb.client.internal.MongoCollectionImpl.executeSingleWriteRequest(MongoCollectionImpl.java:1123)
	at com.mongodb.client.internal.MongoCollectionImpl.executeInsertOne(MongoCollectionImpl.java:498)
	at com.mongodb.client.internal.MongoCollectionImpl.insertOne(MongoCollectionImpl.java:481)
	at com.mongodb.client.internal.MongoCollectionImpl.insertOne(MongoCollectionImpl.java:475)
	at org.springframework.data.mongodb.core.MongoTemplate.lambda$insertDocument$17(MongoTemplate.java:1568)
	at org.springframework.data.mongodb.core.MongoTemplate.execute(MongoTemplate.java:616)
	... 19 more

[ERROR] Errors: 
[ERROR]   ActivityIT.setup:48 » DuplicateKey Write operation error on server localhost:55662. Write error: WriteError{code=11000, message='E11000 duplicate key error collection: agilityhub_test.clubs index: _id_ dup key: { _id: "s07-a" }', details={}}.
[ERROR]   ActivityIT.setup:48 » DuplicateKey Write operation error on server localhost:55662. Write error: WriteError{code=11000, message='E11000 duplicate key error collection: agilityhub_test.clubs index: _id_ dup key: { _id: "s07-a" }', details={}}.
[ERROR]   ActivityIT.setup:48 » DuplicateKey Write operation error on server localhost:55662. Write error: WriteError{code=11000, message='E11000 duplicate key error collection: agilityhub_test.clubs index: _id_ dup key: { _id: "s07-a" }', details={}}.
[ERROR]   ActivityIT.setup:48 » DuplicateKey Write operation error on server localhost:55662. Write error: WriteError{code=11000, message='E11000 duplicate key error collection: agilityhub_test.clubs index: _id_ dup key: { _id: "s07-a" }', details={}}.
[ERROR]   ActivityIT.setup:48 » DuplicateKey Write operation error on server localhost:55662. Write error: WriteError{code=11000, message='E11000 duplicate key error collection: agilityhub_test.clubs index: _id_ dup key: { _id: "s07-a" }', details={}}.
[ERROR]   ActivityIT.setup:48 » DuplicateKey Write operation error on server localhost:55662. Write error: WriteError{code=11000, message='E11000 duplicate key error collection: agilityhub_test.clubs index: _id_ dup key: { _id: "s07-a" }', details={}}.
[ERROR]   ActivityIT.setup:48 » DuplicateKey Write operation error on server localhost:55662. Write error: WriteError{code=11000, message='E11000 duplicate key error collection: agilityhub_test.clubs index: _id_ dup key: { _id: "s07-a" }', details={}}.
[ERROR]   ActivityIT.setup:48 » DuplicateKey Write operation error on server localhost:55662. Write error: WriteError{code=11000, message='E11000 duplicate key error collection: agilityhub_test.clubs index: _id_ dup key: { _id: "s07-a" }', details={}}.
[ERROR]   ActivityIT.setup:48 » DuplicateKey Write operation error on server localhost:55662. Write error: WriteError{code=11000, message='E11000 duplicate key error collection: agilityhub_test.clubs index: _id_ dup key: { _id: "s07-a" }', details={}}.
[ERROR]   ActivityIT.setup:48 » DuplicateKey Write operation error on server localhost:55662. Write error: WriteError{code=11000, message='E11000 duplicate key error collection: agilityhub_test.clubs index: _id_ dup key: { _id: "s07-a" }', details={}}.
[ERROR]   ActivityIT.setup:48 » DuplicateKey Write operation error on server localhost:55662. Write error: WriteError{code=11000, message='E11000 duplicate key error collection: agilityhub_test.clubs index: _id_ dup key: { _id: "s07-a" }', details={}}.
[ERROR]   ActivityIT.setup:48 » DuplicateKey Write operation error on server localhost:55662. Write error: WriteError{code=11000, message='E11000 duplicate key error collection: agilityhub_test.clubs index: _id_ dup key: { _id: "s07-a" }', details={}}.
[ERROR]   ActivityIT.setup:48 » DuplicateKey Write operation error on server localhost:55662. Write error: WriteError{code=11000, message='E11000 duplicate key error collection: agilityhub_test.clubs index: _id_ dup key: { _id: "s07-a" }', details={}}.
[ERROR]   ActivityIT.setup:48 » DuplicateKey Write operation error on server localhost:55662. Write error: WriteError{code=11000, message='E11000 duplicate key error collection: agilityhub_test.clubs index: _id_ dup key: { _id: "s07-a" }', details={}}.
[ERROR]   ActivityIT.setup:48 » DuplicateKey Write operation error on server localhost:55662. Write error: WriteError{code=11000, message='E11000 duplicate key error collection: agilityhub_test.clubs index: _id_ dup key: { _id: "s07-a" }', details={}}.
[ERROR]   ActivityIT.setup:52 » DuplicateKey Write operation error on server localhost:55662. Write error: WriteError{code=11000, message='E11000 duplicate key error collection: agilityhub_test.levels index: level_code collation: { locale: "en", caseLevel: false, caseFirst: "off", strength: 2, numericOrdering: false, alternate: "non-ignorable", maxVariable: "punct", normalization: false, backwards: false, version: "57.1" } dup key: { clubId: "CollationKey(0x4d1220050e290109)", code: null }', details={}}.
[ERROR]   ActivityIT.setup:48 » DuplicateKey Write operation error on server localhost:55662. Write error: WriteError{code=11000, message='E11000 duplicate key error collection: agilityhub_test.clubs index: _id_ dup key: { _id: "s07-a" }', details={}}.
[ERROR]   ActivityIT.setup:48 » DuplicateKey Write operation error on server localhost:55662. Write error: WriteError{code=11000, message='E11000 duplicate key error collection: agilityhub_test.clubs index: _id_ dup key: { _id: "s07-a" }', details={}}.
[ERROR]   ActivityIT.setup:48 » DuplicateKey Write operation error on server localhost:55662. Write error: WriteError{code=11000, message='E11000 duplicate key error collection: agilityhub_test.clubs index: _id_ dup key: { _id: "s07-a" }', details={}}.
[ERROR] Tests run: 19, Failures: 0, Errors: 19, Skipped: 0
[ERROR] Failed to execute goal org.apache.maven.plugins:maven-failsafe-plugin:3.5.6:verify (default-cli) on project agilityhub-core-api: 
[ERROR] 
[ERROR] See /Users/jordib/dev/agilityhub/agilityhub-core-api/target/failsafe-reports for the individual test results.
[ERROR] See dump files (if any exist) [date].dump, [date]-jvmRun[N].dump and [date].dumpstream.
[ERROR] -> [Help 1]
[ERROR] 
[ERROR] To see the full stack trace of the errors, re-run Maven with the -e switch.
[ERROR] Re-run Maven using the -X switch to enable full debug logging.
[ERROR] 
[ERROR] For more information about the errors and possible solutions, please read the following articles:
[ERROR] [Help 1] http://cwiki.apache.org/confluence/display/MAVEN/MojoFailureException
