11:31:45.291 [main] INFO org.springframework.test.context.support.AnnotationConfigContextLoaderUtils -- Could not detect default configuration classes for test class [com.agilityhub.core.configuration.E4ContractIT]: E4ContractIT does not declare any static, non-private, non-final, nested classes annotated with @Configuration.
11:31:45.389 [main] INFO org.springframework.boot.test.context.SpringBootTestContextBootstrapper -- Found @SpringBootConfiguration com.agilityhub.core.CoreApplication for test class com.agilityhub.core.configuration.E4ContractIT
11:31:45.477 [main] INFO org.testcontainers.images.PullPolicy -- Image pull policy will be performed by: DefaultPullPolicy()
11:31:45.478 [main] INFO org.testcontainers.utility.ImageNameSubstitutor -- Image name substitution will be performed by: DefaultImageNameSubstitutor (composite of 'ConfigurationFileImageNameSubstitutor' and 'PrefixingImageNameSubstitutor')
11:31:45.482 [main] INFO org.testcontainers.DockerClientFactory -- Testcontainers version: 1.21.4
11:31:45.780 [main] INFO org.testcontainers.dockerclient.DockerClientProviderStrategy -- Found Docker environment with local Unix socket (unix:///var/run/docker.sock)
11:31:45.780 [main] INFO org.testcontainers.DockerClientFactory -- Docker host IP address is localhost
11:31:45.794 [main] INFO org.testcontainers.DockerClientFactory -- Connected to docker: 
  Server Version: 29.7.2
  API Version: 1.55
  Operating System: Docker Desktop
  Total Memory: 7931 MB
  Labels: 
    com.docker.desktop.address=unix:///Users/jordib/Library/Containers/com.docker.docker/Data/docker-cli.sock
11:31:45.876 [main] INFO tc.testcontainers/ryuk:0.12.0 -- Creating container for image: testcontainers/ryuk:0.12.0
11:31:45.942 [main] INFO org.testcontainers.utility.RegistryAuthLocator -- Credential helper/store (docker-credential-desktop) does not have credentials for https://index.docker.io/v1/
11:31:46.008 [main] INFO tc.testcontainers/ryuk:0.12.0 -- Container testcontainers/ryuk:0.12.0 is starting: [hash truncated]
11:31:46.156 [main] INFO tc.testcontainers/ryuk:0.12.0 -- Container testcontainers/ryuk:0.12.0 started in PT0.280102S
11:31:46.161 [main] INFO org.testcontainers.utility.RyukResourceReaper -- Ryuk started - will monitor and terminate Testcontainers containers on JVM exit
11:31:46.161 [main] INFO org.testcontainers.DockerClientFactory -- Checking the system...
11:31:46.161 [main] INFO org.testcontainers.DockerClientFactory -- ✔︎ Docker server version should be at least 1.6.0
11:31:46.161 [main] INFO tc.mongo:7 -- Creating container for image: mongo:7
11:31:46.193 [main] INFO tc.mongo:7 -- Container mongo:7 is starting: [hash truncated]
11:31:46.669 [main] INFO tc.mongo:7 -- Container mongo:7 started in PT0.50747S

  .   ____          _            __ _ _
 /\\ / ___'_ __ _ _(_)_ __  __ _ \ \ \ \
( ( )\___ | '_ | '_| | '_ \/ _` | \ \ \ \
 \\/  ___)| |_)| | | | | || (_| |  ) ) ) )
  '  |____| .__|_| |_|_| |_\__, | / / / /
 =========|_|==============|___/=/_/_/_/

 :: Spring Boot ::               (v3.5.16)

2026-09-19T11:31:47.344+02:00  INFO 2387 --- [agilityhub-core-api] [           main] c.a.core.configuration.E4ContractIT      : Starting E4ContractIT using Java 21.0.12.1 with PID 2387 (started by jordib in /Users/jordib/dev/agilityhub/agilityhub-core-api)
2026-09-19T11:31:47.345+02:00  INFO 2387 --- [agilityhub-core-api] [           main] c.a.core.configuration.E4ContractIT      : The following 1 profile is active: "test"
2026-09-19T11:31:48.113+02:00  INFO 2387 --- [agilityhub-core-api] [           main] .s.d.r.c.RepositoryConfigurationDelegate : Bootstrapping Spring Data MongoDB repositories in DEFAULT mode.
2026-09-19T11:31:48.142+02:00  INFO 2387 --- [agilityhub-core-api] [           main] .s.d.r.c.RepositoryConfigurationDelegate : Finished Spring Data repository scanning in 26 ms. Found 0 MongoDB repository interfaces.
2026-09-19T11:31:48.547+02:00  INFO 2387 --- [agilityhub-core-api] [           main] org.mongodb.driver.client                : MongoClient with metadata {"driver": {"name": "mongo-java-driver|sync|spring-boot", "version": "5.5.2"}, "os": {"type": "Darwin", "name": "Mac OS X", "architecture": "aarch64", "version": "26.4.1"}, "platform": "Java/Homebrew/21.0.12.1"} created with settings MongoClientSettings{readPreference=primary, writeConcern=WriteConcern{w=null, wTimeout=null ms, journal=null}, retryWrites=true, retryReads=true, readConcern=ReadConcern{level=null}, credential=null, transportSettings=null, commandListeners=[io.micrometer.core.instrument.binder.mongodb.MongoMetricsCommandListener@25e08c3b], codecRegistry=ProvidersCodecRegistry{codecProviders=[ValueCodecProvider{}, BsonValueCodecProvider{}, DBRefCodecProvider{}, DBObjectCodecProvider{}, DocumentCodecProvider{}, CollectionCodecProvider{}, IterableCodecProvider{}, MapCodecProvider{}, GeoJsonCodecProvider{}, GridFSFileCodecProvider{}, Jsr310CodecProvider{}, JsonObjectCodecProvider{}, BsonCodecProvider{}, EnumCodecProvider{}, com.mongodb.client.model.mql.ExpressionCodecProvider@f625021, com.mongodb.Jep395RecordCodecProvider@2bd20f96, com.mongodb.KotlinCodecProvider@149afc70]}, loggerSettings=LoggerSettings{maxDocumentLength=1000}, clusterSettings={hosts=[localhost:55948], srvServiceName=mongodb, mode=SINGLE, requiredClusterType=UNKNOWN, requiredReplicaSetName='null', serverSelector='null', clusterListeners='[]', serverSelectionTimeout='30000 ms', localThreshold='15 ms'}, socketSettings=SocketSettings{connectTimeoutMS=10000, readTimeoutMS=0, receiveBufferSize=0, proxySettings=ProxySettings{host=null, port=null, username=null, password=[truncated]}}, heartbeatSocketSettings=SocketSettings{connectTimeoutMS=10000, readTimeoutMS=10000, receiveBufferSize=0, proxySettings=ProxySettings{host=null, port=null, username=null, password=[truncated]}}, connectionPoolSettings=ConnectionPoolSettings{maxSize=100, minSize=0, maxWaitTimeMS=120000, maxConnectionLifeTimeMS=0, maxConnectionIdleTimeMS=0, maintenanceInitialDelayMS=0, maintenanceFrequencyMS=60000, connectionPoolListeners=[io.micrometer.core.instrument.binder.mongodb.MongoMetricsConnectionPoolListener@353a2b8c], maxConnecting=2}, serverSettings=ServerSettings{heartbeatFrequencyMS=10000, minHeartbeatFrequencyMS=500, serverMonitoringMode=AUTO, serverListeners='[]', serverMonitorListeners='[]'}, sslSettings=SslSettings{enabled=false, invalidHostNameAllowed=false, context=null}, applicationName='null', compressorList=[], uuidRepresentation=JAVA_LEGACY, serverApi=null, autoEncryptionSettings=null, dnsClient=null, inetAddressResolver=null, contextProvider=null, timeoutMS=null}
2026-09-19T11:31:48.554+02:00  INFO 2387 --- [agilityhub-core-api] [localhost:55948] org.mongodb.driver.cluster               : Monitor thread successfully connected to server with description ServerDescription{address=localhost:55948, type=REPLICA_SET_PRIMARY, cryptd=false, state=CONNECTED, ok=true, minWireVersion=0, maxWireVersion=21, maxDocumentSize=16777216, logicalSessionTimeoutMinutes=30, roundTripTimeNanos=11467542, minRoundTripTimeNanos=0, setName='docker-rs', canonicalAddress=b77a91cd9fb3:27017, hosts=[b77a91cd9fb3:27017], passives=[], arbiters=[], primary='b77a91cd9fb3:27017', tagSet=TagSet{[]}, electionId=[hash truncated], setVersion=1, topologyVersion=TopologyVersion{processId=[hash truncated], counter=6}, lastWriteDate=Sat Sep 19 11:31:46 CEST 2026, lastUpdateTimeNanos=555673121796375}
2026-09-19T11:31:50.873+02:00  INFO 2387 --- [agilityhub-core-api] [           main] o.s.b.t.m.w.SpringBootMockServletContext : Initializing Spring TestDispatcherServlet ''
2026-09-19T11:31:50.873+02:00  INFO 2387 --- [agilityhub-core-api] [           main] o.s.t.web.servlet.TestDispatcherServlet  : Initializing Servlet ''
2026-09-19T11:31:50.873+02:00  INFO 2387 --- [agilityhub-core-api] [           main] o.s.t.web.servlet.TestDispatcherServlet  : Completed initialization in 0 ms
2026-09-19T11:31:50.897+02:00  INFO 2387 --- [agilityhub-core-api] [           main] c.a.core.configuration.E4ContractIT      : Started E4ContractIT in 3.755 seconds (process running for 6.127)
Mockito is currently self-attaching to enable the inline-mock-maker. This will no longer work in future releases of the JDK. Please add Mockito as an agent to your build as described in Mockito's documentation: https://javadoc.io/doc/org.mockito/mockito-core/latest/org.mockito/org/mockito/Mockito.html#0.3
WARNING: A Java agent has been loaded dynamically (/tmp/e4-t03-maven/repository/net/bytebuddy/byte-buddy-agent/1.17.8/byte-buddy-agent-1.17.8.jar)
WARNING: If a serviceability tool is in use, please run with -XX:+EnableDynamicAgentLoading to hide this warning
WARNING: If a serviceability tool is not in use, please run with -Djdk.instrument.traceUsage for more information
WARNING: Dynamic loading of agents will be disallowed by default in a future release
OpenJDK 64-Bit Server VM warning: Sharing is only supported for boot loader classes because bootstrap classpath has been appended
2026-09-19T11:31:53.376+02:00  INFO 2387 --- [agilityhub-core-api] [           main] o.springdoc.api.AbstractOpenApiResource  : Init duration for springdoc-openapi is: 1066 ms
2026-09-19T11:32:06.041+02:00  WARN 2387 --- [agilityhub-core-api] [           main] c.a.core.shared.api.ApiExceptionHandler  : Framework request rejected code=VALIDATION_ERROR traceId=868dcd72-a7b9-4bd5-8b6f-9611a8bc20c6
2026-09-19T11:32:06.117+02:00  INFO 2387 --- [agilityhub-core-api] [           main] .b.t.c.SpringBootTestContextBootstrapper : Found @SpringBootConfiguration com.agilityhub.core.CoreApplication for test class com.agilityhub.core.clubs.activities.application.ActivityIT

  .   ____          _            __ _ _
 /\\ / ___'_ __ _ _(_)_ __  __ _ \ \ \ \
( ( )\___ | '_ | '_| | '_ \/ _` | \ \ \ \
 \\/  ___)| |_)| | | | | || (_| |  ) ) ) )
  '  |____| .__|_| |_|_| |_\__, | / / / /
 =========|_|==============|___/=/_/_/_/

 :: Spring Boot ::               (v3.5.16)

2026-09-19T11:32:06.131+02:00  INFO 2387 --- [agilityhub-core-api] [           main] c.a.c.c.a.application.ActivityIT         : Starting ActivityIT using Java 21.0.12.1 with PID 2387 (started by jordib in /Users/jordib/dev/agilityhub/agilityhub-core-api)
2026-09-19T11:32:06.131+02:00  INFO 2387 --- [agilityhub-core-api] [           main] c.a.c.c.a.application.ActivityIT         : The following 1 profile is active: "test"
2026-09-19T11:32:06.483+02:00  INFO 2387 --- [agilityhub-core-api] [           main] .s.d.r.c.RepositoryConfigurationDelegate : Bootstrapping Spring Data MongoDB repositories in DEFAULT mode.
2026-09-19T11:32:06.506+02:00  INFO 2387 --- [agilityhub-core-api] [           main] .s.d.r.c.RepositoryConfigurationDelegate : Finished Spring Data repository scanning in 20 ms. Found 0 MongoDB repository interfaces.
2026-09-19T11:32:06.563+02:00  INFO 2387 --- [agilityhub-core-api] [           main] org.mongodb.driver.client                : MongoClient with metadata {"driver": {"name": "mongo-java-driver|sync|spring-boot", "version": "5.5.2"}, "os": {"type": "Darwin", "name": "Mac OS X", "architecture": "aarch64", "version": "26.4.1"}, "platform": "Java/Homebrew/21.0.12.1"} created with settings MongoClientSettings{readPreference=primary, writeConcern=WriteConcern{w=null, wTimeout=null ms, journal=null}, retryWrites=true, retryReads=true, readConcern=ReadConcern{level=null}, credential=null, transportSettings=null, commandListeners=[io.micrometer.core.instrument.binder.mongodb.MongoMetricsCommandListener@3bb9de9f], codecRegistry=ProvidersCodecRegistry{codecProviders=[ValueCodecProvider{}, BsonValueCodecProvider{}, DBRefCodecProvider{}, DBObjectCodecProvider{}, DocumentCodecProvider{}, CollectionCodecProvider{}, IterableCodecProvider{}, MapCodecProvider{}, GeoJsonCodecProvider{}, GridFSFileCodecProvider{}, Jsr310CodecProvider{}, JsonObjectCodecProvider{}, BsonCodecProvider{}, EnumCodecProvider{}, com.mongodb.client.model.mql.ExpressionCodecProvider@f625021, com.mongodb.Jep395RecordCodecProvider@2bd20f96, com.mongodb.KotlinCodecProvider@149afc70]}, loggerSettings=LoggerSettings{maxDocumentLength=1000}, clusterSettings={hosts=[localhost:55948], srvServiceName=mongodb, mode=SINGLE, requiredClusterType=UNKNOWN, requiredReplicaSetName='null', serverSelector='null', clusterListeners='[]', serverSelectionTimeout='30000 ms', localThreshold='15 ms'}, socketSettings=SocketSettings{connectTimeoutMS=10000, readTimeoutMS=0, receiveBufferSize=0, proxySettings=ProxySettings{host=null, port=null, username=null, password=[truncated]}}, heartbeatSocketSettings=SocketSettings{connectTimeoutMS=10000, readTimeoutMS=10000, receiveBufferSize=0, proxySettings=ProxySettings{host=null, port=null, username=null, password=[truncated]}}, connectionPoolSettings=ConnectionPoolSettings{maxSize=100, minSize=0, maxWaitTimeMS=120000, maxConnectionLifeTimeMS=0, maxConnectionIdleTimeMS=0, maintenanceInitialDelayMS=0, maintenanceFrequencyMS=60000, connectionPoolListeners=[io.micrometer.core.instrument.binder.mongodb.MongoMetricsConnectionPoolListener@5eaf428a], maxConnecting=2}, serverSettings=ServerSettings{heartbeatFrequencyMS=10000, minHeartbeatFrequencyMS=500, serverMonitoringMode=AUTO, serverListeners='[]', serverMonitorListeners='[]'}, sslSettings=SslSettings{enabled=false, invalidHostNameAllowed=false, context=null}, applicationName='null', compressorList=[], uuidRepresentation=JAVA_LEGACY, serverApi=null, autoEncryptionSettings=null, dnsClient=null, inetAddressResolver=null, contextProvider=null, timeoutMS=null}
2026-09-19T11:32:06.565+02:00  INFO 2387 --- [agilityhub-core-api] [localhost:55948] org.mongodb.driver.cluster               : Monitor thread successfully connected to server with description ServerDescription{address=localhost:55948, type=REPLICA_SET_PRIMARY, cryptd=false, state=CONNECTED, ok=true, minWireVersion=0, maxWireVersion=21, maxDocumentSize=16777216, logicalSessionTimeoutMinutes=30, roundTripTimeNanos=1937875, minRoundTripTimeNanos=0, setName='docker-rs', canonicalAddress=b77a91cd9fb3:27017, hosts=[b77a91cd9fb3:27017], passives=[], arbiters=[], primary='b77a91cd9fb3:27017', tagSet=TagSet{[]}, electionId=[hash truncated], setVersion=1, topologyVersion=TopologyVersion{processId=[hash truncated], counter=6}, lastWriteDate=Sat Sep 19 11:32:06 CEST 2026, lastUpdateTimeNanos=555691133851750}
2026-09-19T11:32:07.129+02:00  INFO 2387 --- [agilityhub-core-api] [           main] o.s.b.t.m.w.SpringBootMockServletContext : Initializing Spring TestDispatcherServlet ''
2026-09-19T11:32:07.129+02:00  INFO 2387 --- [agilityhub-core-api] [           main] o.s.t.web.servlet.TestDispatcherServlet  : Initializing Servlet ''
2026-09-19T11:32:07.129+02:00  INFO 2387 --- [agilityhub-core-api] [           main] o.s.t.web.servlet.TestDispatcherServlet  : Completed initialization in 0 ms
2026-09-19T11:32:07.146+02:00  INFO 2387 --- [agilityhub-core-api] [           main] c.a.c.c.a.application.ActivityIT         : Started ActivityIT in 1.027 seconds (process running for 22.376)
[ERROR] Tests run: 20, Failures: 0, Errors: 20, Skipped: 0, Time elapsed: 1.135 s <<< FAILURE! -- in com.agilityhub.core.clubs.activities.application.ActivityIT
[ERROR] com.agilityhub.core.clubs.activities.application.ActivityIT.T_07_25_concurrentCancellationsPromoteOnlyOnceAndReplayOneResponse -- Time elapsed: 0.006 s <<< ERROR!
java.lang.NullPointerException: Cannot invoke "java.util.Map.clear()" because "this.scheduling.bookings" is null
	at com.agilityhub.core.clubs.activities.application.ActivityIT.setup(ActivityIT.java:44)
	at java.base/java.lang.reflect.Method.invoke(Method.java:580)
	at java.base/java.util.ArrayList.forEach(ArrayList.java:1596)
	at java.base/java.util.ArrayList.forEach(ArrayList.java:1596)

[ERROR] com.agilityhub.core.clubs.activities.application.ActivityIT.T_07_21_universalListsFilterSortAndExportWithoutLeakingFields -- Time elapsed: 0.002 s <<< ERROR!
java.lang.NullPointerException: Cannot invoke "java.util.Map.clear()" because "this.scheduling.bookings" is null
	at com.agilityhub.core.clubs.activities.application.ActivityIT.setup(ActivityIT.java:44)
	at java.base/java.lang.reflect.Method.invoke(Method.java:580)
	at java.base/java.util.ArrayList.forEach(ArrayList.java:1596)
	at java.base/java.util.ArrayList.forEach(ArrayList.java:1596)

[ERROR] com.agilityhub.core.clubs.activities.application.ActivityIT.T_07_26_publicationAndInstructorBlockCannotBothClaimTheSameWindow -- Time elapsed: 0.001 s <<< ERROR!
java.lang.NullPointerException: Cannot invoke "java.util.Map.clear()" because "this.scheduling.bookings" is null
	at com.agilityhub.core.clubs.activities.application.ActivityIT.setup(ActivityIT.java:44)
	at java.base/java.lang.reflect.Method.invoke(Method.java:580)
	at java.base/java.util.ArrayList.forEach(ArrayList.java:1596)
	at java.base/java.util.ArrayList.forEach(ArrayList.java:1596)

[ERROR] com.agilityhub.core.clubs.activities.application.ActivityIT.T_07_23_impersonationRecordsBothActorsAndClubChangeChannels -- Time elapsed: 0.002 s <<< ERROR!
java.lang.NullPointerException: Cannot invoke "java.util.Map.clear()" because "this.scheduling.bookings" is null
	at com.agilityhub.core.clubs.activities.application.ActivityIT.setup(ActivityIT.java:44)
	at java.base/java.lang.reflect.Method.invoke(Method.java:580)
	at java.base/java.util.ArrayList.forEach(ArrayList.java:1596)
	at java.base/java.util.ArrayList.forEach(ArrayList.java:1596)

[ERROR] com.agilityhub.core.clubs.activities.application.ActivityIT.T_07_13_cancellationNotifiesActiveAndWaitingAndZeroesCounters -- Time elapsed: 0.002 s <<< ERROR!
java.lang.NullPointerException: Cannot invoke "java.util.Map.clear()" because "this.scheduling.bookings" is null
	at com.agilityhub.core.clubs.activities.application.ActivityIT.setup(ActivityIT.java:44)
	at java.base/java.lang.reflect.Method.invoke(Method.java:580)
	at java.base/java.util.ArrayList.forEach(ArrayList.java:1596)
	at java.base/java.util.ArrayList.forEach(ArrayList.java:1596)

[ERROR] com.agilityhub.core.clubs.activities.application.ActivityIT.T_07_22_staffMemberAndCrossTenantGuardsPreserveOwnership -- Time elapsed: 0.002 s <<< ERROR!
java.lang.NullPointerException: Cannot invoke "java.util.Map.clear()" because "this.scheduling.bookings" is null
	at com.agilityhub.core.clubs.activities.application.ActivityIT.setup(ActivityIT.java:44)
	at java.base/java.lang.reflect.Method.invoke(Method.java:580)
	at java.base/java.util.ArrayList.forEach(ArrayList.java:1596)
	at java.base/java.util.ArrayList.forEach(ArrayList.java:1596)

[ERROR] com.agilityhub.core.clubs.activities.application.ActivityIT.T_07_12_editAndUnpublishSynchronizeBlocksAndPermanentlyLockSlug -- Time elapsed: 0.002 s <<< ERROR!
java.lang.NullPointerException: Cannot invoke "java.util.Map.clear()" because "this.scheduling.bookings" is null
	at com.agilityhub.core.clubs.activities.application.ActivityIT.setup(ActivityIT.java:44)
	at java.base/java.lang.reflect.Method.invoke(Method.java:580)
	at java.base/java.util.ArrayList.forEach(ArrayList.java:1596)
	at java.base/java.util.ArrayList.forEach(ArrayList.java:1596)

[ERROR] com.agilityhub.core.clubs.activities.application.ActivityIT.T_07_14_registrationIsPerPersonWithExplicitWaitlistAndReplay -- Time elapsed: 0.001 s <<< ERROR!
java.lang.NullPointerException: Cannot invoke "java.util.Map.clear()" because "this.scheduling.bookings" is null
	at com.agilityhub.core.clubs.activities.application.ActivityIT.setup(ActivityIT.java:44)
	at java.base/java.lang.reflect.Method.invoke(Method.java:580)
	at java.base/java.util.ArrayList.forEach(ArrayList.java:1596)
	at java.base/java.util.ArrayList.forEach(ArrayList.java:1596)

[ERROR] com.agilityhub.core.clubs.activities.application.ActivityIT.T_07_27_disabledModulesPreserveDataAndWaitlistOffReturnsFull -- Time elapsed: 0.001 s <<< ERROR!
java.lang.NullPointerException: Cannot invoke "java.util.Map.clear()" because "this.scheduling.bookings" is null
	at com.agilityhub.core.clubs.activities.application.ActivityIT.setup(ActivityIT.java:44)
	at java.base/java.lang.reflect.Method.invoke(Method.java:580)
	at java.base/java.util.ArrayList.forEach(ArrayList.java:1596)
	at java.base/java.util.ArrayList.forEach(ArrayList.java:1596)

[ERROR] com.agilityhub.core.clubs.activities.application.ActivityIT.T_07_16_memberViewsFilterSelectedDogAndShowOwnRegistrationAndHistory -- Time elapsed: 0.002 s <<< ERROR!
java.lang.NullPointerException: Cannot invoke "java.util.Map.clear()" because "this.scheduling.bookings" is null
	at com.agilityhub.core.clubs.activities.application.ActivityIT.setup(ActivityIT.java:44)
	at java.base/java.lang.reflect.Method.invoke(Method.java:580)
	at java.base/java.util.ArrayList.forEach(ArrayList.java:1596)
	at java.base/java.util.ArrayList.forEach(ArrayList.java:1596)

[ERROR] com.agilityhub.core.clubs.activities.application.ActivityIT.T_07_18_finishEndedIsStrictIdempotentAndProducesHistory -- Time elapsed: 0.001 s <<< ERROR!
java.lang.NullPointerException: Cannot invoke "java.util.Map.clear()" because "this.scheduling.bookings" is null
	at com.agilityhub.core.clubs.activities.application.ActivityIT.setup(ActivityIT.java:44)
	at java.base/java.lang.reflect.Method.invoke(Method.java:580)
	at java.base/java.util.ArrayList.forEach(ArrayList.java:1596)
	at java.base/java.util.ArrayList.forEach(ArrayList.java:1596)

[ERROR] com.agilityhub.core.clubs.activities.application.ActivityIT.T_07_17_publicApiIsLocalizedKeyScopedAndContainsNoPersonalData -- Time elapsed: 0.001 s <<< ERROR!
java.lang.NullPointerException: Cannot invoke "java.util.Map.clear()" because "this.scheduling.bookings" is null
	at com.agilityhub.core.clubs.activities.application.ActivityIT.setup(ActivityIT.java:44)
	at java.base/java.lang.reflect.Method.invoke(Method.java:580)
	at java.base/java.util.ArrayList.forEach(ArrayList.java:1596)
	at java.base/java.util.ArrayList.forEach(ArrayList.java:1596)

[ERROR] com.agilityhub.core.clubs.activities.application.ActivityIT.T_07_11_conflictsRollbackPublicationAndExplicitClassCancellationSucceeds -- Time elapsed: 0.002 s <<< ERROR!
java.lang.NullPointerException: Cannot invoke "java.util.Map.clear()" because "this.scheduling.bookings" is null
	at com.agilityhub.core.clubs.activities.application.ActivityIT.setup(ActivityIT.java:44)
	at java.base/java.lang.reflect.Method.invoke(Method.java:580)
	at java.base/java.util.ArrayList.forEach(ArrayList.java:1596)
	at java.base/java.util.ArrayList.forEach(ArrayList.java:1596)

[ERROR] com.agilityhub.core.clubs.activities.application.ActivityIT.T_07_15_cancellationAndCapacityGrowthPromoteFifoOnlyWithinDeadline -- Time elapsed: 0.001 s <<< ERROR!
java.lang.NullPointerException: Cannot invoke "java.util.Map.clear()" because "this.scheduling.bookings" is null
	at com.agilityhub.core.clubs.activities.application.ActivityIT.setup(ActivityIT.java:44)
	at java.base/java.lang.reflect.Method.invoke(Method.java:580)
	at java.base/java.util.ArrayList.forEach(ArrayList.java:1596)
	at java.base/java.util.ArrayList.forEach(ArrayList.java:1596)

[ERROR] com.agilityhub.core.clubs.activities.application.ActivityIT.T_07_20_filesAreClaimedLimitedAndPublicDownloadsNeedNoApiKey -- Time elapsed: 0.002 s <<< ERROR!
java.lang.NullPointerException: Cannot invoke "java.util.Map.clear()" because "this.scheduling.bookings" is null
	at com.agilityhub.core.clubs.activities.application.ActivityIT.setup(ActivityIT.java:44)
	at java.base/java.lang.reflect.Method.invoke(Method.java:580)
	at java.base/java.util.ArrayList.forEach(ArrayList.java:1596)
	at java.base/java.util.ArrayList.forEach(ArrayList.java:1596)

[ERROR] com.agilityhub.core.clubs.activities.application.ActivityIT.T_07_24_twentyConcurrentRequestsSerializeTheLastSeatAndUniqueFifoPositions -- Time elapsed: 0.001 s <<< ERROR!
java.lang.NullPointerException: Cannot invoke "java.util.Map.clear()" because "this.scheduling.bookings" is null
	at com.agilityhub.core.clubs.activities.application.ActivityIT.setup(ActivityIT.java:44)
	at java.base/java.lang.reflect.Method.invoke(Method.java:580)
	at java.base/java.util.ArrayList.forEach(ArrayList.java:1596)
	at java.base/java.util.ArrayList.forEach(ArrayList.java:1596)

[ERROR] com.agilityhub.core.clubs.activities.application.ActivityIT.T_07_28_notificationsUseAudienceRecipientLocaleAndGsmLimit -- Time elapsed: 0.002 s <<< ERROR!
java.lang.NullPointerException: Cannot invoke "java.util.Map.clear()" because "this.scheduling.bookings" is null
	at com.agilityhub.core.clubs.activities.application.ActivityIT.setup(ActivityIT.java:44)
	at java.base/java.lang.reflect.Method.invoke(Method.java:580)
	at java.base/java.util.ArrayList.forEach(ArrayList.java:1596)
	at java.base/java.util.ArrayList.forEach(ArrayList.java:1596)

[ERROR] com.agilityhub.core.clubs.activities.application.ActivityIT.T_07_19_systemCancellationHonorsIntervalsAndMemberLeftIsSilent -- Time elapsed: 0.002 s <<< ERROR!
java.lang.NullPointerException: Cannot invoke "java.util.Map.clear()" because "this.scheduling.bookings" is null
	at com.agilityhub.core.clubs.activities.application.ActivityIT.setup(ActivityIT.java:44)
	at java.base/java.lang.reflect.Method.invoke(Method.java:580)
	at java.base/java.util.ArrayList.forEach(ArrayList.java:1596)
	at java.base/java.util.ArrayList.forEach(ArrayList.java:1596)

[ERROR] com.agilityhub.core.clubs.activities.application.ActivityIT.T_07_10_publicationCreatesFiveBlocksAndTitleCellsWithAtomicReplay -- Time elapsed: 0.002 s <<< ERROR!
java.lang.NullPointerException: Cannot invoke "java.util.Map.clear()" because "this.scheduling.bookings" is null
	at com.agilityhub.core.clubs.activities.application.ActivityIT.setup(ActivityIT.java:44)
	at java.base/java.lang.reflect.Method.invoke(Method.java:580)
	at java.base/java.util.ArrayList.forEach(ArrayList.java:1596)
	at java.base/java.util.ArrayList.forEach(ArrayList.java:1596)

[ERROR] com.agilityhub.core.clubs.activities.application.ActivityIT.T_07_20_htmlAndUploadPurposesRejectInvalidInputs -- Time elapsed: 0.002 s <<< ERROR!
java.lang.NullPointerException: Cannot invoke "java.util.Map.clear()" because "this.scheduling.bookings" is null
	at com.agilityhub.core.clubs.activities.application.ActivityIT.setup(ActivityIT.java:44)
	at java.base/java.lang.reflect.Method.invoke(Method.java:580)
	at java.base/java.util.ArrayList.forEach(ArrayList.java:1596)
	at java.base/java.util.ArrayList.forEach(ArrayList.java:1596)

[ERROR] Errors: 
[ERROR]   ActivityIT.setup:44 NullPointer Cannot invoke "java.util.Map.clear()" because "this.scheduling.bookings" is null
[ERROR]   ActivityIT.setup:44 NullPointer Cannot invoke "java.util.Map.clear()" because "this.scheduling.bookings" is null
[ERROR]   ActivityIT.setup:44 NullPointer Cannot invoke "java.util.Map.clear()" because "this.scheduling.bookings" is null
[ERROR]   ActivityIT.setup:44 NullPointer Cannot invoke "java.util.Map.clear()" because "this.scheduling.bookings" is null
[ERROR]   ActivityIT.setup:44 NullPointer Cannot invoke "java.util.Map.clear()" because "this.scheduling.bookings" is null
[ERROR]   ActivityIT.setup:44 NullPointer Cannot invoke "java.util.Map.clear()" because "this.scheduling.bookings" is null
[ERROR]   ActivityIT.setup:44 NullPointer Cannot invoke "java.util.Map.clear()" because "this.scheduling.bookings" is null
[ERROR]   ActivityIT.setup:44 NullPointer Cannot invoke "java.util.Map.clear()" because "this.scheduling.bookings" is null
[ERROR]   ActivityIT.setup:44 NullPointer Cannot invoke "java.util.Map.clear()" because "this.scheduling.bookings" is null
[ERROR]   ActivityIT.setup:44 NullPointer Cannot invoke "java.util.Map.clear()" because "this.scheduling.bookings" is null
[ERROR]   ActivityIT.setup:44 NullPointer Cannot invoke "java.util.Map.clear()" because "this.scheduling.bookings" is null
[ERROR]   ActivityIT.setup:44 NullPointer Cannot invoke "java.util.Map.clear()" because "this.scheduling.bookings" is null
[ERROR]   ActivityIT.setup:44 NullPointer Cannot invoke "java.util.Map.clear()" because "this.scheduling.bookings" is null
[ERROR]   ActivityIT.setup:44 NullPointer Cannot invoke "java.util.Map.clear()" because "this.scheduling.bookings" is null
[ERROR]   ActivityIT.setup:44 NullPointer Cannot invoke "java.util.Map.clear()" because "this.scheduling.bookings" is null
[ERROR]   ActivityIT.setup:44 NullPointer Cannot invoke "java.util.Map.clear()" because "this.scheduling.bookings" is null
[ERROR]   ActivityIT.setup:44 NullPointer Cannot invoke "java.util.Map.clear()" because "this.scheduling.bookings" is null
[ERROR]   ActivityIT.setup:44 NullPointer Cannot invoke "java.util.Map.clear()" because "this.scheduling.bookings" is null
[ERROR]   ActivityIT.setup:44 NullPointer Cannot invoke "java.util.Map.clear()" because "this.scheduling.bookings" is null
[ERROR]   ActivityIT.setup:44 NullPointer Cannot invoke "java.util.Map.clear()" because "this.scheduling.bookings" is null
[ERROR] Tests run: 83, Failures: 0, Errors: 20, Skipped: 0
[ERROR] Failed to execute goal org.apache.maven.plugins:maven-failsafe-plugin:3.5.6:verify (default-cli) on project agilityhub-core-api: 
[ERROR] 
[ERROR] See /Users/jordib/dev/agilityhub/agilityhub-core-api/target/failsafe-reports for the individual test results.
[ERROR] See dump files (if any exist) [date].dump, [date]-jvmRun[N].dump and [date].dumpstream.
[ERROR] -> [Help 1]
[ERROR] 
[ERROR] To see the full stack trace of the errors, re-run Maven with the -e switch.
[ERROR] Re-run Maven using the -X switch to enable full debug logging.
[ERROR] 
[ERROR] For more information about the errors and possible solutions, please read the following articles:
[ERROR] [Help 1] http://cwiki.apache.org/confluence/display/MAVEN/MojoFailureException
