[ERROR] COMPILATION ERROR : 
[ERROR] /Users/jordib/dev/agilityhub/agilityhub-core-api/src/main/java/com/agilityhub/core/clubs/activities/domain/ActivityEvent.java:[4,41] cannot find symbol
  symbol:   class ImmutableValues
  location: package com.agilityhub.core.shared.domain
[ERROR] /Users/jordib/dev/agilityhub/agilityhub-core-api/src/main/java/com/agilityhub/core/clubs/scheduling/domain/SchedulingEvent.java:[4,41] cannot find symbol
  symbol:   class ImmutableValues
  location: package com.agilityhub.core.shared.domain
[ERROR] /Users/jordib/dev/agilityhub/agilityhub-core-api/src/main/java/com/agilityhub/core/clubs/activities/domain/ActivityEvent.java:[11,38] cannot find symbol
  symbol:   variable ImmutableValues
  location: class com.agilityhub.core.clubs.activities.domain.ActivityEvent
[ERROR] /Users/jordib/dev/agilityhub/agilityhub-core-api/src/main/java/com/agilityhub/core/clubs/scheduling/domain/SchedulingEvent.java:[11,40] cannot find symbol
  symbol:   variable ImmutableValues
  location: class com.agilityhub.core.clubs.scheduling.domain.SchedulingEvent
[ERROR] Failed to execute goal org.apache.maven.plugins:maven-compiler-plugin:3.14.1:compile (default-compile) on project agilityhub-core-api: Compilation failure: Compilation failure: 
[ERROR] /Users/jordib/dev/agilityhub/agilityhub-core-api/src/main/java/com/agilityhub/core/clubs/activities/domain/ActivityEvent.java:[4,41] cannot find symbol
[ERROR]   symbol:   class ImmutableValues
[ERROR]   location: package com.agilityhub.core.shared.domain
[ERROR] /Users/jordib/dev/agilityhub/agilityhub-core-api/src/main/java/com/agilityhub/core/clubs/scheduling/domain/SchedulingEvent.java:[4,41] cannot find symbol
[ERROR]   symbol:   class ImmutableValues
[ERROR]   location: package com.agilityhub.core.shared.domain
[ERROR] /Users/jordib/dev/agilityhub/agilityhub-core-api/src/main/java/com/agilityhub/core/clubs/activities/domain/ActivityEvent.java:[11,38] cannot find symbol
[ERROR]   symbol:   variable ImmutableValues
[ERROR]   location: class com.agilityhub.core.clubs.activities.domain.ActivityEvent
[ERROR] /Users/jordib/dev/agilityhub/agilityhub-core-api/src/main/java/com/agilityhub/core/clubs/scheduling/domain/SchedulingEvent.java:[11,40] cannot find symbol
[ERROR]   symbol:   variable ImmutableValues
[ERROR]   location: class com.agilityhub.core.clubs.scheduling.domain.SchedulingEvent
[ERROR] -> [Help 1]
[ERROR] 
[ERROR] To see the full stack trace of the errors, re-run Maven with the -e switch.
[ERROR] Re-run Maven using the -X switch to enable full debug logging.
[ERROR] 
[ERROR] For more information about the errors and possible solutions, please read the following articles:
[ERROR] [Help 1] http://cwiki.apache.org/confluence/display/MAVEN/MojoFailureException
