[INFO] Scanning for projects...
[INFO] 
[INFO] -----------------< com.agilityhub:agilityhub-core-api >-----------------
[INFO] Building AgilityHub Core API 0.1.0-SNAPSHOT
[INFO]   from pom.xml
[INFO] --------------------------------[ jar ]---------------------------------
[INFO] 
[INFO] --- enforcer:3.6.2:enforce (require-java-21) @ agilityhub-core-api ---
[INFO] Rule 0: org.apache.maven.enforcer.rules.version.RequireJavaVersion passed
[INFO] Rule 1: org.apache.maven.enforcer.rules.version.RequireMavenVersion passed
[INFO] 
[INFO] --- jacoco:0.8.14:prepare-agent (default) @ agilityhub-core-api ---
[INFO] Skipping JaCoCo execution because property jacoco.skip is set.
[INFO] argLine set to empty
[INFO] 
[INFO] --- spring-boot:3.5.16:build-info (default) @ agilityhub-core-api ---
[INFO] 
[INFO] --- resources:3.3.1:resources (default-resources) @ agilityhub-core-api ---
[INFO] Copying 9 resources from src/main/resources to target/classes
[INFO] Copying 1 resource from seeds to target/classes/seeds
[INFO] 
[INFO] --- compiler:3.14.1:compile (default-compile) @ agilityhub-core-api ---
[INFO] Recompiling the module because of changed source code.
[INFO] Compiling 877 source files with javac [debug parameters release 21] to target/classes
[WARNING] /Users/jordib/dev/agilityhub/agilityhub-core-api/target/before-fix-b/src/main/java/com/agilityhub/core/clubs/scheduling/persistence/RingBlockRepository.java:[15,40] ensureIndex(org.springframework.data.mongodb.core.index.IndexDefinition) in org.springframework.data.mongodb.core.index.IndexOperations has been deprecated and marked for removal
[WARNING] /Users/jordib/dev/agilityhub/agilityhub-core-api/target/before-fix-b/src/main/java/com/agilityhub/core/clubs/scheduling/persistence/RingBlockRepository.java:[16,40] ensureIndex(org.springframework.data.mongodb.core.index.IndexDefinition) in org.springframework.data.mongodb.core.index.IndexOperations has been deprecated and marked for removal
[WARNING] /Users/jordib/dev/agilityhub/agilityhub-core-api/target/before-fix-b/src/main/java/com/agilityhub/core/clubs/scheduling/persistence/ClassSessionRepository.java:[15,43] ensureIndex(org.springframework.data.mongodb.core.index.IndexDefinition) in org.springframework.data.mongodb.core.index.IndexOperations has been deprecated and marked for removal
[WARNING] /Users/jordib/dev/agilityhub/agilityhub-core-api/target/before-fix-b/src/main/java/com/agilityhub/core/clubs/scheduling/persistence/ClassSessionRepository.java:[16,43] ensureIndex(org.springframework.data.mongodb.core.index.IndexDefinition) in org.springframework.data.mongodb.core.index.IndexOperations has been deprecated and marked for removal
[WARNING] /Users/jordib/dev/agilityhub/agilityhub-core-api/target/before-fix-b/src/main/java/com/agilityhub/core/clubs/scheduling/persistence/ClassSessionRepository.java:[17,43] ensureIndex(org.springframework.data.mongodb.core.index.IndexDefinition) in org.springframework.data.mongodb.core.index.IndexOperations has been deprecated and marked for removal
[WARNING] /Users/jordib/dev/agilityhub/agilityhub-core-api/target/before-fix-b/src/main/java/com/agilityhub/core/clubs/scheduling/persistence/ClassSessionRepository.java:[18,43] ensureIndex(org.springframework.data.mongodb.core.index.IndexDefinition) in org.springframework.data.mongodb.core.index.IndexOperations has been deprecated and marked for removal
[WARNING] /Users/jordib/dev/agilityhub/agilityhub-core-api/target/before-fix-b/src/main/java/com/agilityhub/core/clubs/scheduling/persistence/ClassSessionRepository.java:[19,43] ensureIndex(org.springframework.data.mongodb.core.index.IndexDefinition) in org.springframework.data.mongodb.core.index.IndexOperations has been deprecated and marked for removal
[WARNING] /Users/jordib/dev/agilityhub/agilityhub-core-api/target/before-fix-b/src/main/java/com/agilityhub/core/clubs/census/persistence/CensusRepository.java:[31,16] ensureIndex(org.springframework.data.mongodb.core.index.IndexDefinition) in org.springframework.data.mongodb.core.index.IndexOperations has been deprecated and marked for removal
[WARNING] /Users/jordib/dev/agilityhub/agilityhub-core-api/target/before-fix-b/src/main/java/com/agilityhub/core/clubs/census/persistence/CensusRepository.java:[49,29] ensureIndex(org.springframework.data.mongodb.core.index.IndexDefinition) in org.springframework.data.mongodb.core.index.IndexOperations has been deprecated and marked for removal
[WARNING] /Users/jordib/dev/agilityhub/agilityhub-core-api/target/before-fix-b/src/main/java/com/agilityhub/core/clubs/census/persistence/CensusRepository.java:[52,66] ensureIndex(org.springframework.data.mongodb.core.index.IndexDefinition) in org.springframework.data.mongodb.core.index.IndexOperations has been deprecated and marked for removal
[WARNING] /Users/jordib/dev/agilityhub/agilityhub-core-api/target/before-fix-b/src/main/java/com/agilityhub/core/clubs/census/persistence/CensusRepository.java:[137,29] ensureIndex(org.springframework.data.mongodb.core.index.IndexDefinition) in org.springframework.data.mongodb.core.index.IndexOperations has been deprecated and marked for removal
[WARNING] /Users/jordib/dev/agilityhub/agilityhub-core-api/target/before-fix-b/src/main/java/com/agilityhub/core/platform/persistence/ClubRepository.java:[43,35] ensureIndex(org.springframework.data.mongodb.core.index.IndexDefinition) in org.springframework.data.mongodb.core.index.IndexOperations has been deprecated and marked for removal
[WARNING] /Users/jordib/dev/agilityhub/agilityhub-core-api/target/before-fix-b/src/main/java/com/agilityhub/core/platform/persistence/ClubRepository.java:[44,35] ensureIndex(org.springframework.data.mongodb.core.index.IndexDefinition) in org.springframework.data.mongodb.core.index.IndexOperations has been deprecated and marked for removal
[WARNING] /Users/jordib/dev/agilityhub/agilityhub-core-api/target/before-fix-b/src/main/java/com/agilityhub/core/platform/persistence/ParameterRepository.java:[39,40] ensureIndex(org.springframework.data.mongodb.core.index.IndexDefinition) in org.springframework.data.mongodb.core.index.IndexOperations has been deprecated and marked for removal
[WARNING] /Users/jordib/dev/agilityhub/agilityhub-core-api/target/before-fix-b/src/main/java/com/agilityhub/core/clubs/scheduling/persistence/WeekRepository.java:[15,35] ensureIndex(org.springframework.data.mongodb.core.index.IndexDefinition) in org.springframework.data.mongodb.core.index.IndexOperations has been deprecated and marked for removal
[WARNING] /Users/jordib/dev/agilityhub/agilityhub-core-api/target/before-fix-b/src/main/java/com/agilityhub/core/clubs/catalogs/persistence/CatalogRepository.java:[15,46] ensureIndex(org.springframework.data.mongodb.core.index.IndexDefinition) in org.springframework.data.mongodb.core.index.IndexOperations has been deprecated and marked for removal
[WARNING] /Users/jordib/dev/agilityhub/agilityhub-core-api/target/before-fix-b/src/main/java/com/agilityhub/core/clubs/catalogs/persistence/InstructorRepository.java:[15,41] ensureIndex(org.springframework.data.mongodb.core.index.IndexDefinition) in org.springframework.data.mongodb.core.index.IndexOperations has been deprecated and marked for removal
[WARNING] /Users/jordib/dev/agilityhub/agilityhub-core-api/target/before-fix-b/src/main/java/com/agilityhub/core/clubs/catalogs/persistence/InstructorRepository.java:[16,43] ensureIndex(org.springframework.data.mongodb.core.index.IndexDefinition) in org.springframework.data.mongodb.core.index.IndexOperations has been deprecated and marked for removal
[WARNING] /Users/jordib/dev/agilityhub/agilityhub-core-api/target/before-fix-b/src/main/java/com/agilityhub/core/clubs/common/persistence/ListExportRepository.java:[16,40] ensureIndex(org.springframework.data.mongodb.core.index.IndexDefinition) in org.springframework.data.mongodb.core.index.IndexOperations has been deprecated and marked for removal
[WARNING] /Users/jordib/dev/agilityhub/agilityhub-core-api/target/before-fix-b/src/main/java/com/agilityhub/core/clubs/common/persistence/ListExportRepository.java:[17,40] ensureIndex(org.springframework.data.mongodb.core.index.IndexDefinition) in org.springframework.data.mongodb.core.index.IndexOperations has been deprecated and marked for removal
[WARNING] /Users/jordib/dev/agilityhub/agilityhub-core-api/target/before-fix-b/src/main/java/com/agilityhub/core/clubs/common/persistence/ListExportRepository.java:[19,40] ensureIndex(org.springframework.data.mongodb.core.index.IndexDefinition) in org.springframework.data.mongodb.core.index.IndexOperations has been deprecated and marked for removal
[WARNING] /Users/jordib/dev/agilityhub/agilityhub-core-api/target/before-fix-b/src/main/java/com/agilityhub/core/clubs/common/persistence/ListExportRepository.java:[20,45] ensureIndex(org.springframework.data.mongodb.core.index.IndexDefinition) in org.springframework.data.mongodb.core.index.IndexOperations has been deprecated and marked for removal
[WARNING] /Users/jordib/dev/agilityhub/agilityhub-core-api/target/before-fix-b/src/main/java/com/agilityhub/core/clubs/common/persistence/ExportWorkRepository.java:[16,47] ensureIndex(org.springframework.data.mongodb.core.index.IndexDefinition) in org.springframework.data.mongodb.core.index.IndexOperations has been deprecated and marked for removal
[WARNING] /Users/jordib/dev/agilityhub/agilityhub-core-api/target/before-fix-b/src/main/java/com/agilityhub/core/clubs/common/persistence/ExportWorkRepository.java:[17,38] ensureIndex(org.springframework.data.mongodb.core.index.IndexDefinition) in org.springframework.data.mongodb.core.index.IndexOperations has been deprecated and marked for removal
[WARNING] /Users/jordib/dev/agilityhub/agilityhub-core-api/target/before-fix-b/src/main/java/com/agilityhub/core/clubs/activities/persistence/ActivityRepository.java:[40,39] ensureIndex(org.springframework.data.mongodb.core.index.IndexDefinition) in org.springframework.data.mongodb.core.index.IndexOperations has been deprecated and marked for removal
[WARNING] /Users/jordib/dev/agilityhub/agilityhub-core-api/target/before-fix-b/src/main/java/com/agilityhub/core/clubs/activities/persistence/ActivityRepository.java:[41,39] ensureIndex(org.springframework.data.mongodb.core.index.IndexDefinition) in org.springframework.data.mongodb.core.index.IndexOperations has been deprecated and marked for removal
[WARNING] /Users/jordib/dev/agilityhub/agilityhub-core-api/target/before-fix-b/src/main/java/com/agilityhub/core/clubs/activities/persistence/ActivityRepository.java:[42,39] ensureIndex(org.springframework.data.mongodb.core.index.IndexDefinition) in org.springframework.data.mongodb.core.index.IndexOperations has been deprecated and marked for removal
[WARNING] /Users/jordib/dev/agilityhub/agilityhub-core-api/target/before-fix-b/src/main/java/com/agilityhub/core/clubs/activities/persistence/ActivityRegistrationRepository.java:[35,51] ensureIndex(org.springframework.data.mongodb.core.index.IndexDefinition) in org.springframework.data.mongodb.core.index.IndexOperations has been deprecated and marked for removal
[WARNING] /Users/jordib/dev/agilityhub/agilityhub-core-api/target/before-fix-b/src/main/java/com/agilityhub/core/clubs/activities/persistence/ActivityRegistrationRepository.java:[36,51] ensureIndex(org.springframework.data.mongodb.core.index.IndexDefinition) in org.springframework.data.mongodb.core.index.IndexOperations has been deprecated and marked for removal
[WARNING] /Users/jordib/dev/agilityhub/agilityhub-core-api/target/before-fix-b/src/main/java/com/agilityhub/core/clubs/activities/persistence/ActivityRegistrationRepository.java:[37,51] ensureIndex(org.springframework.data.mongodb.core.index.IndexDefinition) in org.springframework.data.mongodb.core.index.IndexOperations has been deprecated and marked for removal
[WARNING] /Users/jordib/dev/agilityhub/agilityhub-core-api/target/before-fix-b/src/main/java/com/agilityhub/core/clubs/followup/persistence/AttachmentRepository.java:[23,41] ensureIndex(org.springframework.data.mongodb.core.index.IndexDefinition) in org.springframework.data.mongodb.core.index.IndexOperations has been deprecated and marked for removal
[WARNING] /Users/jordib/dev/agilityhub/agilityhub-core-api/target/before-fix-b/src/main/java/com/agilityhub/core/clubs/followup/persistence/AttachmentRepository.java:[26,41] ensureIndex(org.springframework.data.mongodb.core.index.IndexDefinition) in org.springframework.data.mongodb.core.index.IndexOperations has been deprecated and marked for removal
[WARNING] /Users/jordib/dev/agilityhub/agilityhub-core-api/target/before-fix-b/src/main/java/com/agilityhub/core/clubs/bookings/persistence/BookingRepository.java:[24,16] ensureIndex(org.springframework.data.mongodb.core.index.IndexDefinition) in org.springframework.data.mongodb.core.index.IndexOperations has been deprecated and marked for removal
[WARNING] /Users/jordib/dev/agilityhub/agilityhub-core-api/target/before-fix-b/src/main/java/com/agilityhub/core/clubs/bookings/persistence/BookingRepository.java:[25,16] ensureIndex(org.springframework.data.mongodb.core.index.IndexDefinition) in org.springframework.data.mongodb.core.index.IndexOperations has been deprecated and marked for removal
[WARNING] /Users/jordib/dev/agilityhub/agilityhub-core-api/target/before-fix-b/src/main/java/com/agilityhub/core/clubs/bookings/persistence/BookingRepository.java:[26,16] ensureIndex(org.springframework.data.mongodb.core.index.IndexDefinition) in org.springframework.data.mongodb.core.index.IndexOperations has been deprecated and marked for removal
[WARNING] /Users/jordib/dev/agilityhub/agilityhub-core-api/target/before-fix-b/src/main/java/com/agilityhub/core/clubs/bookings/persistence/BookingRepository.java:[28,16] ensureIndex(org.springframework.data.mongodb.core.index.IndexDefinition) in org.springframework.data.mongodb.core.index.IndexOperations has been deprecated and marked for removal
[WARNING] /Users/jordib/dev/agilityhub/agilityhub-core-api/target/before-fix-b/src/main/java/com/agilityhub/core/clubs/bookings/persistence/WaitlistEntryRepository.java:[20,16] ensureIndex(org.springframework.data.mongodb.core.index.IndexDefinition) in org.springframework.data.mongodb.core.index.IndexOperations has been deprecated and marked for removal
[WARNING] /Users/jordib/dev/agilityhub/agilityhub-core-api/target/before-fix-b/src/main/java/com/agilityhub/core/clubs/bookings/persistence/WaitlistEntryRepository.java:[21,16] ensureIndex(org.springframework.data.mongodb.core.index.IndexDefinition) in org.springframework.data.mongodb.core.index.IndexOperations has been deprecated and marked for removal
[WARNING] /Users/jordib/dev/agilityhub/agilityhub-core-api/target/before-fix-b/src/main/java/com/agilityhub/core/clubs/bookings/persistence/WaitlistEntryRepository.java:[23,16] ensureIndex(org.springframework.data.mongodb.core.index.IndexDefinition) in org.springframework.data.mongodb.core.index.IndexOperations has been deprecated and marked for removal
[WARNING] /Users/jordib/dev/agilityhub/agilityhub-core-api/target/before-fix-b/src/main/java/com/agilityhub/core/identity/persistence/AccountRepository.java:[107,38] ensureIndex(org.springframework.data.mongodb.core.index.IndexDefinition) in org.springframework.data.mongodb.core.index.IndexOperations has been deprecated and marked for removal
[WARNING] /Users/jordib/dev/agilityhub/agilityhub-core-api/target/before-fix-b/src/main/java/com/agilityhub/core/identity/persistence/AccountRepository.java:[108,38] ensureIndex(org.springframework.data.mongodb.core.index.IndexDefinition) in org.springframework.data.mongodb.core.index.IndexOperations has been deprecated and marked for removal
[WARNING] /Users/jordib/dev/agilityhub/agilityhub-core-api/target/before-fix-b/src/main/java/com/agilityhub/core/identity/persistence/MembershipRepository.java:[41,41] ensureIndex(org.springframework.data.mongodb.core.index.IndexDefinition) in org.springframework.data.mongodb.core.index.IndexOperations has been deprecated and marked for removal
[WARNING] /Users/jordib/dev/agilityhub/agilityhub-core-api/target/before-fix-b/src/main/java/com/agilityhub/core/identity/persistence/MagicLinkTokenRepository.java:[41,45] ensureIndex(org.springframework.data.mongodb.core.index.IndexDefinition) in org.springframework.data.mongodb.core.index.IndexOperations has been deprecated and marked for removal
[WARNING] /Users/jordib/dev/agilityhub/agilityhub-core-api/target/before-fix-b/src/main/java/com/agilityhub/core/identity/persistence/MagicLinkTokenRepository.java:[42,45] ensureIndex(org.springframework.data.mongodb.core.index.IndexDefinition) in org.springframework.data.mongodb.core.index.IndexOperations has been deprecated and marked for removal
[WARNING] /Users/jordib/dev/agilityhub/agilityhub-core-api/target/before-fix-b/src/main/java/com/agilityhub/core/identity/persistence/MagicLinkTokenRepository.java:[43,45] ensureIndex(org.springframework.data.mongodb.core.index.IndexDefinition) in org.springframework.data.mongodb.core.index.IndexOperations has been deprecated and marked for removal
[WARNING] /Users/jordib/dev/agilityhub/agilityhub-core-api/target/before-fix-b/src/main/java/com/agilityhub/core/clubs/bookings/persistence/SeatHoldRepository.java:[21,16] ensureIndex(org.springframework.data.mongodb.core.index.IndexDefinition) in org.springframework.data.mongodb.core.index.IndexOperations has been deprecated and marked for removal
[WARNING] /Users/jordib/dev/agilityhub/agilityhub-core-api/target/before-fix-b/src/main/java/com/agilityhub/core/clubs/bookings/persistence/SeatHoldRepository.java:[22,16] ensureIndex(org.springframework.data.mongodb.core.index.IndexDefinition) in org.springframework.data.mongodb.core.index.IndexOperations has been deprecated and marked for removal
[WARNING] /Users/jordib/dev/agilityhub/agilityhub-core-api/target/before-fix-b/src/main/java/com/agilityhub/core/platform/persistence/audit/AuditRepository.java:[56,16] ensureIndex(org.springframework.data.mongodb.core.index.IndexDefinition) in org.springframework.data.mongodb.core.index.IndexOperations has been deprecated and marked for removal
[WARNING] /Users/jordib/dev/agilityhub/agilityhub-core-api/target/before-fix-b/src/main/java/com/agilityhub/core/platform/persistence/audit/AuditRepository.java:[57,16] ensureIndex(org.springframework.data.mongodb.core.index.IndexDefinition) in org.springframework.data.mongodb.core.index.IndexOperations has been deprecated and marked for removal
[WARNING] /Users/jordib/dev/agilityhub/agilityhub-core-api/target/before-fix-b/src/main/java/com/agilityhub/core/platform/persistence/audit/AuditRepository.java:[59,16] ensureIndex(org.springframework.data.mongodb.core.index.IndexDefinition) in org.springframework.data.mongodb.core.index.IndexOperations has been deprecated and marked for removal
[WARNING] /Users/jordib/dev/agilityhub/agilityhub-core-api/target/before-fix-b/src/main/java/com/agilityhub/core/platform/persistence/audit/AuditRepository.java:[61,16] ensureIndex(org.springframework.data.mongodb.core.index.IndexDefinition) in org.springframework.data.mongodb.core.index.IndexOperations has been deprecated and marked for removal
[WARNING] /Users/jordib/dev/agilityhub/agilityhub-core-api/target/before-fix-b/src/main/java/com/agilityhub/core/clubs/catalogs/persistence/PlanRepository.java:[13,35] ensureIndex(org.springframework.data.mongodb.core.index.IndexDefinition) in org.springframework.data.mongodb.core.index.IndexOperations has been deprecated and marked for removal
[WARNING] /Users/jordib/dev/agilityhub/agilityhub-core-api/target/before-fix-b/src/main/java/com/agilityhub/core/clubs/catalogs/persistence/PriceRepository.java:[18,36] ensureIndex(org.springframework.data.mongodb.core.index.IndexDefinition) in org.springframework.data.mongodb.core.index.IndexOperations has been deprecated and marked for removal
[WARNING] /Users/jordib/dev/agilityhub/agilityhub-core-api/target/before-fix-b/src/main/java/com/agilityhub/core/clubs/bookings/persistence/AttendanceRepository.java:[16,16] ensureIndex(org.springframework.data.mongodb.core.index.IndexDefinition) in org.springframework.data.mongodb.core.index.IndexOperations has been deprecated and marked for removal
[WARNING] /Users/jordib/dev/agilityhub/agilityhub-core-api/target/before-fix-b/src/main/java/com/agilityhub/core/clubs/bookings/persistence/AttendanceRepository.java:[17,16] ensureIndex(org.springframework.data.mongodb.core.index.IndexDefinition) in org.springframework.data.mongodb.core.index.IndexOperations has been deprecated and marked for removal
[WARNING] /Users/jordib/dev/agilityhub/agilityhub-core-api/target/before-fix-b/src/main/java/com/agilityhub/core/clubs/bookings/persistence/AttendanceRepository.java:[18,16] ensureIndex(org.springframework.data.mongodb.core.index.IndexDefinition) in org.springframework.data.mongodb.core.index.IndexOperations has been deprecated and marked for removal
[WARNING] /Users/jordib/dev/agilityhub/agilityhub-core-api/target/before-fix-b/src/main/java/com/agilityhub/core/clubs/bookings/persistence/AttendanceRepository.java:[20,16] ensureIndex(org.springframework.data.mongodb.core.index.IndexDefinition) in org.springframework.data.mongodb.core.index.IndexOperations has been deprecated and marked for removal
[WARNING] /Users/jordib/dev/agilityhub/agilityhub-core-api/target/before-fix-b/src/main/java/com/agilityhub/core/clubs/census/persistence/SignupNotificationAdmissionRepository.java:[21,58] ensureIndex(org.springframework.data.mongodb.core.index.IndexDefinition) in org.springframework.data.mongodb.core.index.IndexOperations has been deprecated and marked for removal
[WARNING] /Users/jordib/dev/agilityhub/agilityhub-core-api/target/before-fix-b/src/main/java/com/agilityhub/core/platform/persistence/jobs/JobRunRepository.java:[23,16] ensureIndex(org.springframework.data.mongodb.core.index.IndexDefinition) in org.springframework.data.mongodb.core.index.IndexOperations has been deprecated and marked for removal
[WARNING] /Users/jordib/dev/agilityhub/agilityhub-core-api/target/before-fix-b/src/main/java/com/agilityhub/core/platform/persistence/jobs/JobRunRepository.java:[25,16] ensureIndex(org.springframework.data.mongodb.core.index.IndexDefinition) in org.springframework.data.mongodb.core.index.IndexOperations has been deprecated and marked for removal
[WARNING] /Users/jordib/dev/agilityhub/agilityhub-core-api/target/before-fix-b/src/main/java/com/agilityhub/core/platform/persistence/jobs/JobRunRepository.java:[26,16] ensureIndex(org.springframework.data.mongodb.core.index.IndexDefinition) in org.springframework.data.mongodb.core.index.IndexOperations has been deprecated and marked for removal
[WARNING] /Users/jordib/dev/agilityhub/agilityhub-core-api/target/before-fix-b/src/main/java/com/agilityhub/core/platform/persistence/jobs/JobLockRepository.java:[22,38] ensureIndex(org.springframework.data.mongodb.core.index.IndexDefinition) in org.springframework.data.mongodb.core.index.IndexOperations has been deprecated and marked for removal
[WARNING] /Users/jordib/dev/agilityhub/agilityhub-core-api/target/before-fix-b/src/main/java/com/agilityhub/core/clubs/common/persistence/SavedViewRepository.java:[14,40] ensureIndex(org.springframework.data.mongodb.core.index.IndexDefinition) in org.springframework.data.mongodb.core.index.IndexOperations has been deprecated and marked for removal
[WARNING] /Users/jordib/dev/agilityhub/agilityhub-core-api/target/before-fix-b/src/main/java/com/agilityhub/core/clubs/content/persistence/ClubPageRepository.java:[16,39] ensureIndex(org.springframework.data.mongodb.core.index.IndexDefinition) in org.springframework.data.mongodb.core.index.IndexOperations has been deprecated and marked for removal
[WARNING] /Users/jordib/dev/agilityhub/agilityhub-core-api/target/before-fix-b/src/main/java/com/agilityhub/core/clubs/followup/persistence/TaskRepository.java:[15,35] ensureIndex(org.springframework.data.mongodb.core.index.IndexDefinition) in org.springframework.data.mongodb.core.index.IndexOperations has been deprecated and marked for removal
[WARNING] /Users/jordib/dev/agilityhub/agilityhub-core-api/target/before-fix-b/src/main/java/com/agilityhub/core/clubs/followup/persistence/FollowupItemRepository.java:[16,16] ensureIndex(org.springframework.data.mongodb.core.index.IndexDefinition) in org.springframework.data.mongodb.core.index.IndexOperations has been deprecated and marked for removal
[WARNING] /Users/jordib/dev/agilityhub/agilityhub-core-api/target/before-fix-b/src/main/java/com/agilityhub/core/clubs/followup/persistence/FollowupItemRepository.java:[17,16] ensureIndex(org.springframework.data.mongodb.core.index.IndexDefinition) in org.springframework.data.mongodb.core.index.IndexOperations has been deprecated and marked for removal
[WARNING] /Users/jordib/dev/agilityhub/agilityhub-core-api/target/before-fix-b/src/main/java/com/agilityhub/core/clubs/followup/persistence/FollowupReadMarkRepository.java:[15,47] ensureIndex(org.springframework.data.mongodb.core.index.IndexDefinition) in org.springframework.data.mongodb.core.index.IndexOperations has been deprecated and marked for removal
[WARNING] /Users/jordib/dev/agilityhub/agilityhub-core-api/target/before-fix-b/src/main/java/com/agilityhub/core/clubs/scheduling/persistence/WeekTemplateRepository.java:[15,43] ensureIndex(org.springframework.data.mongodb.core.index.IndexDefinition) in org.springframework.data.mongodb.core.index.IndexOperations has been deprecated and marked for removal
[WARNING] /Users/jordib/dev/agilityhub/agilityhub-core-api/target/before-fix-b/src/main/java/com/agilityhub/core/clubs/scheduling/persistence/SchedulingPersistence.java:[33,26] ensureIndex(org.springframework.data.mongodb.core.index.IndexDefinition) in org.springframework.data.mongodb.core.index.IndexOperations has been deprecated and marked for removal
[WARNING] /Users/jordib/dev/agilityhub/agilityhub-core-api/target/before-fix-b/src/main/java/com/agilityhub/core/clubs/training/persistence/TrainingBookingRepository.java:[25,16] ensureIndex(org.springframework.data.mongodb.core.index.IndexDefinition) in org.springframework.data.mongodb.core.index.IndexOperations has been deprecated and marked for removal
[WARNING] /Users/jordib/dev/agilityhub/agilityhub-core-api/target/before-fix-b/src/main/java/com/agilityhub/core/clubs/training/persistence/TrainingBookingRepository.java:[27,16] ensureIndex(org.springframework.data.mongodb.core.index.IndexDefinition) in org.springframework.data.mongodb.core.index.IndexOperations has been deprecated and marked for removal
[WARNING] /Users/jordib/dev/agilityhub/agilityhub-core-api/target/before-fix-b/src/main/java/com/agilityhub/core/clubs/training/persistence/TrainingBookingRepository.java:[28,16] ensureIndex(org.springframework.data.mongodb.core.index.IndexDefinition) in org.springframework.data.mongodb.core.index.IndexOperations has been deprecated and marked for removal
[WARNING] /Users/jordib/dev/agilityhub/agilityhub-core-api/target/before-fix-b/src/main/java/com/agilityhub/core/clubs/training/persistence/TrainingBookingRepository.java:[29,16] ensureIndex(org.springframework.data.mongodb.core.index.IndexDefinition) in org.springframework.data.mongodb.core.index.IndexOperations has been deprecated and marked for removal
[WARNING] /Users/jordib/dev/agilityhub/agilityhub-core-api/target/before-fix-b/src/main/java/com/agilityhub/core/clubs/training/persistence/TrainingBookingRepository.java:[30,16] ensureIndex(org.springframework.data.mongodb.core.index.IndexDefinition) in org.springframework.data.mongodb.core.index.IndexOperations has been deprecated and marked for removal
[WARNING] /Users/jordib/dev/agilityhub/agilityhub-core-api/target/before-fix-b/src/main/java/com/agilityhub/core/configuration/CatalogConfiguration.java:[16,36] ensureIndex(org.springframework.data.mongodb.core.index.IndexDefinition) in org.springframework.data.mongodb.core.index.IndexOperations has been deprecated and marked for removal
[WARNING] /Users/jordib/dev/agilityhub/agilityhub-core-api/target/before-fix-b/src/main/java/com/agilityhub/core/configuration/CatalogConfiguration.java:[18,36] ensureIndex(org.springframework.data.mongodb.core.index.IndexDefinition) in org.springframework.data.mongodb.core.index.IndexOperations has been deprecated and marked for removal
[WARNING] /Users/jordib/dev/agilityhub/agilityhub-core-api/target/before-fix-b/src/main/java/com/agilityhub/core/configuration/CatalogConfiguration.java:[24,39] ensureIndex(org.springframework.data.mongodb.core.index.IndexDefinition) in org.springframework.data.mongodb.core.index.IndexOperations has been deprecated and marked for removal
[WARNING] /Users/jordib/dev/agilityhub/agilityhub-core-api/target/before-fix-b/src/main/java/com/agilityhub/core/configuration/CatalogConfiguration.java:[30,39] ensureIndex(org.springframework.data.mongodb.core.index.IndexDefinition) in org.springframework.data.mongodb.core.index.IndexOperations has been deprecated and marked for removal
[WARNING] /Users/jordib/dev/agilityhub/agilityhub-core-api/target/before-fix-b/src/main/java/com/agilityhub/core/configuration/EmailConfiguration.java:[72,47] ensureIndex(org.springframework.data.mongodb.core.index.IndexDefinition) in org.springframework.data.mongodb.core.index.IndexOperations has been deprecated and marked for removal
[WARNING] /Users/jordib/dev/agilityhub/agilityhub-core-api/target/before-fix-b/src/main/java/com/agilityhub/core/identity/persistence/RefreshTokenRepository.java:[60,43] ensureIndex(org.springframework.data.mongodb.core.index.IndexDefinition) in org.springframework.data.mongodb.core.index.IndexOperations has been deprecated and marked for removal
[WARNING] /Users/jordib/dev/agilityhub/agilityhub-core-api/target/before-fix-b/src/main/java/com/agilityhub/core/identity/persistence/RefreshTokenRepository.java:[61,43] ensureIndex(org.springframework.data.mongodb.core.index.IndexDefinition) in org.springframework.data.mongodb.core.index.IndexOperations has been deprecated and marked for removal
[WARNING] /Users/jordib/dev/agilityhub/agilityhub-core-api/target/before-fix-b/src/main/java/com/agilityhub/core/identity/persistence/RefreshTokenRepository.java:[62,43] ensureIndex(org.springframework.data.mongodb.core.index.IndexDefinition) in org.springframework.data.mongodb.core.index.IndexOperations has been deprecated and marked for removal
[WARNING] /Users/jordib/dev/agilityhub/agilityhub-core-api/target/before-fix-b/src/main/java/com/agilityhub/core/identity/persistence/RefreshTokenRepository.java:[64,43] ensureIndex(org.springframework.data.mongodb.core.index.IndexDefinition) in org.springframework.data.mongodb.core.index.IndexOperations has been deprecated and marked for removal
[WARNING] /Users/jordib/dev/agilityhub/agilityhub-core-api/target/before-fix-b/src/main/java/com/agilityhub/core/identity/persistence/ImpersonationGrantRepository.java:[20,49] ensureIndex(org.springframework.data.mongodb.core.index.IndexDefinition) in org.springframework.data.mongodb.core.index.IndexOperations has been deprecated and marked for removal
[WARNING] /Users/jordib/dev/agilityhub/agilityhub-core-api/target/before-fix-b/src/main/java/com/agilityhub/core/identity/persistence/HandoffCodeRepository.java:[27,42] ensureIndex(org.springframework.data.mongodb.core.index.IndexDefinition) in org.springframework.data.mongodb.core.index.IndexOperations has been deprecated and marked for removal
[WARNING] /Users/jordib/dev/agilityhub/agilityhub-core-api/target/before-fix-b/src/main/java/com/agilityhub/core/identity/persistence/HandoffCodeRepository.java:[28,42] ensureIndex(org.springframework.data.mongodb.core.index.IndexDefinition) in org.springframework.data.mongodb.core.index.IndexOperations has been deprecated and marked for removal
[WARNING] /Users/jordib/dev/agilityhub/agilityhub-core-api/target/before-fix-b/src/main/java/com/agilityhub/core/identity/persistence/OidcStateRepository.java:[17,33] ensureIndex(org.springframework.data.mongodb.core.index.IndexDefinition) in org.springframework.data.mongodb.core.index.IndexOperations has been deprecated and marked for removal
[WARNING] /Users/jordib/dev/agilityhub/agilityhub-core-api/target/before-fix-b/src/main/java/com/agilityhub/core/platform/persistence/SecurityEventRepository.java:[21,20] ensureIndex(org.springframework.data.mongodb.core.index.IndexDefinition) in org.springframework.data.mongodb.core.index.IndexOperations has been deprecated and marked for removal
[WARNING] /Users/jordib/dev/agilityhub/agilityhub-core-api/target/before-fix-b/src/main/java/com/agilityhub/core/shared/persistence/IdempotencyRepository.java:[22,48] ensureIndex(org.springframework.data.mongodb.core.index.IndexDefinition) in org.springframework.data.mongodb.core.index.IndexOperations has been deprecated and marked for removal
[WARNING] /Users/jordib/dev/agilityhub/agilityhub-core-api/target/before-fix-b/src/main/java/com/agilityhub/core/shared/persistence/IdempotencyRepository.java:[24,48] ensureIndex(org.springframework.data.mongodb.core.index.IndexDefinition) in org.springframework.data.mongodb.core.index.IndexOperations has been deprecated and marked for removal
[WARNING] /Users/jordib/dev/agilityhub/agilityhub-core-api/target/before-fix-b/src/main/java/com/agilityhub/core/shared/persistence/OutboxRepository.java:[25,16] ensureIndex(org.springframework.data.mongodb.core.index.IndexDefinition) in org.springframework.data.mongodb.core.index.IndexOperations has been deprecated and marked for removal
[WARNING] /Users/jordib/dev/agilityhub/agilityhub-core-api/target/before-fix-b/src/main/java/com/agilityhub/core/shared/persistence/OutboxRepository.java:[26,16] ensureIndex(org.springframework.data.mongodb.core.index.IndexDefinition) in org.springframework.data.mongodb.core.index.IndexOperations has been deprecated and marked for removal
[WARNING] /Users/jordib/dev/agilityhub/agilityhub-core-api/target/before-fix-b/src/main/java/com/agilityhub/core/shared/persistence/OutboxRepository.java:[27,16] ensureIndex(org.springframework.data.mongodb.core.index.IndexDefinition) in org.springframework.data.mongodb.core.index.IndexOperations has been deprecated and marked for removal
[INFO] /Users/jordib/dev/agilityhub/agilityhub-core-api/target/before-fix-b/src/main/java/com/agilityhub/core/clubs/catalogs/application/CatalogSeeds.java: Some input files use or override a deprecated API.
[INFO] /Users/jordib/dev/agilityhub/agilityhub-core-api/target/before-fix-b/src/main/java/com/agilityhub/core/clubs/catalogs/application/CatalogSeeds.java: Recompile with -Xlint:deprecation for details.
[INFO] /Users/jordib/dev/agilityhub/agilityhub-core-api/target/before-fix-b/src/main/java/com/agilityhub/core/clubs/scheduling/application/PlanningContext.java: Some input files use unchecked or unsafe operations.
[INFO] /Users/jordib/dev/agilityhub/agilityhub-core-api/target/before-fix-b/src/main/java/com/agilityhub/core/clubs/scheduling/application/PlanningContext.java: Recompile with -Xlint:unchecked for details.
[INFO] 
[INFO] --- resources:3.3.1:testResources (default-testResources) @ agilityhub-core-api ---
[INFO] Copying 37 resources from src/test/resources to target/test-classes
[INFO] 
[INFO] --- compiler:3.14.1:testCompile (default-testCompile) @ agilityhub-core-api ---
[INFO] Recompiling the module because of changed dependency.
[INFO] Compiling 235 source files with javac [debug parameters release 21] to target/test-classes
[WARNING] /Users/jordib/dev/agilityhub/agilityhub-core-api/target/before-fix-b/src/test/java/com/agilityhub/core/clubs/scheduling/persistence/SchedulingPersistenceTest.java:[74,28] ensureIndex(org.springframework.data.mongodb.core.index.IndexDefinition) in org.springframework.data.mongodb.core.index.IndexOperations has been deprecated and marked for removal
[WARNING] /Users/jordib/dev/agilityhub/agilityhub-core-api/target/before-fix-b/src/test/java/com/agilityhub/core/clubs/scheduling/persistence/SchedulingPersistenceTest.java:[81,19] ensureIndex(org.springframework.data.mongodb.core.index.IndexDefinition) in org.springframework.data.mongodb.core.index.IndexOperations has been deprecated and marked for removal
[WARNING] /Users/jordib/dev/agilityhub/agilityhub-core-api/target/before-fix-b/src/test/java/com/agilityhub/core/clubs/scheduling/persistence/SchedulingPersistenceTest.java:[87,25] ensureIndex(org.springframework.data.mongodb.core.index.IndexDefinition) in org.springframework.data.mongodb.core.index.IndexOperations has been deprecated and marked for removal
[WARNING] /Users/jordib/dev/agilityhub/agilityhub-core-api/target/before-fix-b/src/test/java/com/agilityhub/core/clubs/scheduling/persistence/SchedulingPersistenceTest.java:[103,25] ensureIndex(org.springframework.data.mongodb.core.index.IndexDefinition) in org.springframework.data.mongodb.core.index.IndexOperations has been deprecated and marked for removal
[INFO] /Users/jordib/dev/agilityhub/agilityhub-core-api/target/before-fix-b/src/test/java/com/agilityhub/core/clubs/catalogs/api/TeamIT.java: Some input files use or override a deprecated API.
[INFO] /Users/jordib/dev/agilityhub/agilityhub-core-api/target/before-fix-b/src/test/java/com/agilityhub/core/clubs/catalogs/api/TeamIT.java: Recompile with -Xlint:deprecation for details.
[INFO] /Users/jordib/dev/agilityhub/agilityhub-core-api/target/before-fix-b/src/test/java/com/agilityhub/core/clubs/catalogs/api/CatalogsIT.java: Some input files use unchecked or unsafe operations.
[INFO] /Users/jordib/dev/agilityhub/agilityhub-core-api/target/before-fix-b/src/test/java/com/agilityhub/core/clubs/catalogs/api/CatalogsIT.java: Recompile with -Xlint:unchecked for details.
[INFO] 
[INFO] --- surefire:3.5.6:test (default-test) @ agilityhub-core-api ---
[INFO] Using auto detected provider org.apache.maven.surefire.junitplatform.JUnitPlatformProvider
[INFO] 
[INFO] -------------------------------------------------------
[INFO]  T E S T S
[INFO] -------------------------------------------------------
[INFO] Running com.agilityhub.core.clubs.followup.application.AttachmentServiceTest
Mockito is currently self-attaching to enable the inline-mock-maker. This will no longer work in future releases of the JDK. Please add Mockito as an agent to your build as described in Mockito's documentation: https://javadoc.io/doc/org.mockito/mockito-core/latest/org.mockito/org/mockito/Mockito.html#0.3
OpenJDK 64-Bit Server VM warning: Sharing is only supported for boot loader classes because bootstrap classpath has been appended
WARNING: A Java agent has been loaded dynamically (/Users/jordib/.m2/repository/net/bytebuddy/byte-buddy-agent/1.17.8/byte-buddy-agent-1.17.8.jar)
WARNING: If a serviceability tool is in use, please run with -XX:+EnableDynamicAgentLoading to hide this warning
WARNING: If a serviceability tool is not in use, please run with -Djdk.instrument.traceUsage for more information
WARNING: Dynamic loading of agents will be disallowed by default in a future release
[ERROR] Tests run: 1, Failures: 1, Errors: 0, Skipped: 0, Time elapsed: 0.625 s <<< FAILURE! -- in com.agilityhub.core.clubs.followup.application.AttachmentServiceTest
[ERROR] com.agilityhub.core.clubs.followup.application.AttachmentServiceTest.CONVENCIONS_API_5_R_04_27_signedRoutesRunWithTheGrantsClubAsTheTenant(Path) -- Time elapsed: 0.122 s <<< FAILURE!
org.opentest4j.AssertionFailedError: 
[the grant's club while the storage writes and reads] 
Expecting actual:
  [null, null]
to contain exactly (and in same order):
  ["another-club", "another-club"]
but some elements were not found:
  ["another-club", "another-club"]
and others were not expected:
  [null, null]

	at com.agilityhub.core.clubs.followup.application.AttachmentServiceTest.CONVENCIONS_API_5_R_04_27_signedRoutesRunWithTheGrantsClubAsTheTenant(AttachmentServiceTest.java:212)
	at java.base/java.lang.reflect.Method.invoke(Method.java:580)
	at java.base/java.util.ArrayList.forEach(ArrayList.java:1596)
	at java.base/java.util.ArrayList.forEach(ArrayList.java:1596)

[INFO] Running com.agilityhub.core.clubs.census.api.SignupSecurityFixesIT
17:38:43.580 [main] INFO org.springframework.test.context.support.AnnotationConfigContextLoaderUtils -- Could not detect default configuration classes for test class [com.agilityhub.core.clubs.census.api.SignupSecurityFixesIT]: SignupSecurityFixesIT does not declare any static, non-private, non-final, nested classes annotated with @Configuration.
17:38:43.743 [main] INFO org.springframework.boot.test.context.SpringBootTestContextBootstrapper -- Found @SpringBootConfiguration com.agilityhub.core.CoreApplication for test class com.agilityhub.core.clubs.census.api.SignupSecurityFixesIT
17:38:43.792 [main] INFO org.testcontainers.images.PullPolicy -- Image pull policy will be performed by: DefaultPullPolicy()
17:38:43.793 [main] INFO org.testcontainers.utility.ImageNameSubstitutor -- Image name substitution will be performed by: DefaultImageNameSubstitutor (composite of 'ConfigurationFileImageNameSubstitutor' and 'PrefixingImageNameSubstitutor')
17:38:43.795 [main] INFO org.testcontainers.DockerClientFactory -- Testcontainers version: 1.21.4
17:38:43.892 [main] INFO org.testcontainers.dockerclient.DockerClientProviderStrategy -- Loaded org.testcontainers.dockerclient.UnixSocketClientProviderStrategy from ~/.testcontainers.properties, will try it first
17:38:44.035 [main] INFO org.testcontainers.dockerclient.DockerClientProviderStrategy -- Found Docker environment with local Unix socket (unix:///var/run/docker.sock)
17:38:44.035 [main] INFO org.testcontainers.DockerClientFactory -- Docker host IP address is localhost
17:38:44.047 [main] INFO org.testcontainers.DockerClientFactory -- Connected to docker: 
  Server Version: 29.7.2
  API Version: 1.55
  Operating System: Docker Desktop
  Total Memory: 7931 MB
  Labels: 
    com.docker.desktop.address=unix:///Users/jordib/Library/Containers/com.docker.docker/Data/docker-cli.sock
17:38:44.263 [main] INFO tc.testcontainers/ryuk:0.12.0 -- Creating container for image: testcontainers/ryuk:0.12.0
17:38:44.370 [main] INFO org.testcontainers.utility.RegistryAuthLocator -- Credential helper/store (docker-credential-desktop) does not have credentials for https://index.docker.io/v1/
17:38:44.471 [main] INFO tc.testcontainers/ryuk:0.12.0 -- Container testcontainers/ryuk:0.12.0 is starting: 9af967db2bea9666ec6047ebb62e1d0d58d731df60851b35ced885db6aa1bf05
17:38:44.665 [main] INFO tc.testcontainers/ryuk:0.12.0 -- Container testcontainers/ryuk:0.12.0 started in PT0.402223S
17:38:44.670 [main] INFO org.testcontainers.utility.RyukResourceReaper -- Ryuk started - will monitor and terminate Testcontainers containers on JVM exit
17:38:44.670 [main] INFO org.testcontainers.DockerClientFactory -- Checking the system...
17:38:44.671 [main] INFO org.testcontainers.DockerClientFactory -- ✔︎ Docker server version should be at least 1.6.0
17:38:44.671 [main] INFO tc.mongo:7 -- Creating container for image: mongo:7
17:38:44.731 [main] INFO tc.mongo:7 -- Container mongo:7 is starting: f18a550a47bb32bccc233a7db1668b03c071ddac576bbdabc4da6d49120d0fd6
17:38:45.312 [main] INFO tc.mongo:7 -- Container mongo:7 started in PT0.640719S
Integration JVM availableProcessors=18

  .   ____          _            __ _ _
 /\\ / ___'_ __ _ _(_)_ __  __ _ \ \ \ \
( ( )\___ | '_ | '_| | '_ \/ _` | \ \ \ \
 \\/  ___)| |_)| | | | | || (_| |  ) ) ) )
  '  |____| .__|_| |_|_| |_\__, | / / / /
 =========|_|==============|___/=/_/_/_/

 :: Spring Boot ::               (v3.5.16)

2026-09-26T17:38:45.993+02:00  INFO 95983 --- [agilityhub-core-api] [           main] c.a.c.c.c.api.SignupSecurityFixesIT      : Starting SignupSecurityFixesIT using Java 21.0.12.1 with PID 95983 (started by jordib in /Users/jordib/dev/agilityhub/agilityhub-core-api/target/before-fix-b)
2026-09-26T17:38:45.994+02:00  INFO 95983 --- [agilityhub-core-api] [           main] c.a.c.c.c.api.SignupSecurityFixesIT      : The following 1 profile is active: "test"
2026-09-26T17:38:46.717+02:00  INFO 95983 --- [agilityhub-core-api] [           main] .s.d.r.c.RepositoryConfigurationDelegate : Bootstrapping Spring Data MongoDB repositories in DEFAULT mode.
2026-09-26T17:38:46.752+02:00  INFO 95983 --- [agilityhub-core-api] [           main] .s.d.r.c.RepositoryConfigurationDelegate : Finished Spring Data repository scanning in 31 ms. Found 0 MongoDB repository interfaces.
2026-09-26T17:38:47.082+02:00  INFO 95983 --- [agilityhub-core-api] [           main] org.mongodb.driver.client                : MongoClient with metadata {"driver": {"name": "mongo-java-driver|sync|spring-boot", "version": "5.5.2"}, "os": {"type": "Darwin", "name": "Mac OS X", "architecture": "aarch64", "version": "26.4.1"}, "platform": "Java/Homebrew/21.0.12.1"} created with settings MongoClientSettings{readPreference=primary, writeConcern=WriteConcern{w=null, wTimeout=null ms, journal=null}, retryWrites=true, retryReads=true, readConcern=ReadConcern{level=null}, credential=null, transportSettings=null, commandListeners=[io.micrometer.core.instrument.binder.mongodb.MongoMetricsCommandListener@21b96db], codecRegistry=ProvidersCodecRegistry{codecProviders=[ValueCodecProvider{}, BsonValueCodecProvider{}, DBRefCodecProvider{}, DBObjectCodecProvider{}, DocumentCodecProvider{}, CollectionCodecProvider{}, IterableCodecProvider{}, MapCodecProvider{}, GeoJsonCodecProvider{}, GridFSFileCodecProvider{}, Jsr310CodecProvider{}, JsonObjectCodecProvider{}, BsonCodecProvider{}, EnumCodecProvider{}, com.mongodb.client.model.mql.ExpressionCodecProvider@76a13b12, com.mongodb.Jep395RecordCodecProvider@7475f57e, com.mongodb.KotlinCodecProvider@514f2b5c]}, loggerSettings=LoggerSettings{maxDocumentLength=1000}, clusterSettings={hosts=[localhost:55722], srvServiceName=mongodb, mode=SINGLE, requiredClusterType=UNKNOWN, requiredReplicaSetName='null', serverSelector='null', clusterListeners='[]', serverSelectionTimeout='30000 ms', localThreshold='15 ms'}, socketSettings=SocketSettings{connectTimeoutMS=10000, readTimeoutMS=0, receiveBufferSize=0, proxySettings=ProxySettings{host=null, port=null, username=null, password=null}}, heartbeatSocketSettings=SocketSettings{connectTimeoutMS=10000, readTimeoutMS=10000, receiveBufferSize=0, proxySettings=ProxySettings{host=null, port=null, username=null, password=null}}, connectionPoolSettings=ConnectionPoolSettings{maxSize=100, minSize=0, maxWaitTimeMS=120000, maxConnectionLifeTimeMS=0, maxConnectionIdleTimeMS=0, maintenanceInitialDelayMS=0, maintenanceFrequencyMS=60000, connectionPoolListeners=[io.micrometer.core.instrument.binder.mongodb.MongoMetricsConnectionPoolListener@f3cc2e0], maxConnecting=2}, serverSettings=ServerSettings{heartbeatFrequencyMS=10000, minHeartbeatFrequencyMS=500, serverMonitoringMode=AUTO, serverListeners='[]', serverMonitorListeners='[]'}, sslSettings=SslSettings{enabled=false, invalidHostNameAllowed=false, context=null}, applicationName='null', compressorList=[], uuidRepresentation=JAVA_LEGACY, serverApi=null, autoEncryptionSettings=null, dnsClient=null, inetAddressResolver=null, contextProvider=null, timeoutMS=null}
2026-09-26T17:38:47.088+02:00  INFO 95983 --- [agilityhub-core-api] [localhost:55722] org.mongodb.driver.cluster               : Monitor thread successfully connected to server with description ServerDescription{address=localhost:55722, type=REPLICA_SET_PRIMARY, cryptd=false, state=CONNECTED, ok=true, minWireVersion=0, maxWireVersion=21, maxDocumentSize=16777216, logicalSessionTimeoutMinutes=30, roundTripTimeNanos=8899208, minRoundTripTimeNanos=0, setName='docker-rs', canonicalAddress=f18a550a47bb:27017, hosts=[f18a550a47bb:27017], passives=[], arbiters=[], primary='f18a550a47bb:27017', tagSet=TagSet{[]}, electionId=7fffffff0000000000000001, setVersion=1, topologyVersion=TopologyVersion{processId=6ab7e7049890a9a22bf87ce4, counter=6}, lastWriteDate=Sat Sep 26 17:38:45 CEST 2026, lastUpdateTimeNanos=240932290731750}
2026-09-26T17:38:49.581+02:00  INFO 95983 --- [agilityhub-core-api] [           main] o.s.b.t.m.w.SpringBootMockServletContext : Initializing Spring TestDispatcherServlet ''
2026-09-26T17:38:49.581+02:00  INFO 95983 --- [agilityhub-core-api] [           main] o.s.t.web.servlet.TestDispatcherServlet  : Initializing Servlet ''
2026-09-26T17:38:49.582+02:00  INFO 95983 --- [agilityhub-core-api] [           main] o.s.t.web.servlet.TestDispatcherServlet  : Completed initialization in 1 ms
2026-09-26T17:38:49.608+02:00  INFO 95983 --- [agilityhub-core-api] [           main] c.a.c.c.c.api.SignupSecurityFixesIT      : Started SignupSecurityFixesIT in 3.741 seconds (process running for 7.015)
[ERROR] Tests run: 2, Failures: 2, Errors: 0, Skipped: 0, Time elapsed: 7.038 s <<< FAILURE! -- in com.agilityhub.core.clubs.census.api.SignupSecurityFixesIT
[ERROR] com.agilityhub.core.clubs.census.api.SignupSecurityFixesIT.CONVENCIONS_API_5_R_04_27_theSignupUploadRouteTakesTheGrantsClubWhateverTheHostOrBearer -- Time elapsed: 0.193 s <<< FAILURE!
org.opentest4j.AssertionFailedError: 
[a host of no club and an invalid bearer, code=NO_MEMBERSHIP] 
expected: 204
 but was: 403
	at com.agilityhub.core.clubs.census.api.SignupSecurityFixesIT.CONVENCIONS_API_5_R_04_27_theSignupUploadRouteTakesTheGrantsClubWhateverTheHostOrBearer(SignupSecurityFixesIT.java:1029)
	at java.base/java.lang.reflect.Method.invoke(Method.java:580)
	at java.base/java.util.ArrayList.forEach(ArrayList.java:1596)
	at java.base/java.util.ArrayList.forEach(ArrayList.java:1596)

[ERROR] com.agilityhub.core.clubs.census.api.SignupSecurityFixesIT.R_04_27_R_04_08_aMembersAddDogUploadPassesWhileSignupIsClosedAndAnAnonymousOneDoesNot -- Time elapsed: 0.467 s <<< FAILURE!
org.opentest4j.AssertionFailedError: 
[an anonymous grant] 
expected: 422
 but was: 403
	at com.agilityhub.core.clubs.census.api.SignupSecurityFixesIT.R_04_27_R_04_08_aMembersAddDogUploadPassesWhileSignupIsClosedAndAnAnonymousOneDoesNot(SignupSecurityFixesIT.java:1011)
	at java.base/java.lang.reflect.Method.invoke(Method.java:580)
	at java.base/java.util.ArrayList.forEach(ArrayList.java:1596)
	at java.base/java.util.ArrayList.forEach(ArrayList.java:1596)

[INFO] 
[INFO] Results:
[INFO] 
[ERROR] Failures: 
[ERROR]   SignupSecurityFixesIT.CONVENCIONS_API_5_R_04_27_theSignupUploadRouteTakesTheGrantsClubWhateverTheHostOrBearer:1029 [a host of no club and an invalid bearer, code=NO_MEMBERSHIP] 
expected: 204
 but was: 403
[ERROR]   SignupSecurityFixesIT.R_04_27_R_04_08_aMembersAddDogUploadPassesWhileSignupIsClosedAndAnAnonymousOneDoesNot:1011 [an anonymous grant] 
expected: 422
 but was: 403
[ERROR]   AttachmentServiceTest.CONVENCIONS_API_5_R_04_27_signedRoutesRunWithTheGrantsClubAsTheTenant:212 [the grant's club while the storage writes and reads] 
Expecting actual:
  [null, null]
to contain exactly (and in same order):
  ["another-club", "another-club"]
but some elements were not found:
  ["another-club", "another-club"]
and others were not expected:
  [null, null]

[INFO] 
[ERROR] Tests run: 3, Failures: 3, Errors: 0, Skipped: 0
[INFO] 
[INFO] ------------------------------------------------------------------------
[INFO] BUILD FAILURE
[INFO] ------------------------------------------------------------------------
[INFO] Total time:  19.642 s
[INFO] Finished at: 2026-09-26T17:38:51+02:00
[INFO] ------------------------------------------------------------------------
[ERROR] Failed to execute goal org.apache.maven.plugins:maven-surefire-plugin:3.5.6:test (default-test) on project agilityhub-core-api: There are test failures.
[ERROR] 
[ERROR] See /Users/jordib/dev/agilityhub/agilityhub-core-api/target/before-fix-b/target/surefire-reports for the individual test results.
[ERROR] See dump files (if any exist) [date].dump, [date]-jvmRun[N].dump and [date].dumpstream.
[ERROR] -> [Help 1]
[ERROR] 
[ERROR] To see the full stack trace of the errors, re-run Maven with the -e switch.
[ERROR] Re-run Maven using the -X switch to enable full debug logging.
[ERROR] 
[ERROR] For more information about the errors and possible solutions, please read the following articles:
[ERROR] [Help 1] http://cwiki.apache.org/confluence/display/MAVEN/MojoFailureException
