16:10:54.725 [main] INFO org.springframework.test.context.support.AnnotationConfigContextLoaderUtils -- Could not detect default configuration classes for test class [com.agilityhub.core.payments.api.CapturedPaymentInvariantsIT]: CapturedPaymentInvariantsIT does not declare any static, non-private, non-final, nested classes annotated with @Configuration.
16:10:54.957 [main] INFO org.springframework.boot.test.context.SpringBootTestContextBootstrapper -- Found @SpringBootConfiguration com.agilityhub.core.CoreApplication for test class com.agilityhub.core.payments.api.CapturedPaymentInvariantsIT
16:10:55.090 [main] INFO org.testcontainers.images.PullPolicy -- Image pull policy will be performed by: DefaultPullPolicy()
16:10:55.092 [main] INFO org.testcontainers.utility.ImageNameSubstitutor -- Image name substitution will be performed by: DefaultImageNameSubstitutor (composite of 'ConfigurationFileImageNameSubstitutor' and 'PrefixingImageNameSubstitutor')
16:10:55.099 [main] INFO org.testcontainers.DockerClientFactory -- Testcontainers version: 1.21.4
16:10:55.355 [main] INFO org.testcontainers.dockerclient.DockerClientProviderStrategy -- Loaded org.testcontainers.dockerclient.UnixSocketClientProviderStrategy from ~/.testcontainers.properties, will try it first
16:10:55.606 [main] INFO org.testcontainers.dockerclient.DockerClientProviderStrategy -- Found Docker environment with local Unix socket (unix:///var/run/docker.sock)
16:10:55.607 [main] INFO org.testcontainers.DockerClientFactory -- Docker host IP address is localhost
16:10:55.621 [main] INFO org.testcontainers.DockerClientFactory -- Connected to docker: 
  Server Version: 29.8.2
  API Version: 1.56
  Operating System: Docker Desktop
  Total Memory: 7931 MB
  Labels: 
    com.docker.desktop.address=unix:///Users/jordib/Library/Containers/com.docker.docker/Data/docker-cli.sock
16:10:56.020 [main] INFO tc.testcontainers/ryuk:0.12.0 -- Creating container for image: testcontainers/ryuk:0.12.0
16:10:56.168 [main] INFO org.testcontainers.utility.RegistryAuthLocator -- Credential helper/store (docker-credential-desktop) does not have credentials for https://index.docker.io/v1/
16:10:56.292 [main] INFO tc.testcontainers/ryuk:0.12.0 -- Container testcontainers/ryuk:0.12.0 is starting: c83bb03657489810599ec92185c8ff1baba36c6f954b4115b1a8de4c7ca6d248
16:10:56.521 [main] INFO tc.testcontainers/ryuk:0.12.0 -- Container testcontainers/ryuk:0.12.0 started in PT0.500462S
16:10:56.529 [main] INFO org.testcontainers.utility.RyukResourceReaper -- Ryuk started - will monitor and terminate Testcontainers containers on JVM exit
16:10:56.529 [main] INFO org.testcontainers.DockerClientFactory -- Checking the system...
16:10:56.530 [main] INFO org.testcontainers.DockerClientFactory -- ✔︎ Docker server version should be at least 1.6.0
16:10:56.531 [main] INFO tc.mongo:7 -- Creating container for image: mongo:7
16:10:56.585 [main] INFO tc.mongo:7 -- Container mongo:7 is starting: db1c7ed6fc9706eeccbaafc6df4b90f4fbb82011437b1106b4ade99427f09f38
16:10:57.096 [main] INFO tc.mongo:7 -- Container mongo:7 started in PT0.565764S
Integration JVM availableProcessors=18

  .   ____          _            __ _ _
 /\\ / ___'_ __ _ _(_)_ __  __ _ \ \ \ \
( ( )\___ | '_ | '_| | '_ \/ _` | \ \ \ \
 \\/  ___)| |_)| | | | | || (_| |  ) ) ) )
  '  |____| .__|_| |_|_| |_\__, | / / / /
 =========|_|==============|___/=/_/_/_/

 :: Spring Boot ::               (v3.5.16)

2026-10-09T16:10:58.370+02:00 INFO  [main] c.a.c.p.api.CapturedPaymentInvariantsIT traceId= clubId= accountId= : Starting CapturedPaymentInvariantsIT using Java [redacted] with PID 71683 (started by jordib in /Users/jordib/dev/agilityhub/agilityhub-core-api)
2026-10-09T16:10:58.373+02:00 INFO  [main] c.a.c.p.api.CapturedPaymentInvariantsIT traceId= clubId= accountId= : The following 1 profile is active: "test"
2026-10-09T16:11:00.622+02:00 INFO  [main] o.s.d.r.c.RepositoryConfigurationDelegate traceId= clubId= accountId= : Bootstrapping Spring Data MongoDB repositories in DEFAULT mode.
2026-10-09T16:11:00.687+02:00 INFO  [main] o.s.d.r.c.RepositoryConfigurationDelegate traceId= clubId= accountId= : Finished Spring Data repository scanning in 60 ms. Found 0 MongoDB repository interfaces.
2026-10-09T16:11:01.393+02:00 INFO  [main] org.mongodb.driver.client traceId= clubId= accountId= : MongoClient with metadata {"driver": {"name": "mongo-java-driver|sync|spring-boot", "version": "5.5.2"}, "os": {"type": "Darwin", "name": "Mac OS X", "architecture": "aarch64", "version": "26.4.1"}, "platform": "Java/Homebrew/[redacted]"} created with settings MongoClientSettings{readPreference=primary, writeConcern=WriteConcern{w=null, wTimeout=null ms, journal=null}, retryWrites=true, retryReads=true, readConcern=ReadConcern{level=null}, credential=null, transportSettings=null, commandListeners=[io.micrometer.core.instrument.binder.mongodb.MongoMetricsCommandListener@fd6a8ec], codecRegistry=ProvidersCodecRegistry{codecProviders=[ValueCodecProvider{}, BsonValueCodecProvider{}, DBRefCodecProvider{}, DBObjectCodecProvider{}, DocumentCodecProvider{}, CollectionCodecProvider{}, IterableCodecProvider{}, MapCodecProvider{}, GeoJsonCodecProvider{}, GridFSFileCodecProvider{}, Jsr310CodecProvider{}, JsonObjectCodecProvider{}, BsonCodecProvider{}, EnumCodecProvider{}, com.mongodb.client.model.mql.ExpressionCodecProvider@44d58d15, com.mongodb.Jep395RecordCodecProvider@3265ef81, com.mongodb.KotlinCodecProvider@365bd240]}, loggerSettings=LoggerSettings{maxDocumentLength=1000}, clusterSettings={hosts=[localhost:59616], srvServiceName=mongodb, mode=SINGLE, requiredClusterType=UNKNOWN, requiredReplicaSetName='null', serverSelector='null', clusterListeners='[]', serverSelectionTimeout='2000 ms', localThreshold='15 ms'}, socketSettings=SocketSettings{connectTimeoutMS=2000, readTimeoutMS=0, receiveBufferSize=0, proxySettings=ProxySettings{host=null, port=null, username=null, [redacted], heartbeatSocketSettings=SocketSettings{connectTimeoutMS=2000, readTimeoutMS=2000, receiveBufferSize=0, proxySettings=ProxySettings{host=null, port=null, username=null, [redacted], connectionPoolSettings=ConnectionPoolSettings{maxSize=100, minSize=0, maxWaitTimeMS=2000, maxConnectionLifeTimeMS=0, maxConnectionIdleTimeMS=0, maintenanceInitialDelayMS=0, maintenanceFrequencyMS=60000, connectionPoolListeners=[io.micrometer.core.instrument.binder.mongodb.MongoMetricsConnectionPoolListener@c709daf], maxConnecting=2}, serverSettings=ServerSettings{heartbeatFrequencyMS=10000, minHeartbeatFrequencyMS=500, serverMonitoringMode=AUTO, serverListeners='[]', serverMonitorListeners='[]'}, sslSettings=SslSettings{enabled=false, invalidHostNameAllowed=false, context=null}, applicationName='null', compressorList=[], uuidRepresentation=JAVA_LEGACY, serverApi=null, autoEncryptionSettings=null, dnsClient=null, inetAddressResolver=null, contextProvider=null, timeoutMS=null}
2026-10-09T16:11:01.403+02:00 INFO  [cluster-ClusterId{value='6ac8f5f56b419ccddbd04fce', description='null'}-localhost:59616] org.mongodb.driver.cluster traceId= clubId= accountId= : Monitor thread successfully connected to server with description ServerDescription{address=localhost:59616, type=REPLICA_SET_PRIMARY, cryptd=false, state=CONNECTED, ok=true, minWireVersion=0, maxWireVersion=21, maxDocumentSize=16777216, logicalSessionTimeoutMinutes=30, roundTripTimeNanos=15523875, minRoundTripTimeNanos=0, setName='docker-rs', canonicalAddress=db1c7ed6fc97:27017, hosts=[db1c7ed6fc97:27017], passives=[], arbiters=[], primary='db1c7ed6fc97:27017', tagSet=TagSet{[]}, electionId=7fffffff0000000000000001, setVersion=1, topologyVersion=TopologyVersion{processId=6ac8f5f0d6a7bac39e2e778d, counter=6}, lastWriteDate=Fri Oct 09 16:10:57 CEST 2026, lastUpdateTimeNanos=[redacted]}
2026-10-09T16:11:06.433+02:00 INFO  [main] o.s.b.t.m.w.SpringBootMockServletContext traceId= clubId= accountId= : Initializing Spring TestDispatcherServlet ''
2026-10-09T16:11:06.433+02:00 INFO  [main] o.s.t.web.servlet.TestDispatcherServlet traceId= clubId= accountId= : Initializing Servlet ''
2026-10-09T16:11:06.435+02:00 INFO  [main] o.s.t.web.servlet.TestDispatcherServlet traceId= clubId= accountId= : Completed initialization in 2 ms
2026-10-09T16:11:06.491+02:00 INFO  [main] c.a.c.p.api.CapturedPaymentInvariantsIT traceId= clubId= accountId= : Started CapturedPaymentInvariantsIT in 8.459 seconds (process running for 12.509)
Mockito is currently self-attaching to enable the inline-mock-maker. This will no longer work in future releases of the JDK. Please add Mockito as an agent to your build as described in Mockito's documentation: https://javadoc.io/doc/org.mockito/mockito-core/latest/org.mockito/org/mockito/Mockito.html#0.3
OpenJDK 64-Bit Server VM warning: Sharing is only supported for boot loader classes because bootstrap classpath has been appended
WARNING: A Java agent has been loaded dynamically (/Users/jordib/.m2/repository/net/bytebuddy/byte-buddy-agent/1.17.8/byte-buddy-agent-1.17.8.jar)
WARNING: If a serviceability tool is in use, please run with -XX:+EnableDynamicAgentLoading to hide this warning
WARNING: If a serviceability tool is not in use, please run with -Djdk.instrument.traceUsage for more information
WARNING: Dynamic loading of agents will be disallowed by default in a future release
2026-10-09T16:11:09.059+02:00 WARN  [main] c.a.c.p.application.CheckoutService traceId=13049cde-f62b-4629-b884-d01e06bdbe34 clubId=- accountId=- : Late provider completion to refund: the checkout expired checkoutSessionId=56cdd5b8-bf5a-41ff-a260-c8ad5bd79797 bookingId=inv-booking providerPaymentId=pi_invariants clubId=bill-a
2026-10-09T16:11:09.153+02:00 WARN  [main] c.a.c.p.application.PaymentRetryPolicy traceId=10e927ff-d45d-4fdf-826f-0bca9575cb24 clubId=- accountId=- : Refund reconciliation status=failed: eventId=re_fake_e32ff399-35ca-4cff-[redacted]=10e927ff-d45d-4fdf-826f-0bca9575cb24
2026-10-09T16:11:09.189+02:00 WARN  [main] c.a.c.p.application.PaymentRetryPolicy traceId=10e927ff-d45d-4fdf-826f-0bca9575cb24 clubId=- accountId=- : Refund compensation needs an admin: paymentId=08119588-d3ab-45ab-801c-841d934e947e traceId=10e927ff-d45d-4fdf-826f-0bca9575cb24
2026-10-09T16:11:10.704+02:00 WARN  [main] c.a.c.p.application.CheckoutService traceId=ec4ba663-c0b8-4bd7-b588-f2a2131b243c clubId=- accountId=- : Late provider completion to refund: the checkout expired checkoutSessionId=9f2c12b0-66f4-4211-9d2c-a1d4665373ca bookingId=inv-booking providerPaymentId=pi_invariants clubId=bill-a
2026-10-09T16:11:10.772+02:00 WARN  [main] c.a.c.p.application.PaymentRetryPolicy traceId=0092754a-ec2f-448a-9eeb-14b4e6272300 clubId=- accountId=- : Refund reconciliation status=canceled: eventId=re_fake_8fa03359-65c6-4259-8d4e-d12546f22b0a traceId=0092754a-ec2f-448a-9eeb-14b4e6272300
2026-10-09T16:11:10.785+02:00 WARN  [main] c.a.c.p.application.PaymentRetryPolicy traceId=0092754a-ec2f-448a-9eeb-14b4e6272300 clubId=- accountId=- : Refund compensation needs an admin: paymentId=065016c8-[redacted]=0092754a-ec2f-448a-9eeb-14b4e6272300
2026-10-09T16:11:11.756+02:00 WARN  [main] c.a.c.p.application.CheckoutService traceId=d72f4ea8-6577-421a-85e1-362a8c228046 clubId=- accountId=- : Late provider completion to refund: the checkout expired checkoutSessionId=b3b73cb5-219d-4ae7-ade2-46d3eb508ba7 bookingId=inv-booking providerPaymentId=pi_invariants clubId=bill-a
2026-10-09T16:11:11.851+02:00 WARN  [main] c.a.c.p.application.PaymentRetryPolicy traceId=69390621-6d5d-4a07-971b-cbb0a14aae7d clubId= accountId= : Refund compensation needs an admin: paymentId=9a1b1b1e-[redacted]=69390621-6d5d-4a07-971b-cbb0a14aae7d
2026-10-09T16:11:11.854+02:00 WARN  [main] c.a.c.p.application.PaymentRetryPolicy traceId=095c6230-9c8f-4682-be83-76dd8a26ce9e clubId= accountId= : Payment operation recovery exhausted: eventId=a81aea8c-0fea-4e99-b334-4a798d70000a traceId=095c6230-9c8f-4682-[redacted]
2026-10-09T16:11:12.776+02:00 WARN  [main] c.a.c.p.application.CheckoutService traceId=3c54d6d3-f846-4244-8372-2d73a889450c clubId=- accountId=- : Late provider completion to refund: the checkout expired checkoutSessionId=64499d4c-098e-4827-903c-313d1650b8d1 bookingId=null providerPaymentId=pi_invariants clubId=bill-a
2026-10-09T16:11:12.831+02:00 WARN  [main] c.a.c.p.application.PaymentRetryPolicy traceId=aa02db05-c663-4def-aefa-1130a02c2e51 clubId=- accountId=- : Refund reconciliation status=failed: eventId=re_fake_ab3eaba0-08a0-48ea-b521-5437550c7bbf traceId=[redacted]
2026-10-09T16:11:12.843+02:00 WARN  [main] c.a.c.p.application.PaymentRetryPolicy traceId=aa02db05-c663-4def-aefa-1130a02c2e51 clubId=- accountId=- : Refund compensation needs an admin: paymentId=98495476-700a-4bbe-99d3-e4b4393ba246 traceId=[redacted]
2026-10-09T16:11:13.675+02:00 WARN  [main] c.a.c.p.application.CheckoutService traceId=2707b552-2202-4d34-b2e1-427329366b50 clubId=- accountId=- : Late provider completion to refund: the checkout expired checkoutSessionId=9c8bda9d-[redacted]=null providerPaymentId=pi_invariants clubId=bill-a
2026-10-09T16:11:13.761+02:00 WARN  [main] c.a.c.p.application.PaymentRetryPolicy traceId=f09f9178-74d6-4626-8014-81b629518786 clubId= accountId= : Refund compensation needs an admin: paymentId=3e734e06-247d-4075-90f6-e5b0234330c5 traceId=f09f9178-74d6-4626-8014-81b629518786
2026-10-09T16:11:13.763+02:00 WARN  [main] c.a.c.p.application.PaymentRetryPolicy traceId=9628c397-8554-4285-a6c1-22aab87a0ddb clubId= accountId= : Payment operation recovery exhausted: eventId=74adb4c8-449c-4024-a38b-74d4011d431a traceId=9628c397-8554-4285-a6c1-22aab87a0ddb
2026-10-09T16:11:16.417+02:00 WARN  [main] c.a.c.p.application.PaymentRetryPolicy traceId=8ed18096-417b-42d0-859b-e727c868f4d3 clubId=- accountId=- : Refund reconciliation status=failed: eventId=re_fake_1655c0b5-5c8c-4c9d-9514-92c7fb9765e0 traceId=8ed18096-417b-42d0-859b-e727c868f4d3
2026-10-09T16:11:16.470+02:00 WARN  [main] c.a.c.p.application.PaymentRetryPolicy traceId=dbde22e1-8608-46e2-bea9-69460c02be65 clubId=- accountId=- : Refund reconciliation status=failed: eventId=re_fake_29719b59-a85e-40dd-[redacted]=dbde22e1-8608-46e2-bea9-69460c02be65
2026-10-09T16:11:16.513+02:00 WARN  [main] c.a.c.p.application.PaymentRetryPolicy traceId=614776a8-c797-4ed0-81f9-f14dbae0cfe0 clubId=- accountId=- : Refund reconciliation status=failed: eventId=re_fake_da81bb69-1d89-4831-bfa2-e69e64f50660 traceId=614776a8-c797-4ed0-81f9-f14dbae0cfe0
2026-10-09T16:11:16.558+02:00 WARN  [main] c.a.c.p.application.PaymentRetryPolicy traceId=06c0ba32-fc0a-4439-8e45-d20c8350b236 clubId=- accountId=- : Refund reconciliation status=failed: eventId=re_fake_b5c4f2d1-9593-4571-808f-19a4be783e59 traceId=06c0ba32-fc0a-4439-8e45-d20c8350b236
2026-10-09T16:11:18.532+02:00 WARN  [main] c.a.c.p.application.PaymentRetryPolicy traceId=f6865275-ba62-4418-a607-1a2b035eee0b clubId=- accountId=- : Refund reconciliation status=failed: eventId=re_fake_5be3264e-858a-4afe-b96c-[redacted]=f6865275-[redacted]
2026-10-09T16:11:18.548+02:00 WARN  [main] c.a.c.p.application.PaymentRetryPolicy traceId=f6865275-ba62-4418-a607-1a2b035eee0b clubId=- accountId=- : Refund compensation needs an admin: paymentId=inv-payment traceId=f6865275-[redacted]
2026-10-09T16:11:19.052+02:00 WARN  [main] c.a.c.p.application.PaymentRetryPolicy traceId=b79b08fa-bca7-4145-b833-4606180415b4 clubId= accountId= : Refund compensation needs an admin: paymentId=inv-payment traceId=b79b08fa-bca7-4145-b833-4606180415b4
2026-10-09T16:11:19.054+02:00 WARN  [main] c.a.c.p.application.PaymentRetryPolicy traceId=85aed7ef-63a1-43ff-839d-c1169be748db clubId= accountId= : Payment operation recovery exhausted: eventId=0d1ab74b-7330-4d2f-81ae-1a1ff2a1e41a traceId=85aed7ef-63a1-43ff-839d-c1169be748db
2026-10-09T16:11:19.523+02:00 WARN  [main] c.a.c.p.application.PaymentRetryPolicy traceId=c0173a9d-8b55-492e-84a0-01dddec3066a clubId= accountId= : Refund reconciliation status=failed: eventId=re_fake_5a75410c-82e7-4168-84b8-cc0aae8cb3f2 traceId=c0173a9d-8b55-492e-84a0-01dddec3066a
2026-10-09T16:11:20.107+02:00 WARN  [main] c.a.c.p.application.PaymentRetryPolicy traceId=8a492394-fea0-4393-a0ec-a603a1d324ac clubId=- accountId=- : Refund reconciliation status=failed: eventId=re_fake_439cacff-bc6f-43c5-b422-47634d95cdaf traceId=8a492394-fea0-4393-a0ec-a603a1d324ac
2026-10-09T16:11:20.124+02:00 WARN  [main] c.a.c.p.application.PaymentRetryPolicy traceId=8a492394-fea0-4393-a0ec-a603a1d324ac clubId=- accountId=- : Refund compensation needs an admin: paymentId=inv-payment traceId=8a492394-fea0-4393-a0ec-a603a1d324ac
2026-10-09T16:11:20.715+02:00 WARN  [main] c.a.c.p.application.PaymentRetryPolicy traceId=046d9e0a-88a3-4689-a2fe-25bb19661daf clubId=- accountId=- : Refund reconciliation status=canceled: eventId=re_fake_3fd91a49-7212-4f0a-[redacted]=046d9e0a-88a3-4689-a2fe-25bb19661daf
2026-10-09T16:11:20.730+02:00 WARN  [main] c.a.c.p.application.PaymentRetryPolicy traceId=046d9e0a-88a3-4689-a2fe-25bb19661daf clubId=- accountId=- : Refund compensation needs an admin: paymentId=inv-payment traceId=046d9e0a-88a3-4689-a2fe-25bb19661daf
2026-10-09T16:11:21.211+02:00 WARN  [main] c.a.c.p.application.PaymentRetryPolicy traceId=58165d09-2491-4c6d-a035-b8ac3b883c23 clubId=- accountId=- : Refund reconciliation status=failed: eventId=re_fake_ed835780-0514-49bb-a919-dab9c67509df traceId=58165d09-2491-4c6d-a035-b8ac3b883c23
2026-10-09T16:11:21.225+02:00 WARN  [main] c.a.c.p.application.PaymentRetryPolicy traceId=58165d09-2491-4c6d-a035-b8ac3b883c23 clubId=- accountId=- : Refund compensation needs an admin: paymentId=inv-payment traceId=58165d09-2491-4c6d-a035-b8ac3b883c23
2026-10-09T16:11:21.890+02:00 WARN  [main] c.a.c.p.application.PaymentRetryPolicy traceId=f63b8db0-37aa-467f-bace-e00809445600 clubId=- accountId=- : Refund reconciliation status=failed: eventId=re_fake_d825bc52-[redacted]=f63b8db0-37aa-467f-bace-e00809445600
2026-10-09T16:11:21.905+02:00 WARN  [main] c.a.c.p.application.PaymentRetryPolicy traceId=f63b8db0-37aa-467f-bace-e00809445600 clubId=- accountId=- : Refund compensation needs an admin: paymentId=inv-payment traceId=f63b8db0-37aa-467f-bace-e00809445600
2026-10-09T16:11:22.530+02:00 WARN  [main] c.a.c.p.application.PaymentRetryPolicy traceId=edcebf0d-b4c3-4aad-b51b-a36ef2b4135d clubId=- accountId=- : Refund reconciliation status=failed: eventId=re_fake_709bdfac-7212-465a-b7f6-29c05463b6f0 traceId=edcebf0d-b4c3-4aad-b51b-a36ef2b4135d
2026-10-09T16:11:22.543+02:00 WARN  [main] c.a.c.p.application.PaymentRetryPolicy traceId=edcebf0d-b4c3-4aad-b51b-a36ef2b4135d clubId=- accountId=- : Refund compensation needs an admin: paymentId=inv-payment traceId=edcebf0d-b4c3-4aad-b51b-a36ef2b4135d
2026-10-09T16:11:23.217+02:00 WARN  [main] c.a.c.p.application.PaymentRetryPolicy traceId=84bc04b1-920a-47e8-998c-c4cfa3476f54 clubId=- accountId=- : Refund compensation needs an admin: paymentId=inv-payment traceId=84bc04b1-920a-47e8-998c-c4cfa3476f54
2026-10-09T16:11:23.754+02:00 WARN  [main] c.a.c.p.application.PaymentRetryPolicy traceId=85aae6ef-232a-4519-99b3-c7711a47fde2 clubId=- accountId=- : Refund compensation needs an admin: paymentId=inv-payment traceId=85aae6ef-232a-4519-99b3-c7711a47fde2
2026-10-09T16:11:24.435+02:00 WARN  [main] c.a.c.p.application.PaymentRetryPolicy traceId=47347d67-2d9f-4ecf-a4fb-74484806a689 clubId=- accountId=- : Refund compensation needs an admin: paymentId=inv-payment traceId=47347d67-2d9f-4ecf-a4fb-74484806a689
2026-10-09T16:11:25.899+02:00 WARN  [main] c.a.c.p.application.PaymentRetryPolicy traceId=3f2b59ba-ca27-4171-9de5-540e23556cad clubId=- accountId=- : Refund compensation needs an admin: paymentId=inv-payment traceId=3f2b59ba-[redacted]
2026-10-09T16:11:26.399+02:00 WARN  [main] c.a.c.p.application.PaymentRetryPolicy traceId=2aa36dd2-0eff-4fac-9b80-41c9821b8a20 clubId=- accountId=- : Refund reconciliation status=failed: eventId=re_fake_1828cf14-d168-4239-9b59-c58f6277ec77 traceId=2aa36dd2-0eff-4fac-9b80-41c9821b8a20
2026-10-09T16:11:26.417+02:00 WARN  [main] c.a.c.p.application.PaymentRetryPolicy traceId=2aa36dd2-0eff-4fac-9b80-41c9821b8a20 clubId=- accountId=- : Refund compensation needs an admin: paymentId=inv-payment traceId=2aa36dd2-0eff-4fac-9b80-41c9821b8a20
2026-10-09T16:11:26.442+02:00 WARN  [main] c.a.c.p.application.PaymentRetryPolicy traceId=a625070f-5b79-4742-a405-9b8d9e0621d4 clubId=- accountId=- : Refund reconciliation status=failed: eventId=re_fake_587f7fd8-1103-4354-b49f-656640ffedc9 traceId=a625070f-5b79-4742-a405-9b8d9e0621d4
2026-10-09T16:11:28.681+02:00 WARN  [main] c.a.c.p.application.PaymentRetryPolicy traceId=25543b89-fe2b-421e-8675-43b5d6af1249 clubId= accountId= : Refund reconciliation status=failed: eventId=re_fake_baa19945-028e-4831-b435-569533c59d4d traceId=25543b89-fe2b-421e-8675-43b5d6af1249
2026-10-09T16:11:29.116+02:00 WARN  [main] c.a.c.p.application.PaymentRetryPolicy traceId=8b933f36-39a5-4d25-a44a-a1426fc88332 clubId= accountId= : Refund compensation needs an admin: paymentId=inv-payment traceId=8b933f36-39a5-4d25-a44a-a1426fc88332
2026-10-09T16:11:29.852+02:00 WARN  [main] c.a.c.p.application.PaymentRetryPolicy traceId=90a58bc2-3773-4516-afff-992a47a57961 clubId=- accountId=- : Refund reconciliation status=failed: eventId=re_fake_0683b5df-d2d4-4bbd-96ba-e05ed5c4fac2 traceId=90a58bc2-3773-4516-afff-992a47a57961
2026-10-09T16:11:29.879+02:00 WARN  [main] c.a.c.p.application.PaymentRetryPolicy traceId=42a9f01b-0ffb-4d90-a2bb-94340ce62340 clubId=- accountId=- : Refund reconciliation status=failed: eventId=re_dashboard_15 traceId=42a9f01b-0ffb-4d90-a2bb-94340ce62340
2026-10-09T16:11:29.969+02:00 WARN  [main] c.a.c.p.application.PaymentRetryPolicy traceId=c637f89f-6331-4e36-bfac-dc4a26894952 clubId=- accountId=- : Refund reconciliation status=failed: eventId=re_fake_a573885e-3402-4b83-90fe-40e278f978ee traceId=c637f89f-6331-4e36-bfac-dc4a26894952
2026-10-09T16:11:29.982+02:00 WARN  [main] c.a.c.p.application.PaymentRetryPolicy traceId=c637f89f-6331-4e36-bfac-dc4a26894952 clubId=- accountId=- : Refund compensation needs an admin: paymentId=inv-payment traceId=c637f89f-6331-4e36-bfac-dc4a26894952
2026-10-09T16:11:30.277+02:00 WARN  [main] c.a.c.p.application.PaymentRetryPolicy traceId=f188a156-560f-40cb-be6d-5e92d2783866 clubId=- accountId=- : Refund reconciliation status=failed: eventId=re_fake_91e3ae20-3058-4935-8bb6-029aeb6bbf38 traceId=f188a156-560f-40cb-be6d-5e92d2783866
2026-10-09T16:11:30.291+02:00 WARN  [main] c.a.c.p.application.PaymentRetryPolicy traceId=f188a156-560f-40cb-be6d-5e92d2783866 clubId=- accountId=- : Refund compensation needs an admin: paymentId=inv-payment traceId=f188a156-560f-40cb-be6d-5e92d2783866
2026-10-09T16:11:31.124+02:00 WARN  [main] c.a.c.p.application.PaymentRetryPolicy traceId=ed044666-391c-4875-9ca1-74738bdbf264 clubId= accountId= : Refund reconciliation status=failed: eventId=re_dashboard_30 traceId=[redacted]
2026-10-09T16:11:31.442+02:00 WARN  [main] c.a.c.p.application.PaymentRetryPolicy traceId=82f4d7f5-e9d7-463b-9661-ea30f241a156 clubId=- accountId=- : Refund reconciliation status=failed: eventId=re_fake_f654d7db-9a9d-4293-a6a6-9def09dacccb traceId=82f4d7f5-e9d7-463b-9661-ea30f241a156
2026-10-09T16:11:31.458+02:00 WARN  [main] c.a.c.p.application.PaymentRetryPolicy traceId=82f4d7f5-e9d7-463b-9661-ea30f241a156 clubId=- accountId=- : Refund compensation needs an admin: paymentId=inv-payment traceId=82f4d7f5-e9d7-463b-9661-ea30f241a156
2026-10-09T16:11:33.292+02:00 WARN  [main] c.a.c.p.application.PaymentRetryPolicy traceId=ef063aaf-ae01-4659-8d6f-8f2a5e8c26dc clubId= accountId= : Payment operation recovery exhausted: eventId=a88795e0-5989-4147-8149-5cc85bdc01a8 traceId=[redacted]
2026-10-09T16:11:33.379+02:00 WARN  [main] c.a.c.p.application.PaymentRetryPolicy traceId=afc3aaac-753d-445e-bf54-889be3d45886 clubId= accountId= : Refund reconciliation status=failed: eventId=re_dashboard_49 traceId=afc3aaac-753d-445e-[redacted]
2026-10-09T16:11:33.486+02:00 WARN  [main] c.a.c.p.application.PaymentRetryPolicy traceId=8d510866-e929-4e67-83ce-39c3d02cbff6 clubId= accountId= : Payment operation recovery exhausted: eventId=06c099c6-c8e9-4666-87c3-a46e3fb54fc6 traceId=8d510866-e929-4e67-83ce-39c3d02cbff6
2026-10-09T16:11:33.604+02:00 WARN  [main] c.a.c.p.application.PaymentRetryPolicy traceId=75bf3150-3303-47f5-a641-59cd0bd06391 clubId=- accountId=- : Refund reconciliation status=failed: eventId=re_generated_pending traceId=75bf3150-3303-47f5-a641-59cd0bd06391
2026-10-09T16:11:33.616+02:00 WARN  [main] c.a.c.p.application.PaymentRetryPolicy traceId=75bf3150-3303-47f5-a641-59cd0bd06391 clubId=- accountId=- : Refund compensation needs an admin: paymentId=inv-payment traceId=75bf3150-3303-47f5-a641-59cd0bd06391
2026-10-09T16:11:34.538+02:00 WARN  [main] c.a.c.p.application.PaymentRetryPolicy traceId=24aafdbc-26f0-4fd9-9358-5a5d414463e3 clubId=- accountId=- : Refund reconciliation status=failed: eventId=re_fake_65b27f19-2859-4e7e-a5f1-b29d31cc2002 traceId=24aafdbc-26f0-4fd9-9358-5a5d414463e3
2026-10-09T16:11:34.811+02:00 WARN  [main] c.a.c.p.application.PaymentRetryPolicy traceId=c7f2cb05-68cb-42dd-9080-dc4f1433ace1 clubId= accountId= : Payment operation recovery exhausted: eventId=529d2c3a-52d7-4f9f-9299-5756532724a8 traceId=c7f2cb05-68cb-42dd-9080-dc4f1433ace1
2026-10-09T16:11:35.418+02:00 WARN  [main] c.a.c.p.application.PaymentRetryPolicy traceId=eb039d8a-0bf8-4f26-9ed3-32dc708b92e5 clubId=- accountId=- : Refund compensation needs an admin: paymentId=inv-payment traceId=[redacted]
2026-10-09T16:11:35.529+02:00 WARN  [main] c.a.c.p.application.PaymentRetryPolicy traceId=36cd65af-4f03-4620-98f4-e35362218470 clubId= accountId= : Payment operation recovery exhausted: eventId=7c1aa7c3-[redacted]=36cd65af-4f03-4620-98f4-e35362218470
2026-10-09T16:11:35.824+02:00 WARN  [main] c.a.c.p.application.PaymentRetryPolicy traceId=ea966375-5ab0-40bd-af3d-3303cfd0d4b1 clubId= accountId= : Payment operation recovery exhausted: eventId=27bfc56e-[redacted]=[redacted]
2026-10-09T16:11:35.989+02:00 WARN  [main] c.a.c.p.application.PaymentRetryPolicy traceId=2023af16-414d-4692-be2a-bdace5b302cd clubId= accountId= : Payment operation recovery exhausted: eventId=[redacted] traceId=2023af16-414d-4692-be2a-bdace5b302cd
2026-10-09T16:11:36.683+02:00 WARN  [main] c.a.c.p.application.PaymentRetryPolicy traceId=e0111915-0a17-4517-b059-47943529d2a5 clubId=- accountId=- : Refund reconciliation status=failed: eventId=re_fake_78061acd-[redacted]=e0111915-0a17-4517-b059-47943529d2a5
2026-10-09T16:11:37.335+02:00 WARN  [main] c.a.c.p.application.PaymentRetryPolicy traceId=7be19e14-972e-4024-ae77-58153dabcfc8 clubId= accountId= : Payment operation recovery exhausted: eventId=4f6f4fa0-0f48-42f8-b6c1-93073bd8730a traceId=7be19e14-972e-4024-[redacted]
2026-10-09T16:11:37.615+02:00 WARN  [main] c.a.c.p.application.PaymentRetryPolicy traceId=d628acff-02f9-469d-97c2-01f79378e6d6 clubId= accountId= : Refund reconciliation status=canceled: eventId=re_fake_48699de7-1ef6-4303-819b-0a91d3114d84 traceId=d628acff-02f9-469d-97c2-01f79378e6d6
2026-10-09T16:11:37.746+02:00 WARN  [main] c.a.c.p.application.PaymentRetryPolicy traceId=c59450a8-43ed-4bd8-88a3-07f7d234f0f7 clubId=- accountId=- : Refund reconciliation status=canceled: eventId=re_fake_891ed0b3-7558-4b29-b555-639eb040d6fd traceId=c59450a8-43ed-4bd8-88a3-07f7d234f0f7
2026-10-09T16:11:37.761+02:00 WARN  [main] c.a.c.p.application.PaymentRetryPolicy traceId=c59450a8-43ed-4bd8-88a3-07f7d234f0f7 clubId=- accountId=- : Refund compensation needs an admin: paymentId=inv-payment traceId=c59450a8-43ed-4bd8-88a3-07f7d234f0f7
2026-10-09T16:11:38.279+02:00 WARN  [main] c.a.c.p.application.PaymentRetryPolicy traceId=6103a838-8e4b-4f48-ba0c-11e253c25945 clubId=- accountId=- : Refund reconciliation status=failed: eventId=re_fake_efcfe090-04cd-4c57-b82b-e075575a7770 traceId=6103a838-8e4b-4f48-ba0c-11e253c25945
2026-10-09T16:11:38.295+02:00 WARN  [main] c.a.c.p.application.PaymentRetryPolicy traceId=6103a838-8e4b-4f48-ba0c-11e253c25945 clubId=- accountId=- : Refund compensation needs an admin: paymentId=inv-payment traceId=6103a838-8e4b-4f48-ba0c-11e253c25945
2026-10-09T16:11:38.750+02:00 WARN  [main] c.a.c.p.application.PaymentRetryPolicy traceId=c83e446d-6095-424d-8280-51279cf4e711 clubId=- accountId=- : Refund reconciliation status=failed: eventId=re_fake_fd8e7742-d613-4f9d-a14c-4a2c0c98a5e6 traceId=c83e446d-6095-424d-8280-51279cf4e711
2026-10-09T16:11:39.142+02:00 WARN  [main] c.a.c.p.application.PaymentRetryPolicy traceId=2a659d15-8477-4543-9440-385eb7162c0d clubId=- accountId=- : Refund reconciliation status=failed: eventId=re_fake_a5d98d04-0637-4863-b504-9f40ee23260e traceId=2a659d15-8477-4543-9440-385eb7162c0d
2026-10-09T16:11:39.291+02:00 WARN  [main] c.a.c.p.application.PaymentRetryPolicy traceId=5a431a0c-bb8d-4de7-a70d-871391aaab18 clubId= accountId= : Refund reconciliation status=failed: eventId=re_fake_eef6c064-b2aa-4d11-[redacted]=5a431a0c-bb8d-4de7-a70d-871391aaab18
2026-10-09T16:11:39.306+02:00 WARN  [main] c.a.c.p.application.PaymentRetryPolicy traceId=fe733279-2be8-4108-ba5d-b2f3541edead clubId= accountId= : Refund compensation needs an admin: paymentId=inv-payment traceId=[redacted]
2026-10-09T16:11:39.464+02:00 WARN  [main] c.a.c.p.application.PaymentRetryPolicy traceId=1f6d15b2-57d4-43a0-8d81-a572f4476225 clubId=- accountId=- : Refund reconciliation status=failed: eventId=re_dashboard_111 traceId=1f6d15b2-57d4-43a0-8d81-a572f4476225
2026-10-09T16:11:39.683+02:00 WARN  [main] c.a.c.p.application.PaymentRetryPolicy traceId=364c1b85-4549-4759-a1e7-4991fc9aa409 clubId=- accountId=- : Refund reconciliation status=failed: eventId=re_fake_51304160-2f4c-40fe-82c2-fe3e6227ea6a traceId=364c1b85-4549-4759-a1e7-4991fc9aa409
2026-10-09T16:11:40.273+02:00 WARN  [main] c.a.c.p.application.PaymentRetryPolicy traceId=a28ece3a-3d6c-4859-b7e7-92ccd72a09c4 clubId=- accountId=- : Refund reconciliation status=failed: eventId=re_generated_pending traceId=a28ece3a-3d6c-4859-b7e7-92ccd72a09c4
2026-10-09T16:11:40.288+02:00 WARN  [main] c.a.c.p.application.PaymentRetryPolicy traceId=a28ece3a-3d6c-4859-b7e7-92ccd72a09c4 clubId=- accountId=- : Refund compensation needs an admin: paymentId=inv-payment traceId=a28ece3a-3d6c-4859-b7e7-92ccd72a09c4
2026-10-09T16:11:41.320+02:00 WARN  [main] c.a.c.p.application.PaymentRetryPolicy traceId=d1d38cda-f9af-4110-931e-6b3d92ff099d clubId= accountId= : Refund reconciliation status=failed: eventId=re_dashboard_130 traceId=d1d38cda-f9af-4110-931e-6b3d92ff099d
2026-10-09T16:11:41.789+02:00 WARN  [main] c.a.c.p.application.PaymentRetryPolicy traceId=615be888-e345-44bb-8188-777038764000 clubId= accountId= : Refund reconciliation status=failed: eventId=re_fake_e4ea78e0-a3d9-4e7a-8e44-c9e00bbbe6cd traceId=615be888-e345-44bb-8188-777038764000
2026-10-09T16:11:41.804+02:00 WARN  [main] c.a.c.p.application.PaymentRetryPolicy traceId=988a1eed-d0ea-4bc4-b923-b2c67eae872a clubId= accountId= : Refund reconciliation status=failed: eventId=re_fake_7825b276-cffd-49a0-8806-[redacted]=988a1eed-d0ea-4bc4-b923-b2c67eae872a
2026-10-09T16:11:42.106+02:00 WARN  [main] c.a.c.p.application.PaymentRetryPolicy traceId=0add2f14-c4e5-4810-9ef6-5ce4266eff20 clubId=- accountId=- : Refund reconciliation status=canceled: eventId=re_fake_74e70177-[redacted]=0add2f14-c4e5-4810-9ef6-5ce4266eff20
2026-10-09T16:11:42.444+02:00 WARN  [main] c.a.c.p.application.PaymentRetryPolicy traceId=e369aae4-0b65-40f9-89ef-344ae0857fe5 clubId=- accountId=- : Refund reconciliation status=failed: eventId=re_fake_1104937a-422f-4c47-95f8-2f0d9951ce96 traceId=e369aae4-0b65-40f9-89ef-344ae0857fe5
2026-10-09T16:11:42.457+02:00 WARN  [main] c.a.c.p.application.PaymentRetryPolicy traceId=e369aae4-0b65-40f9-89ef-344ae0857fe5 clubId=- accountId=- : Refund compensation needs an admin: paymentId=inv-payment traceId=e369aae4-0b65-40f9-89ef-344ae0857fe5
2026-10-09T16:11:42.756+02:00 WARN  [main] c.a.c.p.application.PaymentRetryPolicy traceId=61c92151-883b-4429-adc4-2b9a8c37580b clubId= accountId= : Payment operation recovery exhausted: eventId=27e15f1c-a6ab-4eff-8f41-e06d1359ee78 traceId=61c92151-883b-4429-adc4-2b9a8c37580b
2026-10-09T16:11:44.361+02:00 WARN  [main] c.a.c.p.application.PaymentRetryPolicy traceId=e59a83c5-437f-42af-825b-699ecca359b4 clubId=- accountId=- : Refund reconciliation status=failed: eventId=re_fake_ee2d2494-304d-46b1-b794-b87e2bd308a2 traceId=e59a83c5-437f-42af-825b-699ecca359b4
2026-10-09T16:11:45.174+02:00 WARN  [main] c.a.c.p.application.PaymentRetryPolicy traceId=6703ecfe-aa6e-4b72-bbc8-21b3ff3bad19 clubId=- accountId=- : Refund reconciliation status=failed: eventId=re_fake_acb7481e-36f0-40b5-b8e8-e10fbfec9bac traceId=6703ecfe-aa6e-4b72-bbc8-21b3ff3bad19
2026-10-09T16:11:45.983+02:00 WARN  [main] c.a.c.p.application.PaymentRetryPolicy traceId=fdda473d-b6a0-4743-8d2f-e0b2c05f128a clubId= accountId= : Payment operation recovery exhausted: eventId=37fb7e87-9083-4931-829f-[redacted]=fdda473d-b6a0-4743-8d2f-e0b2c05f128a
2026-10-09T16:11:46.241+02:00 WARN  [main] c.a.c.p.application.PaymentRetryPolicy traceId=1fad1db2-5db8-4b92-b57c-7270bc24972a clubId=- accountId=- : Refund reconciliation status=failed: eventId=re_generated_pending traceId=1fad1db2-5db8-4b92-b57c-7270bc24972a
2026-10-09T16:11:46.255+02:00 WARN  [main] c.a.c.p.application.PaymentRetryPolicy traceId=1fad1db2-5db8-4b92-b57c-7270bc24972a clubId=- accountId=- : Refund compensation needs an admin: paymentId=inv-payment traceId=1fad1db2-5db8-4b92-b57c-7270bc24972a
2026-10-09T16:11:46.591+02:00 WARN  [main] c.a.c.p.application.PaymentRetryPolicy traceId=2823a9c9-69aa-4230-920e-13c001960968 clubId=- accountId=- : Refund reconciliation status=failed: eventId=re_dashboard_189 traceId=2823a9c9-69aa-4230-920e-13c001960968
2026-10-09T16:11:46.837+02:00 WARN  [main] c.a.c.p.application.PaymentRetryPolicy traceId=3bef0da0-8446-45c1-ab1a-93be465b1008 clubId= accountId= : Payment operation recovery exhausted: eventId=676adb17-aa0a-43e8-9d8f-6077374d428d traceId=3bef0da0-8446-45c1-ab1a-93be465b1008
2026-10-09T16:11:47.239+02:00 WARN  [main] c.a.c.p.application.PaymentRetryPolicy traceId=a9d5fdfb-302c-4344-bae1-9287bb302ab2 clubId= accountId= : Refund reconciliation status=failed: eventId=re_fake_7ca31cb7-3c01-4d09-8057-e6e664c85915 traceId=a9d5fdfb-302c-4344-bae1-9287bb302ab2
2026-10-09T16:11:47.620+02:00 WARN  [main] c.a.c.p.application.PaymentRetryPolicy traceId=b756caae-26f8-495b-8450-55ef84a97f30 clubId=- accountId=- : Refund reconciliation status=canceled: eventId=re_fake_34d0899a-91a4-4d0c-9f7b-182da04dafbf traceId=b756caae-26f8-495b-8450-55ef84a97f30
2026-10-09T16:11:47.630+02:00 WARN  [main] c.a.c.p.application.PaymentRetryPolicy traceId=b756caae-26f8-495b-8450-55ef84a97f30 clubId=- accountId=- : Refund compensation needs an admin: paymentId=inv-payment traceId=b756caae-26f8-495b-8450-55ef84a97f30
2026-10-09T16:11:48.188+02:00 WARN  [main] c.a.c.p.application.PaymentRetryPolicy traceId=315a89cd-78ff-4cf0-beb1-43021e255ce9 clubId=- accountId=- : Refund reconciliation status=failed: eventId=re_dashboard_208 traceId=315a89cd-78ff-4cf0-beb1-43021e255ce9
2026-10-09T16:11:48.740+02:00 WARN  [main] c.a.c.p.application.PaymentRetryPolicy traceId=915da50c-d97e-4a40-a6ce-7dd3af6999c7 clubId= accountId= : Refund reconciliation status=failed: eventId=re_fake_f26df55e-8e02-40ce-83d1-685523735922 traceId=915da50c-d97e-4a40-a6ce-7dd3af6999c7
2026-10-09T16:11:48.751+02:00 WARN  [main] c.a.c.p.application.PaymentRetryPolicy traceId=9a7f1f41-2087-4d9f-b8a6-b1668e0503be clubId= accountId= : Refund compensation needs an admin: paymentId=inv-payment traceId=9a7f1f41-2087-4d9f-b8a6-b1668e0503be
2026-10-09T16:11:49.209+02:00 WARN  [main] c.a.c.p.application.PaymentRetryPolicy traceId=42d3fab8-4f08-4b2d-b3a0-98b38c827ef5 clubId= accountId= : Refund reconciliation status=failed: eventId=re_fake_d926849c-4fa5-45f0-965f-f437785b25a9 traceId=42d3fab8-4f08-4b2d-b3a0-98b38c827ef5
2026-10-09T16:11:50.055+02:00 WARN  [main] c.a.c.p.application.PaymentRetryPolicy traceId=c7020112-66e4-41ca-83e6-2ca4968ddd20 clubId=- accountId=- : Refund reconciliation status=failed: eventId=re_fake_b26cd9b1-cdfd-44f5-b799-401b744fa55f traceId=c7020112-66e4-41ca-83e6-2ca4968ddd20
2026-10-09T16:11:50.350+02:00 WARN  [main] c.a.c.p.application.PaymentRetryPolicy traceId=4b86d08c-461b-4e4b-8438-0ca35ebf2ded clubId= accountId= : Payment operation recovery exhausted: eventId=12351527-b487-42b4-b86c-7bc27d0f4ec4 traceId=4b86d08c-461b-4e4b-8438-0ca35ebf2ded
2026-10-09T16:11:50.867+02:00 WARN  [main] c.a.c.p.application.PaymentRetryPolicy traceId=6fe32424-685d-4445-9dce-61dccef7d387 clubId=- accountId=- : Refund reconciliation status=failed: eventId=re_fake_eb6b337b-15d7-419c-831a-09b483116f2c traceId=6fe32424-685d-4445-9dce-61dccef7d387
2026-10-09T16:11:50.880+02:00 WARN  [main] c.a.c.p.application.PaymentRetryPolicy traceId=6fe32424-685d-4445-9dce-61dccef7d387 clubId=- accountId=- : Refund compensation needs an admin: paymentId=inv-payment traceId=6fe32424-685d-4445-9dce-61dccef7d387
2026-10-09T16:11:51.221+02:00 WARN  [main] c.a.c.p.application.PaymentRetryPolicy traceId=32947b12-7b78-4344-864b-fd3f88b7fce4 clubId= accountId= : Refund reconciliation status=failed: eventId=re_fake_9dfa2079-27e1-424e-9546-765fea3b788f traceId=32947b12-7b78-4344-864b-fd3f88b7fce4
2026-10-09T16:11:51.852+02:00 WARN  [main] c.a.c.p.application.PaymentRetryPolicy traceId=88d2ee25-f535-4b4d-b8fe-125ac6b479de clubId=- accountId=- : Refund reconciliation status=failed: eventId=re_fake_8462f6ec-cb1f-4a1f-a4f7-6e0dc410e42f traceId=88d2ee25-f535-4b4d-b8fe-125ac6b479de
2026-10-09T16:11:51.864+02:00 WARN  [main] c.a.c.p.application.PaymentRetryPolicy traceId=88d2ee25-f535-4b4d-b8fe-125ac6b479de clubId=- accountId=- : Refund compensation needs an admin: paymentId=inv-payment traceId=88d2ee25-f535-4b4d-b8fe-125ac6b479de
2026-10-09T16:11:51.889+02:00 WARN  [main] c.a.c.p.application.PaymentRetryPolicy traceId=f18f3daf-853f-43f5-af04-adafca584fca clubId= accountId= : Refund reconciliation status=failed: eventId=re_dashboard_249 traceId=f18f3daf-853f-43f5-[redacted]
2026-10-09T16:11:52.695+02:00 WARN  [main] c.a.c.p.application.PaymentRetryPolicy traceId=3aa58269-b7ad-43eb-bac2-60400b228120 clubId= accountId= : Refund reconciliation status=failed: eventId=re_generated_pending traceId=3aa58269-b7ad-43eb-bac2-60400b228120
2026-10-09T16:11:52.706+02:00 WARN  [main] c.a.c.p.application.PaymentRetryPolicy traceId=5a9fe9f1-f237-4cba-b8ec-1401a394d9f2 clubId= accountId= : Refund compensation needs an admin: paymentId=inv-payment traceId=5a9fe9f1-f237-4cba-b8ec-1401a394d9f2
2026-10-09T16:11:53.347+02:00 WARN  [main] c.a.c.p.application.PaymentRetryPolicy traceId=5637b123-7649-44ac-bb95-c62e0b1702a9 clubId=- accountId=- : Refund reconciliation status=failed: eventId=re_dashboard_265 traceId=5637b123-7649-44ac-[redacted]
2026-10-09T16:11:53.541+02:00 WARN  [main] c.a.c.p.application.PaymentRetryPolicy traceId=f0a6bb6c-dcf9-498f-9db4-aadcc8d41f11 clubId=- accountId=- : Refund reconciliation status=failed: eventId=re_fake_0c8a5fb5-d896-495a-8ac9-[redacted]=f0a6bb6c-dcf9-498f-9db4-aadcc8d41f11
2026-10-09T16:11:53.560+02:00 WARN  [main] c.a.c.p.application.PaymentRetryPolicy traceId=f0a6bb6c-dcf9-498f-9db4-aadcc8d41f11 clubId=- accountId=- : Refund compensation needs an admin: paymentId=inv-payment traceId=f0a6bb6c-dcf9-498f-9db4-aadcc8d41f11
2026-10-09T16:11:54.910+02:00 WARN  [main] c.a.c.p.application.PaymentRetryPolicy traceId=aef0843e-9f2a-4d49-9347-9bb94611d5f1 clubId=- accountId=- : Refund reconciliation status=canceled: eventId=re_dashboard_278 traceId=aef0843e-9f2a-4d49-9347-9bb94611d5f1
2026-10-09T16:11:54.929+02:00 WARN  [main] c.a.c.p.application.PaymentRetryPolicy traceId=aef0843e-9f2a-4d49-9347-9bb94611d5f1 clubId=- accountId=- : Refund compensation needs an admin: paymentId=inv-payment traceId=aef0843e-9f2a-4d49-9347-9bb94611d5f1
2026-10-09T16:11:55.624+02:00 WARN  [main] c.a.c.p.application.PaymentRetryPolicy traceId=d1f020bb-1de3-413c-a1c5-e8c2a3d6e78e clubId= accountId= : Refund reconciliation status=failed: eventId=re_dashboard_285 traceId=d1f020bb-1de3-413c-a1c5-e8c2a3d6e78e
2026-10-09T16:11:55.831+02:00 WARN  [main] c.a.c.p.application.PaymentRetryPolicy traceId=d9180f1a-d74c-4f28-abaf-8a34fdc45a1a clubId=- accountId=- : Refund reconciliation status=failed: eventId=re_fake_94bfaa56-32fe-4671-8129-63582ed07dfc traceId=d9180f1a-d74c-4f28-abaf-8a34fdc45a1a
2026-10-09T16:11:56.208+02:00 WARN  [main] c.a.c.p.application.PaymentRetryPolicy traceId=b6b89193-1fb8-44d7-868e-b92f13bcf0b7 clubId=- accountId=- : Refund reconciliation status=failed: eventId=re_fake_b1bf6fc6-00d6-4d2a-b0f9-7fc287e1084a traceId=b6b89193-1fb8-44d7-868e-b92f13bcf0b7
2026-10-09T16:11:56.864+02:00 WARN  [main] c.a.c.p.application.PaymentRetryPolicy traceId=44db166d-119c-414f-92e4-45f3d7bce417 clubId=- accountId=- : Refund reconciliation status=canceled: eventId=re_dashboard_300 traceId=44db166d-119c-414f-92e4-45f3d7bce417
2026-10-09T16:11:57.392+02:00 WARN  [main] c.a.c.p.application.PaymentRetryPolicy traceId=c4b56d4c-12da-4c50-b705-b70bdda57ebf clubId= accountId= : Payment operation recovery exhausted: eventId=3c89f3cd-6b64-4642-935a-5b5a3fac205d traceId=c4b56d4c-12da-4c50-b705-b70bdda57ebf
2026-10-09T16:11:57.424+02:00 WARN  [main] c.a.c.p.application.PaymentRetryPolicy traceId=0ff5c619-44d4-4db7-911d-18eeaabc4634 clubId= accountId= : Payment operation recovery exhausted: eventId=fcab03f0-f21a-4295-b012-104f98749970 traceId=0ff5c619-44d4-4db7-911d-18eeaabc4634
2026-10-09T16:11:57.455+02:00 WARN  [main] c.a.c.p.application.PaymentRetryPolicy traceId=3ff81258-ebb5-4bd8-afe9-2937c187127d clubId= accountId= : Payment operation recovery exhausted: eventId=9de584c7-e1a2-4888-a72e-[redacted]=3ff81258-ebb5-4bd8-afe9-2937c187127d
2026-10-09T16:11:57.732+02:00 WARN  [main] c.a.c.p.application.PaymentRetryPolicy traceId=cc30b538-a3c4-40d0-885e-3b78a421964a clubId=- accountId=- : Refund reconciliation status=failed: eventId=re_fake_b3d15824-9d0f-44d6-a2aa-586dcb707725 traceId=[redacted]
2026-10-09T16:11:57.747+02:00 WARN  [main] c.a.c.p.application.PaymentRetryPolicy traceId=cc30b538-a3c4-40d0-885e-3b78a421964a clubId=- accountId=- : Refund compensation needs an admin: paymentId=inv-payment traceId=[redacted]
2026-10-09T16:11:58.342+02:00 WARN  [main] c.a.c.p.application.PaymentRetryPolicy traceId=d47bceb4-105b-4e82-93bf-b2487e0d7022 clubId=- accountId=- : Refund reconciliation status=canceled: eventId=re_dashboard_310 traceId=d47bceb4-105b-4e82-93bf-b2487e0d7022
2026-10-09T16:11:58.482+02:00 WARN  [main] c.a.c.p.application.PaymentRetryPolicy traceId=0d4cf72a-9c33-480c-89f4-2d573fc87eda clubId= accountId= : Payment operation recovery exhausted: eventId=6ea4cc04-0eca-4d51-a58d-155f639bbd94 traceId=0d4cf72a-9c33-480c-89f4-2d573fc87eda
2026-10-09T16:11:58.516+02:00 WARN  [main] c.a.c.p.application.PaymentRetryPolicy traceId=33453aac-2d29-4ca4-8107-4a223ab7aa67 clubId= accountId= : Payment operation recovery exhausted: eventId=dd4e9def-03be-4589-bfdc-d9ff78ea64af traceId=33453aac-2d29-4ca4-8107-4a223ab7aa67
2026-10-09T16:11:59.007+02:00 WARN  [main] c.a.c.p.application.PaymentRetryPolicy traceId=ba1b4853-8fd9-4c83-9002-083f49630bdc clubId=- accountId=- : Refund reconciliation status=failed: eventId=re_fake_374eda19-f154-4e99-a14b-183ea44ce4a9 traceId=ba1b4853-8fd9-4c83-9002-083f49630bdc
2026-10-09T16:11:59.022+02:00 WARN  [main] c.a.c.p.application.PaymentRetryPolicy traceId=ba1b4853-8fd9-4c83-9002-083f49630bdc clubId=- accountId=- : Refund compensation needs an admin: paymentId=inv-payment traceId=ba1b4853-8fd9-4c83-9002-083f49630bdc
2026-10-09T16:11:59.477+02:00 WARN  [main] c.a.c.p.application.PaymentRetryPolicy traceId=526177f6-29a0-45f2-bada-76779ac5c5ac clubId=- accountId=- : Refund reconciliation status=canceled: eventId=re_fake_a5731a93-5cf6-409f-806e-2c614e9b08fb traceId=526177f6-29a0-45f2-bada-76779ac5c5ac
2026-10-09T16:11:59.709+02:00 WARN  [main] c.a.c.p.application.PaymentRetryPolicy traceId=dc1f6e72-48ff-4192-b28c-352b710eba1b clubId=- accountId=- : Refund reconciliation status=canceled: eventId=re_fake_7e43c9e6-5363-4df2-b58a-3e2e7daed01f traceId=dc1f6e72-48ff-4192-b28c-352b710eba1b
2026-10-09T16:11:59.723+02:00 WARN  [main] c.a.c.p.application.PaymentRetryPolicy traceId=dc1f6e72-48ff-4192-b28c-352b710eba1b clubId=- accountId=- : Refund compensation needs an admin: paymentId=inv-payment traceId=dc1f6e72-48ff-4192-b28c-352b710eba1b
2026-10-09T16:11:59.892+02:00 WARN  [main] c.a.c.p.application.PaymentRetryPolicy traceId=2e8cd8e8-9ebb-411c-b298-5a5fa76097fd clubId= accountId= : Refund reconciliation status=failed: eventId=re_fake_b6ece89a-7186-43ea-a548-2e523fa16a6c traceId=2e8cd8e8-9ebb-411c-b298-5a5fa76097fd
2026-10-09T16:12:00.035+02:00 WARN  [main] c.a.c.p.application.PaymentRetryPolicy traceId=3a531ded-742d-4a53-b78d-220a6573b98d clubId=- accountId=- : Refund reconciliation status=failed: eventId=re_generated_pending traceId=3a531ded-742d-4a53-b78d-220a6573b98d
2026-10-09T16:12:00.056+02:00 WARN  [main] c.a.c.p.application.PaymentRetryPolicy traceId=3a531ded-742d-4a53-b78d-220a6573b98d clubId=- accountId=- : Refund compensation needs an admin: paymentId=inv-payment traceId=3a531ded-742d-4a53-b78d-220a6573b98d
2026-10-09T16:12:00.582+02:00 WARN  [main] c.a.c.p.application.PaymentRetryPolicy traceId=283de44b-7ec3-4422-81d7-5c450450f06d clubId= accountId= : Refund reconciliation status=canceled: eventId=re_dashboard_334 traceId=283de44b-7ec3-4422-81d7-5c450450f06d
2026-10-09T16:12:00.813+02:00 WARN  [main] c.a.c.p.application.PaymentRetryPolicy traceId=7cf2177e-3a20-4b24-84c6-c972ea96c540 clubId= accountId= : Payment operation recovery exhausted: eventId=49f6adef-d4bd-4ec5-[redacted]=7cf2177e-3a20-4b24-84c6-c972ea96c540
2026-10-09T16:12:01.271+02:00 WARN  [main] c.a.c.p.application.PaymentRetryPolicy traceId=869209a6-db89-49ec-bd74-2db5511d39a4 clubId=- accountId=- : Refund reconciliation status=canceled: eventId=re_fake_bc063061-2d5f-43b9-943c-04b2d6812d7b traceId=869209a6-[redacted]
2026-10-09T16:12:01.289+02:00 WARN  [main] c.a.c.p.application.PaymentRetryPolicy traceId=869209a6-db89-49ec-bd74-2db5511d39a4 clubId=- accountId=- : Refund compensation needs an admin: paymentId=inv-payment traceId=869209a6-[redacted]
2026-10-09T16:12:02.353+02:00 WARN  [main] c.a.c.p.application.PaymentRetryPolicy traceId=f95320d3-e465-488c-9215-9fa2ac9e02fa clubId=- accountId=- : Refund reconciliation status=failed: eventId=re_fake_7a01f098-1db2-4967-a1d4-78d5d7118df1 traceId=f95320d3-e465-488c-9215-9fa2ac9e02fa
2026-10-09T16:12:02.450+02:00 WARN  [main] c.a.c.p.application.PaymentRetryPolicy traceId=7d2f3d74-20d8-4ea0-8757-d3ee308a3d2b clubId=- accountId=- : Refund reconciliation status=failed: eventId=re_fake_031c70db-4e88-4b16-8a6a-59f1aa27cf66 traceId=7d2f3d74-20d8-4ea0-8757-d3ee308a3d2b
2026-10-09T16:12:02.468+02:00 WARN  [main] c.a.c.p.application.PaymentRetryPolicy traceId=7d2f3d74-20d8-4ea0-8757-d3ee308a3d2b clubId=- accountId=- : Refund compensation needs an admin: paymentId=inv-payment traceId=7d2f3d74-20d8-4ea0-8757-d3ee308a3d2b
2026-10-09T16:12:03.645+02:00 WARN  [main] c.a.c.p.application.PaymentRetryPolicy traceId=f446a545-6aa9-42d9-a8de-60b73301b262 clubId= accountId= : Payment operation recovery exhausted: eventId=fa6f7955-0cc3-498d-8d5f-53d06d8a88e7 traceId=f446a545-6aa9-42d9-a8de-60b73301b262
2026-10-09T16:12:04.505+02:00 WARN  [main] c.a.c.p.application.PaymentRetryPolicy traceId=9965d6fe-fcf5-4b40-b767-1fdb5dc9c598 clubId=- accountId=- : Refund reconciliation status=failed: eventId=re_dashboard_376 traceId=9965d6fe-fcf5-4b40-b767-1fdb5dc9c598
2026-10-09T16:12:04.907+02:00 WARN  [main] c.a.c.p.application.PaymentRetryPolicy traceId=277af3c4-72c3-4f81-a78b-8dd9440b1c8d clubId=- accountId=- : Refund reconciliation status=canceled: eventId=re_fake_34e025ad-2395-478d-9896-94e6d91b2789 traceId=277af3c4-72c3-4f81-a78b-8dd9440b1c8d
2026-10-09T16:12:05.790+02:00 WARN  [main] c.a.c.p.application.PaymentRetryPolicy traceId=c3716cd1-5ecb-4b8d-a893-b552e31a7625 clubId=- accountId=- : Refund reconciliation status=failed: eventId=re_fake_59fe6794-1406-4b3b-b578-183ba0d03373 traceId=c3716cd1-5ecb-4b8d-a893-b552e31a7625
2026-10-09T16:12:06.468+02:00 WARN  [main] c.a.c.p.application.PaymentRetryPolicy traceId=614aedf1-51b1-4e30-901b-679c377ef891 clubId=- accountId=- : Refund reconciliation status=failed: eventId=re_fake_4a0f566f-b679-4643-8fef-9b79426c8e8d traceId=614aedf1-51b1-4e30-901b-679c377ef891
2026-10-09T16:12:07.281+02:00 WARN  [main] c.a.c.p.application.PaymentRetryPolicy traceId=2345626d-79be-40f1-ad16-b1876742afe0 clubId= accountId= : Refund reconciliation status=failed: eventId=re_generated_pending traceId=2345626d-79be-40f1-[redacted]
2026-10-09T16:12:07.298+02:00 WARN  [main] c.a.c.p.application.PaymentRetryPolicy traceId=4efc2ca8-ecfd-46fe-9fd0-c78c5df5cddb clubId= accountId= : Refund compensation needs an admin: paymentId=inv-payment traceId=4efc2ca8-ecfd-46fe-9fd0-c78c5df5cddb
2026-10-09T16:12:07.899+02:00 WARN  [main] c.a.c.p.application.PaymentRetryPolicy traceId=c0f25773-3625-4cb4-9905-87b56f0f05a5 clubId= accountId= : Refund compensation needs an admin: paymentId=inv-payment traceId=c0f25773-3625-4cb4-9905-87b56f0f05a5
2026-10-09T16:12:08.596+02:00 WARN  [main] c.a.c.p.application.PaymentRetryPolicy traceId=6b2087b8-6404-492f-b93d-8a0957eedb18 clubId=- accountId=- : Refund reconciliation status=failed: eventId=re_dashboard_421 traceId=6b2087b8-6404-492f-b93d-8a0957eedb18
2026-10-09T16:12:08.727+02:00 WARN  [main] c.a.c.p.application.PaymentRetryPolicy traceId=b7444216-27e1-40e4-81f7-d5f2adb63eab clubId= accountId= : Refund compensation needs an admin: paymentId=inv-payment traceId=b7444216-27e1-40e4-81f7-d5f2adb63eab
2026-10-09T16:12:08.729+02:00 WARN  [main] c.a.c.p.application.PaymentRetryPolicy traceId=ab707ae4-795b-49b1-aa94-c8ebaf2bd210 clubId= accountId= : Payment operation recovery exhausted: eventId=04c40388-5f55-49fe-8599-b55063b32043 traceId=[redacted]
2026-10-09T16:12:08.996+02:00 WARN  [main] c.a.c.p.application.PaymentRetryPolicy traceId=711957c4-0e18-43b1-a009-bec61a37bf6c clubId=- accountId=- : Refund reconciliation status=canceled: eventId=re_fake_a2c350f9-eba7-4cdb-84c2-358cd680a66d traceId=711957c4-0e18-43b1-a009-bec61a37bf6c
2026-10-09T16:12:09.011+02:00 WARN  [main] c.a.c.p.application.PaymentRetryPolicy traceId=711957c4-0e18-43b1-a009-bec61a37bf6c clubId=- accountId=- : Refund compensation needs an admin: paymentId=inv-payment traceId=711957c4-0e18-43b1-a009-bec61a37bf6c
2026-10-09T16:12:09.150+02:00 WARN  [main] c.a.c.p.application.PaymentRetryPolicy traceId=d75da019-c11e-473a-adc8-634fa84f9797 clubId=- accountId=- : Refund reconciliation status=canceled: eventId=re_fake_467b9d12-109c-42f9-a569-b2afd6642b95 traceId=d75da019-c11e-473a-adc8-634fa84f9797
2026-10-09T16:12:09.514+02:00 WARN  [main] c.a.c.p.application.PaymentRetryPolicy traceId=08ebe92a-be00-420f-ab6f-545380d9da2e clubId=- accountId=- : Refund reconciliation status=failed: eventId=re_dashboard_433 traceId=08ebe92a-[redacted]
2026-10-09T16:12:10.199+02:00 WARN  [main] c.a.c.p.application.PaymentRetryPolicy traceId=1dfb9a7f-952a-4b0b-a985-0425d11380f5 clubId= accountId= : Payment operation recovery exhausted: eventId=9a283b22-90af-43d4-81e2-71ee27a43e2e traceId=1dfb9a7f-952a-4b0b-a985-0425d11380f5
2026-10-09T16:12:10.364+02:00 WARN  [main] c.a.c.p.application.PaymentRetryPolicy traceId=0f77ce64-9f71-4c3d-a3b3-e25dbf05a086 clubId=- accountId=- : Refund reconciliation status=canceled: eventId=re_dashboard_438 traceId=0f77ce64-9f71-4c3d-a3b3-e25dbf05a086
2026-10-09T16:12:10.774+02:00 WARN  [main] c.a.c.p.application.PaymentRetryPolicy traceId=04294ba9-dc9f-4887-96f8-c6dee77a3978 clubId=- accountId=- : Refund reconciliation status=failed: eventId=re_fake_100c1871-1e91-4a29-a933-[redacted]=04294ba9-dc9f-4887-96f8-c6dee77a3978
2026-10-09T16:12:11.079+02:00 WARN  [main] c.a.c.p.application.PaymentRetryPolicy traceId=9112d7e5-3a06-42ce-9444-c88e5c2e2cd9 clubId=- accountId=- : Refund reconciliation status=canceled: eventId=re_dashboard_446 traceId=9112d7e5-3a06-42ce-9444-c88e5c2e2cd9
2026-10-09T16:12:11.204+02:00 WARN  [main] c.a.c.p.application.PaymentRetryPolicy traceId=347f451f-452d-4718-b9a5-25b8716f7b24 clubId=- accountId=- : Refund reconciliation status=failed: eventId=re_fake_a17e239d-0db5-4f84-9362-95e6c84193e5 traceId=347f451f-452d-4718-b9a5-25b8716f7b24
2026-10-09T16:12:12.013+02:00 WARN  [main] c.a.c.p.application.PaymentRetryPolicy traceId=22cc13a1-c8e8-44b9-90ce-7bc8dac98b30 clubId=- accountId=- : Refund reconciliation status=failed: eventId=re_dashboard_457 traceId=22cc13a1-c8e8-44b9-90ce-7bc8dac98b30
2026-10-09T16:12:12.266+02:00 WARN  [main] c.a.c.p.application.PaymentRetryPolicy traceId=baef3650-5f3e-41cb-b37a-35976293f865 clubId=- accountId=- : Refund reconciliation status=failed: eventId=re_fake_b9b063a1-b81b-4ae5-aa8d-5f34fb48f966 traceId=baef3650-5f3e-41cb-b37a-35976293f865
2026-10-09T16:12:12.278+02:00 WARN  [main] c.a.c.p.application.PaymentRetryPolicy traceId=baef3650-5f3e-41cb-b37a-35976293f865 clubId=- accountId=- : Refund compensation needs an admin: paymentId=inv-payment traceId=baef3650-5f3e-41cb-b37a-35976293f865
2026-10-09T16:12:12.709+02:00 WARN  [main] c.a.c.p.application.PaymentRetryPolicy traceId=98d5f6fc-cc82-458a-b408-5eaefb123470 clubId=- accountId=- : Refund reconciliation status=failed: eventId=re_dashboard_468 traceId=98d5f6fc-[redacted]
2026-10-09T16:12:13.086+02:00 WARN  [main] c.a.c.p.application.PaymentRetryPolicy traceId=430468b0-2172-4fb9-ac44-5173323e4997 clubId= accountId= : Refund reconciliation status=failed: eventId=re_dashboard_472 traceId=430468b0-2172-4fb9-[redacted]
2026-10-09T16:12:13.411+02:00 WARN  [main] c.a.c.p.application.PaymentRetryPolicy traceId=c6ffacbf-6acc-4ed3-ab58-b5e810e9d399 clubId=- accountId=- : Refund reconciliation status=failed: eventId=re_fake_91bafc4d-[redacted]=c6ffacbf-6acc-4ed3-[redacted]
2026-10-09T16:12:13.681+02:00 WARN  [main] c.a.c.p.application.PaymentRetryPolicy traceId=bb94437d-9be0-417e-aa49-3d0262967a7a clubId= accountId= : Refund reconciliation status=failed: eventId=re_dashboard_483 traceId=[redacted]
2026-10-09T16:12:14.023+02:00 WARN  [main] c.a.c.p.application.PaymentRetryPolicy traceId=7b653da0-e26d-448b-a136-90a84f0bddbd clubId=- accountId=- : Refund reconciliation status=failed: eventId=re_generated_pending traceId=7b653da0-e26d-448b-a136-90a84f0bddbd
2026-10-09T16:12:14.034+02:00 WARN  [main] c.a.c.p.application.PaymentRetryPolicy traceId=7b653da0-e26d-448b-a136-90a84f0bddbd clubId=- accountId=- : Refund compensation needs an admin: paymentId=inv-payment traceId=7b653da0-e26d-448b-a136-90a84f0bddbd
2026-10-09T16:12:14.786+02:00 WARN  [main] c.a.c.p.application.PaymentRetryPolicy traceId=2a103d44-c973-4f01-85ba-32cfd4ec1aab clubId= accountId= : Refund reconciliation status=failed: eventId=re_dashboard_501 traceId=2a103d44-c973-4f01-85ba-32cfd4ec1aab
2026-10-09T16:12:15.807+02:00 WARN  [main] c.a.c.p.application.PaymentRetryPolicy traceId=2cd5dc97-3370-4746-8525-61929cc55ba9 clubId= accountId= : Refund reconciliation status=canceled: eventId=re_fake_cb943e9d-9833-4ac8-a15d-3ac4e3aad658 traceId=2cd5dc97-3370-4746-8525-61929cc55ba9
2026-10-09T16:12:16.213+02:00 WARN  [main] c.a.c.p.application.PaymentRetryPolicy traceId=ba9584cb-fd75-473d-845d-fd1968c21553 clubId= accountId= : Refund reconciliation status=failed: eventId=re_fake_923c1d30-f1d9-4062-83aa-235116ec9108 traceId=[redacted]
2026-10-09T16:12:16.228+02:00 WARN  [main] c.a.c.p.application.PaymentRetryPolicy traceId=87d76d04-dcf4-44cd-a55f-e7e26182026c clubId= accountId= : Refund compensation needs an admin: paymentId=inv-payment traceId=87d76d04-dcf4-44cd-a55f-e7e26182026c
2026-10-09T16:12:17.298+02:00 WARN  [main] c.a.c.p.application.PaymentRetryPolicy traceId=2a34ec4d-4c6b-4f60-bfe3-94a713786822 clubId= accountId= : Payment operation recovery exhausted: eventId=676117d5-e091-4a9d-a315-7162df9111bd traceId=2a34ec4d-4c6b-4f60-bfe3-94a713786822
2026-10-09T16:12:17.702+02:00 WARN  [main] c.a.c.p.application.PaymentRetryPolicy traceId=276aea08-e99e-4449-a8ac-476ed91bc4ad clubId=- accountId=- : Refund reconciliation status=failed: eventId=re_fake_e1a9e958-d1e6-4065-af0e-476690c950e9 traceId=276aea08-e99e-4449-a8ac-476ed91bc4ad
2026-10-09T16:12:17.715+02:00 WARN  [main] c.a.c.p.application.PaymentRetryPolicy traceId=276aea08-e99e-4449-a8ac-476ed91bc4ad clubId=- accountId=- : Refund compensation needs an admin: paymentId=inv-payment traceId=276aea08-e99e-4449-a8ac-476ed91bc4ad
2026-10-09T16:12:18.350+02:00 WARN  [main] c.a.c.p.application.PaymentRetryPolicy traceId=116bc128-f561-405e-8d4b-e3f5de021496 clubId=- accountId=- : Refund reconciliation status=canceled: eventId=re_dashboard_526 traceId=116bc128-f561-405e-8d4b-e3f5de021496
2026-10-09T16:12:19.056+02:00 WARN  [main] c.a.c.p.application.PaymentRetryPolicy traceId=8d7e2242-16d2-4a48-bfc1-a988532012de clubId= accountId= : Payment operation recovery exhausted: eventId=d3028859-0ad4-4760-985b-4c00d5a6ab89 traceId=8d7e2242-16d2-4a48-bfc1-a988532012de
2026-10-09T16:12:19.879+02:00 WARN  [main] c.a.c.p.application.PaymentRetryPolicy traceId=7652d70f-d376-41bd-8fe9-e5d14449b372 clubId= accountId= : Refund reconciliation status=failed: eventId=re_generated_pending traceId=7652d70f-d376-41bd-8fe9-e5d14449b372
2026-10-09T16:12:19.894+02:00 WARN  [main] c.a.c.p.application.PaymentRetryPolicy traceId=05353ae1-44c6-464c-94a0-b203918e3767 clubId= accountId= : Refund compensation needs an admin: paymentId=inv-payment traceId=05353ae1-44c6-464c-94a0-b203918e3767
2026-10-09T16:12:20.429+02:00 WARN  [main] c.a.c.p.application.PaymentRetryPolicy traceId=f16b7de3-5733-4534-bd09-b446f76ff508 clubId=- accountId=- : Refund reconciliation status=failed: eventId=re_dashboard_549 traceId=f16b7de3-5733-4534-[redacted]
E8-T11, 80 seeds x 24 steps reached: {admin refund n=566, bill credit=52, cancel CREDIT=92, cancel CREDIT before confirmation=16, cancel REFUND=87, cancel REFUND before confirmation=22, dashboard nothing=55, dashboard refund pending=35, dashboard refund succeeded=38, disable Stripe=71, enable Stripe=35, execute (lost response)=40, execute (pending)=40, execute (refused)=31, execute (refused, not reached)=12, execute (rejected)=17, execute (rejected, not reached)=6, execute (succeeded)=31, late confirmation=85, n h later, recover=52, recover=174, redeliver canceled=4, redeliver failed=9, redeliver pending=20, redeliver succeeded=22, webhook canceled=33, webhook failed=80, webhook pending=65, webhook succeeded=130, ~ compensation postponed by an outage (E8-T11 point 1)=3, ~ credit absorbed a dashboard refund (E8-T11 point 3)=10, ~ credit grown after a failed refund (finding 1)=2, ~ dashboard refund beyond a billed credit (E8-T11 point 3)=8, ~ obligation CREDIT=21, ~ obligation CREDIT with intervention=13, ~ obligation REFUND=25, ~ obligation REFUND with intervention=21, ~ pending dashboard billed then failed=4, ~ pending dashboard billed then succeeded=4, ~ reconciled while Stripe was disabled=35}
2026-10-09T16:12:21.342+02:00 WARN  [main] c.a.c.p.application.PaymentRetryPolicy traceId=46fed2f0-e2e7-423e-ba68-668eb11a376e clubId=- accountId=- : Refund compensation needs an admin: paymentId=inv-payment traceId=46fed2f0-e2e7-423e-[redacted]
2026-10-09T16:12:22.944+02:00 WARN  [main] c.a.c.p.application.CheckoutService traceId=09fa6916-4613-43da-8cdf-54197c58eb49 clubId=- accountId=- : Late provider completion to refund: the checkout expired checkoutSessionId=784ad77f-bc3e-4a6b-a5ca-[redacted]=inv-booking providerPaymentId=pi_invariants clubId=bill-a
2026-10-09T16:12:23.192+02:00 WARN  [main] c.a.c.p.application.PaymentRetryPolicy traceId=130bfe97-ed70-439f-ae6f-721f2326d97a clubId= accountId= : Refund reconciliation status=failed: eventId=re_fake_7f9cefb9-c9ab-4124-967c-c603ef994fdb traceId=130bfe97-[redacted]
2026-10-09T16:12:23.200+02:00 WARN  [main] c.a.c.p.application.PaymentRetryPolicy traceId=bed0bcdd-4315-4d02-bd2c-cbdb84d4373b clubId= accountId= : Refund compensation needs an admin: paymentId=9a504c3e-9fd6-4aa6-a086-419979229dd0 traceId=bed0bcdd-4315-4d02-bd2c-cbdb84d4373b
2026-10-09T16:12:23.462+02:00 WARN  [main] c.a.c.p.application.CheckoutService traceId=581b5deb-8873-42c4-bb80-a540a2d0967b clubId=- accountId=- : Late provider completion to refund: the checkout expired checkoutSessionId=f29a4342-275a-40c5-9a01-70249bad628e bookingId=inv-booking providerPaymentId=pi_invariants clubId=bill-a
2026-10-09T16:12:24.092+02:00 WARN  [main] c.a.c.p.application.CheckoutService traceId=929f82ac-ffd1-44ab-a6e6-c2557edf15fc clubId=- accountId=- : Late provider completion to refund: the checkout expired checkoutSessionId=e856a205-2167-4bfd-ba7a-69be9cc3f165 bookingId=inv-booking providerPaymentId=pi_invariants clubId=bill-a
2026-10-09T16:12:24.296+02:00 WARN  [main] c.a.c.p.application.PaymentRetryPolicy traceId=6aa14af5-ccf9-49e1-9e8a-03d206446451 clubId= accountId= : Refund reconciliation status=failed: eventId=re_fake_08f2f3a3-ecd1-42cf-945f-4fcd534c6676 traceId=6aa14af5-ccf9-49e1-9e8a-03d206446451
2026-10-09T16:12:24.305+02:00 WARN  [main] c.a.c.p.application.PaymentRetryPolicy traceId=710c9e5e-d260-455f-b159-2cd4111ddabe clubId= accountId= : Refund compensation needs an admin: paymentId=f51a1c2d-6ef0-4167-[redacted]=710c9e5e-d260-455f-b159-2cd4111ddabe
2026-10-09T16:12:24.726+02:00 WARN  [main] c.a.c.p.application.CheckoutService traceId=6ff9c86c-969a-4abd-a9b1-aa239a0645fe clubId=- accountId=- : Late provider completion to refund: the checkout expired checkoutSessionId=f5725149-7806-486f-[redacted]=inv-booking providerPaymentId=pi_invariants clubId=bill-a
2026-10-09T16:12:24.847+02:00 WARN  [main] c.a.c.p.application.PaymentRetryPolicy traceId=cc0a8356-dbf9-4cb3-aced-448b922a8fc0 clubId= accountId= : Refund reconciliation status=canceled: eventId=re_fake_e9e4ca58-6368-443d-a1e9-f12d00ed896d traceId=cc0a8356-dbf9-4cb3-aced-448b922a8fc0
2026-10-09T16:12:24.856+02:00 WARN  [main] c.a.c.p.application.PaymentRetryPolicy traceId=5260efd9-86ef-4654-ab8b-2e1c491f8192 clubId= accountId= : Refund compensation needs an admin: paymentId=e2765122-5422-4ce4-b46b-410bf775492e traceId=5260efd9-86ef-4654-ab8b-2e1c491f8192
2026-10-09T16:12:25.312+02:00 WARN  [main] c.a.c.p.application.CheckoutService traceId=029b548c-433a-40d1-81a8-24345f53a156 clubId=- accountId=- : Late provider completion to refund: the checkout expired checkoutSessionId=9e98ef5c-6bdf-4218-8664-0933821b1ab7 bookingId=inv-booking providerPaymentId=pi_invariants clubId=bill-a
2026-10-09T16:12:25.381+02:00 WARN  [main] c.a.c.p.application.PaymentRetryPolicy traceId=f221cb66-2155-4015-8e5b-71cf49ba84c8 clubId=- accountId=- : Refund reconciliation status=failed: eventId=re_fake_b9db1958-8046-44ed-8a22-fbe2f562ce8e traceId=f221cb66-2155-4015-8e5b-71cf49ba84c8
2026-10-09T16:12:25.388+02:00 WARN  [main] c.a.c.p.application.PaymentRetryPolicy traceId=f221cb66-2155-4015-8e5b-71cf49ba84c8 clubId=- accountId=- : Refund compensation needs an admin: paymentId=[redacted] traceId=f221cb66-2155-4015-8e5b-71cf49ba84c8
2026-10-09T16:12:25.856+02:00 WARN  [main] c.a.c.p.application.CheckoutService traceId=0782df78-76d9-4736-813c-ec39e02091d0 clubId=- accountId=- : Late provider completion to refund: the checkout expired checkoutSessionId=257c6dd8-5a4f-4b90-a517-a769222d6a28 bookingId=inv-booking providerPaymentId=pi_invariants clubId=bill-a
2026-10-09T16:12:25.896+02:00 WARN  [main] c.a.c.p.application.PaymentRetryPolicy traceId=038f7a64-3eb0-4a2d-b558-ba0fded98136 clubId=- accountId=- : Refund reconciliation status=canceled: eventId=re_fake_ddd5fbe1-6a88-4ad2-9d6e-c47bd2dfdb9e traceId=038f7a64-3eb0-4a2d-b558-ba0fded98136
2026-10-09T16:12:25.903+02:00 WARN  [main] c.a.c.p.application.PaymentRetryPolicy traceId=038f7a64-3eb0-4a2d-b558-ba0fded98136 clubId=- accountId=- : Refund compensation needs an admin: paymentId=d52d4ae4-6653-424d-abc7-6c6ba8a595ac traceId=038f7a64-3eb0-4a2d-b558-ba0fded98136
2026-10-09T16:12:26.380+02:00 WARN  [main] c.a.c.p.application.CheckoutService traceId=c8798496-cbde-435a-9e41-e72c5afff4d2 clubId=- accountId=- : Late provider completion to refund: the checkout expired checkoutSessionId=701e6414-d4d8-4fec-a001-5b946af6dd6e bookingId=inv-booking providerPaymentId=pi_invariants clubId=bill-a
2026-10-09T16:12:26.503+02:00 WARN  [main] c.a.c.p.application.PaymentRetryPolicy traceId=6da44c97-df38-42d5-9ed2-818c6d80b8c1 clubId= accountId= : Refund reconciliation status=canceled: eventId=re_fake_10f025a2-6bcf-4675-[redacted]=6da44c97-[redacted]
2026-10-09T16:12:26.510+02:00 WARN  [main] c.a.c.p.application.PaymentRetryPolicy traceId=4d9b08b1-1e27-4341-9404-36c8817d237a clubId= accountId= : Refund compensation needs an admin: paymentId=d18a9096-70fd-42c2-8768-b6c7e61dd005 traceId=4d9b08b1-1e27-4341-9404-36c8817d237a
2026-10-09T16:12:26.799+02:00 WARN  [main] c.a.c.p.application.CheckoutService traceId=d68de03c-ad33-4abb-a9d2-db3f6a01b64a clubId=- accountId=- : Late provider completion to refund: the checkout expired checkoutSessionId=4818e5fc-[redacted]=inv-booking providerPaymentId=pi_invariants clubId=bill-a
2026-10-09T16:12:27.293+02:00 WARN  [main] c.a.c.p.application.CheckoutService traceId=352e116a-2e4e-45cb-b46a-1cc4f3b62a1a clubId=- accountId=- : Late provider completion to refund: the checkout expired checkoutSessionId=90f2050b-1b71-42f5-bf2b-b3986f24c57f bookingId=inv-booking providerPaymentId=pi_invariants clubId=bill-a
2026-10-09T16:12:27.575+02:00 WARN  [main] c.a.c.p.application.PaymentRetryPolicy traceId=6879a761-fab5-40c9-9714-eda2726f4e7d clubId=- accountId=- : Refund reconciliation status=failed: eventId=re_fake_c363c080-85a6-44e7-b704-65330d4f34e8 traceId=6879a761-fab5-40c9-9714-eda2726f4e7d
2026-10-09T16:12:27.581+02:00 WARN  [main] c.a.c.p.application.PaymentRetryPolicy traceId=6879a761-fab5-40c9-9714-eda2726f4e7d clubId=- accountId=- : Refund compensation needs an admin: paymentId=56c58a1f-8a3e-40b1-aabd-db2f5847fbc1 traceId=6879a761-fab5-40c9-9714-eda2726f4e7d
2026-10-09T16:12:28.006+02:00 WARN  [main] c.a.c.p.application.CheckoutService traceId=077d480e-6e84-435b-9073-69411a850e21 clubId=- accountId=- : Late provider completion to refund: the checkout expired checkoutSessionId=77c9ffe7-b734-451d-[redacted]=inv-booking providerPaymentId=pi_invariants clubId=bill-a
2026-10-09T16:12:28.463+02:00 WARN  [main] c.a.c.p.application.CheckoutService traceId=77358543-6400-46ab-9563-f767634c80e3 clubId=- accountId=- : Late provider completion to refund: the checkout expired checkoutSessionId=bd6c74ce-c473-49c5-9343-cf1c8d972a99 bookingId=inv-booking providerPaymentId=pi_invariants clubId=bill-a
2026-10-09T16:12:28.670+02:00 WARN  [main] c.a.c.p.application.PaymentRetryPolicy traceId=dd3ffc6c-72ec-4dac-97cc-abf7877eadaa clubId=- accountId=- : Refund reconciliation status=failed: eventId=re_fake_b57bbf58-bc2e-4e17-a38d-2f58db8995ce traceId=dd3ffc6c-72ec-4dac-97cc-abf7877eadaa
2026-10-09T16:12:28.677+02:00 WARN  [main] c.a.c.p.application.PaymentRetryPolicy traceId=dd3ffc6c-72ec-4dac-97cc-abf7877eadaa clubId=- accountId=- : Refund compensation needs an admin: paymentId=428f9774-c9ac-4679-91c5-54c849ba3bfc traceId=dd3ffc6c-72ec-4dac-97cc-abf7877eadaa
2026-10-09T16:12:29.011+02:00 WARN  [main] c.a.c.p.application.CheckoutService traceId=52c46043-5ffa-4698-8ea6-a99535e32346 clubId=- accountId=- : Late provider completion to refund: the checkout expired checkoutSessionId=5c47a08a-b714-404a-9372-ab4dd49bdfc2 bookingId=inv-booking providerPaymentId=pi_invariants clubId=bill-a
2026-10-09T16:12:29.683+02:00 WARN  [main] c.a.c.p.application.CheckoutService traceId=12ccd524-1da8-4735-8ba5-090e8540038b clubId=- accountId=- : Late provider completion to refund: the checkout expired checkoutSessionId=cdb215f7-0fdd-4ed4-a7c8-3d6ba3738023 bookingId=inv-booking providerPaymentId=pi_invariants clubId=bill-a
2026-10-09T16:12:29.957+02:00 WARN  [main] c.a.c.p.application.PaymentRetryPolicy traceId=fc936205-5242-4f25-ae94-38677b3b703d clubId= accountId= : Refund reconciliation status=failed: eventId=re_fake_ee86388d-618b-40a3-b57e-e96adff4de24 traceId=[redacted]
2026-10-09T16:12:29.964+02:00 WARN  [main] c.a.c.p.application.PaymentRetryPolicy traceId=5301c8f8-1952-4f99-8819-581a52cabbd4 clubId= accountId= : Refund compensation needs an admin: paymentId=d0596931-e9f6-4c77-a9c1-b20ed81ce285 traceId=5301c8f8-1952-4f99-8819-581a52cabbd4
2026-10-09T16:12:30.224+02:00 WARN  [main] c.a.c.p.application.CheckoutService traceId=67043102-a83a-48e2-818f-147bfbb5601d clubId=- accountId=- : Late provider completion to refund: the checkout expired checkoutSessionId=85708779-f8fa-43e3-9211-253c41b4abd2 bookingId=inv-booking providerPaymentId=pi_invariants clubId=bill-a
2026-10-09T16:12:30.861+02:00 WARN  [main] c.a.c.p.application.CheckoutService traceId=62cd6fca-c16b-496e-9038-a5313c00e9ca clubId=- accountId=- : Late provider completion to refund: the checkout expired checkoutSessionId=1d4fc24c-3fc2-4602-a113-9c64e21e7b0c bookingId=inv-booking providerPaymentId=pi_invariants clubId=bill-a
2026-10-09T16:12:30.987+02:00 WARN  [main] c.a.c.p.application.PaymentRetryPolicy traceId=df790394-1566-4883-84f1-5e16c492bc79 clubId=- accountId=- : Refund reconciliation status=failed: eventId=re_fake_1deaa697-e5f8-4e6f-a341-ada4f4196143 traceId=[redacted]
2026-10-09T16:12:30.998+02:00 WARN  [main] c.a.c.p.application.PaymentRetryPolicy traceId=df790394-1566-4883-84f1-5e16c492bc79 clubId=- accountId=- : Refund compensation needs an admin: paymentId=974dc63a-c131-4ce8-[redacted]=[redacted]
2026-10-09T16:12:31.530+02:00 WARN  [main] c.a.c.p.application.CheckoutService traceId=3e426765-e117-4277-a1f0-41c8548cee60 clubId=- accountId=- : Late provider completion to refund: the checkout expired checkoutSessionId=f27a8a54-9ae3-46e0-b1e2-d26d280b836f bookingId=inv-booking providerPaymentId=pi_invariants clubId=bill-a
2026-10-09T16:12:31.575+02:00 WARN  [main] c.a.c.p.application.PaymentRetryPolicy traceId=8f1b7334-3e5f-4de4-bfe2-961ffd8f9408 clubId=- accountId=- : Refund reconciliation status=failed: eventId=re_fake_c7a4afb9-1990-4f3f-80e0-7524e754c5ef traceId=8f1b7334-3e5f-4de4-bfe2-961ffd8f9408
2026-10-09T16:12:31.585+02:00 WARN  [main] c.a.c.p.application.PaymentRetryPolicy traceId=8f1b7334-3e5f-4de4-bfe2-961ffd8f9408 clubId=- accountId=- : Refund compensation needs an admin: paymentId=ff2c1fd8-7654-4f7a-adb2-6722dbf80898 traceId=8f1b7334-3e5f-4de4-bfe2-961ffd8f9408
2026-10-09T16:12:32.063+02:00 WARN  [main] c.a.c.p.application.CheckoutService traceId=7301d7ff-2237-44ca-8e87-2f9a9760ceff clubId=- accountId=- : Late provider completion to refund: the checkout expired checkoutSessionId=b49d71e1-b2e9-495e-a11a-5e980eac85c8 bookingId=inv-booking providerPaymentId=pi_invariants clubId=bill-a
2026-10-09T16:12:32.196+02:00 WARN  [main] c.a.c.p.application.PaymentRetryPolicy traceId=fd77fca4-7b4e-47af-b2d8-feb9c2b7bcf4 clubId=- accountId=- : Refund reconciliation status=failed: eventId=re_fake_3a97c4c6-9a69-4410-[redacted]=[redacted]
2026-10-09T16:12:32.206+02:00 WARN  [main] c.a.c.p.application.PaymentRetryPolicy traceId=fd77fca4-7b4e-47af-b2d8-feb9c2b7bcf4 clubId=- accountId=- : Refund compensation needs an admin: paymentId=76f2071b-8cfb-414c-8562-[redacted]=[redacted]
2026-10-09T16:12:32.606+02:00 WARN  [main] c.a.c.p.application.CheckoutService traceId=07a31df3-a9fd-4a7f-a2ba-85bd4f5e0a20 clubId=- accountId=- : Late provider completion to refund: the checkout expired checkoutSessionId=a7009eac-94be-4b59-9c68-ba2e8e233c42 bookingId=inv-booking providerPaymentId=pi_invariants clubId=bill-a
2026-10-09T16:12:33.232+02:00 WARN  [main] c.a.c.p.application.CheckoutService traceId=f3561f6a-9ddc-4a8b-93fe-708d4d80e0ff clubId=- accountId=- : Late provider completion to refund: the checkout expired checkoutSessionId=870e1136-b870-4747-abab-81c4ffe0430b bookingId=inv-booking providerPaymentId=pi_invariants clubId=bill-a
2026-10-09T16:12:33.528+02:00 WARN  [main] c.a.c.p.application.PaymentRetryPolicy traceId=2474625e-807a-48e8-ba05-37d44a4cdade clubId= accountId= : Refund reconciliation status=failed: eventId=re_fake_4c4c0b08-e231-4f32-8d18-52b9b532d5d1 traceId=2474625e-807a-48e8-[redacted]
2026-10-09T16:12:33.535+02:00 WARN  [main] c.a.c.p.application.PaymentRetryPolicy traceId=7e8adfb3-49a0-42dc-a136-8364cdf21f52 clubId= accountId= : Refund compensation needs an admin: paymentId=1128bed3-57d8-4a09-bdb4-297dce506778 traceId=7e8adfb3-49a0-42dc-a136-8364cdf21f52
2026-10-09T16:12:33.794+02:00 WARN  [main] c.a.c.p.application.CheckoutService traceId=a153205f-3a1d-4022-801f-f8d867b97a30 clubId=- accountId=- : Late provider completion to refund: the checkout expired checkoutSessionId=1e1b850d-b4c6-472d-b170-9cf400dc9e9a bookingId=inv-booking providerPaymentId=pi_invariants clubId=bill-a
2026-10-09T16:12:33.836+02:00 WARN  [main] c.a.c.p.application.PaymentRetryPolicy traceId=e45b0ea9-58d7-4c8d-95ad-8aaf20707beb clubId=- accountId=- : Refund reconciliation status=canceled: eventId=re_fake_16d36f6b-c788-4f71-9951-befccb8b845e traceId=e45b0ea9-58d7-4c8d-95ad-8aaf20707beb
2026-10-09T16:12:33.845+02:00 WARN  [main] c.a.c.p.application.PaymentRetryPolicy traceId=e45b0ea9-58d7-4c8d-95ad-8aaf20707beb clubId=- accountId=- : Refund compensation needs an admin: paymentId=9d7cb106-4866-44e8-b91a-[redacted]=e45b0ea9-58d7-4c8d-95ad-8aaf20707beb
2026-10-09T16:12:34.395+02:00 WARN  [main] c.a.c.p.application.CheckoutService traceId=f556761b-37e2-4a00-b74c-ce08e480410b clubId=- accountId=- : Late provider completion to refund: the checkout expired checkoutSessionId=c3c873db-f7ef-4487-8d62-f25421ceb6c7 bookingId=inv-booking providerPaymentId=pi_invariants clubId=bill-a
2026-10-09T16:12:34.485+02:00 WARN  [main] c.a.c.p.application.PaymentRetryPolicy traceId=8e922e31-fe0c-4af4-a419-ef3a7266d19d clubId= accountId= : Refund reconciliation status=canceled: eventId=re_fake_46e1baa5-131d-4d95-8811-6eb1d1b29368 traceId=8e922e31-fe0c-4af4-a419-ef3a7266d19d
2026-10-09T16:12:34.492+02:00 WARN  [main] c.a.c.p.application.PaymentRetryPolicy traceId=0e8873b2-524e-4e0d-9270-775db26aa28a clubId= accountId= : Refund compensation needs an admin: paymentId=9d011f96-[redacted]=0e8873b2-524e-4e0d-9270-775db26aa28a
2026-10-09T16:12:35.008+02:00 WARN  [main] c.a.c.p.application.CheckoutService traceId=12b128f8-6435-402b-b9df-66d4020dcb63 clubId=- accountId=- : Late provider completion to refund: the checkout expired checkoutSessionId=8b42168a-6cc4-4788-888c-257048613202 bookingId=inv-booking providerPaymentId=pi_invariants clubId=bill-a
2026-10-09T16:12:35.073+02:00 WARN  [main] c.a.c.p.application.PaymentRetryPolicy traceId=060800c5-547f-4ab4-97b0-f33549b2e169 clubId= accountId= : Refund reconciliation status=failed: eventId=re_fake_ecf03f29-0c61-4f0b-8113-4abb15558c58 traceId=060800c5-547f-4ab4-97b0-f33549b2e169
2026-10-09T16:12:35.080+02:00 WARN  [main] c.a.c.p.application.PaymentRetryPolicy traceId=195441f5-ec2c-4807-a67e-4bc7e43b081a clubId= accountId= : Refund compensation needs an admin: paymentId=ed0c3d55-6056-4844-a95f-375e2b2f5cb3 traceId=195441f5-ec2c-4807-a67e-4bc7e43b081a
2026-10-09T16:12:35.636+02:00 WARN  [main] c.a.c.p.application.CheckoutService traceId=4097eb91-f49b-41a6-97e4-f43350ddca6c clubId=- accountId=- : Late provider completion to refund: the checkout expired checkoutSessionId=ead7d4b4-253e-4ede-8072-5772ca8a9c29 bookingId=inv-booking providerPaymentId=pi_invariants clubId=bill-a
2026-10-09T16:12:35.752+02:00 WARN  [main] c.a.c.p.application.PaymentRetryPolicy traceId=b0a1541c-b756-4a4f-a70f-879edc4b4972 clubId= accountId= : Refund reconciliation status=failed: eventId=re_fake_ff5a48ef-091d-4216-b5e6-862bc704a0b6 traceId=b0a1541c-b756-4a4f-a70f-879edc4b4972
2026-10-09T16:12:35.760+02:00 WARN  [main] c.a.c.p.application.PaymentRetryPolicy traceId=3857f2b9-ab56-463e-9d6f-81ccf0e4bf75 clubId= accountId= : Refund compensation needs an admin: paymentId=6a9a571b-885f-4fe7-8886-877e9fe17691 traceId=3857f2b9-[redacted]
2026-10-09T16:12:36.200+02:00 WARN  [main] c.a.c.p.application.CheckoutService traceId=68984cec-cdad-4a00-9b7d-2b66780dcc26 clubId=- accountId=- : Late provider completion to refund: the checkout expired checkoutSessionId=e0b3cc4d-a32c-4f41-85bb-69cd64038c9e bookingId=inv-booking providerPaymentId=pi_invariants clubId=bill-a
E8-T12 expired checkout generator: 24 seeds x 24 steps; [failed with intervention, succeeded]
2026-10-09T16:12:37.068+02:00 WARN  [main] c.a.c.p.application.PaymentRetryPolicy traceId=84a5e8ce-f916-4dea-9e9e-222695549b2d clubId= accountId= : Refund compensation needs an admin: paymentId=inv-payment traceId=84a5e8ce-f916-4dea-9e9e-222695549b2d
2026-10-09T16:12:38.093+02:00 WARN  [main] c.a.c.p.application.PaymentRetryPolicy traceId=e97570c7-7a25-4437-9acc-deb383b27495 clubId=- accountId=- : Refund reconciliation status=failed: eventId=re_e8t12_pending traceId=e97570c7-7a25-4437-9acc-deb383b27495
2026-10-09T16:12:38.110+02:00 WARN  [main] c.a.c.p.application.PaymentRetryPolicy traceId=e97570c7-7a25-4437-9acc-deb383b27495 clubId=- accountId=- : Refund compensation needs an admin: paymentId=inv-payment traceId=e97570c7-7a25-4437-9acc-deb383b27495
2026-10-09T16:12:38.597+02:00 WARN  [main] c.a.c.p.application.PaymentRetryPolicy traceId=d4c8402d-5cdf-4543-b7b5-c8fe7e90f5db clubId=- accountId=- : Refund reconciliation status=canceled: eventId=re_e8t12_pending traceId=d4c8402d-5cdf-4543-b7b5-c8fe7e90f5db
2026-10-09T16:12:38.614+02:00 WARN  [main] c.a.c.p.application.PaymentRetryPolicy traceId=d4c8402d-5cdf-4543-b7b5-c8fe7e90f5db clubId=- accountId=- : Refund compensation needs an admin: paymentId=inv-payment traceId=d4c8402d-5cdf-4543-b7b5-c8fe7e90f5db
2026-10-09T16:12:39.143+02:00 WARN  [main] c.a.c.p.application.PaymentRetryPolicy traceId=ca66af07-8102-442f-a702-759898059f30 clubId=- accountId=- : Refund reconciliation status=failed: eventId=re_e8t12_pending traceId=[redacted]
2026-10-09T16:12:39.638+02:00 WARN  [main] c.a.c.p.application.PaymentRetryPolicy traceId=3eb141aa-e3ff-412c-b188-0290ad879b3a clubId=- accountId=- : Refund reconciliation status=canceled: eventId=re_e8t12_pending traceId=3eb141aa-e3ff-412c-b188-0290ad879b3a
2026-10-09T16:12:40.345+02:00 WARN  [main] c.a.c.p.application.PaymentRetryPolicy traceId=d56a4eac-e500-4700-979c-202744ee8dae clubId=- accountId=- : Refund reconciliation status=failed: eventId=re_fake_46109218-7367-4bf6-b2d2-adee5c35c555 traceId=d56a4eac-e500-4700-979c-202744ee8dae
2026-10-09T16:12:40.945+02:00 WARN  [main] c.a.c.p.application.PaymentRetryPolicy traceId=9c524cd3-b2b9-4a22-b939-45afcd0b999b clubId=- accountId=- : Refund reconciliation status=failed: eventId=re_fake_fd4f5475-bdfe-491b-9a62-5c7525379d3e traceId=9c524cd3-b2b9-4a22-b939-45afcd0b999b
2026-10-09T16:12:40.962+02:00 WARN  [main] c.a.c.p.application.PaymentRetryPolicy traceId=9c524cd3-b2b9-4a22-b939-45afcd0b999b clubId=- accountId=- : Refund compensation needs an admin: paymentId=inv-payment traceId=9c524cd3-b2b9-4a22-b939-45afcd0b999b
[ERROR] Tests run: 41, Failures: 2, Errors: 0, Skipped: 0, Time elapsed: 106.4 s <<< FAILURE! -- in com.agilityhub.core.payments.api.CapturedPaymentInvariantsIT
[ERROR] com.agilityhub.core.payments.api.CapturedPaymentInvariantsIT.T_12_17_e8t12_point2_expiredCheckoutFailureNotifiesTheAdmin(String, boolean, CapturedOutput)[2] -- Time elapsed: 1.198 s <<< FAILURE!
java.lang.AssertionError: 

Expected size: 1 but was: 0 in:
[]
	at com.agilityhub.core.payments.api.CapturedPaymentInvariantsIT.T_12_17_e8t12_point2_expiredCheckoutFailureNotifiesTheAdmin(CapturedPaymentInvariantsIT.java:597)
	at java.base/java.lang.reflect.Method.invoke(Method.java:580)
	at java.base/java.util.Optional.ifPresent(Optional.java:178)
	at java.base/java.util.stream.ForEachOps$ForEachOp$OfRef.accept(ForEachOps.java:184)
	at java.base/java.util.stream.ReferencePipeline$3$1.accept(ReferencePipeline.java:197)
	at java.base/java.util.stream.ForEachOps$ForEachOp$OfRef.accept(ForEachOps.java:184)
	at java.base/java.util.ArrayList$ArrayListSpliterator.forEachRemaining(ArrayList.java:1708)
	at java.base/java.util.stream.ReferencePipeline$Head.forEach(ReferencePipeline.java:762)
	at java.base/java.util.stream.ReferencePipeline$7$1.accept(ReferencePipeline.java:276)
	at java.base/java.util.ArrayList$ArrayListSpliterator.forEachRemaining(ArrayList.java:1708)
	at java.base/java.util.stream.AbstractPipeline.copyInto(AbstractPipeline.java:509)
	at java.base/java.util.stream.AbstractPipeline.wrapAndCopyInto(AbstractPipeline.java:499)
	at java.base/java.util.stream.ForEachOps$ForEachOp.evaluateSequential(ForEachOps.java:151)
	at java.base/java.util.stream.ForEachOps$ForEachOp$OfRef.evaluateSequential(ForEachOps.java:174)
	at java.base/java.util.stream.AbstractPipeline.evaluate(AbstractPipeline.java:234)
	at java.base/java.util.stream.ReferencePipeline.forEach(ReferencePipeline.java:596)
	at java.base/java.util.stream.ReferencePipeline$7$1.accept(ReferencePipeline.java:276)
	at java.base/java.util.stream.ReferencePipeline$3$1.accept(ReferencePipeline.java:197)
	at java.base/java.util.stream.ReferencePipeline$3$1.accept(ReferencePipeline.java:197)
	at java.base/java.util.stream.ReferencePipeline$3$1.accept(ReferencePipeline.java:197)
	at java.base/java.util.ArrayList$ArrayListSpliterator.forEachRemaining(ArrayList.java:1708)
	at java.base/java.util.stream.AbstractPipeline.copyInto(AbstractPipeline.java:509)
	at java.base/java.util.stream.AbstractPipeline.wrapAndCopyInto(AbstractPipeline.java:499)
	at java.base/java.util.stream.ForEachOps$ForEachOp.evaluateSequential(ForEachOps.java:151)
	at java.base/java.util.stream.ForEachOps$ForEachOp$OfRef.evaluateSequential(ForEachOps.java:174)
	at java.base/java.util.stream.AbstractPipeline.evaluate(AbstractPipeline.java:234)
	at java.base/java.util.stream.ReferencePipeline.forEach(ReferencePipeline.java:596)
	at java.base/java.util.ArrayList.forEach(ArrayList.java:1596)
	at java.base/java.util.ArrayList.forEach(ArrayList.java:1596)

[ERROR] com.agilityhub.core.payments.api.CapturedPaymentInvariantsIT.T_12_17_e8t12_point2_expiredCheckoutFailureNotifiesTheAdmin(String, boolean, CapturedOutput)[3] -- Time elapsed: 0.928 s <<< FAILURE!
java.lang.AssertionError: 

Expected size: 1 but was: 0 in:
[]
	at com.agilityhub.core.payments.api.CapturedPaymentInvariantsIT.T_12_17_e8t12_point2_expiredCheckoutFailureNotifiesTheAdmin(CapturedPaymentInvariantsIT.java:597)
	at java.base/java.lang.reflect.Method.invoke(Method.java:580)
	at java.base/java.util.Optional.ifPresent(Optional.java:178)
	at java.base/java.util.stream.ForEachOps$ForEachOp$OfRef.accept(ForEachOps.java:184)
	at java.base/java.util.stream.ReferencePipeline$3$1.accept(ReferencePipeline.java:197)
	at java.base/java.util.stream.ForEachOps$ForEachOp$OfRef.accept(ForEachOps.java:184)
	at java.base/java.util.ArrayList$ArrayListSpliterator.forEachRemaining(ArrayList.java:1708)
	at java.base/java.util.stream.ReferencePipeline$Head.forEach(ReferencePipeline.java:762)
	at java.base/java.util.stream.ReferencePipeline$7$1.accept(ReferencePipeline.java:276)
	at java.base/java.util.ArrayList$ArrayListSpliterator.forEachRemaining(ArrayList.java:1708)
	at java.base/java.util.stream.AbstractPipeline.copyInto(AbstractPipeline.java:509)
	at java.base/java.util.stream.AbstractPipeline.wrapAndCopyInto(AbstractPipeline.java:499)
	at java.base/java.util.stream.ForEachOps$ForEachOp.evaluateSequential(ForEachOps.java:151)
	at java.base/java.util.stream.ForEachOps$ForEachOp$OfRef.evaluateSequential(ForEachOps.java:174)
	at java.base/java.util.stream.AbstractPipeline.evaluate(AbstractPipeline.java:234)
	at java.base/java.util.stream.ReferencePipeline.forEach(ReferencePipeline.java:596)
	at java.base/java.util.stream.ReferencePipeline$7$1.accept(ReferencePipeline.java:276)
	at java.base/java.util.stream.ReferencePipeline$3$1.accept(ReferencePipeline.java:197)
	at java.base/java.util.stream.ReferencePipeline$3$1.accept(ReferencePipeline.java:197)
	at java.base/java.util.stream.ReferencePipeline$3$1.accept(ReferencePipeline.java:197)
	at java.base/java.util.ArrayList$ArrayListSpliterator.forEachRemaining(ArrayList.java:1708)
	at java.base/java.util.stream.AbstractPipeline.copyInto(AbstractPipeline.java:509)
	at java.base/java.util.stream.AbstractPipeline.wrapAndCopyInto(AbstractPipeline.java:499)
	at java.base/java.util.stream.ForEachOps$ForEachOp.evaluateSequential(ForEachOps.java:151)
	at java.base/java.util.stream.ForEachOps$ForEachOp$OfRef.evaluateSequential(ForEachOps.java:174)
	at java.base/java.util.stream.AbstractPipeline.evaluate(AbstractPipeline.java:234)
	at java.base/java.util.stream.ReferencePipeline.forEach(ReferencePipeline.java:596)
	at java.base/java.util.ArrayList.forEach(ArrayList.java:1596)
	at java.base/java.util.ArrayList.forEach(ArrayList.java:1596)

[ERROR] Failures: 
[ERROR]   CapturedPaymentInvariantsIT.T_12_17_e8t12_point2_expiredCheckoutFailureNotifiesTheAdmin:597 
Expected size: 1 but was: 0 in:
[]
[ERROR]   CapturedPaymentInvariantsIT.T_12_17_e8t12_point2_expiredCheckoutFailureNotifiesTheAdmin:597 
Expected size: 1 but was: 0 in:
[]
[ERROR] Tests run: 41, Failures: 2, Errors: 0, Skipped: 0
[ERROR] Failed to execute goal org.apache.maven.plugins:maven-failsafe-plugin:3.5.6:verify (default-cli) on project agilityhub-core-api: There are test failures.
[ERROR] 
[ERROR] See /Users/jordib/dev/agilityhub/agilityhub-core-api/target/failsafe-reports for the individual test results.
[ERROR] See dump files (if any exist) [date].dump, [date]-jvmRun[N].dump and [date].dumpstream.
[ERROR] -> [Help 1]
[ERROR] 
[ERROR] To see the full stack trace of the errors, re-run Maven with the -e switch.
[ERROR] Re-run Maven using the -X switch to enable full debug logging.
[ERROR] 
[ERROR] For more information about the errors and possible solutions, please read the following articles:
[ERROR] [Help 1] http://cwiki.apache.org/confluence/display/MAVEN/MojoFailureException
