[INFO] Scanning for projects...
[INFO] 
[INFO] -----------------< com.agilityhub:agilityhub-core-api >-----------------
[INFO] Building AgilityHub Core API 0.1.0-SNAPSHOT
[INFO]   from pom.xml
[INFO] --------------------------------[ jar ]---------------------------------
[INFO] 
[INFO] --- enforcer:3.6.2:enforce (require-java-21) @ agilityhub-core-api ---
[INFO] Rule 0: org.apache.maven.enforcer.rules.version.RequireJavaVersion passed
[INFO] Rule 1: org.apache.maven.enforcer.rules.version.RequireMavenVersion passed
[INFO] 
[INFO] --- jacoco:0.8.14:prepare-agent (default) @ agilityhub-core-api ---
[INFO] Skipping JaCoCo execution because property jacoco.skip is set.
[INFO] argLine set to empty
[INFO] 
[INFO] --- spring-boot:3.5.16:build-info (default) @ agilityhub-core-api ---
[INFO] 
[INFO] --- resources:3.3.1:resources (default-resources) @ agilityhub-core-api ---
[INFO] Copying 10 resources from src/main/resources to target/classes
[INFO] Copying 1 resource from seeds to target/classes/seeds
[INFO] 
[INFO] --- compiler:3.14.1:compile (default-compile) @ agilityhub-core-api ---
[INFO] Recompiling the module because of changed source code.
[INFO] Compiling 1002 source files with javac [debug parameters release 21] to target/classes
[WARNING] /Users/jordib/dev/agilityhub/agilityhub-core-api/src/main/java/com/agilityhub/core/clubs/scheduling/persistence/RingBlockRepository.java:[15,40] ensureIndex(org.springframework.data.mongodb.core.index.IndexDefinition) in org.springframework.data.mongodb.core.index.IndexOperations has been deprecated and marked for removal
[WARNING] /Users/jordib/dev/agilityhub/agilityhub-core-api/src/main/java/com/agilityhub/core/clubs/scheduling/persistence/RingBlockRepository.java:[16,40] ensureIndex(org.springframework.data.mongodb.core.index.IndexDefinition) in org.springframework.data.mongodb.core.index.IndexOperations has been deprecated and marked for removal
[WARNING] /Users/jordib/dev/agilityhub/agilityhub-core-api/src/main/java/com/agilityhub/core/clubs/scheduling/persistence/ClassSessionRepository.java:[15,43] ensureIndex(org.springframework.data.mongodb.core.index.IndexDefinition) in org.springframework.data.mongodb.core.index.IndexOperations has been deprecated and marked for removal
[WARNING] /Users/jordib/dev/agilityhub/agilityhub-core-api/src/main/java/com/agilityhub/core/clubs/scheduling/persistence/ClassSessionRepository.java:[16,43] ensureIndex(org.springframework.data.mongodb.core.index.IndexDefinition) in org.springframework.data.mongodb.core.index.IndexOperations has been deprecated and marked for removal
[WARNING] /Users/jordib/dev/agilityhub/agilityhub-core-api/src/main/java/com/agilityhub/core/clubs/scheduling/persistence/ClassSessionRepository.java:[17,43] ensureIndex(org.springframework.data.mongodb.core.index.IndexDefinition) in org.springframework.data.mongodb.core.index.IndexOperations has been deprecated and marked for removal
[WARNING] /Users/jordib/dev/agilityhub/agilityhub-core-api/src/main/java/com/agilityhub/core/clubs/scheduling/persistence/ClassSessionRepository.java:[18,43] ensureIndex(org.springframework.data.mongodb.core.index.IndexDefinition) in org.springframework.data.mongodb.core.index.IndexOperations has been deprecated and marked for removal
[WARNING] /Users/jordib/dev/agilityhub/agilityhub-core-api/src/main/java/com/agilityhub/core/clubs/scheduling/persistence/ClassSessionRepository.java:[19,43] ensureIndex(org.springframework.data.mongodb.core.index.IndexDefinition) in org.springframework.data.mongodb.core.index.IndexOperations has been deprecated and marked for removal
[WARNING] /Users/jordib/dev/agilityhub/agilityhub-core-api/src/main/java/com/agilityhub/core/clubs/census/persistence/CensusRepository.java:[31,16] ensureIndex(org.springframework.data.mongodb.core.index.IndexDefinition) in org.springframework.data.mongodb.core.index.IndexOperations has been deprecated and marked for removal
[WARNING] /Users/jordib/dev/agilityhub/agilityhub-core-api/src/main/java/com/agilityhub/core/clubs/census/persistence/CensusRepository.java:[49,29] ensureIndex(org.springframework.data.mongodb.core.index.IndexDefinition) in org.springframework.data.mongodb.core.index.IndexOperations has been deprecated and marked for removal
[WARNING] /Users/jordib/dev/agilityhub/agilityhub-core-api/src/main/java/com/agilityhub/core/clubs/census/persistence/CensusRepository.java:[52,66] ensureIndex(org.springframework.data.mongodb.core.index.IndexDefinition) in org.springframework.data.mongodb.core.index.IndexOperations has been deprecated and marked for removal
[WARNING] /Users/jordib/dev/agilityhub/agilityhub-core-api/src/main/java/com/agilityhub/core/clubs/census/persistence/CensusRepository.java:[145,29] ensureIndex(org.springframework.data.mongodb.core.index.IndexDefinition) in org.springframework.data.mongodb.core.index.IndexOperations has been deprecated and marked for removal
[WARNING] /Users/jordib/dev/agilityhub/agilityhub-core-api/src/main/java/com/agilityhub/core/platform/persistence/ClubRepository.java:[43,35] ensureIndex(org.springframework.data.mongodb.core.index.IndexDefinition) in org.springframework.data.mongodb.core.index.IndexOperations has been deprecated and marked for removal
[WARNING] /Users/jordib/dev/agilityhub/agilityhub-core-api/src/main/java/com/agilityhub/core/platform/persistence/ClubRepository.java:[44,35] ensureIndex(org.springframework.data.mongodb.core.index.IndexDefinition) in org.springframework.data.mongodb.core.index.IndexOperations has been deprecated and marked for removal
[WARNING] /Users/jordib/dev/agilityhub/agilityhub-core-api/src/main/java/com/agilityhub/core/platform/persistence/ParameterRepository.java:[39,40] ensureIndex(org.springframework.data.mongodb.core.index.IndexDefinition) in org.springframework.data.mongodb.core.index.IndexOperations has been deprecated and marked for removal
[WARNING] /Users/jordib/dev/agilityhub/agilityhub-core-api/src/main/java/com/agilityhub/core/clubs/scheduling/persistence/WeekRepository.java:[15,35] ensureIndex(org.springframework.data.mongodb.core.index.IndexDefinition) in org.springframework.data.mongodb.core.index.IndexOperations has been deprecated and marked for removal
[WARNING] /Users/jordib/dev/agilityhub/agilityhub-core-api/src/main/java/com/agilityhub/core/clubs/catalogs/persistence/CatalogRepository.java:[15,46] ensureIndex(org.springframework.data.mongodb.core.index.IndexDefinition) in org.springframework.data.mongodb.core.index.IndexOperations has been deprecated and marked for removal
[WARNING] /Users/jordib/dev/agilityhub/agilityhub-core-api/src/main/java/com/agilityhub/core/clubs/catalogs/persistence/InstructorRepository.java:[15,41] ensureIndex(org.springframework.data.mongodb.core.index.IndexDefinition) in org.springframework.data.mongodb.core.index.IndexOperations has been deprecated and marked for removal
[WARNING] /Users/jordib/dev/agilityhub/agilityhub-core-api/src/main/java/com/agilityhub/core/clubs/catalogs/persistence/InstructorRepository.java:[16,43] ensureIndex(org.springframework.data.mongodb.core.index.IndexDefinition) in org.springframework.data.mongodb.core.index.IndexOperations has been deprecated and marked for removal
[WARNING] /Users/jordib/dev/agilityhub/agilityhub-core-api/src/main/java/com/agilityhub/core/clubs/common/persistence/ListExportRepository.java:[16,40] ensureIndex(org.springframework.data.mongodb.core.index.IndexDefinition) in org.springframework.data.mongodb.core.index.IndexOperations has been deprecated and marked for removal
[WARNING] /Users/jordib/dev/agilityhub/agilityhub-core-api/src/main/java/com/agilityhub/core/clubs/common/persistence/ListExportRepository.java:[17,40] ensureIndex(org.springframework.data.mongodb.core.index.IndexDefinition) in org.springframework.data.mongodb.core.index.IndexOperations has been deprecated and marked for removal
[WARNING] /Users/jordib/dev/agilityhub/agilityhub-core-api/src/main/java/com/agilityhub/core/clubs/common/persistence/ListExportRepository.java:[19,40] ensureIndex(org.springframework.data.mongodb.core.index.IndexDefinition) in org.springframework.data.mongodb.core.index.IndexOperations has been deprecated and marked for removal
[WARNING] /Users/jordib/dev/agilityhub/agilityhub-core-api/src/main/java/com/agilityhub/core/clubs/common/persistence/ListExportRepository.java:[20,45] ensureIndex(org.springframework.data.mongodb.core.index.IndexDefinition) in org.springframework.data.mongodb.core.index.IndexOperations has been deprecated and marked for removal
[WARNING] /Users/jordib/dev/agilityhub/agilityhub-core-api/src/main/java/com/agilityhub/core/clubs/common/persistence/ExportWorkRepository.java:[16,47] ensureIndex(org.springframework.data.mongodb.core.index.IndexDefinition) in org.springframework.data.mongodb.core.index.IndexOperations has been deprecated and marked for removal
[WARNING] /Users/jordib/dev/agilityhub/agilityhub-core-api/src/main/java/com/agilityhub/core/clubs/common/persistence/ExportWorkRepository.java:[17,38] ensureIndex(org.springframework.data.mongodb.core.index.IndexDefinition) in org.springframework.data.mongodb.core.index.IndexOperations has been deprecated and marked for removal
[WARNING] /Users/jordib/dev/agilityhub/agilityhub-core-api/src/main/java/com/agilityhub/core/clubs/activities/persistence/ActivityRepository.java:[40,39] ensureIndex(org.springframework.data.mongodb.core.index.IndexDefinition) in org.springframework.data.mongodb.core.index.IndexOperations has been deprecated and marked for removal
[WARNING] /Users/jordib/dev/agilityhub/agilityhub-core-api/src/main/java/com/agilityhub/core/clubs/activities/persistence/ActivityRepository.java:[41,39] ensureIndex(org.springframework.data.mongodb.core.index.IndexDefinition) in org.springframework.data.mongodb.core.index.IndexOperations has been deprecated and marked for removal
[WARNING] /Users/jordib/dev/agilityhub/agilityhub-core-api/src/main/java/com/agilityhub/core/clubs/activities/persistence/ActivityRepository.java:[42,39] ensureIndex(org.springframework.data.mongodb.core.index.IndexDefinition) in org.springframework.data.mongodb.core.index.IndexOperations has been deprecated and marked for removal
[WARNING] /Users/jordib/dev/agilityhub/agilityhub-core-api/src/main/java/com/agilityhub/core/clubs/activities/persistence/ActivityRegistrationRepository.java:[35,51] ensureIndex(org.springframework.data.mongodb.core.index.IndexDefinition) in org.springframework.data.mongodb.core.index.IndexOperations has been deprecated and marked for removal
[WARNING] /Users/jordib/dev/agilityhub/agilityhub-core-api/src/main/java/com/agilityhub/core/clubs/activities/persistence/ActivityRegistrationRepository.java:[36,51] ensureIndex(org.springframework.data.mongodb.core.index.IndexDefinition) in org.springframework.data.mongodb.core.index.IndexOperations has been deprecated and marked for removal
[WARNING] /Users/jordib/dev/agilityhub/agilityhub-core-api/src/main/java/com/agilityhub/core/clubs/activities/persistence/ActivityRegistrationRepository.java:[37,51] ensureIndex(org.springframework.data.mongodb.core.index.IndexDefinition) in org.springframework.data.mongodb.core.index.IndexOperations has been deprecated and marked for removal
[WARNING] /Users/jordib/dev/agilityhub/agilityhub-core-api/src/main/java/com/agilityhub/core/clubs/followup/persistence/AttachmentRepository.java:[34,41] ensureIndex(org.springframework.data.mongodb.core.index.IndexDefinition) in org.springframework.data.mongodb.core.index.IndexOperations has been deprecated and marked for removal
[WARNING] /Users/jordib/dev/agilityhub/agilityhub-core-api/src/main/java/com/agilityhub/core/clubs/followup/persistence/AttachmentRepository.java:[37,41] ensureIndex(org.springframework.data.mongodb.core.index.IndexDefinition) in org.springframework.data.mongodb.core.index.IndexOperations has been deprecated and marked for removal
[WARNING] /Users/jordib/dev/agilityhub/agilityhub-core-api/src/main/java/com/agilityhub/core/clubs/followup/persistence/TaskRepository.java:[27,35] ensureIndex(org.springframework.data.mongodb.core.index.IndexDefinition) in org.springframework.data.mongodb.core.index.IndexOperations has been deprecated and marked for removal
[WARNING] /Users/jordib/dev/agilityhub/agilityhub-core-api/src/main/java/com/agilityhub/core/clubs/bookings/persistence/BookingRepository.java:[24,16] ensureIndex(org.springframework.data.mongodb.core.index.IndexDefinition) in org.springframework.data.mongodb.core.index.IndexOperations has been deprecated and marked for removal
[WARNING] /Users/jordib/dev/agilityhub/agilityhub-core-api/src/main/java/com/agilityhub/core/clubs/bookings/persistence/BookingRepository.java:[25,16] ensureIndex(org.springframework.data.mongodb.core.index.IndexDefinition) in org.springframework.data.mongodb.core.index.IndexOperations has been deprecated and marked for removal
[WARNING] /Users/jordib/dev/agilityhub/agilityhub-core-api/src/main/java/com/agilityhub/core/clubs/bookings/persistence/BookingRepository.java:[26,16] ensureIndex(org.springframework.data.mongodb.core.index.IndexDefinition) in org.springframework.data.mongodb.core.index.IndexOperations has been deprecated and marked for removal
[WARNING] /Users/jordib/dev/agilityhub/agilityhub-core-api/src/main/java/com/agilityhub/core/clubs/bookings/persistence/BookingRepository.java:[28,16] ensureIndex(org.springframework.data.mongodb.core.index.IndexDefinition) in org.springframework.data.mongodb.core.index.IndexOperations has been deprecated and marked for removal
[WARNING] /Users/jordib/dev/agilityhub/agilityhub-core-api/src/main/java/com/agilityhub/core/clubs/bookings/persistence/WaitlistEntryRepository.java:[20,16] ensureIndex(org.springframework.data.mongodb.core.index.IndexDefinition) in org.springframework.data.mongodb.core.index.IndexOperations has been deprecated and marked for removal
[WARNING] /Users/jordib/dev/agilityhub/agilityhub-core-api/src/main/java/com/agilityhub/core/clubs/bookings/persistence/WaitlistEntryRepository.java:[21,16] ensureIndex(org.springframework.data.mongodb.core.index.IndexDefinition) in org.springframework.data.mongodb.core.index.IndexOperations has been deprecated and marked for removal
[WARNING] /Users/jordib/dev/agilityhub/agilityhub-core-api/src/main/java/com/agilityhub/core/clubs/bookings/persistence/WaitlistEntryRepository.java:[23,16] ensureIndex(org.springframework.data.mongodb.core.index.IndexDefinition) in org.springframework.data.mongodb.core.index.IndexOperations has been deprecated and marked for removal
[WARNING] /Users/jordib/dev/agilityhub/agilityhub-core-api/src/main/java/com/agilityhub/core/identity/persistence/AccountRepository.java:[107,38] ensureIndex(org.springframework.data.mongodb.core.index.IndexDefinition) in org.springframework.data.mongodb.core.index.IndexOperations has been deprecated and marked for removal
[WARNING] /Users/jordib/dev/agilityhub/agilityhub-core-api/src/main/java/com/agilityhub/core/identity/persistence/AccountRepository.java:[108,38] ensureIndex(org.springframework.data.mongodb.core.index.IndexDefinition) in org.springframework.data.mongodb.core.index.IndexOperations has been deprecated and marked for removal
[WARNING] /Users/jordib/dev/agilityhub/agilityhub-core-api/src/main/java/com/agilityhub/core/identity/persistence/MembershipRepository.java:[41,41] ensureIndex(org.springframework.data.mongodb.core.index.IndexDefinition) in org.springframework.data.mongodb.core.index.IndexOperations has been deprecated and marked for removal
[WARNING] /Users/jordib/dev/agilityhub/agilityhub-core-api/src/main/java/com/agilityhub/core/identity/persistence/MagicLinkTokenRepository.java:[41,45] ensureIndex(org.springframework.data.mongodb.core.index.IndexDefinition) in org.springframework.data.mongodb.core.index.IndexOperations has been deprecated and marked for removal
[WARNING] /Users/jordib/dev/agilityhub/agilityhub-core-api/src/main/java/com/agilityhub/core/identity/persistence/MagicLinkTokenRepository.java:[42,45] ensureIndex(org.springframework.data.mongodb.core.index.IndexDefinition) in org.springframework.data.mongodb.core.index.IndexOperations has been deprecated and marked for removal
[WARNING] /Users/jordib/dev/agilityhub/agilityhub-core-api/src/main/java/com/agilityhub/core/identity/persistence/MagicLinkTokenRepository.java:[43,45] ensureIndex(org.springframework.data.mongodb.core.index.IndexDefinition) in org.springframework.data.mongodb.core.index.IndexOperations has been deprecated and marked for removal
[WARNING] /Users/jordib/dev/agilityhub/agilityhub-core-api/src/main/java/com/agilityhub/core/clubs/messaging/persistence/NotificationRepository.java:[39,16] ensureIndex(org.springframework.data.mongodb.core.index.IndexDefinition) in org.springframework.data.mongodb.core.index.IndexOperations has been deprecated and marked for removal
[WARNING] /Users/jordib/dev/agilityhub/agilityhub-core-api/src/main/java/com/agilityhub/core/clubs/messaging/persistence/NotificationRepository.java:[41,16] ensureIndex(org.springframework.data.mongodb.core.index.IndexDefinition) in org.springframework.data.mongodb.core.index.IndexOperations has been deprecated and marked for removal
[WARNING] /Users/jordib/dev/agilityhub/agilityhub-core-api/src/main/java/com/agilityhub/core/clubs/messaging/persistence/NotificationRepository.java:[42,16] ensureIndex(org.springframework.data.mongodb.core.index.IndexDefinition) in org.springframework.data.mongodb.core.index.IndexOperations has been deprecated and marked for removal
[WARNING] /Users/jordib/dev/agilityhub/agilityhub-core-api/src/main/java/com/agilityhub/core/clubs/messaging/persistence/NotificationRepository.java:[43,16] ensureIndex(org.springframework.data.mongodb.core.index.IndexDefinition) in org.springframework.data.mongodb.core.index.IndexOperations has been deprecated and marked for removal
[WARNING] /Users/jordib/dev/agilityhub/agilityhub-core-api/src/main/java/com/agilityhub/core/clubs/messaging/persistence/NotificationRepository.java:[44,16] ensureIndex(org.springframework.data.mongodb.core.index.IndexDefinition) in org.springframework.data.mongodb.core.index.IndexOperations has been deprecated and marked for removal
[WARNING] /Users/jordib/dev/agilityhub/agilityhub-core-api/src/main/java/com/agilityhub/core/clubs/bookings/persistence/SeatHoldRepository.java:[21,16] ensureIndex(org.springframework.data.mongodb.core.index.IndexDefinition) in org.springframework.data.mongodb.core.index.IndexOperations has been deprecated and marked for removal
[WARNING] /Users/jordib/dev/agilityhub/agilityhub-core-api/src/main/java/com/agilityhub/core/clubs/bookings/persistence/SeatHoldRepository.java:[22,16] ensureIndex(org.springframework.data.mongodb.core.index.IndexDefinition) in org.springframework.data.mongodb.core.index.IndexOperations has been deprecated and marked for removal
[WARNING] /Users/jordib/dev/agilityhub/agilityhub-core-api/src/main/java/com/agilityhub/core/clubs/bookings/persistence/AttendanceRepository.java:[31,16] ensureIndex(org.springframework.data.mongodb.core.index.IndexDefinition) in org.springframework.data.mongodb.core.index.IndexOperations has been deprecated and marked for removal
[WARNING] /Users/jordib/dev/agilityhub/agilityhub-core-api/src/main/java/com/agilityhub/core/clubs/bookings/persistence/AttendanceRepository.java:[32,16] ensureIndex(org.springframework.data.mongodb.core.index.IndexDefinition) in org.springframework.data.mongodb.core.index.IndexOperations has been deprecated and marked for removal
[WARNING] /Users/jordib/dev/agilityhub/agilityhub-core-api/src/main/java/com/agilityhub/core/clubs/bookings/persistence/AttendanceRepository.java:[33,16] ensureIndex(org.springframework.data.mongodb.core.index.IndexDefinition) in org.springframework.data.mongodb.core.index.IndexOperations has been deprecated and marked for removal
[WARNING] /Users/jordib/dev/agilityhub/agilityhub-core-api/src/main/java/com/agilityhub/core/clubs/bookings/persistence/AttendanceRepository.java:[35,16] ensureIndex(org.springframework.data.mongodb.core.index.IndexDefinition) in org.springframework.data.mongodb.core.index.IndexOperations has been deprecated and marked for removal
[WARNING] /Users/jordib/dev/agilityhub/agilityhub-core-api/src/main/java/com/agilityhub/core/platform/persistence/audit/AuditRepository.java:[56,16] ensureIndex(org.springframework.data.mongodb.core.index.IndexDefinition) in org.springframework.data.mongodb.core.index.IndexOperations has been deprecated and marked for removal
[WARNING] /Users/jordib/dev/agilityhub/agilityhub-core-api/src/main/java/com/agilityhub/core/platform/persistence/audit/AuditRepository.java:[57,16] ensureIndex(org.springframework.data.mongodb.core.index.IndexDefinition) in org.springframework.data.mongodb.core.index.IndexOperations has been deprecated and marked for removal
[WARNING] /Users/jordib/dev/agilityhub/agilityhub-core-api/src/main/java/com/agilityhub/core/platform/persistence/audit/AuditRepository.java:[59,16] ensureIndex(org.springframework.data.mongodb.core.index.IndexDefinition) in org.springframework.data.mongodb.core.index.IndexOperations has been deprecated and marked for removal
[WARNING] /Users/jordib/dev/agilityhub/agilityhub-core-api/src/main/java/com/agilityhub/core/platform/persistence/audit/AuditRepository.java:[61,16] ensureIndex(org.springframework.data.mongodb.core.index.IndexDefinition) in org.springframework.data.mongodb.core.index.IndexOperations has been deprecated and marked for removal
[WARNING] /Users/jordib/dev/agilityhub/agilityhub-core-api/src/main/java/com/agilityhub/core/clubs/catalogs/persistence/PlanRepository.java:[13,35] ensureIndex(org.springframework.data.mongodb.core.index.IndexDefinition) in org.springframework.data.mongodb.core.index.IndexOperations has been deprecated and marked for removal
[WARNING] /Users/jordib/dev/agilityhub/agilityhub-core-api/src/main/java/com/agilityhub/core/clubs/catalogs/persistence/PriceRepository.java:[18,36] ensureIndex(org.springframework.data.mongodb.core.index.IndexDefinition) in org.springframework.data.mongodb.core.index.IndexOperations has been deprecated and marked for removal
[WARNING] /Users/jordib/dev/agilityhub/agilityhub-core-api/src/main/java/com/agilityhub/core/clubs/census/persistence/SignupNotificationAdmissionRepository.java:[21,58] ensureIndex(org.springframework.data.mongodb.core.index.IndexDefinition) in org.springframework.data.mongodb.core.index.IndexOperations has been deprecated and marked for removal
[WARNING] /Users/jordib/dev/agilityhub/agilityhub-core-api/src/main/java/com/agilityhub/core/platform/persistence/jobs/JobRunRepository.java:[23,16] ensureIndex(org.springframework.data.mongodb.core.index.IndexDefinition) in org.springframework.data.mongodb.core.index.IndexOperations has been deprecated and marked for removal
[WARNING] /Users/jordib/dev/agilityhub/agilityhub-core-api/src/main/java/com/agilityhub/core/platform/persistence/jobs/JobRunRepository.java:[25,16] ensureIndex(org.springframework.data.mongodb.core.index.IndexDefinition) in org.springframework.data.mongodb.core.index.IndexOperations has been deprecated and marked for removal
[WARNING] /Users/jordib/dev/agilityhub/agilityhub-core-api/src/main/java/com/agilityhub/core/platform/persistence/jobs/JobRunRepository.java:[26,16] ensureIndex(org.springframework.data.mongodb.core.index.IndexDefinition) in org.springframework.data.mongodb.core.index.IndexOperations has been deprecated and marked for removal
[WARNING] /Users/jordib/dev/agilityhub/agilityhub-core-api/src/main/java/com/agilityhub/core/platform/persistence/jobs/JobLockRepository.java:[22,38] ensureIndex(org.springframework.data.mongodb.core.index.IndexDefinition) in org.springframework.data.mongodb.core.index.IndexOperations has been deprecated and marked for removal
[WARNING] /Users/jordib/dev/agilityhub/agilityhub-core-api/src/main/java/com/agilityhub/core/clubs/common/persistence/SavedViewRepository.java:[14,40] ensureIndex(org.springframework.data.mongodb.core.index.IndexDefinition) in org.springframework.data.mongodb.core.index.IndexOperations has been deprecated and marked for removal
[WARNING] /Users/jordib/dev/agilityhub/agilityhub-core-api/src/main/java/com/agilityhub/core/clubs/messaging/persistence/PushSubscriptionRepository.java:[18,16] ensureIndex(org.springframework.data.mongodb.core.index.IndexDefinition) in org.springframework.data.mongodb.core.index.IndexOperations has been deprecated and marked for removal
[WARNING] /Users/jordib/dev/agilityhub/agilityhub-core-api/src/main/java/com/agilityhub/core/clubs/messaging/persistence/PushSubscriptionRepository.java:[19,16] ensureIndex(org.springframework.data.mongodb.core.index.IndexDefinition) in org.springframework.data.mongodb.core.index.IndexOperations has been deprecated and marked for removal
[WARNING] /Users/jordib/dev/agilityhub/agilityhub-core-api/src/main/java/com/agilityhub/core/clubs/messaging/persistence/MessageTemplateRepository.java:[19,16] ensureIndex(org.springframework.data.mongodb.core.index.IndexDefinition) in org.springframework.data.mongodb.core.index.IndexOperations has been deprecated and marked for removal
[WARNING] /Users/jordib/dev/agilityhub/agilityhub-core-api/src/main/java/com/agilityhub/core/clubs/messaging/persistence/MessageTemplateRepository.java:[21,16] ensureIndex(org.springframework.data.mongodb.core.index.IndexDefinition) in org.springframework.data.mongodb.core.index.IndexOperations has been deprecated and marked for removal
[WARNING] /Users/jordib/dev/agilityhub/agilityhub-core-api/src/main/java/com/agilityhub/core/clubs/content/persistence/ClubPageRepository.java:[16,39] ensureIndex(org.springframework.data.mongodb.core.index.IndexDefinition) in org.springframework.data.mongodb.core.index.IndexOperations has been deprecated and marked for removal
[WARNING] /Users/jordib/dev/agilityhub/agilityhub-core-api/src/main/java/com/agilityhub/core/clubs/followup/persistence/FollowupItemRepository.java:[26,16] ensureIndex(org.springframework.data.mongodb.core.index.IndexDefinition) in org.springframework.data.mongodb.core.index.IndexOperations has been deprecated and marked for removal
[WARNING] /Users/jordib/dev/agilityhub/agilityhub-core-api/src/main/java/com/agilityhub/core/clubs/followup/persistence/FollowupItemRepository.java:[27,16] ensureIndex(org.springframework.data.mongodb.core.index.IndexDefinition) in org.springframework.data.mongodb.core.index.IndexOperations has been deprecated and marked for removal
[WARNING] /Users/jordib/dev/agilityhub/agilityhub-core-api/src/main/java/com/agilityhub/core/clubs/followup/persistence/FollowupReadMarkRepository.java:[25,47] ensureIndex(org.springframework.data.mongodb.core.index.IndexDefinition) in org.springframework.data.mongodb.core.index.IndexOperations has been deprecated and marked for removal
[WARNING] /Users/jordib/dev/agilityhub/agilityhub-core-api/src/main/java/com/agilityhub/core/clubs/scheduling/persistence/WeekTemplateRepository.java:[15,43] ensureIndex(org.springframework.data.mongodb.core.index.IndexDefinition) in org.springframework.data.mongodb.core.index.IndexOperations has been deprecated and marked for removal
[WARNING] /Users/jordib/dev/agilityhub/agilityhub-core-api/src/main/java/com/agilityhub/core/clubs/scheduling/persistence/SchedulingPersistence.java:[33,26] ensureIndex(org.springframework.data.mongodb.core.index.IndexDefinition) in org.springframework.data.mongodb.core.index.IndexOperations has been deprecated and marked for removal
[WARNING] /Users/jordib/dev/agilityhub/agilityhub-core-api/src/main/java/com/agilityhub/core/clubs/training/persistence/TrainingBookingRepository.java:[25,16] ensureIndex(org.springframework.data.mongodb.core.index.IndexDefinition) in org.springframework.data.mongodb.core.index.IndexOperations has been deprecated and marked for removal
[WARNING] /Users/jordib/dev/agilityhub/agilityhub-core-api/src/main/java/com/agilityhub/core/clubs/training/persistence/TrainingBookingRepository.java:[27,16] ensureIndex(org.springframework.data.mongodb.core.index.IndexDefinition) in org.springframework.data.mongodb.core.index.IndexOperations has been deprecated and marked for removal
[WARNING] /Users/jordib/dev/agilityhub/agilityhub-core-api/src/main/java/com/agilityhub/core/clubs/training/persistence/TrainingBookingRepository.java:[28,16] ensureIndex(org.springframework.data.mongodb.core.index.IndexDefinition) in org.springframework.data.mongodb.core.index.IndexOperations has been deprecated and marked for removal
[WARNING] /Users/jordib/dev/agilityhub/agilityhub-core-api/src/main/java/com/agilityhub/core/clubs/training/persistence/TrainingBookingRepository.java:[29,16] ensureIndex(org.springframework.data.mongodb.core.index.IndexDefinition) in org.springframework.data.mongodb.core.index.IndexOperations has been deprecated and marked for removal
[WARNING] /Users/jordib/dev/agilityhub/agilityhub-core-api/src/main/java/com/agilityhub/core/clubs/training/persistence/TrainingBookingRepository.java:[30,16] ensureIndex(org.springframework.data.mongodb.core.index.IndexDefinition) in org.springframework.data.mongodb.core.index.IndexOperations has been deprecated and marked for removal
[WARNING] /Users/jordib/dev/agilityhub/agilityhub-core-api/src/main/java/com/agilityhub/core/configuration/CatalogConfiguration.java:[16,36] ensureIndex(org.springframework.data.mongodb.core.index.IndexDefinition) in org.springframework.data.mongodb.core.index.IndexOperations has been deprecated and marked for removal
[WARNING] /Users/jordib/dev/agilityhub/agilityhub-core-api/src/main/java/com/agilityhub/core/configuration/CatalogConfiguration.java:[18,36] ensureIndex(org.springframework.data.mongodb.core.index.IndexDefinition) in org.springframework.data.mongodb.core.index.IndexOperations has been deprecated and marked for removal
[WARNING] /Users/jordib/dev/agilityhub/agilityhub-core-api/src/main/java/com/agilityhub/core/configuration/CatalogConfiguration.java:[24,39] ensureIndex(org.springframework.data.mongodb.core.index.IndexDefinition) in org.springframework.data.mongodb.core.index.IndexOperations has been deprecated and marked for removal
[WARNING] /Users/jordib/dev/agilityhub/agilityhub-core-api/src/main/java/com/agilityhub/core/configuration/CatalogConfiguration.java:[30,39] ensureIndex(org.springframework.data.mongodb.core.index.IndexDefinition) in org.springframework.data.mongodb.core.index.IndexOperations has been deprecated and marked for removal
[WARNING] /Users/jordib/dev/agilityhub/agilityhub-core-api/src/main/java/com/agilityhub/core/identity/persistence/RefreshTokenRepository.java:[60,43] ensureIndex(org.springframework.data.mongodb.core.index.IndexDefinition) in org.springframework.data.mongodb.core.index.IndexOperations has been deprecated and marked for removal
[WARNING] /Users/jordib/dev/agilityhub/agilityhub-core-api/src/main/java/com/agilityhub/core/identity/persistence/RefreshTokenRepository.java:[61,43] ensureIndex(org.springframework.data.mongodb.core.index.IndexDefinition) in org.springframework.data.mongodb.core.index.IndexOperations has been deprecated and marked for removal
[WARNING] /Users/jordib/dev/agilityhub/agilityhub-core-api/src/main/java/com/agilityhub/core/identity/persistence/RefreshTokenRepository.java:[62,43] ensureIndex(org.springframework.data.mongodb.core.index.IndexDefinition) in org.springframework.data.mongodb.core.index.IndexOperations has been deprecated and marked for removal
[WARNING] /Users/jordib/dev/agilityhub/agilityhub-core-api/src/main/java/com/agilityhub/core/identity/persistence/RefreshTokenRepository.java:[64,43] ensureIndex(org.springframework.data.mongodb.core.index.IndexDefinition) in org.springframework.data.mongodb.core.index.IndexOperations has been deprecated and marked for removal
[WARNING] /Users/jordib/dev/agilityhub/agilityhub-core-api/src/main/java/com/agilityhub/core/identity/persistence/ImpersonationGrantRepository.java:[20,49] ensureIndex(org.springframework.data.mongodb.core.index.IndexDefinition) in org.springframework.data.mongodb.core.index.IndexOperations has been deprecated and marked for removal
[WARNING] /Users/jordib/dev/agilityhub/agilityhub-core-api/src/main/java/com/agilityhub/core/identity/persistence/HandoffCodeRepository.java:[27,42] ensureIndex(org.springframework.data.mongodb.core.index.IndexDefinition) in org.springframework.data.mongodb.core.index.IndexOperations has been deprecated and marked for removal
[WARNING] /Users/jordib/dev/agilityhub/agilityhub-core-api/src/main/java/com/agilityhub/core/identity/persistence/HandoffCodeRepository.java:[28,42] ensureIndex(org.springframework.data.mongodb.core.index.IndexDefinition) in org.springframework.data.mongodb.core.index.IndexOperations has been deprecated and marked for removal
[WARNING] /Users/jordib/dev/agilityhub/agilityhub-core-api/src/main/java/com/agilityhub/core/identity/persistence/OidcStateRepository.java:[17,33] ensureIndex(org.springframework.data.mongodb.core.index.IndexDefinition) in org.springframework.data.mongodb.core.index.IndexOperations has been deprecated and marked for removal
[WARNING] /Users/jordib/dev/agilityhub/agilityhub-core-api/src/main/java/com/agilityhub/core/platform/persistence/SecurityEventRepository.java:[21,20] ensureIndex(org.springframework.data.mongodb.core.index.IndexDefinition) in org.springframework.data.mongodb.core.index.IndexOperations has been deprecated and marked for removal
[WARNING] /Users/jordib/dev/agilityhub/agilityhub-core-api/src/main/java/com/agilityhub/core/shared/persistence/IdempotencyRepository.java:[22,48] ensureIndex(org.springframework.data.mongodb.core.index.IndexDefinition) in org.springframework.data.mongodb.core.index.IndexOperations has been deprecated and marked for removal
[WARNING] /Users/jordib/dev/agilityhub/agilityhub-core-api/src/main/java/com/agilityhub/core/shared/persistence/IdempotencyRepository.java:[24,48] ensureIndex(org.springframework.data.mongodb.core.index.IndexDefinition) in org.springframework.data.mongodb.core.index.IndexOperations has been deprecated and marked for removal
[WARNING] /Users/jordib/dev/agilityhub/agilityhub-core-api/src/main/java/com/agilityhub/core/shared/persistence/OutboxRepository.java:[25,16] ensureIndex(org.springframework.data.mongodb.core.index.IndexDefinition) in org.springframework.data.mongodb.core.index.IndexOperations has been deprecated and marked for removal
[INFO] /Users/jordib/dev/agilityhub/agilityhub-core-api/src/main/java/com/agilityhub/core/clubs/catalogs/application/CatalogSeeds.java: Some input files use or override a deprecated API.
[INFO] /Users/jordib/dev/agilityhub/agilityhub-core-api/src/main/java/com/agilityhub/core/clubs/catalogs/application/CatalogSeeds.java: Recompile with -Xlint:deprecation for details.
[INFO] /Users/jordib/dev/agilityhub/agilityhub-core-api/src/main/java/com/agilityhub/core/shared/persistence/OutboxRepository.java: /Users/jordib/dev/agilityhub/agilityhub-core-api/src/main/java/com/agilityhub/core/shared/persistence/OutboxRepository.java has additional uses or overrides of a deprecated API that is marked for removal.
[INFO] /Users/jordib/dev/agilityhub/agilityhub-core-api/src/main/java/com/agilityhub/core/clubs/scheduling/application/PlanningContext.java: Some input files use unchecked or unsafe operations.
[INFO] /Users/jordib/dev/agilityhub/agilityhub-core-api/src/main/java/com/agilityhub/core/clubs/scheduling/application/PlanningContext.java: Recompile with -Xlint:unchecked for details.
[INFO] 
[INFO] --- resources:3.3.1:testResources (default-testResources) @ agilityhub-core-api ---
[INFO] Copying 45 resources from src/test/resources to target/test-classes
[INFO] 
[INFO] --- compiler:3.14.1:testCompile (default-testCompile) @ agilityhub-core-api ---
[INFO] Recompiling the module because of changed dependency.
[INFO] Compiling 287 source files with javac [debug parameters release 21] to target/test-classes
[WARNING] /Users/jordib/dev/agilityhub/agilityhub-core-api/src/test/java/com/agilityhub/core/clubs/scheduling/persistence/SchedulingPersistenceTest.java:[74,28] ensureIndex(org.springframework.data.mongodb.core.index.IndexDefinition) in org.springframework.data.mongodb.core.index.IndexOperations has been deprecated and marked for removal
[WARNING] /Users/jordib/dev/agilityhub/agilityhub-core-api/src/test/java/com/agilityhub/core/clubs/scheduling/persistence/SchedulingPersistenceTest.java:[81,19] ensureIndex(org.springframework.data.mongodb.core.index.IndexDefinition) in org.springframework.data.mongodb.core.index.IndexOperations has been deprecated and marked for removal
[WARNING] /Users/jordib/dev/agilityhub/agilityhub-core-api/src/test/java/com/agilityhub/core/clubs/scheduling/persistence/SchedulingPersistenceTest.java:[87,25] ensureIndex(org.springframework.data.mongodb.core.index.IndexDefinition) in org.springframework.data.mongodb.core.index.IndexOperations has been deprecated and marked for removal
[WARNING] /Users/jordib/dev/agilityhub/agilityhub-core-api/src/test/java/com/agilityhub/core/clubs/scheduling/persistence/SchedulingPersistenceTest.java:[103,25] ensureIndex(org.springframework.data.mongodb.core.index.IndexDefinition) in org.springframework.data.mongodb.core.index.IndexOperations has been deprecated and marked for removal
[INFO] /Users/jordib/dev/agilityhub/agilityhub-core-api/src/test/java/com/agilityhub/core/clubs/catalogs/api/TeamIT.java: Some input files use or override a deprecated API.
[INFO] /Users/jordib/dev/agilityhub/agilityhub-core-api/src/test/java/com/agilityhub/core/clubs/catalogs/api/TeamIT.java: Recompile with -Xlint:deprecation for details.
[INFO] /Users/jordib/dev/agilityhub/agilityhub-core-api/src/test/java/com/agilityhub/core/clubs/catalogs/api/CatalogsIT.java: Some input files use unchecked or unsafe operations.
[INFO] /Users/jordib/dev/agilityhub/agilityhub-core-api/src/test/java/com/agilityhub/core/clubs/catalogs/api/CatalogsIT.java: Recompile with -Xlint:unchecked for details.
[INFO] 
[INFO] --- surefire:3.5.6:test (default-test) @ agilityhub-core-api ---
[INFO] Using auto detected provider org.apache.maven.surefire.junitplatform.JUnitPlatformProvider
[INFO] 
[INFO] -------------------------------------------------------
[INFO]  T E S T S
[INFO] -------------------------------------------------------
[INFO] Running com.agilityhub.core.clubs.census.domain.CensusRulesTest
[INFO] Tests run: 6, Failures: 0, Errors: 0, Skipped: 0, Time elapsed: 0.097 s -- in com.agilityhub.core.clubs.census.domain.CensusRulesTest
[INFO] Running com.agilityhub.core.platform.application.audit.AuditWriterTest
Mockito is currently self-attaching to enable the inline-mock-maker. This will no longer work in future releases of the JDK. Please add Mockito as an agent to your build as described in Mockito's documentation: https://javadoc.io/doc/org.mockito/mockito-core/latest/org.mockito/org/mockito/Mockito.html#0.3
OpenJDK 64-Bit Server VM warning: Sharing is only supported for boot loader classes because bootstrap classpath has been appended
WARNING: A Java agent has been loaded dynamically (/Users/jordib/.m2/repository/net/bytebuddy/byte-buddy-agent/1.17.8/byte-buddy-agent-1.17.8.jar)
WARNING: If a serviceability tool is in use, please run with -XX:+EnableDynamicAgentLoading to hide this warning
WARNING: If a serviceability tool is not in use, please run with -Djdk.instrument.traceUsage for more information
WARNING: Dynamic loading of agents will be disallowed by default in a future release
[ERROR] Tests run: 1, Failures: 1, Errors: 0, Skipped: 0, Time elapsed: 0.486 s <<< FAILURE! -- in com.agilityhub.core.platform.application.audit.AuditWriterTest
[ERROR] com.agilityhub.core.platform.application.audit.AuditWriterTest.T_14_07_anEntryWithoutChangesIsDiscardedExceptAnEventAction -- Time elapsed: 0.480 s <<< FAILURE!
Wanted but not invoked:
auditRepository.append(
    <Capturing argument: AuditEntry>
);
-> at com.agilityhub.core.platform.persistence.audit.AuditRepository.append(AuditRepository.java:25)
Actually, there were zero interactions with this mock.

	at com.agilityhub.core.platform.persistence.audit.AuditRepository.append(AuditRepository.java:25)
	at com.agilityhub.core.platform.application.audit.AuditWriterTest.T_14_07_anEntryWithoutChangesIsDiscardedExceptAnEventAction(AuditWriterTest.java:27)
	at java.base/java.lang.reflect.Method.invoke(Method.java:580)
	at java.base/java.util.ArrayList.forEach(ArrayList.java:1596)
	at java.base/java.util.ArrayList.forEach(ArrayList.java:1596)

[INFO] 
[INFO] Results:
[INFO] 
[ERROR] Failures: 
[ERROR]   AuditWriterTest.T_14_07_anEntryWithoutChangesIsDiscardedExceptAnEventAction:27 
Wanted but not invoked:
auditRepository.append(
    <Capturing argument: AuditEntry>
);
-> at com.agilityhub.core.platform.persistence.audit.AuditRepository.append(AuditRepository.java:25)
Actually, there were zero interactions with this mock.

[INFO] 
[ERROR] Tests run: 7, Failures: 1, Errors: 0, Skipped: 0
[INFO] 
[INFO] ------------------------------------------------------------------------
[INFO] BUILD FAILURE
[INFO] ------------------------------------------------------------------------
[INFO] Total time:  13.361 s
[INFO] Finished at: 2026-09-30T15:46:15+02:00
[INFO] ------------------------------------------------------------------------
[ERROR] Failed to execute goal org.apache.maven.plugins:maven-surefire-plugin:3.5.6:test (default-test) on project agilityhub-core-api: There are test failures.
[ERROR] 
[ERROR] See /Users/jordib/dev/agilityhub/agilityhub-core-api/target/surefire-reports for the individual test results.
[ERROR] See dump files (if any exist) [date].dump, [date]-jvmRun[N].dump and [date].dumpstream.
[ERROR] -> [Help 1]
[ERROR] 
[ERROR] To see the full stack trace of the errors, re-run Maven with the -e switch.
[ERROR] Re-run Maven using the -X switch to enable full debug logging.
[ERROR] 
[ERROR] For more information about the errors and possible solutions, please read the following articles:
[ERROR] [Help 1] http://cwiki.apache.org/confluence/display/MAVEN/MojoFailureException
