Starting disposable development build Compose stack
Building the current working tree image
PASS working tree image built
PASS club:apply seeds/club-canic.yaml run 1
PASS club:apply seeds/club-canic.yaml run 2: 0 changes
PASS seed:demo --club=canic --seed=42 run 1
PASS seed:demo --club=canic --seed=42 run 2: 0 changes
curl GET /api/v1/health -> 200
PASS private local mailbox and attachment volumes ready; fixture club activated
curl GET /api/v1/signup -> 200
PASS GET /signup: texts resolved, one quote per offered plan
curl POST /oauth2/token -> 200
PASS D1 dashboard + counters: pending=3, olderThanWarn=1, activeMembers=184
PASS D1 dogs by level: 8 progression columns, others=0
PASS D1 class occupancy follows R-14-03 for the seeded week: 17 classes, booked=0, capacity=75, percent=0.0
curl GET /api/v1/members/1e07bec3-0602-347a-9b71-0c37c117c220/signup -> 200
curl GET /api/v1/members/717b93f2-8666-322c-8eb7-cafc45c1eba0/signup -> 200
curl GET /api/v1/members/a2f729fa-9d6e-3a3a-ab22-2b0f6209931b/signup -> 200
PASS D1 demo: 184 ACTIVE members, 242 ACTIVE dogs, three reviewable pending public signups
curl POST /api/v1/signup/family-group-lookups -> 200
curl POST /api/v1/signup/identity-checks -> 200
curl POST /api/v1/signup/upload-urls -> 200
curl PUT /api/v1/signup/uploads -> 204
curl POST /api/v1/signup -> 201
curl POST /api/v1/signup -> 201
PASS D1 dashboard + counters: pending=4, olderThanWarn=1, activeMembers=184
curl GET /api/v1/members/dd8a5dbc-4fb1-4d5a-a2b4-ffb9018f801d/signup -> 200
PASS mailbox N-01 correlated by notificationId; locale=ca
curl POST /api/v1/members/dd8a5dbc-4fb1-4d5a-a2b4-ffb9018f801d/validation -> 200
curl POST /api/v1/members/dd8a5dbc-4fb1-4d5a-a2b4-ffb9018f801d/validation -> 200
PASS D1 dashboard + counters: pending=3, olderThanWarn=1, activeMembers=185
PASS mailbox N-02 correlated by notificationId; locale=ca; token=[truncated]
curl POST /oauth2/token -> 200
curl GET /api/v1/me -> 200
PASS public family signup -> dry run -> validation/number increment -> N-02 -> welcome session
curl POST /api/v1/me/dogs/signup -> 201
PASS N-01 in the member APP inbox, scoped to account and entity
PASS D1 dashboard + counters: pending=4, olderThanWarn=1, activeMembers=185
curl GET /api/v1/members/dd8a5dbc-4fb1-4d5a-a2b4-ffb9018f801d/signup -> 200
curl POST /api/v1/members/dd8a5dbc-4fb1-4d5a-a2b4-ffb9018f801d/validation -> 200
PASS N-37 in the member APP inbox, scoped to account and entity
PASS D1 dashboard + counters: pending=3, olderThanWarn=1, activeMembers=185
curl POST /api/v1/signup -> 201
PASS D1 dashboard + counters: pending=4, olderThanWarn=1, activeMembers=185
curl GET /api/v1/members/97cf1c55-4f36-4319-9d75-609413aeff3a/signup -> 200
curl POST /api/v1/members/97cf1c55-4f36-4319-9d75-609413aeff3a/rejection -> 200
PASS mailbox N-03 correlated by notificationId; locale=ca
PASS D1 dashboard + counters: pending=3, olderThanWarn=1, activeMembers=185
PASS signup without family -> rejection -> N-03; D1 counters restored
curl GET /api/v1/parameters/signup.enabled -> 200
curl PUT /api/v1/parameters/signup.enabled -> 200
curl POST /api/v1/signup -> 422 SIGNUP_CLOSED
PASS signup.enabled=false closes the form; canonical catalog status is 422 SIGNUP_CLOSED
PASS T-04-34 / T-14-11: E3 backend gate completed; credentials and capabilities withheld
Removed disposable Compose services, volumes and private mailbox; existing stacks preserved
