T_12_06_textsAreInTheSepaCharacterSetAndCutOnACharacterBoundary
T_12_06_messageAndBlockIdentifiersStayWithin35AndKeepTheirSequence
T_12_06_frstOnlyForANewMandateWithUseFrst
R_12_12_oneBlockPerSequenceTypeFrstFirstWithCountsAndTotalsInEuros
R_12_12_theCreditorIdentifierCarriesTheSuffixAsItsBusinessCode
T_12_06_withUseFrstOffTheCanicGetsOneRcurBlockWithItsCountAndTotal
T_12_06_withUseFrstOnANewMandateIsFrstAndOneAlreadySentIsRcur
T_12_06_canicNuriaIsTransliteratedAndALongDescriptionIsCutAt140
T_12_06_aLongClubSlugKeepsTheMessageIdWithin35CharactersAndItsSequence
T_12_06_aCollectionDateTooSoonIs422WithTheEarliestDayAndWritesNothing
T_12_06_aMemberWithoutAnIbanNeverReachesTheWriterAndTheWriterRefusesOne
R_12_12_aCollectionWithoutAMandateOrWithAnotherMandateThanTheMembersFailsLoudly
R_12_12_aMigratedMembersEncryptedIbanIsDecryptedOnlyIntoTheFileAndAnOldInvoiceTakesTheMandatesSignature
R_12_12_anIncompleteCreditorAnUnknownSchemaOrAnotherCurrencyAre422BeforeAnyFile
R_12_12_aDescriptionWithNothingInTheSepaSetHasNoRmtInfABlankBicIsNotProvidedAndAnAccountNeverPrintsItsIban
R_12_11_aFileTheSchemaRefusesIs422WithoutItsValueAndIsNeverStored
R_12_11_theStoredFileIsDeletedWhenTheRunsTransactionRollsBackAndKeptWhenItCommits
E8_T03_theLocalStoreSignsTheCallersRouteAndChecksItsClubPathAndExpiry
E8_T03_onS3TheStorePresignsItsOwnUrlAndTheLocalCheckIs404
T_12_11_theFictionalCensusRemittanceIsTheGoldenFileValidatesCarriesTheFullIbanAndNoResponseDoes
T_12_13_aRolledBackRemittanceKeepsItsFileItsLinkAndItsRow
T_12_30_aSubmittedRemittanceEndsTheRollbackAndTheSubmissionIsAuditedOnce
R_12_19_onlyAPositiveManualReceiptRidesTheNextRemittance
T_12_32_R_12_28_aClubWithoutSepaGeneratesNoRemittanceAndListsNone
R_12_28_sepaWithoutItsCreditorDataIsProviderDisabledInTheSimulationAnd422AtRunTimeWritingNothing
R_12_11_aFileTheSchemaRefusesAbortsTheRunAndWritesNothing
S12_7_aChangedAccountIsANewMandateWhoseFirstDebitIsFrstWithUseFrst
T_12_21_theLocalLinkAuthorisesItselfOnlyWithItsOwnSignatureAndTime
E8_T02_theNullObjectsKnowNoFeeNoLeaveNoPackAndNoCardProvider
E8_T03_theSepaWriterHasNoNullObjectAnyMore
E8_T02_thePortPayloadsCarryWhatTheirCallersRead
exit 0
