12:34:21.787 [main] INFO org.springframework.test.context.support.AnnotationConfigContextLoaderUtils -- Could not detect default configuration classes for test class [com.agilityhub.core.configuration.E4ContractIT]: E4ContractIT does not declare any static, non-private, non-final, nested classes annotated with @Configuration.
12:34:21.929 [main] INFO org.springframework.boot.test.context.SpringBootTestContextBootstrapper -- Found @SpringBootConfiguration com.agilityhub.core.CoreApplication for test class com.agilityhub.core.configuration.E4ContractIT
12:34:22.058 [main] INFO org.testcontainers.images.PullPolicy -- Image pull policy will be performed by: DefaultPullPolicy()
12:34:22.060 [main] INFO org.testcontainers.utility.ImageNameSubstitutor -- Image name substitution will be performed by: DefaultImageNameSubstitutor (composite of 'ConfigurationFileImageNameSubstitutor' and 'PrefixingImageNameSubstitutor')
12:34:22.068 [main] INFO org.testcontainers.DockerClientFactory -- Testcontainers version: 1.21.4
12:34:22.551 [main] INFO org.testcontainers.dockerclient.DockerClientProviderStrategy -- Found Docker environment with local Unix socket (unix:///var/run/docker.sock)
12:34:22.552 [main] INFO org.testcontainers.DockerClientFactory -- Docker host IP address is localhost
12:34:22.564 [main] INFO org.testcontainers.DockerClientFactory -- Connected to docker:
  Server Version: 29.7.2
  API Version: 1.55
  Operating System: Docker Desktop
  Total Memory: 7931 MB
  Labels:
    com.docker.desktop.address=unix:///Users/jordib/Library/Containers/com.docker.docker/Data/docker-cli.sock
12:34:22.662 [main] INFO tc.testcontainers/ryuk:0.12.0 -- Creating container for image: testcontainers/ryuk:0.12.0
12:34:22.782 [main] INFO org.testcontainers.utility.RegistryAuthLocator -- Credential helper/store (docker-credential-desktop) does not have credentials for https://index.docker.io/v1/
12:34:22.876 [main] INFO tc.testcontainers/ryuk:0.12.0 -- Container testcontainers/ryuk:0.12.0 is starting: e919e3…[truncated]
12:34:23.101 [main] INFO tc.testcontainers/ryuk:0.12.0 -- Container testcontainers/ryuk:0.12.0 started in PT0.43876S
12:34:23.106 [main] INFO org.testcontainers.utility.RyukResourceReaper -- Ryuk started - will monitor and terminate Testcontainers containers on JVM exit
12:34:23.106 [main] INFO org.testcontainers.DockerClientFactory -- Checking the system...
12:34:23.107 [main] INFO org.testcontainers.DockerClientFactory -- ✔︎ Docker server version should be at least 1.6.0
12:34:23.107 [main] INFO tc.mongo:7 -- Creating container for image: mongo:7
12:34:23.152 [main] INFO tc.mongo:7 -- Container mongo:7 is starting: f0365a…[truncated]
12:34:23.634 [main] INFO tc.mongo:7 -- Container mongo:7 started in PT0.526843S

  .   ____          _            __ _ _
 /\\ / ___'_ __ _ _(_)_ __  __ _ \ \ \ \
( ( )\___ | '_ | '_| | '_ \/ _` | \ \ \ \
 \\/  ___)| |_)| | | | | || (_| |  ) ) ) )
  '  |____| .__|_| |_|_| |_\__, | / / / /
 =========|_|==============|___/=/_/_/_/

 :: Spring Boot ::               (v3.5.16)

2026-09-16T12:34:24.468+02:00  INFO 71415 --- [agilityhub-core-api] [           main] c.a.core.configuration.E4ContractIT      : Starting E4ContractIT using Java 21.0.12.1 with PID 71415 (started by jordib in /Users/jordib/dev/agilityhub/agilityhub-core-api)
2026-09-16T12:34:24.469+02:00  INFO 71415 --- [agilityhub-core-api] [           main] c.a.core.configuration.E4ContractIT      : The following 1 profile is active: "test"
2026-09-16T12:34:25.470+02:00  INFO 71415 --- [agilityhub-core-api] [           main] .s.d.r.c.RepositoryConfigurationDelegate : Bootstrapping Spring Data MongoDB repositories in DEFAULT mode.
2026-09-16T12:34:25.508+02:00  INFO 71415 --- [agilityhub-core-api] [           main] .s.d.r.c.RepositoryConfigurationDelegate : Finished Spring Data repository scanning in 33 ms. Found 0 MongoDB repository interfaces.
2026-09-16T12:34:26.005+02:00  INFO 71415 --- [agilityhub-core-api] [           main] org.mongodb.driver.client                : MongoClient with metadata {"driver": {"name": "mongo-java-driver|sync|spring-boot", "version": "5.5.2"}, "os": {"type": "Darwin", "name": "Mac OS X", "architecture": "aarch64", "version": "26.4.1"}, "platform": "Java/Homebrew/21.0.12.1"} created with settings MongoClientSettings{readPreference=primary, writeConcern=WriteConcern{w=null, wTimeout=null ms, journal=null}, retryWrites=true, retryReads=true, readConcern=ReadConcern{level=null}, credential=null, transportSettings=null, commandListeners=[io.micrometer.core.instrument.binder.mongodb.MongoMetricsCommandListener@4494e88a], codecRegistry=ProvidersCodecRegistry{codecProviders=[ValueCodecProvider{}, BsonValueCodecProvider{}, DBRefCodecProvider{}, DBObjectCodecProvider{}, DocumentCodecProvider{}, CollectionCodecProvider{}, IterableCodecProvider{}, MapCodecProvider{}, GeoJsonCodecProvider{}, GridFSFileCodecProvider{}, Jsr310CodecProvider{}, JsonObjectCodecProvider{}, BsonCodecProvider{}, EnumCodecProvider{}, com.mongodb.client.model.mql.ExpressionCodecProvider@439a4def, com.mongodb.Jep395RecordCodecProvider@109efb2f, com.mongodb.KotlinCodecProvider@4926023f]}, loggerSettings=LoggerSettings{maxDocumentLength=1000}, clusterSettings={hosts=[localhost:65341], srvServiceName=mongodb, mode=SINGLE, requiredClusterType=UNKNOWN, requiredReplicaSetName='null', serverSelector='null', clusterListeners='[]', serverSelectionTimeout='30000 ms', localThreshold='15 ms'}, socketSettings=SocketSettings{connectTimeoutMS=10000, readTimeoutMS=0, receiveBufferSize=0, proxySettings=ProxySettings{host=null, port=null, username=null, password=null}}, heartbeatSocketSettings=SocketSettings{connectTimeoutMS=10000, readTimeoutMS=10000, receiveBufferSize=0, proxySettings=ProxySettings{host=null, port=null, username=null, password=null}}, connectionPoolSettings=ConnectionPoolSettings{maxSize=100, minSize=0, maxWaitTimeMS=120000, maxConnectionLifeTimeMS=0, maxConnectionIdleTimeMS=0, maintenanceInitialDelayMS=0, maintenanceFrequencyMS=60000, connectionPoolListeners=[io.micrometer.core.instrument.binder.mongodb.MongoMetricsConnectionPoolListener@2a157329], maxConnecting=2}, serverSettings=ServerSettings{heartbeatFrequencyMS=10000, minHeartbeatFrequencyMS=500, serverMonitoringMode=AUTO, serverListeners='[]', serverMonitorListeners='[]'}, sslSettings=SslSettings{enabled=false, invalidHostNameAllowed=false, context=null}, applicationName='null', compressorList=[], uuidRepresentation=JAVA_LEGACY, serverApi=null, autoEncryptionSettings=null, dnsClient=null, inetAddressResolver=null, contextProvider=null, timeoutMS=null}
2026-09-16T12:34:26.013+02:00  INFO 71415 --- [agilityhub-core-api] [localhost:65341] org.mongodb.driver.cluster               : Monitor thread successfully connected to server with description ServerDescription{address=localhost:65341, type=REPLICA_SET_PRIMARY, cryptd=false, state=CONNECTED, ok=true, minWireVersion=0, maxWireVersion=21, maxDocumentSize=16777216, logicalSessionTimeoutMinutes=30, roundTripTimeNanos=14044458, minRoundTripTimeNanos=0, setName='docker-rs', canonicalAddress=f0365a61ca50:27017, hosts=[f0365a61ca50:27017], passives=[], arbiters=[], primary='f0365a61ca50:27017', tagSet=TagSet{[]}, electionId=7fffff…[truncated], setVersion=1, topologyVersion=TopologyVersion{processId=6aaa70…[truncated], counter=6}, lastWriteDate=Wed Sep 16 12:34:24 CEST 2026, lastUpdateTimeNanos=347821126860625}
2026-09-16T12:34:28.976+02:00  INFO 71415 --- [agilityhub-core-api] [           main] o.s.b.t.m.w.SpringBootMockServletContext : Initializing Spring TestDispatcherServlet ''
2026-09-16T12:34:28.976+02:00  INFO 71415 --- [agilityhub-core-api] [           main] o.s.t.web.servlet.TestDispatcherServlet  : Initializing Servlet ''
2026-09-16T12:34:28.978+02:00  INFO 71415 --- [agilityhub-core-api] [           main] o.s.t.web.servlet.TestDispatcherServlet  : Completed initialization in 2 ms
2026-09-16T12:34:29.034+02:00  INFO 71415 --- [agilityhub-core-api] [           main] c.a.core.configuration.E4ContractIT      : Started E4ContractIT in 4.76 seconds (process running for 7.873)
Mockito is currently self-attaching to enable the inline-mock-maker. This will no longer work in future releases of the JDK. Please add Mockito as an agent to your build as described in Mockito's documentation: https://javadoc.io/doc/org.mockito/mockito-core/latest/org.mockito/org/mockito/Mockito.html#0.3
OpenJDK 64-Bit Server VM warning: Sharing is only supported for boot loader classes because bootstrap classpath has been appended
WARNING: A Java agent has been loaded dynamically (/private/tmp/e4-t01-maven/repository/net/bytebuddy/byte-buddy-agent/1.17.8/byte-buddy-agent-1.17.8.jar)
WARNING: If a serviceability tool is in use, please run with -XX:+EnableDynamicAgentLoading to hide this warning
WARNING: If a serviceability tool is not in use, please run with -Djdk.instrument.traceUsage for more information
WARNING: Dynamic loading of agents will be disallowed by default in a future release
2026-09-16T12:34:32.636+02:00  INFO 71415 --- [agilityhub-core-api] [           main] o.springdoc.api.AbstractOpenApiResource  : Init duration for springdoc-openapi is: 1436 ms
2026-09-16T12:34:40.291+02:00  WARN 71415 --- [agilityhub-core-api] [           main] c.a.core.shared.api.ApiExceptionHandler  : Framework request rejected code=VALIDATION_ERROR traceId=c37f3c00-92ab-43b1-8ee3-230cc5107af9
2026-09-16T12:34:40.326+02:00  INFO 71415 --- [agilityhub-core-api] [           main] t.c.s.AnnotationConfigContextLoaderUtils : Could not detect default configuration classes for test class [com.agilityhub.core.clubs.scheduling.application.PlanningIT]: PlanningIT does not declare any static, non-private, non-final, nested classes annotated with @Configuration.
2026-09-16T12:34:40.346+02:00  INFO 71415 --- [agilityhub-core-api] [           main] .b.t.c.SpringBootTestContextBootstrapper : Found @SpringBootConfiguration com.agilityhub.core.CoreApplication for test class com.agilityhub.core.clubs.scheduling.application.PlanningIT
2026-09-16T12:34:40.594+02:00  WARN 71415 --- [agilityhub-core-api] [           main] c.a.core.shared.api.ApiExceptionHandler  : Framework request rejected code=VALIDATION_ERROR traceId=cbdf28a9-344e-4ded-9fe3-7855d7b251ef
[ERROR] Tests run: 6, Failures: 0, Errors: 3, Skipped: 0, Time elapsed: 0.731 s <<< FAILURE! -- in com.agilityhub.core.clubs.scheduling.application.PlanningIT
[ERROR] com.agilityhub.core.clubs.scheduling.application.PlanningIT.T_06_11_T_06_31_generationSkipsHolidaysPastDaysPreservesLooseClassesAndChangesNoSources -- Time elapsed: 0.034 s <<< ERROR!
org.springframework.dao.OptimisticLockingFailureException: Cannot save entity planning-a:club.holidays with version 1 to collection parameters; Has it been modified meanwhile
	at org.springframework.data.mongodb.core.MongoTemplate.doSaveVersioned(MongoTemplate.java:1524)
	at org.springframework.data.mongodb.core.MongoTemplate.save(MongoTemplate.java:1487)
	at org.springframework.data.mongodb.core.MongoTemplate.save(MongoTemplate.java:1473)
	at com.agilityhub.core.clubs.scheduling.application.PlanningIT.parameter(PlanningIT.java:88)
	at com.agilityhub.core.clubs.scheduling.application.PlanningIT.T_06_11_T_06_31_generationSkipsHolidaysPastDaysPreservesLooseClassesAndChangesNoSources(PlanningIT.java:160)
	at java.base/java.lang.reflect.Method.invoke(Method.java:580)
	at java.base/java.util.ArrayList.forEach(ArrayList.java:1596)
	at java.base/java.util.ArrayList.forEach(ArrayList.java:1596)

[ERROR] com.agilityhub.core.clubs.scheduling.application.PlanningIT.T_06_09_T_06_19_validationVariantsAndLocalizedLiveCatalog -- Time elapsed: 0.072 s <<< ERROR!
org.springframework.dao.OptimisticLockingFailureException: Cannot save entity planning-a:classes.maxInstructorsPerClass with version 1 to collection parameters; Has it been modified meanwhile
	at org.springframework.data.mongodb.core.MongoTemplate.doSaveVersioned(MongoTemplate.java:1524)
	at org.springframework.data.mongodb.core.MongoTemplate.save(MongoTemplate.java:1487)
	at org.springframework.data.mongodb.core.MongoTemplate.save(MongoTemplate.java:1473)
	at com.agilityhub.core.clubs.scheduling.application.PlanningIT.parameter(PlanningIT.java:88)
	at com.agilityhub.core.clubs.scheduling.application.PlanningIT.T_06_09_T_06_19_validationVariantsAndLocalizedLiveCatalog(PlanningIT.java:129)
	at java.base/java.lang.reflect.Method.invoke(Method.java:580)
	at java.base/java.util.ArrayList.forEach(ArrayList.java:1596)
	at java.base/java.util.ArrayList.forEach(ArrayList.java:1596)

[ERROR] com.agilityhub.core.clubs.scheduling.application.PlanningIT.T_06_10_T_06_22_inconsistencyKindsValidatedWeekConcurrencyAndReplay -- Time elapsed: 0.032 s <<< ERROR!
org.springframework.dao.OptimisticLockingFailureException: Cannot save entity planning-a:club.holidays with version 1 to collection parameters; Has it been modified meanwhile
	at org.springframework.data.mongodb.core.MongoTemplate.doSaveVersioned(MongoTemplate.java:1524)
	at org.springframework.data.mongodb.core.MongoTemplate.save(MongoTemplate.java:1487)
	at org.springframework.data.mongodb.core.MongoTemplate.save(MongoTemplate.java:1473)
	at com.agilityhub.core.clubs.scheduling.application.PlanningIT.parameter(PlanningIT.java:88)
	at com.agilityhub.core.clubs.scheduling.application.PlanningIT.T_06_10_T_06_22_inconsistencyKindsValidatedWeekConcurrencyAndReplay(PlanningIT.java:177)
	at java.base/java.lang.reflect.Method.invoke(Method.java:580)
	at java.base/java.util.ArrayList.forEach(ArrayList.java:1596)
	at java.base/java.util.ArrayList.forEach(ArrayList.java:1596)

[ERROR] Errors:
[ERROR]   PlanningIT.T_06_09_T_06_19_validationVariantsAndLocalizedLiveCatalog:129->parameter:88 » OptimisticLockingFailure Cannot save entity planning-a:classes.maxInstructorsPerClass with version 1 to collection parameters; Has it been modified meanwhile
[ERROR]   PlanningIT.T_06_10_T_06_22_inconsistencyKindsValidatedWeekConcurrencyAndReplay:177->parameter:88 » OptimisticLockingFailure Cannot save entity planning-a:club.holidays with version 1 to collection parameters; Has it been modified meanwhile
[ERROR]   PlanningIT.T_06_11_T_06_31_generationSkipsHolidaysPastDaysPreservesLooseClassesAndChangesNoSources:160->parameter:88 » OptimisticLockingFailure Cannot save entity planning-a:club.holidays with version 1 to collection parameters; Has it been modified meanwhile
[ERROR] Tests run: 69, Failures: 0, Errors: 3, Skipped: 0
[ERROR] Failed to execute goal org.apache.maven.plugins:maven-failsafe-plugin:3.5.6:verify (default-cli) on project agilityhub-core-api:
[ERROR]
[ERROR] See /Users/jordib/dev/agilityhub/agilityhub-core-api/target/failsafe-reports for the individual test results.
[ERROR] See dump files (if any exist) [date].dump, [date]-jvmRun[N].dump and [date].dumpstream.
[ERROR] -> [Help 1]
[ERROR]
[ERROR] To see the full stack trace of the errors, re-run Maven with the -e switch.
[ERROR] Re-run Maven using the -X switch to enable full debug logging.
[ERROR]
[ERROR] For more information about the errors and possible solutions, please read the following articles:
[ERROR] [Help 1] http://cwiki.apache.org/confluence/display/MAVEN/MojoFailureException
