Packages under a jacoco rule (application/domain: 85 % lines, 80 % branches; api: 70 % lines):
  OK   clubs.common.api                             lines  98.9% (1 missed)  branches  91.7% (1 missed)
  OK   clubs.common.application                     lines  98.8% (6 missed)  branches  85.6% (48 missed)
  OK   clubs.common.domain                          lines  94.1% (1 missed)  branches 100.0% (0 missed)
  OK   clubs.messaging.api                          lines 100.0% (0 missed)  branches  83.3% (1 missed)
  OK   clubs.messaging.application                  lines  99.0% (3 missed)  branches  87.0% (24 missed)
  OK   clubs.messaging.domain                       lines 100.0% (0 missed)  branches  91.6% (13 missed)
  OK   platform.application.audit                   lines 100.0% (0 missed)  branches  97.7% (1 missed)
  OK   shared.api                                   lines  94.8% (20 missed)  branches  91.7% (35 missed)
  OK   shared.application                           lines  98.7% (4 missed)  branches  93.9% (12 missed)
  OK   shared.application.contract                  lines 100.0% (0 missed)  branches 100.0% (0 missed)
  OK   shared.application.lists                     lines 100.0% (0 missed)  branches  95.3% (6 missed)
Classes this task adds or changes:
  EmailUnsubscribesController (clubs.messaging.api)          lines 100.0% (0 missed)  branches 100.0% (0 missed)
  ExportsController (clubs.common.api)                       lines  97.1% (1 missed)  branches  91.7% (1 missed)
  LegacyNotificationRows (clubs.messaging.persistence)       lines 100.0% (0 missed)  branches  79.2% (5 missed)
  MessageTemplate (clubs.messaging.persistence)              lines 100.0% (0 missed)  branches 100.0% (0 missed)
  MessageTemplateRepository (clubs.messaging.persistence)    lines 100.0% (0 missed)  branches 100.0% (0 missed)
  MessageTemplatesController (clubs.messaging.api)           lines 100.0% (0 missed)  branches 100.0% (0 missed)
  MessagingContractAccess (clubs.messaging.application)      lines 100.0% (0 missed)  branches  75.0% (2 missed)
  MessagingEvent (clubs.messaging.domain)                    lines 100.0% (0 missed)  branches 100.0% (0 missed)
  MigrateNotificationsCommand (clubs.messaging.application)  lines  94.1% (1 missed)  branches  90.9% (2 missed)
  Notification (clubs.messaging.persistence)                 lines 100.0% (0 missed)  branches  90.5% (2 missed)
  NotificationCatalog (clubs.messaging.domain)               lines 100.0% (0 missed)  branches  93.8% (2 missed)
  NotificationEvent (clubs.messaging.domain)                 lines 100.0% (0 missed)  branches 100.0% (0 missed)
  NotificationFanout (clubs.messaging.application)           lines 100.0% (0 missed)  branches  83.3% (2 missed)
  NotificationPreference (clubs.messaging.domain)            lines 100.0% (0 missed)  branches  78.9% (8 missed)
  NotificationPreferencesController (clubs.messaging.api)    lines 100.0% (0 missed)  branches 100.0% (0 missed)
  NotificationRepository (clubs.messaging.persistence)       lines 100.0% (0 missed)  branches  85.7% (6 missed)
  NotificationSpec (clubs.messaging.domain)                  lines 100.0% (0 missed)  branches  96.8% (2 missed)
  NotificationsController (clubs.messaging.api)              lines 100.0% (0 missed)  branches 100.0% (0 missed)
  PushSubscription (clubs.messaging.persistence)             lines  90.9% (1 missed)  branches 100.0% (0 missed)
  PushSubscriptionRepository (clubs.messaging.persistence)   lines 100.0% (0 missed)  branches 100.0% (0 missed)
  PushSubscriptionsController (clubs.messaging.api)          lines 100.0% (0 missed)  branches 100.0% (0 missed)
  SmsMonthlyUsage (clubs.messaging.domain)                   lines 100.0% (0 missed)  branches  91.7% (1 missed)
  SystemNotificationService (clubs.messaging.application)    lines 100.0% (0 missed)  branches  86.4% (6 missed)
