12:41:15.771 [main] INFO org.springframework.test.context.support.AnnotationConfigContextLoaderUtils -- Could not detect default configuration classes for test class [com.agilityhub.core.configuration.E7PersistenceIT]: E7PersistenceIT does not declare any static, non-private, non-final, nested classes annotated with @Configuration.
12:41:15.871 [main] INFO org.springframework.boot.test.context.SpringBootTestContextBootstrapper -- Found @SpringBootConfiguration com.agilityhub.core.CoreApplication for test class com.agilityhub.core.configuration.E7PersistenceIT
12:41:15.934 [main] INFO org.testcontainers.images.PullPolicy -- Image pull policy will be performed by: DefaultPullPolicy()
12:41:15.935 [main] INFO org.testcontainers.utility.ImageNameSubstitutor -- Image name substitution will be performed by: DefaultImageNameSubstitutor (composite of 'ConfigurationFileImageNameSubstitutor' and 'PrefixingImageNameSubstitutor')
12:41:15.938 [main] INFO org.testcontainers.DockerClientFactory -- Testcontainers version: 1.21.4
12:41:16.017 [main] INFO org.testcontainers.dockerclient.DockerClientProviderStrategy -- Loaded org.testcontainers.dockerclient.UnixSocketClientProviderStrategy from ~/.testcontainers.properties, will try it first
12:41:16.136 [main] INFO org.testcontainers.dockerclient.DockerClientProviderStrategy -- Found Docker environment with local Unix socket (unix:///var/run/docker.sock)
12:41:16.136 [main] INFO org.testcontainers.DockerClientFactory -- Docker host IP address is localhost
12:41:16.147 [main] INFO org.testcontainers.DockerClientFactory -- Connected to docker:
  Server Version: 29.7.2
  API Version: 1.55
  Operating System: Docker Desktop
  Total Memory: 7931 MB
  Labels:
    com.docker.desktop.address=unix:///Users/jordib/Library/Containers/com.docker.docker/Data/docker-cli.sock
12:41:16.360 [main] INFO tc.testcontainers/ryuk:0.12.0 -- Creating container for image: testcontainers/ryuk:0.12.0
12:41:16.436 [main] INFO org.testcontainers.utility.RegistryAuthLocator -- Credential helper/store (docker-credential-desktop) does not have credentials for https://index.docker.io/v1/
12:41:16.680 [main] INFO tc.testcontainers/ryuk:0.12.0 -- Container testcontainers/ryuk:0.12.0 is starting: 13622910b210ffd27aedc42b830e5bedf219603910e2778f2c81eae2a43ed2c9
12:41:16.865 [main] INFO tc.testcontainers/ryuk:0.12.0 -- Container testcontainers/ryuk:0.12.0 started in PT0.505229S
12:41:16.869 [main] INFO org.testcontainers.utility.RyukResourceReaper -- Ryuk started - will monitor and terminate Testcontainers containers on JVM exit
12:41:16.869 [main] INFO org.testcontainers.DockerClientFactory -- Checking the system...
12:41:16.870 [main] INFO org.testcontainers.DockerClientFactory -- ✔︎ Docker server version should be at least 1.6.0
12:41:16.870 [main] INFO tc.mongo:7 -- Creating container for image: mongo:7
12:41:16.921 [main] INFO tc.mongo:7 -- Container mongo:7 is starting: dc1975247f90eb818299d56c75455d89cfc91525ffeb4c64168e265bed7a66d4
12:41:17.456 [main] INFO tc.mongo:7 -- Container mongo:7 started in PT0.586428S
Integration JVM availableProcessors=18

  .   ____          _            __ _ _
 /\\ / ___'_ __ _ _(_)_ __  __ _ \ \ \ \
( ( )\___ | '_ | '_| | '_ \/ _` | \ \ \ \
 \\/  ___)| |_)| | | | | || (_| |  ) ) ) )
  '  |____| .__|_| |_|_| |_\__, | / / / /
 =========|_|==============|___/=/_/_/_/

 :: Spring Boot ::               (v3.5.16)

2026-09-28T12:41:18.241+02:00  INFO 15781 --- [agilityhub-core-api] [           main] c.a.core.configuration.E7PersistenceIT   : Starting E7PersistenceIT using Java 21.0.12.1 with PID 15781 (started by jordib in /Users/jordib/dev/agilityhub/agilityhub-core-api)
2026-09-28T12:41:18.242+02:00  INFO 15781 --- [agilityhub-core-api] [           main] c.a.core.configuration.E7PersistenceIT   : The following 1 profile is active: "test"
2026-09-28T12:41:18.960+02:00  INFO 15781 --- [agilityhub-core-api] [           main] .s.d.r.c.RepositoryConfigurationDelegate : Bootstrapping Spring Data MongoDB repositories in DEFAULT mode.
2026-09-28T12:41:19.005+02:00  INFO 15781 --- [agilityhub-core-api] [           main] .s.d.r.c.RepositoryConfigurationDelegate : Finished Spring Data repository scanning in 41 ms. Found 0 MongoDB repository interfaces.
2026-09-28T12:41:19.314+02:00  INFO 15781 --- [agilityhub-core-api] [           main] org.mongodb.driver.client                : MongoClient with metadata {"driver": {"name": "mongo-java-driver|sync|spring-boot", "version": "5.5.2"}, "os": {"type": "Darwin", "name": "Mac OS X", "architecture": "aarch64", "version": "26.4.1"}, "platform": "Java/Homebrew/21.0.12.1"} created with settings MongoClientSettings{readPreference=primary, writeConcern=WriteConcern{w=null, wTimeout=null ms, journal=null}, retryWrites=true, retryReads=true, readConcern=ReadConcern{level=null}, credential=null, transportSettings=null, commandListeners=[io.micrometer.core.instrument.binder.mongodb.MongoMetricsCommandListener@5bed0ff4], codecRegistry=ProvidersCodecRegistry{codecProviders=[ValueCodecProvider{}, BsonValueCodecProvider{}, DBRefCodecProvider{}, DBObjectCodecProvider{}, DocumentCodecProvider{}, CollectionCodecProvider{}, IterableCodecProvider{}, MapCodecProvider{}, GeoJsonCodecProvider{}, GridFSFileCodecProvider{}, Jsr310CodecProvider{}, JsonObjectCodecProvider{}, BsonCodecProvider{}, EnumCodecProvider{}, com.mongodb.client.model.mql.ExpressionCodecProvider@17a5ae7b, com.mongodb.Jep395RecordCodecProvider@7e4dddee, com.mongodb.KotlinCodecProvider@183a84f4]}, loggerSettings=LoggerSettings{maxDocumentLength=1000}, clusterSettings={hosts=[localhost:60939], srvServiceName=mongodb, mode=SINGLE, requiredClusterType=UNKNOWN, requiredReplicaSetName='null', serverSelector='null', clusterListeners='[]', serverSelectionTimeout='30000 ms', localThreshold='15 ms'}, socketSettings=SocketSettings{connectTimeoutMS=10000, readTimeoutMS=0, receiveBufferSize=0, proxySettings=ProxySettings{host=null, port=null, username=null, password=null}}, heartbeatSocketSettings=SocketSettings{connectTimeoutMS=10000, readTimeoutMS=10000, receiveBufferSize=0, proxySettings=ProxySettings{host=null, port=null, username=null, password=null}}, connectionPoolSettings=ConnectionPoolSettings{maxSize=100, minSize=0, maxWaitTimeMS=120000, maxConnectionLifeTimeMS=0, maxConnectionIdleTimeMS=0, maintenanceInitialDelayMS=0, maintenanceFrequencyMS=60000, connectionPoolListeners=[io.micrometer.core.instrument.binder.mongodb.MongoMetricsConnectionPoolListener@2b9bbaa8], maxConnecting=2}, serverSettings=ServerSettings{heartbeatFrequencyMS=10000, minHeartbeatFrequencyMS=500, serverMonitoringMode=AUTO, serverListeners='[]', serverMonitorListeners='[]'}, sslSettings=SslSettings{enabled=false, invalidHostNameAllowed=false, context=null}, applicationName='null', compressorList=[], uuidRepresentation=JAVA_LEGACY, serverApi=null, autoEncryptionSettings=null, dnsClient=null, inetAddressResolver=null, contextProvider=null, timeoutMS=null}
2026-09-28T12:41:19.319+02:00  INFO 15781 --- [agilityhub-core-api] [localhost:60939] org.mongodb.driver.cluster               : Monitor thread successfully connected to server with description ServerDescription{address=localhost:60939, type=REPLICA_SET_PRIMARY, cryptd=false, state=CONNECTED, ok=true, minWireVersion=0, maxWireVersion=21, maxDocumentSize=16777216, logicalSessionTimeoutMinutes=30, roundTripTimeNanos=9269625, minRoundTripTimeNanos=0, setName='docker-rs', canonicalAddress=dc1975247f90:27017, hosts=[dc1975247f90:27017], passives=[], arbiters=[], primary='dc1975247f90:27017', tagSet=TagSet{[]}, electionId=7fffffff0000000000000001, setVersion=1, topologyVersion=TopologyVersion{processId=6aba444d40ce2985fef7b70e, counter=6}, lastWriteDate=Mon Sep 28 12:41:17 CEST 2026, lastUpdateTimeNanos=301408555841000}
2026-09-28T12:41:22.890+02:00  INFO 15781 --- [agilityhub-core-api] [           main] c.a.core.configuration.E7PersistenceIT   : Started E7PersistenceIT in 4.832 seconds (process running for 7.396)
Mockito is currently self-attaching to enable the inline-mock-maker. This will no longer work in future releases of the JDK. Please add Mockito as an agent to your build as described in Mockito's documentation: https://javadoc.io/doc/org.mockito/mockito-core/latest/org.mockito/org/mockito/Mockito.html#0.3
OpenJDK 64-Bit Server VM warning: Sharing is only supported for boot loader classes because bootstrap classpath has been appended
WARNING: A Java agent has been loaded dynamically (/Users/jordib/.m2/repository/net/bytebuddy/byte-buddy-agent/1.17.8/byte-buddy-agent-1.17.8.jar)
WARNING: If a serviceability tool is in use, please run with -XX:+EnableDynamicAgentLoading to hide this warning
WARNING: If a serviceability tool is not in use, please run with -Djdk.instrument.traceUsage for more information
WARNING: Dynamic loading of agents will be disallowed by default in a future release
[ERROR] Tests run: 3, Failures: 3, Errors: 0, Skipped: 0, Time elapsed: 8.277 s <<< FAILURE! -- in com.agilityhub.core.configuration.E7PersistenceIT
[ERROR] com.agilityhub.core.configuration.E7PersistenceIT.WP_11_A_aRowThatKeepsChangingUnderTheMigrationIsLeftForItsNextRun -- Time elapsed: 0.656 s <<< FAILURE!
org.opentest4j.AssertionFailedError:

Expecting value to be false but was true
	at com.agilityhub.core.configuration.E7PersistenceIT.WP_11_A_aRowThatKeepsChangingUnderTheMigrationIsLeftForItsNextRun(E7PersistenceIT.java:331)
	at java.base/java.lang.reflect.Method.invoke(Method.java:580)
	at java.base/java.util.ArrayList.forEach(ArrayList.java:1596)
	at java.base/java.util.ArrayList.forEach(ArrayList.java:1596)

[ERROR] com.agilityhub.core.configuration.E7PersistenceIT.WP_11_A_theMigrationConvertsARowTheWebhookMovedBetweenTheConversionsReadAndWrite -- Time elapsed: 0.071 s <<< FAILURE!
org.opentest4j.AssertionFailedError:

expected: Delivery[channel=EMAIL, target=e7p@example.test, status=DELIVERED, attempts=1, nextAttemptAt=null, providerRef=ref-e7p-race-read, lastError=null, sentAt=2026-01-01T00:00:00Z, deliveredAt=2026-01-01T00:00:00Z, failedAt=null, claimToken=null, claimedUntil=null]
 but was: Delivery[channel=EMAIL, target=e7p@example.test, status=SENT, attempts=1, nextAttemptAt=null, providerRef=ref-e7p-race-read, lastError=null, sentAt=2026-01-01T00:00:00Z, deliveredAt=null, failedAt=null, claimToken=null, claimedUntil=null]
	at com.agilityhub.core.configuration.E7PersistenceIT.WP_11_A_theMigrationConvertsARowTheWebhookMovedBetweenTheConversionsReadAndWrite(E7PersistenceIT.java:313)
	at java.base/java.lang.reflect.Method.invoke(Method.java:580)
	at java.base/java.util.ArrayList.forEach(ArrayList.java:1596)
	at java.base/java.util.ArrayList.forEach(ArrayList.java:1596)

[ERROR] com.agilityhub.core.configuration.E7PersistenceIT.WP_11_A_theMigrationConvertsARowTheWebhookMovedAfterTheCommandListedIt -- Time elapsed: 0.030 s <<< FAILURE!
org.opentest4j.AssertionFailedError:

expected: Delivery[channel=EMAIL, target=e7p@example.test, status=DELIVERED, attempts=1, nextAttemptAt=null, providerRef=null, lastError=null, sentAt=null, deliveredAt=null, failedAt=null, claimToken=null, claimedUntil=null]
 but was: Delivery[channel=EMAIL, target=e7p@example.test, status=QUEUED, attempts=0, nextAttemptAt=null, providerRef=null, lastError=null, sentAt=null, deliveredAt=null, failedAt=null, claimToken=null, claimedUntil=null]
	at com.agilityhub.core.configuration.E7PersistenceIT.WP_11_A_theMigrationConvertsARowTheWebhookMovedAfterTheCommandListedIt(E7PersistenceIT.java:285)
	at java.base/java.lang.reflect.Method.invoke(Method.java:580)
	at java.base/java.util.ArrayList.forEach(ArrayList.java:1596)
	at java.base/java.util.ArrayList.forEach(ArrayList.java:1596)

[ERROR] Failures:
[ERROR]   E7PersistenceIT.WP_11_A_aRowThatKeepsChangingUnderTheMigrationIsLeftForItsNextRun:331
Expecting value to be false but was true
[ERROR]   E7PersistenceIT.WP_11_A_theMigrationConvertsARowTheWebhookMovedAfterTheCommandListedIt:285
expected: Delivery[channel=EMAIL, target=e7p@example.test, status=DELIVERED, attempts=1, nextAttemptAt=null, providerRef=null, lastError=null, sentAt=null, deliveredAt=null, failedAt=null, claimToken=null, claimedUntil=null]
 but was: Delivery[channel=EMAIL, target=e7p@example.test, status=QUEUED, attempts=0, nextAttemptAt=null, providerRef=null, lastError=null, sentAt=null, deliveredAt=null, failedAt=null, claimToken=null, claimedUntil=null]
[ERROR]   E7PersistenceIT.WP_11_A_theMigrationConvertsARowTheWebhookMovedBetweenTheConversionsReadAndWrite:313
expected: Delivery[channel=EMAIL, target=e7p@example.test, status=DELIVERED, attempts=1, nextAttemptAt=null, providerRef=ref-e7p-race-read, lastError=null, sentAt=2026-01-01T00:00:00Z, deliveredAt=2026-01-01T00:00:00Z, failedAt=null, claimToken=null, claimedUntil=null]
 but was: Delivery[channel=EMAIL, target=e7p@example.test, status=SENT, attempts=1, nextAttemptAt=null, providerRef=ref-e7p-race-read, lastError=null, sentAt=2026-01-01T00:00:00Z, deliveredAt=null, failedAt=null, claimToken=null, claimedUntil=null]
[ERROR] Tests run: 3, Failures: 3, Errors: 0, Skipped: 0
[ERROR] Failed to execute goal org.apache.maven.plugins:maven-failsafe-plugin:3.5.6:verify (default) on project agilityhub-core-api: There are test failures.
[ERROR]
[ERROR] See /Users/jordib/dev/agilityhub/agilityhub-core-api/target/failsafe-reports for the individual test results.
[ERROR] See dump files (if any exist) [date].dump, [date]-jvmRun[N].dump and [date].dumpstream.
[ERROR] -> [Help 1]
[ERROR]
[ERROR] To see the full stack trace of the errors, re-run Maven with the -e switch.
[ERROR] Re-run Maven using the -X switch to enable full debug logging.
[ERROR]
[ERROR] For more information about the errors and possible solutions, please read the following articles:
[ERROR] [Help 1] http://cwiki.apache.org/confluence/display/MAVEN/MojoFailureException
