Mockito is currently self-attaching to enable the inline-mock-maker. This will no longer work in future releases of the JDK. Please add Mockito as an agent to your build as described in Mockito's documentation: https://javadoc.io/doc/org.mockito/mockito-core/latest/org.mockito/org/mockito/Mockito.html#0.3
OpenJDK 64-Bit Server VM warning: Sharing is only supported for boot loader classes because bootstrap classpath has been appended
WARNING: A Java agent has been loaded dynamically (/Users/jordib/.m2/repository/net/bytebuddy/byte-buddy-agent/1.17.8/byte-buddy-agent-1.17.8.jar)
WARNING: If a serviceability tool is in use, please run with -XX:+EnableDynamicAgentLoading to hide this warning
WARNING: If a serviceability tool is not in use, please run with -Djdk.instrument.traceUsage for more information
WARNING: Dynamic loading of agents will be disallowed by default in a future release
00:03:42.835 [main] INFO org.springframework.test.context.support.AnnotationConfigContextLoaderUtils -- Could not detect default configuration classes for test class [com.agilityhub.core.payments.api.E8ScheduledProcessesIT]: E8ScheduledProcessesIT does not declare any static, non-private, non-final, nested classes annotated with @Configuration.
00:03:42.933 [main] INFO org.springframework.boot.test.context.SpringBootTestContextBootstrapper -- Found @SpringBootConfiguration com.agilityhub.core.CoreApplication for test class com.agilityhub.core.payments.api.E8ScheduledProcessesIT
00:03:42.981 [main] INFO org.testcontainers.images.PullPolicy -- Image pull policy will be performed by: DefaultPullPolicy()
00:03:42.982 [main] INFO org.testcontainers.utility.ImageNameSubstitutor -- Image name substitution will be performed by: DefaultImageNameSubstitutor (composite of 'ConfigurationFileImageNameSubstitutor' and 'PrefixingImageNameSubstitutor')
00:03:42.984 [main] INFO org.testcontainers.DockerClientFactory -- Testcontainers version: 1.21.4
00:03:43.057 [main] INFO org.testcontainers.dockerclient.DockerClientProviderStrategy -- Loaded org.testcontainers.dockerclient.UnixSocketClientProviderStrategy from ~/.testcontainers.properties, will try it first
00:03:43.170 [main] INFO org.testcontainers.dockerclient.DockerClientProviderStrategy -- Found Docker environment with local Unix socket (unix:///var/run/docker.sock)
00:03:43.170 [main] INFO org.testcontainers.DockerClientFactory -- Docker host IP address is localhost
00:03:43.178 [main] INFO org.testcontainers.DockerClientFactory -- Connected to docker: 
  Server Version: 29.8.2
  API Version: 1.56
  Operating System: Docker Desktop
  Total Memory: 7931 MB
  Labels: 
    com.docker.desktop.address=unix:///Users/jordib/Library/Containers/com.docker.docker/Data/docker-cli.sock
00:03:43.415 [main] INFO tc.testcontainers/ryuk:0.12.0 -- Creating container for image: testcontainers/ryuk:0.12.0
00:03:43.478 [main] INFO org.testcontainers.utility.RegistryAuthLocator -- Credential helper/store (docker-credential-desktop) does not have credentials for https://index.docker.io/v1/
00:03:43.535 [main] INFO tc.testcontainers/ryuk:0.12.0 -- Container testcontainers/ryuk:0.12.0 is starting: 47331dccc722c5fe576475fa039bbad21b94c8ad09ae1b9654884d1ec0cd6bff
00:03:43.666 [main] INFO tc.testcontainers/ryuk:0.12.0 -- Container testcontainers/ryuk:0.12.0 started in PT0.251558S
00:03:43.669 [main] INFO org.testcontainers.utility.RyukResourceReaper -- Ryuk started - will monitor and terminate Testcontainers containers on JVM exit
00:03:43.670 [main] INFO org.testcontainers.DockerClientFactory -- Checking the system...
00:03:43.670 [main] INFO org.testcontainers.DockerClientFactory -- ✔︎ Docker server version should be at least 1.6.0
00:03:43.670 [main] INFO tc.mongo:7 -- Creating container for image: mongo:7
00:03:43.703 [main] INFO tc.mongo:7 -- Container mongo:7 is starting: 1a2cd67cdcd3e0f54d7aa2edf73318de0f01275ddd04a9c359d42959512cf5d6
00:03:44.207 [main] INFO tc.mongo:7 -- Container mongo:7 started in PT0.536888S
Integration JVM availableProcessors=18

  .   ____          _            __ _ _
 /\\ / ___'_ __ _ _(_)_ __  __ _ \ \ \ \
( ( )\___ | '_ | '_| | '_ \/ _` | \ \ \ \
 \\/  ___)| |_)| | | | | || (_| |  ) ) ) )
  '  |____| .__|_| |_|_| |_\__, | / / / /
 =========|_|==============|___/=/_/_/_/

 :: Spring Boot ::               (v3.5.16)

2026-10-08T00:03:44.849+02:00 INFO  [main] c.a.c.p.api.E8ScheduledProcessesIT traceId= clubId= accountId= : Starting E8ScheduledProcessesIT using Java [redacted] with PID 93748 (started by jordib in /Users/jordib/dev/agilityhub/agilityhub-core-api)
2026-10-08T00:03:44.851+02:00 INFO  [main] c.a.c.p.api.E8ScheduledProcessesIT traceId= clubId= accountId= : The following 1 profile is active: "test"
2026-10-08T00:03:45.514+02:00 INFO  [main] o.s.d.r.c.RepositoryConfigurationDelegate traceId= clubId= accountId= : Bootstrapping Spring Data MongoDB repositories in DEFAULT mode.
2026-10-08T00:03:45.556+02:00 INFO  [main] o.s.d.r.c.RepositoryConfigurationDelegate traceId= clubId= accountId= : Finished Spring Data repository scanning in 39 ms. Found 0 MongoDB repository interfaces.
2026-10-08T00:03:45.861+02:00 INFO  [main] org.mongodb.driver.client traceId= clubId= accountId= : MongoClient with metadata {"driver": {"name": "mongo-java-driver|sync|spring-boot", "version": "5.5.2"}, "os": {"type": "Darwin", "name": "Mac OS X", "architecture": "aarch64", "version": "26.4.1"}, "platform": "Java/Homebrew/[redacted]"} created with settings MongoClientSettings{readPreference=primary, writeConcern=WriteConcern{w=null, wTimeout=null ms, journal=null}, retryWrites=true, retryReads=true, readConcern=ReadConcern{level=null}, credential=null, transportSettings=null, commandListeners=[io.micrometer.core.instrument.binder.mongodb.MongoMetricsCommandListener@22e650e], codecRegistry=ProvidersCodecRegistry{codecProviders=[ValueCodecProvider{}, BsonValueCodecProvider{}, DBRefCodecProvider{}, DBObjectCodecProvider{}, DocumentCodecProvider{}, CollectionCodecProvider{}, IterableCodecProvider{}, MapCodecProvider{}, GeoJsonCodecProvider{}, GridFSFileCodecProvider{}, Jsr310CodecProvider{}, JsonObjectCodecProvider{}, BsonCodecProvider{}, EnumCodecProvider{}, com.mongodb.client.model.mql.ExpressionCodecProvider@30a79476, com.mongodb.Jep395RecordCodecProvider@376bae20, com.mongodb.KotlinCodecProvider@37f0fb02]}, loggerSettings=LoggerSettings{maxDocumentLength=1000}, clusterSettings={hosts=[localhost:61001], srvServiceName=mongodb, mode=SINGLE, requiredClusterType=UNKNOWN, requiredReplicaSetName='null', serverSelector='null', clusterListeners='[]', serverSelectionTimeout='2000 ms', localThreshold='15 ms'}, socketSettings=SocketSettings{connectTimeoutMS=2000, readTimeoutMS=0, receiveBufferSize=0, proxySettings=ProxySettings{host=null, port=null, username=null, [redacted], heartbeatSocketSettings=SocketSettings{connectTimeoutMS=2000, readTimeoutMS=2000, receiveBufferSize=0, proxySettings=ProxySettings{host=null, port=null, username=null, [redacted], connectionPoolSettings=ConnectionPoolSettings{maxSize=100, minSize=0, maxWaitTimeMS=2000, maxConnectionLifeTimeMS=0, maxConnectionIdleTimeMS=0, maintenanceInitialDelayMS=0, maintenanceFrequencyMS=60000, connectionPoolListeners=[io.micrometer.core.instrument.binder.mongodb.MongoMetricsConnectionPoolListener@4687fee7], maxConnecting=2}, serverSettings=ServerSettings{heartbeatFrequencyMS=10000, minHeartbeatFrequencyMS=500, serverMonitoringMode=AUTO, serverListeners='[]', serverMonitorListeners='[]'}, sslSettings=SslSettings{enabled=false, invalidHostNameAllowed=false, context=null}, applicationName='null', compressorList=[], uuidRepresentation=JAVA_LEGACY, serverApi=null, autoEncryptionSettings=null, dnsClient=null, inetAddressResolver=null, contextProvider=null, timeoutMS=null}
2026-10-08T00:03:45.865+02:00 INFO  [cluster-ClusterId{value='6ac6c1c1761b00cff77cb162', description='null'}-localhost:61001] org.mongodb.driver.cluster traceId= clubId= accountId= : Monitor thread successfully connected to server with description ServerDescription{address=localhost:61001, type=REPLICA_SET_PRIMARY, cryptd=false, state=CONNECTED, ok=true, minWireVersion=0, maxWireVersion=21, maxDocumentSize=16777216, logicalSessionTimeoutMinutes=30, roundTripTimeNanos=7540458, minRoundTripTimeNanos=0, setName='docker-rs', canonicalAddress=1a2cd67cdcd3:27017, hosts=[1a2cd67cdcd3:27017], passives=[], arbiters=[], primary='1a2cd67cdcd3:27017', tagSet=TagSet{[]}, electionId=7fffffff0000000000000001, setVersion=1, topologyVersion=TopologyVersion{processId=6ac6c1bfc35c7210a2758215, counter=6}, lastWriteDate=Thu Oct 08 00:03:44 CEST 2026, lastUpdateTimeNanos=[redacted]}
2026-10-08T00:03:48.443+02:00 INFO  [main] o.s.b.t.m.w.SpringBootMockServletContext traceId= clubId= accountId= : Initializing Spring TestDispatcherServlet ''
2026-10-08T00:03:48.443+02:00 INFO  [main] o.s.t.web.servlet.TestDispatcherServlet traceId= clubId= accountId= : Initializing Servlet ''
2026-10-08T00:03:48.443+02:00 INFO  [main] o.s.t.web.servlet.TestDispatcherServlet traceId= clubId= accountId= : Completed initialization in 0 ms
2026-10-08T00:03:48.474+02:00 INFO  [main] c.a.c.p.api.E8ScheduledProcessesIT traceId= clubId= accountId= : Started E8ScheduledProcessesIT in 3.761 seconds (process running for 5.901)
Mockito is currently self-attaching to enable the inline-mock-maker. This will no longer work in future releases of the JDK. Please add Mockito as an agent to your build as described in Mockito's documentation: https://javadoc.io/doc/org.mockito/mockito-core/latest/org.mockito/org/mockito/Mockito.html#0.3
OpenJDK 64-Bit Server VM warning: Sharing is only supported for boot loader classes because bootstrap classpath has been appended
WARNING: A Java agent has been loaded dynamically (/Users/jordib/.m2/repository/net/bytebuddy/byte-buddy-agent/1.17.8/byte-buddy-agent-1.17.8.jar)
WARNING: If a serviceability tool is in use, please run with -XX:+EnableDynamicAgentLoading to hide this warning
WARNING: If a serviceability tool is not in use, please run with -Djdk.instrument.traceUsage for more information
WARNING: Dynamic loading of agents will be disallowed by default in a future release
2026-10-08T00:03:49.374+02:00 INFO  [main] c.a.c.p.application.jobs.JobRunner traceId= clubId= accountId= : Job skipped jobRunId=e9cb2414-[redacted]=BILLING_REMINDER clubId=bill-a reason=MODULE_OFF baseline=false
2026-10-08T00:03:50.396+02:00 INFO  [main] o.s.t.c.s.AnnotationConfigContextLoaderUtils traceId= clubId= accountId= : Could not detect default configuration classes for test class [com.agilityhub.core.payments.api.AccountingExportIT]: AccountingExportIT does not declare any static, non-private, non-final, nested classes annotated with @Configuration.
2026-10-08T00:03:50.398+02:00 INFO  [main] o.s.b.t.c.SpringBootTestContextBootstrapper traceId= clubId= accountId= : Found @SpringBootConfiguration com.agilityhub.core.CoreApplication for test class com.agilityhub.core.payments.api.AccountingExportIT
2026-10-08T00:03:50.854+02:00 INFO  [main] o.s.t.c.s.AnnotationConfigContextLoaderUtils traceId= clubId= accountId= : Could not detect default configuration classes for test class [com.agilityhub.core.migration.PlayoffMigrationIT]: PlayoffMigrationIT does not declare any static, non-private, non-final, nested classes annotated with @Configuration.
2026-10-08T00:03:50.877+02:00 INFO  [main] o.s.b.t.c.SpringBootTestContextBootstrapper traceId= clubId= accountId= : Found @SpringBootConfiguration com.agilityhub.core.CoreApplication for test class com.agilityhub.core.migration.PlayoffMigrationIT

  .   ____          _            __ _ _
 /\\ / ___'_ __ _ _(_)_ __  __ _ \ \ \ \
( ( )\___ | '_ | '_| | '_ \/ _` | \ \ \ \
 \\/  ___)| |_)| | | | | || (_| |  ) ) ) )
  '  |____| .__|_| |_|_| |_\__, | / / / /
 =========|_|==============|___/=/_/_/_/

 :: Spring Boot ::               (v3.5.16)

2026-10-08T00:03:50.894+02:00 INFO  [main] c.a.core.migration.PlayoffMigrationIT traceId= clubId= accountId= : Starting PlayoffMigrationIT using Java [redacted] with PID 93748 (started by jordib in /Users/jordib/dev/agilityhub/agilityhub-core-api)
2026-10-08T00:03:50.894+02:00 INFO  [main] c.a.core.migration.PlayoffMigrationIT traceId= clubId= accountId= : The following 1 profile is active: "test"
2026-10-08T00:03:51.137+02:00 INFO  [main] o.s.d.r.c.RepositoryConfigurationDelegate traceId= clubId= accountId= : Bootstrapping Spring Data MongoDB repositories in DEFAULT mode.
2026-10-08T00:03:51.164+02:00 INFO  [main] o.s.d.r.c.RepositoryConfigurationDelegate traceId= clubId= accountId= : Finished Spring Data repository scanning in 26 ms. Found 0 MongoDB repository interfaces.
2026-10-08T00:03:51.212+02:00 INFO  [main] org.mongodb.driver.client traceId= clubId= accountId= : MongoClient with metadata {"driver": {"name": "mongo-java-driver|sync|spring-boot", "version": "5.5.2"}, "os": {"type": "Darwin", "name": "Mac OS X", "architecture": "aarch64", "version": "26.4.1"}, "platform": "Java/Homebrew/[redacted]"} created with settings MongoClientSettings{readPreference=primary, writeConcern=WriteConcern{w=null, wTimeout=null ms, journal=null}, retryWrites=true, retryReads=true, readConcern=ReadConcern{level=null}, credential=null, transportSettings=null, commandListeners=[io.micrometer.core.instrument.binder.mongodb.MongoMetricsCommandListener@5632369f], codecRegistry=ProvidersCodecRegistry{codecProviders=[ValueCodecProvider{}, BsonValueCodecProvider{}, DBRefCodecProvider{}, DBObjectCodecProvider{}, DocumentCodecProvider{}, CollectionCodecProvider{}, IterableCodecProvider{}, MapCodecProvider{}, GeoJsonCodecProvider{}, GridFSFileCodecProvider{}, Jsr310CodecProvider{}, JsonObjectCodecProvider{}, BsonCodecProvider{}, EnumCodecProvider{}, com.mongodb.client.model.mql.ExpressionCodecProvider@30a79476, com.mongodb.Jep395RecordCodecProvider@376bae20, com.mongodb.KotlinCodecProvider@37f0fb02]}, loggerSettings=LoggerSettings{maxDocumentLength=1000}, clusterSettings={hosts=[localhost:61001], srvServiceName=mongodb, mode=SINGLE, requiredClusterType=UNKNOWN, requiredReplicaSetName='null', serverSelector='null', clusterListeners='[]', serverSelectionTimeout='2000 ms', localThreshold='15 ms'}, socketSettings=SocketSettings{connectTimeoutMS=2000, readTimeoutMS=0, receiveBufferSize=0, proxySettings=ProxySettings{host=null, port=null, username=null, [redacted], heartbeatSocketSettings=SocketSettings{connectTimeoutMS=2000, readTimeoutMS=2000, receiveBufferSize=0, proxySettings=ProxySettings{host=null, port=null, username=null, [redacted], connectionPoolSettings=ConnectionPoolSettings{maxSize=100, minSize=0, maxWaitTimeMS=2000, maxConnectionLifeTimeMS=0, maxConnectionIdleTimeMS=0, maintenanceInitialDelayMS=0, maintenanceFrequencyMS=60000, connectionPoolListeners=[io.micrometer.core.instrument.binder.mongodb.MongoMetricsConnectionPoolListener@7bb98540], maxConnecting=2}, serverSettings=ServerSettings{heartbeatFrequencyMS=10000, minHeartbeatFrequencyMS=500, serverMonitoringMode=AUTO, serverListeners='[]', serverMonitorListeners='[]'}, sslSettings=SslSettings{enabled=false, invalidHostNameAllowed=false, context=null}, applicationName='null', compressorList=[], uuidRepresentation=JAVA_LEGACY, serverApi=null, autoEncryptionSettings=null, dnsClient=null, inetAddressResolver=null, contextProvider=null, timeoutMS=null}
2026-10-08T00:03:51.213+02:00 INFO  [cluster-ClusterId{value='6ac6c1c7761b00cff77cb163', description='null'}-localhost:61001] org.mongodb.driver.cluster traceId= clubId= accountId= : Monitor thread successfully connected to server with description ServerDescription{address=localhost:61001, type=REPLICA_SET_PRIMARY, cryptd=false, state=CONNECTED, ok=true, minWireVersion=0, maxWireVersion=21, maxDocumentSize=16777216, logicalSessionTimeoutMinutes=30, roundTripTimeNanos=1059833, minRoundTripTimeNanos=0, setName='docker-rs', canonicalAddress=1a2cd67cdcd3:27017, hosts=[1a2cd67cdcd3:27017], passives=[], arbiters=[], primary='1a2cd67cdcd3:27017', tagSet=TagSet{[]}, electionId=7fffffff0000000000000001, setVersion=1, topologyVersion=TopologyVersion{processId=6ac6c1bfc35c7210a2758215, counter=6}, lastWriteDate=Thu Oct 08 00:03:50 CEST 2026, lastUpdateTimeNanos=[redacted]}
2026-10-08T00:03:53.514+02:00 INFO  [main] c.a.core.migration.PlayoffMigrationIT traceId= clubId= accountId= : Started PlayoffMigrationIT in 2.628 seconds (process running for 10.941)
E5-T07 outbox backlog discarded before PlayoffMigrationIT: 158 PENDING records (more than one dispatch() batch)
E5-T07 outbox backlog discarded before PlayoffMigrationIT: 158 PENDING records (more than one dispatch() batch)
E5-T07 outbox backlog discarded before PlayoffMigrationIT: 158 PENDING records (more than one dispatch() batch)
E5-T07 outbox backlog discarded before PlayoffMigrationIT: 162 PENDING records (more than one dispatch() batch)
E5-T07 outbox backlog discarded before PlayoffMigrationIT: 158 PENDING records (more than one dispatch() batch)
E5-T07 outbox backlog discarded before PlayoffMigrationIT: 158 PENDING records (more than one dispatch() batch)
E5-T07 outbox backlog discarded before PlayoffMigrationIT: 158 PENDING records (more than one dispatch() batch)
E5-T07 outbox backlog discarded before PlayoffMigrationIT: 158 PENDING records (more than one dispatch() batch)
E5-T07 outbox backlog discarded before PlayoffMigrationIT: 158 PENDING records (more than one dispatch() batch)
E5-T07 outbox backlog discarded before PlayoffMigrationIT: 158 PENDING records (more than one dispatch() batch)
E5-T07 outbox backlog discarded before PlayoffMigrationIT: 159 PENDING records (more than one dispatch() batch)
E5-T07 outbox backlog discarded before PlayoffMigrationIT: 159 PENDING records (more than one dispatch() batch)
E5-T07 outbox backlog discarded before PlayoffMigrationIT: 158 PENDING records (more than one dispatch() batch)
E5-T07 outbox backlog discarded before PlayoffMigrationIT: 158 PENDING records (more than one dispatch() batch)
E5-T07 outbox backlog discarded before PlayoffMigrationIT: 158 PENDING records (more than one dispatch() batch)
E5-T07 outbox backlog discarded before PlayoffMigrationIT: 158 PENDING records (more than one dispatch() batch)
E5-T07 outbox backlog discarded before PlayoffMigrationIT: 158 PENDING records (more than one dispatch() batch)
E5-T07 outbox backlog discarded before PlayoffMigrationIT: 158 PENDING records (more than one dispatch() batch)
E5-T07 outbox backlog discarded before PlayoffMigrationIT: 159 PENDING records (more than one dispatch() batch)
[ERROR] Tests run: 24, Failures: 0, Errors: 1, Skipped: 0, Time elapsed: 26.91 s <<< FAILURE! -- in com.agilityhub.core.migration.PlayoffMigrationIT
[ERROR] com.agilityhub.core.migration.PlayoffMigrationIT.T_18_05_T_18_15_historicalReceiptsAndPackOpeningAreIdempotentAndNeverCollected -- Time elapsed: 0.897 s <<< ERROR!
org.springframework.data.mapping.model.MappingInstantiationException: Failed to instantiate com.agilityhub.core.clubs.catalogs.persistence.Plan using constructor public com.agilityhub.core.clubs.catalogs.persistence.Plan(java.lang.String,java.lang.String,java.lang.String,com.agilityhub.core.shared.domain.LocalizedText,com.agilityhub.core.clubs.catalogs.domain.OfferTerms$PlanType,com.agilityhub.core.clubs.catalogs.domain.OfferTerms$BillingMode,int,com.agilityhub.core.clubs.catalogs.domain.OfferTerms$EntryFee,com.agilityhub.core.clubs.catalogs.domain.OfferTerms$Pack,com.agilityhub.core.clubs.catalogs.domain.OfferTerms$SingleClass,com.agilityhub.core.shared.domain.LocalizedText,com.agilityhub.core.clubs.catalogs.domain.OfferTerms$Texts,boolean,boolean,int,boolean,long,java.time.Instant,java.time.Instant,java.lang.String,java.lang.String) with arguments PACK10,playoff-test,PACK10,null,PACK,MONTHLY_FEE,null,null,Pack[sessions=10, validityMonths=6],null,null,null,null,null,null,true,null,null,null,null,null
	at org.springframework.data.mapping.model.ClassGeneratingEntityInstantiator$EntityInstantiatorAdapter.createInstance(ClassGeneratingEntityInstantiator.java:278)
	at org.springframework.data.mapping.model.ClassGeneratingEntityInstantiator.createInstance(ClassGeneratingEntityInstantiator.java:98)
	at org.springframework.data.mongodb.core.convert.MappingMongoConverter.read(MappingMongoConverter.java:570)
	at org.springframework.data.mongodb.core.convert.MappingMongoConverter.readDocument(MappingMongoConverter.java:522)
	at org.springframework.data.mongodb.core.convert.MappingMongoConverter.read(MappingMongoConverter.java:458)
	at org.springframework.data.mongodb.core.convert.MappingMongoConverter.read(MappingMongoConverter.java:454)
	at org.springframework.data.mongodb.core.convert.MappingMongoConverter.read(MappingMongoConverter.java:126)
	at org.springframework.data.mongodb.core.MongoTemplate$ReadDocumentCallback.doWith(MongoTemplate.java:3322)
	at org.springframework.data.mongodb.core.MongoTemplate.executeFindOneInternal(MongoTemplate.java:2913)
	at org.springframework.data.mongodb.core.MongoTemplate.doFindOne(MongoTemplate.java:2567)
	at org.springframework.data.mongodb.core.MongoTemplate.findOne(MongoTemplate.java:848)
	at org.springframework.data.mongodb.core.MongoTemplate.findOne(MongoTemplate.java:835)
	at com.agilityhub.core.shared.persistence.TenantRepository.findById(TenantRepository.java:27)
	at java.base/jdk.internal.reflect.DirectMethodHandleAccessor.invoke(DirectMethodHandleAccessor.java:103)
	at java.base/java.lang.reflect.Method.invoke(Method.java:580)
	at org.springframework.aop.support.AopUtils.invokeJoinpointUsingReflection(AopUtils.java:360)
	at org.springframework.aop.framework.ReflectiveMethodInvocation.invokeJoinpoint(ReflectiveMethodInvocation.java:196)
	at org.springframework.aop.framework.ReflectiveMethodInvocation.proceed(ReflectiveMethodInvocation.java:163)
	at org.springframework.dao.support.PersistenceExceptionTranslationInterceptor.invoke(PersistenceExceptionTranslationInterceptor.java:138)
	at org.springframework.aop.framework.ReflectiveMethodInvocation.proceed(ReflectiveMethodInvocation.java:184)
	at org.springframework.aop.framework.CglibAopProxy$DynamicAdvisedInterceptor.intercept(CglibAopProxy.java:728)
	at com.agilityhub.core.clubs.catalogs.persistence.PlanRepository$$SpringCGLIB$$0.findById(<generated>)
	at com.agilityhub.core.clubs.catalogs.application.BillingCatalogAccess.pack(BillingCatalogAccess.java:32)
	at com.agilityhub.core.payments.application.PackBalanceService.openMigrated(PackBalanceService.java:39)
	at java.base/jdk.internal.reflect.DirectMethodHandleAccessor.invoke(DirectMethodHandleAccessor.java:103)
	at java.base/java.lang.reflect.Method.invoke(Method.java:580)
	at org.springframework.aop.support.AopUtils.invokeJoinpointUsingReflection(AopUtils.java:360)
	at org.springframework.aop.framework.ReflectiveMethodInvocation.invokeJoinpoint(ReflectiveMethodInvocation.java:196)
	at org.springframework.aop.framework.ReflectiveMethodInvocation.proceed(ReflectiveMethodInvocation.java:163)
	at org.springframework.aop.interceptor.ExposeInvocationInterceptor.invoke(ExposeInvocationInterceptor.java:97)
	at org.springframework.aop.framework.ReflectiveMethodInvocation.proceed(ReflectiveMethodInvocation.java:184)
	at org.springframework.aop.framework.CglibAopProxy$DynamicAdvisedInterceptor.intercept(CglibAopProxy.java:728)
	at com.agilityhub.core.payments.application.PackBalanceService$$SpringCGLIB$$0.openMigrated(<generated>)
	at com.agilityhub.core.payments.application.BillingMigrationAccess.pack(BillingMigrationAccess.java:42)
	at java.base/java.lang.Iterable.forEach(Iterable.java:75)
	at com.agilityhub.core.migration.application.PlayoffImportService.lambda$batch$3(PlayoffImportService.java:117)
	at org.springframework.transaction.support.TransactionOperations.lambda$executeWithoutResult$0(TransactionOperations.java:68)
	at org.springframework.transaction.support.TransactionTemplate.execute(TransactionTemplate.java:140)
	at org.springframework.transaction.support.TransactionOperations.executeWithoutResult(TransactionOperations.java:67)
	at com.agilityhub.core.migration.application.PlayoffImportService.batch(PlayoffImportService.java:117)
	at com.agilityhub.core.migration.application.PlayoffImportService.importDirectory(PlayoffImportService.java:69)
	at com.agilityhub.core.migration.PlayoffMigrationIT.T_18_05_T_18_15_historicalReceiptsAndPackOpeningAreIdempotentAndNeverCollected(PlayoffMigrationIT.java:497)
	at java.base/java.lang.reflect.Method.invoke(Method.java:580)
	at java.base/java.util.ArrayList.forEach(ArrayList.java:1596)
	at java.base/java.util.ArrayList.forEach(ArrayList.java:1596)
Caused by: java.lang.IllegalArgumentException: Parameter dogsIncluded must not be null
	at org.springframework.util.Assert.notNull(Assert.java:181)
	at com.agilityhub.core.clubs.catalogs.persistence.Plan_Instantiator_pj02qn.newInstance(Unknown Source)
	at org.springframework.data.mapping.model.ClassGeneratingEntityInstantiator$EntityInstantiatorAdapter.createInstance(ClassGeneratingEntityInstantiator.java:276)
	... 44 more

[ERROR] Errors: 
[ERROR]   PlayoffMigrationIT.T_18_05_T_18_15_historicalReceiptsAndPackOpeningAreIdempotentAndNeverCollected:497 » MappingInstantiation Failed to instantiate com.agilityhub.core.clubs.catalogs.persistence.Plan using constructor public com.agilityhub.core.clubs.catalogs.persistence.Plan(java.lang.String,java.lang.String,java.lang.String,com.agilityhub.core.shared.domain.LocalizedText,com.agilityhub.core.clubs.catalogs.domain.OfferTerms$PlanType,com.agilityhub.core.clubs.catalogs.domain.OfferTerms$BillingMode,int,com.agilityhub.core.clubs.catalogs.domain.OfferTerms$EntryFee,com.agilityhub.core.clubs.catalogs.domain.OfferTerms$Pack,com.agilityhub.core.clubs.catalogs.domain.OfferTerms$SingleClass,com.agilityhub.core.shared.domain.LocalizedText,com.agilityhub.core.clubs.catalogs.domain.OfferTerms$Texts,boolean,boolean,int,boolean,long,java.time.Instant,java.time.Instant,java.lang.String,java.lang.String) with arguments PACK10,playoff-test,PACK10,null,PACK,MONTHLY_FEE,null,null,Pack[sessions=10, validityMonths=6],null,null,null,null,null,null,true,null,null,null,null,null
[ERROR] Tests run: 29, Failures: 0, Errors: 1, Skipped: 0
[ERROR] Failed to execute goal org.apache.maven.plugins:maven-failsafe-plugin:3.5.6:verify (default) on project agilityhub-core-api: 
[ERROR] 
[ERROR] See /Users/jordib/dev/agilityhub/agilityhub-core-api/target/failsafe-reports for the individual test results.
[ERROR] See dump files (if any exist) [date].dump, [date]-jvmRun[N].dump and [date].dumpstream.
[ERROR] -> [Help 1]
[ERROR] 
[ERROR] To see the full stack trace of the errors, re-run Maven with the -e switch.
[ERROR] Re-run Maven using the -X switch to enable full debug logging.
[ERROR] 
[ERROR] For more information about the errors and possible solutions, please read the following articles:
[ERROR] [Help 1] http://cwiki.apache.org/confluence/display/MAVEN/MojoFailureException
