00:10:40.181 [main] INFO org.springframework.test.context.support.AnnotationConfigContextLoaderUtils -- Could not detect default configuration classes for test class [com.agilityhub.core.payments.api.E8ScheduledProcessesIT]: E8ScheduledProcessesIT does not declare any static, non-private, non-final, nested classes annotated with @Configuration.
00:10:40.280 [main] INFO org.springframework.boot.test.context.SpringBootTestContextBootstrapper -- Found @SpringBootConfiguration com.agilityhub.core.CoreApplication for test class com.agilityhub.core.payments.api.E8ScheduledProcessesIT
00:10:40.323 [main] INFO org.testcontainers.images.PullPolicy -- Image pull policy will be performed by: DefaultPullPolicy()
00:10:40.324 [main] INFO org.testcontainers.utility.ImageNameSubstitutor -- Image name substitution will be performed by: DefaultImageNameSubstitutor (composite of 'ConfigurationFileImageNameSubstitutor' and 'PrefixingImageNameSubstitutor')
00:10:40.326 [main] INFO org.testcontainers.DockerClientFactory -- Testcontainers version: 1.21.4
00:10:40.388 [main] INFO org.testcontainers.dockerclient.DockerClientProviderStrategy -- Loaded org.testcontainers.dockerclient.UnixSocketClientProviderStrategy from ~/.testcontainers.properties, will try it first
00:10:40.496 [main] INFO org.testcontainers.dockerclient.DockerClientProviderStrategy -- Found Docker environment with local Unix socket (unix:///var/run/docker.sock)
00:10:40.496 [main] INFO org.testcontainers.DockerClientFactory -- Docker host IP address is localhost
00:10:40.505 [main] INFO org.testcontainers.DockerClientFactory -- Connected to docker: 
  Server Version: 29.8.2
  API Version: 1.56
  Operating System: Docker Desktop
  Total Memory: 7931 MB
  Labels: 
    com.docker.desktop.address=unix:///Users/jordib/Library/Containers/com.docker.docker/Data/docker-cli.sock
00:10:40.737 [main] INFO tc.testcontainers/ryuk:0.12.0 -- Creating container for image: testcontainers/ryuk:0.12.0
00:10:40.818 [main] INFO org.testcontainers.utility.RegistryAuthLocator -- Credential helper/store (docker-credential-desktop) does not have credentials for https://index.docker.io/v1/
00:10:40.867 [main] INFO tc.testcontainers/ryuk:0.12.0 -- Container testcontainers/ryuk:0.12.0 is starting: 1860de687a97ce4c7020a2d947cdc4a70133c565cf6cb7bed267853b1207a100
00:10:40.989 [main] INFO tc.testcontainers/ryuk:0.12.0 -- Container testcontainers/ryuk:0.12.0 started in PT0.251138S
00:10:40.991 [main] INFO org.testcontainers.utility.RyukResourceReaper -- Ryuk started - will monitor and terminate Testcontainers containers on JVM exit
00:10:40.991 [main] INFO org.testcontainers.DockerClientFactory -- Checking the system...
00:10:40.992 [main] INFO org.testcontainers.DockerClientFactory -- ✔︎ Docker server version should be at least 1.6.0
00:10:40.992 [main] INFO tc.mongo:7 -- Creating container for image: mongo:7
00:10:41.024 [main] INFO tc.mongo:7 -- Container mongo:7 is starting: fca0b0fa0d00f7aacbb12a70e71354da89fbb3b4081f6177880fcdbacbacda74
00:10:41.510 [main] INFO tc.mongo:7 -- Container mongo:7 started in PT0.518323S
Integration JVM availableProcessors=18

  .   ____          _            __ _ _
 /\\ / ___'_ __ _ _(_)_ __  __ _ \ \ \ \
( ( )\___ | '_ | '_| | '_ \/ _` | \ \ \ \
 \\/  ___)| |_)| | | | | || (_| |  ) ) ) )
  '  |____| .__|_| |_|_| |_\__, | / / / /
 =========|_|==============|___/=/_/_/_/

 :: Spring Boot ::               (v3.5.16)

2026-10-08T00:10:42.074+02:00 INFO  [main] c.a.c.p.api.E8ScheduledProcessesIT traceId= clubId= accountId= : Starting E8ScheduledProcessesIT using Java [redacted] with PID 94855 (started by jordib in /Users/jordib/dev/agilityhub/agilityhub-core-api)
2026-10-08T00:10:42.076+02:00 INFO  [main] c.a.c.p.api.E8ScheduledProcessesIT traceId= clubId= accountId= : The following 1 profile is active: "test"
2026-10-08T00:10:42.777+02:00 INFO  [main] o.s.d.r.c.RepositoryConfigurationDelegate traceId= clubId= accountId= : Bootstrapping Spring Data MongoDB repositories in DEFAULT mode.
2026-10-08T00:10:42.823+02:00 INFO  [main] o.s.d.r.c.RepositoryConfigurationDelegate traceId= clubId= accountId= : Finished Spring Data repository scanning in 44 ms. Found 0 MongoDB repository interfaces.
2026-10-08T00:10:43.114+02:00 INFO  [main] org.mongodb.driver.client traceId= clubId= accountId= : MongoClient with metadata {"driver": {"name": "mongo-java-driver|sync|spring-boot", "version": "5.5.2"}, "os": {"type": "Darwin", "name": "Mac OS X", "architecture": "aarch64", "version": "26.4.1"}, "platform": "Java/Homebrew/[redacted]"} created with settings MongoClientSettings{readPreference=primary, writeConcern=WriteConcern{w=null, wTimeout=null ms, journal=null}, retryWrites=true, retryReads=true, readConcern=ReadConcern{level=null}, credential=null, transportSettings=null, commandListeners=[io.micrometer.core.instrument.binder.mongodb.MongoMetricsCommandListener@53202b06], codecRegistry=ProvidersCodecRegistry{codecProviders=[ValueCodecProvider{}, BsonValueCodecProvider{}, DBRefCodecProvider{}, DBObjectCodecProvider{}, DocumentCodecProvider{}, CollectionCodecProvider{}, IterableCodecProvider{}, MapCodecProvider{}, GeoJsonCodecProvider{}, GridFSFileCodecProvider{}, Jsr310CodecProvider{}, JsonObjectCodecProvider{}, BsonCodecProvider{}, EnumCodecProvider{}, com.mongodb.client.model.mql.ExpressionCodecProvider@44ba9f25, com.mongodb.Jep395RecordCodecProvider@53570fff, com.mongodb.KotlinCodecProvider@6e5df971]}, loggerSettings=LoggerSettings{maxDocumentLength=1000}, clusterSettings={hosts=[localhost:61098], srvServiceName=mongodb, mode=SINGLE, requiredClusterType=UNKNOWN, requiredReplicaSetName='null', serverSelector='null', clusterListeners='[]', serverSelectionTimeout='2000 ms', localThreshold='15 ms'}, socketSettings=SocketSettings{connectTimeoutMS=2000, readTimeoutMS=0, receiveBufferSize=0, proxySettings=ProxySettings{host=null, port=null, username=null, [redacted], heartbeatSocketSettings=SocketSettings{connectTimeoutMS=2000, readTimeoutMS=2000, receiveBufferSize=0, proxySettings=ProxySettings{host=null, port=null, username=null, [redacted], connectionPoolSettings=ConnectionPoolSettings{maxSize=100, minSize=0, maxWaitTimeMS=2000, maxConnectionLifeTimeMS=0, maxConnectionIdleTimeMS=0, maintenanceInitialDelayMS=0, maintenanceFrequencyMS=60000, connectionPoolListeners=[io.micrometer.core.instrument.binder.mongodb.MongoMetricsConnectionPoolListener@3c7787a7], maxConnecting=2}, serverSettings=ServerSettings{heartbeatFrequencyMS=10000, minHeartbeatFrequencyMS=500, serverMonitoringMode=AUTO, serverListeners='[]', serverMonitorListeners='[]'}, sslSettings=SslSettings{enabled=false, invalidHostNameAllowed=false, context=null}, applicationName='null', compressorList=[], uuidRepresentation=JAVA_LEGACY, serverApi=null, autoEncryptionSettings=null, dnsClient=null, inetAddressResolver=null, contextProvider=null, timeoutMS=null}
2026-10-08T00:10:43.118+02:00 INFO  [cluster-ClusterId{value='6ac6c3636e44da744bdc719b', description='null'}-localhost:61098] org.mongodb.driver.cluster traceId= clubId= accountId= : Monitor thread successfully connected to server with description ServerDescription{address=localhost:61098, type=REPLICA_SET_PRIMARY, cryptd=false, state=CONNECTED, ok=true, minWireVersion=0, maxWireVersion=21, maxDocumentSize=16777216, logicalSessionTimeoutMinutes=30, roundTripTimeNanos=7291792, minRoundTripTimeNanos=0, setName='docker-rs', canonicalAddress=fca0b0fa0d00:27017, hosts=[fca0b0fa0d00:27017], passives=[], arbiters=[], primary='fca0b0fa0d00:27017', tagSet=TagSet{[]}, electionId=7fffffff0000000000000001, setVersion=1, topologyVersion=TopologyVersion{processId=6ac6c36194ccde9efdaec9a1, counter=6}, lastWriteDate=Thu Oct 08 00:10:41 CEST 2026, lastUpdateTimeNanos=[redacted]}
2026-10-08T00:10:45.972+02:00 INFO  [main] o.s.b.t.m.w.SpringBootMockServletContext traceId= clubId= accountId= : Initializing Spring TestDispatcherServlet ''
2026-10-08T00:10:45.972+02:00 INFO  [main] o.s.t.web.servlet.TestDispatcherServlet traceId= clubId= accountId= : Initializing Servlet ''
2026-10-08T00:10:45.973+02:00 INFO  [main] o.s.t.web.servlet.TestDispatcherServlet traceId= clubId= accountId= : Completed initialization in 1 ms
2026-10-08T00:10:46.004+02:00 INFO  [main] c.a.c.p.api.E8ScheduledProcessesIT traceId= clubId= accountId= : Started E8ScheduledProcessesIT in 4.06 seconds (process running for 6.07)
Mockito is currently self-attaching to enable the inline-mock-maker. This will no longer work in future releases of the JDK. Please add Mockito as an agent to your build as described in Mockito's documentation: https://javadoc.io/doc/org.mockito/mockito-core/latest/org.mockito/org/mockito/Mockito.html#0.3
OpenJDK 64-Bit Server VM warning: Sharing is only supported for boot loader classes because bootstrap classpath has been appended
WARNING: A Java agent has been loaded dynamically (/Users/jordib/.m2/repository/net/bytebuddy/byte-buddy-agent/1.17.8/byte-buddy-agent-1.17.8.jar)
WARNING: If a serviceability tool is in use, please run with -XX:+EnableDynamicAgentLoading to hide this warning
WARNING: If a serviceability tool is not in use, please run with -Djdk.instrument.traceUsage for more information
WARNING: Dynamic loading of agents will be disallowed by default in a future release
2026-10-08T00:10:47.623+02:00 INFO  [main] c.a.c.p.application.jobs.JobRunner traceId= clubId= accountId= : Job skipped jobRunId=a64ddbed-a461-4954-b9e1-024708fe5f4a job=BILLING_REMINDER clubId=bill-a reason=MODULE_OFF baseline=false
2026-10-08T00:10:48.230+02:00 INFO  [main] c.a.c.p.application.jobs.JobRunner traceId= clubId= accountId= : Job skipped jobRunId=563459a9-25f8-43a8-b884-e78020fc2ff3 job=EXPIRATIONS clubId=bill-a reason=CLUB_INACTIVE baseline=false
2026-10-08T00:10:48.234+02:00 INFO  [main] c.a.c.p.application.jobs.JobRunner traceId= clubId= accountId= : Job skipped jobRunId=867d5133-[redacted]=EXPIRATIONS clubId=bill-a reason=DISABLED baseline=false
2026-10-08T00:10:48.246+02:00 INFO  [main] c.a.c.p.application.jobs.JobRunner traceId= clubId= accountId= : Job skipped jobRunId=d3c55726-3a09-4d66-acdf-1561bd72a1db job=BILLING_REMINDER clubId=bill-a reason=DISABLED baseline=false
