00:32:14.339 [main] INFO org.springframework.test.context.support.AnnotationConfigContextLoaderUtils -- Could not detect default configuration classes for test class [com.agilityhub.core.clubs.census.application.DemoScenarioSeedIT]: DemoScenarioSeedIT does not declare any static, non-private, non-final, nested classes annotated with @Configuration.
00:32:14.435 [main] INFO org.springframework.boot.test.context.SpringBootTestContextBootstrapper -- Found @SpringBootConfiguration com.agilityhub.core.CoreApplication for test class com.agilityhub.core.clubs.census.application.DemoScenarioSeedIT
00:32:14.481 [main] INFO org.testcontainers.images.PullPolicy -- Image pull policy will be performed by: DefaultPullPolicy()
00:32:14.482 [main] INFO org.testcontainers.utility.ImageNameSubstitutor -- Image name substitution will be performed by: DefaultImageNameSubstitutor (composite of 'ConfigurationFileImageNameSubstitutor' and 'PrefixingImageNameSubstitutor')
00:32:14.484 [main] INFO org.testcontainers.DockerClientFactory -- Testcontainers version: 1.21.4
00:32:14.546 [main] INFO org.testcontainers.dockerclient.DockerClientProviderStrategy -- Loaded org.testcontainers.dockerclient.UnixSocketClientProviderStrategy from ~/.testcontainers.properties, will try it first
00:32:14.641 [main] INFO org.testcontainers.dockerclient.DockerClientProviderStrategy -- Found Docker environment with local Unix socket (unix:///var/run/docker.sock)
00:32:14.642 [main] INFO org.testcontainers.DockerClientFactory -- Docker host IP address is localhost
00:32:14.652 [main] INFO org.testcontainers.DockerClientFactory -- Connected to docker: 
  Server Version: 29.8.2
  API Version: 1.56
  Operating System: Docker Desktop
  Total Memory: 7931 MB
  Labels: 
    com.docker.desktop.address=unix:///Users/jordib/Library/Containers/com.docker.docker/Data/docker-cli.sock
00:32:14.893 [main] INFO tc.testcontainers/ryuk:0.12.0 -- Creating container for image: testcontainers/ryuk:0.12.0
00:32:14.927 [main] INFO org.testcontainers.utility.RegistryAuthLocator -- Credential helper/store (docker-credential-desktop) does not have credentials for https://index.docker.io/v1/
00:32:14.978 [main] INFO tc.testcontainers/ryuk:0.12.0 -- Container testcontainers/ryuk:0.12.0 is starting: f33ef83177f0d4e075068c73e49d2bc25d6e31a41170439f7f155e5186c0217b
00:32:15.095 [main] INFO tc.testcontainers/ryuk:0.12.0 -- Container testcontainers/ryuk:0.12.0 started in PT0.202017S
00:32:15.098 [main] INFO org.testcontainers.utility.RyukResourceReaper -- Ryuk started - will monitor and terminate Testcontainers containers on JVM exit
00:32:15.098 [main] INFO org.testcontainers.DockerClientFactory -- Checking the system...
00:32:15.098 [main] INFO org.testcontainers.DockerClientFactory -- ✔︎ Docker server version should be at least 1.6.0
00:32:15.098 [main] INFO tc.mongo:7 -- Creating container for image: mongo:7
00:32:15.124 [main] INFO tc.mongo:7 -- Container mongo:7 is starting: 6e6114a757aab906c9472235534e8d999620166bb77535c341be6ca3d6b26a66
00:32:15.516 [main] INFO tc.mongo:7 -- Container mongo:7 started in PT0.41781S
Integration JVM availableProcessors=18

  .   ____          _            __ _ _
 /\\ / ___'_ __ _ _(_)_ __  __ _ \ \ \ \
( ( )\___ | '_ | '_| | '_ \/ _` | \ \ \ \
 \\/  ___)| |_)| | | | | || (_| |  ) ) ) )
  '  |____| .__|_| |_|_| |_\__, | / / / /
 =========|_|==============|___/=/_/_/_/

 :: Spring Boot ::               (v3.5.16)

2026-10-08T00:32:16.088+02:00 INFO  [main] c.a.c.c.c.application.DemoScenarioSeedIT traceId= clubId= accountId= : Starting DemoScenarioSeedIT using Java [redacted] with PID 98276 (started by jordib in /Users/jordib/dev/agilityhub/agilityhub-core-api)
2026-10-08T00:32:16.089+02:00 INFO  [main] c.a.c.c.c.application.DemoScenarioSeedIT traceId= clubId= accountId= : The following 1 profile is active: "test"
2026-10-08T00:32:16.787+02:00 INFO  [main] o.s.d.r.c.RepositoryConfigurationDelegate traceId= clubId= accountId= : Bootstrapping Spring Data MongoDB repositories in DEFAULT mode.
2026-10-08T00:32:16.826+02:00 INFO  [main] o.s.d.r.c.RepositoryConfigurationDelegate traceId= clubId= accountId= : Finished Spring Data repository scanning in 36 ms. Found 0 MongoDB repository interfaces.
2026-10-08T00:32:17.149+02:00 INFO  [main] org.mongodb.driver.client traceId= clubId= accountId= : MongoClient with metadata {"driver": {"name": "mongo-java-driver|sync|spring-boot", "version": "5.5.2"}, "os": {"type": "Darwin", "name": "Mac OS X", "architecture": "aarch64", "version": "26.4.1"}, "platform": "Java/Homebrew/[redacted]"} created with settings MongoClientSettings{readPreference=primary, writeConcern=WriteConcern{w=null, wTimeout=null ms, journal=null}, retryWrites=true, retryReads=true, readConcern=ReadConcern{level=null}, credential=null, transportSettings=null, commandListeners=[io.micrometer.core.instrument.binder.mongodb.MongoMetricsCommandListener@73502d5e], codecRegistry=ProvidersCodecRegistry{codecProviders=[ValueCodecProvider{}, BsonValueCodecProvider{}, DBRefCodecProvider{}, DBObjectCodecProvider{}, DocumentCodecProvider{}, CollectionCodecProvider{}, IterableCodecProvider{}, MapCodecProvider{}, GeoJsonCodecProvider{}, GridFSFileCodecProvider{}, Jsr310CodecProvider{}, JsonObjectCodecProvider{}, BsonCodecProvider{}, EnumCodecProvider{}, com.mongodb.client.model.mql.ExpressionCodecProvider@471d6571, com.mongodb.Jep395RecordCodecProvider@213bd66a, com.mongodb.KotlinCodecProvider@5692863]}, loggerSettings=LoggerSettings{maxDocumentLength=1000}, clusterSettings={hosts=[localhost:61372], srvServiceName=mongodb, mode=SINGLE, requiredClusterType=UNKNOWN, requiredReplicaSetName='null', serverSelector='null', clusterListeners='[]', serverSelectionTimeout='2000 ms', localThreshold='15 ms'}, socketSettings=SocketSettings{connectTimeoutMS=2000, readTimeoutMS=0, receiveBufferSize=0, proxySettings=ProxySettings{host=null, port=null, username=null, [redacted], heartbeatSocketSettings=SocketSettings{connectTimeoutMS=2000, readTimeoutMS=2000, receiveBufferSize=0, proxySettings=ProxySettings{host=null, port=null, username=null, [redacted], connectionPoolSettings=ConnectionPoolSettings{maxSize=100, minSize=0, maxWaitTimeMS=2000, maxConnectionLifeTimeMS=0, maxConnectionIdleTimeMS=0, maintenanceInitialDelayMS=0, maintenanceFrequencyMS=60000, connectionPoolListeners=[io.micrometer.core.instrument.binder.mongodb.MongoMetricsConnectionPoolListener@77a1df4d], maxConnecting=2}, serverSettings=ServerSettings{heartbeatFrequencyMS=10000, minHeartbeatFrequencyMS=500, serverMonitoringMode=AUTO, serverListeners='[]', serverMonitorListeners='[]'}, sslSettings=SslSettings{enabled=false, invalidHostNameAllowed=false, context=null}, applicationName='null', compressorList=[], uuidRepresentation=JAVA_LEGACY, serverApi=null, autoEncryptionSettings=null, dnsClient=null, inetAddressResolver=null, contextProvider=null, timeoutMS=null}
2026-10-08T00:32:17.154+02:00 INFO  [cluster-ClusterId{value='6ac6c871d4d57724e2a4d16f', description='null'}-localhost:61372] org.mongodb.driver.cluster traceId= clubId= accountId= : Monitor thread successfully connected to server with description ServerDescription{address=localhost:61372, type=REPLICA_SET_PRIMARY, cryptd=false, state=CONNECTED, ok=true, minWireVersion=0, maxWireVersion=21, maxDocumentSize=16777216, logicalSessionTimeoutMinutes=30, roundTripTimeNanos=8958250, minRoundTripTimeNanos=0, setName='docker-rs', canonicalAddress=6e6114a757aa:27017, hosts=[6e6114a757aa:27017], passives=[], arbiters=[], primary='6e6114a757aa:27017', tagSet=TagSet{[]}, electionId=7fffffff0000000000000001, setVersion=1, topologyVersion=TopologyVersion{processId=6ac6c86faefc1ab4a5a4590a, counter=6}, lastWriteDate=Thu Oct 08 00:32:15 CEST 2026, lastUpdateTimeNanos=[redacted]}
2026-10-08T00:32:19.767+02:00 INFO  [main] o.s.b.t.m.w.SpringBootMockServletContext traceId= clubId= accountId= : Initializing Spring TestDispatcherServlet ''
2026-10-08T00:32:19.767+02:00 INFO  [main] o.s.t.web.servlet.TestDispatcherServlet traceId= clubId= accountId= : Initializing Servlet ''
2026-10-08T00:32:19.768+02:00 INFO  [main] o.s.t.web.servlet.TestDispatcherServlet traceId= clubId= accountId= : Completed initialization in 1 ms
2026-10-08T00:32:19.795+02:00 INFO  [main] c.a.c.c.c.application.DemoScenarioSeedIT traceId= clubId= accountId= : Started DemoScenarioSeedIT in 3.838 seconds (process running for 5.717)
Mockito is currently self-attaching to enable the inline-mock-maker. This will no longer work in future releases of the JDK. Please add Mockito as an agent to your build as described in Mockito's documentation: https://javadoc.io/doc/org.mockito/mockito-core/latest/org.mockito/org/mockito/Mockito.html#0.3
OpenJDK 64-Bit Server VM warning: Sharing is only supported for boot loader classes because bootstrap classpath has been appended
WARNING: A Java agent has been loaded dynamically (/Users/jordib/.m2/repository/net/bytebuddy/byte-buddy-agent/1.17.8/byte-buddy-agent-1.17.8.jar)
WARNING: If a serviceability tool is in use, please run with -XX:+EnableDynamicAgentLoading to hide this warning
WARNING: If a serviceability tool is not in use, please run with -Djdk.instrument.traceUsage for more information
WARNING: Dynamic loading of agents will be disallowed by default in a future release
{activeMembers=184, pendingMembers=3, inactiveMembers=4, leftMembers=3, members=194, dogs=246, familyGroups=12, activeDogs=242, pendingDogs=3, inactiveDogs=1, instructors=3, administrators=2, receivedDocuments=7, pendingDocuments=239}
452 changes (demo seed)
{templateClasses=39, templates=3, weeks=3, generatedClasses=102, validatedWeeks=2, looseClasses=1, ringBlocks=1, scenarioRingBlocks=0, attendanceHistoryClasses=0, riskCancellations=1, classBookings=23, classWaitlist=3, activities=4, publishedActivities=3, activityRegistrations=44, activityWaitlist=2, activityFiles=2, scenarioActivityRegistrations=0, scenarioClassBookings=0, scenarioCancellations=0, scenarioWaitlist=0, scenarioOffers=0, scenarioRiskExempt=0, scenarioBookingBlocks=0, attendanceRenamed=0, attendanceLevelChanges=0, followupNotes=0, attendanceBookings=0, attendanceWaitlist=0, attendanceMarks=0, attendanceCancellations=0, attendanceNoShowBatches=0, followupTasks=0, followupTaskAttachments=0, followupObservations=0, scenarioTrainingOverrides=0, scenarioTrainingBookings=0, trainingHistoryOverrides=0, trainingHistoryBookings=0, messagingContacts=2, messagingProfiles=3, messagingBounces=1, pushSubscriptions=1, customTemplates=1, billingProviders=1, pendingInactivity=1, activeInactivity=1, plannedLeave=1, expiredPacks=1}
246 changes (demo planning, week start 2026-09-07)
E5-T07 outbox backlog discarded before DemoScenarioSeedIT: 684 PENDING records (more than one dispatch() batch)
{activeMembers=184, pendingMembers=3, inactiveMembers=4, leftMembers=3, members=194, dogs=246, familyGroups=12, activeDogs=242, pendingDogs=3, inactiveDogs=1, instructors=3, administrators=2, receivedDocuments=7, pendingDocuments=239}
452 changes (demo seed)
{templateClasses=39, templates=3, weeks=3, generatedClasses=114, validatedWeeks=2, looseClasses=1, ringBlocks=1, scenarioRingBlocks=1, attendanceHistoryClasses=10, riskCancellations=1, classBookings=23, classWaitlist=3, activities=4, publishedActivities=3, activityRegistrations=44, activityWaitlist=2, activityFiles=2, scenarioActivityRegistrations=1, scenarioClassBookings=18, scenarioCancellations=3, scenarioWaitlist=5, scenarioOffers=0, scenarioRiskExempt=1, scenarioBookingBlocks=1, attendanceRenamed=6, attendanceLevelChanges=1, followupNotes=1, attendanceBookings=34, attendanceWaitlist=1, attendanceMarks=26, attendanceCancellations=2, attendanceNoShowBatches=1, followupTasks=2, followupTaskAttachments=1, followupObservations=1, scenarioTrainingOverrides=1, scenarioTrainingBookings=3, trainingHistoryOverrides=1, trainingHistoryBookings=10, messagingContacts=2, messagingProfiles=3, messagingBounces=1, pushSubscriptions=1, customTemplates=1, billingProviders=1, pendingInactivity=1, activeInactivity=1, plannedLeave=1, expiredPacks=1}
389 changes (demo planning, week start 2026-09-14)
{activeMembers=184, pendingMembers=3, inactiveMembers=4, leftMembers=3, members=194, dogs=246, familyGroups=12, activeDogs=242, pendingDogs=3, inactiveDogs=1, instructors=3, administrators=2, receivedDocuments=7, pendingDocuments=239}
0 changes (demo seed)
{templateClasses=39, templates=3, weeks=3, generatedClasses=114, validatedWeeks=2, looseClasses=1, ringBlocks=1, scenarioRingBlocks=1, attendanceHistoryClasses=10, riskCancellations=1, classBookings=23, classWaitlist=3, activities=4, publishedActivities=3, activityRegistrations=44, activityWaitlist=2, activityFiles=2, scenarioActivityRegistrations=1, scenarioClassBookings=18, scenarioCancellations=3, scenarioWaitlist=5, scenarioOffers=0, scenarioRiskExempt=1, scenarioBookingBlocks=1, attendanceRenamed=6, attendanceLevelChanges=1, followupNotes=1, attendanceBookings=34, attendanceWaitlist=1, attendanceMarks=26, attendanceCancellations=2, attendanceNoShowBatches=1, followupTasks=2, followupTaskAttachments=1, followupObservations=1, scenarioTrainingOverrides=1, scenarioTrainingBookings=3, trainingHistoryOverrides=1, trainingHistoryBookings=10, messagingContacts=2, messagingProfiles=3, messagingBounces=1, pushSubscriptions=1, customTemplates=1, billingProviders=1, pendingInactivity=1, activeInactivity=1, plannedLeave=1, expiredPacks=1}
0 changes (demo planning, week start 2026-09-14)
{activeMembers=184, pendingMembers=3, inactiveMembers=4, leftMembers=3, members=194, dogs=246, familyGroups=12, activeDogs=242, pendingDogs=3, inactiveDogs=1, instructors=3, administrators=2, receivedDocuments=7, pendingDocuments=239}
452 changes (demo seed)
{templateClasses=39, templates=3, weeks=3, generatedClasses=114, validatedWeeks=2, looseClasses=1, ringBlocks=1, scenarioRingBlocks=1, attendanceHistoryClasses=10, riskCancellations=1, classBookings=23, classWaitlist=3, activities=4, publishedActivities=3, activityRegistrations=44, activityWaitlist=2, activityFiles=2, scenarioActivityRegistrations=1, scenarioClassBookings=18, scenarioCancellations=3, scenarioWaitlist=5, scenarioOffers=0, scenarioRiskExempt=1, scenarioBookingBlocks=1, attendanceRenamed=6, attendanceLevelChanges=1, followupNotes=1, attendanceBookings=34, attendanceWaitlist=1, attendanceMarks=26, attendanceCancellations=2, attendanceNoShowBatches=1, followupTasks=2, followupTaskAttachments=1, followupObservations=1, scenarioTrainingOverrides=1, scenarioTrainingBookings=3, trainingHistoryOverrides=1, trainingHistoryBookings=10, messagingContacts=2, messagingProfiles=3, messagingBounces=1, pushSubscriptions=1, customTemplates=1, billingProviders=1, pendingInactivity=1, activeInactivity=1, plannedLeave=1, expiredPacks=1}
389 changes (demo planning, week start 2026-09-14)
E5-T07 outbox backlog discarded before DemoScenarioSeedIT: 977 PENDING records (more than one dispatch() batch)
{activeMembers=184, pendingMembers=3, inactiveMembers=4, leftMembers=3, members=194, dogs=246, familyGroups=12, activeDogs=242, pendingDogs=3, inactiveDogs=1, instructors=3, administrators=2, receivedDocuments=7, pendingDocuments=239}
452 changes (demo seed)
{templateClasses=39, templates=3, weeks=3, generatedClasses=114, validatedWeeks=2, looseClasses=1, ringBlocks=1, scenarioRingBlocks=1, attendanceHistoryClasses=10, riskCancellations=1, classBookings=23, classWaitlist=3, activities=4, publishedActivities=3, activityRegistrations=44, activityWaitlist=2, activityFiles=2, scenarioActivityRegistrations=1, scenarioClassBookings=18, scenarioCancellations=3, scenarioWaitlist=5, scenarioOffers=0, scenarioRiskExempt=1, scenarioBookingBlocks=1, attendanceRenamed=6, attendanceLevelChanges=1, followupNotes=1, attendanceBookings=34, attendanceWaitlist=1, attendanceMarks=26, attendanceCancellations=2, attendanceNoShowBatches=1, followupTasks=2, followupTaskAttachments=1, followupObservations=1, scenarioTrainingOverrides=1, scenarioTrainingBookings=3, trainingHistoryOverrides=1, trainingHistoryBookings=10, messagingContacts=2, messagingProfiles=3, messagingBounces=1, pushSubscriptions=1, customTemplates=1, billingProviders=1, pendingInactivity=1, activeInactivity=1, plannedLeave=1, expiredPacks=1}
389 changes (demo planning, week start 2026-09-14)
{activeMembers=184, pendingMembers=3, inactiveMembers=4, leftMembers=3, members=194, dogs=246, familyGroups=12, activeDogs=242, pendingDogs=3, inactiveDogs=1, instructors=3, administrators=2, receivedDocuments=7, pendingDocuments=239}
0 changes (demo seed)
{templateClasses=39, templates=3, weeks=3, generatedClasses=114, validatedWeeks=2, looseClasses=1, ringBlocks=1, scenarioRingBlocks=1, attendanceHistoryClasses=10, riskCancellations=1, classBookings=23, classWaitlist=3, activities=4, publishedActivities=3, activityRegistrations=44, activityWaitlist=2, activityFiles=2, scenarioActivityRegistrations=1, scenarioClassBookings=18, scenarioCancellations=3, scenarioWaitlist=5, scenarioOffers=0, scenarioRiskExempt=1, scenarioBookingBlocks=1, attendanceRenamed=6, attendanceLevelChanges=1, followupNotes=1, attendanceBookings=34, attendanceWaitlist=1, attendanceMarks=26, attendanceCancellations=2, attendanceNoShowBatches=1, followupTasks=2, followupTaskAttachments=1, followupObservations=1, scenarioTrainingOverrides=1, scenarioTrainingBookings=3, trainingHistoryOverrides=1, trainingHistoryBookings=10, messagingContacts=2, messagingProfiles=3, messagingBounces=1, pushSubscriptions=1, customTemplates=1, billingProviders=1, pendingInactivity=1, activeInactivity=1, plannedLeave=1, expiredPacks=1}
0 changes (demo planning, week start 2026-09-14)
E5-T07 outbox backlog discarded before DemoScenarioSeedIT: 977 PENDING records (more than one dispatch() batch)
{activeMembers=330, pendingMembers=0, inactiveMembers=0, leftMembers=0, members=330, dogs=330, familyGroups=0, activeDogs=330, pendingDogs=0, inactiveDogs=0, instructors=1, administrators=1, receivedDocuments=0, pendingDocuments=330}
660 changes (demo seed)
{templateClasses=11, templates=1, weeks=2, generatedClasses=22, validatedWeeks=2, scenarioRingBlocks=0, attendanceHistoryClasses=0, classBookings=0, classWaitlist=0, activities=0, publishedActivities=0, activityRegistrations=0, activityWaitlist=0, activityFiles=0, scenarioActivityRegistrations=0, scenarioClassBookings=0, scenarioCancellations=0, scenarioWaitlist=0, scenarioOffers=0, scenarioRiskExempt=0, scenarioBookingBlocks=0, attendanceRenamed=0, attendanceLevelChanges=0, followupNotes=0, attendanceBookings=0, attendanceWaitlist=0, attendanceMarks=0, attendanceCancellations=0, attendanceNoShowBatches=0, followupTasks=0, followupTaskAttachments=0, followupObservations=0, scenarioTrainingOverrides=0, scenarioTrainingBookings=0, trainingHistoryOverrides=0, trainingHistoryBookings=0, messagingContacts=0, messagingProfiles=0, messagingBounces=0, pushSubscriptions=0, customTemplates=0}
38 changes (demo planning, week start 2026-09-14)
{activeMembers=330, pendingMembers=0, inactiveMembers=0, leftMembers=0, members=330, dogs=330, familyGroups=0, activeDogs=330, pendingDogs=0, inactiveDogs=0, instructors=1, administrators=1, receivedDocuments=0, pendingDocuments=330}
0 changes (demo seed)
{templateClasses=11, templates=1, weeks=2, generatedClasses=22, validatedWeeks=2, scenarioRingBlocks=0, attendanceHistoryClasses=0, classBookings=0, classWaitlist=0, activities=0, publishedActivities=0, activityRegistrations=0, activityWaitlist=0, activityFiles=0, scenarioActivityRegistrations=0, scenarioClassBookings=0, scenarioCancellations=0, scenarioWaitlist=0, scenarioOffers=0, scenarioRiskExempt=0, scenarioBookingBlocks=0, attendanceRenamed=0, attendanceLevelChanges=0, followupNotes=0, attendanceBookings=0, attendanceWaitlist=0, attendanceMarks=0, attendanceCancellations=0, attendanceNoShowBatches=0, followupTasks=0, followupTaskAttachments=0, followupObservations=0, scenarioTrainingOverrides=0, scenarioTrainingBookings=0, trainingHistoryOverrides=0, trainingHistoryBookings=0, messagingContacts=0, messagingProfiles=0, messagingBounces=0, pushSubscriptions=0, customTemplates=0}
0 changes (demo planning, week start 2026-09-14)
E5-T07 outbox backlog discarded before DemoScenarioSeedIT: 763 PENDING records (more than one dispatch() batch)
{activeMembers=184, pendingMembers=3, inactiveMembers=4, leftMembers=3, members=194, dogs=246, familyGroups=12, activeDogs=242, pendingDogs=3, inactiveDogs=1, instructors=3, administrators=2, receivedDocuments=7, pendingDocuments=239}
452 changes (demo seed)
{templateClasses=39, templates=3, weeks=3, generatedClasses=114, validatedWeeks=2, looseClasses=1, ringBlocks=1, scenarioRingBlocks=1, attendanceHistoryClasses=10, riskCancellations=1, classBookings=23, classWaitlist=3, activities=4, publishedActivities=3, activityRegistrations=44, activityWaitlist=2, activityFiles=2, scenarioActivityRegistrations=1, scenarioClassBookings=18, scenarioCancellations=3, scenarioWaitlist=5, scenarioOffers=0, scenarioRiskExempt=1, scenarioBookingBlocks=1, attendanceRenamed=6, attendanceLevelChanges=1, followupNotes=1, attendanceBookings=34, attendanceWaitlist=1, attendanceMarks=26, attendanceCancellations=2, attendanceNoShowBatches=1, followupTasks=2, followupTaskAttachments=1, followupObservations=1, scenarioTrainingOverrides=1, scenarioTrainingBookings=3, trainingHistoryOverrides=1, trainingHistoryBookings=10, messagingContacts=2, messagingProfiles=3, messagingBounces=1, pushSubscriptions=1, customTemplates=1, billingProviders=1, pendingInactivity=1, activeInactivity=1, plannedLeave=1, expiredPacks=1}
389 changes (demo planning, week start 2026-09-14)
E5-T07 outbox backlog discarded before DemoScenarioSeedIT: 977 PENDING records (more than one dispatch() batch)
{activeMembers=8, pendingMembers=0, inactiveMembers=0, leftMembers=0, members=8, dogs=8, familyGroups=0, activeDogs=8, pendingDogs=0, inactiveDogs=0, instructors=1, administrators=1, receivedDocuments=0, pendingDocuments=8}
16 changes (demo seed)
{templateClasses=5, templates=1, weeks=1, generatedClasses=5, validatedWeeks=1, scenarioRingBlocks=0, attendanceHistoryClasses=0, classBookings=0, classWaitlist=0, activities=0, publishedActivities=0, activityRegistrations=0, activityWaitlist=0, activityFiles=0, scenarioActivityRegistrations=0, scenarioClassBookings=2, scenarioCancellations=1, scenarioWaitlist=3, scenarioOffers=1, scenarioRiskExempt=0, scenarioBookingBlocks=0, attendanceRenamed=0, attendanceLevelChanges=0, followupNotes=0, attendanceBookings=0, attendanceWaitlist=0, attendanceMarks=0, attendanceCancellations=0, attendanceNoShowBatches=0, followupTasks=0, followupTaskAttachments=0, followupObservations=0, scenarioTrainingOverrides=0, scenarioTrainingBookings=0, trainingHistoryOverrides=0, trainingHistoryBookings=0, messagingContacts=0, messagingProfiles=0, messagingBounces=0, pushSubscriptions=0, customTemplates=0, cardMembers=1, pendingCharges=2}
23 changes (demo planning, week start 2026-09-14)
2026-10-08T00:32:52.213+02:00 INFO  [main] o.s.t.c.s.AnnotationConfigContextLoaderUtils traceId= clubId= accountId= : Could not detect default configuration classes for test class [com.agilityhub.core.clubs.census.application.DemoAttendanceSeedIT]: DemoAttendanceSeedIT does not declare any static, non-private, non-final, nested classes annotated with @Configuration.
2026-10-08T00:32:52.215+02:00 INFO  [main] o.s.b.t.c.SpringBootTestContextBootstrapper traceId= clubId= accountId= : Found @SpringBootConfiguration com.agilityhub.core.CoreApplication for test class com.agilityhub.core.clubs.census.application.DemoAttendanceSeedIT
{activeMembers=184, pendingMembers=3, inactiveMembers=4, leftMembers=3, members=194, dogs=246, familyGroups=12, activeDogs=242, pendingDogs=3, inactiveDogs=1, instructors=3, administrators=2, receivedDocuments=7, pendingDocuments=239}
452 changes (demo seed)
{templateClasses=39, templates=3, weeks=3, generatedClasses=114, validatedWeeks=2, looseClasses=1, ringBlocks=1, scenarioRingBlocks=1, attendanceHistoryClasses=10, riskCancellations=1, classBookings=23, classWaitlist=3, activities=4, publishedActivities=3, activityRegistrations=44, activityWaitlist=2, activityFiles=2, scenarioActivityRegistrations=1, scenarioClassBookings=18, scenarioCancellations=3, scenarioWaitlist=5, scenarioOffers=0, scenarioRiskExempt=1, scenarioBookingBlocks=1, attendanceRenamed=6, attendanceLevelChanges=1, followupNotes=1, attendanceBookings=34, attendanceWaitlist=1, attendanceMarks=26, attendanceCancellations=2, attendanceNoShowBatches=1, followupTasks=2, followupTaskAttachments=1, followupObservations=1, scenarioTrainingOverrides=1, scenarioTrainingBookings=3, trainingHistoryOverrides=1, trainingHistoryBookings=10, messagingContacts=2, messagingProfiles=3, messagingBounces=1, pushSubscriptions=1, customTemplates=1, billingProviders=1, pendingInactivity=1, activeInactivity=1, plannedLeave=1, expiredPacks=1}
389 changes (demo planning, week start 2026-09-14)
E6-T04 demo seed counts {"templateClasses": 39, "templates": 3, "weeks": 3, "generatedClasses": 114, "validatedWeeks": 2, "looseClasses": 1, "ringBlocks": 1, "scenarioRingBlocks": 1, "attendanceHistoryClasses": 10, "riskCancellations": 1, "classBookings": 23, "classWaitlist": 3, "activities": 4, "publishedActivities": 3, "activityRegistrations": 44, "activityWaitlist": 2, "activityFiles": 2, "scenarioActivityRegistrations": 1, "scenarioClassBookings": 18, "scenarioCancellations": 3, "scenarioWaitlist": 5, "scenarioOffers": 0, "scenarioRiskExempt": 1, "scenarioBookingBlocks": 1, "attendanceRenamed": 6, "attendanceLevelChanges": 1, "followupNotes": 1, "attendanceBookings": 34, "attendanceWaitlist": 1, "attendanceMarks": 26, "attendanceCancellations": 2, "attendanceNoShowBatches": 1, "followupTasks": 2, "followupTaskAttachments": 1, "followupObservations": 1, "scenarioTrainingOverrides": 1, "scenarioTrainingBookings": 3, "trainingHistoryOverrides": 1, "trainingHistoryBookings": 10, "messagingContacts": 2, "messagingProfiles": 3, "messagingBounces": 1, "pushSubscriptions": 1, "customTemplates": 1, "billingProviders": 1, "pendingInactivity": 1, "activeInactivity": 1, "plannedLeave": 1, "expiredPacks": 1}
E6-T04 Mel card metrics at demoNow {"windowDays":30,"attendancePct":86,"present":6,"noShow":1,"notified":1,"cancelledLate":0,"classesCounted":7,"trainingsCount":10,"trainingsPerWeek":2.3}
{activeMembers=184, pendingMembers=3, inactiveMembers=4, leftMembers=3, members=194, dogs=246, familyGroups=12, activeDogs=242, pendingDogs=3, inactiveDogs=1, instructors=3, administrators=2, receivedDocuments=7, pendingDocuments=239}
452 changes (demo seed)
{templateClasses=39, templates=3, weeks=3, generatedClasses=114, validatedWeeks=2, looseClasses=1, ringBlocks=1, scenarioRingBlocks=1, attendanceHistoryClasses=10, riskCancellations=1, classBookings=23, classWaitlist=3, activities=4, publishedActivities=3, activityRegistrations=44, activityWaitlist=2, activityFiles=2, scenarioActivityRegistrations=1, scenarioClassBookings=18, scenarioCancellations=3, scenarioWaitlist=5, scenarioOffers=0, scenarioRiskExempt=1, scenarioBookingBlocks=1, attendanceRenamed=6, attendanceLevelChanges=1, followupNotes=1, attendanceBookings=34, attendanceWaitlist=1, attendanceMarks=26, attendanceCancellations=2, attendanceNoShowBatches=1, followupTasks=2, followupTaskAttachments=1, followupObservations=1, scenarioTrainingOverrides=1, scenarioTrainingBookings=3, trainingHistoryOverrides=1, trainingHistoryBookings=10, messagingContacts=2, messagingProfiles=3, messagingBounces=1, pushSubscriptions=1, customTemplates=1, billingProviders=1, pendingInactivity=1, activeInactivity=1, plannedLeave=1, expiredPacks=1}
389 changes (demo planning, week start 2026-09-14)
{activeMembers=184, pendingMembers=3, inactiveMembers=4, leftMembers=3, members=194, dogs=246, familyGroups=12, activeDogs=242, pendingDogs=3, inactiveDogs=1, instructors=3, administrators=2, receivedDocuments=7, pendingDocuments=239}
0 changes (demo seed)
{templateClasses=39, templates=3, weeks=3, generatedClasses=114, validatedWeeks=2, looseClasses=1, ringBlocks=1, scenarioRingBlocks=1, attendanceHistoryClasses=10, riskCancellations=1, classBookings=23, classWaitlist=3, activities=4, publishedActivities=3, activityRegistrations=44, activityWaitlist=2, activityFiles=2, scenarioActivityRegistrations=1, scenarioClassBookings=18, scenarioCancellations=3, scenarioWaitlist=5, scenarioOffers=0, scenarioRiskExempt=1, scenarioBookingBlocks=1, attendanceRenamed=6, attendanceLevelChanges=1, followupNotes=1, attendanceBookings=34, attendanceWaitlist=1, attendanceMarks=26, attendanceCancellations=2, attendanceNoShowBatches=1, followupTasks=2, followupTaskAttachments=1, followupObservations=1, scenarioTrainingOverrides=1, scenarioTrainingBookings=3, trainingHistoryOverrides=1, trainingHistoryBookings=10, messagingContacts=2, messagingProfiles=3, messagingBounces=1, pushSubscriptions=1, customTemplates=1, billingProviders=1, pendingInactivity=1, activeInactivity=1, plannedLeave=1, expiredPacks=1}
0 changes (demo planning, week start 2026-09-14)
E5-T07 outbox backlog discarded before DemoAttendanceSeedIT: 977 PENDING records (more than one dispatch() batch)
{activeMembers=184, pendingMembers=3, inactiveMembers=4, leftMembers=3, members=194, dogs=246, familyGroups=12, activeDogs=242, pendingDogs=3, inactiveDogs=1, instructors=3, administrators=2, receivedDocuments=7, pendingDocuments=239}
452 changes (demo seed)
{templateClasses=39, templates=3, weeks=3, generatedClasses=114, validatedWeeks=2, looseClasses=1, ringBlocks=1, scenarioRingBlocks=1, attendanceHistoryClasses=10, riskCancellations=1, classBookings=23, classWaitlist=3, activities=4, publishedActivities=3, activityRegistrations=44, activityWaitlist=2, activityFiles=2, scenarioActivityRegistrations=1, scenarioClassBookings=18, scenarioCancellations=3, scenarioWaitlist=5, scenarioOffers=0, scenarioRiskExempt=1, scenarioBookingBlocks=1, attendanceRenamed=6, attendanceLevelChanges=1, followupNotes=1, attendanceBookings=34, attendanceWaitlist=1, attendanceMarks=26, attendanceCancellations=2, attendanceNoShowBatches=1, followupTasks=2, followupTaskAttachments=1, followupObservations=1, scenarioTrainingOverrides=1, scenarioTrainingBookings=3, trainingHistoryOverrides=1, trainingHistoryBookings=10, messagingContacts=2, messagingProfiles=3, messagingBounces=1, pushSubscriptions=1, customTemplates=1, billingProviders=1, pendingInactivity=1, activeInactivity=1, plannedLeave=1, expiredPacks=1}
389 changes (demo planning, week start 2026-09-14)
{activeMembers=184, pendingMembers=3, inactiveMembers=4, leftMembers=3, members=194, dogs=246, familyGroups=12, activeDogs=242, pendingDogs=3, inactiveDogs=1, instructors=3, administrators=2, receivedDocuments=7, pendingDocuments=239}
452 changes (demo seed)
{templateClasses=39, templates=3, weeks=3, generatedClasses=114, validatedWeeks=2, looseClasses=1, ringBlocks=1, scenarioRingBlocks=1, attendanceHistoryClasses=10, riskCancellations=1, classBookings=23, classWaitlist=3, activities=4, publishedActivities=3, activityRegistrations=44, activityWaitlist=2, activityFiles=2, scenarioActivityRegistrations=1, scenarioClassBookings=18, scenarioCancellations=3, scenarioWaitlist=5, scenarioOffers=0, scenarioRiskExempt=1, scenarioBookingBlocks=1, attendanceRenamed=6, attendanceLevelChanges=1, followupNotes=1, attendanceBookings=34, attendanceWaitlist=1, attendanceMarks=26, attendanceCancellations=2, attendanceNoShowBatches=1, followupTasks=2, followupTaskAttachments=1, followupObservations=1, scenarioTrainingOverrides=1, scenarioTrainingBookings=3, trainingHistoryOverrides=1, trainingHistoryBookings=10, messagingContacts=2, messagingProfiles=3, messagingBounces=1, pushSubscriptions=1, customTemplates=1, billingProviders=1, pendingInactivity=1, activeInactivity=1, plannedLeave=1, expiredPacks=1}
389 changes (demo planning, week start 2026-09-14)
{activeMembers=184, pendingMembers=3, inactiveMembers=4, leftMembers=3, members=194, dogs=246, familyGroups=12, activeDogs=242, pendingDogs=3, inactiveDogs=1, instructors=3, administrators=2, receivedDocuments=7, pendingDocuments=239}
0 changes (demo seed)
{templateClasses=39, templates=3, weeks=3, generatedClasses=114, validatedWeeks=2, looseClasses=1, ringBlocks=1, scenarioRingBlocks=1, attendanceHistoryClasses=10, riskCancellations=1, classBookings=23, classWaitlist=3, activities=4, publishedActivities=3, activityRegistrations=44, activityWaitlist=2, activityFiles=2, scenarioActivityRegistrations=1, scenarioClassBookings=18, scenarioCancellations=3, scenarioWaitlist=5, scenarioOffers=0, scenarioRiskExempt=1, scenarioBookingBlocks=1, attendanceRenamed=6, attendanceLevelChanges=1, followupNotes=1, attendanceBookings=34, attendanceWaitlist=1, attendanceMarks=26, attendanceCancellations=2, attendanceNoShowBatches=1, followupTasks=2, followupTaskAttachments=1, followupObservations=1, scenarioTrainingOverrides=1, scenarioTrainingBookings=3, trainingHistoryOverrides=1, trainingHistoryBookings=10, messagingContacts=2, messagingProfiles=3, messagingBounces=1, pushSubscriptions=1, customTemplates=1, billingProviders=1, pendingInactivity=1, activeInactivity=1, plannedLeave=1, expiredPacks=1}
0 changes (demo planning, week start 2026-09-14)
2026-10-08T00:33:22.060+02:00 INFO  [main] o.s.t.c.s.AnnotationConfigContextLoaderUtils traceId= clubId= accountId= : Could not detect default configuration classes for test class [com.agilityhub.core.clubs.census.application.DemoBillingSeedIT]: DemoBillingSeedIT does not declare any static, non-private, non-final, nested classes annotated with @Configuration.
2026-10-08T00:33:22.061+02:00 INFO  [main] o.s.b.t.c.SpringBootTestContextBootstrapper traceId= clubId= accountId= : Found @SpringBootConfiguration com.agilityhub.core.CoreApplication for test class com.agilityhub.core.clubs.census.application.DemoBillingSeedIT

  .   ____          _            __ _ _
 /\\ / ___'_ __ _ _(_)_ __  __ _ \ \ \ \
( ( )\___ | '_ | '_| | '_ \/ _` | \ \ \ \
 \\/  ___)| |_)| | | | | || (_| |  ) ) ) )
  '  |____| .__|_| |_|_| |_\__, | / / / /
 =========|_|==============|___/=/_/_/_/

 :: Spring Boot ::               (v3.5.16)

2026-10-08T00:33:22.073+02:00 INFO  [main] c.a.c.c.c.application.DemoBillingSeedIT traceId= clubId= accountId= : Starting DemoBillingSeedIT using Java [redacted] with PID 98276 (started by jordib in /Users/jordib/dev/agilityhub/agilityhub-core-api)
2026-10-08T00:33:22.073+02:00 INFO  [main] c.a.c.c.c.application.DemoBillingSeedIT traceId= clubId= accountId= : The following 1 profile is active: "test"
2026-10-08T00:33:22.410+02:00 INFO  [main] o.s.d.r.c.RepositoryConfigurationDelegate traceId= clubId= accountId= : Bootstrapping Spring Data MongoDB repositories in DEFAULT mode.
2026-10-08T00:33:22.441+02:00 INFO  [main] o.s.d.r.c.RepositoryConfigurationDelegate traceId= clubId= accountId= : Finished Spring Data repository scanning in 31 ms. Found 0 MongoDB repository interfaces.
2026-10-08T00:33:22.490+02:00 INFO  [main] org.mongodb.driver.client traceId= clubId= accountId= : MongoClient with metadata {"driver": {"name": "mongo-java-driver|sync|spring-boot", "version": "5.5.2"}, "os": {"type": "Darwin", "name": "Mac OS X", "architecture": "aarch64", "version": "26.4.1"}, "platform": "Java/Homebrew/[redacted]"} created with settings MongoClientSettings{readPreference=primary, writeConcern=WriteConcern{w=null, wTimeout=null ms, journal=null}, retryWrites=true, retryReads=true, readConcern=ReadConcern{level=null}, credential=null, transportSettings=null, commandListeners=[io.micrometer.core.instrument.binder.mongodb.MongoMetricsCommandListener@50748e55], codecRegistry=ProvidersCodecRegistry{codecProviders=[ValueCodecProvider{}, BsonValueCodecProvider{}, DBRefCodecProvider{}, DBObjectCodecProvider{}, DocumentCodecProvider{}, CollectionCodecProvider{}, IterableCodecProvider{}, MapCodecProvider{}, GeoJsonCodecProvider{}, GridFSFileCodecProvider{}, Jsr310CodecProvider{}, JsonObjectCodecProvider{}, BsonCodecProvider{}, EnumCodecProvider{}, com.mongodb.client.model.mql.ExpressionCodecProvider@471d6571, com.mongodb.Jep395RecordCodecProvider@213bd66a, com.mongodb.KotlinCodecProvider@5692863]}, loggerSettings=LoggerSettings{maxDocumentLength=1000}, clusterSettings={hosts=[localhost:61372], srvServiceName=mongodb, mode=SINGLE, requiredClusterType=UNKNOWN, requiredReplicaSetName='null', serverSelector='null', clusterListeners='[]', serverSelectionTimeout='2000 ms', localThreshold='15 ms'}, socketSettings=SocketSettings{connectTimeoutMS=2000, readTimeoutMS=0, receiveBufferSize=0, proxySettings=ProxySettings{host=null, port=null, username=null, [redacted], heartbeatSocketSettings=SocketSettings{connectTimeoutMS=2000, readTimeoutMS=2000, receiveBufferSize=0, proxySettings=ProxySettings{host=null, port=null, username=null, [redacted], connectionPoolSettings=ConnectionPoolSettings{maxSize=100, minSize=0, maxWaitTimeMS=2000, maxConnectionLifeTimeMS=0, maxConnectionIdleTimeMS=0, maintenanceInitialDelayMS=0, maintenanceFrequencyMS=60000, connectionPoolListeners=[io.micrometer.core.instrument.binder.mongodb.MongoMetricsConnectionPoolListener@56b2fc96], maxConnecting=2}, serverSettings=ServerSettings{heartbeatFrequencyMS=10000, minHeartbeatFrequencyMS=500, serverMonitoringMode=AUTO, serverListeners='[]', serverMonitorListeners='[]'}, sslSettings=SslSettings{enabled=false, invalidHostNameAllowed=false, context=null}, applicationName='null', compressorList=[], uuidRepresentation=JAVA_LEGACY, serverApi=null, autoEncryptionSettings=null, dnsClient=null, inetAddressResolver=null, contextProvider=null, timeoutMS=null}
2026-10-08T00:33:22.492+02:00 INFO  [cluster-ClusterId{value='6ac6c8b2d4d57724e2a4d3a7', description='null'}-localhost:61372] org.mongodb.driver.cluster traceId= clubId= accountId= : Monitor thread successfully connected to server with description ServerDescription{address=localhost:61372, type=REPLICA_SET_PRIMARY, cryptd=false, state=CONNECTED, ok=true, minWireVersion=0, maxWireVersion=21, maxDocumentSize=16777216, logicalSessionTimeoutMinutes=30, roundTripTimeNanos=1477792, minRoundTripTimeNanos=0, setName='docker-rs', canonicalAddress=6e6114a757aa:27017, hosts=[6e6114a757aa:27017], passives=[], arbiters=[], primary='6e6114a757aa:27017', tagSet=TagSet{[]}, electionId=7fffffff0000000000000001, setVersion=1, topologyVersion=TopologyVersion{processId=6ac6c86faefc1ab4a5a4590a, counter=6}, lastWriteDate=Thu Oct 08 00:33:22 CEST 2026, lastUpdateTimeNanos=[redacted]}
2026-10-08T00:33:23.163+02:00 INFO  [main] c.a.c.c.c.application.DemoBillingSeedIT traceId= clubId= accountId= : Started DemoBillingSeedIT in 1.101 seconds (process running for 69.084)
E5-T07 outbox backlog discarded before DemoBillingSeedIT: 977 PENDING records (more than one dispatch() batch)
{activeMembers=184, pendingMembers=3, inactiveMembers=4, leftMembers=3, members=194, dogs=246, familyGroups=12, activeDogs=242, pendingDogs=3, inactiveDogs=1, instructors=3, administrators=2, receivedDocuments=7, pendingDocuments=239}
452 changes (demo seed)
{templateClasses=39, templates=3, weeks=3, generatedClasses=102, validatedWeeks=2, looseClasses=1, ringBlocks=1, scenarioRingBlocks=0, attendanceHistoryClasses=0, riskCancellations=1, classBookings=23, classWaitlist=3, activities=4, publishedActivities=3, activityRegistrations=44, activityWaitlist=2, activityFiles=2, scenarioActivityRegistrations=0, scenarioClassBookings=0, scenarioCancellations=0, scenarioWaitlist=0, scenarioOffers=0, scenarioRiskExempt=0, scenarioBookingBlocks=0, attendanceRenamed=0, attendanceLevelChanges=0, followupNotes=0, attendanceBookings=0, attendanceWaitlist=0, attendanceMarks=0, attendanceCancellations=0, attendanceNoShowBatches=0, followupTasks=0, followupTaskAttachments=0, followupObservations=0, scenarioTrainingOverrides=0, scenarioTrainingBookings=0, trainingHistoryOverrides=0, trainingHistoryBookings=0, messagingContacts=2, messagingProfiles=3, messagingBounces=1, pushSubscriptions=1, customTemplates=1, billingProviders=1, pendingInactivity=1, activeInactivity=1, plannedLeave=1, expiredPacks=1}
246 changes (demo planning, week start 2026-09-07)
{activeMembers=8, pendingMembers=0, inactiveMembers=0, leftMembers=0, members=8, dogs=8, familyGroups=0, activeDogs=8, pendingDogs=0, inactiveDogs=0, instructors=1, administrators=1, receivedDocuments=0, pendingDocuments=8}
16 changes (demo seed)
{templateClasses=5, templates=1, weeks=1, generatedClasses=3, validatedWeeks=1, scenarioRingBlocks=0, attendanceHistoryClasses=0, classBookings=0, classWaitlist=0, activities=0, publishedActivities=0, activityRegistrations=0, activityWaitlist=0, activityFiles=0, scenarioActivityRegistrations=0, scenarioClassBookings=0, scenarioCancellations=0, scenarioWaitlist=0, scenarioOffers=0, scenarioRiskExempt=0, scenarioBookingBlocks=0, attendanceRenamed=0, attendanceLevelChanges=0, followupNotes=0, attendanceBookings=0, attendanceWaitlist=0, attendanceMarks=0, attendanceCancellations=0, attendanceNoShowBatches=0, followupTasks=0, followupTaskAttachments=0, followupObservations=0, scenarioTrainingOverrides=0, scenarioTrainingBookings=0, trainingHistoryOverrides=0, trainingHistoryBookings=0, messagingContacts=0, messagingProfiles=0, messagingBounces=0, pushSubscriptions=0, customTemplates=0, cardMembers=1, pendingCharges=2}
14 changes (demo planning, week start 2026-09-07)
{activeMembers=184, pendingMembers=3, inactiveMembers=4, leftMembers=3, members=194, dogs=246, familyGroups=12, activeDogs=242, pendingDogs=3, inactiveDogs=1, instructors=3, administrators=2, receivedDocuments=7, pendingDocuments=239}
0 changes (demo seed)
{templateClasses=39, templates=3, weeks=3, generatedClasses=102, validatedWeeks=2, looseClasses=1, ringBlocks=1, scenarioRingBlocks=0, attendanceHistoryClasses=0, riskCancellations=1, classBookings=23, classWaitlist=3, activities=4, publishedActivities=3, activityRegistrations=44, activityWaitlist=2, activityFiles=2, scenarioActivityRegistrations=0, scenarioClassBookings=0, scenarioCancellations=0, scenarioWaitlist=0, scenarioOffers=0, scenarioRiskExempt=0, scenarioBookingBlocks=0, attendanceRenamed=0, attendanceLevelChanges=0, followupNotes=0, attendanceBookings=0, attendanceWaitlist=0, attendanceMarks=0, attendanceCancellations=0, attendanceNoShowBatches=0, followupTasks=0, followupTaskAttachments=0, followupObservations=0, scenarioTrainingOverrides=0, scenarioTrainingBookings=0, trainingHistoryOverrides=0, trainingHistoryBookings=0, messagingContacts=2, messagingProfiles=3, messagingBounces=1, pushSubscriptions=1, customTemplates=1, billingProviders=1, pendingInactivity=1, activeInactivity=1, plannedLeave=1, expiredPacks=1}
0 changes (demo planning, week start 2026-09-07)
{activeMembers=8, pendingMembers=0, inactiveMembers=0, leftMembers=0, members=8, dogs=8, familyGroups=0, activeDogs=8, pendingDogs=0, inactiveDogs=0, instructors=1, administrators=1, receivedDocuments=0, pendingDocuments=8}
0 changes (demo seed)
{templateClasses=5, templates=1, weeks=1, generatedClasses=3, validatedWeeks=1, scenarioRingBlocks=0, attendanceHistoryClasses=0, classBookings=0, classWaitlist=0, activities=0, publishedActivities=0, activityRegistrations=0, activityWaitlist=0, activityFiles=0, scenarioActivityRegistrations=0, scenarioClassBookings=0, scenarioCancellations=0, scenarioWaitlist=0, scenarioOffers=0, scenarioRiskExempt=0, scenarioBookingBlocks=0, attendanceRenamed=0, attendanceLevelChanges=0, followupNotes=0, attendanceBookings=0, attendanceWaitlist=0, attendanceMarks=0, attendanceCancellations=0, attendanceNoShowBatches=0, followupTasks=0, followupTaskAttachments=0, followupObservations=0, scenarioTrainingOverrides=0, scenarioTrainingBookings=0, trainingHistoryOverrides=0, trainingHistoryBookings=0, messagingContacts=0, messagingProfiles=0, messagingBounces=0, pushSubscriptions=0, customTemplates=0, cardMembers=1, pendingCharges=2}
0 changes (demo planning, week start 2026-09-07)
2026-10-08T00:33:26.783+02:00 INFO  [main] o.s.t.c.s.AnnotationConfigContextLoaderUtils traceId= clubId= accountId= : Could not detect default configuration classes for test class [com.agilityhub.core.clubs.census.application.DemoPlanningSeedIT]: DemoPlanningSeedIT does not declare any static, non-private, non-final, nested classes annotated with @Configuration.
2026-10-08T00:33:26.784+02:00 INFO  [main] o.s.b.t.c.SpringBootTestContextBootstrapper traceId= clubId= accountId= : Found @SpringBootConfiguration com.agilityhub.core.CoreApplication for test class com.agilityhub.core.clubs.census.application.DemoPlanningSeedIT
E5-T07 outbox backlog discarded before DemoPlanningSeedIT: 728 PENDING records (more than one dispatch() batch)
{activeMembers=184, pendingMembers=3, inactiveMembers=4, leftMembers=3, members=194, dogs=246, familyGroups=12, activeDogs=242, pendingDogs=3, inactiveDogs=1, instructors=3, administrators=2, receivedDocuments=7, pendingDocuments=239}
452 changes (demo seed)
{templateClasses=39, templates=3, weeks=3, generatedClasses=102, validatedWeeks=2, looseClasses=1, ringBlocks=1, scenarioRingBlocks=0, attendanceHistoryClasses=0, riskCancellations=1, classBookings=23, classWaitlist=3, activities=4, publishedActivities=3, activityRegistrations=44, activityWaitlist=2, activityFiles=2, scenarioActivityRegistrations=0, scenarioClassBookings=0, scenarioCancellations=0, scenarioWaitlist=0, scenarioOffers=0, scenarioRiskExempt=0, scenarioBookingBlocks=0, attendanceRenamed=0, attendanceLevelChanges=0, followupNotes=0, attendanceBookings=0, attendanceWaitlist=0, attendanceMarks=0, attendanceCancellations=0, attendanceNoShowBatches=0, followupTasks=0, followupTaskAttachments=0, followupObservations=0, scenarioTrainingOverrides=0, scenarioTrainingBookings=0, trainingHistoryOverrides=0, trainingHistoryBookings=0, messagingContacts=2, messagingProfiles=3, messagingBounces=1, pushSubscriptions=1, customTemplates=1, billingProviders=1, pendingInactivity=1, activeInactivity=1, plannedLeave=1, expiredPacks=1}
246 changes (demo planning, week start 2026-09-07)
E5-T07 outbox backlog discarded before DemoPlanningSeedIT: 684 PENDING records (more than one dispatch() batch)
{activeMembers=184, pendingMembers=3, inactiveMembers=4, leftMembers=3, members=194, dogs=246, familyGroups=12, activeDogs=242, pendingDogs=3, inactiveDogs=1, instructors=3, administrators=2, receivedDocuments=7, pendingDocuments=239}
452 changes (demo seed)
{activeMembers=184, pendingMembers=3, inactiveMembers=4, leftMembers=3, members=194, dogs=246, familyGroups=12, activeDogs=242, pendingDogs=3, inactiveDogs=1, instructors=3, administrators=2, receivedDocuments=7, pendingDocuments=239}
452 changes (demo seed)
{templateClasses=39, templates=3, weeks=3, generatedClasses=102, validatedWeeks=2, looseClasses=1, ringBlocks=1, scenarioRingBlocks=0, attendanceHistoryClasses=0, riskCancellations=1, classBookings=23, classWaitlist=3, activities=4, publishedActivities=3, activityRegistrations=44, activityWaitlist=2, activityFiles=2, scenarioActivityRegistrations=0, scenarioClassBookings=0, scenarioCancellations=0, scenarioWaitlist=0, scenarioOffers=0, scenarioRiskExempt=0, scenarioBookingBlocks=0, attendanceRenamed=0, attendanceLevelChanges=0, followupNotes=0, attendanceBookings=0, attendanceWaitlist=0, attendanceMarks=0, attendanceCancellations=0, attendanceNoShowBatches=0, followupTasks=0, followupTaskAttachments=0, followupObservations=0, scenarioTrainingOverrides=0, scenarioTrainingBookings=0, trainingHistoryOverrides=0, trainingHistoryBookings=0, messagingContacts=2, messagingProfiles=3, messagingBounces=1, pushSubscriptions=1, customTemplates=1, billingProviders=1, pendingInactivity=1, activeInactivity=1, plannedLeave=1, expiredPacks=1}
246 changes (demo planning, week start 2026-09-07)
{activeMembers=184, pendingMembers=3, inactiveMembers=4, leftMembers=3, members=194, dogs=246, familyGroups=12, activeDogs=242, pendingDogs=3, inactiveDogs=1, instructors=3, administrators=2, receivedDocuments=7, pendingDocuments=239}
0 changes (demo seed)
{keptWeeks=1, weeks=2, generatedClasses=76, validatedWeeks=1, looseClasses=1, ringBlocks=1, riskCancellations=1, classBookings=23, classWaitlist=3}
109 changes (demo planning, week start 2026-09-21)
{activeMembers=184, pendingMembers=3, inactiveMembers=4, leftMembers=3, members=194, dogs=246, familyGroups=12, activeDogs=242, pendingDogs=3, inactiveDogs=1, instructors=3, administrators=2, receivedDocuments=7, pendingDocuments=239}
0 changes (demo seed)
{keptWeeks=1, weeks=2, generatedClasses=76, validatedWeeks=1, looseClasses=1, ringBlocks=1, riskCancellations=1, classBookings=23, classWaitlist=3}
0 changes (demo planning, week start 2026-09-21)
{activeMembers=184, pendingMembers=3, inactiveMembers=4, leftMembers=3, members=194, dogs=246, familyGroups=12, activeDogs=242, pendingDogs=3, inactiveDogs=1, instructors=3, administrators=2, receivedDocuments=7, pendingDocuments=239}
0 changes (demo seed)
{templateClasses=39, templates=3, weeks=3, generatedClasses=102, validatedWeeks=2, looseClasses=1, ringBlocks=1, scenarioRingBlocks=0, attendanceHistoryClasses=0, riskCancellations=1, classBookings=23, classWaitlist=3, activities=4, publishedActivities=3, activityRegistrations=44, activityWaitlist=2, activityFiles=2, scenarioActivityRegistrations=0, scenarioClassBookings=0, scenarioCancellations=0, scenarioWaitlist=0, scenarioOffers=0, scenarioRiskExempt=0, scenarioBookingBlocks=0, attendanceRenamed=0, attendanceLevelChanges=0, followupNotes=0, attendanceBookings=0, attendanceWaitlist=0, attendanceMarks=0, attendanceCancellations=0, attendanceNoShowBatches=0, followupTasks=0, followupTaskAttachments=0, followupObservations=0, scenarioTrainingOverrides=0, scenarioTrainingBookings=0, trainingHistoryOverrides=0, trainingHistoryBookings=0, messagingContacts=2, messagingProfiles=3, messagingBounces=1, pushSubscriptions=1, customTemplates=1, billingProviders=1, pendingInactivity=1, activeInactivity=1, plannedLeave=1, expiredPacks=1}
0 changes (demo planning, week start 2026-09-07)
E5-T07 outbox backlog discarded before DemoPlanningSeedIT: 771 PENDING records (more than one dispatch() batch)
{activeMembers=184, pendingMembers=3, inactiveMembers=4, leftMembers=3, members=194, dogs=246, familyGroups=12, activeDogs=242, pendingDogs=3, inactiveDogs=1, instructors=3, administrators=2, receivedDocuments=7, pendingDocuments=239}
452 changes (demo seed)
{templateClasses=39, templates=3, weeks=3, generatedClasses=102, validatedWeeks=2, looseClasses=1, ringBlocks=1, scenarioRingBlocks=0, attendanceHistoryClasses=0, riskCancellations=1, classBookings=23, classWaitlist=3, activities=4, publishedActivities=3, activityRegistrations=44, activityWaitlist=2, activityFiles=2, scenarioActivityRegistrations=0, scenarioClassBookings=0, scenarioCancellations=0, scenarioWaitlist=0, scenarioOffers=0, scenarioRiskExempt=0, scenarioBookingBlocks=0, attendanceRenamed=0, attendanceLevelChanges=0, followupNotes=0, attendanceBookings=0, attendanceWaitlist=0, attendanceMarks=0, attendanceCancellations=0, attendanceNoShowBatches=0, followupTasks=0, followupTaskAttachments=0, followupObservations=0, scenarioTrainingOverrides=0, scenarioTrainingBookings=0, trainingHistoryOverrides=0, trainingHistoryBookings=0, messagingContacts=2, messagingProfiles=3, messagingBounces=1, pushSubscriptions=1, customTemplates=1, billingProviders=1, pendingInactivity=1, activeInactivity=1, plannedLeave=1, expiredPacks=1}
246 changes (demo planning, week start 2026-09-07)
{activeMembers=184, pendingMembers=3, inactiveMembers=4, leftMembers=3, members=194, dogs=246, familyGroups=12, activeDogs=242, pendingDogs=3, inactiveDogs=1, instructors=3, administrators=2, receivedDocuments=7, pendingDocuments=239}
0 changes (demo seed)
{keptWeeks=2, validatedKeptWeeks=1, weeks=1, generatedClasses=38, validatedWeeks=1, looseClasses=1, ringBlocks=1, riskCancellations=1, classBookings=23, classWaitlist=3}
72 changes (demo planning, week start 2026-09-14)
{activeMembers=184, pendingMembers=3, inactiveMembers=4, leftMembers=3, members=194, dogs=246, familyGroups=12, activeDogs=242, pendingDogs=3, inactiveDogs=1, instructors=3, administrators=2, receivedDocuments=7, pendingDocuments=239}
0 changes (demo seed)
{keptWeeks=2, validatedKeptWeeks=1, weeks=1, generatedClasses=38, validatedWeeks=1, looseClasses=1, ringBlocks=1, riskCancellations=1, classBookings=23, classWaitlist=3}
0 changes (demo planning, week start 2026-09-14)
E5-T07 outbox backlog discarded before DemoPlanningSeedIT: 771 PENDING records (more than one dispatch() batch)
{activeMembers=184, pendingMembers=3, inactiveMembers=4, leftMembers=3, members=194, dogs=246, familyGroups=12, activeDogs=242, pendingDogs=3, inactiveDogs=1, instructors=3, administrators=2, receivedDocuments=7, pendingDocuments=239}
452 changes (demo seed)
{templateClasses=39, templates=3, weeks=3, generatedClasses=114, validatedWeeks=2, looseClasses=1, ringBlocks=1, scenarioRingBlocks=1, attendanceHistoryClasses=10, riskCancellations=1, classBookings=23, classWaitlist=3, activities=4, publishedActivities=3, activityRegistrations=44, activityWaitlist=2, activityFiles=2, scenarioActivityRegistrations=1, scenarioClassBookings=18, scenarioCancellations=3, scenarioWaitlist=5, scenarioOffers=0, scenarioRiskExempt=1, scenarioBookingBlocks=1, attendanceRenamed=6, attendanceLevelChanges=1, followupNotes=1, attendanceBookings=34, attendanceWaitlist=1, attendanceMarks=26, attendanceCancellations=2, attendanceNoShowBatches=1, followupTasks=2, followupTaskAttachments=1, followupObservations=1, scenarioTrainingOverrides=1, scenarioTrainingBookings=3, trainingHistoryOverrides=1, trainingHistoryBookings=10, messagingContacts=2, messagingProfiles=3, messagingBounces=1, pushSubscriptions=1, customTemplates=1, billingProviders=1, pendingInactivity=1, activeInactivity=1, plannedLeave=1, expiredPacks=1}
389 changes (demo planning, week start 2026-09-14)
E5-T07 outbox backlog discarded before DemoPlanningSeedIT: 1064 PENDING records (more than one dispatch() batch)
{activeMembers=184, pendingMembers=3, inactiveMembers=4, leftMembers=3, members=194, dogs=246, familyGroups=12, activeDogs=242, pendingDogs=3, inactiveDogs=1, instructors=3, administrators=2, receivedDocuments=7, pendingDocuments=239}
452 changes (demo seed)
{templateClasses=39, templates=3, weeks=3, generatedClasses=102, validatedWeeks=2, looseClasses=1, ringBlocks=1, scenarioRingBlocks=0, attendanceHistoryClasses=0, riskCancellations=1, classBookings=23, classWaitlist=3, activities=4, publishedActivities=3, activityRegistrations=44, activityWaitlist=2, activityFiles=2, scenarioActivityRegistrations=0, scenarioClassBookings=0, scenarioCancellations=0, scenarioWaitlist=0, scenarioOffers=0, scenarioRiskExempt=0, scenarioBookingBlocks=0, attendanceRenamed=0, attendanceLevelChanges=0, followupNotes=0, attendanceBookings=0, attendanceWaitlist=0, attendanceMarks=0, attendanceCancellations=0, attendanceNoShowBatches=0, followupTasks=0, followupTaskAttachments=0, followupObservations=0, scenarioTrainingOverrides=0, scenarioTrainingBookings=0, trainingHistoryOverrides=0, trainingHistoryBookings=0, messagingContacts=2, messagingProfiles=3, messagingBounces=1, pushSubscriptions=1, customTemplates=1, billingProviders=1, pendingInactivity=1, activeInactivity=1, plannedLeave=1, expiredPacks=1}
246 changes (demo planning, week start 2026-09-07)
{activeMembers=184, pendingMembers=3, inactiveMembers=4, leftMembers=3, members=194, dogs=246, familyGroups=12, activeDogs=242, pendingDogs=3, inactiveDogs=1, instructors=3, administrators=2, receivedDocuments=7, pendingDocuments=239}
0 changes (demo seed)
{templateClasses=39, templates=3, weeks=3, generatedClasses=102, validatedWeeks=2, looseClasses=1, ringBlocks=1, scenarioRingBlocks=0, attendanceHistoryClasses=0, riskCancellations=1, classBookings=23, classWaitlist=3, activities=4, publishedActivities=3, activityRegistrations=44, activityWaitlist=2, activityFiles=2, scenarioActivityRegistrations=0, scenarioClassBookings=0, scenarioCancellations=0, scenarioWaitlist=0, scenarioOffers=0, scenarioRiskExempt=0, scenarioBookingBlocks=0, attendanceRenamed=0, attendanceLevelChanges=0, followupNotes=0, attendanceBookings=0, attendanceWaitlist=0, attendanceMarks=0, attendanceCancellations=0, attendanceNoShowBatches=0, followupTasks=0, followupTaskAttachments=0, followupObservations=0, scenarioTrainingOverrides=0, scenarioTrainingBookings=0, trainingHistoryOverrides=0, trainingHistoryBookings=0, messagingContacts=2, messagingProfiles=3, messagingBounces=1, pushSubscriptions=1, customTemplates=1, billingProviders=1, pendingInactivity=1, activeInactivity=1, plannedLeave=1, expiredPacks=1}
0 changes (demo planning, week start 2026-09-07)
{activeMembers=184, pendingMembers=3, inactiveMembers=4, leftMembers=3, members=194, dogs=246, familyGroups=12, activeDogs=242, pendingDogs=3, inactiveDogs=1, instructors=3, administrators=2, receivedDocuments=7, pendingDocuments=239}
0 changes (demo seed)
{templateClasses=39, templates=3, weeks=3, generatedClasses=102, validatedWeeks=2, looseClasses=1, ringBlocks=1, scenarioRingBlocks=0, attendanceHistoryClasses=0, riskCancellations=1, classBookings=23, classWaitlist=3, activities=4, publishedActivities=3, activityRegistrations=44, activityWaitlist=2, activityFiles=2, scenarioActivityRegistrations=0, scenarioClassBookings=0, scenarioCancellations=0, scenarioWaitlist=0, scenarioOffers=0, scenarioRiskExempt=0, scenarioBookingBlocks=0, attendanceRenamed=0, attendanceLevelChanges=0, followupNotes=0, attendanceBookings=0, attendanceWaitlist=0, attendanceMarks=0, attendanceCancellations=0, attendanceNoShowBatches=0, followupTasks=0, followupTaskAttachments=0, followupObservations=0, scenarioTrainingOverrides=0, scenarioTrainingBookings=0, trainingHistoryOverrides=0, trainingHistoryBookings=0, messagingContacts=2, messagingProfiles=3, messagingBounces=1, pushSubscriptions=1, customTemplates=1, billingProviders=1, pendingInactivity=1, activeInactivity=1, plannedLeave=1, expiredPacks=1}
0 changes (demo planning, week start 2026-09-07)
{activeMembers=184, pendingMembers=3, inactiveMembers=4, leftMembers=3, members=194, dogs=246, familyGroups=12, activeDogs=242, pendingDogs=3, inactiveDogs=1, instructors=3, administrators=2, receivedDocuments=7, pendingDocuments=239}
452 changes (demo seed)
{templateClasses=39, templates=3, weeks=3, generatedClasses=102, validatedWeeks=2, looseClasses=1, ringBlocks=1, scenarioRingBlocks=0, attendanceHistoryClasses=0, riskCancellations=1, classBookings=23, classWaitlist=3, activities=4, publishedActivities=3, activityRegistrations=44, activityWaitlist=2, activityFiles=2, scenarioActivityRegistrations=0, scenarioClassBookings=0, scenarioCancellations=0, scenarioWaitlist=0, scenarioOffers=0, scenarioRiskExempt=0, scenarioBookingBlocks=0, attendanceRenamed=0, attendanceLevelChanges=0, followupNotes=0, attendanceBookings=0, attendanceWaitlist=0, attendanceMarks=0, attendanceCancellations=0, attendanceNoShowBatches=0, followupTasks=0, followupTaskAttachments=0, followupObservations=0, scenarioTrainingOverrides=0, scenarioTrainingBookings=0, trainingHistoryOverrides=0, trainingHistoryBookings=0, messagingContacts=2, messagingProfiles=3, messagingBounces=1, pushSubscriptions=1, customTemplates=1, billingProviders=1, pendingInactivity=1, activeInactivity=1, plannedLeave=1, expiredPacks=1}
246 changes (demo planning, week start 2026-09-07)
E5-T07 outbox backlog discarded before DemoPlanningSeedIT: 684 PENDING records (more than one dispatch() batch)
{activeMembers=184, pendingMembers=3, inactiveMembers=4, leftMembers=3, members=194, dogs=246, familyGroups=12, activeDogs=242, pendingDogs=3, inactiveDogs=1, instructors=3, administrators=2, receivedDocuments=7, pendingDocuments=239}
452 changes (demo seed)
{templateClasses=39, templates=3, weeks=3, generatedClasses=102, validatedWeeks=2, looseClasses=1, ringBlocks=1, scenarioRingBlocks=0, attendanceHistoryClasses=0, riskCancellations=1, classBookings=23, classWaitlist=3, activities=4, publishedActivities=3, activityRegistrations=44, activityWaitlist=2, activityFiles=2, scenarioActivityRegistrations=0, scenarioClassBookings=0, scenarioCancellations=0, scenarioWaitlist=0, scenarioOffers=0, scenarioRiskExempt=0, scenarioBookingBlocks=0, attendanceRenamed=0, attendanceLevelChanges=0, followupNotes=0, attendanceBookings=0, attendanceWaitlist=0, attendanceMarks=0, attendanceCancellations=0, attendanceNoShowBatches=0, followupTasks=0, followupTaskAttachments=0, followupObservations=0, scenarioTrainingOverrides=0, scenarioTrainingBookings=0, trainingHistoryOverrides=0, trainingHistoryBookings=0, messagingContacts=2, messagingProfiles=3, messagingBounces=1, pushSubscriptions=1, customTemplates=1, billingProviders=1, pendingInactivity=1, activeInactivity=1, plannedLeave=1, expiredPacks=1}
246 changes (demo planning, week start 2026-09-07)
2026-10-08T00:33:57.657+02:00 WARN  [main] c.networknt.schema.UnknownKeywordFactory traceId= clubId= accountId= : Unknown keyword components - you should define your own Meta Schema. If the keyword is irrelevant for validation, just use a NonValidationKeyword or if it should generate annotations AnnotationKeyword
E5-T07 outbox backlog discarded before DemoPlanningSeedIT: 684 PENDING records (more than one dispatch() batch)
{activeMembers=184, pendingMembers=3, inactiveMembers=4, leftMembers=3, members=194, dogs=246, familyGroups=12, activeDogs=242, pendingDogs=3, inactiveDogs=1, instructors=3, administrators=2, receivedDocuments=7, pendingDocuments=239}
452 changes (demo seed)
{templateClasses=39, templates=3, weeks=3, generatedClasses=102, validatedWeeks=2, looseClasses=1, ringBlocks=1, scenarioRingBlocks=0, attendanceHistoryClasses=0, riskCancellations=1, classBookings=23, classWaitlist=3, activities=4, publishedActivities=3, activityRegistrations=44, activityWaitlist=2, activityFiles=2, scenarioActivityRegistrations=0, scenarioClassBookings=0, scenarioCancellations=0, scenarioWaitlist=0, scenarioOffers=0, scenarioRiskExempt=0, scenarioBookingBlocks=0, attendanceRenamed=0, attendanceLevelChanges=0, followupNotes=0, attendanceBookings=0, attendanceWaitlist=0, attendanceMarks=0, attendanceCancellations=0, attendanceNoShowBatches=0, followupTasks=0, followupTaskAttachments=0, followupObservations=0, scenarioTrainingOverrides=0, scenarioTrainingBookings=0, trainingHistoryOverrides=0, trainingHistoryBookings=0, messagingContacts=2, messagingProfiles=3, messagingBounces=1, pushSubscriptions=1, customTemplates=1, billingProviders=1, pendingInactivity=1, activeInactivity=1, plannedLeave=1, expiredPacks=1}
246 changes (demo planning, week start 2026-09-07)
2026-10-08T00:34:01.540+02:00 INFO  [main] o.s.t.c.s.AnnotationConfigContextLoaderUtils traceId= clubId= accountId= : Could not detect default configuration classes for test class [com.agilityhub.core.clubs.census.application.DemoSeedsIT]: DemoSeedsIT does not declare any static, non-private, non-final, nested classes annotated with @Configuration.
2026-10-08T00:34:01.541+02:00 INFO  [main] o.s.b.t.c.SpringBootTestContextBootstrapper traceId= clubId= accountId= : Found @SpringBootConfiguration com.agilityhub.core.CoreApplication for test class com.agilityhub.core.clubs.census.application.DemoSeedsIT
E5-T07 outbox backlog discarded before DemoSeedsIT: 687 PENDING records (more than one dispatch() batch)
{activeMembers=184, pendingMembers=3, inactiveMembers=4, leftMembers=3, members=194, dogs=246, familyGroups=12, activeDogs=242, pendingDogs=3, inactiveDogs=1, instructors=3, administrators=2, receivedDocuments=7, pendingDocuments=239}
452 changes (demo seed)
{templateClasses=39, templates=3, weeks=3, generatedClasses=114, validatedWeeks=2, looseClasses=1, ringBlocks=1, scenarioRingBlocks=1, attendanceHistoryClasses=10, riskCancellations=1, classBookings=23, classWaitlist=3, activities=4, publishedActivities=3, activityRegistrations=44, activityWaitlist=2, activityFiles=2, scenarioActivityRegistrations=1, scenarioClassBookings=18, scenarioCancellations=3, scenarioWaitlist=5, scenarioOffers=0, scenarioRiskExempt=1, scenarioBookingBlocks=1, attendanceRenamed=6, attendanceLevelChanges=1, followupNotes=1, attendanceBookings=34, attendanceWaitlist=1, attendanceMarks=26, attendanceCancellations=2, attendanceNoShowBatches=1, followupTasks=2, followupTaskAttachments=1, followupObservations=1, scenarioTrainingOverrides=1, scenarioTrainingBookings=3, trainingHistoryOverrides=1, trainingHistoryBookings=10, messagingContacts=2, messagingProfiles=3, messagingBounces=1, pushSubscriptions=1, customTemplates=1, billingProviders=1, pendingInactivity=1, activeInactivity=1, plannedLeave=1, expiredPacks=1}
389 changes (demo planning, week start 2026-09-14)
{activeMembers=184, pendingMembers=3, inactiveMembers=4, leftMembers=3, members=194, dogs=246, familyGroups=12, activeDogs=242, pendingDogs=3, inactiveDogs=1, instructors=3, administrators=2, receivedDocuments=7, pendingDocuments=239}
0 changes (demo seed)
{templateClasses=39, templates=3, weeks=3, generatedClasses=114, validatedWeeks=2, looseClasses=1, ringBlocks=1, scenarioRingBlocks=1, attendanceHistoryClasses=10, riskCancellations=1, classBookings=23, classWaitlist=3, activities=4, publishedActivities=3, activityRegistrations=44, activityWaitlist=2, activityFiles=2, scenarioActivityRegistrations=1, scenarioClassBookings=18, scenarioCancellations=3, scenarioWaitlist=5, scenarioOffers=0, scenarioRiskExempt=1, scenarioBookingBlocks=1, attendanceRenamed=6, attendanceLevelChanges=1, followupNotes=1, attendanceBookings=34, attendanceWaitlist=1, attendanceMarks=26, attendanceCancellations=2, attendanceNoShowBatches=1, followupTasks=2, followupTaskAttachments=1, followupObservations=1, scenarioTrainingOverrides=1, scenarioTrainingBookings=3, trainingHistoryOverrides=1, trainingHistoryBookings=10, messagingContacts=2, messagingProfiles=3, messagingBounces=1, pushSubscriptions=1, customTemplates=1, billingProviders=1, pendingInactivity=1, activeInactivity=1, plannedLeave=1, expiredPacks=1}
0 changes (demo planning, week start 2026-09-14)
E5-T07 outbox backlog discarded before DemoSeedsIT: 988 PENDING records (more than one dispatch() batch)
{activeMembers=184, pendingMembers=3, inactiveMembers=4, leftMembers=3, members=194, dogs=246, familyGroups=12, activeDogs=242, pendingDogs=3, inactiveDogs=1, instructors=3, administrators=2, receivedDocuments=7, pendingDocuments=239}
452 changes (demo seed)
{templateClasses=39, templates=3, weeks=3, generatedClasses=114, validatedWeeks=2, looseClasses=1, ringBlocks=1, scenarioRingBlocks=1, attendanceHistoryClasses=10, riskCancellations=1, classBookings=23, classWaitlist=3, activities=4, publishedActivities=3, activityRegistrations=44, activityWaitlist=2, activityFiles=2, scenarioActivityRegistrations=1, scenarioClassBookings=18, scenarioCancellations=3, scenarioWaitlist=5, scenarioOffers=0, scenarioRiskExempt=1, scenarioBookingBlocks=1, attendanceRenamed=6, attendanceLevelChanges=1, followupNotes=1, attendanceBookings=34, attendanceWaitlist=1, attendanceMarks=26, attendanceCancellations=2, attendanceNoShowBatches=1, followupTasks=2, followupTaskAttachments=1, followupObservations=1, scenarioTrainingOverrides=1, scenarioTrainingBookings=3, trainingHistoryOverrides=1, trainingHistoryBookings=10, messagingContacts=2, messagingProfiles=3, messagingBounces=1, pushSubscriptions=1, customTemplates=1, billingProviders=1, pendingInactivity=1, activeInactivity=1, plannedLeave=1, expiredPacks=1}
389 changes (demo planning, week start 2026-09-14)
E5-T07 outbox backlog discarded before DemoSeedsIT: 977 PENDING records (more than one dispatch() batch)
2026-10-08T00:34:18.716+02:00 INFO  [main] o.s.t.c.s.AnnotationConfigContextLoaderUtils traceId= clubId= accountId= : Could not detect default configuration classes for test class [com.agilityhub.core.clubs.census.application.DemoSeedRetryIT]: DemoSeedRetryIT does not declare any static, non-private, non-final, nested classes annotated with @Configuration.
2026-10-08T00:34:18.718+02:00 INFO  [main] o.s.b.t.c.SpringBootTestContextBootstrapper traceId= clubId= accountId= : Found @SpringBootConfiguration com.agilityhub.core.CoreApplication for test class com.agilityhub.core.clubs.census.application.DemoSeedRetryIT

  .   ____          _            __ _ _
 /\\ / ___'_ __ _ _(_)_ __  __ _ \ \ \ \
( ( )\___ | '_ | '_| | '_ \/ _` | \ \ \ \
 \\/  ___)| |_)| | | | | || (_| |  ) ) ) )
  '  |____| .__|_| |_|_| |_\__, | / / / /
 =========|_|==============|___/=/_/_/_/

 :: Spring Boot ::               (v3.5.16)

2026-10-08T00:34:18.725+02:00 INFO  [main] c.a.c.c.c.application.DemoSeedRetryIT traceId= clubId= accountId= : Starting DemoSeedRetryIT using Java [redacted] with PID 98276 (started by jordib in /Users/jordib/dev/agilityhub/agilityhub-core-api)
2026-10-08T00:34:18.725+02:00 INFO  [main] c.a.c.c.c.application.DemoSeedRetryIT traceId= clubId= accountId= : The following 1 profile is active: "test"
2026-10-08T00:34:19.021+02:00 INFO  [main] o.s.d.r.c.RepositoryConfigurationDelegate traceId= clubId= accountId= : Bootstrapping Spring Data MongoDB repositories in DEFAULT mode.
2026-10-08T00:34:19.050+02:00 INFO  [main] o.s.d.r.c.RepositoryConfigurationDelegate traceId= clubId= accountId= : Finished Spring Data repository scanning in 28 ms. Found 0 MongoDB repository interfaces.
2026-10-08T00:34:19.090+02:00 INFO  [main] org.mongodb.driver.client traceId= clubId= accountId= : MongoClient with metadata {"driver": {"name": "mongo-java-driver|sync|spring-boot", "version": "5.5.2"}, "os": {"type": "Darwin", "name": "Mac OS X", "architecture": "aarch64", "version": "26.4.1"}, "platform": "Java/Homebrew/[redacted]"} created with settings MongoClientSettings{readPreference=primary, writeConcern=WriteConcern{w=null, wTimeout=null ms, journal=null}, retryWrites=true, retryReads=true, readConcern=ReadConcern{level=null}, credential=null, transportSettings=null, commandListeners=[io.micrometer.core.instrument.binder.mongodb.MongoMetricsCommandListener@5e189b11], codecRegistry=ProvidersCodecRegistry{codecProviders=[ValueCodecProvider{}, BsonValueCodecProvider{}, DBRefCodecProvider{}, DBObjectCodecProvider{}, DocumentCodecProvider{}, CollectionCodecProvider{}, IterableCodecProvider{}, MapCodecProvider{}, GeoJsonCodecProvider{}, GridFSFileCodecProvider{}, Jsr310CodecProvider{}, JsonObjectCodecProvider{}, BsonCodecProvider{}, EnumCodecProvider{}, com.mongodb.client.model.mql.ExpressionCodecProvider@471d6571, com.mongodb.Jep395RecordCodecProvider@213bd66a, com.mongodb.KotlinCodecProvider@5692863]}, loggerSettings=LoggerSettings{maxDocumentLength=1000}, clusterSettings={hosts=[localhost:61372], srvServiceName=mongodb, mode=SINGLE, requiredClusterType=UNKNOWN, requiredReplicaSetName='null', serverSelector='null', clusterListeners='[]', serverSelectionTimeout='2000 ms', localThreshold='15 ms'}, socketSettings=SocketSettings{connectTimeoutMS=2000, readTimeoutMS=0, receiveBufferSize=0, proxySettings=ProxySettings{host=null, port=null, username=null, [redacted], heartbeatSocketSettings=SocketSettings{connectTimeoutMS=2000, readTimeoutMS=2000, receiveBufferSize=0, proxySettings=ProxySettings{host=null, port=null, username=null, [redacted], connectionPoolSettings=ConnectionPoolSettings{maxSize=100, minSize=0, maxWaitTimeMS=2000, maxConnectionLifeTimeMS=0, maxConnectionIdleTimeMS=0, maintenanceInitialDelayMS=0, maintenanceFrequencyMS=60000, connectionPoolListeners=[io.micrometer.core.instrument.binder.mongodb.MongoMetricsConnectionPoolListener@3536c03b], maxConnecting=2}, serverSettings=ServerSettings{heartbeatFrequencyMS=10000, minHeartbeatFrequencyMS=500, serverMonitoringMode=AUTO, serverListeners='[]', serverMonitorListeners='[]'}, sslSettings=SslSettings{enabled=false, invalidHostNameAllowed=false, context=null}, applicationName='null', compressorList=[], uuidRepresentation=JAVA_LEGACY, serverApi=null, autoEncryptionSettings=null, dnsClient=null, inetAddressResolver=null, contextProvider=null, timeoutMS=null}
2026-10-08T00:34:19.092+02:00 INFO  [cluster-ClusterId{value='6ac6c8ebd4d57724e2a4d80a', description='null'}-localhost:61372] org.mongodb.driver.cluster traceId= clubId= accountId= : Monitor thread successfully connected to server with description ServerDescription{address=localhost:61372, type=REPLICA_SET_PRIMARY, cryptd=false, state=CONNECTED, ok=true, minWireVersion=0, maxWireVersion=21, maxDocumentSize=16777216, logicalSessionTimeoutMinutes=30, roundTripTimeNanos=1456209, minRoundTripTimeNanos=0, setName='docker-rs', canonicalAddress=6e6114a757aa:27017, hosts=[6e6114a757aa:27017], passives=[], arbiters=[], primary='6e6114a757aa:27017', tagSet=TagSet{[]}, electionId=7fffffff0000000000000001, setVersion=1, topologyVersion=TopologyVersion{processId=6ac6c86faefc1ab4a5a4590a, counter=6}, lastWriteDate=Thu Oct 08 00:34:18 CEST 2026, lastUpdateTimeNanos=[redacted]}
2026-10-08T00:34:21.119+02:00 INFO  [main] c.a.c.c.c.application.DemoSeedRetryIT traceId= clubId= accountId= : Started DemoSeedRetryIT in 2.4 seconds (process running for 127.04)
Demo seed: transient transaction error (TransientClientSessionException), attempt 2 of 3
{activeMembers=184, pendingMembers=3, inactiveMembers=4, leftMembers=3, members=194, dogs=246, familyGroups=12, activeDogs=242, pendingDogs=3, inactiveDogs=1, instructors=3, administrators=2, receivedDocuments=7, pendingDocuments=239}
452 changes (demo seed)
{templateClasses=39, templates=3, weeks=3, generatedClasses=114, validatedWeeks=2, looseClasses=1, ringBlocks=1, scenarioRingBlocks=1, attendanceHistoryClasses=10, riskCancellations=1, classBookings=23, classWaitlist=3, activities=4, publishedActivities=3, activityRegistrations=44, activityWaitlist=2, activityFiles=2, scenarioActivityRegistrations=1, scenarioClassBookings=18, scenarioCancellations=3, scenarioWaitlist=5, scenarioOffers=0, scenarioRiskExempt=1, scenarioBookingBlocks=1, attendanceRenamed=6, attendanceLevelChanges=1, followupNotes=1, attendanceBookings=34, attendanceWaitlist=1, attendanceMarks=26, attendanceCancellations=2, attendanceNoShowBatches=1, followupTasks=2, followupTaskAttachments=1, followupObservations=1, scenarioTrainingOverrides=1, scenarioTrainingBookings=3, trainingHistoryOverrides=1, trainingHistoryBookings=10, messagingContacts=2, messagingProfiles=3, messagingBounces=1, pushSubscriptions=1, customTemplates=1, billingProviders=1, pendingInactivity=1, activeInactivity=1, plannedLeave=1, expiredPacks=1}
389 changes (demo planning, week start 2026-09-14)
{activeMembers=184, pendingMembers=3, inactiveMembers=4, leftMembers=3, members=194, dogs=246, familyGroups=12, activeDogs=242, pendingDogs=3, inactiveDogs=1, instructors=3, administrators=2, receivedDocuments=7, pendingDocuments=239}
0 changes (demo seed)
{templateClasses=39, templates=3, weeks=3, generatedClasses=114, validatedWeeks=2, looseClasses=1, ringBlocks=1, scenarioRingBlocks=1, attendanceHistoryClasses=10, riskCancellations=1, classBookings=23, classWaitlist=3, activities=4, publishedActivities=3, activityRegistrations=44, activityWaitlist=2, activityFiles=2, scenarioActivityRegistrations=1, scenarioClassBookings=18, scenarioCancellations=3, scenarioWaitlist=5, scenarioOffers=0, scenarioRiskExempt=1, scenarioBookingBlocks=1, attendanceRenamed=6, attendanceLevelChanges=1, followupNotes=1, attendanceBookings=34, attendanceWaitlist=1, attendanceMarks=26, attendanceCancellations=2, attendanceNoShowBatches=1, followupTasks=2, followupTaskAttachments=1, followupObservations=1, scenarioTrainingOverrides=1, scenarioTrainingBookings=3, trainingHistoryOverrides=1, trainingHistoryBookings=10, messagingContacts=2, messagingProfiles=3, messagingBounces=1, pushSubscriptions=1, customTemplates=1, billingProviders=1, pendingInactivity=1, activeInactivity=1, plannedLeave=1, expiredPacks=1}
0 changes (demo planning, week start 2026-09-14)
