08:51:37.593 [main] INFO org.springframework.test.context.support.AnnotationConfigContextLoaderUtils -- Could not detect default configuration classes for test class [com.agilityhub.core.payments.api.E8ScheduledProcessesIT]: E8ScheduledProcessesIT does not declare any static, non-private, non-final, nested classes annotated with @Configuration.
08:51:37.788 [main] INFO org.springframework.boot.test.context.SpringBootTestContextBootstrapper -- Found @SpringBootConfiguration com.agilityhub.core.CoreApplication for test class com.agilityhub.core.payments.api.E8ScheduledProcessesIT
08:51:37.925 [main] INFO org.testcontainers.images.PullPolicy -- Image pull policy will be performed by: DefaultPullPolicy()
08:51:37.928 [main] INFO org.testcontainers.utility.ImageNameSubstitutor -- Image name substitution will be performed by: DefaultImageNameSubstitutor (composite of 'ConfigurationFileImageNameSubstitutor' and 'PrefixingImageNameSubstitutor')
08:51:37.937 [main] INFO org.testcontainers.DockerClientFactory -- Testcontainers version: 1.21.4
08:51:38.168 [main] INFO org.testcontainers.dockerclient.DockerClientProviderStrategy -- Loaded org.testcontainers.dockerclient.UnixSocketClientProviderStrategy from ~/.testcontainers.properties, will try it first
08:51:38.400 [main] INFO org.testcontainers.dockerclient.DockerClientProviderStrategy -- Found Docker environment with local Unix socket (unix:///var/run/docker.sock)
08:51:38.401 [main] INFO org.testcontainers.DockerClientFactory -- Docker host IP address is localhost
08:51:38.416 [main] INFO org.testcontainers.DockerClientFactory -- Connected to docker: 
  Server Version: 29.8.2
  API Version: 1.56
  Operating System: Docker Desktop
  Total Memory: 7931 MB
  Labels: 
    com.docker.desktop.address=unix:///Users/jordib/Library/Containers/com.docker.docker/Data/docker-cli.sock
08:51:38.744 [main] INFO tc.testcontainers/ryuk:0.12.0 -- Creating container for image: testcontainers/ryuk:0.12.0
08:51:38.822 [main] INFO org.testcontainers.utility.RegistryAuthLocator -- Credential helper/store (docker-credential-desktop) does not have credentials for https://index.docker.io/v1/
08:51:38.959 [main] INFO tc.testcontainers/ryuk:0.12.0 -- Container testcontainers/ryuk:0.12.0 is starting: 8d1e4a9324237d5c0168b234ff702fd00f32f928280e279ba5d1f2c36a7e3982
08:51:39.169 [main] INFO tc.testcontainers/ryuk:0.12.0 -- Container testcontainers/ryuk:0.12.0 started in PT0.424609S
08:51:39.175 [main] INFO org.testcontainers.utility.RyukResourceReaper -- Ryuk started - will monitor and terminate Testcontainers containers on JVM exit
08:51:39.175 [main] INFO org.testcontainers.DockerClientFactory -- Checking the system...
08:51:39.176 [main] INFO org.testcontainers.DockerClientFactory -- ✔︎ Docker server version should be at least 1.6.0
08:51:39.176 [main] INFO tc.mongo:7 -- Creating container for image: mongo:7
08:51:39.272 [main] INFO tc.mongo:7 -- Container mongo:7 is starting: 3110d0bdb96c74092e3a7c39e200266d0c0028fe541891e43704ad0762df59cf
08:51:39.831 [main] INFO tc.mongo:7 -- Container mongo:7 started in PT0.655344S
Integration JVM availableProcessors=18

  .   ____          _            __ _ _
 /\\ / ___'_ __ _ _(_)_ __  __ _ \ \ \ \
( ( )\___ | '_ | '_| | '_ \/ _` | \ \ \ \
 \\/  ___)| |_)| | | | | || (_| |  ) ) ) )
  '  |____| .__|_| |_|_| |_\__, | / / / /
 =========|_|==============|___/=/_/_/_/

 :: Spring Boot ::               (v3.5.16)

2026-10-08T08:51:40.758+02:00 INFO  [main] c.a.c.p.api.E8ScheduledProcessesIT traceId= clubId= accountId= : Starting E8ScheduledProcessesIT using Java [redacted] with PID 49658 (started by jordib in /Users/jordib/dev/agilityhub/agilityhub-core-api)
2026-10-08T08:51:40.760+02:00 INFO  [main] c.a.c.p.api.E8ScheduledProcessesIT traceId= clubId= accountId= : The following 1 profile is active: "test"
2026-10-08T08:51:42.261+02:00 INFO  [main] o.s.d.r.c.RepositoryConfigurationDelegate traceId= clubId= accountId= : Bootstrapping Spring Data MongoDB repositories in DEFAULT mode.
2026-10-08T08:51:42.319+02:00 INFO  [main] o.s.d.r.c.RepositoryConfigurationDelegate traceId= clubId= accountId= : Finished Spring Data repository scanning in 52 ms. Found 0 MongoDB repository interfaces.
2026-10-08T08:51:42.882+02:00 INFO  [main] org.mongodb.driver.client traceId= clubId= accountId= : MongoClient with metadata {"driver": {"name": "mongo-java-driver|sync|spring-boot", "version": "5.5.2"}, "os": {"type": "Darwin", "name": "Mac OS X", "architecture": "aarch64", "version": "26.4.1"}, "platform": "Java/Homebrew/[redacted]"} created with settings MongoClientSettings{readPreference=primary, writeConcern=WriteConcern{w=null, wTimeout=null ms, journal=null}, retryWrites=true, retryReads=true, readConcern=ReadConcern{level=null}, credential=null, transportSettings=null, commandListeners=[io.micrometer.core.instrument.binder.mongodb.MongoMetricsCommandListener@7893e5a8], codecRegistry=ProvidersCodecRegistry{codecProviders=[ValueCodecProvider{}, BsonValueCodecProvider{}, DBRefCodecProvider{}, DBObjectCodecProvider{}, DocumentCodecProvider{}, CollectionCodecProvider{}, IterableCodecProvider{}, MapCodecProvider{}, GeoJsonCodecProvider{}, GridFSFileCodecProvider{}, Jsr310CodecProvider{}, JsonObjectCodecProvider{}, BsonCodecProvider{}, EnumCodecProvider{}, com.mongodb.client.model.mql.ExpressionCodecProvider@5c3b8dfe, com.mongodb.Jep395RecordCodecProvider@5466b206, com.mongodb.KotlinCodecProvider@316a06f]}, loggerSettings=LoggerSettings{maxDocumentLength=1000}, clusterSettings={hosts=[localhost:55332], srvServiceName=mongodb, mode=SINGLE, requiredClusterType=UNKNOWN, requiredReplicaSetName='null', serverSelector='null', clusterListeners='[]', serverSelectionTimeout='2000 ms', localThreshold='15 ms'}, socketSettings=SocketSettings{connectTimeoutMS=2000, readTimeoutMS=0, receiveBufferSize=0, proxySettings=ProxySettings{host=null, port=null, username=null, [redacted], heartbeatSocketSettings=SocketSettings{connectTimeoutMS=2000, readTimeoutMS=2000, receiveBufferSize=0, proxySettings=ProxySettings{host=null, port=null, username=null, [redacted], connectionPoolSettings=ConnectionPoolSettings{maxSize=100, minSize=0, maxWaitTimeMS=2000, maxConnectionLifeTimeMS=0, maxConnectionIdleTimeMS=0, maintenanceInitialDelayMS=0, maintenanceFrequencyMS=60000, connectionPoolListeners=[io.micrometer.core.instrument.binder.mongodb.MongoMetricsConnectionPoolListener@644fab00], maxConnecting=2}, serverSettings=ServerSettings{heartbeatFrequencyMS=10000, minHeartbeatFrequencyMS=500, serverMonitoringMode=AUTO, serverListeners='[]', serverMonitorListeners='[]'}, sslSettings=SslSettings{enabled=false, invalidHostNameAllowed=false, context=null}, applicationName='null', compressorList=[], uuidRepresentation=JAVA_LEGACY, serverApi=null, autoEncryptionSettings=null, dnsClient=null, inetAddressResolver=null, contextProvider=null, timeoutMS=null}
2026-10-08T08:51:42.889+02:00 INFO  [cluster-ClusterId{value='6ac73d7e383dfe96c1ffd0db', description='null'}-localhost:55332] org.mongodb.driver.cluster traceId= clubId= accountId= : Monitor thread successfully connected to server with description ServerDescription{address=localhost:55332, type=REPLICA_SET_PRIMARY, cryptd=false, state=CONNECTED, ok=true, minWireVersion=0, maxWireVersion=21, maxDocumentSize=16777216, logicalSessionTimeoutMinutes=30, roundTripTimeNanos=13881167, minRoundTripTimeNanos=0, setName='docker-rs', canonicalAddress=3110d0bdb96c:27017, hosts=[3110d0bdb96c:27017], passives=[], arbiters=[], primary='3110d0bdb96c:27017', tagSet=TagSet{[]}, electionId=7fffffff0000000000000001, setVersion=1, topologyVersion=TopologyVersion{processId=6ac73d7b5b5e40b163f7bc63, counter=6}, lastWriteDate=Thu Oct 08 08:51:40 CEST 2026, lastUpdateTimeNanos=[redacted]}
2026-10-08T08:51:48.194+02:00 INFO  [main] o.s.b.t.m.w.SpringBootMockServletContext traceId= clubId= accountId= : Initializing Spring TestDispatcherServlet ''
2026-10-08T08:51:48.194+02:00 INFO  [main] o.s.t.web.servlet.TestDispatcherServlet traceId= clubId= accountId= : Initializing Servlet ''
2026-10-08T08:51:48.196+02:00 INFO  [main] o.s.t.web.servlet.TestDispatcherServlet traceId= clubId= accountId= : Completed initialization in 1 ms
2026-10-08T08:51:48.243+02:00 INFO  [main] c.a.c.p.api.E8ScheduledProcessesIT traceId= clubId= accountId= : Started E8ScheduledProcessesIT in 7.779 seconds (process running for 11.388)
Mockito is currently self-attaching to enable the inline-mock-maker. This will no longer work in future releases of the JDK. Please add Mockito as an agent to your build as described in Mockito's documentation: https://javadoc.io/doc/org.mockito/mockito-core/latest/org.mockito/org/mockito/Mockito.html#0.3
OpenJDK 64-Bit Server VM warning: Sharing is only supported for boot loader classes because bootstrap classpath has been appended
WARNING: A Java agent has been loaded dynamically (/Users/jordib/.m2/repository/net/bytebuddy/byte-buddy-agent/1.17.8/byte-buddy-agent-1.17.8.jar)
WARNING: If a serviceability tool is in use, please run with -XX:+EnableDynamicAgentLoading to hide this warning
WARNING: If a serviceability tool is not in use, please run with -Djdk.instrument.traceUsage for more information
WARNING: Dynamic loading of agents will be disallowed by default in a future release
2026-10-08T08:51:51.693+02:00 INFO  [main] c.a.c.p.application.jobs.JobRunner traceId= clubId= accountId= : Job skipped jobRunId=b30ee2b7-4049-4391-[redacted]=BILLING_REMINDER clubId=bill-a reason=MODULE_OFF baseline=false
2026-10-08T08:51:52.948+02:00 INFO  [main] c.a.c.p.application.jobs.JobRunner traceId= clubId= accountId= : Job skipped jobRunId=a28943d0-0234-4ef7-82a4-34c99a582b05 job=EXPIRATIONS clubId=bill-a reason=CLUB_INACTIVE baseline=false
2026-10-08T08:51:52.954+02:00 INFO  [main] c.a.c.p.application.jobs.JobRunner traceId= clubId= accountId= : Job skipped jobRunId=b2dde696-97c2-40ee-b590-0abc278f9a0b job=EXPIRATIONS clubId=bill-a reason=DISABLED baseline=false
2026-10-08T08:51:52.980+02:00 INFO  [main] c.a.c.p.application.jobs.JobRunner traceId= clubId= accountId= : Job skipped jobRunId=23f038e3-88f4-49fd-8dc6-3fbe31e1095f job=BILLING_REMINDER clubId=bill-a reason=DISABLED baseline=false
2026-10-08T08:51:54.557+02:00 INFO  [main] o.s.t.c.s.AnnotationConfigContextLoaderUtils traceId= clubId= accountId= : Could not detect default configuration classes for test class [com.agilityhub.core.payments.api.AccountingExportIT]: AccountingExportIT does not declare any static, non-private, non-final, nested classes annotated with @Configuration.
2026-10-08T08:51:54.559+02:00 INFO  [main] o.s.b.t.c.SpringBootTestContextBootstrapper traceId= clubId= accountId= : Found @SpringBootConfiguration com.agilityhub.core.CoreApplication for test class com.agilityhub.core.payments.api.AccountingExportIT
[ERROR] Tests run: 4, Failures: 0, Errors: 1, Skipped: 0, Time elapsed: 2.469 s <<< FAILURE! -- in com.agilityhub.core.payments.api.AccountingExportIT
[ERROR] com.agilityhub.core.payments.api.AccountingExportIT.T_12_19_xlsxAndCsvKeepThePaidCardReferenceAndCollectionDate -- Time elapsed: 0.510 s <<< ERROR!
java.util.NoSuchElementException: No value present
	at java.base/java.util.Optional.orElseThrow(Optional.java:377)
	at com.agilityhub.core.payments.api.AccountingExportIT.T_12_19_xlsxAndCsvKeepThePaidCardReferenceAndCollectionDate(AccountingExportIT.java:79)
	at java.base/java.lang.reflect.Method.invoke(Method.java:580)
	at java.base/java.util.ArrayList.forEach(ArrayList.java:1596)
	at java.base/java.util.ArrayList.forEach(ArrayList.java:1596)

2026-10-08T08:51:57.030+02:00 INFO  [main] o.s.t.c.s.AnnotationConfigContextLoaderUtils traceId= clubId= accountId= : Could not detect default configuration classes for test class [com.agilityhub.core.clubs.bookings.api.E8LeaveProcessesIT]: E8LeaveProcessesIT does not declare any static, non-private, non-final, nested classes annotated with @Configuration.
2026-10-08T08:51:57.085+02:00 INFO  [main] o.s.b.t.c.SpringBootTestContextBootstrapper traceId= clubId= accountId= : Found @SpringBootConfiguration com.agilityhub.core.CoreApplication for test class com.agilityhub.core.clubs.bookings.api.E8LeaveProcessesIT

  .   ____          _            __ _ _
 /\\ / ___'_ __ _ _(_)_ __  __ _ \ \ \ \
( ( )\___ | '_ | '_| | '_ \/ _` | \ \ \ \
 \\/  ___)| |_)| | | | | || (_| |  ) ) ) )
  '  |____| .__|_| |_|_| |_\__, | / / / /
 =========|_|==============|___/=/_/_/_/

 :: Spring Boot ::               (v3.5.16)

2026-10-08T08:51:57.102+02:00 INFO  [main] c.a.c.c.bookings.api.E8LeaveProcessesIT traceId= clubId= accountId= : Starting E8LeaveProcessesIT using Java [redacted] with PID 49658 (started by jordib in /Users/jordib/dev/agilityhub/agilityhub-core-api)
2026-10-08T08:51:57.102+02:00 INFO  [main] c.a.c.c.bookings.api.E8LeaveProcessesIT traceId= clubId= accountId= : The following 1 profile is active: "test"
2026-10-08T08:51:57.548+02:00 INFO  [main] o.s.d.r.c.RepositoryConfigurationDelegate traceId= clubId= accountId= : Bootstrapping Spring Data MongoDB repositories in DEFAULT mode.
2026-10-08T08:51:57.588+02:00 INFO  [main] o.s.d.r.c.RepositoryConfigurationDelegate traceId= clubId= accountId= : Finished Spring Data repository scanning in 38 ms. Found 0 MongoDB repository interfaces.
2026-10-08T08:51:57.668+02:00 INFO  [main] org.mongodb.driver.client traceId= clubId= accountId= : MongoClient with metadata {"driver": {"name": "mongo-java-driver|sync|spring-boot", "version": "5.5.2"}, "os": {"type": "Darwin", "name": "Mac OS X", "architecture": "aarch64", "version": "26.4.1"}, "platform": "Java/Homebrew/[redacted]"} created with settings MongoClientSettings{readPreference=primary, writeConcern=WriteConcern{w=null, wTimeout=null ms, journal=null}, retryWrites=true, retryReads=true, readConcern=ReadConcern{level=null}, credential=null, transportSettings=null, commandListeners=[io.micrometer.core.instrument.binder.mongodb.MongoMetricsCommandListener@56c9cb9f], codecRegistry=ProvidersCodecRegistry{codecProviders=[ValueCodecProvider{}, BsonValueCodecProvider{}, DBRefCodecProvider{}, DBObjectCodecProvider{}, DocumentCodecProvider{}, CollectionCodecProvider{}, IterableCodecProvider{}, MapCodecProvider{}, GeoJsonCodecProvider{}, GridFSFileCodecProvider{}, Jsr310CodecProvider{}, JsonObjectCodecProvider{}, BsonCodecProvider{}, EnumCodecProvider{}, com.mongodb.client.model.mql.ExpressionCodecProvider@5c3b8dfe, com.mongodb.Jep395RecordCodecProvider@5466b206, com.mongodb.KotlinCodecProvider@316a06f]}, loggerSettings=LoggerSettings{maxDocumentLength=1000}, clusterSettings={hosts=[localhost:55332], srvServiceName=mongodb, mode=SINGLE, requiredClusterType=UNKNOWN, requiredReplicaSetName='null', serverSelector='null', clusterListeners='[]', serverSelectionTimeout='2000 ms', localThreshold='15 ms'}, socketSettings=SocketSettings{connectTimeoutMS=2000, readTimeoutMS=0, receiveBufferSize=0, proxySettings=ProxySettings{host=null, port=null, username=null, [redacted], heartbeatSocketSettings=SocketSettings{connectTimeoutMS=2000, readTimeoutMS=2000, receiveBufferSize=0, proxySettings=ProxySettings{host=null, port=null, username=null, [redacted], connectionPoolSettings=ConnectionPoolSettings{maxSize=100, minSize=0, maxWaitTimeMS=2000, maxConnectionLifeTimeMS=0, maxConnectionIdleTimeMS=0, maintenanceInitialDelayMS=0, maintenanceFrequencyMS=60000, connectionPoolListeners=[io.micrometer.core.instrument.binder.mongodb.MongoMetricsConnectionPoolListener@2f06d4e6], maxConnecting=2}, serverSettings=ServerSettings{heartbeatFrequencyMS=10000, minHeartbeatFrequencyMS=500, serverMonitoringMode=AUTO, serverListeners='[]', serverMonitorListeners='[]'}, sslSettings=SslSettings{enabled=false, invalidHostNameAllowed=false, context=null}, applicationName='null', compressorList=[], uuidRepresentation=JAVA_LEGACY, serverApi=null, autoEncryptionSettings=null, dnsClient=null, inetAddressResolver=null, contextProvider=null, timeoutMS=null}
2026-10-08T08:51:57.671+02:00 INFO  [cluster-ClusterId{value='6ac73d8d383dfe96c1ffd0e2', description='null'}-localhost:55332] org.mongodb.driver.cluster traceId= clubId= accountId= : Monitor thread successfully connected to server with description ServerDescription{address=localhost:55332, type=REPLICA_SET_PRIMARY, cryptd=false, state=CONNECTED, ok=true, minWireVersion=0, maxWireVersion=21, maxDocumentSize=16777216, logicalSessionTimeoutMinutes=30, roundTripTimeNanos=2087750, minRoundTripTimeNanos=0, setName='docker-rs', canonicalAddress=3110d0bdb96c:27017, hosts=[3110d0bdb96c:27017], passives=[], arbiters=[], primary='3110d0bdb96c:27017', tagSet=TagSet{[]}, electionId=7fffffff0000000000000001, setVersion=1, topologyVersion=TopologyVersion{processId=6ac73d7b5b5e40b163f7bc63, counter=6}, lastWriteDate=Thu Oct 08 08:51:57 CEST 2026, lastUpdateTimeNanos=[redacted]}
2026-10-08T08:51:59.323+02:00 INFO  [main] o.s.b.t.m.w.SpringBootMockServletContext traceId= clubId= accountId= : Initializing Spring TestDispatcherServlet ''
2026-10-08T08:51:59.324+02:00 INFO  [main] o.s.t.web.servlet.TestDispatcherServlet traceId= clubId= accountId= : Initializing Servlet ''
2026-10-08T08:51:59.325+02:00 INFO  [main] o.s.t.web.servlet.TestDispatcherServlet traceId= clubId= accountId= : Completed initialization in 1 ms
2026-10-08T08:51:59.393+02:00 INFO  [main] c.a.c.c.bookings.api.E8LeaveProcessesIT traceId= clubId= accountId= : Started E8LeaveProcessesIT in 2.305 seconds (process running for 22.539)
2026-10-08T08:52:00.828+02:00 ERROR [main] c.a.c.p.application.jobs.JobRunner traceId= clubId= accountId= : Job item failed jobRunId=86c5acf0-5f00-4298-b7db-574797cfb3a0 job=EXPIRATIONS clubId=s08-a entityId=s08-m-laura traceId=89f49177-2fd7-4918-ae1a-750ecb390a3d
com.agilityhub.core.shared.domain.ApiException
	at com.agilityhub.core.clubs.bookings.api.E8LeaveProcessesIT.lambda$T_15_21_anS09FailureRollsBackTheWholeP5ItemAndReportsPartial$4(E8LeaveProcessesIT.java:64)
	at org.mockito.internal.stubbing.StubbedInvocationMatcher.answer(StubbedInvocationMatcher.java:42)
	at org.mockito.internal.handler.MockHandlerImpl.handle(MockHandlerImpl.java:103)
	at org.mockito.internal.handler.NullResultGuardian.handle(NullResultGuardian.java:29)
	at org.mockito.internal.handler.InvocationNotifierHandler.handle(InvocationNotifierHandler.java:34)
	at org.mockito.internal.creation.bytebuddy.access.MockMethodInterceptor.doIntercept(MockMethodInterceptor.java:84)
	at org.mockito.internal.creation.bytebuddy.MockMethodAdvice.handle(MockMethodAdvice.java:136)
	at com.agilityhub.core.clubs.training.application.CensusTrainingCancellations.inside(CensusTrainingCancellations.java:16)
	at com.agilityhub.core.clubs.census.application.LifecycleBookings.inside(LifecycleBookings.java:19)
	at com.agilityhub.core.clubs.census.application.LeaveRequestService.sweep(LeaveRequestService.java:89)
	at java.base/jdk.internal.reflect.DirectMethodHandleAccessor.invoke(DirectMethodHandleAccessor.java:103)
	at java.base/java.lang.reflect.Method.invoke(Method.java:580)
	at org.springframework.aop.support.AopUtils.invokeJoinpointUsingReflection(AopUtils.java:360)
	at org.springframework.aop.framework.ReflectiveMethodInvocation.invokeJoinpoint(ReflectiveMethodInvocation.java:196)
	at org.springframework.aop.framework.ReflectiveMethodInvocation.proceed(ReflectiveMethodInvocation.java:163)
	at org.springframework.aop.interceptor.ExposeInvocationInterceptor.invoke(ExposeInvocationInterceptor.java:97)
	at org.springframework.aop.framework.ReflectiveMethodInvocation.proceed(ReflectiveMethodInvocation.java:184)
	at org.springframework.aop.framework.CglibAopProxy$DynamicAdvisedInterceptor.intercept(CglibAopProxy.java:728)
	at com.agilityhub.core.clubs.census.application.LeaveRequestService$$SpringCGLIB$$0.sweep(<generated>)
	at com.agilityhub.core.clubs.census.application.LeaveScheduler.execute(LeaveScheduler.java:33)
	at com.agilityhub.core.clubs.census.application.CensusExpirations.apply(CensusExpirations.java:100)
	at com.agilityhub.core.clubs.common.application.CensusExpirationSteps$Step.apply(CensusExpirationSteps.java:35)
	at com.agilityhub.core.clubs.common.application.ExpirationsJob.lambda$apply$2(ExpirationsJob.java:41)
	at java.base/java.util.Optional.map(Optional.java:260)
	at com.agilityhub.core.clubs.common.application.ExpirationsJob.apply(ExpirationsJob.java:41)
	at com.agilityhub.core.platform.application.jobs.JobRunner.lambda$run$7(JobRunner.java:218)
	at com.agilityhub.core.platform.application.jobs.JobRunner.lambda$write$11(JobRunner.java:326)
	at org.springframework.transaction.support.TransactionTemplate.execute(TransactionTemplate.java:140)
	at com.agilityhub.core.platform.application.jobs.JobRunner.write(JobRunner.java:326)
	at com.agilityhub.core.platform.application.jobs.JobRunner.run(JobRunner.java:218)
	at com.agilityhub.core.platform.application.jobs.JobRunner.execute(JobRunner.java:185)
	at com.agilityhub.core.platform.application.jobs.JobRunner.triggered(JobRunner.java:134)
	at com.agilityhub.core.platform.application.jobs.JobRunner.lambda$manual$3(JobRunner.java:123)
	at org.springframework.transaction.support.TransactionTemplate.execute(TransactionTemplate.java:140)
	at com.agilityhub.core.platform.application.jobs.JobRunner.manual(JobRunner.java:123)
	at com.agilityhub.core.platform.application.jobs.JobRunner.manual(JobRunner.java:117)
	at com.agilityhub.core.clubs.bookings.api.E8LeaveProcessesIT.T_15_21_anS09FailureRollsBackTheWholeP5ItemAndReportsPartial(E8LeaveProcessesIT.java:67)
	at java.base/jdk.internal.reflect.DirectMethodHandleAccessor.invoke(DirectMethodHandleAccessor.java:103)
	at java.base/java.lang.reflect.Method.invoke(Method.java:580)
	at org.junit.platform.commons.util.ReflectionUtils.invokeMethod(ReflectionUtils.java:775)
	at org.junit.platform.commons.support.ReflectionSupport.invokeMethod(ReflectionSupport.java:479)
	at org.junit.jupiter.engine.execution.MethodInvocation.proceed(MethodInvocation.java:60)
	at org.junit.jupiter.engine.execution.InvocationInterceptorChain$ValidatingInvocation.proceed(InvocationInterceptorChain.java:131)
	at org.junit.jupiter.engine.extension.TimeoutExtension.intercept(TimeoutExtension.java:161)
	at org.junit.jupiter.engine.extension.TimeoutExtension.interceptTestableMethod(TimeoutExtension.java:152)
	at org.junit.jupiter.engine.extension.TimeoutExtension.interceptTestMethod(TimeoutExtension.java:91)
	at org.junit.jupiter.engine.execution.InterceptingExecutableInvoker$ReflectiveInterceptorCall.lambda$ofVoidMethod$0(InterceptingExecutableInvoker.java:112)
	at org.junit.jupiter.engine.execution.InterceptingExecutableInvoker.lambda$invoke$0(InterceptingExecutableInvoker.java:94)
	at org.junit.jupiter.engine.execution.InvocationInterceptorChain$InterceptedInvocation.proceed(InvocationInterceptorChain.java:106)
	at org.junit.jupiter.engine.execution.InvocationInterceptorChain.proceed(InvocationInterceptorChain.java:64)
	at org.junit.jupiter.engine.execution.InvocationInterceptorChain.chainAndInvoke(InvocationInterceptorChain.java:45)
	at org.junit.jupiter.engine.execution.InvocationInterceptorChain.invoke(InvocationInterceptorChain.java:37)
	at org.junit.jupiter.engine.execution.InterceptingExecutableInvoker.invoke(InterceptingExecutableInvoker.java:93)
	at org.junit.jupiter.engine.execution.InterceptingExecutableInvoker.invoke(InterceptingExecutableInvoker.java:87)
	at org.junit.jupiter.engine.descriptor.TestMethodTestDescriptor.lambda$invokeTestMethod$7(TestMethodTestDescriptor.java:216)
	at org.junit.platform.engine.support.hierarchical.ThrowableCollector.execute(ThrowableCollector.java:73)
	at org.junit.jupiter.engine.descriptor.TestMethodTestDescriptor.invokeTestMethod(TestMethodTestDescriptor.java:212)
	at org.junit.jupiter.engine.descriptor.TestMethodTestDescriptor.execute(TestMethodTestDescriptor.java:137)
	at org.junit.jupiter.engine.descriptor.TestMethodTestDescriptor.execute(TestMethodTestDescriptor.java:69)
	at org.junit.platform.engine.support.hierarchical.NodeTestTask.lambda$executeRecursively$6(NodeTestTask.java:156)
	at org.junit.platform.engine.support.hierarchical.ThrowableCollector.execute(ThrowableCollector.java:73)
	at org.junit.platform.engine.support.hierarchical.NodeTestTask.lambda$executeRecursively$8(NodeTestTask.java:146)
	at org.junit.platform.engine.support.hierarchical.Node.around(Node.java:137)
	at org.junit.platform.engine.support.hierarchical.NodeTestTask.lambda$executeRecursively$9(NodeTestTask.java:144)
	at org.junit.platform.engine.support.hierarchical.ThrowableCollector.execute(ThrowableCollector.java:73)
	at org.junit.platform.engine.support.hierarchical.NodeTestTask.executeRecursively(NodeTestTask.java:143)
	at org.junit.platform.engine.support.hierarchical.NodeTestTask.execute(NodeTestTask.java:100)
	at java.base/java.util.ArrayList.forEach(ArrayList.java:1596)
	at org.junit.platform.engine.support.hierarchical.SameThreadHierarchicalTestExecutorService.invokeAll(SameThreadHierarchicalTestExecutorService.java:41)
	at org.junit.platform.engine.support.hierarchical.NodeTestTask.lambda$executeRecursively$6(NodeTestTask.java:160)
	at org.junit.platform.engine.support.hierarchical.ThrowableCollector.execute(ThrowableCollector.java:73)
	at org.junit.platform.engine.support.hierarchical.NodeTestTask.lambda$executeRecursively$8(NodeTestTask.java:146)
	at org.junit.platform.engine.support.hierarchical.Node.around(Node.java:137)
	at org.junit.platform.engine.support.hierarchical.NodeTestTask.lambda$executeRecursively$9(NodeTestTask.java:144)
	at org.junit.platform.engine.support.hierarchical.ThrowableCollector.execute(ThrowableCollector.java:73)
	at org.junit.platform.engine.support.hierarchical.NodeTestTask.executeRecursively(NodeTestTask.java:143)
	at org.junit.platform.engine.support.hierarchical.NodeTestTask.execute(NodeTestTask.java:100)
	at java.base/java.util.ArrayList.forEach(ArrayList.java:1596)
	at org.junit.platform.engine.support.hierarchical.SameThreadHierarchicalTestExecutorService.invokeAll(SameThreadHierarchicalTestExecutorService.java:41)
	at org.junit.platform.engine.support.hierarchical.NodeTestTask.lambda$executeRecursively$6(NodeTestTask.java:160)
	at org.junit.platform.engine.support.hierarchical.ThrowableCollector.execute(ThrowableCollector.java:73)
	at org.junit.platform.engine.support.hierarchical.NodeTestTask.lambda$executeRecursively$8(NodeTestTask.java:146)
	at org.junit.platform.engine.support.hierarchical.Node.around(Node.java:137)
	at org.junit.platform.engine.support.hierarchical.NodeTestTask.lambda$executeRecursively$9(NodeTestTask.java:144)
	at org.junit.platform.engine.support.hierarchical.ThrowableCollector.execute(ThrowableCollector.java:73)
	at org.junit.platform.engine.support.hierarchical.NodeTestTask.executeRecursively(NodeTestTask.java:143)
	at org.junit.platform.engine.support.hierarchical.NodeTestTask.execute(NodeTestTask.java:100)
	at org.junit.platform.engine.support.hierarchical.SameThreadHierarchicalTestExecutorService.submit(SameThreadHierarchicalTestExecutorService.java:35)
	at org.junit.platform.engine.support.hierarchical.HierarchicalTestExecutor.execute(HierarchicalTestExecutor.java:57)
	at org.junit.platform.engine.support.hierarchical.HierarchicalTestEngine.execute(HierarchicalTestEngine.java:54)
	at org.junit.platform.launcher.core.EngineExecutionOrchestrator.execute(EngineExecutionOrchestrator.java:201)
	at org.junit.platform.launcher.core.EngineExecutionOrchestrator.execute(EngineExecutionOrchestrator.java:170)
	at org.junit.platform.launcher.core.EngineExecutionOrchestrator.execute(EngineExecutionOrchestrator.java:94)
	at org.junit.platform.launcher.core.EngineExecutionOrchestrator.lambda$execute$0(EngineExecutionOrchestrator.java:59)
	at org.junit.platform.launcher.core.EngineExecutionOrchestrator.withInterceptedStreams(EngineExecutionOrchestrator.java:142)
	at org.junit.platform.launcher.core.EngineExecutionOrchestrator.execute(EngineExecutionOrchestrator.java:58)
	at org.junit.platform.launcher.core.DefaultLauncher.execute(DefaultLauncher.java:103)
	at org.junit.platform.launcher.core.DefaultLauncher.execute(DefaultLauncher.java:85)
	at org.junit.platform.launcher.core.DelegatingLauncher.execute(DelegatingLauncher.java:47)
	at org.junit.platform.launcher.core.InterceptingLauncher.lambda$execute$1(InterceptingLauncher.java:39)
	at org.junit.platform.launcher.core.ClasspathAlignmentCheckingLauncherInterceptor.intercept(ClasspathAlignmentCheckingLauncherInterceptor.java:25)
	at org.junit.platform.launcher.core.InterceptingLauncher.execute(InterceptingLauncher.java:38)
	at org.junit.platform.launcher.core.DelegatingLauncher.execute(DelegatingLauncher.java:47)
	at org.apache.maven.surefire.junitplatform.LauncherAdapter.executeWithoutCancellationToken(LauncherAdapter.java:60)
	at org.apache.maven.surefire.junitplatform.LauncherAdapter.execute(LauncherAdapter.java:52)
	at org.apache.maven.surefire.junitplatform.JUnitPlatformProvider.execute(JUnitPlatformProvider.java:203)
	at org.apache.maven.surefire.junitplatform.JUnitPlatformProvider.invokeAllTests(JUnitPlatformProvider.java:168)
	at org.apache.maven.surefire.junitplatform.JUnitPlatformProvider.invoke(JUnitPlatformProvider.java:136)
	at org.apache.maven.surefire.booter.ForkedBooter.runSuitesInProcess(ForkedBooter.java:385)
	at org.apache.maven.surefire.booter.ForkedBooter.execute(ForkedBooter.java:162)
	at org.apache.maven.surefire.booter.ForkedBooter.run(ForkedBooter.java:507)
	at org.apache.maven.surefire.booter.ForkedBooter.main(ForkedBooter.java:495)
2026-10-08T08:52:02.705+02:00 INFO  [main] o.s.t.c.s.AnnotationConfigContextLoaderUtils traceId= clubId= accountId= : Could not detect default configuration classes for test class [com.agilityhub.core.migration.PlayoffMigrationIT]: PlayoffMigrationIT does not declare any static, non-private, non-final, nested classes annotated with @Configuration.
2026-10-08T08:52:02.755+02:00 INFO  [main] o.s.b.t.c.SpringBootTestContextBootstrapper traceId= clubId= accountId= : Found @SpringBootConfiguration com.agilityhub.core.CoreApplication for test class com.agilityhub.core.migration.PlayoffMigrationIT

  .   ____          _            __ _ _
 /\\ / ___'_ __ _ _(_)_ __  __ _ \ \ \ \
( ( )\___ | '_ | '_| | '_ \/ _` | \ \ \ \
 \\/  ___)| |_)| | | | | || (_| |  ) ) ) )
  '  |____| .__|_| |_|_| |_\__, | / / / /
 =========|_|==============|___/=/_/_/_/

 :: Spring Boot ::               (v3.5.16)

2026-10-08T08:52:02.824+02:00 INFO  [main] c.a.core.migration.PlayoffMigrationIT traceId= clubId= accountId= : Starting PlayoffMigrationIT using Java [redacted] with PID 49658 (started by jordib in /Users/jordib/dev/agilityhub/agilityhub-core-api)
2026-10-08T08:52:02.824+02:00 INFO  [main] c.a.core.migration.PlayoffMigrationIT traceId= clubId= accountId= : The following 1 profile is active: "test"
2026-10-08T08:52:03.391+02:00 INFO  [main] o.s.d.r.c.RepositoryConfigurationDelegate traceId= clubId= accountId= : Bootstrapping Spring Data MongoDB repositories in DEFAULT mode.
2026-10-08T08:52:03.434+02:00 INFO  [main] o.s.d.r.c.RepositoryConfigurationDelegate traceId= clubId= accountId= : Finished Spring Data repository scanning in 39 ms. Found 0 MongoDB repository interfaces.
2026-10-08T08:52:03.543+02:00 INFO  [main] org.mongodb.driver.client traceId= clubId= accountId= : MongoClient with metadata {"driver": {"name": "mongo-java-driver|sync|spring-boot", "version": "5.5.2"}, "os": {"type": "Darwin", "name": "Mac OS X", "architecture": "aarch64", "version": "26.4.1"}, "platform": "Java/Homebrew/[redacted]"} created with settings MongoClientSettings{readPreference=primary, writeConcern=WriteConcern{w=null, wTimeout=null ms, journal=null}, retryWrites=true, retryReads=true, readConcern=ReadConcern{level=null}, credential=null, transportSettings=null, commandListeners=[io.micrometer.core.instrument.binder.mongodb.MongoMetricsCommandListener@6d13fb89], codecRegistry=ProvidersCodecRegistry{codecProviders=[ValueCodecProvider{}, BsonValueCodecProvider{}, DBRefCodecProvider{}, DBObjectCodecProvider{}, DocumentCodecProvider{}, CollectionCodecProvider{}, IterableCodecProvider{}, MapCodecProvider{}, GeoJsonCodecProvider{}, GridFSFileCodecProvider{}, Jsr310CodecProvider{}, JsonObjectCodecProvider{}, BsonCodecProvider{}, EnumCodecProvider{}, com.mongodb.client.model.mql.ExpressionCodecProvider@5c3b8dfe, com.mongodb.Jep395RecordCodecProvider@5466b206, com.mongodb.KotlinCodecProvider@316a06f]}, loggerSettings=LoggerSettings{maxDocumentLength=1000}, clusterSettings={hosts=[localhost:55332], srvServiceName=mongodb, mode=SINGLE, requiredClusterType=UNKNOWN, requiredReplicaSetName='null', serverSelector='null', clusterListeners='[]', serverSelectionTimeout='2000 ms', localThreshold='15 ms'}, socketSettings=SocketSettings{connectTimeoutMS=2000, readTimeoutMS=0, receiveBufferSize=0, proxySettings=ProxySettings{host=null, port=null, username=null, [redacted], heartbeatSocketSettings=SocketSettings{connectTimeoutMS=2000, readTimeoutMS=2000, receiveBufferSize=0, proxySettings=ProxySettings{host=null, port=null, username=null, [redacted], connectionPoolSettings=ConnectionPoolSettings{maxSize=100, minSize=0, maxWaitTimeMS=2000, maxConnectionLifeTimeMS=0, maxConnectionIdleTimeMS=0, maintenanceInitialDelayMS=0, maintenanceFrequencyMS=60000, connectionPoolListeners=[io.micrometer.core.instrument.binder.mongodb.MongoMetricsConnectionPoolListener@7072f6b], maxConnecting=2}, serverSettings=ServerSettings{heartbeatFrequencyMS=10000, minHeartbeatFrequencyMS=500, serverMonitoringMode=AUTO, serverListeners='[]', serverMonitorListeners='[]'}, sslSettings=SslSettings{enabled=false, invalidHostNameAllowed=false, context=null}, applicationName='null', compressorList=[], uuidRepresentation=JAVA_LEGACY, serverApi=null, autoEncryptionSettings=null, dnsClient=null, inetAddressResolver=null, contextProvider=null, timeoutMS=null}
2026-10-08T08:52:03.546+02:00 INFO  [cluster-ClusterId{value='6ac73d93383dfe96c1ffd0e5', description='null'}-localhost:55332] org.mongodb.driver.cluster traceId= clubId= accountId= : Monitor thread successfully connected to server with description ServerDescription{address=localhost:55332, type=REPLICA_SET_PRIMARY, cryptd=false, state=CONNECTED, ok=true, minWireVersion=0, maxWireVersion=21, maxDocumentSize=16777216, logicalSessionTimeoutMinutes=30, roundTripTimeNanos=2952875, minRoundTripTimeNanos=0, setName='docker-rs', canonicalAddress=3110d0bdb96c:27017, hosts=[3110d0bdb96c:27017], passives=[], arbiters=[], primary='3110d0bdb96c:27017', tagSet=TagSet{[]}, electionId=7fffffff0000000000000001, setVersion=1, topologyVersion=TopologyVersion{processId=6ac73d7b5b5e40b163f7bc63, counter=6}, lastWriteDate=Thu Oct 08 08:52:02 CEST 2026, lastUpdateTimeNanos=[redacted]}
2026-10-08T08:52:04.741+02:00 INFO  [main] c.a.core.migration.PlayoffMigrationIT traceId= clubId= accountId= : Started PlayoffMigrationIT in 1.949 seconds (process running for 27.886)
2026-10-08T08:52:04.839+02:00 INFO  [main] c.a.c.c.c.persistence.CensusPersistence traceId= clubId= accountId= : Dog.nameKey migrated for 22 dogs
E5-T07 outbox backlog discarded before PlayoffMigrationIT: 160 PENDING records (more than one dispatch() batch)
E5-T07 outbox backlog discarded before PlayoffMigrationIT: 158 PENDING records (more than one dispatch() batch)
E5-T07 outbox backlog discarded before PlayoffMigrationIT: 171 PENDING records (more than one dispatch() batch)
[ERROR] Errors: 
[ERROR]   AccountingExportIT.T_12_19_xlsxAndCsvKeepThePaidCardReferenceAndCollectionDate:79 » NoSuchElement No value present
[ERROR] Tests run: 22, Failures: 0, Errors: 1, Skipped: 0
[ERROR] Failed to execute goal org.apache.maven.plugins:maven-failsafe-plugin:3.5.6:verify (default-cli) on project agilityhub-core-api: 
[ERROR] 
[ERROR] See /Users/jordib/dev/agilityhub/agilityhub-core-api/target/failsafe-reports for the individual test results.
[ERROR] See dump files (if any exist) [date].dump, [date]-jvmRun[N].dump and [date].dumpstream.
[ERROR] -> [Help 1]
[ERROR] 
[ERROR] To see the full stack trace of the errors, re-run Maven with the -e switch.
[ERROR] Re-run Maven using the -X switch to enable full debug logging.
[ERROR] 
[ERROR] For more information about the errors and possible solutions, please read the following articles:
[ERROR] [Help 1] http://cwiki.apache.org/confluence/display/MAVEN/MojoFailureException
