Mockito is currently self-attaching to enable the inline-mock-maker. This will no longer work in future releases of the JDK. Please add Mockito as an agent to your build as described in Mockito's documentation: https://javadoc.io/doc/org.mockito/mockito-core/latest/org.mockito/org/mockito/Mockito.html#0.3
WARNING: A Java agent has been loaded dynamically (/Users/jordib/.m2/repository/net/bytebuddy/byte-buddy-agent/1.17.8/byte-buddy-agent-1.17.8.jar)
WARNING: If a serviceability tool is in use, please run with -XX:+EnableDynamicAgentLoading to hide this warning
WARNING: If a serviceability tool is not in use, please run with -Djdk.instrument.traceUsage for more information
WARNING: Dynamic loading of agents will be disallowed by default in a future release
OpenJDK 64-Bit Server VM warning: Sharing is only supported for boot loader classes because bootstrap classpath has been appended
08:55:37.610 [main] WARN org.springframework.context.annotation.AnnotationConfigApplicationContext -- Exception encountered during context initialization - cancelling refresh attempt: org.springframework.beans.factory.UnsatisfiedDependencyException: Error creating bean with name 'stripePaymentProvider': Unsatisfied dependency expressed through field 'clock': No qualifying bean of type 'java.time.Clock' available: expected at least 1 bean which qualifies as autowire candidate. Dependency annotations: {@org.springframework.beans.factory.annotation.Autowired(required=true)}
[ERROR] Tests run: 1, Failures: 0, Errors: 1, Skipped: 0, Time elapsed: 2.037 s <<< FAILURE! -- in com.agilityhub.core.payments.application.PaymentProviderSelectionTest
[ERROR] com.agilityhub.core.payments.application.PaymentProviderSelectionTest.T_12_15_theLocalSmokeCanExplicitlySelectTheRealStripeAdapter -- Time elapsed: 0.697 s <<< ERROR!
java.lang.IllegalStateException: Unstarted application context org.springframework.boot.test.context.assertj.AssertableApplicationContext[startupFailure=org.springframework.beans.factory.UnsatisfiedDependencyException] failed to start
	at org.springframework.boot.test.context.assertj.AssertProviderApplicationContextInvocationHandler.getStartedApplicationContext(AssertProviderApplicationContextInvocationHandler.java:156)
	at org.springframework.boot.test.context.assertj.AssertProviderApplicationContextInvocationHandler.invokeApplicationContextMethod(AssertProviderApplicationContextInvocationHandler.java:147)
	at org.springframework.boot.test.context.assertj.AssertProviderApplicationContextInvocationHandler.invoke(AssertProviderApplicationContextInvocationHandler.java:85)
	at jdk.proxy2/jdk.proxy2.$Proxy67.getBean(Unknown Source)
	at com.agilityhub.core.payments.application.PaymentProviderSelectionTest.lambda$T_12_15_theLocalSmokeCanExplicitlySelectTheRealStripeAdapter$3(PaymentProviderSelectionTest.java:22)
	at org.springframework.boot.test.context.runner.AbstractApplicationContextRunner.accept(AbstractApplicationContextRunner.java:469)
	at org.springframework.boot.test.context.runner.AbstractApplicationContextRunner.consumeAssertableContext(AbstractApplicationContextRunner.java:385)
	at org.springframework.boot.test.context.runner.AbstractApplicationContextRunner.lambda$run$0(AbstractApplicationContextRunner.java:363)
	at org.springframework.boot.test.util.TestPropertyValues.lambda$applyToSystemProperties$1(TestPropertyValues.java:174)
	at org.springframework.boot.test.util.TestPropertyValues.applyToSystemProperties(TestPropertyValues.java:188)
	at org.springframework.boot.test.util.TestPropertyValues.applyToSystemProperties(TestPropertyValues.java:173)
	at org.springframework.boot.test.context.runner.AbstractApplicationContextRunner.lambda$run$1(AbstractApplicationContextRunner.java:363)
	at org.springframework.boot.test.context.runner.AbstractApplicationContextRunner.withContextClassLoader(AbstractApplicationContextRunner.java:391)
	at org.springframework.boot.test.context.runner.AbstractApplicationContextRunner.run(AbstractApplicationContextRunner.java:362)
	at com.agilityhub.core.payments.application.PaymentProviderSelectionTest.T_12_15_theLocalSmokeCanExplicitlySelectTheRealStripeAdapter(PaymentProviderSelectionTest.java:22)
	at java.base/java.lang.reflect.Method.invoke(Method.java:580)
	at java.base/java.util.ArrayList.forEach(ArrayList.java:1596)
	at java.base/java.util.ArrayList.forEach(ArrayList.java:1596)
Caused by: org.springframework.beans.factory.UnsatisfiedDependencyException: Error creating bean with name 'stripePaymentProvider': Unsatisfied dependency expressed through field 'clock': No qualifying bean of type 'java.time.Clock' available: expected at least 1 bean which qualifies as autowire candidate. Dependency annotations: {@org.springframework.beans.factory.annotation.Autowired(required=true)}
	at org.springframework.beans.factory.annotation.AutowiredAnnotationBeanPostProcessor$AutowiredFieldElement.resolveFieldValue(AutowiredAnnotationBeanPostProcessor.java:787)
	at org.springframework.beans.factory.annotation.AutowiredAnnotationBeanPostProcessor$AutowiredFieldElement.inject(AutowiredAnnotationBeanPostProcessor.java:767)
	at org.springframework.beans.factory.annotation.InjectionMetadata.inject(InjectionMetadata.java:146)
	at org.springframework.beans.factory.annotation.AutowiredAnnotationBeanPostProcessor.postProcessProperties(AutowiredAnnotationBeanPostProcessor.java:509)
	at org.springframework.beans.factory.support.AbstractAutowireCapableBeanFactory.populateBean(AbstractAutowireCapableBeanFactory.java:1457)
	at org.springframework.beans.factory.support.AbstractAutowireCapableBeanFactory.doCreateBean(AbstractAutowireCapableBeanFactory.java:606)
	at org.springframework.beans.factory.support.AbstractAutowireCapableBeanFactory.createBean(AbstractAutowireCapableBeanFactory.java:529)
	at org.springframework.beans.factory.support.AbstractBeanFactory.lambda$doGetBean$0(AbstractBeanFactory.java:339)
	at org.springframework.beans.factory.support.DefaultSingletonBeanRegistry.getSingleton(DefaultSingletonBeanRegistry.java:373)
	at org.springframework.beans.factory.support.AbstractBeanFactory.doGetBean(AbstractBeanFactory.java:337)
	at org.springframework.beans.factory.support.AbstractBeanFactory.getBean(AbstractBeanFactory.java:202)
	at org.springframework.beans.factory.support.DefaultListableBeanFactory.instantiateSingleton(DefaultListableBeanFactory.java:1235)
	at org.springframework.beans.factory.support.DefaultListableBeanFactory.preInstantiateSingleton(DefaultListableBeanFactory.java:1201)
	at org.springframework.beans.factory.support.DefaultListableBeanFactory.preInstantiateSingletons(DefaultListableBeanFactory.java:1130)
	at org.springframework.context.support.AbstractApplicationContext.finishBeanFactoryInitialization(AbstractApplicationContext.java:991)
	at org.springframework.context.support.AbstractApplicationContext.refresh(AbstractApplicationContext.java:628)
	at org.springframework.boot.test.context.runner.AbstractApplicationContextRunner.configureContext(AbstractApplicationContextRunner.java:456)
	at org.springframework.boot.test.context.runner.AbstractApplicationContextRunner.createAndLoadContext(AbstractApplicationContextRunner.java:426)
	at org.springframework.boot.test.context.runner.AbstractApplicationContextRunner.lambda$createAssertableContext$4(AbstractApplicationContextRunner.java:411)
	at org.springframework.boot.test.context.assertj.AssertProviderApplicationContextInvocationHandler.getContextOrStartupFailure(AssertProviderApplicationContextInvocationHandler.java:61)
	at org.springframework.boot.test.context.assertj.AssertProviderApplicationContextInvocationHandler.<init>(AssertProviderApplicationContextInvocationHandler.java:48)
	at org.springframework.boot.test.context.assertj.ApplicationContextAssertProvider.get(ApplicationContextAssertProvider.java:136)
	at org.springframework.boot.test.context.runner.AbstractApplicationContextRunner.createAssertableContext(AbstractApplicationContextRunner.java:411)
	at org.springframework.boot.test.context.runner.AbstractApplicationContextRunner.consumeAssertableContext(AbstractApplicationContextRunner.java:384)
	... 11 more
Caused by: org.springframework.beans.factory.NoSuchBeanDefinitionException: No qualifying bean of type 'java.time.Clock' available: expected at least 1 bean which qualifies as autowire candidate. Dependency annotations: {@org.springframework.beans.factory.annotation.Autowired(required=true)}
	at org.springframework.beans.factory.support.DefaultListableBeanFactory.raiseNoMatchingBeanFound(DefaultListableBeanFactory.java:2322)
	at org.springframework.beans.factory.support.DefaultListableBeanFactory.doResolveDependency(DefaultListableBeanFactory.java:1740)
	at org.springframework.beans.factory.support.DefaultListableBeanFactory.resolveDependency(DefaultListableBeanFactory.java:1660)
	at org.springframework.beans.factory.annotation.AutowiredAnnotationBeanPostProcessor$AutowiredFieldElement.resolveFieldValue(AutowiredAnnotationBeanPostProcessor.java:784)
	... 34 more

[ERROR] Errors: 
[ERROR]   PaymentProviderSelectionTest.T_12_15_theLocalSmokeCanExplicitlySelectTheRealStripeAdapter:22->lambda$T_12_15_theLocalSmokeCanExplicitlySelectTheRealStripeAdapter$3:22 » IllegalState Unstarted application context org.springframework.boot.test.context.assertj.AssertableApplicationContext[startupFailure=org.springframework.beans.factory.UnsatisfiedDependencyException] failed to start
[ERROR] Tests run: 1, Failures: 0, Errors: 1, Skipped: 0
[ERROR] Failed to execute goal org.apache.maven.plugins:maven-surefire-plugin:3.5.6:test (default-test) on project agilityhub-core-api: 
[ERROR] 
[ERROR] See /Users/jordib/dev/agilityhub/agilityhub-core-api/target/surefire-reports for the individual test results.
[ERROR] See dump files (if any exist) [date].dump, [date]-jvmRun[N].dump and [date].dumpstream.
[ERROR] -> [Help 1]
[ERROR] 
[ERROR] To see the full stack trace of the errors, re-run Maven with the -e switch.
[ERROR] Re-run Maven using the -X switch to enable full debug logging.
[ERROR] 
[ERROR] For more information about the errors and possible solutions, please read the following articles:
[ERROR] [Help 1] http://cwiki.apache.org/confluence/display/MAVEN/MojoFailureException
