Mockito is currently self-attaching to enable the inline-mock-maker. This will no longer work in future releases of the JDK. Please add Mockito as an agent to your build as described in Mockito's documentation: https://javadoc.io/doc/org.mockito/mockito-core/latest/org.mockito/org/mockito/Mockito.html#0.3
WARNING: A Java agent has been loaded dynamically (/Users/jordib/.m2/repository/net/bytebuddy/byte-buddy-agent/1.17.8/byte-buddy-agent-1.17.8.jar)
WARNING: If a serviceability tool is in use, please run with -XX:+EnableDynamicAgentLoading to hide this warning
WARNING: If a serviceability tool is not in use, please run with -Djdk.instrument.traceUsage for more information
WARNING: Dynamic loading of agents will be disallowed by default in a future release
OpenJDK 64-Bit Server VM warning: Sharing is only supported for boot loader classes because bootstrap classpath has been appended
[ERROR] Tests run: 1, Failures: 1, Errors: 0, Skipped: 0, Time elapsed: 1.376 s <<< FAILURE! -- in com.agilityhub.core.payments.application.PaymentProviderSelectionTest
[ERROR] com.agilityhub.core.payments.application.PaymentProviderSelectionTest.T_12_15_theLocalSmokeCanExplicitlySelectTheRealStripeAdapter -- Time elapsed: 0.581 s <<< FAILURE!
java.lang.AssertionError: 

Expecting actual:
  Mock for StripePaymentProvider, hashCode: 374845463
and:
  Mock for FakePaymentProvider, hashCode: 1963774829
to refer to the same object
	at com.agilityhub.core.payments.application.PaymentProviderSelectionTest.lambda$T_12_15_theLocalSmokeCanExplicitlySelectTheRealStripeAdapter$3(PaymentProviderSelectionTest.java:22)
	at org.springframework.boot.test.context.runner.AbstractApplicationContextRunner.accept(AbstractApplicationContextRunner.java:469)
	at org.springframework.boot.test.context.runner.AbstractApplicationContextRunner.consumeAssertableContext(AbstractApplicationContextRunner.java:385)
	at org.springframework.boot.test.context.runner.AbstractApplicationContextRunner.lambda$run$0(AbstractApplicationContextRunner.java:363)
	at org.springframework.boot.test.util.TestPropertyValues.lambda$applyToSystemProperties$1(TestPropertyValues.java:174)
	at org.springframework.boot.test.util.TestPropertyValues.applyToSystemProperties(TestPropertyValues.java:188)
	at org.springframework.boot.test.util.TestPropertyValues.applyToSystemProperties(TestPropertyValues.java:173)
	at org.springframework.boot.test.context.runner.AbstractApplicationContextRunner.lambda$run$1(AbstractApplicationContextRunner.java:363)
	at org.springframework.boot.test.context.runner.AbstractApplicationContextRunner.withContextClassLoader(AbstractApplicationContextRunner.java:391)
	at org.springframework.boot.test.context.runner.AbstractApplicationContextRunner.run(AbstractApplicationContextRunner.java:362)
	at com.agilityhub.core.payments.application.PaymentProviderSelectionTest.T_12_15_theLocalSmokeCanExplicitlySelectTheRealStripeAdapter(PaymentProviderSelectionTest.java:22)
	at java.base/java.lang.reflect.Method.invoke(Method.java:580)
	at java.base/java.util.ArrayList.forEach(ArrayList.java:1596)
	at java.base/java.util.ArrayList.forEach(ArrayList.java:1596)

[ERROR] Failures: 
[ERROR]   PaymentProviderSelectionTest.T_12_15_theLocalSmokeCanExplicitlySelectTheRealStripeAdapter:22->lambda$T_12_15_theLocalSmokeCanExplicitlySelectTheRealStripeAdapter$3:22 
Expecting actual:
  Mock for StripePaymentProvider, hashCode: 374845463
and:
  Mock for FakePaymentProvider, hashCode: 1963774829
to refer to the same object
[ERROR] Tests run: 1, Failures: 1, Errors: 0, Skipped: 0
[ERROR] Failed to execute goal org.apache.maven.plugins:maven-surefire-plugin:3.5.6:test (default-test) on project agilityhub-core-api: There are test failures.
[ERROR] 
[ERROR] See /Users/jordib/dev/agilityhub/agilityhub-core-api/target/surefire-reports for the individual test results.
[ERROR] See dump files (if any exist) [date].dump, [date]-jvmRun[N].dump and [date].dumpstream.
[ERROR] -> [Help 1]
[ERROR] 
[ERROR] To see the full stack trace of the errors, re-run Maven with the -e switch.
[ERROR] Re-run Maven using the -X switch to enable full debug logging.
[ERROR] 
[ERROR] For more information about the errors and possible solutions, please read the following articles:
[ERROR] [Help 1] http://cwiki.apache.org/confluence/display/MAVEN/MojoFailureException
