09:14:56.967 [main] INFO com.tngtech.archunit.core.PluginLoader -- Detected Java version 21.0.12.1
09:15:03.017 [main] INFO org.springframework.test.context.support.AnnotationConfigContextLoaderUtils -- Could not detect default configuration classes for test class [com.agilityhub.core.clubs.census.application.DemoBillingSeedIT]: DemoBillingSeedIT does not declare any static, non-private, non-final, nested classes annotated with @Configuration.
09:15:03.174 [main] INFO org.springframework.boot.test.context.SpringBootTestContextBootstrapper -- Found @SpringBootConfiguration com.agilityhub.core.CoreApplication for test class com.agilityhub.core.clubs.census.application.DemoBillingSeedIT
09:15:03.286 [main] INFO org.testcontainers.images.PullPolicy -- Image pull policy will be performed by: DefaultPullPolicy()
09:15:03.288 [main] INFO org.testcontainers.utility.ImageNameSubstitutor -- Image name substitution will be performed by: DefaultImageNameSubstitutor (composite of 'ConfigurationFileImageNameSubstitutor' and 'PrefixingImageNameSubstitutor')
09:15:03.295 [main] INFO org.testcontainers.DockerClientFactory -- Testcontainers version: 1.21.4
09:15:03.532 [main] INFO org.testcontainers.dockerclient.DockerClientProviderStrategy -- Loaded org.testcontainers.dockerclient.UnixSocketClientProviderStrategy from ~/.testcontainers.properties, will try it first
09:15:03.813 [main] INFO org.testcontainers.dockerclient.DockerClientProviderStrategy -- Found Docker environment with local Unix socket (unix:///var/run/docker.sock)
09:15:03.814 [main] INFO org.testcontainers.DockerClientFactory -- Docker host IP address is localhost
09:15:03.827 [main] INFO org.testcontainers.DockerClientFactory -- Connected to docker: 
  Server Version: 29.8.2
  API Version: 1.56
  Operating System: Docker Desktop
  Total Memory: 7931 MB
  Labels: 
    com.docker.desktop.address=unix:///Users/jordib/Library/Containers/com.docker.docker/Data/docker-cli.sock
09:15:04.143 [main] INFO tc.testcontainers/ryuk:0.12.0 -- Creating container for image: testcontainers/ryuk:0.12.0
09:15:04.445 [main] INFO org.testcontainers.utility.RegistryAuthLocator -- Credential helper/store (docker-credential-desktop) does not have credentials for https://index.docker.io/v1/
09:15:04.537 [main] INFO tc.testcontainers/ryuk:0.12.0 -- Container testcontainers/ryuk:0.12.0 is starting: 44af4fe24241966ed27e390ba755b6fb09dfc01b20a18ab2c0934800a4ca9e61
09:15:04.709 [main] INFO tc.testcontainers/ryuk:0.12.0 -- Container testcontainers/ryuk:0.12.0 started in PT0.566303S
09:15:04.713 [main] INFO org.testcontainers.utility.RyukResourceReaper -- Ryuk started - will monitor and terminate Testcontainers containers on JVM exit
09:15:04.713 [main] INFO org.testcontainers.DockerClientFactory -- Checking the system...
09:15:04.714 [main] INFO org.testcontainers.DockerClientFactory -- ✔︎ Docker server version should be at least 1.6.0
09:15:04.714 [main] INFO tc.mongo:7 -- Creating container for image: mongo:7
09:15:04.756 [main] INFO tc.mongo:7 -- Container mongo:7 is starting: 138aaa09da06a3dda82fe9decef8ec302f8260010a54d83e0d30c4c7a0b22e9a
09:15:05.413 [main] INFO tc.mongo:7 -- Container mongo:7 started in PT0.699523S
Integration JVM availableProcessors=18

  .   ____          _            __ _ _
 /\\ / ___'_ __ _ _(_)_ __  __ _ \ \ \ \
( ( )\___ | '_ | '_| | '_ \/ _` | \ \ \ \
 \\/  ___)| |_)| | | | | || (_| |  ) ) ) )
  '  |____| .__|_| |_|_| |_\__, | / / / /
 =========|_|==============|___/=/_/_/_/

 :: Spring Boot ::               (v3.5.16)

2026-10-08T09:15:06.474+02:00 INFO  [main] c.a.c.c.c.application.DemoBillingSeedIT traceId= clubId= accountId= : Starting DemoBillingSeedIT using Java [redacted] with PID 58108 (started by jordib in /Users/jordib/dev/agilityhub/agilityhub-core-api)
2026-10-08T09:15:06.476+02:00 INFO  [main] c.a.c.c.c.application.DemoBillingSeedIT traceId= clubId= accountId= : The following 1 profile is active: "test"
2026-10-08T09:15:07.772+02:00 INFO  [main] o.s.d.r.c.RepositoryConfigurationDelegate traceId= clubId= accountId= : Bootstrapping Spring Data MongoDB repositories in DEFAULT mode.
2026-10-08T09:15:07.829+02:00 INFO  [main] o.s.d.r.c.RepositoryConfigurationDelegate traceId= clubId= accountId= : Finished Spring Data repository scanning in 53 ms. Found 0 MongoDB repository interfaces.
2026-10-08T09:15:08.278+02:00 INFO  [main] org.mongodb.driver.client traceId= clubId= accountId= : MongoClient with metadata {"driver": {"name": "mongo-java-driver|sync|spring-boot", "version": "5.5.2"}, "os": {"type": "Darwin", "name": "Mac OS X", "architecture": "aarch64", "version": "26.4.1"}, "platform": "Java/Homebrew/[redacted]"} created with settings MongoClientSettings{readPreference=primary, writeConcern=WriteConcern{w=null, wTimeout=null ms, journal=null}, retryWrites=true, retryReads=true, readConcern=ReadConcern{level=null}, credential=null, transportSettings=null, commandListeners=[io.micrometer.core.instrument.binder.mongodb.MongoMetricsCommandListener@60cee7ca], codecRegistry=ProvidersCodecRegistry{codecProviders=[ValueCodecProvider{}, BsonValueCodecProvider{}, DBRefCodecProvider{}, DBObjectCodecProvider{}, DocumentCodecProvider{}, CollectionCodecProvider{}, IterableCodecProvider{}, MapCodecProvider{}, GeoJsonCodecProvider{}, GridFSFileCodecProvider{}, Jsr310CodecProvider{}, JsonObjectCodecProvider{}, BsonCodecProvider{}, EnumCodecProvider{}, com.mongodb.client.model.mql.ExpressionCodecProvider@7debfa04, com.mongodb.Jep395RecordCodecProvider@52de93f1, com.mongodb.KotlinCodecProvider@6315d288]}, loggerSettings=LoggerSettings{maxDocumentLength=1000}, clusterSettings={hosts=[localhost:56452], srvServiceName=mongodb, mode=SINGLE, requiredClusterType=UNKNOWN, requiredReplicaSetName='null', serverSelector='null', clusterListeners='[]', serverSelectionTimeout='2000 ms', localThreshold='15 ms'}, socketSettings=SocketSettings{connectTimeoutMS=2000, readTimeoutMS=0, receiveBufferSize=0, proxySettings=ProxySettings{host=null, port=null, username=null, [redacted], heartbeatSocketSettings=SocketSettings{connectTimeoutMS=2000, readTimeoutMS=2000, receiveBufferSize=0, proxySettings=ProxySettings{host=null, port=null, username=null, [redacted], connectionPoolSettings=ConnectionPoolSettings{maxSize=100, minSize=0, maxWaitTimeMS=2000, maxConnectionLifeTimeMS=0, maxConnectionIdleTimeMS=0, maintenanceInitialDelayMS=0, maintenanceFrequencyMS=60000, connectionPoolListeners=[io.micrometer.core.instrument.binder.mongodb.MongoMetricsConnectionPoolListener@74f29997], maxConnecting=2}, serverSettings=ServerSettings{heartbeatFrequencyMS=10000, minHeartbeatFrequencyMS=500, serverMonitoringMode=AUTO, serverListeners='[]', serverMonitorListeners='[]'}, sslSettings=SslSettings{enabled=false, invalidHostNameAllowed=false, context=null}, applicationName='null', compressorList=[], uuidRepresentation=JAVA_LEGACY, serverApi=null, autoEncryptionSettings=null, dnsClient=null, inetAddressResolver=null, contextProvider=null, timeoutMS=null}
2026-10-08T09:15:08.284+02:00 INFO  [cluster-ClusterId{value='6ac742fc4193f71e87577f53', description='null'}-localhost:56452] org.mongodb.driver.cluster traceId= clubId= accountId= : Monitor thread successfully connected to server with description ServerDescription{address=localhost:56452, type=REPLICA_SET_PRIMARY, cryptd=false, state=CONNECTED, ok=true, minWireVersion=0, maxWireVersion=21, maxDocumentSize=16777216, logicalSessionTimeoutMinutes=30, roundTripTimeNanos=11865750, minRoundTripTimeNanos=0, setName='docker-rs', canonicalAddress=138aaa09da06:27017, hosts=[138aaa09da06:27017], passives=[], arbiters=[], primary='138aaa09da06:27017', tagSet=TagSet{[]}, electionId=7fffffff0000000000000001, setVersion=1, topologyVersion=TopologyVersion{processId=6ac742f87620f5631cdb77d4, counter=6}, lastWriteDate=Thu Oct 08 09:15:05 CEST 2026, lastUpdateTimeNanos=[redacted]}
2026-10-08T09:15:12.336+02:00 INFO  [main] c.a.c.c.c.application.DemoBillingSeedIT traceId= clubId= accountId= : Started DemoBillingSeedIT in 6.131 seconds (process running for 9.912)
Mockito is currently self-attaching to enable the inline-mock-maker. This will no longer work in future releases of the JDK. Please add Mockito as an agent to your build as described in Mockito's documentation: https://javadoc.io/doc/org.mockito/mockito-core/latest/org.mockito/org/mockito/Mockito.html#0.3
OpenJDK 64-Bit Server VM warning: Sharing is only supported for boot loader classes because bootstrap classpath has been appended
WARNING: A Java agent has been loaded dynamically (/Users/jordib/.m2/repository/net/bytebuddy/byte-buddy-agent/1.17.8/byte-buddy-agent-1.17.8.jar)
WARNING: If a serviceability tool is in use, please run with -XX:+EnableDynamicAgentLoading to hide this warning
WARNING: If a serviceability tool is not in use, please run with -Djdk.instrument.traceUsage for more information
WARNING: Dynamic loading of agents will be disallowed by default in a future release
{activeMembers=184, pendingMembers=3, inactiveMembers=4, leftMembers=3, members=194, dogs=246, familyGroups=12, activeDogs=242, pendingDogs=3, inactiveDogs=1, instructors=3, administrators=2, receivedDocuments=7, pendingDocuments=239}
452 changes (demo seed)
{templateClasses=39, templates=3, weeks=3, generatedClasses=102, validatedWeeks=2, looseClasses=1, ringBlocks=1, scenarioRingBlocks=0, attendanceHistoryClasses=0, riskCancellations=1, classBookings=23, classWaitlist=3, activities=4, publishedActivities=3, activityRegistrations=44, activityWaitlist=2, activityFiles=2, scenarioActivityRegistrations=0, scenarioClassBookings=0, scenarioCancellations=0, scenarioWaitlist=0, scenarioOffers=0, scenarioRiskExempt=0, scenarioBookingBlocks=0, attendanceRenamed=0, attendanceLevelChanges=0, followupNotes=0, attendanceBookings=0, attendanceWaitlist=0, attendanceMarks=0, attendanceCancellations=0, attendanceNoShowBatches=0, followupTasks=0, followupTaskAttachments=0, followupObservations=0, scenarioTrainingOverrides=0, scenarioTrainingBookings=0, trainingHistoryOverrides=0, trainingHistoryBookings=0, messagingContacts=2, messagingProfiles=3, messagingBounces=1, pushSubscriptions=1, customTemplates=1, billingProviders=1, pendingInactivity=1, activeInactivity=1, plannedLeave=1, expiredPacks=1}
246 changes (demo planning, week start 2026-09-07)
{activeMembers=8, pendingMembers=0, inactiveMembers=0, leftMembers=0, members=8, dogs=8, familyGroups=0, activeDogs=8, pendingDogs=0, inactiveDogs=0, instructors=1, administrators=1, receivedDocuments=0, pendingDocuments=8}
16 changes (demo seed)
{templateClasses=5, templates=1, weeks=1, generatedClasses=3, validatedWeeks=1, scenarioRingBlocks=0, attendanceHistoryClasses=0, classBookings=0, classWaitlist=0, activities=0, publishedActivities=0, activityRegistrations=0, activityWaitlist=0, activityFiles=0, scenarioActivityRegistrations=0, scenarioClassBookings=0, scenarioCancellations=0, scenarioWaitlist=0, scenarioOffers=0, scenarioRiskExempt=0, scenarioBookingBlocks=0, attendanceRenamed=0, attendanceLevelChanges=0, followupNotes=0, attendanceBookings=0, attendanceWaitlist=0, attendanceMarks=0, attendanceCancellations=0, attendanceNoShowBatches=0, followupTasks=0, followupTaskAttachments=0, followupObservations=0, scenarioTrainingOverrides=0, scenarioTrainingBookings=0, trainingHistoryOverrides=0, trainingHistoryBookings=0, messagingContacts=0, messagingProfiles=0, messagingBounces=0, pushSubscriptions=0, customTemplates=0, cardMembers=1, pendingCharges=2}
14 changes (demo planning, week start 2026-09-07)
{activeMembers=184, pendingMembers=3, inactiveMembers=4, leftMembers=3, members=194, dogs=246, familyGroups=12, activeDogs=242, pendingDogs=3, inactiveDogs=1, instructors=3, administrators=2, receivedDocuments=7, pendingDocuments=239}
0 changes (demo seed)
{templateClasses=39, templates=3, weeks=3, generatedClasses=102, validatedWeeks=2, looseClasses=1, ringBlocks=1, scenarioRingBlocks=0, attendanceHistoryClasses=0, riskCancellations=1, classBookings=23, classWaitlist=3, activities=4, publishedActivities=3, activityRegistrations=44, activityWaitlist=2, activityFiles=2, scenarioActivityRegistrations=0, scenarioClassBookings=0, scenarioCancellations=0, scenarioWaitlist=0, scenarioOffers=0, scenarioRiskExempt=0, scenarioBookingBlocks=0, attendanceRenamed=0, attendanceLevelChanges=0, followupNotes=0, attendanceBookings=0, attendanceWaitlist=0, attendanceMarks=0, attendanceCancellations=0, attendanceNoShowBatches=0, followupTasks=0, followupTaskAttachments=0, followupObservations=0, scenarioTrainingOverrides=0, scenarioTrainingBookings=0, trainingHistoryOverrides=0, trainingHistoryBookings=0, messagingContacts=2, messagingProfiles=3, messagingBounces=1, pushSubscriptions=1, customTemplates=1, billingProviders=1, pendingInactivity=1, activeInactivity=1, plannedLeave=1, expiredPacks=1}
0 changes (demo planning, week start 2026-09-07)
{activeMembers=8, pendingMembers=0, inactiveMembers=0, leftMembers=0, members=8, dogs=8, familyGroups=0, activeDogs=8, pendingDogs=0, inactiveDogs=0, instructors=1, administrators=1, receivedDocuments=0, pendingDocuments=8}
0 changes (demo seed)
{templateClasses=5, templates=1, weeks=1, generatedClasses=3, validatedWeeks=1, scenarioRingBlocks=0, attendanceHistoryClasses=0, classBookings=0, classWaitlist=0, activities=0, publishedActivities=0, activityRegistrations=0, activityWaitlist=0, activityFiles=0, scenarioActivityRegistrations=0, scenarioClassBookings=0, scenarioCancellations=0, scenarioWaitlist=0, scenarioOffers=0, scenarioRiskExempt=0, scenarioBookingBlocks=0, attendanceRenamed=0, attendanceLevelChanges=0, followupNotes=0, attendanceBookings=0, attendanceWaitlist=0, attendanceMarks=0, attendanceCancellations=0, attendanceNoShowBatches=0, followupTasks=0, followupTaskAttachments=0, followupObservations=0, scenarioTrainingOverrides=0, scenarioTrainingBookings=0, trainingHistoryOverrides=0, trainingHistoryBookings=0, messagingContacts=0, messagingProfiles=0, messagingBounces=0, pushSubscriptions=0, customTemplates=0, cardMembers=1, pendingCharges=2}
0 changes (demo planning, week start 2026-09-07)
