13:23:24.089 [main] INFO org.hibernate.validator.internal.util.Version -- HV000001: Hibernate Validator 8.0.3.Final
13:23:24.304 [main] INFO org.springframework.mock.web.MockServletContext -- Initializing Spring TestDispatcherServlet ''
13:23:24.305 [main] INFO org.springframework.test.web.servlet.TestDispatcherServlet -- Initializing Servlet ''
13:23:24.306 [main] INFO org.springframework.test.web.servlet.TestDispatcherServlet -- Completed initialization in 1 ms
[ERROR] Tests run: 2, Failures: 2, Errors: 0, Skipped: 0, Time elapsed: 0.602 s <<< FAILURE! -- in com.agilityhub.core.configuration.TestClockProfileGuardTest
[ERROR] com.agilityhub.core.configuration.TestClockProfileGuardTest.A7_05_localOrTestAloneKeepTheMovableClockAndTheRoute -- Time elapsed: 0.509 s <<< FAILURE!
java.lang.AssertionError: JSON path "$.now" expected:<2030-01-01T00:00:00Z> but was:<2030-01-01T00:00:00.000048Z>
	at org.springframework.test.util.AssertionErrors.fail(AssertionErrors.java:61)
	at org.springframework.test.util.AssertionErrors.assertEquals(AssertionErrors.java:128)
	at org.springframework.test.util.JsonPathExpectationsHelper.assertValue(JsonPathExpectationsHelper.java:172)
	at org.springframework.test.web.servlet.result.JsonPathResultMatchers.lambda$value$2(JsonPathResultMatchers.java:112)
	at org.springframework.test.web.servlet.MockMvc$1.andExpect(MockMvc.java:214)
	at com.agilityhub.core.configuration.TestClockProfileGuardTest.lambda$A7_05_localOrTestAloneKeepTheMovableClockAndTheRoute$1(TestClockProfileGuardTest.java:57)
	at org.springframework.boot.test.context.runner.AbstractApplicationContextRunner.accept(AbstractApplicationContextRunner.java:469)
	at org.springframework.boot.test.context.runner.AbstractApplicationContextRunner.consumeAssertableContext(AbstractApplicationContextRunner.java:385)
	at org.springframework.boot.test.context.runner.AbstractApplicationContextRunner.lambda$run$0(AbstractApplicationContextRunner.java:363)
	at org.springframework.boot.test.util.TestPropertyValues.lambda$applyToSystemProperties$1(TestPropertyValues.java:174)
	at org.springframework.boot.test.util.TestPropertyValues.applyToSystemProperties(TestPropertyValues.java:188)
	at org.springframework.boot.test.util.TestPropertyValues.applyToSystemProperties(TestPropertyValues.java:173)
	at org.springframework.boot.test.context.runner.AbstractApplicationContextRunner.lambda$run$1(AbstractApplicationContextRunner.java:363)
	at org.springframework.boot.test.context.runner.AbstractApplicationContextRunner.withContextClassLoader(AbstractApplicationContextRunner.java:391)
	at org.springframework.boot.test.context.runner.AbstractApplicationContextRunner.run(AbstractApplicationContextRunner.java:362)
	at com.agilityhub.core.configuration.TestClockProfileGuardTest.A7_05_localOrTestAloneKeepTheMovableClockAndTheRoute(TestClockProfileGuardTest.java:52)
	at java.base/java.lang.reflect.Method.invoke(Method.java:580)
	at java.base/java.util.ArrayList.forEach(ArrayList.java:1596)
	at java.base/java.util.ArrayList.forEach(ArrayList.java:1596)

[ERROR] com.agilityhub.core.configuration.TestClockProfileGuardTest.A7_05_stagingOrProdNeverHaveTheTestClockRouteNorTheMovableClock -- Time elapsed: 0.036 s <<< FAILURE!
java.lang.AssertionError:
[local,staging]
Expecting:
 <Started application [AnnotationConfigServletWebApplicationContext@79afa369 id = 'org.springframework.boot.web.servlet.context.AnnotationConfigServletWebApplicationContext@79afa369', applicationName = '', beanDefinitionCount = 71]>
not to have any beans of type:
 <com.agilityhub.core.platform.api.TestClockController>
but found:
 <["testClockController"]>
	at com.agilityhub.core.configuration.TestClockProfileGuardTest.lambda$A7_05_stagingOrProdNeverHaveTheTestClockRouteNorTheMovableClock$0(TestClockProfileGuardTest.java:37)
	at org.springframework.boot.test.context.runner.AbstractApplicationContextRunner.accept(AbstractApplicationContextRunner.java:469)
	at org.springframework.boot.test.context.runner.AbstractApplicationContextRunner.consumeAssertableContext(AbstractApplicationContextRunner.java:385)
	at org.springframework.boot.test.context.runner.AbstractApplicationContextRunner.lambda$run$0(AbstractApplicationContextRunner.java:363)
	at org.springframework.boot.test.util.TestPropertyValues.lambda$applyToSystemProperties$1(TestPropertyValues.java:174)
	at org.springframework.boot.test.util.TestPropertyValues.applyToSystemProperties(TestPropertyValues.java:188)
	at org.springframework.boot.test.util.TestPropertyValues.applyToSystemProperties(TestPropertyValues.java:173)
	at org.springframework.boot.test.context.runner.AbstractApplicationContextRunner.lambda$run$1(AbstractApplicationContextRunner.java:363)
	at org.springframework.boot.test.context.runner.AbstractApplicationContextRunner.withContextClassLoader(AbstractApplicationContextRunner.java:391)
	at org.springframework.boot.test.context.runner.AbstractApplicationContextRunner.run(AbstractApplicationContextRunner.java:362)
	at com.agilityhub.core.configuration.TestClockProfileGuardTest.A7_05_stagingOrProdNeverHaveTheTestClockRouteNorTheMovableClock(TestClockProfileGuardTest.java:36)
	at java.base/java.lang.reflect.Method.invoke(Method.java:580)
	at java.base/java.util.ArrayList.forEach(ArrayList.java:1596)
	at java.base/java.util.ArrayList.forEach(ArrayList.java:1596)

[ERROR] Failures:
[ERROR]   TestClockProfileGuardTest.A7_05_localOrTestAloneKeepTheMovableClockAndTheRoute:52->lambda$A7_05_localOrTestAloneKeepTheMovableClockAndTheRoute$1:57 JSON path "$.now" expected:<2030-01-01T00:00:00Z> but was:<2030-01-01T00:00:00.000048Z>
[ERROR]   TestClockProfileGuardTest.A7_05_stagingOrProdNeverHaveTheTestClockRouteNorTheMovableClock:36->lambda$A7_05_stagingOrProdNeverHaveTheTestClockRouteNorTheMovableClock$0:37 [local,staging]
Expecting:
 <Started application [AnnotationConfigServletWebApplicationContext@79afa369 id = 'org.springframework.boot.web.servlet.context.AnnotationConfigServletWebApplicationContext@79afa369', applicationName = '', beanDefinitionCount = 71]>
not to have any beans of type:
 <com.agilityhub.core.platform.api.TestClockController>
but found:
 <["testClockController"]>
[ERROR] Tests run: 2, Failures: 2, Errors: 0, Skipped: 0
[ERROR] There are test failures.

See /Users/jordib/dev/agilityhub/agilityhub-core-api/target/surefire-reports for the individual test results.
See dump files (if any exist) [date].dump, [date]-jvmRun[N].dump and [date].dumpstream.
13:23:24.843 [main] INFO org.springframework.test.context.support.AnnotationConfigContextLoaderUtils -- Could not detect default configuration classes for test class [com.agilityhub.core.configuration.E5ContractIT]: E5ContractIT does not declare any static, non-private, non-final, nested classes annotated with @Configuration.
13:23:24.927 [main] INFO org.springframework.boot.test.context.SpringBootTestContextBootstrapper -- Found @SpringBootConfiguration com.agilityhub.core.CoreApplication for test class com.agilityhub.core.configuration.E5ContractIT
13:23:24.975 [main] INFO org.testcontainers.images.PullPolicy -- Image pull policy will be performed by: DefaultPullPolicy()
13:23:24.976 [main] INFO org.testcontainers.utility.ImageNameSubstitutor -- Image name substitution will be performed by: DefaultImageNameSubstitutor (composite of 'ConfigurationFileImageNameSubstitutor' and 'PrefixingImageNameSubstitutor')
13:23:24.979 [main] INFO org.testcontainers.DockerClientFactory -- Testcontainers version: 1.21.4
13:23:25.060 [main] INFO org.testcontainers.dockerclient.DockerClientProviderStrategy -- Loaded org.testcontainers.dockerclient.UnixSocketClientProviderStrategy from ~/.testcontainers.properties, will try it first
13:23:25.182 [main] INFO org.testcontainers.dockerclient.DockerClientProviderStrategy -- Found Docker environment with local Unix socket (unix:///var/run/docker.sock)
13:23:25.183 [main] INFO org.testcontainers.DockerClientFactory -- Docker host IP address is localhost
13:23:25.193 [main] INFO org.testcontainers.DockerClientFactory -- Connected to docker:
  Server Version: 29.7.2
  API Version: 1.55
  Operating System: Docker Desktop
  Total Memory: 7931 MB
  Labels:
    com.docker.desktop.address=unix:///Users/jordib/Library/Containers/com.docker.docker/Data/docker-cli.sock
13:23:25.379 [main] INFO tc.testcontainers/ryuk:0.12.0 -- Creating container for image: testcontainers/ryuk:0.12.0
13:23:25.477 [main] INFO org.testcontainers.utility.RegistryAuthLocator -- Credential helper/store (docker-credential-desktop) does not have credentials for https://index.docker.io/v1/
13:23:25.542 [main] INFO tc.testcontainers/ryuk:0.12.0 -- Container testcontainers/ryuk:0.12.0 is starting: 08dde137cd018172b0a632ae8ccd1f98971f54c83a2e5473d1d5e57b99497a5a
13:23:25.695 [main] INFO tc.testcontainers/ryuk:0.12.0 -- Container testcontainers/ryuk:0.12.0 started in PT0.316191S
13:23:25.699 [main] INFO org.testcontainers.utility.RyukResourceReaper -- Ryuk started - will monitor and terminate Testcontainers containers on JVM exit
13:23:25.699 [main] INFO org.testcontainers.DockerClientFactory -- Checking the system...
13:23:25.699 [main] INFO org.testcontainers.DockerClientFactory -- ✔︎ Docker server version should be at least 1.6.0
13:23:25.699 [main] INFO tc.mongo:7 -- Creating container for image: mongo:7
13:23:25.740 [main] INFO tc.mongo:7 -- Container mongo:7 is starting: ddfa19773e1fef72aa3f82bf492616e5eb13f7730aad778a6c9a0a73b20aa3e1
13:23:26.185 [main] INFO tc.mongo:7 -- Container mongo:7 started in PT0.485403S
Integration JVM availableProcessors=18

  .   ____          _            __ _ _
 /\\ / ___'_ __ _ _(_)_ __  __ _ \ \ \ \
( ( )\___ | '_ | '_| | '_ \/ _` | \ \ \ \
 \\/  ___)| |_)| | | | | || (_| |  ) ) ) )
  '  |____| .__|_| |_|_| |_\__, | / / / /
 =========|_|==============|___/=/_/_/_/

 :: Spring Boot ::               (v3.5.16)

2026-09-28T13:23:26.847+02:00  INFO 30250 --- [agilityhub-core-api] [           main] c.a.core.configuration.E5ContractIT      : Starting E5ContractIT using Java 21.0.12.1 with PID 30250 (started by jordib in /Users/jordib/dev/agilityhub/agilityhub-core-api)
2026-09-28T13:23:26.848+02:00  INFO 30250 --- [agilityhub-core-api] [           main] c.a.core.configuration.E5ContractIT      : The following 1 profile is active: "test"
2026-09-28T13:23:27.644+02:00  INFO 30250 --- [agilityhub-core-api] [           main] .s.d.r.c.RepositoryConfigurationDelegate : Bootstrapping Spring Data MongoDB repositories in DEFAULT mode.
2026-09-28T13:23:27.678+02:00  INFO 30250 --- [agilityhub-core-api] [           main] .s.d.r.c.RepositoryConfigurationDelegate : Finished Spring Data repository scanning in 31 ms. Found 0 MongoDB repository interfaces.
2026-09-28T13:23:27.971+02:00  INFO 30250 --- [agilityhub-core-api] [           main] org.mongodb.driver.client                : MongoClient with metadata {"driver": {"name": "mongo-java-driver|sync|spring-boot", "version": "5.5.2"}, "os": {"type": "Darwin", "name": "Mac OS X", "architecture": "aarch64", "version": "26.4.1"}, "platform": "Java/Homebrew/21.0.12.1"} created with settings MongoClientSettings{readPreference=primary, writeConcern=WriteConcern{w=null, wTimeout=null ms, journal=null}, retryWrites=true, retryReads=true, readConcern=ReadConcern{level=null}, credential=null, transportSettings=null, commandListeners=[io.micrometer.core.instrument.binder.mongodb.MongoMetricsCommandListener@5bc1903], codecRegistry=ProvidersCodecRegistry{codecProviders=[ValueCodecProvider{}, BsonValueCodecProvider{}, DBRefCodecProvider{}, DBObjectCodecProvider{}, DocumentCodecProvider{}, CollectionCodecProvider{}, IterableCodecProvider{}, MapCodecProvider{}, GeoJsonCodecProvider{}, GridFSFileCodecProvider{}, Jsr310CodecProvider{}, JsonObjectCodecProvider{}, BsonCodecProvider{}, EnumCodecProvider{}, com.mongodb.client.model.mql.ExpressionCodecProvider@3cc5408c, com.mongodb.Jep395RecordCodecProvider@1ecd09d5, com.mongodb.KotlinCodecProvider@36f438f1]}, loggerSettings=LoggerSettings{maxDocumentLength=1000}, clusterSettings={hosts=[localhost:63434], srvServiceName=mongodb, mode=SINGLE, requiredClusterType=UNKNOWN, requiredReplicaSetName='null', serverSelector='null', clusterListeners='[]', serverSelectionTimeout='30000 ms', localThreshold='15 ms'}, socketSettings=SocketSettings{connectTimeoutMS=10000, readTimeoutMS=0, receiveBufferSize=0, proxySettings=ProxySettings{host=null, port=null, username=null, password=null}}, heartbeatSocketSettings=SocketSettings{connectTimeoutMS=10000, readTimeoutMS=10000, receiveBufferSize=0, proxySettings=ProxySettings{host=null, port=null, username=null, password=null}}, connectionPoolSettings=ConnectionPoolSettings{maxSize=100, minSize=0, maxWaitTimeMS=120000, maxConnectionLifeTimeMS=0, maxConnectionIdleTimeMS=0, maintenanceInitialDelayMS=0, maintenanceFrequencyMS=60000, connectionPoolListeners=[io.micrometer.core.instrument.binder.mongodb.MongoMetricsConnectionPoolListener@53654b2d], maxConnecting=2}, serverSettings=ServerSettings{heartbeatFrequencyMS=10000, minHeartbeatFrequencyMS=500, serverMonitoringMode=AUTO, serverListeners='[]', serverMonitorListeners='[]'}, sslSettings=SslSettings{enabled=false, invalidHostNameAllowed=false, context=null}, applicationName='null', compressorList=[], uuidRepresentation=JAVA_LEGACY, serverApi=null, autoEncryptionSettings=null, dnsClient=null, inetAddressResolver=null, contextProvider=null, timeoutMS=null}
2026-09-28T13:23:27.976+02:00  INFO 30250 --- [agilityhub-core-api] [localhost:63434] org.mongodb.driver.cluster               : Monitor thread successfully connected to server with description ServerDescription{address=localhost:63434, type=REPLICA_SET_PRIMARY, cryptd=false, state=CONNECTED, ok=true, minWireVersion=0, maxWireVersion=21, maxDocumentSize=16777216, logicalSessionTimeoutMinutes=30, roundTripTimeNanos=11538416, minRoundTripTimeNanos=0, setName='docker-rs', canonicalAddress=ddfa19773e1f:27017, hosts=[ddfa19773e1f:27017], passives=[], arbiters=[], primary='ddfa19773e1f:27017', tagSet=TagSet{[]}, electionId=7fffffff0000000000000001, setVersion=1, topologyVersion=TopologyVersion{processId=6aba4e2dd7ad86b9c3d3950b, counter=6}, lastWriteDate=Mon Sep 28 13:23:26 CEST 2026, lastUpdateTimeNanos=303937162407750}
2026-09-28T13:23:30.304+02:00  INFO 30250 --- [agilityhub-core-api] [           main] o.s.b.t.m.w.SpringBootMockServletContext : Initializing Spring TestDispatcherServlet ''
2026-09-28T13:23:30.304+02:00  INFO 30250 --- [agilityhub-core-api] [           main] o.s.t.web.servlet.TestDispatcherServlet  : Initializing Servlet ''
2026-09-28T13:23:30.304+02:00  INFO 30250 --- [agilityhub-core-api] [           main] o.s.t.web.servlet.TestDispatcherServlet  : Completed initialization in 0 ms
2026-09-28T13:23:30.333+02:00  INFO 30250 --- [agilityhub-core-api] [           main] c.a.core.configuration.E5ContractIT      : Started E5ContractIT in 3.615 seconds (process running for 5.833)
Mockito is currently self-attaching to enable the inline-mock-maker. This will no longer work in future releases of the JDK. Please add Mockito as an agent to your build as described in Mockito's documentation: https://javadoc.io/doc/org.mockito/mockito-core/latest/org.mockito/org/mockito/Mockito.html#0.3
OpenJDK 64-Bit Server VM warning: Sharing is only supported for boot loader classes because bootstrap classpath has been appended
WARNING: A Java agent has been loaded dynamically (/Users/jordib/.m2/repository/net/bytebuddy/byte-buddy-agent/1.17.8/byte-buddy-agent-1.17.8.jar)
WARNING: If a serviceability tool is in use, please run with -XX:+EnableDynamicAgentLoading to hide this warning
WARNING: If a serviceability tool is not in use, please run with -Djdk.instrument.traceUsage for more information
WARNING: Dynamic loading of agents will be disallowed by default in a future release
[ERROR] Tests run: 1, Failures: 1, Errors: 0, Skipped: 0, Time elapsed: 6.306 s <<< FAILURE! -- in com.agilityhub.core.configuration.E5ContractIT
[ERROR] com.agilityhub.core.configuration.E5ContractIT.T_08_26_T_09_30_memberRoutesServeEveryTokenWithTheMemberRoleRefuseStaffOnlyTokensAndHideOtherMembers -- Time elapsed: 0.528 s <<< FAILURE!
java.lang.AssertionError:
[GET /api/v1/me/home {"code":"FORBIDDEN","message":"No tens permís per fer aquesta acció.","details":{},"traceId":"60e40cfd-4b4a-4a4f-8b77-8b1396c64b01"}]
Expecting actual:
  403
not to be in:
  [401, 403, 500, 501]

	at com.agilityhub.core.configuration.E5ContractIT.served(E5ContractIT.java:77)
	at com.agilityhub.core.configuration.E5ContractIT.T_08_26_T_09_30_memberRoutesServeEveryTokenWithTheMemberRoleRefuseStaffOnlyTokensAndHideOtherMembers(E5ContractIT.java:202)
	at java.base/java.lang.reflect.Method.invoke(Method.java:580)
	at java.base/java.util.ArrayList.forEach(ArrayList.java:1596)
	at java.base/java.util.ArrayList.forEach(ArrayList.java:1596)

2026-09-28T13:23:31.126+02:00  INFO 30250 --- [agilityhub-core-api] [           main] t.c.s.AnnotationConfigContextLoaderUtils : Could not detect default configuration classes for test class [com.agilityhub.core.clubs.bookings.api.BookingsIT]: BookingsIT does not declare any static, non-private, non-final, nested classes annotated with @Configuration.
2026-09-28T13:23:31.169+02:00  INFO 30250 --- [agilityhub-core-api] [           main] .b.t.c.SpringBootTestContextBootstrapper : Found @SpringBootConfiguration com.agilityhub.core.CoreApplication for test class com.agilityhub.core.clubs.bookings.api.BookingsIT
[ERROR] Tests run: 1, Failures: 1, Errors: 0, Skipped: 0, Time elapsed: 0.272 s <<< FAILURE! -- in com.agilityhub.core.clubs.bookings.api.BookingsIT
[ERROR] com.agilityhub.core.clubs.bookings.api.BookingsIT.R_01_07_T_08_26_aDualRoleInstructorBooksAndCancelsHerOwnDogAsAMember -- Time elapsed: 0.226 s <<< FAILURE!
org.opentest4j.AssertionFailedError:
[GET /me/bookable-classes?dogId=s08-d-lluna {"code":"FORBIDDEN","message":"No tens permís per fer aquesta acció.","details":{},"traceId":"d78265ff-652d-4fe4-a5d6-a249a58953e0"}]
expected: 200
 but was: 403
	at com.agilityhub.core.clubs.bookings.api.BookingFixtures.call(BookingFixtures.java:136)
	at com.agilityhub.core.clubs.bookings.api.BookingFixtures.call(BookingFixtures.java:129)
	at com.agilityhub.core.clubs.bookings.api.BookingsIT.R_01_07_T_08_26_aDualRoleInstructorBooksAndCancelsHerOwnDogAsAMember(BookingsIT.java:548)
	at java.base/java.lang.reflect.Method.invoke(Method.java:580)
	at java.base/java.util.ArrayList.forEach(ArrayList.java:1596)
	at java.base/java.util.ArrayList.forEach(ArrayList.java:1596)

2026-09-28T13:23:31.399+02:00  INFO 30250 --- [agilityhub-core-api] [           main] t.c.s.AnnotationConfigContextLoaderUtils : Could not detect default configuration classes for test class [com.agilityhub.core.clubs.bookings.api.RiskReviewJobIT]: RiskReviewJobIT does not declare any static, non-private, non-final, nested classes annotated with @Configuration.
2026-09-28T13:23:31.400+02:00  INFO 30250 --- [agilityhub-core-api] [           main] .b.t.c.SpringBootTestContextBootstrapper : Found @SpringBootConfiguration com.agilityhub.core.CoreApplication for test class com.agilityhub.core.clubs.bookings.api.RiskReviewJobIT
2026-09-28T13:23:31.890+02:00 ERROR 30250 --- [agilityhub-core-api] [           main] c.a.c.p.application.jobs.JobRunner       : Job item failed jobRunId=e153b5ac-7321-4460-a7b8-899b275f8019 job=RISK_REVIEW clubId=s08-a entityId=s08-c2 traceId=21c122d7-b54f-4f9f-8f85-55639b2b885b

com.agilityhub.core.shared.domain.ApiException: INVALID_STATE
	at com.agilityhub.core.clubs.scheduling.application.SchedulingTransactions.write(SchedulingTransactions.java:41) ~[classes/:na]
	at com.agilityhub.core.clubs.scheduling.application.ClassCancellationUseCase.cancel(ClassCancellationUseCase.java:27) ~[classes/:na]
	at com.agilityhub.core.clubs.scheduling.application.RiskReviewJob.cancel(RiskReviewJob.java:82) ~[classes/:na]
	at com.agilityhub.core.clubs.scheduling.application.RiskReviewJob.apply(RiskReviewJob.java:75) ~[classes/:na]
	at com.agilityhub.core.clubs.bookings.api.RiskReviewJobIT$1.apply(RiskReviewJobIT.java:405) ~[test-classes/:na]
	at com.agilityhub.core.platform.application.jobs.JobRunner.lambda$run$5(JobRunner.java:198) ~[classes/:na]
	at com.agilityhub.core.platform.application.jobs.JobRunner.lambda$write$9(JobRunner.java:306) ~[classes/:na]
	at org.springframework.transaction.support.TransactionTemplate.execute(TransactionTemplate.java:140) ~[spring-tx-6.2.19.jar:6.2.19]
	at com.agilityhub.core.platform.application.jobs.JobRunner.write(JobRunner.java:306) ~[classes/:na]
	at com.agilityhub.core.platform.application.jobs.JobRunner.run(JobRunner.java:198) ~[classes/:na]
	at com.agilityhub.core.platform.application.jobs.JobRunner.execute(JobRunner.java:165) ~[classes/:na]
	at com.agilityhub.core.platform.application.jobs.JobRunner.scheduled(JobRunner.java:100) ~[classes/:na]
	at com.agilityhub.core.clubs.bookings.api.RiskReviewJobIT.R_15_10_aRiskReviewCancellationThatMeetsAConcurrentBookingIsRetriedAndTheRunSucceeds(RiskReviewJobIT.java:409) ~[test-classes/:na]
	at java.base/jdk.internal.reflect.DirectMethodHandleAccessor.invoke(DirectMethodHandleAccessor.java:103) ~[na:na]
	at java.base/java.lang.reflect.Method.invoke(Method.java:580) ~[na:na]
	at org.junit.platform.commons.util.ReflectionUtils.invokeMethod(ReflectionUtils.java:775) ~[junit-platform-commons-1.12.2.jar:1.12.2]
	at org.junit.platform.commons.support.ReflectionSupport.invokeMethod(ReflectionSupport.java:479) ~[junit-platform-commons-1.12.2.jar:1.12.2]
	at org.junit.jupiter.engine.execution.MethodInvocation.proceed(MethodInvocation.java:60) ~[junit-jupiter-engine-5.12.2.jar:5.12.2]
	at org.junit.jupiter.engine.execution.InvocationInterceptorChain$ValidatingInvocation.proceed(InvocationInterceptorChain.java:131) ~[junit-jupiter-engine-5.12.2.jar:5.12.2]
	at org.junit.jupiter.engine.extension.TimeoutExtension.intercept(TimeoutExtension.java:161) ~[junit-jupiter-engine-5.12.2.jar:5.12.2]
	at org.junit.jupiter.engine.extension.TimeoutExtension.interceptTestableMethod(TimeoutExtension.java:152) ~[junit-jupiter-engine-5.12.2.jar:5.12.2]
	at org.junit.jupiter.engine.extension.TimeoutExtension.interceptTestMethod(TimeoutExtension.java:91) ~[junit-jupiter-engine-5.12.2.jar:5.12.2]
	at org.junit.jupiter.engine.execution.InterceptingExecutableInvoker$ReflectiveInterceptorCall.lambda$ofVoidMethod$0(InterceptingExecutableInvoker.java:112) ~[junit-jupiter-engine-5.12.2.jar:5.12.2]
	at org.junit.jupiter.engine.execution.InterceptingExecutableInvoker.lambda$invoke$0(InterceptingExecutableInvoker.java:94) ~[junit-jupiter-engine-5.12.2.jar:5.12.2]
	at org.junit.jupiter.engine.execution.InvocationInterceptorChain$InterceptedInvocation.proceed(InvocationInterceptorChain.java:106) ~[junit-jupiter-engine-5.12.2.jar:5.12.2]
	at org.junit.jupiter.engine.execution.InvocationInterceptorChain.proceed(InvocationInterceptorChain.java:64) ~[junit-jupiter-engine-5.12.2.jar:5.12.2]
	at org.junit.jupiter.engine.execution.InvocationInterceptorChain.chainAndInvoke(InvocationInterceptorChain.java:45) ~[junit-jupiter-engine-5.12.2.jar:5.12.2]
	at org.junit.jupiter.engine.execution.InvocationInterceptorChain.invoke(InvocationInterceptorChain.java:37) ~[junit-jupiter-engine-5.12.2.jar:5.12.2]
	at org.junit.jupiter.engine.execution.InterceptingExecutableInvoker.invoke(InterceptingExecutableInvoker.java:93) ~[junit-jupiter-engine-5.12.2.jar:5.12.2]
	at org.junit.jupiter.engine.execution.InterceptingExecutableInvoker.invoke(InterceptingExecutableInvoker.java:87) ~[junit-jupiter-engine-5.12.2.jar:5.12.2]
	at org.junit.jupiter.engine.descriptor.TestMethodTestDescriptor.lambda$invokeTestMethod$7(TestMethodTestDescriptor.java:216) ~[junit-jupiter-engine-5.12.2.jar:5.12.2]
	at org.junit.platform.engine.support.hierarchical.ThrowableCollector.execute(ThrowableCollector.java:73) ~[junit-platform-engine-1.12.2.jar:1.12.2]
	at org.junit.jupiter.engine.descriptor.TestMethodTestDescriptor.invokeTestMethod(TestMethodTestDescriptor.java:212) ~[junit-jupiter-engine-5.12.2.jar:5.12.2]
	at org.junit.jupiter.engine.descriptor.TestMethodTestDescriptor.execute(TestMethodTestDescriptor.java:137) ~[junit-jupiter-engine-5.12.2.jar:5.12.2]
	at org.junit.jupiter.engine.descriptor.TestMethodTestDescriptor.execute(TestMethodTestDescriptor.java:69) ~[junit-jupiter-engine-5.12.2.jar:5.12.2]
	at org.junit.platform.engine.support.hierarchical.NodeTestTask.lambda$executeRecursively$6(NodeTestTask.java:156) ~[junit-platform-engine-1.12.2.jar:1.12.2]
	at org.junit.platform.engine.support.hierarchical.ThrowableCollector.execute(ThrowableCollector.java:73) ~[junit-platform-engine-1.12.2.jar:1.12.2]
	at org.junit.platform.engine.support.hierarchical.NodeTestTask.lambda$executeRecursively$8(NodeTestTask.java:146) ~[junit-platform-engine-1.12.2.jar:1.12.2]
	at org.junit.platform.engine.support.hierarchical.Node.around(Node.java:137) ~[junit-platform-engine-1.12.2.jar:1.12.2]
	at org.junit.platform.engine.support.hierarchical.NodeTestTask.lambda$executeRecursively$9(NodeTestTask.java:144) ~[junit-platform-engine-1.12.2.jar:1.12.2]
	at org.junit.platform.engine.support.hierarchical.ThrowableCollector.execute(ThrowableCollector.java:73) ~[junit-platform-engine-1.12.2.jar:1.12.2]
	at org.junit.platform.engine.support.hierarchical.NodeTestTask.executeRecursively(NodeTestTask.java:143) ~[junit-platform-engine-1.12.2.jar:1.12.2]
	at org.junit.platform.engine.support.hierarchical.NodeTestTask.execute(NodeTestTask.java:100) ~[junit-platform-engine-1.12.2.jar:1.12.2]
	at java.base/java.util.ArrayList.forEach(ArrayList.java:1596) ~[na:na]
	at org.junit.platform.engine.support.hierarchical.SameThreadHierarchicalTestExecutorService.invokeAll(SameThreadHierarchicalTestExecutorService.java:41) ~[junit-platform-engine-1.12.2.jar:1.12.2]
	at org.junit.platform.engine.support.hierarchical.NodeTestTask.lambda$executeRecursively$6(NodeTestTask.java:160) ~[junit-platform-engine-1.12.2.jar:1.12.2]
	at org.junit.platform.engine.support.hierarchical.ThrowableCollector.execute(ThrowableCollector.java:73) ~[junit-platform-engine-1.12.2.jar:1.12.2]
	at org.junit.platform.engine.support.hierarchical.NodeTestTask.lambda$executeRecursively$8(NodeTestTask.java:146) ~[junit-platform-engine-1.12.2.jar:1.12.2]
	at org.junit.platform.engine.support.hierarchical.Node.around(Node.java:137) ~[junit-platform-engine-1.12.2.jar:1.12.2]
	at org.junit.platform.engine.support.hierarchical.NodeTestTask.lambda$executeRecursively$9(NodeTestTask.java:144) ~[junit-platform-engine-1.12.2.jar:1.12.2]
	at org.junit.platform.engine.support.hierarchical.ThrowableCollector.execute(ThrowableCollector.java:73) ~[junit-platform-engine-1.12.2.jar:1.12.2]
	at org.junit.platform.engine.support.hierarchical.NodeTestTask.executeRecursively(NodeTestTask.java:143) ~[junit-platform-engine-1.12.2.jar:1.12.2]
	at org.junit.platform.engine.support.hierarchical.NodeTestTask.execute(NodeTestTask.java:100) ~[junit-platform-engine-1.12.2.jar:1.12.2]
	at java.base/java.util.ArrayList.forEach(ArrayList.java:1596) ~[na:na]
	at org.junit.platform.engine.support.hierarchical.SameThreadHierarchicalTestExecutorService.invokeAll(SameThreadHierarchicalTestExecutorService.java:41) ~[junit-platform-engine-1.12.2.jar:1.12.2]
	at org.junit.platform.engine.support.hierarchical.NodeTestTask.lambda$executeRecursively$6(NodeTestTask.java:160) ~[junit-platform-engine-1.12.2.jar:1.12.2]
	at org.junit.platform.engine.support.hierarchical.ThrowableCollector.execute(ThrowableCollector.java:73) ~[junit-platform-engine-1.12.2.jar:1.12.2]
	at org.junit.platform.engine.support.hierarchical.NodeTestTask.lambda$executeRecursively$8(NodeTestTask.java:146) ~[junit-platform-engine-1.12.2.jar:1.12.2]
	at org.junit.platform.engine.support.hierarchical.Node.around(Node.java:137) ~[junit-platform-engine-1.12.2.jar:1.12.2]
	at org.junit.platform.engine.support.hierarchical.NodeTestTask.lambda$executeRecursively$9(NodeTestTask.java:144) ~[junit-platform-engine-1.12.2.jar:1.12.2]
	at org.junit.platform.engine.support.hierarchical.ThrowableCollector.execute(ThrowableCollector.java:73) ~[junit-platform-engine-1.12.2.jar:1.12.2]
	at org.junit.platform.engine.support.hierarchical.NodeTestTask.executeRecursively(NodeTestTask.java:143) ~[junit-platform-engine-1.12.2.jar:1.12.2]
	at org.junit.platform.engine.support.hierarchical.NodeTestTask.execute(NodeTestTask.java:100) ~[junit-platform-engine-1.12.2.jar:1.12.2]
	at org.junit.platform.engine.support.hierarchical.SameThreadHierarchicalTestExecutorService.submit(SameThreadHierarchicalTestExecutorService.java:35) ~[junit-platform-engine-1.12.2.jar:1.12.2]
	at org.junit.platform.engine.support.hierarchical.HierarchicalTestExecutor.execute(HierarchicalTestExecutor.java:57) ~[junit-platform-engine-1.12.2.jar:1.12.2]
	at org.junit.platform.engine.support.hierarchical.HierarchicalTestEngine.execute(HierarchicalTestEngine.java:54) ~[junit-platform-engine-1.12.2.jar:1.12.2]
	at org.junit.platform.launcher.core.EngineExecutionOrchestrator.execute(EngineExecutionOrchestrator.java:201) ~[junit-platform-launcher-1.12.2.jar:1.12.2]
	at org.junit.platform.launcher.core.EngineExecutionOrchestrator.execute(EngineExecutionOrchestrator.java:170) ~[junit-platform-launcher-1.12.2.jar:1.12.2]
	at org.junit.platform.launcher.core.EngineExecutionOrchestrator.execute(EngineExecutionOrchestrator.java:94) ~[junit-platform-launcher-1.12.2.jar:1.12.2]
	at org.junit.platform.launcher.core.EngineExecutionOrchestrator.lambda$execute$0(EngineExecutionOrchestrator.java:59) ~[junit-platform-launcher-1.12.2.jar:1.12.2]
	at org.junit.platform.launcher.core.EngineExecutionOrchestrator.withInterceptedStreams(EngineExecutionOrchestrator.java:142) ~[junit-platform-launcher-1.12.2.jar:1.12.2]
	at org.junit.platform.launcher.core.EngineExecutionOrchestrator.execute(EngineExecutionOrchestrator.java:58) ~[junit-platform-launcher-1.12.2.jar:1.12.2]
	at org.junit.platform.launcher.core.DefaultLauncher.execute(DefaultLauncher.java:103) ~[junit-platform-launcher-1.12.2.jar:1.12.2]
	at org.junit.platform.launcher.core.DefaultLauncher.execute(DefaultLauncher.java:85) ~[junit-platform-launcher-1.12.2.jar:1.12.2]
	at org.junit.platform.launcher.core.DelegatingLauncher.execute(DelegatingLauncher.java:47) ~[junit-platform-launcher-1.12.2.jar:1.12.2]
	at org.junit.platform.launcher.core.InterceptingLauncher.lambda$execute$1(InterceptingLauncher.java:39) ~[junit-platform-launcher-1.12.2.jar:1.12.2]
	at org.junit.platform.launcher.core.ClasspathAlignmentCheckingLauncherInterceptor.intercept(ClasspathAlignmentCheckingLauncherInterceptor.java:25) ~[junit-platform-launcher-1.12.2.jar:1.12.2]
	at org.junit.platform.launcher.core.InterceptingLauncher.execute(InterceptingLauncher.java:38) ~[junit-platform-launcher-1.12.2.jar:1.12.2]
	at org.junit.platform.launcher.core.DelegatingLauncher.execute(DelegatingLauncher.java:47) ~[junit-platform-launcher-1.12.2.jar:1.12.2]
	at org.apache.maven.surefire.junitplatform.LauncherAdapter.executeWithoutCancellationToken(LauncherAdapter.java:60) ~[surefire-junit-platform-3.5.6.jar:3.5.6]
	at org.apache.maven.surefire.junitplatform.LauncherAdapter.execute(LauncherAdapter.java:52) ~[surefire-junit-platform-3.5.6.jar:3.5.6]
	at org.apache.maven.surefire.junitplatform.JUnitPlatformProvider.execute(JUnitPlatformProvider.java:203) ~[surefire-junit-platform-3.5.6.jar:3.5.6]
	at org.apache.maven.surefire.junitplatform.JUnitPlatformProvider.invokeAllTests(JUnitPlatformProvider.java:168) ~[surefire-junit-platform-3.5.6.jar:3.5.6]
	at org.apache.maven.surefire.junitplatform.JUnitPlatformProvider.invoke(JUnitPlatformProvider.java:136) ~[surefire-junit-platform-3.5.6.jar:3.5.6]
	at org.apache.maven.surefire.booter.ForkedBooter.runSuitesInProcess(ForkedBooter.java:385) ~[surefire-booter-3.5.6.jar:3.5.6]
	at org.apache.maven.surefire.booter.ForkedBooter.execute(ForkedBooter.java:162) ~[surefire-booter-3.5.6.jar:3.5.6]
	at org.apache.maven.surefire.booter.ForkedBooter.run(ForkedBooter.java:507) ~[surefire-booter-3.5.6.jar:3.5.6]
	at org.apache.maven.surefire.booter.ForkedBooter.main(ForkedBooter.java:495) ~[surefire-booter-3.5.6.jar:3.5.6]

[ERROR] Tests run: 1, Failures: 1, Errors: 0, Skipped: 0, Time elapsed: 0.509 s <<< FAILURE! -- in com.agilityhub.core.clubs.bookings.api.RiskReviewJobIT
[ERROR] com.agilityhub.core.clubs.bookings.api.RiskReviewJobIT.R_15_10_aRiskReviewCancellationThatMeetsAConcurrentBookingIsRetriedAndTheRunSucceeds -- Time elapsed: 0.506 s <<< FAILURE!
java.lang.AssertionError:

Expecting empty but was: [RunError[entityId=s08-c2, code=INVALID_STATE, message=INVALID_STATE, traceId=21c122d7-b54f-4f9f-8f85-55639b2b885b]]
	at com.agilityhub.core.clubs.bookings.api.RiskReviewJobIT.R_15_10_aRiskReviewCancellationThatMeetsAConcurrentBookingIsRetriedAndTheRunSucceeds(RiskReviewJobIT.java:410)
	at java.base/java.lang.reflect.Method.invoke(Method.java:580)
	at java.base/java.util.ArrayList.forEach(ArrayList.java:1596)
	at java.base/java.util.ArrayList.forEach(ArrayList.java:1596)

2026-09-28T13:23:31.910+02:00  INFO 30250 --- [agilityhub-core-api] [           main] t.c.s.AnnotationConfigContextLoaderUtils : Could not detect default configuration classes for test class [com.agilityhub.core.clubs.bookings.api.MemberAggregatesIT]: MemberAggregatesIT does not declare any static, non-private, non-final, nested classes annotated with @Configuration.
2026-09-28T13:23:31.911+02:00  INFO 30250 --- [agilityhub-core-api] [           main] .b.t.c.SpringBootTestContextBootstrapper : Found @SpringBootConfiguration com.agilityhub.core.CoreApplication for test class com.agilityhub.core.clubs.bookings.api.MemberAggregatesIT
[ERROR] Tests run: 1, Failures: 1, Errors: 0, Skipped: 0, Time elapsed: 0.209 s <<< FAILURE! -- in com.agilityhub.core.clubs.bookings.api.MemberAggregatesIT
[ERROR] com.agilityhub.core.clubs.bookings.api.MemberAggregatesIT.T_08_26_aggregatesAreMemberOnlyAndTenantScoped -- Time elapsed: 0.206 s <<< FAILURE!
org.opentest4j.AssertionFailedError:
[GET /me/home {"code":"FORBIDDEN","message":"No tens permís per fer aquesta acció.","details":{},"traceId":"3fecfb2d-6d69-4395-9670-137f31e4bfce"}]
expected: 200
 but was: 403
	at com.agilityhub.core.clubs.bookings.api.BookingFixtures.call(BookingFixtures.java:136)
	at com.agilityhub.core.clubs.bookings.api.BookingFixtures.call(BookingFixtures.java:129)
	at com.agilityhub.core.clubs.bookings.api.MemberAggregatesIT.T_08_26_aggregatesAreMemberOnlyAndTenantScoped(MemberAggregatesIT.java:334)
	at java.base/java.lang.reflect.Method.invoke(Method.java:580)
	at java.base/java.util.ArrayList.forEach(ArrayList.java:1596)
	at java.base/java.util.ArrayList.forEach(ArrayList.java:1596)

2026-09-28T13:23:32.120+02:00  INFO 30250 --- [agilityhub-core-api] [           main] t.c.s.AnnotationConfigContextLoaderUtils : Could not detect default configuration classes for test class [com.agilityhub.core.clubs.activities.application.ActivityIT]: ActivityIT does not declare any static, non-private, non-final, nested classes annotated with @Configuration.
2026-09-28T13:23:32.148+02:00  INFO 30250 --- [agilityhub-core-api] [           main] .b.t.c.SpringBootTestContextBootstrapper : Found @SpringBootConfiguration com.agilityhub.core.CoreApplication for test class com.agilityhub.core.clubs.activities.application.ActivityIT

  .   ____          _            __ _ _
 /\\ / ___'_ __ _ _(_)_ __  __ _ \ \ \ \
( ( )\___ | '_ | '_| | '_ \/ _` | \ \ \ \
 \\/  ___)| |_)| | | | | || (_| |  ) ) ) )
  '  |____| .__|_| |_|_| |_\__, | / / / /
 =========|_|==============|___/=/_/_/_/

 :: Spring Boot ::               (v3.5.16)

2026-09-28T13:23:32.159+02:00  INFO 30250 --- [agilityhub-core-api] [           main] c.a.c.c.a.application.ActivityIT         : Starting ActivityIT using Java 21.0.12.1 with PID 30250 (started by jordib in /Users/jordib/dev/agilityhub/agilityhub-core-api)
2026-09-28T13:23:32.159+02:00  INFO 30250 --- [agilityhub-core-api] [           main] c.a.c.c.a.application.ActivityIT         : The following 1 profile is active: "test"
2026-09-28T13:23:32.432+02:00  INFO 30250 --- [agilityhub-core-api] [           main] .s.d.r.c.RepositoryConfigurationDelegate : Bootstrapping Spring Data MongoDB repositories in DEFAULT mode.
2026-09-28T13:23:32.455+02:00  INFO 30250 --- [agilityhub-core-api] [           main] .s.d.r.c.RepositoryConfigurationDelegate : Finished Spring Data repository scanning in 22 ms. Found 0 MongoDB repository interfaces.
2026-09-28T13:23:32.499+02:00  INFO 30250 --- [agilityhub-core-api] [           main] org.mongodb.driver.client                : MongoClient with metadata {"driver": {"name": "mongo-java-driver|sync|spring-boot", "version": "5.5.2"}, "os": {"type": "Darwin", "name": "Mac OS X", "architecture": "aarch64", "version": "26.4.1"}, "platform": "Java/Homebrew/21.0.12.1"} created with settings MongoClientSettings{readPreference=primary, writeConcern=WriteConcern{w=null, wTimeout=null ms, journal=null}, retryWrites=true, retryReads=true, readConcern=ReadConcern{level=null}, credential=null, transportSettings=null, commandListeners=[io.micrometer.core.instrument.binder.mongodb.MongoMetricsCommandListener@71190244], codecRegistry=ProvidersCodecRegistry{codecProviders=[ValueCodecProvider{}, BsonValueCodecProvider{}, DBRefCodecProvider{}, DBObjectCodecProvider{}, DocumentCodecProvider{}, CollectionCodecProvider{}, IterableCodecProvider{}, MapCodecProvider{}, GeoJsonCodecProvider{}, GridFSFileCodecProvider{}, Jsr310CodecProvider{}, JsonObjectCodecProvider{}, BsonCodecProvider{}, EnumCodecProvider{}, com.mongodb.client.model.mql.ExpressionCodecProvider@3cc5408c, com.mongodb.Jep395RecordCodecProvider@1ecd09d5, com.mongodb.KotlinCodecProvider@36f438f1]}, loggerSettings=LoggerSettings{maxDocumentLength=1000}, clusterSettings={hosts=[localhost:63434], srvServiceName=mongodb, mode=SINGLE, requiredClusterType=UNKNOWN, requiredReplicaSetName='null', serverSelector='null', clusterListeners='[]', serverSelectionTimeout='30000 ms', localThreshold='15 ms'}, socketSettings=SocketSettings{connectTimeoutMS=10000, readTimeoutMS=0, receiveBufferSize=0, proxySettings=ProxySettings{host=null, port=null, username=null, password=null}}, heartbeatSocketSettings=SocketSettings{connectTimeoutMS=10000, readTimeoutMS=10000, receiveBufferSize=0, proxySettings=ProxySettings{host=null, port=null, username=null, password=null}}, connectionPoolSettings=ConnectionPoolSettings{maxSize=100, minSize=0, maxWaitTimeMS=120000, maxConnectionLifeTimeMS=0, maxConnectionIdleTimeMS=0, maintenanceInitialDelayMS=0, maintenanceFrequencyMS=60000, connectionPoolListeners=[io.micrometer.core.instrument.binder.mongodb.MongoMetricsConnectionPoolListener@1a2f40e6], maxConnecting=2}, serverSettings=ServerSettings{heartbeatFrequencyMS=10000, minHeartbeatFrequencyMS=500, serverMonitoringMode=AUTO, serverListeners='[]', serverMonitorListeners='[]'}, sslSettings=SslSettings{enabled=false, invalidHostNameAllowed=false, context=null}, applicationName='null', compressorList=[], uuidRepresentation=JAVA_LEGACY, serverApi=null, autoEncryptionSettings=null, dnsClient=null, inetAddressResolver=null, contextProvider=null, timeoutMS=null}
2026-09-28T13:23:32.501+02:00  INFO 30250 --- [agilityhub-core-api] [localhost:63434] org.mongodb.driver.cluster               : Monitor thread successfully connected to server with description ServerDescription{address=localhost:63434, type=REPLICA_SET_PRIMARY, cryptd=false, state=CONNECTED, ok=true, minWireVersion=0, maxWireVersion=21, maxDocumentSize=16777216, logicalSessionTimeoutMinutes=30, roundTripTimeNanos=2486167, minRoundTripTimeNanos=0, setName='docker-rs', canonicalAddress=ddfa19773e1f:27017, hosts=[ddfa19773e1f:27017], passives=[], arbiters=[], primary='ddfa19773e1f:27017', tagSet=TagSet{[]}, electionId=7fffffff0000000000000001, setVersion=1, topologyVersion=TopologyVersion{processId=6aba4e2dd7ad86b9c3d3950b, counter=6}, lastWriteDate=Mon Sep 28 13:23:32 CEST 2026, lastUpdateTimeNanos=303941688990000}
2026-09-28T13:23:33.081+02:00  INFO 30250 --- [agilityhub-core-api] [           main] o.s.b.t.m.w.SpringBootMockServletContext : Initializing Spring TestDispatcherServlet ''
2026-09-28T13:23:33.081+02:00  INFO 30250 --- [agilityhub-core-api] [           main] o.s.t.web.servlet.TestDispatcherServlet  : Initializing Servlet ''
2026-09-28T13:23:33.082+02:00  INFO 30250 --- [agilityhub-core-api] [           main] o.s.t.web.servlet.TestDispatcherServlet  : Completed initialization in 1 ms
2026-09-28T13:23:33.090+02:00  INFO 30250 --- [agilityhub-core-api] [           main] c.a.c.c.a.application.ActivityIT         : Started ActivityIT in 0.94 seconds (process running for 8.59)
2026-09-28T13:23:33.132+02:00  INFO 30250 --- [agilityhub-core-api] [           main] c.a.c.c.c.persistence.CensusPersistence  : Dog.nameKey migrated for 26 dogs
[ERROR] Tests run: 1, Failures: 1, Errors: 0, Skipped: 0, Time elapsed: 1.279 s <<< FAILURE! -- in com.agilityhub.core.clubs.activities.application.ActivityIT
[ERROR] com.agilityhub.core.clubs.activities.application.ActivityIT.R_01_07_T_07_22_aMemberWithAStaffRoleRegistersAndCancelsAsAMember -- Time elapsed: 0.261 s <<< FAILURE!
java.lang.AssertionError: Status expected:<201> but was:<403>
	at org.springframework.test.util.AssertionErrors.fail(AssertionErrors.java:61)
	at org.springframework.test.util.AssertionErrors.assertEquals(AssertionErrors.java:128)
	at org.springframework.test.web.servlet.result.StatusResultMatchers.lambda$matcher$9(StatusResultMatchers.java:640)
	at org.springframework.test.web.servlet.MockMvc$1.andExpect(MockMvc.java:214)
	at com.agilityhub.core.clubs.activities.application.ActivityIT.R_01_07_T_07_22_aMemberWithAStaffRoleRegistersAndCancelsAsAMember(ActivityIT.java:288)
	at java.base/java.lang.reflect.Method.invoke(Method.java:580)
	at java.base/java.util.ArrayList.forEach(ArrayList.java:1596)
	at java.base/java.util.ArrayList.forEach(ArrayList.java:1596)

2026-09-28T13:23:33.400+02:00  INFO 30250 --- [agilityhub-core-api] [           main] t.c.s.AnnotationConfigContextLoaderUtils : Could not detect default configuration classes for test class [com.agilityhub.core.clubs.census.api.SignupSecurityFixesIT]: SignupSecurityFixesIT does not declare any static, non-private, non-final, nested classes annotated with @Configuration.
2026-09-28T13:23:33.429+02:00  INFO 30250 --- [agilityhub-core-api] [           main] .b.t.c.SpringBootTestContextBootstrapper : Found @SpringBootConfiguration com.agilityhub.core.CoreApplication for test class com.agilityhub.core.clubs.census.api.SignupSecurityFixesIT

  .   ____          _            __ _ _
 /\\ / ___'_ __ _ _(_)_ __  __ _ \ \ \ \
( ( )\___ | '_ | '_| | '_ \/ _` | \ \ \ \
 \\/  ___)| |_)| | | | | || (_| |  ) ) ) )
  '  |____| .__|_| |_|_| |_\__, | / / / /
 =========|_|==============|___/=/_/_/_/

 :: Spring Boot ::               (v3.5.16)

2026-09-28T13:23:33.436+02:00  INFO 30250 --- [agilityhub-core-api] [           main] c.a.c.c.c.api.SignupSecurityFixesIT      : Starting SignupSecurityFixesIT using Java 21.0.12.1 with PID 30250 (started by jordib in /Users/jordib/dev/agilityhub/agilityhub-core-api)
2026-09-28T13:23:33.436+02:00  INFO 30250 --- [agilityhub-core-api] [           main] c.a.c.c.c.api.SignupSecurityFixesIT      : The following 1 profile is active: "test"
2026-09-28T13:23:33.664+02:00  INFO 30250 --- [agilityhub-core-api] [           main] .s.d.r.c.RepositoryConfigurationDelegate : Bootstrapping Spring Data MongoDB repositories in DEFAULT mode.
2026-09-28T13:23:33.685+02:00  INFO 30250 --- [agilityhub-core-api] [           main] .s.d.r.c.RepositoryConfigurationDelegate : Finished Spring Data repository scanning in 21 ms. Found 0 MongoDB repository interfaces.
2026-09-28T13:23:33.715+02:00  INFO 30250 --- [agilityhub-core-api] [           main] org.mongodb.driver.client                : MongoClient with metadata {"driver": {"name": "mongo-java-driver|sync|spring-boot", "version": "5.5.2"}, "os": {"type": "Darwin", "name": "Mac OS X", "architecture": "aarch64", "version": "26.4.1"}, "platform": "Java/Homebrew/21.0.12.1"} created with settings MongoClientSettings{readPreference=primary, writeConcern=WriteConcern{w=null, wTimeout=null ms, journal=null}, retryWrites=true, retryReads=true, readConcern=ReadConcern{level=null}, credential=null, transportSettings=null, commandListeners=[io.micrometer.core.instrument.binder.mongodb.MongoMetricsCommandListener@4ccd39a7], codecRegistry=ProvidersCodecRegistry{codecProviders=[ValueCodecProvider{}, BsonValueCodecProvider{}, DBRefCodecProvider{}, DBObjectCodecProvider{}, DocumentCodecProvider{}, CollectionCodecProvider{}, IterableCodecProvider{}, MapCodecProvider{}, GeoJsonCodecProvider{}, GridFSFileCodecProvider{}, Jsr310CodecProvider{}, JsonObjectCodecProvider{}, BsonCodecProvider{}, EnumCodecProvider{}, com.mongodb.client.model.mql.ExpressionCodecProvider@3cc5408c, com.mongodb.Jep395RecordCodecProvider@1ecd09d5, com.mongodb.KotlinCodecProvider@36f438f1]}, loggerSettings=LoggerSettings{maxDocumentLength=1000}, clusterSettings={hosts=[localhost:63434], srvServiceName=mongodb, mode=SINGLE, requiredClusterType=UNKNOWN, requiredReplicaSetName='null', serverSelector='null', clusterListeners='[]', serverSelectionTimeout='30000 ms', localThreshold='15 ms'}, socketSettings=SocketSettings{connectTimeoutMS=10000, readTimeoutMS=0, receiveBufferSize=0, proxySettings=ProxySettings{host=null, port=null, username=null, password=null}}, heartbeatSocketSettings=SocketSettings{connectTimeoutMS=10000, readTimeoutMS=10000, receiveBufferSize=0, proxySettings=ProxySettings{host=null, port=null, username=null, password=null}}, connectionPoolSettings=ConnectionPoolSettings{maxSize=100, minSize=0, maxWaitTimeMS=120000, maxConnectionLifeTimeMS=0, maxConnectionIdleTimeMS=0, maintenanceInitialDelayMS=0, maintenanceFrequencyMS=60000, connectionPoolListeners=[io.micrometer.core.instrument.binder.mongodb.MongoMetricsConnectionPoolListener@54ecdfbd], maxConnecting=2}, serverSettings=ServerSettings{heartbeatFrequencyMS=10000, minHeartbeatFrequencyMS=500, serverMonitoringMode=AUTO, serverListeners='[]', serverMonitorListeners='[]'}, sslSettings=SslSettings{enabled=false, invalidHostNameAllowed=false, context=null}, applicationName='null', compressorList=[], uuidRepresentation=JAVA_LEGACY, serverApi=null, autoEncryptionSettings=null, dnsClient=null, inetAddressResolver=null, contextProvider=null, timeoutMS=null}
2026-09-28T13:23:33.716+02:00  INFO 30250 --- [agilityhub-core-api] [localhost:63434] org.mongodb.driver.cluster               : Monitor thread successfully connected to server with description ServerDescription{address=localhost:63434, type=REPLICA_SET_PRIMARY, cryptd=false, state=CONNECTED, ok=true, minWireVersion=0, maxWireVersion=21, maxDocumentSize=16777216, logicalSessionTimeoutMinutes=30, roundTripTimeNanos=1154958, minRoundTripTimeNanos=0, setName='docker-rs', canonicalAddress=ddfa19773e1f:27017, hosts=[ddfa19773e1f:27017], passives=[], arbiters=[], primary='ddfa19773e1f:27017', tagSet=TagSet{[]}, electionId=7fffffff0000000000000001, setVersion=1, topologyVersion=TopologyVersion{processId=6aba4e2dd7ad86b9c3d3950b, counter=6}, lastWriteDate=Mon Sep 28 13:23:33 CEST 2026, lastUpdateTimeNanos=303942903752500}
2026-09-28T13:23:34.198+02:00  INFO 30250 --- [agilityhub-core-api] [           main] o.s.b.t.m.w.SpringBootMockServletContext : Initializing Spring TestDispatcherServlet ''
2026-09-28T13:23:34.198+02:00  INFO 30250 --- [agilityhub-core-api] [           main] o.s.t.web.servlet.TestDispatcherServlet  : Initializing Servlet ''
2026-09-28T13:23:34.198+02:00  INFO 30250 --- [agilityhub-core-api] [           main] o.s.t.web.servlet.TestDispatcherServlet  : Completed initialization in 0 ms
2026-09-28T13:23:34.206+02:00  INFO 30250 --- [agilityhub-core-api] [           main] c.a.c.c.c.api.SignupSecurityFixesIT      : Started SignupSecurityFixesIT in 0.776 seconds (process running for 9.707)
2026-09-28T13:23:34.252+02:00  INFO 30250 --- [agilityhub-core-api] [           main] c.a.c.c.c.persistence.CensusPersistence  : Dog.nameKey migrated for 34 dogs
[ERROR] Tests run: 1, Failures: 1, Errors: 0, Skipped: 0, Time elapsed: 1.060 s <<< FAILURE! -- in com.agilityhub.core.clubs.census.api.SignupSecurityFixesIT
[ERROR] com.agilityhub.core.clubs.census.api.SignupSecurityFixesIT.CONVENCIONS_API_5_E61_anSvgDownloadsAsASandboxedAttachmentAPngStaysInlineAndCorsExposesTheStoredName -- Time elapsed: 0.204 s <<< FAILURE!
org.opentest4j.AssertionFailedError:
[inline; filename="=?UTF-8?Q?Carnet=5FBlau.svg?="; filename*=UTF-8''Carnet_Blau.svg]
Expecting value to be true but was false
	at com.agilityhub.core.clubs.census.api.SignupSecurityFixesIT.CONVENCIONS_API_5_E61_anSvgDownloadsAsASandboxedAttachmentAPngStaysInlineAndCorsExposesTheStoredName(SignupSecurityFixesIT.java:1104)
	at java.base/java.lang.reflect.Method.invoke(Method.java:580)
	at java.base/java.util.ArrayList.forEach(ArrayList.java:1596)
	at java.base/java.util.ArrayList.forEach(ArrayList.java:1596)

2026-09-28T13:23:34.478+02:00  INFO 30250 --- [agilityhub-core-api] [           main] .b.t.c.SpringBootTestContextBootstrapper : Found @SpringBootConfiguration com.agilityhub.core.CoreApplication for test class com.agilityhub.core.identity.api.ImpersonationHandoffIT

  .   ____          _            __ _ _
 /\\ / ___'_ __ _ _(_)_ __  __ _ \ \ \ \
( ( )\___ | '_ | '_| | '_ \/ _` | \ \ \ \
 \\/  ___)| |_)| | | | | || (_| |  ) ) ) )
  '  |____| .__|_| |_|_| |_\__, | / / / /
 =========|_|==============|___/=/_/_/_/

 :: Spring Boot ::               (v3.5.16)

2026-09-28T13:23:34.486+02:00  INFO 30250 --- [agilityhub-core-api] [           main] c.a.c.i.api.ImpersonationHandoffIT       : Starting ImpersonationHandoffIT using Java 21.0.12.1 with PID 30250 (started by jordib in /Users/jordib/dev/agilityhub/agilityhub-core-api)
2026-09-28T13:23:34.486+02:00  INFO 30250 --- [agilityhub-core-api] [           main] c.a.c.i.api.ImpersonationHandoffIT       : The following 1 profile is active: "test"
2026-09-28T13:23:34.679+02:00  INFO 30250 --- [agilityhub-core-api] [           main] .s.d.r.c.RepositoryConfigurationDelegate : Bootstrapping Spring Data MongoDB repositories in DEFAULT mode.
2026-09-28T13:23:34.702+02:00  INFO 30250 --- [agilityhub-core-api] [           main] .s.d.r.c.RepositoryConfigurationDelegate : Finished Spring Data repository scanning in 22 ms. Found 0 MongoDB repository interfaces.
2026-09-28T13:23:34.736+02:00  INFO 30250 --- [agilityhub-core-api] [           main] org.mongodb.driver.client                : MongoClient with metadata {"driver": {"name": "mongo-java-driver|sync|spring-boot", "version": "5.5.2"}, "os": {"type": "Darwin", "name": "Mac OS X", "architecture": "aarch64", "version": "26.4.1"}, "platform": "Java/Homebrew/21.0.12.1"} created with settings MongoClientSettings{readPreference=primary, writeConcern=WriteConcern{w=null, wTimeout=null ms, journal=null}, retryWrites=true, retryReads=true, readConcern=ReadConcern{level=null}, credential=null, transportSettings=null, commandListeners=[io.micrometer.core.instrument.binder.mongodb.MongoMetricsCommandListener@7669a108], codecRegistry=ProvidersCodecRegistry{codecProviders=[ValueCodecProvider{}, BsonValueCodecProvider{}, DBRefCodecProvider{}, DBObjectCodecProvider{}, DocumentCodecProvider{}, CollectionCodecProvider{}, IterableCodecProvider{}, MapCodecProvider{}, GeoJsonCodecProvider{}, GridFSFileCodecProvider{}, Jsr310CodecProvider{}, JsonObjectCodecProvider{}, BsonCodecProvider{}, EnumCodecProvider{}, com.mongodb.client.model.mql.ExpressionCodecProvider@3cc5408c, com.mongodb.Jep395RecordCodecProvider@1ecd09d5, com.mongodb.KotlinCodecProvider@36f438f1]}, loggerSettings=LoggerSettings{maxDocumentLength=1000}, clusterSettings={hosts=[localhost:63434], srvServiceName=mongodb, mode=SINGLE, requiredClusterType=UNKNOWN, requiredReplicaSetName='null', serverSelector='null', clusterListeners='[]', serverSelectionTimeout='30000 ms', localThreshold='15 ms'}, socketSettings=SocketSettings{connectTimeoutMS=10000, readTimeoutMS=0, receiveBufferSize=0, proxySettings=ProxySettings{host=null, port=null, username=null, password=null}}, heartbeatSocketSettings=SocketSettings{connectTimeoutMS=10000, readTimeoutMS=10000, receiveBufferSize=0, proxySettings=ProxySettings{host=null, port=null, username=null, password=null}}, connectionPoolSettings=ConnectionPoolSettings{maxSize=100, minSize=0, maxWaitTimeMS=120000, maxConnectionLifeTimeMS=0, maxConnectionIdleTimeMS=0, maintenanceInitialDelayMS=0, maintenanceFrequencyMS=60000, connectionPoolListeners=[io.micrometer.core.instrument.binder.mongodb.MongoMetricsConnectionPoolListener@53278352], maxConnecting=2}, serverSettings=ServerSettings{heartbeatFrequencyMS=10000, minHeartbeatFrequencyMS=500, serverMonitoringMode=AUTO, serverListeners='[]', serverMonitorListeners='[]'}, sslSettings=SslSettings{enabled=false, invalidHostNameAllowed=false, context=null}, applicationName='null', compressorList=[], uuidRepresentation=JAVA_LEGACY, serverApi=null, autoEncryptionSettings=null, dnsClient=null, inetAddressResolver=null, contextProvider=null, timeoutMS=null}
2026-09-28T13:23:34.738+02:00  INFO 30250 --- [agilityhub-core-api] [localhost:63434] org.mongodb.driver.cluster               : Monitor thread successfully connected to server with description ServerDescription{address=localhost:63434, type=REPLICA_SET_PRIMARY, cryptd=false, state=CONNECTED, ok=true, minWireVersion=0, maxWireVersion=21, maxDocumentSize=16777216, logicalSessionTimeoutMinutes=30, roundTripTimeNanos=1870834, minRoundTripTimeNanos=0, setName='docker-rs', canonicalAddress=ddfa19773e1f:27017, hosts=[ddfa19773e1f:27017], passives=[], arbiters=[], primary='ddfa19773e1f:27017', tagSet=TagSet{[]}, electionId=7fffffff0000000000000001, setVersion=1, topologyVersion=TopologyVersion{processId=6aba4e2dd7ad86b9c3d3950b, counter=6}, lastWriteDate=Mon Sep 28 13:23:34 CEST 2026, lastUpdateTimeNanos=303943925755750}
2026-09-28T13:23:35.185+02:00  INFO 30250 --- [agilityhub-core-api] [           main] o.s.b.t.m.w.SpringBootMockServletContext : Initializing Spring TestDispatcherServlet ''
2026-09-28T13:23:35.185+02:00  INFO 30250 --- [agilityhub-core-api] [           main] o.s.t.web.servlet.TestDispatcherServlet  : Initializing Servlet ''
2026-09-28T13:23:35.185+02:00  INFO 30250 --- [agilityhub-core-api] [           main] o.s.t.web.servlet.TestDispatcherServlet  : Completed initialization in 0 ms
2026-09-28T13:23:35.192+02:00  INFO 30250 --- [agilityhub-core-api] [           main] c.a.c.i.api.ImpersonationHandoffIT       : Started ImpersonationHandoffIT in 0.712 seconds (process running for 10.692)
[ERROR] Tests run: 1, Failures: 1, Errors: 0, Skipped: 0, Time elapsed: 0.950 s <<< FAILURE! -- in com.agilityhub.core.identity.api.ImpersonationHandoffIT
[ERROR] com.agilityhub.core.identity.api.ImpersonationHandoffIT.T_01_11_launchUrlCarriesAOneShotHandoffCodeThatTheClubAppRedeemsOnceIntoTheImpersonationSession -- Time elapsed: 0.199 s <<< FAILURE!
java.lang.AssertionError:

Expecting actual:
  "null"
to start with:
  "https://app.example.test/entrar?handoff="

	at com.agilityhub.core.identity.api.ImpersonationHandoffIT.T_01_11_launchUrlCarriesAOneShotHandoffCodeThatTheClubAppRedeemsOnceIntoTheImpersonationSession(ImpersonationHandoffIT.java:169)
	at java.base/java.lang.reflect.Method.invoke(Method.java:580)
	at java.base/java.util.ArrayList.forEach(ArrayList.java:1596)
	at java.base/java.util.ArrayList.forEach(ArrayList.java:1596)

2026-09-28T13:23:35.412+02:00  INFO 30250 --- [agilityhub-core-api] [           main] t.c.s.AnnotationConfigContextLoaderUtils : Could not detect default configuration classes for test class [com.agilityhub.core.identity.api.IdentityCoreIT]: IdentityCoreIT does not declare any static, non-private, non-final, nested classes annotated with @Configuration.
2026-09-28T13:23:35.414+02:00  INFO 30250 --- [agilityhub-core-api] [           main] .b.t.c.SpringBootTestContextBootstrapper : Found @SpringBootConfiguration com.agilityhub.core.CoreApplication for test class com.agilityhub.core.identity.api.IdentityCoreIT

  .   ____          _            __ _ _
 /\\ / ___'_ __ _ _(_)_ __  __ _ \ \ \ \
( ( )\___ | '_ | '_| | '_ \/ _` | \ \ \ \
 \\/  ___)| |_)| | | | | || (_| |  ) ) ) )
  '  |____| .__|_| |_|_| |_\__, | / / / /
 =========|_|==============|___/=/_/_/_/

 :: Spring Boot ::               (v3.5.16)

2026-09-28T13:23:35.421+02:00  INFO 30250 --- [agilityhub-core-api] [           main] c.a.core.identity.api.IdentityCoreIT     : Starting IdentityCoreIT using Java 21.0.12.1 with PID 30250 (started by jordib in /Users/jordib/dev/agilityhub/agilityhub-core-api)
2026-09-28T13:23:35.421+02:00  INFO 30250 --- [agilityhub-core-api] [           main] c.a.core.identity.api.IdentityCoreIT     : The following 1 profile is active: "test"
2026-09-28T13:23:35.604+02:00  INFO 30250 --- [agilityhub-core-api] [           main] .s.d.r.c.RepositoryConfigurationDelegate : Bootstrapping Spring Data MongoDB repositories in DEFAULT mode.
2026-09-28T13:23:35.625+02:00  INFO 30250 --- [agilityhub-core-api] [           main] .s.d.r.c.RepositoryConfigurationDelegate : Finished Spring Data repository scanning in 20 ms. Found 0 MongoDB repository interfaces.
2026-09-28T13:23:35.819+02:00  INFO 30250 --- [agilityhub-core-api] [           main] org.mongodb.driver.client                : MongoClient with metadata {"driver": {"name": "mongo-java-driver|sync|spring-boot", "version": "5.5.2"}, "os": {"type": "Darwin", "name": "Mac OS X", "architecture": "aarch64", "version": "26.4.1"}, "platform": "Java/Homebrew/21.0.12.1"} created with settings MongoClientSettings{readPreference=primary, writeConcern=WriteConcern{w=null, wTimeout=null ms, journal=null}, retryWrites=true, retryReads=true, readConcern=ReadConcern{level=null}, credential=null, transportSettings=null, commandListeners=[io.micrometer.core.instrument.binder.mongodb.MongoMetricsCommandListener@563ae68b], codecRegistry=ProvidersCodecRegistry{codecProviders=[ValueCodecProvider{}, BsonValueCodecProvider{}, DBRefCodecProvider{}, DBObjectCodecProvider{}, DocumentCodecProvider{}, CollectionCodecProvider{}, IterableCodecProvider{}, MapCodecProvider{}, GeoJsonCodecProvider{}, GridFSFileCodecProvider{}, Jsr310CodecProvider{}, JsonObjectCodecProvider{}, BsonCodecProvider{}, EnumCodecProvider{}, com.mongodb.client.model.mql.ExpressionCodecProvider@3cc5408c, com.mongodb.Jep395RecordCodecProvider@1ecd09d5, com.mongodb.KotlinCodecProvider@36f438f1]}, loggerSettings=LoggerSettings{maxDocumentLength=1000}, clusterSettings={hosts=[localhost:63434], srvServiceName=mongodb, mode=SINGLE, requiredClusterType=UNKNOWN, requiredReplicaSetName='null', serverSelector='null', clusterListeners='[]', serverSelectionTimeout='30000 ms', localThreshold='15 ms'}, socketSettings=SocketSettings{connectTimeoutMS=10000, readTimeoutMS=0, receiveBufferSize=0, proxySettings=ProxySettings{host=null, port=null, username=null, password=null}}, heartbeatSocketSettings=SocketSettings{connectTimeoutMS=10000, readTimeoutMS=10000, receiveBufferSize=0, proxySettings=ProxySettings{host=null, port=null, username=null, password=null}}, connectionPoolSettings=ConnectionPoolSettings{maxSize=100, minSize=0, maxWaitTimeMS=120000, maxConnectionLifeTimeMS=0, maxConnectionIdleTimeMS=0, maintenanceInitialDelayMS=0, maintenanceFrequencyMS=60000, connectionPoolListeners=[io.micrometer.core.instrument.binder.mongodb.MongoMetricsConnectionPoolListener@4feeb233], maxConnecting=2}, serverSettings=ServerSettings{heartbeatFrequencyMS=10000, minHeartbeatFrequencyMS=500, serverMonitoringMode=AUTO, serverListeners='[]', serverMonitorListeners='[]'}, sslSettings=SslSettings{enabled=false, invalidHostNameAllowed=false, context=null}, applicationName='null', compressorList=[], uuidRepresentation=JAVA_LEGACY, serverApi=null, autoEncryptionSettings=null, dnsClient=null, inetAddressResolver=null, contextProvider=null, timeoutMS=null}
2026-09-28T13:23:35.821+02:00  INFO 30250 --- [agilityhub-core-api] [localhost:63434] org.mongodb.driver.cluster               : Monitor thread successfully connected to server with description ServerDescription{address=localhost:63434, type=REPLICA_SET_PRIMARY, cryptd=false, state=CONNECTED, ok=true, minWireVersion=0, maxWireVersion=21, maxDocumentSize=16777216, logicalSessionTimeoutMinutes=30, roundTripTimeNanos=2362958, minRoundTripTimeNanos=0, setName='docker-rs', canonicalAddress=ddfa19773e1f:27017, hosts=[ddfa19773e1f:27017], passives=[], arbiters=[], primary='ddfa19773e1f:27017', tagSet=TagSet{[]}, electionId=7fffffff0000000000000001, setVersion=1, topologyVersion=TopologyVersion{processId=6aba4e2dd7ad86b9c3d3950b, counter=6}, lastWriteDate=Mon Sep 28 13:23:35 CEST 2026, lastUpdateTimeNanos=303945008790916}
2026-09-28T13:23:37.409+02:00  INFO 30250 --- [agilityhub-core-api] [           main] o.s.b.t.m.w.SpringBootMockServletContext : Initializing Spring TestDispatcherServlet ''
2026-09-28T13:23:37.409+02:00  INFO 30250 --- [agilityhub-core-api] [           main] o.s.t.web.servlet.TestDispatcherServlet  : Initializing Servlet ''
2026-09-28T13:23:37.410+02:00  INFO 30250 --- [agilityhub-core-api] [           main] o.s.t.web.servlet.TestDispatcherServlet  : Completed initialization in 1 ms
2026-09-28T13:23:37.430+02:00  INFO 30250 --- [agilityhub-core-api] [           main] c.a.core.identity.api.IdentityCoreIT     : Started IdentityCoreIT in 2.015 seconds (process running for 12.93)
[ERROR] Tests run: 1, Failures: 1, Errors: 0, Skipped: 0, Time elapsed: 2.492 s <<< FAILURE! -- in com.agilityhub.core.identity.api.IdentityCoreIT
[ERROR] com.agilityhub.core.identity.api.IdentityCoreIT.R_01_05_T_01_09_aResetLinkSetsANewPasswordOnceWithoutCurrentAndALoginLinkDoesNot -- Time elapsed: 0.437 s <<< FAILURE!
java.lang.AssertionError: Status expected:<400> but was:<401>
	at org.springframework.test.util.AssertionErrors.fail(AssertionErrors.java:61)
	at org.springframework.test.util.AssertionErrors.assertEquals(AssertionErrors.java:128)
	at org.springframework.test.web.servlet.result.StatusResultMatchers.lambda$matcher$9(StatusResultMatchers.java:640)
	at org.springframework.test.web.servlet.MockMvc$1.andExpect(MockMvc.java:214)
	at com.agilityhub.core.identity.api.IdentityCoreIT.R_01_05_T_01_09_aResetLinkSetsANewPasswordOnceWithoutCurrentAndALoginLinkDoesNot(IdentityCoreIT.java:230)
	at java.base/java.lang.reflect.Method.invoke(Method.java:580)
	at java.base/java.util.ArrayList.forEach(ArrayList.java:1596)
	at java.base/java.util.ArrayList.forEach(ArrayList.java:1596)

2026-09-28T13:23:37.932+02:00  INFO 30250 --- [agilityhub-core-api] [           main] .b.t.c.SpringBootTestContextBootstrapper : Found @SpringBootConfiguration com.agilityhub.core.CoreApplication for test class com.agilityhub.core.shared.persistence.IdempotencyIT

  .   ____          _            __ _ _
 /\\ / ___'_ __ _ _(_)_ __  __ _ \ \ \ \
( ( )\___ | '_ | '_| | '_ \/ _` | \ \ \ \
 \\/  ___)| |_)| | | | | || (_| |  ) ) ) )
  '  |____| .__|_| |_|_| |_\__, | / / / /
 =========|_|==============|___/=/_/_/_/

 :: Spring Boot ::               (v3.5.16)

2026-09-28T13:23:37.947+02:00  INFO 30250 --- [agilityhub-core-api] [           main] c.a.c.shared.persistence.IdempotencyIT   : Starting IdempotencyIT using Java 21.0.12.1 with PID 30250 (started by jordib in /Users/jordib/dev/agilityhub/agilityhub-core-api)
2026-09-28T13:23:37.947+02:00  INFO 30250 --- [agilityhub-core-api] [           main] c.a.c.shared.persistence.IdempotencyIT   : The following 1 profile is active: "test"
2026-09-28T13:23:38.380+02:00  INFO 30250 --- [agilityhub-core-api] [           main] .s.d.r.c.RepositoryConfigurationDelegate : Bootstrapping Spring Data MongoDB repositories in DEFAULT mode.
2026-09-28T13:23:38.411+02:00  INFO 30250 --- [agilityhub-core-api] [           main] .s.d.r.c.RepositoryConfigurationDelegate : Finished Spring Data repository scanning in 28 ms. Found 0 MongoDB repository interfaces.
2026-09-28T13:23:38.492+02:00  INFO 30250 --- [agilityhub-core-api] [           main] org.mongodb.driver.client                : MongoClient with metadata {"driver": {"name": "mongo-java-driver|sync|spring-boot", "version": "5.5.2"}, "os": {"type": "Darwin", "name": "Mac OS X", "architecture": "aarch64", "version": "26.4.1"}, "platform": "Java/Homebrew/21.0.12.1"} created with settings MongoClientSettings{readPreference=primary, writeConcern=WriteConcern{w=null, wTimeout=null ms, journal=null}, retryWrites=true, retryReads=true, readConcern=ReadConcern{level=null}, credential=null, transportSettings=null, commandListeners=[io.micrometer.core.instrument.binder.mongodb.MongoMetricsCommandListener@79df484], codecRegistry=ProvidersCodecRegistry{codecProviders=[ValueCodecProvider{}, BsonValueCodecProvider{}, DBRefCodecProvider{}, DBObjectCodecProvider{}, DocumentCodecProvider{}, CollectionCodecProvider{}, IterableCodecProvider{}, MapCodecProvider{}, GeoJsonCodecProvider{}, GridFSFileCodecProvider{}, Jsr310CodecProvider{}, JsonObjectCodecProvider{}, BsonCodecProvider{}, EnumCodecProvider{}, com.mongodb.client.model.mql.ExpressionCodecProvider@3cc5408c, com.mongodb.Jep395RecordCodecProvider@1ecd09d5, com.mongodb.KotlinCodecProvider@36f438f1]}, loggerSettings=LoggerSettings{maxDocumentLength=1000}, clusterSettings={hosts=[localhost:63434], srvServiceName=mongodb, mode=SINGLE, requiredClusterType=UNKNOWN, requiredReplicaSetName='null', serverSelector='null', clusterListeners='[]', serverSelectionTimeout='30000 ms', localThreshold='15 ms'}, socketSettings=SocketSettings{connectTimeoutMS=10000, readTimeoutMS=0, receiveBufferSize=0, proxySettings=ProxySettings{host=null, port=null, username=null, password=null}}, heartbeatSocketSettings=SocketSettings{connectTimeoutMS=10000, readTimeoutMS=10000, receiveBufferSize=0, proxySettings=ProxySettings{host=null, port=null, username=null, password=null}}, connectionPoolSettings=ConnectionPoolSettings{maxSize=100, minSize=0, maxWaitTimeMS=120000, maxConnectionLifeTimeMS=0, maxConnectionIdleTimeMS=0, maintenanceInitialDelayMS=0, maintenanceFrequencyMS=60000, connectionPoolListeners=[io.micrometer.core.instrument.binder.mongodb.MongoMetricsConnectionPoolListener@e3a9e3f], maxConnecting=2}, serverSettings=ServerSettings{heartbeatFrequencyMS=10000, minHeartbeatFrequencyMS=500, serverMonitoringMode=AUTO, serverListeners='[]', serverMonitorListeners='[]'}, sslSettings=SslSettings{enabled=false, invalidHostNameAllowed=false, context=null}, applicationName='null', compressorList=[], uuidRepresentation=JAVA_LEGACY, serverApi=null, autoEncryptionSettings=null, dnsClient=null, inetAddressResolver=null, contextProvider=null, timeoutMS=null}
2026-09-28T13:23:38.494+02:00  INFO 30250 --- [agilityhub-core-api] [localhost:63434] org.mongodb.driver.cluster               : Monitor thread successfully connected to server with description ServerDescription{address=localhost:63434, type=REPLICA_SET_PRIMARY, cryptd=false, state=CONNECTED, ok=true, minWireVersion=0, maxWireVersion=21, maxDocumentSize=16777216, logicalSessionTimeoutMinutes=30, roundTripTimeNanos=2020333, minRoundTripTimeNanos=0, setName='docker-rs', canonicalAddress=ddfa19773e1f:27017, hosts=[ddfa19773e1f:27017], passives=[], arbiters=[], primary='ddfa19773e1f:27017', tagSet=TagSet{[]}, electionId=7fffffff0000000000000001, setVersion=1, topologyVersion=TopologyVersion{processId=6aba4e2dd7ad86b9c3d3950b, counter=6}, lastWriteDate=Mon Sep 28 13:23:37 CEST 2026, lastUpdateTimeNanos=303947681682125}
2026-09-28T13:23:39.692+02:00  INFO 30250 --- [agilityhub-core-api] [           main] o.s.b.t.m.w.SpringBootMockServletContext : Initializing Spring TestDispatcherServlet ''
2026-09-28T13:23:39.692+02:00  INFO 30250 --- [agilityhub-core-api] [           main] o.s.t.web.servlet.TestDispatcherServlet  : Initializing Servlet ''
2026-09-28T13:23:39.693+02:00  INFO 30250 --- [agilityhub-core-api] [           main] o.s.t.web.servlet.TestDispatcherServlet  : Completed initialization in 1 ms
2026-09-28T13:23:39.712+02:00  INFO 30250 --- [agilityhub-core-api] [           main] c.a.c.shared.persistence.IdempotencyIT   : Started IdempotencyIT in 1.778 seconds (process running for 15.212)
2026-09-28T13:23:39.755+02:00  WARN 30250 --- [agilityhub-core-api] [           main] o.s.w.s.h.HandlerMappingIntrospector     : Cache miss for REQUEST dispatch to '/api/v1/test/idempotency/item-1' (previous null). Performing MatchableHandlerMapping lookup. This is logged once only at WARN level, and every time at TRACE.

MockHttpServletRequest:
      HTTP Method = PUT
      Request URI = /api/v1/test/idempotency/item-1
       Parameters = {_csrf=[l2eEBrJRZ5NwoKdjxwh2GZ802UEdOeEkqgvRXmLdt1sEc75roFK8NIFmAaBdwcUG9SVCKfwN9HkpX4cJyD_jO1G50ms1Qt8K]}
          Headers = [Content-Type:"application/json;charset=UTF-8", Idempotency-Key:"4ec36474-a67c-4540-a8ea-ace568d75a6e", Content-Length:"6"]
             Body = edited
    Session Attrs = {}

Handler:
             Type = com.agilityhub.core.shared.persistence.IdempotencyIT$TestController
           Method = com.agilityhub.core.shared.persistence.IdempotencyIT$TestController#edit(String, String, String)

Async:
    Async started = false
     Async result = null

Resolved Exception:
             Type = null

ModelAndView:
        View name = null
             View = null
            Model = null

FlashMap:
       Attributes = null

MockHttpServletResponse:
           Status = 200
    Error message = null
          Headers = [Content-Language:"ca", Content-Type:"application/json", X-Content-Type-Options:"nosniff", X-XSS-Protection:"0", Cache-Control:"no-cache, no-store, max-age=0, must-revalidate", Pragma:"no-cache", Expires:"0", X-Frame-Options:"DENY"]
     Content type = application/json
             Body = {"body":"edited","count":1,"id":"item-1"}
    Forwarded URL = null
   Redirected URL = null
          Cookies = []

MockHttpServletRequest:
      HTTP Method = PUT
      Request URI = /api/v1/test/idempotency/item-1
       Parameters = {_csrf=[04BcdyR0CVyajq24bRxpLGPXE-BSVV-pYAZZAcryyNAXgdQv4-Q9EUJGa22365WMDDFdTwDnPoFkbWaEUz8_Yq7B-rUl5eUc]}
          Headers = [Content-Type:"application/json;charset=UTF-8", Idempotency-Key:"4ec36474-a67c-4540-a8ea-ace568d75a6e", Content-Length:"6"]
             Body = edited
    Session Attrs = {}

Handler:
             Type = com.agilityhub.core.shared.persistence.IdempotencyIT$TestController
           Method = com.agilityhub.core.shared.persistence.IdempotencyIT$TestController#edit(String, String, String)

Async:
    Async started = false
     Async result = null

Resolved Exception:
             Type = null

ModelAndView:
        View name = null
             View = null
            Model = null

FlashMap:
       Attributes = null

MockHttpServletResponse:
           Status = 200
    Error message = null
          Headers = [Content-Language:"ca", Content-Type:"application/json", X-Content-Type-Options:"nosniff", X-XSS-Protection:"0", Cache-Control:"no-cache, no-store, max-age=0, must-revalidate", Pragma:"no-cache", Expires:"0", X-Frame-Options:"DENY"]
     Content type = application/json
             Body = {"body":"edited","count":2,"id":"item-1"}
    Forwarded URL = null
   Redirected URL = null
          Cookies = []
[ERROR] Tests run: 1, Failures: 1, Errors: 0, Skipped: 0, Time elapsed: 1.879 s <<< FAILURE! -- in com.agilityhub.core.shared.persistence.IdempotencyIT
[ERROR] com.agilityhub.core.shared.persistence.IdempotencyIT.E5_T27_keyedPutAndDeleteReplayTheStoredAnswerAndAGetOrAnUndeclaredPutIsNeverFiltered -- Time elapsed: 0.044 s <<< FAILURE!
org.opentest4j.AssertionFailedError:

expected: [123, 34, 98, 111, 100, 121, 34, 58, 34, 101, 100, 105, 116, 101, 100, 34, 44, 34, 99, 111, 117, 110, 116, 34, 58, 49, 44, 34, 105, 100, 34, 58, 34, 105, 116, 101, 109, 45, 49, 34, 125]
 but was: [123, 34, 98, 111, 100, 121, 34, 58, 34, 101, 100, 105, 116, 101, 100, 34, 44, 34, 99, 111, 117, 110, 116, 34, 58, 50, 44, 34, 105, 100, 34, 58, 34, 105, 116, 101, 109, 45, 49, 34, 125]
	at com.agilityhub.core.shared.persistence.IdempotencyIT.E5_T27_keyedPutAndDeleteReplayTheStoredAnswerAndAGetOrAnUndeclaredPutIsNeverFiltered(IdempotencyIT.java:187)
	at java.base/java.lang.reflect.Method.invoke(Method.java:580)
	at java.base/java.util.ArrayList.forEach(ArrayList.java:1596)
	at java.base/java.util.ArrayList.forEach(ArrayList.java:1596)

2026-09-28T13:23:39.786+02:00  INFO 30250 --- [agilityhub-core-api] [           main] t.c.s.AnnotationConfigContextLoaderUtils : Could not detect default configuration classes for test class [com.agilityhub.core.shared.api.HealthIndependenceIT]: HealthIndependenceIT does not declare any static, non-private, non-final, nested classes annotated with @Configuration.
2026-09-28T13:23:39.807+02:00  INFO 30250 --- [agilityhub-core-api] [           main] .b.t.c.SpringBootTestContextBootstrapper : Found @SpringBootConfiguration com.agilityhub.core.CoreApplication for test class com.agilityhub.core.shared.api.HealthIndependenceIT
2026-09-28T13:23:39.809+02:00  INFO 30250 --- [agilityhub-core-api] [           main] tc.mongo:7                               : Creating container for image: mongo:7
2026-09-28T13:23:39.851+02:00  INFO 30250 --- [agilityhub-core-api] [           main] tc.mongo:7                               : Container mongo:7 is starting: 4b12e54b545888e9ab63dfd1cffba029ac338be7a03a01cc31ed9bb1354a311b
2026-09-28T13:23:40.207+02:00  INFO 30250 --- [agilityhub-core-api] [           main] tc.mongo:7                               : Container mongo:7 started in PT0.398577S

  .   ____          _            __ _ _
 /\\ / ___'_ __ _ _(_)_ __  __ _ \ \ \ \
( ( )\___ | '_ | '_| | '_ \/ _` | \ \ \ \
 \\/  ___)| |_)| | | | | || (_| |  ) ) ) )
  '  |____| .__|_| |_|_| |_\__, | / / / /
 =========|_|==============|___/=/_/_/_/

 :: Spring Boot ::               (v3.5.16)

2026-09-28T13:23:40.712+02:00  INFO 30250 --- [agilityhub-core-api] [           main] c.a.c.shared.api.HealthIndependenceIT    : Starting HealthIndependenceIT using Java 21.0.12.1 with PID 30250 (started by jordib in /Users/jordib/dev/agilityhub/agilityhub-core-api)
2026-09-28T13:23:40.713+02:00  INFO 30250 --- [agilityhub-core-api] [           main] c.a.c.shared.api.HealthIndependenceIT    : The following 1 profile is active: "test"
2026-09-28T13:23:41.012+02:00  INFO 30250 --- [agilityhub-core-api] [           main] .s.d.r.c.RepositoryConfigurationDelegate : Bootstrapping Spring Data MongoDB repositories in DEFAULT mode.
2026-09-28T13:23:41.040+02:00  INFO 30250 --- [agilityhub-core-api] [           main] .s.d.r.c.RepositoryConfigurationDelegate : Finished Spring Data repository scanning in 27 ms. Found 0 MongoDB repository interfaces.
2026-09-28T13:23:41.139+02:00  INFO 30250 --- [agilityhub-core-api] [           main] o.s.b.w.embedded.tomcat.TomcatWebServer  : Tomcat initialized with port 0 (http)
2026-09-28T13:23:41.146+02:00  INFO 30250 --- [agilityhub-core-api] [           main] o.apache.catalina.core.StandardService   : Starting service [Tomcat]
2026-09-28T13:23:41.146+02:00  INFO 30250 --- [agilityhub-core-api] [           main] o.apache.catalina.core.StandardEngine    : Starting Servlet engine: [Apache Tomcat/10.1.55]
2026-09-28T13:23:41.175+02:00  INFO 30250 --- [agilityhub-core-api] [           main] o.a.c.c.C.[Tomcat].[localhost].[/]       : Initializing Spring embedded WebApplicationContext
2026-09-28T13:23:41.175+02:00  INFO 30250 --- [agilityhub-core-api] [           main] w.s.c.ServletWebServerApplicationContext : Root WebApplicationContext: initialization completed in 462 ms
2026-09-28T13:23:41.194+02:00  INFO 30250 --- [agilityhub-core-api] [           main] org.mongodb.driver.client                : MongoClient with metadata {"driver": {"name": "mongo-java-driver|sync|spring-boot", "version": "5.5.2"}, "os": {"type": "Darwin", "name": "Mac OS X", "architecture": "aarch64", "version": "26.4.1"}, "platform": "Java/Homebrew/21.0.12.1"} created with settings MongoClientSettings{readPreference=primary, writeConcern=WriteConcern{w=null, wTimeout=null ms, journal=null}, retryWrites=true, retryReads=true, readConcern=ReadConcern{level=null}, credential=null, transportSettings=null, commandListeners=[io.micrometer.core.instrument.binder.mongodb.MongoMetricsCommandListener@2862774e], codecRegistry=ProvidersCodecRegistry{codecProviders=[ValueCodecProvider{}, BsonValueCodecProvider{}, DBRefCodecProvider{}, DBObjectCodecProvider{}, DocumentCodecProvider{}, CollectionCodecProvider{}, IterableCodecProvider{}, MapCodecProvider{}, GeoJsonCodecProvider{}, GridFSFileCodecProvider{}, Jsr310CodecProvider{}, JsonObjectCodecProvider{}, BsonCodecProvider{}, EnumCodecProvider{}, com.mongodb.client.model.mql.ExpressionCodecProvider@3cc5408c, com.mongodb.Jep395RecordCodecProvider@1ecd09d5, com.mongodb.KotlinCodecProvider@36f438f1]}, loggerSettings=LoggerSettings{maxDocumentLength=1000}, clusterSettings={hosts=[localhost:63453], srvServiceName=mongodb, mode=SINGLE, requiredClusterType=UNKNOWN, requiredReplicaSetName='null', serverSelector='null', clusterListeners='[]', serverSelectionTimeout='30000 ms', localThreshold='15 ms'}, socketSettings=SocketSettings{connectTimeoutMS=10000, readTimeoutMS=0, receiveBufferSize=0, proxySettings=ProxySettings{host=null, port=null, username=null, password=null}}, heartbeatSocketSettings=SocketSettings{connectTimeoutMS=10000, readTimeoutMS=10000, receiveBufferSize=0, proxySettings=ProxySettings{host=null, port=null, username=null, password=null}}, connectionPoolSettings=ConnectionPoolSettings{maxSize=100, minSize=0, maxWaitTimeMS=120000, maxConnectionLifeTimeMS=0, maxConnectionIdleTimeMS=0, maintenanceInitialDelayMS=0, maintenanceFrequencyMS=60000, connectionPoolListeners=[io.micrometer.core.instrument.binder.mongodb.MongoMetricsConnectionPoolListener@38fb1e28], maxConnecting=2}, serverSettings=ServerSettings{heartbeatFrequencyMS=10000, minHeartbeatFrequencyMS=500, serverMonitoringMode=AUTO, serverListeners='[]', serverMonitorListeners='[]'}, sslSettings=SslSettings{enabled=false, invalidHostNameAllowed=false, context=null}, applicationName='null', compressorList=[], uuidRepresentation=JAVA_LEGACY, serverApi=null, autoEncryptionSettings=null, dnsClient=null, inetAddressResolver=null, contextProvider=null, timeoutMS=null}
2026-09-28T13:23:41.196+02:00  INFO 30250 --- [agilityhub-core-api] [localhost:63453] org.mongodb.driver.cluster               : Monitor thread successfully connected to server with description ServerDescription{address=localhost:63453, type=REPLICA_SET_PRIMARY, cryptd=false, state=CONNECTED, ok=true, minWireVersion=0, maxWireVersion=21, maxDocumentSize=16777216, logicalSessionTimeoutMinutes=30, roundTripTimeNanos=1068291, minRoundTripTimeNanos=0, setName='docker-rs', canonicalAddress=4b12e54b5458:27017, hosts=[4b12e54b5458:27017], passives=[], arbiters=[], primary='4b12e54b5458:27017', tagSet=TagSet{[]}, electionId=7fffffff0000000000000001, setVersion=1, topologyVersion=TopologyVersion{processId=6aba4e3b70af41238a56c383, counter=6}, lastWriteDate=Mon Sep 28 13:23:40 CEST 2026, lastUpdateTimeNanos=303950383056541}
2026-09-28T13:23:41.380+02:00  INFO 30250 --- [agilityhub-core-api] [           main] o.s.boot.web.servlet.RegistrationBean    : Filter rateLimitFilter was not registered (disabled)
2026-09-28T13:23:42.438+02:00  INFO 30250 --- [agilityhub-core-api] [           main] o.a.c.c.C.[Tomcat].[localhost].[/]       : Initializing Spring TestDispatcherServlet ''
2026-09-28T13:23:42.438+02:00  INFO 30250 --- [agilityhub-core-api] [           main] o.s.t.web.servlet.TestDispatcherServlet  : Initializing Servlet ''
2026-09-28T13:23:42.439+02:00  INFO 30250 --- [agilityhub-core-api] [           main] o.s.t.web.servlet.TestDispatcherServlet  : Completed initialization in 1 ms
2026-09-28T13:23:42.485+02:00  INFO 30250 --- [agilityhub-core-api] [           main] o.s.b.w.embedded.tomcat.TomcatWebServer  : Tomcat started on port 63461 (http) with context path '/'
2026-09-28T13:23:42.527+02:00  INFO 30250 --- [agilityhub-core-api] [           main] o.s.b.w.embedded.tomcat.TomcatWebServer  : Tomcat initialized with port 0 (http)
2026-09-28T13:23:42.527+02:00  INFO 30250 --- [agilityhub-core-api] [           main] o.apache.catalina.core.StandardService   : Starting service [Tomcat]
2026-09-28T13:23:42.527+02:00  INFO 30250 --- [agilityhub-core-api] [           main] o.apache.catalina.core.StandardEngine    : Starting Servlet engine: [Apache Tomcat/10.1.55]
2026-09-28T13:23:42.537+02:00  INFO 30250 --- [agilityhub-core-api] [           main] o.a.c.c.C.[Tomcat-1].[localhost].[/]     : Initializing Spring embedded WebApplicationContext
2026-09-28T13:23:42.537+02:00  INFO 30250 --- [agilityhub-core-api] [           main] w.s.c.ServletWebServerApplicationContext : Root WebApplicationContext: initialization completed in 50 ms
2026-09-28T13:23:42.546+02:00  INFO 30250 --- [agilityhub-core-api] [           main] o.s.b.a.e.web.EndpointLinksResolver      : Exposing 2 endpoints beneath base path '/actuator'
2026-09-28T13:23:42.572+02:00  INFO 30250 --- [agilityhub-core-api] [           main] o.s.b.w.embedded.tomcat.TomcatWebServer  : Tomcat started on port 63462 (http) with context path '/'
2026-09-28T13:23:42.575+02:00  INFO 30250 --- [agilityhub-core-api] [           main] c.a.c.shared.api.HealthIndependenceIT    : Started HealthIndependenceIT in 1.877 seconds (process running for 18.075)
2026-09-28T13:23:42.828+02:00  WARN 30250 --- [agilityhub-core-api] [           main] c.a.core.shared.api.ApiExceptionHandler  : Framework request rejected status=405 code=METHOD_NOT_ALLOWED traceId=ff4dbc83-b19f-4c87-9ce7-3ed8be045eb7
2026-09-28T13:23:42.870+02:00  INFO 30250 --- [agilityhub-core-api] [omcat-handler-0] o.a.c.c.C.[Tomcat-1].[localhost].[/]     : Initializing Spring DispatcherServlet 'dispatcherServletRegistration'
2026-09-28T13:23:42.870+02:00  INFO 30250 --- [agilityhub-core-api] [omcat-handler-0] o.s.web.servlet.DispatcherServlet        : Initializing Servlet 'dispatcherServletRegistration'
2026-09-28T13:23:42.870+02:00  INFO 30250 --- [agilityhub-core-api] [omcat-handler-0] o.s.web.servlet.DispatcherServlet        : Completed initialization in 0 ms
2026-09-28T13:23:42.974+02:00  INFO 30250 --- [agilityhub-core-api] [localhost:63453] org.mongodb.driver.cluster               : Exception in monitor thread while connecting to server localhost:63453

com.mongodb.MongoSocketReadException: Prematurely reached end of stream
	at com.mongodb.internal.connection.SocketStream.read(SocketStream.java:184) ~[mongodb-driver-core-5.5.2.jar:na]
	at com.mongodb.internal.connection.InternalStreamConnection.receiveResponseBuffers(InternalStreamConnection.java:824) ~[mongodb-driver-core-5.5.2.jar:na]
	at com.mongodb.internal.connection.InternalStreamConnection.receiveCommandMessageResponse(InternalStreamConnection.java:517) ~[mongodb-driver-core-5.5.2.jar:na]
	at com.mongodb.internal.connection.InternalStreamConnection.receive(InternalStreamConnection.java:469) ~[mongodb-driver-core-5.5.2.jar:na]
	at com.mongodb.internal.connection.DefaultServerMonitor$ServerMonitor.lookupServerDescription(DefaultServerMonitor.java:249) ~[mongodb-driver-core-5.5.2.jar:na]
	at com.mongodb.internal.connection.DefaultServerMonitor$ServerMonitor.run(DefaultServerMonitor.java:176) ~[mongodb-driver-core-5.5.2.jar:na]

2026-09-28T13:23:42.976+02:00  INFO 30250 --- [agilityhub-core-api] [localhost:63453] org.mongodb.driver.cluster               : Exception in monitor thread while connecting to server localhost:63453

com.mongodb.MongoSocketReadException: Exception receiving message
	at com.mongodb.internal.connection.InternalStreamConnection.translateReadException(InternalStreamConnection.java:809) ~[mongodb-driver-core-5.5.2.jar:na]
	at com.mongodb.internal.connection.InternalStreamConnection.receiveResponseBuffers(InternalStreamConnection.java:857) ~[mongodb-driver-core-5.5.2.jar:na]
	at com.mongodb.internal.connection.InternalStreamConnection.receiveCommandMessageResponse(InternalStreamConnection.java:517) ~[mongodb-driver-core-5.5.2.jar:na]
	at com.mongodb.internal.connection.InternalStreamConnection.sendAndReceiveInternal(InternalStreamConnection.java:448) ~[mongodb-driver-core-5.5.2.jar:na]
	at com.mongodb.internal.connection.InternalStreamConnection.lambda$sendAndReceive$0(InternalStreamConnection.java:375) ~[mongodb-driver-core-5.5.2.jar:na]
	at com.mongodb.internal.connection.InternalStreamConnection.sendAndReceive(InternalStreamConnection.java:378) ~[mongodb-driver-core-5.5.2.jar:na]
	at com.mongodb.internal.connection.CommandHelper.sendAndReceive(CommandHelper.java:100) ~[mongodb-driver-core-5.5.2.jar:na]
	at com.mongodb.internal.connection.CommandHelper.executeCommand(CommandHelper.java:49) ~[mongodb-driver-core-5.5.2.jar:na]
	at com.mongodb.internal.connection.InternalStreamConnectionInitializer.initializeConnectionDescription(InternalStreamConnectionInitializer.java:144) ~[mongodb-driver-core-5.5.2.jar:na]
	at com.mongodb.internal.connection.InternalStreamConnectionInitializer.startHandshake(InternalStreamConnectionInitializer.java:79) ~[mongodb-driver-core-5.5.2.jar:na]
	at com.mongodb.internal.connection.InternalStreamConnection.open(InternalStreamConnection.java:235) ~[mongodb-driver-core-5.5.2.jar:na]
	at com.mongodb.internal.connection.DefaultServerMonitor$ServerMonitor.lookupServerDescription(DefaultServerMonitor.java:219) ~[mongodb-driver-core-5.5.2.jar:na]
	at com.mongodb.internal.connection.DefaultServerMonitor$ServerMonitor.run(DefaultServerMonitor.java:176) ~[mongodb-driver-core-5.5.2.jar:na]
Caused by: java.net.SocketException: Connection reset
	at java.base/sun.nio.ch.NioSocketImpl.implRead(NioSocketImpl.java:318) ~[na:na]
	at java.base/sun.nio.ch.NioSocketImpl.read(NioSocketImpl.java:346) ~[na:na]
	at java.base/sun.nio.ch.NioSocketImpl$1.read(NioSocketImpl.java:796) ~[na:na]
	at java.base/java.net.Socket$SocketInputStream.read(Socket.java:1099) ~[na:na]
	at com.mongodb.internal.connection.SocketStream.read(SocketStream.java:182) ~[mongodb-driver-core-5.5.2.jar:na]
	at com.mongodb.internal.connection.InternalStreamConnection.receiveResponseBuffers(InternalStreamConnection.java:824) ~[mongodb-driver-core-5.5.2.jar:na]
	... 11 common frames omitted

[ERROR] Tests run: 2, Failures: 1, Errors: 0, Skipped: 0, Time elapsed: 3.359 s <<< FAILURE! -- in com.agilityhub.core.shared.api.HealthIndependenceIT
[ERROR] com.agilityhub.core.shared.api.HealthIndependenceIT.E5_T27_healthAnswers503DownWithinItsBoundWhileTheDatabaseDoesNotAnswer(CapturedOutput) -- Time elapsed: 0.039 s <<< FAILURE!
org.opentest4j.AssertionFailedError:

expected: 503
 but was: 200
	at com.agilityhub.core.shared.api.HealthIndependenceIT.E5_T27_healthAnswers503DownWithinItsBoundWhileTheDatabaseDoesNotAnswer(HealthIndependenceIT.java:101)
	at java.base/java.lang.reflect.Method.invoke(Method.java:580)
	at java.base/java.util.ArrayList.forEach(ArrayList.java:1596)
	at java.base/java.util.ArrayList.forEach(ArrayList.java:1596)

[ERROR] Failures:
[ERROR]   ActivityIT.R_01_07_T_07_22_aMemberWithAStaffRoleRegistersAndCancelsAsAMember:288 Status expected:<201> but was:<403>
[ERROR]   BookingsIT.R_01_07_T_08_26_aDualRoleInstructorBooksAndCancelsHerOwnDogAsAMember:548->BookingFixtures.call:129->BookingFixtures.call:136 [GET /me/bookable-classes?dogId=s08-d-lluna {"code":"FORBIDDEN","message":"No tens permís per fer aquesta acció.","details":{},"traceId":"d78265ff-652d-4fe4-a5d6-a249a58953e0"}]
expected: 200
 but was: 403
[ERROR]   MemberAggregatesIT.T_08_26_aggregatesAreMemberOnlyAndTenantScoped:334->BookingFixtures.call:129->BookingFixtures.call:136 [GET /me/home {"code":"FORBIDDEN","message":"No tens permís per fer aquesta acció.","details":{},"traceId":"3fecfb2d-6d69-4395-9670-137f31e4bfce"}]
expected: 200
 but was: 403
[ERROR]   RiskReviewJobIT.R_15_10_aRiskReviewCancellationThatMeetsAConcurrentBookingIsRetriedAndTheRunSucceeds:410
Expecting empty but was: [RunError[entityId=s08-c2, code=INVALID_STATE, message=INVALID_STATE, traceId=21c122d7-b54f-4f9f-8f85-55639b2b885b]]
[ERROR]   SignupSecurityFixesIT.CONVENCIONS_API_5_E61_anSvgDownloadsAsASandboxedAttachmentAPngStaysInlineAndCorsExposesTheStoredName:1104 [inline; filename="=?UTF-8?Q?Carnet=5FBlau.svg?="; filename*=UTF-8''Carnet_Blau.svg]
Expecting value to be true but was false
[ERROR]   E5ContractIT.T_08_26_T_09_30_memberRoutesServeEveryTokenWithTheMemberRoleRefuseStaffOnlyTokensAndHideOtherMembers:202->served:77 [GET /api/v1/me/home {"code":"FORBIDDEN","message":"No tens permís per fer aquesta acció.","details":{},"traceId":"60e40cfd-4b4a-4a4f-8b77-8b1396c64b01"}]
Expecting actual:
  403
not to be in:
  [401, 403, 500, 501]

[ERROR]   IdentityCoreIT.R_01_05_T_01_09_aResetLinkSetsANewPasswordOnceWithoutCurrentAndALoginLinkDoesNot:230 Status expected:<400> but was:<401>
[ERROR]   ImpersonationHandoffIT.T_01_11_launchUrlCarriesAOneShotHandoffCodeThatTheClubAppRedeemsOnceIntoTheImpersonationSession:169
Expecting actual:
  "null"
to start with:
  "https://app.example.test/entrar?handoff="

[ERROR]   HealthIndependenceIT.E5_T27_healthAnswers503DownWithinItsBoundWhileTheDatabaseDoesNotAnswer:101
expected: 503
 but was: 200
[ERROR]   IdempotencyIT.E5_T27_keyedPutAndDeleteReplayTheStoredAnswerAndAGetOrAnUndeclaredPutIsNeverFiltered:187
expected: [123, 34, 98, 111, 100, 121, 34, 58, 34, 101, 100, 105, 116, 101, 100, 34, 44, 34, 99, 111, 117, 110, 116, 34, 58, 49, 44, 34, 105, 100, 34, 58, 34, 105, 116, 101, 109, 45, 49, 34, 125]
 but was: [123, 34, 98, 111, 100, 121, 34, 58, 34, 101, 100, 105, 116, 101, 100, 34, 44, 34, 99, 111, 117, 110, 116, 34, 58, 50, 44, 34, 105, 100, 34, 58, 34, 105, 116, 101, 109, 45, 49, 34, 125]
[ERROR] Tests run: 11, Failures: 10, Errors: 0, Skipped: 0
