14:51:44.689 [main] INFO org.springframework.test.context.support.AnnotationConfigContextLoaderUtils -- Could not detect default configuration classes for test class [com.agilityhub.core.clubs.bookings.api.BookingsIT]: BookingsIT does not declare any static, non-private, non-final, nested classes annotated with @Configuration.
14:51:44.841 [main] INFO org.springframework.boot.test.context.SpringBootTestContextBootstrapper -- Found @SpringBootConfiguration com.agilityhub.core.CoreApplication for test class com.agilityhub.core.clubs.bookings.api.BookingsIT
14:51:44.905 [main] INFO org.testcontainers.images.PullPolicy -- Image pull policy will be performed by: DefaultPullPolicy()
14:51:44.906 [main] INFO org.testcontainers.utility.ImageNameSubstitutor -- Image name substitution will be performed by: DefaultImageNameSubstitutor (composite of 'ConfigurationFileImageNameSubstitutor' and 'PrefixingImageNameSubstitutor')
14:51:44.910 [main] INFO org.testcontainers.DockerClientFactory -- Testcontainers version: 1.21.4
14:51:45.029 [main] INFO org.testcontainers.dockerclient.DockerClientProviderStrategy -- Loaded org.testcontainers.dockerclient.UnixSocketClientProviderStrategy from ~/.testcontainers.properties, will try it first
14:51:45.262 [main] INFO org.testcontainers.dockerclient.DockerClientProviderStrategy -- Found Docker environment with local Unix socket (unix:///var/run/docker.sock)
14:51:45.263 [main] INFO org.testcontainers.DockerClientFactory -- Docker host IP address is localhost
14:51:45.275 [main] INFO org.testcontainers.DockerClientFactory -- Connected to docker:
  Server Version: 29.7.2
  API Version: 1.55
  Operating System: Docker Desktop
  Total Memory: 7931 MB
  Labels:
    com.docker.desktop.address=unix:///Users/jordib/Library/Containers/com.docker.docker/Data/docker-cli.sock
14:51:45.508 [main] INFO tc.testcontainers/ryuk:0.12.0 -- Creating container for image: testcontainers/ryuk:0.12.0
14:51:45.618 [main] INFO org.testcontainers.utility.RegistryAuthLocator -- Credential helper/store (docker-credential-desktop) does not have credentials for https://index.docker.io/v1/
14:51:45.707 [main] INFO tc.testcontainers/ryuk:0.12.0 -- Container testcontainers/ryuk:0.12.0 is starting: 099e0615c627c839da1833e7b1625a3d980c7eed6879e32e034b2937bc8a5c24
14:51:45.877 [main] INFO tc.testcontainers/ryuk:0.12.0 -- Container testcontainers/ryuk:0.12.0 started in PT0.369504S
14:51:45.881 [main] INFO org.testcontainers.utility.RyukResourceReaper -- Ryuk started - will monitor and terminate Testcontainers containers on JVM exit
14:51:45.881 [main] INFO org.testcontainers.DockerClientFactory -- Checking the system...
14:51:45.881 [main] INFO org.testcontainers.DockerClientFactory -- ✔︎ Docker server version should be at least 1.6.0
14:51:45.881 [main] INFO tc.mongo:7 -- Creating container for image: mongo:7
14:51:45.921 [main] INFO tc.mongo:7 -- Container mongo:7 is starting: 433428d5dc981e212105ac516ea59344499e5dcfe3d3fe6b6fdefcb362a274ac
14:51:46.488 [main] INFO tc.mongo:7 -- Container mongo:7 started in PT0.607177S
Integration JVM availableProcessors=18

  .   ____          _            __ _ _
 /\\ / ___'_ __ _ _(_)_ __  __ _ \ \ \ \
( ( )\___ | '_ | '_| | '_ \/ _` | \ \ \ \
 \\/  ___)| |_)| | | | | || (_| |  ) ) ) )
  '  |____| .__|_| |_|_| |_\__, | / / / /
 =========|_|==============|___/=/_/_/_/

 :: Spring Boot ::               (v3.5.16)

2026-09-28T14:51:47.281+02:00  INFO 47053 --- [agilityhub-core-api] [           main] c.a.core.clubs.bookings.api.BookingsIT   : Starting BookingsIT using Java 21.0.12.1 with PID 47053 (started by jordib in /Users/jordib/dev/agilityhub/agilityhub-core-api)
2026-09-28T14:51:47.281+02:00  INFO 47053 --- [agilityhub-core-api] [           main] c.a.core.clubs.bookings.api.BookingsIT   : The following 1 profile is active: "test"
2026-09-28T14:51:48.262+02:00  INFO 47053 --- [agilityhub-core-api] [           main] .s.d.r.c.RepositoryConfigurationDelegate : Bootstrapping Spring Data MongoDB repositories in DEFAULT mode.
2026-09-28T14:51:48.304+02:00  INFO 47053 --- [agilityhub-core-api] [           main] .s.d.r.c.RepositoryConfigurationDelegate : Finished Spring Data repository scanning in 38 ms. Found 0 MongoDB repository interfaces.
2026-09-28T14:51:48.663+02:00  INFO 47053 --- [agilityhub-core-api] [           main] org.mongodb.driver.client                : MongoClient with metadata {"driver": {"name": "mongo-java-driver|sync|spring-boot", "version": "5.5.2"}, "os": {"type": "Darwin", "name": "Mac OS X", "architecture": "aarch64", "version": "26.4.1"}, "platform": "Java/Homebrew/21.0.12.1"} created with settings MongoClientSettings{readPreference=primary, writeConcern=WriteConcern{w=null, wTimeout=null ms, journal=null}, retryWrites=true, retryReads=true, readConcern=ReadConcern{level=null}, credential=null, transportSettings=null, commandListeners=[io.micrometer.core.instrument.binder.mongodb.MongoMetricsCommandListener@4549d616], codecRegistry=ProvidersCodecRegistry{codecProviders=[ValueCodecProvider{}, BsonValueCodecProvider{}, DBRefCodecProvider{}, DBObjectCodecProvider{}, DocumentCodecProvider{}, CollectionCodecProvider{}, IterableCodecProvider{}, MapCodecProvider{}, GeoJsonCodecProvider{}, GridFSFileCodecProvider{}, Jsr310CodecProvider{}, JsonObjectCodecProvider{}, BsonCodecProvider{}, EnumCodecProvider{}, com.mongodb.client.model.mql.ExpressionCodecProvider@1bfb60b7, com.mongodb.Jep395RecordCodecProvider@65b1693c, com.mongodb.KotlinCodecProvider@9a74a93]}, loggerSettings=LoggerSettings{maxDocumentLength=1000}, clusterSettings={hosts=[localhost:50660], srvServiceName=mongodb, mode=SINGLE, requiredClusterType=UNKNOWN, requiredReplicaSetName='null', serverSelector='null', clusterListeners='[]', serverSelectionTimeout='30000 ms', localThreshold='15 ms'}, socketSettings=SocketSettings{connectTimeoutMS=10000, readTimeoutMS=0, receiveBufferSize=0, proxySettings=ProxySettings{host=null, port=null, username=null, password=null}}, heartbeatSocketSettings=SocketSettings{connectTimeoutMS=10000, readTimeoutMS=10000, receiveBufferSize=0, proxySettings=ProxySettings{host=null, port=null, username=null, password=null}}, connectionPoolSettings=ConnectionPoolSettings{maxSize=100, minSize=0, maxWaitTimeMS=120000, maxConnectionLifeTimeMS=0, maxConnectionIdleTimeMS=0, maintenanceInitialDelayMS=0, maintenanceFrequencyMS=60000, connectionPoolListeners=[io.micrometer.core.instrument.binder.mongodb.MongoMetricsConnectionPoolListener@255d4d7], maxConnecting=2}, serverSettings=ServerSettings{heartbeatFrequencyMS=10000, minHeartbeatFrequencyMS=500, serverMonitoringMode=AUTO, serverListeners='[]', serverMonitorListeners='[]'}, sslSettings=SslSettings{enabled=false, invalidHostNameAllowed=false, context=null}, applicationName='null', compressorList=[], uuidRepresentation=JAVA_LEGACY, serverApi=null, autoEncryptionSettings=null, dnsClient=null, inetAddressResolver=null, contextProvider=null, timeoutMS=null}
2026-09-28T14:51:48.668+02:00  INFO 47053 --- [agilityhub-core-api] [localhost:50660] org.mongodb.driver.cluster               : Monitor thread successfully connected to server with description ServerDescription{address=localhost:50660, type=REPLICA_SET_PRIMARY, cryptd=false, state=CONNECTED, ok=true, minWireVersion=0, maxWireVersion=21, maxDocumentSize=16777216, logicalSessionTimeoutMinutes=30, roundTripTimeNanos=10960000, minRoundTripTimeNanos=0, setName='docker-rs', canonicalAddress=433428d5dc98:27017, hosts=[433428d5dc98:27017], passives=[], arbiters=[], primary='433428d5dc98:27017', tagSet=TagSet{[]}, electionId=7fffffff0000000000000001, setVersion=1, topologyVersion=TopologyVersion{processId=6aba62e24d6abb1b94d40c10, counter=6}, lastWriteDate=Mon Sep 28 14:51:46 CEST 2026, lastUpdateTimeNanos=307231396323958}
2026-09-28T14:51:51.457+02:00  INFO 47053 --- [agilityhub-core-api] [           main] o.s.b.t.m.w.SpringBootMockServletContext : Initializing Spring TestDispatcherServlet ''
2026-09-28T14:51:51.457+02:00  INFO 47053 --- [agilityhub-core-api] [           main] o.s.t.web.servlet.TestDispatcherServlet  : Initializing Servlet ''
2026-09-28T14:51:51.458+02:00  INFO 47053 --- [agilityhub-core-api] [           main] o.s.t.web.servlet.TestDispatcherServlet  : Completed initialization in 1 ms
2026-09-28T14:51:51.487+02:00  INFO 47053 --- [agilityhub-core-api] [           main] c.a.core.clubs.bookings.api.BookingsIT   : Started BookingsIT in 4.439 seconds (process running for 7.142)
Mockito is currently self-attaching to enable the inline-mock-maker. This will no longer work in future releases of the JDK. Please add Mockito as an agent to your build as described in Mockito's documentation: https://javadoc.io/doc/org.mockito/mockito-core/latest/org.mockito/org/mockito/Mockito.html#0.3
OpenJDK 64-Bit Server VM warning: Sharing is only supported for boot loader classes because bootstrap classpath has been appended
WARNING: A Java agent has been loaded dynamically (/Users/jordib/.m2/repository/net/bytebuddy/byte-buddy-agent/1.17.8/byte-buddy-agent-1.17.8.jar)
WARNING: If a serviceability tool is in use, please run with -XX:+EnableDynamicAgentLoading to hide this warning
WARNING: If a serviceability tool is not in use, please run with -Djdk.instrument.traceUsage for more information
WARNING: Dynamic loading of agents will be disallowed by default in a future release
2026-09-28T14:51:55.738+02:00  INFO 47053 --- [agilityhub-core-api] [           main] c.a.c.c.b.application.BookingEvents      : Booking blocked operation=hold class=s08-fri account=s08-laura traceId=9713d1f6-dd49-43cf-b0a8-6e82d89008b9
2026-09-28T14:51:55.755+02:00  INFO 47053 --- [agilityhub-core-api] [           main] c.a.c.c.b.application.BookingEvents      : Booking blocked operation=confirm class=s08-thu account=s08-laura traceId=2dfc322a-bc8c-4385-a252-4f6fc343fc8c
2026-09-28T14:51:55.763+02:00  INFO 47053 --- [agilityhub-core-api] [           main] c.a.c.c.b.application.BookingEvents      : Booking blocked operation=hold class=s08-fri account=s08-joan traceId=efcfbd51-58f1-4786-8cc5-12cf8b6aeff1
2026-09-28T14:51:55.770+02:00  INFO 47053 --- [agilityhub-core-api] [           main] c.a.c.c.b.application.BookingEvents      : Booking blocked operation=hold class=s08-fri account=s08-laura traceId=c38c5260-9bcc-4a52-ade4-81ffe50063ca
2026-09-28T14:51:59.512+02:00  WARN 47053 --- [agilityhub-core-api] [           main] c.a.c.c.m.a.engine.TemplateRenderer      : Notification template of N-09 has no value for level_name
2026-09-28T14:51:59.599+02:00  WARN 47053 --- [agilityhub-core-api] [           main] c.a.c.c.b.application.BookingConsumers   : Class s08-wed cancelled by the club still has 1 live bookings
Tests run: 19, Failures: 0, Errors: 0, Skipped: 0, Time elapsed: 17.02 s -- in com.agilityhub.core.clubs.bookings.api.BookingsIT
