12:47:27.112 [main] INFO org.springframework.test.context.support.AnnotationConfigContextLoaderUtils -- Could not detect default configuration classes for test class [com.agilityhub.core.shared.api.HealthIndependenceIT]: HealthIndependenceIT does not declare any static, non-private, non-final, nested classes annotated with @Configuration.
12:47:27.234 [main] INFO org.springframework.boot.test.context.SpringBootTestContextBootstrapper -- Found @SpringBootConfiguration com.agilityhub.core.CoreApplication for test class com.agilityhub.core.shared.api.HealthIndependenceIT
12:47:27.287 [main] INFO org.testcontainers.images.PullPolicy -- Image pull policy will be performed by: DefaultPullPolicy()
12:47:27.288 [main] INFO org.testcontainers.utility.ImageNameSubstitutor -- Image name substitution will be performed by: DefaultImageNameSubstitutor (composite of 'ConfigurationFileImageNameSubstitutor' and 'PrefixingImageNameSubstitutor')
12:47:27.300 [main] INFO org.testcontainers.DockerClientFactory -- Testcontainers version: 1.21.4
12:47:27.404 [main] INFO org.testcontainers.dockerclient.DockerClientProviderStrategy -- Loaded org.testcontainers.dockerclient.UnixSocketClientProviderStrategy from ~/.testcontainers.properties, will try it first
12:47:27.574 [main] INFO org.testcontainers.dockerclient.DockerClientProviderStrategy -- Found Docker environment with local Unix socket (unix:///var/run/docker.sock)
12:47:27.575 [main] INFO org.testcontainers.DockerClientFactory -- Docker host IP address is localhost
12:47:27.589 [main] INFO org.testcontainers.DockerClientFactory -- Connected to docker: 
  Server Version: 29.7.2
  API Version: 1.55
  Operating System: Docker Desktop
  Total Memory: 7931 MB
  Labels: 
    com.docker.desktop.address=unix:///Users/jordib/Library/Containers/com.docker.docker/Data/docker-cli.sock
12:47:27.877 [main] INFO tc.testcontainers/ryuk:0.12.0 -- Creating container for image: testcontainers/ryuk:0.12.0
12:47:28.020 [main] INFO org.testcontainers.utility.RegistryAuthLocator -- Credential helper/store (docker-credential-desktop) does not have credentials for https://index.docker.io/v1/
12:47:28.123 [main] INFO tc.testcontainers/ryuk:0.12.0 -- Container testcontainers/ryuk:0.12.0 is starting: 8bfadb68726e96cc4c70df6ddaac492d6039105d6aaae79c9406633b01a16a58
12:47:28.448 [main] INFO tc.testcontainers/ryuk:0.12.0 -- Container testcontainers/ryuk:0.12.0 started in PT0.570976S
12:47:28.457 [main] INFO org.testcontainers.utility.RyukResourceReaper -- Ryuk started - will monitor and terminate Testcontainers containers on JVM exit
12:47:28.458 [main] INFO org.testcontainers.DockerClientFactory -- Checking the system...
12:47:28.458 [main] INFO org.testcontainers.DockerClientFactory -- ✔︎ Docker server version should be at least 1.6.0
12:47:28.459 [main] INFO tc.mongo:7 -- Creating container for image: mongo:7
12:47:28.537 [main] INFO tc.mongo:7 -- Container mongo:7 is starting: 43c18ca87e5dd40d29fea38828fb5f1daf896726fe24cb7135a122b8320fbb55
12:47:29.443 [main] INFO tc.mongo:7 -- Container mongo:7 started in PT0.984243S

  .   ____          _            __ _ _
 /\\ / ___'_ __ _ _(_)_ __  __ _ \ \ \ \
( ( )\___ | '_ | '_| | '_ \/ _` | \ \ \ \
 \\/  ___)| |_)| | | | | || (_| |  ) ) ) )
  '  |____| .__|_| |_|_| |_\__, | / / / /
 =========|_|==============|___/=/_/_/_/

 :: Spring Boot ::               (v3.5.16)

2026-09-30T12:47:30.479+02:00  INFO 97258 --- [agilityhub-core-api] [           main] c.a.c.shared.api.HealthIndependenceIT    : Starting HealthIndependenceIT using Java 21.0.12.1 with PID 97258 (started by jordib in /Users/jordib/dev/agilityhub/agilityhub-core-api)
2026-09-30T12:47:30.480+02:00  INFO 97258 --- [agilityhub-core-api] [           main] c.a.c.shared.api.HealthIndependenceIT    : The following 1 profile is active: "test"
2026-09-30T12:47:31.506+02:00  INFO 97258 --- [agilityhub-core-api] [           main] .s.d.r.c.RepositoryConfigurationDelegate : Bootstrapping Spring Data MongoDB repositories in DEFAULT mode.
2026-09-30T12:47:31.573+02:00  INFO 97258 --- [agilityhub-core-api] [           main] .s.d.r.c.RepositoryConfigurationDelegate : Finished Spring Data repository scanning in 60 ms. Found 0 MongoDB repository interfaces.
2026-09-30T12:47:32.026+02:00  INFO 97258 --- [agilityhub-core-api] [           main] o.s.b.w.embedded.tomcat.TomcatWebServer  : Tomcat initialized with port 0 (http)
2026-09-30T12:47:32.035+02:00  INFO 97258 --- [agilityhub-core-api] [           main] o.apache.catalina.core.StandardService   : Starting service [Tomcat]
2026-09-30T12:47:32.035+02:00  INFO 97258 --- [agilityhub-core-api] [           main] o.apache.catalina.core.StandardEngine    : Starting Servlet engine: [Apache Tomcat/10.1.55]
2026-09-30T12:47:32.064+02:00  INFO 97258 --- [agilityhub-core-api] [           main] o.a.c.c.C.[Tomcat].[localhost].[/]       : Initializing Spring embedded WebApplicationContext
2026-09-30T12:47:32.064+02:00  INFO 97258 --- [agilityhub-core-api] [           main] w.s.c.ServletWebServerApplicationContext : Root WebApplicationContext: initialization completed in 1578 ms
2026-09-30T12:47:32.199+02:00  INFO 97258 --- [agilityhub-core-api] [           main] org.mongodb.driver.client                : MongoClient with metadata {"driver": {"name": "mongo-java-driver|sync|spring-boot", "version": "5.5.2"}, "os": {"type": "Darwin", "name": "Mac OS X", "architecture": "aarch64", "version": "26.4.1"}, "platform": "Java/Homebrew/21.0.12.1"} created with settings MongoClientSettings{readPreference=primary, writeConcern=WriteConcern{w=null, wTimeout=null ms, journal=null}, retryWrites=true, retryReads=true, readConcern=ReadConcern{level=null}, credential=null, transportSettings=null, commandListeners=[io.micrometer.core.instrument.binder.mongodb.MongoMetricsCommandListener@c5e7696], codecRegistry=ProvidersCodecRegistry{codecProviders=[ValueCodecProvider{}, BsonValueCodecProvider{}, DBRefCodecProvider{}, DBObjectCodecProvider{}, DocumentCodecProvider{}, CollectionCodecProvider{}, IterableCodecProvider{}, MapCodecProvider{}, GeoJsonCodecProvider{}, GridFSFileCodecProvider{}, Jsr310CodecProvider{}, JsonObjectCodecProvider{}, BsonCodecProvider{}, EnumCodecProvider{}, com.mongodb.client.model.mql.ExpressionCodecProvider@4f579582, com.mongodb.Jep395RecordCodecProvider@4769e70c, com.mongodb.KotlinCodecProvider@69346100]}, loggerSettings=LoggerSettings{maxDocumentLength=1000}, clusterSettings={hosts=[localhost:56333], srvServiceName=mongodb, mode=SINGLE, requiredClusterType=UNKNOWN, requiredReplicaSetName='null', serverSelector='null', clusterListeners='[]', serverSelectionTimeout='30000 ms', localThreshold='15 ms'}, socketSettings=SocketSettings{connectTimeoutMS=10000, readTimeoutMS=0, receiveBufferSize=0, proxySettings=ProxySettings{host=null, port=null, username=null, password=null}}, heartbeatSocketSettings=SocketSettings{connectTimeoutMS=10000, readTimeoutMS=10000, receiveBufferSize=0, proxySettings=ProxySettings{host=null, port=null, username=null, password=null}}, connectionPoolSettings=ConnectionPoolSettings{maxSize=100, minSize=0, maxWaitTimeMS=120000, maxConnectionLifeTimeMS=0, maxConnectionIdleTimeMS=0, maintenanceInitialDelayMS=0, maintenanceFrequencyMS=60000, connectionPoolListeners=[io.micrometer.core.instrument.binder.mongodb.MongoMetricsConnectionPoolListener@16a14076], maxConnecting=2}, serverSettings=ServerSettings{heartbeatFrequencyMS=10000, minHeartbeatFrequencyMS=500, serverMonitoringMode=AUTO, serverListeners='[]', serverMonitorListeners='[]'}, sslSettings=SslSettings{enabled=false, invalidHostNameAllowed=false, context=null}, applicationName='null', compressorList=[], uuidRepresentation=JAVA_LEGACY, serverApi=null, autoEncryptionSettings=null, dnsClient=null, inetAddressResolver=null, contextProvider=null, timeoutMS=null}
2026-09-30T12:47:32.205+02:00  INFO 97258 --- [agilityhub-core-api] [localhost:56333] org.mongodb.driver.cluster               : Monitor thread successfully connected to server with description ServerDescription{address=localhost:56333, type=REPLICA_SET_PRIMARY, cryptd=false, state=CONNECTED, ok=true, minWireVersion=0, maxWireVersion=21, maxDocumentSize=16777216, logicalSessionTimeoutMinutes=30, roundTripTimeNanos=10668917, minRoundTripTimeNanos=0, setName='docker-rs', canonicalAddress=43c18ca87e5d:27017, hosts=[43c18ca87e5d:27017], passives=[], arbiters=[], primary='43c18ca87e5d:27017', tagSet=TagSet{[]}, electionId=7fffffff0000000000000001, setVersion=1, topologyVersion=TopologyVersion{processId=6abce8c09d19387a501b3dc5, counter=6}, lastWriteDate=Wed Sep 30 12:47:29 CEST 2026, lastUpdateTimeNanos=371869545228541}
Mockito is currently self-attaching to enable the inline-mock-maker. This will no longer work in future releases of the JDK. Please add Mockito as an agent to your build as described in Mockito's documentation: https://javadoc.io/doc/org.mockito/mockito-core/latest/org.mockito/org/mockito/Mockito.html#0.3
OpenJDK 64-Bit Server VM warning: Sharing is only supported for boot loader classes because bootstrap classpath has been appended
WARNING: A Java agent has been loaded dynamically (/Users/jordib/.m2/repository/net/bytebuddy/byte-buddy-agent/1.17.8/byte-buddy-agent-1.17.8.jar)
WARNING: If a serviceability tool is in use, please run with -XX:+EnableDynamicAgentLoading to hide this warning
WARNING: If a serviceability tool is not in use, please run with -Djdk.instrument.traceUsage for more information
WARNING: Dynamic loading of agents will be disallowed by default in a future release
2026-09-30T12:47:33.655+02:00  INFO 97258 --- [agilityhub-core-api] [           main] o.s.boot.web.servlet.RegistrationBean    : Filter rateLimitFilter was not registered (disabled)
2026-09-30T12:47:37.071+02:00  INFO 97258 --- [agilityhub-core-api] [           main] o.a.c.c.C.[Tomcat].[localhost].[/]       : Initializing Spring TestDispatcherServlet ''
2026-09-30T12:47:37.071+02:00  INFO 97258 --- [agilityhub-core-api] [           main] o.s.t.web.servlet.TestDispatcherServlet  : Initializing Servlet ''
2026-09-30T12:47:37.072+02:00  INFO 97258 --- [agilityhub-core-api] [           main] o.s.t.web.servlet.TestDispatcherServlet  : Completed initialization in 1 ms
2026-09-30T12:47:37.143+02:00  INFO 97258 --- [agilityhub-core-api] [           main] o.s.b.w.embedded.tomcat.TomcatWebServer  : Tomcat started on port 56348 (http) with context path '/'
2026-09-30T12:47:37.208+02:00  INFO 97258 --- [agilityhub-core-api] [           main] o.s.b.w.embedded.tomcat.TomcatWebServer  : Tomcat initialized with port 0 (http)
2026-09-30T12:47:37.208+02:00  INFO 97258 --- [agilityhub-core-api] [           main] o.apache.catalina.core.StandardService   : Starting service [Tomcat]
2026-09-30T12:47:37.209+02:00  INFO 97258 --- [agilityhub-core-api] [           main] o.apache.catalina.core.StandardEngine    : Starting Servlet engine: [Apache Tomcat/10.1.55]
2026-09-30T12:47:37.226+02:00  INFO 97258 --- [agilityhub-core-api] [           main] o.a.c.c.C.[Tomcat-1].[localhost].[/]     : Initializing Spring embedded WebApplicationContext
2026-09-30T12:47:37.226+02:00  INFO 97258 --- [agilityhub-core-api] [           main] w.s.c.ServletWebServerApplicationContext : Root WebApplicationContext: initialization completed in 82 ms
2026-09-30T12:47:37.239+02:00  INFO 97258 --- [agilityhub-core-api] [           main] o.s.b.a.e.web.EndpointLinksResolver      : Exposing 2 endpoints beneath base path '/actuator'
2026-09-30T12:47:37.273+02:00  INFO 97258 --- [agilityhub-core-api] [           main] o.s.b.w.embedded.tomcat.TomcatWebServer  : Tomcat started on port 56349 (http) with context path '/'
2026-09-30T12:47:37.285+02:00  INFO 97258 --- [agilityhub-core-api] [           main] c.a.c.shared.api.HealthIndependenceIT    : Started HealthIndependenceIT in 6.982 seconds (process running for 10.547)
2026-09-30T12:47:37.880+02:00  WARN 97258 --- [agilityhub-core-api] [           main] c.a.core.shared.api.ApiExceptionHandler  : Framework request rejected status=405 code=METHOD_NOT_ALLOWED traceId=49fdf98c-74c7-452c-8008-e1e40f223d6e
2026-09-30T12:47:37.954+02:00  INFO 97258 --- [agilityhub-core-api] [omcat-handler-0] o.a.c.c.C.[Tomcat-1].[localhost].[/]     : Initializing Spring DispatcherServlet 'dispatcherServletRegistration'
2026-09-30T12:47:37.954+02:00  INFO 97258 --- [agilityhub-core-api] [omcat-handler-0] o.s.web.servlet.DispatcherServlet        : Initializing Servlet 'dispatcherServletRegistration'
2026-09-30T12:47:37.955+02:00  INFO 97258 --- [agilityhub-core-api] [omcat-handler-0] o.s.web.servlet.DispatcherServlet        : Completed initialization in 1 ms
2026-09-30T12:47:39.111+02:00  WARN 97258 --- [agilityhub-core-api] [           main] c.a.core.shared.api.HealthController     : Health DOWN: the database did not answer a ping within 1000 ms traceId=72b3acbe-f874-41cd-b249-c25f43e7aa7b
2026-09-30T12:47:40.122+02:00  WARN 97258 --- [agilityhub-core-api] [pool-3-thread-1] c.a.core.shared.api.HealthController     : Health DOWN: the database did not answer a ping within 1000 ms traceId=751a743c-0d8c-49ad-855c-f395f28603bc
2026-09-30T12:47:40.128+02:00  WARN 97258 --- [agilityhub-core-api] [pool-4-thread-1] c.a.core.shared.api.HealthController     : Health DOWN: the database did not answer a ping within 1000 ms traceId=ce177374-ce3d-40f2-841a-70724b0d335a
2026-09-30T12:47:52.212+02:00  INFO 97258 --- [agilityhub-core-api] [localhost:56333] org.mongodb.driver.cluster               : Exception in monitor thread while connecting to server localhost:56333

com.mongodb.MongoSocketReadTimeoutException: Timeout while receiving message
	at com.mongodb.internal.connection.InternalStreamConnection.createReadTimeoutException(InternalStreamConnection.java:819) ~[mongodb-driver-core-5.5.2.jar:na]
	at com.mongodb.internal.connection.InternalStreamConnection.translateReadException(InternalStreamConnection.java:807) ~[mongodb-driver-core-5.5.2.jar:na]
	at com.mongodb.internal.connection.InternalStreamConnection.receiveResponseBuffers(InternalStreamConnection.java:857) ~[mongodb-driver-core-5.5.2.jar:na]
	at com.mongodb.internal.connection.InternalStreamConnection.receiveCommandMessageResponse(InternalStreamConnection.java:517) ~[mongodb-driver-core-5.5.2.jar:na]
	at com.mongodb.internal.connection.InternalStreamConnection.receive(InternalStreamConnection.java:469) ~[mongodb-driver-core-5.5.2.jar:na]
	at com.mongodb.internal.connection.DefaultServerMonitor$ServerMonitor.lookupServerDescription(DefaultServerMonitor.java:249) ~[mongodb-driver-core-5.5.2.jar:na]
	at com.mongodb.internal.connection.DefaultServerMonitor$ServerMonitor.run(DefaultServerMonitor.java:176) ~[mongodb-driver-core-5.5.2.jar:na]
Caused by: java.net.SocketTimeoutException: Read timed out
	at java.base/sun.nio.ch.NioSocketImpl.timedRead(NioSocketImpl.java:278) ~[na:na]
	at java.base/sun.nio.ch.NioSocketImpl.implRead(NioSocketImpl.java:304) ~[na:na]
	at java.base/sun.nio.ch.NioSocketImpl.read(NioSocketImpl.java:346) ~[na:na]
	at java.base/sun.nio.ch.NioSocketImpl$1.read(NioSocketImpl.java:796) ~[na:na]
	at java.base/java.net.Socket$SocketInputStream.read(Socket.java:1099) ~[na:na]
	at com.mongodb.internal.connection.SocketStream.read(SocketStream.java:182) ~[mongodb-driver-core-5.5.2.jar:na]
	at com.mongodb.internal.connection.InternalStreamConnection.receiveResponseBuffers(InternalStreamConnection.java:824) ~[mongodb-driver-core-5.5.2.jar:na]
	... 4 common frames omitted

2026-09-30T12:47:55.256+02:00  INFO 97258 --- [agilityhub-core-api] [localhost:56333] org.mongodb.driver.cluster               : Monitor thread successfully connected to server with description ServerDescription{address=localhost:56333, type=REPLICA_SET_PRIMARY, cryptd=false, state=CONNECTED, ok=true, minWireVersion=0, maxWireVersion=21, maxDocumentSize=16777216, logicalSessionTimeoutMinutes=30, roundTripTimeNanos=3035890125, minRoundTripTimeNanos=0, setName='docker-rs', canonicalAddress=43c18ca87e5d:27017, hosts=[43c18ca87e5d:27017], passives=[], arbiters=[], primary='43c18ca87e5d:27017', tagSet=TagSet{[]}, electionId=7fffffff0000000000000001, setVersion=1, topologyVersion=TopologyVersion{processId=6abce8c09d19387a501b3dc5, counter=6}, lastWriteDate=Wed Sep 30 12:47:55 CEST 2026, lastUpdateTimeNanos=371892596878708}
2026-09-30T12:47:55.539+02:00  INFO 97258 --- [agilityhub-core-api] [localhost:56333] org.mongodb.driver.cluster               : Exception in monitor thread while connecting to server localhost:56333

com.mongodb.MongoSocketReadException: Prematurely reached end of stream
	at com.mongodb.internal.connection.SocketStream.read(SocketStream.java:184) ~[mongodb-driver-core-5.5.2.jar:na]
	at com.mongodb.internal.connection.InternalStreamConnection.receiveResponseBuffers(InternalStreamConnection.java:824) ~[mongodb-driver-core-5.5.2.jar:na]
	at com.mongodb.internal.connection.InternalStreamConnection.receiveCommandMessageResponse(InternalStreamConnection.java:517) ~[mongodb-driver-core-5.5.2.jar:na]
	at com.mongodb.internal.connection.InternalStreamConnection.receive(InternalStreamConnection.java:469) ~[mongodb-driver-core-5.5.2.jar:na]
	at com.mongodb.internal.connection.DefaultServerMonitor$ServerMonitor.lookupServerDescription(DefaultServerMonitor.java:249) ~[mongodb-driver-core-5.5.2.jar:na]
	at com.mongodb.internal.connection.DefaultServerMonitor$ServerMonitor.run(DefaultServerMonitor.java:176) ~[mongodb-driver-core-5.5.2.jar:na]

2026-09-30T12:47:55.540+02:00  INFO 97258 --- [agilityhub-core-api] [localhost:56333] org.mongodb.driver.cluster               : Exception in monitor thread while connecting to server localhost:56333

com.mongodb.MongoSocketReadException: Exception receiving message
	at com.mongodb.internal.connection.InternalStreamConnection.translateReadException(InternalStreamConnection.java:809) ~[mongodb-driver-core-5.5.2.jar:na]
	at com.mongodb.internal.connection.InternalStreamConnection.receiveResponseBuffers(InternalStreamConnection.java:857) ~[mongodb-driver-core-5.5.2.jar:na]
	at com.mongodb.internal.connection.InternalStreamConnection.receiveCommandMessageResponse(InternalStreamConnection.java:517) ~[mongodb-driver-core-5.5.2.jar:na]
	at com.mongodb.internal.connection.InternalStreamConnection.sendAndReceiveInternal(InternalStreamConnection.java:448) ~[mongodb-driver-core-5.5.2.jar:na]
	at com.mongodb.internal.connection.InternalStreamConnection.lambda$sendAndReceive$0(InternalStreamConnection.java:375) ~[mongodb-driver-core-5.5.2.jar:na]
	at com.mongodb.internal.connection.InternalStreamConnection.sendAndReceive(InternalStreamConnection.java:378) ~[mongodb-driver-core-5.5.2.jar:na]
	at com.mongodb.internal.connection.CommandHelper.sendAndReceive(CommandHelper.java:100) ~[mongodb-driver-core-5.5.2.jar:na]
	at com.mongodb.internal.connection.CommandHelper.executeCommand(CommandHelper.java:49) ~[mongodb-driver-core-5.5.2.jar:na]
	at com.mongodb.internal.connection.InternalStreamConnectionInitializer.initializeConnectionDescription(InternalStreamConnectionInitializer.java:144) ~[mongodb-driver-core-5.5.2.jar:na]
	at com.mongodb.internal.connection.InternalStreamConnectionInitializer.startHandshake(InternalStreamConnectionInitializer.java:79) ~[mongodb-driver-core-5.5.2.jar:na]
	at com.mongodb.internal.connection.InternalStreamConnection.open(InternalStreamConnection.java:235) ~[mongodb-driver-core-5.5.2.jar:na]
	at com.mongodb.internal.connection.DefaultServerMonitor$ServerMonitor.lookupServerDescription(DefaultServerMonitor.java:219) ~[mongodb-driver-core-5.5.2.jar:na]
	at com.mongodb.internal.connection.DefaultServerMonitor$ServerMonitor.run(DefaultServerMonitor.java:176) ~[mongodb-driver-core-5.5.2.jar:na]
Caused by: java.net.SocketException: Connection reset
	at java.base/sun.nio.ch.NioSocketImpl.implRead(NioSocketImpl.java:318) ~[na:na]
	at java.base/sun.nio.ch.NioSocketImpl.read(NioSocketImpl.java:346) ~[na:na]
	at java.base/sun.nio.ch.NioSocketImpl$1.read(NioSocketImpl.java:796) ~[na:na]
	at java.base/java.net.Socket$SocketInputStream.read(Socket.java:1099) ~[na:na]
	at com.mongodb.internal.connection.SocketStream.read(SocketStream.java:182) ~[mongodb-driver-core-5.5.2.jar:na]
	at com.mongodb.internal.connection.InternalStreamConnection.receiveResponseBuffers(InternalStreamConnection.java:824) ~[mongodb-driver-core-5.5.2.jar:na]
	... 11 common frames omitted

[ERROR] Tests run: 4, Failures: 2, Errors: 0, Skipped: 0, Time elapsed: 28.69 s <<< FAILURE! -- in com.agilityhub.core.shared.api.HealthIndependenceIT
[ERROR] com.agilityhub.core.shared.api.HealthIndependenceIT.E5_T27_aRealBearerGets503DownWithinItsBoundWhileTheDatabaseDoesNotAnswer -- Time elapsed: 15.12 s <<< FAILURE!
org.assertj.core.error.AssertJMultipleFailuresError: 

Multiple Failures (3 failures)
-- failure 1 --member bearer: no answer within 5 s, blocked on the paused database
at HealthIndependenceIT.E5_T27_aRealBearerGets503DownWithinItsBoundWhileTheDatabaseDoesNotAnswer(HealthIndependenceIT.java:186)
-- failure 2 --impersonation bearer: no answer within 5 s, blocked on the paused database
at HealthIndependenceIT.E5_T27_aRealBearerGets503DownWithinItsBoundWhileTheDatabaseDoesNotAnswer(HealthIndependenceIT.java:186)
-- failure 3 --encoded route, member bearer and club Origin: no answer within 5 s, blocked on the paused database
at HealthIndependenceIT.E5_T27_aRealBearerGets503DownWithinItsBoundWhileTheDatabaseDoesNotAnswer(HealthIndependenceIT.java:186)
	at com.agilityhub.core.shared.api.HealthIndependenceIT.E5_T27_aRealBearerGets503DownWithinItsBoundWhileTheDatabaseDoesNotAnswer(HealthIndependenceIT.java:199)
	at java.base/java.lang.reflect.Method.invoke(Method.java:580)
	at java.base/java.util.ArrayList.forEach(ArrayList.java:1596)
	at java.base/java.util.ArrayList.forEach(ArrayList.java:1596)

[ERROR] com.agilityhub.core.shared.api.HealthIndependenceIT.E5_T27_theHealthNeverReadsABearerAndAnotherRouteStillDoes -- Time elapsed: 0.219 s <<< FAILURE!
org.assertj.core.error.AssertJMultipleFailuresError: 

Multiple Failures (8 failures)
-- failure 1 --
[impersonation bearer on /api/v1/health] 
Expecting actual:
  "403 {"code":"FORBIDDEN","message":"No tens permís per fer aquesta acció.","details":{},"traceId":"7d4a2a07-4890-4b47-8e27-1b5cb99941bd"}"
to start with:
  "200 "
at HealthIndependenceIT.E5_T27_theHealthNeverReadsABearerAndAnotherRouteStillDoes(HealthIndependenceIT.java:221)
-- failure 2 --
[impersonation bearer on /api/v1/health] 
Expecting actual:
  "403 {"code":"FORBIDDEN","message":"No tens permís per fer aquesta acció.","details":{},"traceId":"7d4a2a07-4890-4b47-8e27-1b5cb99941bd"}"
to contain:
  ""status":"UP"" 
at HealthIndependenceIT.E5_T27_theHealthNeverReadsABearerAndAnotherRouteStillDoes(HealthIndependenceIT.java:221)
-- failure 3 --
[impersonation bearer on /api/v1/%68ealth] 
Expecting actual:
  "401 {"code":"UNAUTHENTICATED","message":"Cal iniciar sessió.","details":{},"traceId":"5dce9450-6592-4e86-a85e-180f1f6597af"}"
to start with:
  "200 "
at HealthIndependenceIT.E5_T27_theHealthNeverReadsABearerAndAnotherRouteStillDoes(HealthIndependenceIT.java:221)
-- failure 4 --
[impersonation bearer on /api/v1/%68ealth] 
Expecting actual:
  "401 {"code":"UNAUTHENTICATED","message":"Cal iniciar sessió.","details":{},"traceId":"5dce9450-6592-4e86-a85e-180f1f6597af"}"
to contain:
  ""status":"UP"" 
at HealthIndependenceIT.E5_T27_theHealthNeverReadsABearerAndAnotherRouteStillDoes(HealthIndependenceIT.java:221)
-- failure 5 --
[malformed bearer on /api/v1/health] 
Expecting actual:
  "401 {"code":"UNAUTHENTICATED","message":"Cal iniciar sessió.","details":{},"traceId":"1cf10ffc-80f2-4331-a03c-283d19256d02"}"
to start with:
  "200 "
at HealthIndependenceIT.E5_T27_theHealthNeverReadsABearerAndAnotherRouteStillDoes(HealthIndependenceIT.java:221)
-- failure 6 --
[malformed bearer on /api/v1/health] 
Expecting actual:
  "401 {"code":"UNAUTHENTICATED","message":"Cal iniciar sessió.","details":{},"traceId":"1cf10ffc-80f2-4331-a03c-283d19256d02"}"
to contain:
  ""status":"UP"" 
at HealthIndependenceIT.E5_T27_theHealthNeverReadsABearerAndAnotherRouteStillDoes(HealthIndependenceIT.java:221)
-- failure 7 --
[malformed bearer on /api/v1/%68ealth] 
Expecting actual:
  "401 {"code":"UNAUTHENTICATED","message":"Cal iniciar sessió.","details":{},"traceId":"e0c40589-73ed-4971-b57e-72ea491d1d09"}"
to start with:
  "200 "
at HealthIndependenceIT.E5_T27_theHealthNeverReadsABearerAndAnotherRouteStillDoes(HealthIndependenceIT.java:221)
-- failure 8 --
[malformed bearer on /api/v1/%68ealth] 
Expecting actual:
  "401 {"code":"UNAUTHENTICATED","message":"Cal iniciar sessió.","details":{},"traceId":"e0c40589-73ed-4971-b57e-72ea491d1d09"}"
to contain:
  ""status":"UP"" 
at HealthIndependenceIT.E5_T27_theHealthNeverReadsABearerAndAnotherRouteStillDoes(HealthIndependenceIT.java:221)
	at com.agilityhub.core.shared.api.HealthIndependenceIT.E5_T27_theHealthNeverReadsABearerAndAnotherRouteStillDoes(HealthIndependenceIT.java:224)
	at java.base/java.lang.reflect.Method.invoke(Method.java:580)
	at java.base/java.util.ArrayList.forEach(ArrayList.java:1596)
	at java.base/java.util.ArrayList.forEach(ArrayList.java:1596)

[ERROR] Failures: 
[ERROR]   HealthIndependenceIT.E5_T27_aRealBearerGets503DownWithinItsBoundWhileTheDatabaseDoesNotAnswer:199 
Multiple Failures (3 failures)
-- failure 1 --member bearer: no answer within 5 s, blocked on the paused database
at HealthIndependenceIT.E5_T27_aRealBearerGets503DownWithinItsBoundWhileTheDatabaseDoesNotAnswer(HealthIndependenceIT.java:186)
-- failure 2 --impersonation bearer: no answer within 5 s, blocked on the paused database
at HealthIndependenceIT.E5_T27_aRealBearerGets503DownWithinItsBoundWhileTheDatabaseDoesNotAnswer(HealthIndependenceIT.java:186)
-- failure 3 --encoded route, member bearer and club Origin: no answer within 5 s, blocked on the paused database
at HealthIndependenceIT.E5_T27_aRealBearerGets503DownWithinItsBoundWhileTheDatabaseDoesNotAnswer(HealthIndependenceIT.java:186)
[ERROR]   HealthIndependenceIT.E5_T27_theHealthNeverReadsABearerAndAnotherRouteStillDoes:224 
Multiple Failures (8 failures)
-- failure 1 --
[impersonation bearer on /api/v1/health] 
Expecting actual:
  "403 {"code":"FORBIDDEN","message":"No tens permís per fer aquesta acció.","details":{},"traceId":"7d4a2a07-4890-4b47-8e27-1b5cb99941bd"}"
to start with:
  "200 "
at HealthIndependenceIT.E5_T27_theHealthNeverReadsABearerAndAnotherRouteStillDoes(HealthIndependenceIT.java:221)
-- failure 2 --
[impersonation bearer on /api/v1/health] 
Expecting actual:
  "403 {"code":"FORBIDDEN","message":"No tens permís per fer aquesta acció.","details":{},"traceId":"7d4a2a07-4890-4b47-8e27-1b5cb99941bd"}"
to contain:
  ""status":"UP"" 
at HealthIndependenceIT.E5_T27_theHealthNeverReadsABearerAndAnotherRouteStillDoes(HealthIndependenceIT.java:221)
-- failure 3 --
[impersonation bearer on /api/v1/%68ealth] 
Expecting actual:
  "401 {"code":"UNAUTHENTICATED","message":"Cal iniciar sessió.","details":{},"traceId":"5dce9450-6592-4e86-a85e-180f1f6597af"}"
to start with:
  "200 "
at HealthIndependenceIT.E5_T27_theHealthNeverReadsABearerAndAnotherRouteStillDoes(HealthIndependenceIT.java:221)
-- failure 4 --
[impersonation bearer on /api/v1/%68ealth] 
Expecting actual:
  "401 {"code":"UNAUTHENTICATED","message":"Cal iniciar sessió.","details":{},"traceId":"5dce9450-6592-4e86-a85e-180f1f6597af"}"
to contain:
  ""status":"UP"" 
at HealthIndependenceIT.E5_T27_theHealthNeverReadsABearerAndAnotherRouteStillDoes(HealthIndependenceIT.java:221)
-- failure 5 --
[malformed bearer on /api/v1/health] 
Expecting actual:
  "401 {"code":"UNAUTHENTICATED","message":"Cal iniciar sessió.","details":{},"traceId":"1cf10ffc-80f2-4331-a03c-283d19256d02"}"
to start with:
  "200 "
at HealthIndependenceIT.E5_T27_theHealthNeverReadsABearerAndAnotherRouteStillDoes(HealthIndependenceIT.java:221)
-- failure 6 --
[malformed bearer on /api/v1/health] 
Expecting actual:
  "401 {"code":"UNAUTHENTICATED","message":"Cal iniciar sessió.","details":{},"traceId":"1cf10ffc-80f2-4331-a03c-283d19256d02"}"
to contain:
  ""status":"UP"" 
at HealthIndependenceIT.E5_T27_theHealthNeverReadsABearerAndAnotherRouteStillDoes(HealthIndependenceIT.java:221)
-- failure 7 --
[malformed bearer on /api/v1/%68ealth] 
Expecting actual:
  "401 {"code":"UNAUTHENTICATED","message":"Cal iniciar sessió.","details":{},"traceId":"e0c40589-73ed-4971-b57e-72ea491d1d09"}"
to start with:
  "200 "
at HealthIndependenceIT.E5_T27_theHealthNeverReadsABearerAndAnotherRouteStillDoes(HealthIndependenceIT.java:221)
-- failure 8 --
[malformed bearer on /api/v1/%68ealth] 
Expecting actual:
  "401 {"code":"UNAUTHENTICATED","message":"Cal iniciar sessió.","details":{},"traceId":"e0c40589-73ed-4971-b57e-72ea491d1d09"}"
to contain:
  ""status":"UP"" 
at HealthIndependenceIT.E5_T27_theHealthNeverReadsABearerAndAnotherRouteStillDoes(HealthIndependenceIT.java:221)
[ERROR] Tests run: 4, Failures: 2, Errors: 0, Skipped: 0
[ERROR] Failed to execute goal org.apache.maven.plugins:maven-failsafe-plugin:3.5.6:verify (default) on project agilityhub-core-api: There are test failures.
[ERROR] 
[ERROR] See /Users/jordib/dev/agilityhub/agilityhub-core-api/target/failsafe-reports for the individual test results.
[ERROR] See dump files (if any exist) [date].dump, [date]-jvmRun[N].dump and [date].dumpstream.
[ERROR] -> [Help 1]
[ERROR] 
[ERROR] To see the full stack trace of the errors, re-run Maven with the -e switch.
[ERROR] Re-run Maven using the -X switch to enable full debug logging.
[ERROR] 
[ERROR] For more information about the errors and possible solutions, please read the following articles:
[ERROR] [Help 1] http://cwiki.apache.org/confluence/display/MAVEN/MojoFailureException
