13:19:38.475 [main] INFO org.springframework.test.context.support.AnnotationConfigContextLoaderUtils -- Could not detect default configuration classes for test class [com.agilityhub.core.shared.api.HealthIndependenceIT]: HealthIndependenceIT does not declare any static, non-private, non-final, nested classes annotated with @Configuration.
13:19:38.596 [main] INFO org.springframework.boot.test.context.SpringBootTestContextBootstrapper -- Found @SpringBootConfiguration com.agilityhub.core.CoreApplication for test class com.agilityhub.core.shared.api.HealthIndependenceIT
13:19:38.646 [main] INFO org.testcontainers.images.PullPolicy -- Image pull policy will be performed by: DefaultPullPolicy()
13:19:38.647 [main] INFO org.testcontainers.utility.ImageNameSubstitutor -- Image name substitution will be performed by: DefaultImageNameSubstitutor (composite of 'ConfigurationFileImageNameSubstitutor' and 'PrefixingImageNameSubstitutor')
13:19:38.659 [main] INFO org.testcontainers.DockerClientFactory -- Testcontainers version: 1.21.4
13:19:38.752 [main] INFO org.testcontainers.dockerclient.DockerClientProviderStrategy -- Loaded org.testcontainers.dockerclient.UnixSocketClientProviderStrategy from ~/.testcontainers.properties, will try it first
13:19:38.893 [main] INFO org.testcontainers.dockerclient.DockerClientProviderStrategy -- Found Docker environment with local Unix socket (unix:///var/run/docker.sock)
13:19:38.893 [main] INFO org.testcontainers.DockerClientFactory -- Docker host IP address is localhost
13:19:38.904 [main] INFO org.testcontainers.DockerClientFactory -- Connected to docker: 
  Server Version: 29.7.2
  API Version: 1.55
  Operating System: Docker Desktop
  Total Memory: 7931 MB
  Labels: 
    com.docker.desktop.address=unix:///Users/jordib/Library/Containers/com.docker.docker/Data/docker-cli.sock
13:19:39.185 [main] INFO tc.testcontainers/ryuk:0.12.0 -- Creating container for image: testcontainers/ryuk:0.12.0
13:19:39.286 [main] INFO org.testcontainers.utility.RegistryAuthLocator -- Credential helper/store (docker-credential-desktop) does not have credentials for https://index.docker.io/v1/
13:19:39.570 [main] INFO tc.testcontainers/ryuk:0.12.0 -- Container testcontainers/ryuk:0.12.0 is starting: 3ec0b08998925e5ba53ca0693fc88c98267422136c499d6b13206d98dcf1543c
13:19:39.828 [main] INFO tc.testcontainers/ryuk:0.12.0 -- Container testcontainers/ryuk:0.12.0 started in PT0.642821S
13:19:39.832 [main] INFO org.testcontainers.utility.RyukResourceReaper -- Ryuk started - will monitor and terminate Testcontainers containers on JVM exit
13:19:39.832 [main] INFO org.testcontainers.DockerClientFactory -- Checking the system...
13:19:39.833 [main] INFO org.testcontainers.DockerClientFactory -- ✔︎ Docker server version should be at least 1.6.0
13:19:39.833 [main] INFO tc.mongo:7 -- Creating container for image: mongo:7
13:19:39.883 [main] INFO tc.mongo:7 -- Container mongo:7 is starting: 555d7c154faa09dcc9ac281813873b90a3d35d4c2a273cbc97f9c34ff47e0fd1
13:19:40.372 [main] INFO tc.mongo:7 -- Container mongo:7 started in PT0.538985S

  .   ____          _            __ _ _
 /\\ / ___'_ __ _ _(_)_ __  __ _ \ \ \ \
( ( )\___ | '_ | '_| | '_ \/ _` | \ \ \ \
 \\/  ___)| |_)| | | | | || (_| |  ) ) ) )
  '  |____| .__|_| |_|_| |_\__, | / / / /
 =========|_|==============|___/=/_/_/_/

 :: Spring Boot ::               (v3.5.16)

2026-09-30T13:19:41.091+02:00  INFO 7028 --- [agilityhub-core-api] [           main] c.a.c.shared.api.HealthIndependenceIT    : Starting HealthIndependenceIT using Java 21.0.12.1 with PID 7028 (started by jordib in /Users/jordib/dev/agilityhub/agilityhub-core-api)
2026-09-30T13:19:41.092+02:00  INFO 7028 --- [agilityhub-core-api] [           main] c.a.c.shared.api.HealthIndependenceIT    : The following 1 profile is active: "test"
2026-09-30T13:19:42.009+02:00  INFO 7028 --- [agilityhub-core-api] [           main] .s.d.r.c.RepositoryConfigurationDelegate : Bootstrapping Spring Data MongoDB repositories in DEFAULT mode.
2026-09-30T13:19:42.068+02:00  INFO 7028 --- [agilityhub-core-api] [           main] .s.d.r.c.RepositoryConfigurationDelegate : Finished Spring Data repository scanning in 54 ms. Found 0 MongoDB repository interfaces.
2026-09-30T13:19:42.475+02:00  INFO 7028 --- [agilityhub-core-api] [           main] o.s.b.w.embedded.tomcat.TomcatWebServer  : Tomcat initialized with port 0 (http)
2026-09-30T13:19:42.483+02:00  INFO 7028 --- [agilityhub-core-api] [           main] o.apache.catalina.core.StandardService   : Starting service [Tomcat]
2026-09-30T13:19:42.484+02:00  INFO 7028 --- [agilityhub-core-api] [           main] o.apache.catalina.core.StandardEngine    : Starting Servlet engine: [Apache Tomcat/10.1.55]
2026-09-30T13:19:42.512+02:00  INFO 7028 --- [agilityhub-core-api] [           main] o.a.c.c.C.[Tomcat].[localhost].[/]       : Initializing Spring embedded WebApplicationContext
2026-09-30T13:19:42.512+02:00  INFO 7028 --- [agilityhub-core-api] [           main] w.s.c.ServletWebServerApplicationContext : Root WebApplicationContext: initialization completed in 1414 ms
2026-09-30T13:19:42.630+02:00  INFO 7028 --- [agilityhub-core-api] [           main] org.mongodb.driver.client                : MongoClient with metadata {"driver": {"name": "mongo-java-driver|sync|spring-boot", "version": "5.5.2"}, "os": {"type": "Darwin", "name": "Mac OS X", "architecture": "aarch64", "version": "26.4.1"}, "platform": "Java/Homebrew/21.0.12.1"} created with settings MongoClientSettings{readPreference=primary, writeConcern=WriteConcern{w=null, wTimeout=null ms, journal=null}, retryWrites=true, retryReads=true, readConcern=ReadConcern{level=null}, credential=null, transportSettings=null, commandListeners=[io.micrometer.core.instrument.binder.mongodb.MongoMetricsCommandListener@4402ed61], codecRegistry=ProvidersCodecRegistry{codecProviders=[ValueCodecProvider{}, BsonValueCodecProvider{}, DBRefCodecProvider{}, DBObjectCodecProvider{}, DocumentCodecProvider{}, CollectionCodecProvider{}, IterableCodecProvider{}, MapCodecProvider{}, GeoJsonCodecProvider{}, GridFSFileCodecProvider{}, Jsr310CodecProvider{}, JsonObjectCodecProvider{}, BsonCodecProvider{}, EnumCodecProvider{}, com.mongodb.client.model.mql.ExpressionCodecProvider@6fc1a1d5, com.mongodb.Jep395RecordCodecProvider@4f8641d1, com.mongodb.KotlinCodecProvider@6d6ddeb5]}, loggerSettings=LoggerSettings{maxDocumentLength=1000}, clusterSettings={hosts=[localhost:60648], srvServiceName=mongodb, mode=SINGLE, requiredClusterType=UNKNOWN, requiredReplicaSetName='null', serverSelector='null', clusterListeners='[]', serverSelectionTimeout='30000 ms', localThreshold='15 ms'}, socketSettings=SocketSettings{connectTimeoutMS=10000, readTimeoutMS=0, receiveBufferSize=0, proxySettings=ProxySettings{host=null, port=null, username=null, password=null}}, heartbeatSocketSettings=SocketSettings{connectTimeoutMS=10000, readTimeoutMS=10000, receiveBufferSize=0, proxySettings=ProxySettings{host=null, port=null, username=null, password=null}}, connectionPoolSettings=ConnectionPoolSettings{maxSize=100, minSize=0, maxWaitTimeMS=120000, maxConnectionLifeTimeMS=0, maxConnectionIdleTimeMS=0, maintenanceInitialDelayMS=0, maintenanceFrequencyMS=60000, connectionPoolListeners=[io.micrometer.core.instrument.binder.mongodb.MongoMetricsConnectionPoolListener@3e574f9c], maxConnecting=2}, serverSettings=ServerSettings{heartbeatFrequencyMS=10000, minHeartbeatFrequencyMS=500, serverMonitoringMode=AUTO, serverListeners='[]', serverMonitorListeners='[]'}, sslSettings=SslSettings{enabled=false, invalidHostNameAllowed=false, context=null}, applicationName='null', compressorList=[], uuidRepresentation=JAVA_LEGACY, serverApi=null, autoEncryptionSettings=null, dnsClient=null, inetAddressResolver=null, contextProvider=null, timeoutMS=null}
2026-09-30T13:19:42.636+02:00  INFO 7028 --- [agilityhub-core-api] [localhost:60648] org.mongodb.driver.cluster               : Monitor thread successfully connected to server with description ServerDescription{address=localhost:60648, type=REPLICA_SET_PRIMARY, cryptd=false, state=CONNECTED, ok=true, minWireVersion=0, maxWireVersion=21, maxDocumentSize=16777216, logicalSessionTimeoutMinutes=30, roundTripTimeNanos=10147667, minRoundTripTimeNanos=0, setName='docker-rs', canonicalAddress=555d7c154faa:27017, hosts=[555d7c154faa:27017], passives=[], arbiters=[], primary='555d7c154faa:27017', tagSet=TagSet{[]}, electionId=7fffffff0000000000000001, setVersion=1, topologyVersion=TopologyVersion{processId=6abcf04c3dbdd293f3be6774, counter=6}, lastWriteDate=Wed Sep 30 13:19:40 CEST 2026, lastUpdateTimeNanos=373799955369208}
Mockito is currently self-attaching to enable the inline-mock-maker. This will no longer work in future releases of the JDK. Please add Mockito as an agent to your build as described in Mockito's documentation: https://javadoc.io/doc/org.mockito/mockito-core/latest/org.mockito/org/mockito/Mockito.html#0.3
OpenJDK 64-Bit Server VM warning: Sharing is only supported for boot loader classes because bootstrap classpath has been appended
WARNING: A Java agent has been loaded dynamically (/Users/jordib/.m2/repository/net/bytebuddy/byte-buddy-agent/1.17.8/byte-buddy-agent-1.17.8.jar)
WARNING: If a serviceability tool is in use, please run with -XX:+EnableDynamicAgentLoading to hide this warning
WARNING: If a serviceability tool is not in use, please run with -Djdk.instrument.traceUsage for more information
WARNING: Dynamic loading of agents will be disallowed by default in a future release
2026-09-30T13:19:43.954+02:00  INFO 7028 --- [agilityhub-core-api] [           main] o.s.boot.web.servlet.RegistrationBean    : Filter rateLimitFilter was not registered (disabled)
2026-09-30T13:19:49.399+02:00  INFO 7028 --- [agilityhub-core-api] [           main] o.a.c.c.C.[Tomcat].[localhost].[/]       : Initializing Spring TestDispatcherServlet ''
2026-09-30T13:19:49.400+02:00  INFO 7028 --- [agilityhub-core-api] [           main] o.s.t.web.servlet.TestDispatcherServlet  : Initializing Servlet ''
2026-09-30T13:19:49.400+02:00  INFO 7028 --- [agilityhub-core-api] [           main] o.s.t.web.servlet.TestDispatcherServlet  : Completed initialization in 0 ms
2026-09-30T13:19:49.498+02:00  INFO 7028 --- [agilityhub-core-api] [           main] o.s.b.w.embedded.tomcat.TomcatWebServer  : Tomcat started on port 60661 (http) with context path '/'
2026-09-30T13:19:49.641+02:00  INFO 7028 --- [agilityhub-core-api] [           main] o.s.b.w.embedded.tomcat.TomcatWebServer  : Tomcat initialized with port 0 (http)
2026-09-30T13:19:49.642+02:00  INFO 7028 --- [agilityhub-core-api] [           main] o.apache.catalina.core.StandardService   : Starting service [Tomcat]
2026-09-30T13:19:49.642+02:00  INFO 7028 --- [agilityhub-core-api] [           main] o.apache.catalina.core.StandardEngine    : Starting Servlet engine: [Apache Tomcat/10.1.55]
2026-09-30T13:19:49.673+02:00  INFO 7028 --- [agilityhub-core-api] [           main] o.a.c.c.C.[Tomcat-1].[localhost].[/]     : Initializing Spring embedded WebApplicationContext
2026-09-30T13:19:49.674+02:00  INFO 7028 --- [agilityhub-core-api] [           main] w.s.c.ServletWebServerApplicationContext : Root WebApplicationContext: initialization completed in 173 ms
2026-09-30T13:19:49.689+02:00  INFO 7028 --- [agilityhub-core-api] [           main] o.s.b.a.e.web.EndpointLinksResolver      : Exposing 2 endpoints beneath base path '/actuator'
2026-09-30T13:19:49.725+02:00  INFO 7028 --- [agilityhub-core-api] [           main] o.s.b.w.embedded.tomcat.TomcatWebServer  : Tomcat started on port 60662 (http) with context path '/'
2026-09-30T13:19:49.744+02:00  INFO 7028 --- [agilityhub-core-api] [           main] c.a.c.shared.api.HealthIndependenceIT    : Started HealthIndependenceIT in 8.797 seconds (process running for 11.65)
2026-09-30T13:19:51.604+02:00  WARN 7028 --- [agilityhub-core-api] [           main] c.a.core.shared.api.ApiExceptionHandler  : Framework request rejected status=405 code=METHOD_NOT_ALLOWED traceId=0a957195-bcda-46b7-b38d-9522cab357bc
2026-09-30T13:19:51.727+02:00  INFO 7028 --- [agilityhub-core-api] [omcat-handler-0] o.a.c.c.C.[Tomcat-1].[localhost].[/]     : Initializing Spring DispatcherServlet 'dispatcherServletRegistration'
2026-09-30T13:19:51.727+02:00  INFO 7028 --- [agilityhub-core-api] [omcat-handler-0] o.s.web.servlet.DispatcherServlet        : Initializing Servlet 'dispatcherServletRegistration'
2026-09-30T13:19:51.727+02:00  INFO 7028 --- [agilityhub-core-api] [omcat-handler-0] o.s.web.servlet.DispatcherServlet        : Completed initialization in 0 ms
2026-09-30T13:19:53.105+02:00  WARN 7028 --- [agilityhub-core-api] [           main] c.a.core.shared.api.HealthController     : Health DOWN: the database did not answer a ping within 1000 ms traceId=34a45dc5-4a69-4cbd-8351-fabf67c2741f
2026-09-30T13:19:54.120+02:00  WARN 7028 --- [agilityhub-core-api] [pool-3-thread-1] c.a.core.shared.api.HealthController     : Health DOWN: the database did not answer a ping within 1000 ms traceId=6a70ba7b-8ceb-437a-8049-7ca44eb9501a
2026-09-30T13:19:54.123+02:00  WARN 7028 --- [agilityhub-core-api] [pool-4-thread-1] c.a.core.shared.api.HealthController     : Health DOWN: the database did not answer a ping within 1000 ms traceId=d6b718ee-3674-4dc6-a698-330703ecf006
2026-09-30T13:19:55.451+02:00  WARN 7028 --- [agilityhub-core-api] [pool-5-thread-1] c.a.core.shared.api.HealthController     : Health DOWN: the database did not answer a ping within 1000 ms traceId=e2696109-8533-464a-8e80-3a84e2a119be
2026-09-30T13:19:56.896+02:00  WARN 7028 --- [agilityhub-core-api] [pool-6-thread-1] c.a.core.shared.api.HealthController     : Health DOWN: the database did not answer a ping within 1000 ms traceId=710fd177-f7fc-4ce9-b45a-46d6afc503e6
2026-09-30T13:20:02.643+02:00  INFO 7028 --- [agilityhub-core-api] [localhost:60648] org.mongodb.driver.cluster               : Exception in monitor thread while connecting to server localhost:60648

com.mongodb.MongoSocketReadTimeoutException: Timeout while receiving message
	at com.mongodb.internal.connection.InternalStreamConnection.createReadTimeoutException(InternalStreamConnection.java:819) ~[mongodb-driver-core-5.5.2.jar:na]
	at com.mongodb.internal.connection.InternalStreamConnection.translateReadException(InternalStreamConnection.java:807) ~[mongodb-driver-core-5.5.2.jar:na]
	at com.mongodb.internal.connection.InternalStreamConnection.receiveResponseBuffers(InternalStreamConnection.java:857) ~[mongodb-driver-core-5.5.2.jar:na]
	at com.mongodb.internal.connection.InternalStreamConnection.receiveCommandMessageResponse(InternalStreamConnection.java:517) ~[mongodb-driver-core-5.5.2.jar:na]
	at com.mongodb.internal.connection.InternalStreamConnection.receive(InternalStreamConnection.java:469) ~[mongodb-driver-core-5.5.2.jar:na]
	at com.mongodb.internal.connection.DefaultServerMonitor$ServerMonitor.lookupServerDescription(DefaultServerMonitor.java:249) ~[mongodb-driver-core-5.5.2.jar:na]
	at com.mongodb.internal.connection.DefaultServerMonitor$ServerMonitor.run(DefaultServerMonitor.java:176) ~[mongodb-driver-core-5.5.2.jar:na]
Caused by: java.net.SocketTimeoutException: Read timed out
	at java.base/sun.nio.ch.NioSocketImpl.timedRead(NioSocketImpl.java:278) ~[na:na]
	at java.base/sun.nio.ch.NioSocketImpl.implRead(NioSocketImpl.java:304) ~[na:na]
	at java.base/sun.nio.ch.NioSocketImpl.read(NioSocketImpl.java:346) ~[na:na]
	at java.base/sun.nio.ch.NioSocketImpl$1.read(NioSocketImpl.java:796) ~[na:na]
	at java.base/java.net.Socket$SocketInputStream.read(Socket.java:1099) ~[na:na]
	at com.mongodb.internal.connection.SocketStream.read(SocketStream.java:182) ~[mongodb-driver-core-5.5.2.jar:na]
	at com.mongodb.internal.connection.InternalStreamConnection.receiveResponseBuffers(InternalStreamConnection.java:824) ~[mongodb-driver-core-5.5.2.jar:na]
	... 4 common frames omitted

2026-09-30T13:20:07.186+02:00  INFO 7028 --- [agilityhub-core-api] [localhost:60648] org.mongodb.driver.cluster               : Monitor thread successfully connected to server with description ServerDescription{address=localhost:60648, type=REPLICA_SET_PRIMARY, cryptd=false, state=CONNECTED, ok=true, minWireVersion=0, maxWireVersion=21, maxDocumentSize=16777216, logicalSessionTimeoutMinutes=30, roundTripTimeNanos=4539545750, minRoundTripTimeNanos=0, setName='docker-rs', canonicalAddress=555d7c154faa:27017, hosts=[555d7c154faa:27017], passives=[], arbiters=[], primary='555d7c154faa:27017', tagSet=TagSet{[]}, electionId=7fffffff0000000000000001, setVersion=1, topologyVersion=TopologyVersion{processId=6abcf04c3dbdd293f3be6774, counter=6}, lastWriteDate=Wed Sep 30 13:19:51 CEST 2026, lastUpdateTimeNanos=373824506497083}
2026-09-30T13:20:07.348+02:00  INFO 7028 --- [agilityhub-core-api] [localhost:60648] org.mongodb.driver.cluster               : Exception in monitor thread while connecting to server localhost:60648

com.mongodb.MongoSocketReadException: Prematurely reached end of stream
	at com.mongodb.internal.connection.SocketStream.read(SocketStream.java:184) ~[mongodb-driver-core-5.5.2.jar:na]
	at com.mongodb.internal.connection.InternalStreamConnection.receiveResponseBuffers(InternalStreamConnection.java:824) ~[mongodb-driver-core-5.5.2.jar:na]
	at com.mongodb.internal.connection.InternalStreamConnection.receiveCommandMessageResponse(InternalStreamConnection.java:517) ~[mongodb-driver-core-5.5.2.jar:na]
	at com.mongodb.internal.connection.InternalStreamConnection.receive(InternalStreamConnection.java:469) ~[mongodb-driver-core-5.5.2.jar:na]
	at com.mongodb.internal.connection.DefaultServerMonitor$ServerMonitor.lookupServerDescription(DefaultServerMonitor.java:249) ~[mongodb-driver-core-5.5.2.jar:na]
	at com.mongodb.internal.connection.DefaultServerMonitor$ServerMonitor.run(DefaultServerMonitor.java:176) ~[mongodb-driver-core-5.5.2.jar:na]

2026-09-30T13:20:07.350+02:00  INFO 7028 --- [agilityhub-core-api] [localhost:60648] org.mongodb.driver.cluster               : Exception in monitor thread while connecting to server localhost:60648

com.mongodb.MongoSocketReadException: Exception receiving message
	at com.mongodb.internal.connection.InternalStreamConnection.translateReadException(InternalStreamConnection.java:809) ~[mongodb-driver-core-5.5.2.jar:na]
	at com.mongodb.internal.connection.InternalStreamConnection.receiveResponseBuffers(InternalStreamConnection.java:857) ~[mongodb-driver-core-5.5.2.jar:na]
	at com.mongodb.internal.connection.InternalStreamConnection.receiveCommandMessageResponse(InternalStreamConnection.java:517) ~[mongodb-driver-core-5.5.2.jar:na]
	at com.mongodb.internal.connection.InternalStreamConnection.sendAndReceiveInternal(InternalStreamConnection.java:448) ~[mongodb-driver-core-5.5.2.jar:na]
	at com.mongodb.internal.connection.InternalStreamConnection.lambda$sendAndReceive$0(InternalStreamConnection.java:375) ~[mongodb-driver-core-5.5.2.jar:na]
	at com.mongodb.internal.connection.InternalStreamConnection.sendAndReceive(InternalStreamConnection.java:378) ~[mongodb-driver-core-5.5.2.jar:na]
	at com.mongodb.internal.connection.CommandHelper.sendAndReceive(CommandHelper.java:100) ~[mongodb-driver-core-5.5.2.jar:na]
	at com.mongodb.internal.connection.CommandHelper.executeCommand(CommandHelper.java:49) ~[mongodb-driver-core-5.5.2.jar:na]
	at com.mongodb.internal.connection.InternalStreamConnectionInitializer.initializeConnectionDescription(InternalStreamConnectionInitializer.java:144) ~[mongodb-driver-core-5.5.2.jar:na]
	at com.mongodb.internal.connection.InternalStreamConnectionInitializer.startHandshake(InternalStreamConnectionInitializer.java:79) ~[mongodb-driver-core-5.5.2.jar:na]
	at com.mongodb.internal.connection.InternalStreamConnection.open(InternalStreamConnection.java:235) ~[mongodb-driver-core-5.5.2.jar:na]
	at com.mongodb.internal.connection.DefaultServerMonitor$ServerMonitor.lookupServerDescription(DefaultServerMonitor.java:219) ~[mongodb-driver-core-5.5.2.jar:na]
	at com.mongodb.internal.connection.DefaultServerMonitor$ServerMonitor.run(DefaultServerMonitor.java:176) ~[mongodb-driver-core-5.5.2.jar:na]
Caused by: java.net.SocketException: Connection reset
	at java.base/sun.nio.ch.NioSocketImpl.implRead(NioSocketImpl.java:318) ~[na:na]
	at java.base/sun.nio.ch.NioSocketImpl.read(NioSocketImpl.java:346) ~[na:na]
	at java.base/sun.nio.ch.NioSocketImpl$1.read(NioSocketImpl.java:796) ~[na:na]
	at java.base/java.net.Socket$SocketInputStream.read(Socket.java:1099) ~[na:na]
	at com.mongodb.internal.connection.SocketStream.read(SocketStream.java:182) ~[mongodb-driver-core-5.5.2.jar:na]
	at com.mongodb.internal.connection.InternalStreamConnection.receiveResponseBuffers(InternalStreamConnection.java:824) ~[mongodb-driver-core-5.5.2.jar:na]
	... 11 common frames omitted

[ERROR] Tests run: 4, Failures: 2, Errors: 0, Skipped: 0, Time elapsed: 30.89 s <<< FAILURE! -- in com.agilityhub.core.shared.api.HealthIndependenceIT
[ERROR] com.agilityhub.core.shared.api.HealthIndependenceIT.E5_T27_aRealBearerGets503DownWithinItsBoundWhileTheDatabaseDoesNotAnswer -- Time elapsed: 12.88 s <<< FAILURE!
org.assertj.core.error.AssertJMultipleFailuresError: 

Multiple Failures (2 failures)
-- failure 1 --encoded route, member bearer and club Origin: no answer within 5 s, blocked on the paused database
at HealthIndependenceIT.E5_T27_aRealBearerGets503DownWithinItsBoundWhileTheDatabaseDoesNotAnswer(HealthIndependenceIT.java:189)
-- failure 2 --encoded route and club Origin: no answer within 5 s, blocked on the paused database
at HealthIndependenceIT.E5_T27_aRealBearerGets503DownWithinItsBoundWhileTheDatabaseDoesNotAnswer(HealthIndependenceIT.java:189)
	at com.agilityhub.core.shared.api.HealthIndependenceIT.E5_T27_aRealBearerGets503DownWithinItsBoundWhileTheDatabaseDoesNotAnswer(HealthIndependenceIT.java:202)
	at java.base/java.lang.reflect.Method.invoke(Method.java:580)
	at java.base/java.util.ArrayList.forEach(ArrayList.java:1596)
	at java.base/java.util.ArrayList.forEach(ArrayList.java:1596)

[ERROR] com.agilityhub.core.shared.api.HealthIndependenceIT.E5_T27_theHealthNeverReadsABearerAndAnotherRouteStillDoes -- Time elapsed: 0.074 s <<< FAILURE!
org.assertj.core.error.AssertJMultipleFailuresError: 

Multiple Failures (4 failures)
-- failure 1 --
[impersonation bearer on /api/v1/%68ealth] 
Expecting actual:
  "401 {"code":"UNAUTHENTICATED","message":"Cal iniciar sessió.","details":{},"traceId":"df475aa7-41e0-4869-bb61-7b541da4b6c4"}"
to start with:
  "200 "
at HealthIndependenceIT.E5_T27_theHealthNeverReadsABearerAndAnotherRouteStillDoes(HealthIndependenceIT.java:224)
-- failure 2 --
[impersonation bearer on /api/v1/%68ealth] 
Expecting actual:
  "401 {"code":"UNAUTHENTICATED","message":"Cal iniciar sessió.","details":{},"traceId":"df475aa7-41e0-4869-bb61-7b541da4b6c4"}"
to contain:
  ""status":"UP"" 
at HealthIndependenceIT.E5_T27_theHealthNeverReadsABearerAndAnotherRouteStillDoes(HealthIndependenceIT.java:224)
-- failure 3 --
[malformed bearer on /api/v1/%68ealth] 
Expecting actual:
  "401 {"code":"UNAUTHENTICATED","message":"Cal iniciar sessió.","details":{},"traceId":"8d7c3d96-4390-4207-b3e1-32c71adb5fea"}"
to start with:
  "200 "
at HealthIndependenceIT.E5_T27_theHealthNeverReadsABearerAndAnotherRouteStillDoes(HealthIndependenceIT.java:224)
-- failure 4 --
[malformed bearer on /api/v1/%68ealth] 
Expecting actual:
  "401 {"code":"UNAUTHENTICATED","message":"Cal iniciar sessió.","details":{},"traceId":"8d7c3d96-4390-4207-b3e1-32c71adb5fea"}"
to contain:
  ""status":"UP"" 
at HealthIndependenceIT.E5_T27_theHealthNeverReadsABearerAndAnotherRouteStillDoes(HealthIndependenceIT.java:224)
	at com.agilityhub.core.shared.api.HealthIndependenceIT.E5_T27_theHealthNeverReadsABearerAndAnotherRouteStillDoes(HealthIndependenceIT.java:227)
	at java.base/java.lang.reflect.Method.invoke(Method.java:580)
	at java.base/java.util.ArrayList.forEach(ArrayList.java:1596)
	at java.base/java.util.ArrayList.forEach(ArrayList.java:1596)

[ERROR] Failures: 
[ERROR]   HealthIndependenceIT.E5_T27_aRealBearerGets503DownWithinItsBoundWhileTheDatabaseDoesNotAnswer:202 
Multiple Failures (2 failures)
-- failure 1 --encoded route, member bearer and club Origin: no answer within 5 s, blocked on the paused database
at HealthIndependenceIT.E5_T27_aRealBearerGets503DownWithinItsBoundWhileTheDatabaseDoesNotAnswer(HealthIndependenceIT.java:189)
-- failure 2 --encoded route and club Origin: no answer within 5 s, blocked on the paused database
at HealthIndependenceIT.E5_T27_aRealBearerGets503DownWithinItsBoundWhileTheDatabaseDoesNotAnswer(HealthIndependenceIT.java:189)
[ERROR]   HealthIndependenceIT.E5_T27_theHealthNeverReadsABearerAndAnotherRouteStillDoes:227 
Multiple Failures (4 failures)
-- failure 1 --
[impersonation bearer on /api/v1/%68ealth] 
Expecting actual:
  "401 {"code":"UNAUTHENTICATED","message":"Cal iniciar sessió.","details":{},"traceId":"df475aa7-41e0-4869-bb61-7b541da4b6c4"}"
to start with:
  "200 "
at HealthIndependenceIT.E5_T27_theHealthNeverReadsABearerAndAnotherRouteStillDoes(HealthIndependenceIT.java:224)
-- failure 2 --
[impersonation bearer on /api/v1/%68ealth] 
Expecting actual:
  "401 {"code":"UNAUTHENTICATED","message":"Cal iniciar sessió.","details":{},"traceId":"df475aa7-41e0-4869-bb61-7b541da4b6c4"}"
to contain:
  ""status":"UP"" 
at HealthIndependenceIT.E5_T27_theHealthNeverReadsABearerAndAnotherRouteStillDoes(HealthIndependenceIT.java:224)
-- failure 3 --
[malformed bearer on /api/v1/%68ealth] 
Expecting actual:
  "401 {"code":"UNAUTHENTICATED","message":"Cal iniciar sessió.","details":{},"traceId":"8d7c3d96-4390-4207-b3e1-32c71adb5fea"}"
to start with:
  "200 "
at HealthIndependenceIT.E5_T27_theHealthNeverReadsABearerAndAnotherRouteStillDoes(HealthIndependenceIT.java:224)
-- failure 4 --
[malformed bearer on /api/v1/%68ealth] 
Expecting actual:
  "401 {"code":"UNAUTHENTICATED","message":"Cal iniciar sessió.","details":{},"traceId":"8d7c3d96-4390-4207-b3e1-32c71adb5fea"}"
to contain:
  ""status":"UP"" 
at HealthIndependenceIT.E5_T27_theHealthNeverReadsABearerAndAnotherRouteStillDoes(HealthIndependenceIT.java:224)
[ERROR] Tests run: 4, Failures: 2, Errors: 0, Skipped: 0
[ERROR] Failed to execute goal org.apache.maven.plugins:maven-failsafe-plugin:3.5.6:verify (default) on project agilityhub-core-api: There are test failures.
[ERROR] 
[ERROR] See /Users/jordib/dev/agilityhub/agilityhub-core-api/target/failsafe-reports for the individual test results.
[ERROR] See dump files (if any exist) [date].dump, [date]-jvmRun[N].dump and [date].dumpstream.
[ERROR] -> [Help 1]
[ERROR] 
[ERROR] To see the full stack trace of the errors, re-run Maven with the -e switch.
[ERROR] Re-run Maven using the -X switch to enable full debug logging.
[ERROR] 
[ERROR] For more information about the errors and possible solutions, please read the following articles:
[ERROR] [Help 1] http://cwiki.apache.org/confluence/display/MAVEN/MojoFailureException
