[INFO] Scanning for projects...
[INFO] 
[INFO] -----------------< com.agilityhub:agilityhub-core-api >-----------------
[INFO] Building AgilityHub Core API 0.1.0-SNAPSHOT
[INFO]   from pom.xml
[INFO] --------------------------------[ jar ]---------------------------------
[INFO] 
[INFO] --- enforcer:3.6.2:enforce (require-java-21) @ agilityhub-core-api ---
[INFO] Rule 0: org.apache.maven.enforcer.rules.version.RequireJavaVersion passed
[INFO] Rule 1: org.apache.maven.enforcer.rules.version.RequireMavenVersion passed
[INFO] 
[INFO] --- jacoco:0.8.14:prepare-agent (default) @ agilityhub-core-api ---
[INFO] argLine set to -javaagent:/Users/jordib/.m2/repository/org/jacoco/org.jacoco.agent/0.8.14/org.jacoco.agent-0.8.14-runtime.jar=destfile=/Users/jordib/dev/agilityhub/agilityhub-core-api/target/before-fix/target/jacoco.exec
[INFO] 
[INFO] --- spring-boot:3.5.16:build-info (default) @ agilityhub-core-api ---
[INFO] 
[INFO] --- resources:3.3.1:resources (default-resources) @ agilityhub-core-api ---
[INFO] Copying 9 resources from src/main/resources to target/classes
[INFO] Copying 1 resource from seeds to target/classes/seeds
[INFO] 
[INFO] --- compiler:3.14.1:compile (default-compile) @ agilityhub-core-api ---
[INFO] Recompiling the module because of changed source code.
[INFO] Compiling 875 source files with javac [debug parameters release 21] to target/classes
[WARNING] /Users/jordib/dev/agilityhub/agilityhub-core-api/target/before-fix/src/main/java/com/agilityhub/core/clubs/scheduling/persistence/RingBlockRepository.java:[15,40] ensureIndex(org.springframework.data.mongodb.core.index.IndexDefinition) in org.springframework.data.mongodb.core.index.IndexOperations has been deprecated and marked for removal
[WARNING] /Users/jordib/dev/agilityhub/agilityhub-core-api/target/before-fix/src/main/java/com/agilityhub/core/clubs/scheduling/persistence/RingBlockRepository.java:[16,40] ensureIndex(org.springframework.data.mongodb.core.index.IndexDefinition) in org.springframework.data.mongodb.core.index.IndexOperations has been deprecated and marked for removal
[WARNING] /Users/jordib/dev/agilityhub/agilityhub-core-api/target/before-fix/src/main/java/com/agilityhub/core/clubs/scheduling/persistence/ClassSessionRepository.java:[15,43] ensureIndex(org.springframework.data.mongodb.core.index.IndexDefinition) in org.springframework.data.mongodb.core.index.IndexOperations has been deprecated and marked for removal
[WARNING] /Users/jordib/dev/agilityhub/agilityhub-core-api/target/before-fix/src/main/java/com/agilityhub/core/clubs/scheduling/persistence/ClassSessionRepository.java:[16,43] ensureIndex(org.springframework.data.mongodb.core.index.IndexDefinition) in org.springframework.data.mongodb.core.index.IndexOperations has been deprecated and marked for removal
[WARNING] /Users/jordib/dev/agilityhub/agilityhub-core-api/target/before-fix/src/main/java/com/agilityhub/core/clubs/scheduling/persistence/ClassSessionRepository.java:[17,43] ensureIndex(org.springframework.data.mongodb.core.index.IndexDefinition) in org.springframework.data.mongodb.core.index.IndexOperations has been deprecated and marked for removal
[WARNING] /Users/jordib/dev/agilityhub/agilityhub-core-api/target/before-fix/src/main/java/com/agilityhub/core/clubs/scheduling/persistence/ClassSessionRepository.java:[18,43] ensureIndex(org.springframework.data.mongodb.core.index.IndexDefinition) in org.springframework.data.mongodb.core.index.IndexOperations has been deprecated and marked for removal
[WARNING] /Users/jordib/dev/agilityhub/agilityhub-core-api/target/before-fix/src/main/java/com/agilityhub/core/clubs/scheduling/persistence/ClassSessionRepository.java:[19,43] ensureIndex(org.springframework.data.mongodb.core.index.IndexDefinition) in org.springframework.data.mongodb.core.index.IndexOperations has been deprecated and marked for removal
[WARNING] /Users/jordib/dev/agilityhub/agilityhub-core-api/target/before-fix/src/main/java/com/agilityhub/core/clubs/census/persistence/CensusRepository.java:[31,16] ensureIndex(org.springframework.data.mongodb.core.index.IndexDefinition) in org.springframework.data.mongodb.core.index.IndexOperations has been deprecated and marked for removal
[WARNING] /Users/jordib/dev/agilityhub/agilityhub-core-api/target/before-fix/src/main/java/com/agilityhub/core/clubs/census/persistence/CensusRepository.java:[49,29] ensureIndex(org.springframework.data.mongodb.core.index.IndexDefinition) in org.springframework.data.mongodb.core.index.IndexOperations has been deprecated and marked for removal
[WARNING] /Users/jordib/dev/agilityhub/agilityhub-core-api/target/before-fix/src/main/java/com/agilityhub/core/clubs/census/persistence/CensusRepository.java:[52,66] ensureIndex(org.springframework.data.mongodb.core.index.IndexDefinition) in org.springframework.data.mongodb.core.index.IndexOperations has been deprecated and marked for removal
[WARNING] /Users/jordib/dev/agilityhub/agilityhub-core-api/target/before-fix/src/main/java/com/agilityhub/core/clubs/census/persistence/CensusRepository.java:[137,29] ensureIndex(org.springframework.data.mongodb.core.index.IndexDefinition) in org.springframework.data.mongodb.core.index.IndexOperations has been deprecated and marked for removal
[WARNING] /Users/jordib/dev/agilityhub/agilityhub-core-api/target/before-fix/src/main/java/com/agilityhub/core/platform/persistence/ClubRepository.java:[43,35] ensureIndex(org.springframework.data.mongodb.core.index.IndexDefinition) in org.springframework.data.mongodb.core.index.IndexOperations has been deprecated and marked for removal
[WARNING] /Users/jordib/dev/agilityhub/agilityhub-core-api/target/before-fix/src/main/java/com/agilityhub/core/platform/persistence/ClubRepository.java:[44,35] ensureIndex(org.springframework.data.mongodb.core.index.IndexDefinition) in org.springframework.data.mongodb.core.index.IndexOperations has been deprecated and marked for removal
[WARNING] /Users/jordib/dev/agilityhub/agilityhub-core-api/target/before-fix/src/main/java/com/agilityhub/core/platform/persistence/ParameterRepository.java:[39,40] ensureIndex(org.springframework.data.mongodb.core.index.IndexDefinition) in org.springframework.data.mongodb.core.index.IndexOperations has been deprecated and marked for removal
[WARNING] /Users/jordib/dev/agilityhub/agilityhub-core-api/target/before-fix/src/main/java/com/agilityhub/core/clubs/scheduling/persistence/WeekRepository.java:[15,35] ensureIndex(org.springframework.data.mongodb.core.index.IndexDefinition) in org.springframework.data.mongodb.core.index.IndexOperations has been deprecated and marked for removal
[WARNING] /Users/jordib/dev/agilityhub/agilityhub-core-api/target/before-fix/src/main/java/com/agilityhub/core/clubs/catalogs/persistence/CatalogRepository.java:[15,46] ensureIndex(org.springframework.data.mongodb.core.index.IndexDefinition) in org.springframework.data.mongodb.core.index.IndexOperations has been deprecated and marked for removal
[WARNING] /Users/jordib/dev/agilityhub/agilityhub-core-api/target/before-fix/src/main/java/com/agilityhub/core/clubs/catalogs/persistence/InstructorRepository.java:[15,41] ensureIndex(org.springframework.data.mongodb.core.index.IndexDefinition) in org.springframework.data.mongodb.core.index.IndexOperations has been deprecated and marked for removal
[WARNING] /Users/jordib/dev/agilityhub/agilityhub-core-api/target/before-fix/src/main/java/com/agilityhub/core/clubs/catalogs/persistence/InstructorRepository.java:[16,43] ensureIndex(org.springframework.data.mongodb.core.index.IndexDefinition) in org.springframework.data.mongodb.core.index.IndexOperations has been deprecated and marked for removal
[WARNING] /Users/jordib/dev/agilityhub/agilityhub-core-api/target/before-fix/src/main/java/com/agilityhub/core/clubs/common/persistence/ListExportRepository.java:[16,40] ensureIndex(org.springframework.data.mongodb.core.index.IndexDefinition) in org.springframework.data.mongodb.core.index.IndexOperations has been deprecated and marked for removal
[WARNING] /Users/jordib/dev/agilityhub/agilityhub-core-api/target/before-fix/src/main/java/com/agilityhub/core/clubs/common/persistence/ListExportRepository.java:[17,40] ensureIndex(org.springframework.data.mongodb.core.index.IndexDefinition) in org.springframework.data.mongodb.core.index.IndexOperations has been deprecated and marked for removal
[WARNING] /Users/jordib/dev/agilityhub/agilityhub-core-api/target/before-fix/src/main/java/com/agilityhub/core/clubs/common/persistence/ListExportRepository.java:[19,40] ensureIndex(org.springframework.data.mongodb.core.index.IndexDefinition) in org.springframework.data.mongodb.core.index.IndexOperations has been deprecated and marked for removal
[WARNING] /Users/jordib/dev/agilityhub/agilityhub-core-api/target/before-fix/src/main/java/com/agilityhub/core/clubs/common/persistence/ListExportRepository.java:[20,45] ensureIndex(org.springframework.data.mongodb.core.index.IndexDefinition) in org.springframework.data.mongodb.core.index.IndexOperations has been deprecated and marked for removal
[WARNING] /Users/jordib/dev/agilityhub/agilityhub-core-api/target/before-fix/src/main/java/com/agilityhub/core/clubs/common/persistence/ExportWorkRepository.java:[16,47] ensureIndex(org.springframework.data.mongodb.core.index.IndexDefinition) in org.springframework.data.mongodb.core.index.IndexOperations has been deprecated and marked for removal
[WARNING] /Users/jordib/dev/agilityhub/agilityhub-core-api/target/before-fix/src/main/java/com/agilityhub/core/clubs/common/persistence/ExportWorkRepository.java:[17,38] ensureIndex(org.springframework.data.mongodb.core.index.IndexDefinition) in org.springframework.data.mongodb.core.index.IndexOperations has been deprecated and marked for removal
[WARNING] /Users/jordib/dev/agilityhub/agilityhub-core-api/target/before-fix/src/main/java/com/agilityhub/core/clubs/activities/persistence/ActivityRepository.java:[40,39] ensureIndex(org.springframework.data.mongodb.core.index.IndexDefinition) in org.springframework.data.mongodb.core.index.IndexOperations has been deprecated and marked for removal
[WARNING] /Users/jordib/dev/agilityhub/agilityhub-core-api/target/before-fix/src/main/java/com/agilityhub/core/clubs/activities/persistence/ActivityRepository.java:[41,39] ensureIndex(org.springframework.data.mongodb.core.index.IndexDefinition) in org.springframework.data.mongodb.core.index.IndexOperations has been deprecated and marked for removal
[WARNING] /Users/jordib/dev/agilityhub/agilityhub-core-api/target/before-fix/src/main/java/com/agilityhub/core/clubs/activities/persistence/ActivityRepository.java:[42,39] ensureIndex(org.springframework.data.mongodb.core.index.IndexDefinition) in org.springframework.data.mongodb.core.index.IndexOperations has been deprecated and marked for removal
[WARNING] /Users/jordib/dev/agilityhub/agilityhub-core-api/target/before-fix/src/main/java/com/agilityhub/core/clubs/activities/persistence/ActivityRegistrationRepository.java:[35,51] ensureIndex(org.springframework.data.mongodb.core.index.IndexDefinition) in org.springframework.data.mongodb.core.index.IndexOperations has been deprecated and marked for removal
[WARNING] /Users/jordib/dev/agilityhub/agilityhub-core-api/target/before-fix/src/main/java/com/agilityhub/core/clubs/activities/persistence/ActivityRegistrationRepository.java:[36,51] ensureIndex(org.springframework.data.mongodb.core.index.IndexDefinition) in org.springframework.data.mongodb.core.index.IndexOperations has been deprecated and marked for removal
[WARNING] /Users/jordib/dev/agilityhub/agilityhub-core-api/target/before-fix/src/main/java/com/agilityhub/core/clubs/activities/persistence/ActivityRegistrationRepository.java:[37,51] ensureIndex(org.springframework.data.mongodb.core.index.IndexDefinition) in org.springframework.data.mongodb.core.index.IndexOperations has been deprecated and marked for removal
[WARNING] /Users/jordib/dev/agilityhub/agilityhub-core-api/target/before-fix/src/main/java/com/agilityhub/core/clubs/followup/persistence/AttachmentRepository.java:[23,41] ensureIndex(org.springframework.data.mongodb.core.index.IndexDefinition) in org.springframework.data.mongodb.core.index.IndexOperations has been deprecated and marked for removal
[WARNING] /Users/jordib/dev/agilityhub/agilityhub-core-api/target/before-fix/src/main/java/com/agilityhub/core/clubs/followup/persistence/AttachmentRepository.java:[26,41] ensureIndex(org.springframework.data.mongodb.core.index.IndexDefinition) in org.springframework.data.mongodb.core.index.IndexOperations has been deprecated and marked for removal
[WARNING] /Users/jordib/dev/agilityhub/agilityhub-core-api/target/before-fix/src/main/java/com/agilityhub/core/clubs/bookings/persistence/BookingRepository.java:[24,16] ensureIndex(org.springframework.data.mongodb.core.index.IndexDefinition) in org.springframework.data.mongodb.core.index.IndexOperations has been deprecated and marked for removal
[WARNING] /Users/jordib/dev/agilityhub/agilityhub-core-api/target/before-fix/src/main/java/com/agilityhub/core/clubs/bookings/persistence/BookingRepository.java:[25,16] ensureIndex(org.springframework.data.mongodb.core.index.IndexDefinition) in org.springframework.data.mongodb.core.index.IndexOperations has been deprecated and marked for removal
[WARNING] /Users/jordib/dev/agilityhub/agilityhub-core-api/target/before-fix/src/main/java/com/agilityhub/core/clubs/bookings/persistence/BookingRepository.java:[26,16] ensureIndex(org.springframework.data.mongodb.core.index.IndexDefinition) in org.springframework.data.mongodb.core.index.IndexOperations has been deprecated and marked for removal
[WARNING] /Users/jordib/dev/agilityhub/agilityhub-core-api/target/before-fix/src/main/java/com/agilityhub/core/clubs/bookings/persistence/BookingRepository.java:[28,16] ensureIndex(org.springframework.data.mongodb.core.index.IndexDefinition) in org.springframework.data.mongodb.core.index.IndexOperations has been deprecated and marked for removal
[WARNING] /Users/jordib/dev/agilityhub/agilityhub-core-api/target/before-fix/src/main/java/com/agilityhub/core/clubs/bookings/persistence/WaitlistEntryRepository.java:[20,16] ensureIndex(org.springframework.data.mongodb.core.index.IndexDefinition) in org.springframework.data.mongodb.core.index.IndexOperations has been deprecated and marked for removal
[WARNING] /Users/jordib/dev/agilityhub/agilityhub-core-api/target/before-fix/src/main/java/com/agilityhub/core/clubs/bookings/persistence/WaitlistEntryRepository.java:[21,16] ensureIndex(org.springframework.data.mongodb.core.index.IndexDefinition) in org.springframework.data.mongodb.core.index.IndexOperations has been deprecated and marked for removal
[WARNING] /Users/jordib/dev/agilityhub/agilityhub-core-api/target/before-fix/src/main/java/com/agilityhub/core/clubs/bookings/persistence/WaitlistEntryRepository.java:[23,16] ensureIndex(org.springframework.data.mongodb.core.index.IndexDefinition) in org.springframework.data.mongodb.core.index.IndexOperations has been deprecated and marked for removal
[WARNING] /Users/jordib/dev/agilityhub/agilityhub-core-api/target/before-fix/src/main/java/com/agilityhub/core/identity/persistence/AccountRepository.java:[107,38] ensureIndex(org.springframework.data.mongodb.core.index.IndexDefinition) in org.springframework.data.mongodb.core.index.IndexOperations has been deprecated and marked for removal
[WARNING] /Users/jordib/dev/agilityhub/agilityhub-core-api/target/before-fix/src/main/java/com/agilityhub/core/identity/persistence/AccountRepository.java:[108,38] ensureIndex(org.springframework.data.mongodb.core.index.IndexDefinition) in org.springframework.data.mongodb.core.index.IndexOperations has been deprecated and marked for removal
[WARNING] /Users/jordib/dev/agilityhub/agilityhub-core-api/target/before-fix/src/main/java/com/agilityhub/core/identity/persistence/MembershipRepository.java:[41,41] ensureIndex(org.springframework.data.mongodb.core.index.IndexDefinition) in org.springframework.data.mongodb.core.index.IndexOperations has been deprecated and marked for removal
[WARNING] /Users/jordib/dev/agilityhub/agilityhub-core-api/target/before-fix/src/main/java/com/agilityhub/core/identity/persistence/MagicLinkTokenRepository.java:[41,45] ensureIndex(org.springframework.data.mongodb.core.index.IndexDefinition) in org.springframework.data.mongodb.core.index.IndexOperations has been deprecated and marked for removal
[WARNING] /Users/jordib/dev/agilityhub/agilityhub-core-api/target/before-fix/src/main/java/com/agilityhub/core/identity/persistence/MagicLinkTokenRepository.java:[42,45] ensureIndex(org.springframework.data.mongodb.core.index.IndexDefinition) in org.springframework.data.mongodb.core.index.IndexOperations has been deprecated and marked for removal
[WARNING] /Users/jordib/dev/agilityhub/agilityhub-core-api/target/before-fix/src/main/java/com/agilityhub/core/identity/persistence/MagicLinkTokenRepository.java:[43,45] ensureIndex(org.springframework.data.mongodb.core.index.IndexDefinition) in org.springframework.data.mongodb.core.index.IndexOperations has been deprecated and marked for removal
[WARNING] /Users/jordib/dev/agilityhub/agilityhub-core-api/target/before-fix/src/main/java/com/agilityhub/core/clubs/bookings/persistence/SeatHoldRepository.java:[21,16] ensureIndex(org.springframework.data.mongodb.core.index.IndexDefinition) in org.springframework.data.mongodb.core.index.IndexOperations has been deprecated and marked for removal
[WARNING] /Users/jordib/dev/agilityhub/agilityhub-core-api/target/before-fix/src/main/java/com/agilityhub/core/clubs/bookings/persistence/SeatHoldRepository.java:[22,16] ensureIndex(org.springframework.data.mongodb.core.index.IndexDefinition) in org.springframework.data.mongodb.core.index.IndexOperations has been deprecated and marked for removal
[WARNING] /Users/jordib/dev/agilityhub/agilityhub-core-api/target/before-fix/src/main/java/com/agilityhub/core/platform/persistence/audit/AuditRepository.java:[56,16] ensureIndex(org.springframework.data.mongodb.core.index.IndexDefinition) in org.springframework.data.mongodb.core.index.IndexOperations has been deprecated and marked for removal
[WARNING] /Users/jordib/dev/agilityhub/agilityhub-core-api/target/before-fix/src/main/java/com/agilityhub/core/platform/persistence/audit/AuditRepository.java:[57,16] ensureIndex(org.springframework.data.mongodb.core.index.IndexDefinition) in org.springframework.data.mongodb.core.index.IndexOperations has been deprecated and marked for removal
[WARNING] /Users/jordib/dev/agilityhub/agilityhub-core-api/target/before-fix/src/main/java/com/agilityhub/core/platform/persistence/audit/AuditRepository.java:[59,16] ensureIndex(org.springframework.data.mongodb.core.index.IndexDefinition) in org.springframework.data.mongodb.core.index.IndexOperations has been deprecated and marked for removal
[WARNING] /Users/jordib/dev/agilityhub/agilityhub-core-api/target/before-fix/src/main/java/com/agilityhub/core/platform/persistence/audit/AuditRepository.java:[61,16] ensureIndex(org.springframework.data.mongodb.core.index.IndexDefinition) in org.springframework.data.mongodb.core.index.IndexOperations has been deprecated and marked for removal
[WARNING] /Users/jordib/dev/agilityhub/agilityhub-core-api/target/before-fix/src/main/java/com/agilityhub/core/clubs/catalogs/persistence/PlanRepository.java:[13,35] ensureIndex(org.springframework.data.mongodb.core.index.IndexDefinition) in org.springframework.data.mongodb.core.index.IndexOperations has been deprecated and marked for removal
[WARNING] /Users/jordib/dev/agilityhub/agilityhub-core-api/target/before-fix/src/main/java/com/agilityhub/core/clubs/catalogs/persistence/PriceRepository.java:[18,36] ensureIndex(org.springframework.data.mongodb.core.index.IndexDefinition) in org.springframework.data.mongodb.core.index.IndexOperations has been deprecated and marked for removal
[WARNING] /Users/jordib/dev/agilityhub/agilityhub-core-api/target/before-fix/src/main/java/com/agilityhub/core/clubs/bookings/persistence/AttendanceRepository.java:[16,16] ensureIndex(org.springframework.data.mongodb.core.index.IndexDefinition) in org.springframework.data.mongodb.core.index.IndexOperations has been deprecated and marked for removal
[WARNING] /Users/jordib/dev/agilityhub/agilityhub-core-api/target/before-fix/src/main/java/com/agilityhub/core/clubs/bookings/persistence/AttendanceRepository.java:[17,16] ensureIndex(org.springframework.data.mongodb.core.index.IndexDefinition) in org.springframework.data.mongodb.core.index.IndexOperations has been deprecated and marked for removal
[WARNING] /Users/jordib/dev/agilityhub/agilityhub-core-api/target/before-fix/src/main/java/com/agilityhub/core/clubs/bookings/persistence/AttendanceRepository.java:[18,16] ensureIndex(org.springframework.data.mongodb.core.index.IndexDefinition) in org.springframework.data.mongodb.core.index.IndexOperations has been deprecated and marked for removal
[WARNING] /Users/jordib/dev/agilityhub/agilityhub-core-api/target/before-fix/src/main/java/com/agilityhub/core/clubs/bookings/persistence/AttendanceRepository.java:[20,16] ensureIndex(org.springframework.data.mongodb.core.index.IndexDefinition) in org.springframework.data.mongodb.core.index.IndexOperations has been deprecated and marked for removal
[WARNING] /Users/jordib/dev/agilityhub/agilityhub-core-api/target/before-fix/src/main/java/com/agilityhub/core/clubs/census/persistence/SignupNotificationAdmissionRepository.java:[21,58] ensureIndex(org.springframework.data.mongodb.core.index.IndexDefinition) in org.springframework.data.mongodb.core.index.IndexOperations has been deprecated and marked for removal
[WARNING] /Users/jordib/dev/agilityhub/agilityhub-core-api/target/before-fix/src/main/java/com/agilityhub/core/platform/persistence/jobs/JobRunRepository.java:[23,16] ensureIndex(org.springframework.data.mongodb.core.index.IndexDefinition) in org.springframework.data.mongodb.core.index.IndexOperations has been deprecated and marked for removal
[WARNING] /Users/jordib/dev/agilityhub/agilityhub-core-api/target/before-fix/src/main/java/com/agilityhub/core/platform/persistence/jobs/JobRunRepository.java:[25,16] ensureIndex(org.springframework.data.mongodb.core.index.IndexDefinition) in org.springframework.data.mongodb.core.index.IndexOperations has been deprecated and marked for removal
[WARNING] /Users/jordib/dev/agilityhub/agilityhub-core-api/target/before-fix/src/main/java/com/agilityhub/core/platform/persistence/jobs/JobRunRepository.java:[26,16] ensureIndex(org.springframework.data.mongodb.core.index.IndexDefinition) in org.springframework.data.mongodb.core.index.IndexOperations has been deprecated and marked for removal
[WARNING] /Users/jordib/dev/agilityhub/agilityhub-core-api/target/before-fix/src/main/java/com/agilityhub/core/platform/persistence/jobs/JobLockRepository.java:[22,38] ensureIndex(org.springframework.data.mongodb.core.index.IndexDefinition) in org.springframework.data.mongodb.core.index.IndexOperations has been deprecated and marked for removal
[WARNING] /Users/jordib/dev/agilityhub/agilityhub-core-api/target/before-fix/src/main/java/com/agilityhub/core/clubs/common/persistence/SavedViewRepository.java:[14,40] ensureIndex(org.springframework.data.mongodb.core.index.IndexDefinition) in org.springframework.data.mongodb.core.index.IndexOperations has been deprecated and marked for removal
[WARNING] /Users/jordib/dev/agilityhub/agilityhub-core-api/target/before-fix/src/main/java/com/agilityhub/core/clubs/content/persistence/ClubPageRepository.java:[16,39] ensureIndex(org.springframework.data.mongodb.core.index.IndexDefinition) in org.springframework.data.mongodb.core.index.IndexOperations has been deprecated and marked for removal
[WARNING] /Users/jordib/dev/agilityhub/agilityhub-core-api/target/before-fix/src/main/java/com/agilityhub/core/clubs/followup/persistence/TaskRepository.java:[15,35] ensureIndex(org.springframework.data.mongodb.core.index.IndexDefinition) in org.springframework.data.mongodb.core.index.IndexOperations has been deprecated and marked for removal
[WARNING] /Users/jordib/dev/agilityhub/agilityhub-core-api/target/before-fix/src/main/java/com/agilityhub/core/clubs/followup/persistence/FollowupItemRepository.java:[16,16] ensureIndex(org.springframework.data.mongodb.core.index.IndexDefinition) in org.springframework.data.mongodb.core.index.IndexOperations has been deprecated and marked for removal
[WARNING] /Users/jordib/dev/agilityhub/agilityhub-core-api/target/before-fix/src/main/java/com/agilityhub/core/clubs/followup/persistence/FollowupItemRepository.java:[17,16] ensureIndex(org.springframework.data.mongodb.core.index.IndexDefinition) in org.springframework.data.mongodb.core.index.IndexOperations has been deprecated and marked for removal
[WARNING] /Users/jordib/dev/agilityhub/agilityhub-core-api/target/before-fix/src/main/java/com/agilityhub/core/clubs/followup/persistence/FollowupReadMarkRepository.java:[15,47] ensureIndex(org.springframework.data.mongodb.core.index.IndexDefinition) in org.springframework.data.mongodb.core.index.IndexOperations has been deprecated and marked for removal
[WARNING] /Users/jordib/dev/agilityhub/agilityhub-core-api/target/before-fix/src/main/java/com/agilityhub/core/clubs/scheduling/persistence/WeekTemplateRepository.java:[15,43] ensureIndex(org.springframework.data.mongodb.core.index.IndexDefinition) in org.springframework.data.mongodb.core.index.IndexOperations has been deprecated and marked for removal
[WARNING] /Users/jordib/dev/agilityhub/agilityhub-core-api/target/before-fix/src/main/java/com/agilityhub/core/clubs/scheduling/persistence/SchedulingPersistence.java:[33,26] ensureIndex(org.springframework.data.mongodb.core.index.IndexDefinition) in org.springframework.data.mongodb.core.index.IndexOperations has been deprecated and marked for removal
[WARNING] /Users/jordib/dev/agilityhub/agilityhub-core-api/target/before-fix/src/main/java/com/agilityhub/core/clubs/training/persistence/TrainingBookingRepository.java:[25,16] ensureIndex(org.springframework.data.mongodb.core.index.IndexDefinition) in org.springframework.data.mongodb.core.index.IndexOperations has been deprecated and marked for removal
[WARNING] /Users/jordib/dev/agilityhub/agilityhub-core-api/target/before-fix/src/main/java/com/agilityhub/core/clubs/training/persistence/TrainingBookingRepository.java:[27,16] ensureIndex(org.springframework.data.mongodb.core.index.IndexDefinition) in org.springframework.data.mongodb.core.index.IndexOperations has been deprecated and marked for removal
[WARNING] /Users/jordib/dev/agilityhub/agilityhub-core-api/target/before-fix/src/main/java/com/agilityhub/core/clubs/training/persistence/TrainingBookingRepository.java:[28,16] ensureIndex(org.springframework.data.mongodb.core.index.IndexDefinition) in org.springframework.data.mongodb.core.index.IndexOperations has been deprecated and marked for removal
[WARNING] /Users/jordib/dev/agilityhub/agilityhub-core-api/target/before-fix/src/main/java/com/agilityhub/core/clubs/training/persistence/TrainingBookingRepository.java:[29,16] ensureIndex(org.springframework.data.mongodb.core.index.IndexDefinition) in org.springframework.data.mongodb.core.index.IndexOperations has been deprecated and marked for removal
[WARNING] /Users/jordib/dev/agilityhub/agilityhub-core-api/target/before-fix/src/main/java/com/agilityhub/core/clubs/training/persistence/TrainingBookingRepository.java:[30,16] ensureIndex(org.springframework.data.mongodb.core.index.IndexDefinition) in org.springframework.data.mongodb.core.index.IndexOperations has been deprecated and marked for removal
[WARNING] /Users/jordib/dev/agilityhub/agilityhub-core-api/target/before-fix/src/main/java/com/agilityhub/core/configuration/CatalogConfiguration.java:[16,36] ensureIndex(org.springframework.data.mongodb.core.index.IndexDefinition) in org.springframework.data.mongodb.core.index.IndexOperations has been deprecated and marked for removal
[WARNING] /Users/jordib/dev/agilityhub/agilityhub-core-api/target/before-fix/src/main/java/com/agilityhub/core/configuration/CatalogConfiguration.java:[18,36] ensureIndex(org.springframework.data.mongodb.core.index.IndexDefinition) in org.springframework.data.mongodb.core.index.IndexOperations has been deprecated and marked for removal
[WARNING] /Users/jordib/dev/agilityhub/agilityhub-core-api/target/before-fix/src/main/java/com/agilityhub/core/configuration/CatalogConfiguration.java:[24,39] ensureIndex(org.springframework.data.mongodb.core.index.IndexDefinition) in org.springframework.data.mongodb.core.index.IndexOperations has been deprecated and marked for removal
[WARNING] /Users/jordib/dev/agilityhub/agilityhub-core-api/target/before-fix/src/main/java/com/agilityhub/core/configuration/CatalogConfiguration.java:[30,39] ensureIndex(org.springframework.data.mongodb.core.index.IndexDefinition) in org.springframework.data.mongodb.core.index.IndexOperations has been deprecated and marked for removal
[WARNING] /Users/jordib/dev/agilityhub/agilityhub-core-api/target/before-fix/src/main/java/com/agilityhub/core/configuration/EmailConfiguration.java:[72,47] ensureIndex(org.springframework.data.mongodb.core.index.IndexDefinition) in org.springframework.data.mongodb.core.index.IndexOperations has been deprecated and marked for removal
[WARNING] /Users/jordib/dev/agilityhub/agilityhub-core-api/target/before-fix/src/main/java/com/agilityhub/core/identity/persistence/RefreshTokenRepository.java:[60,43] ensureIndex(org.springframework.data.mongodb.core.index.IndexDefinition) in org.springframework.data.mongodb.core.index.IndexOperations has been deprecated and marked for removal
[WARNING] /Users/jordib/dev/agilityhub/agilityhub-core-api/target/before-fix/src/main/java/com/agilityhub/core/identity/persistence/RefreshTokenRepository.java:[61,43] ensureIndex(org.springframework.data.mongodb.core.index.IndexDefinition) in org.springframework.data.mongodb.core.index.IndexOperations has been deprecated and marked for removal
[WARNING] /Users/jordib/dev/agilityhub/agilityhub-core-api/target/before-fix/src/main/java/com/agilityhub/core/identity/persistence/RefreshTokenRepository.java:[62,43] ensureIndex(org.springframework.data.mongodb.core.index.IndexDefinition) in org.springframework.data.mongodb.core.index.IndexOperations has been deprecated and marked for removal
[WARNING] /Users/jordib/dev/agilityhub/agilityhub-core-api/target/before-fix/src/main/java/com/agilityhub/core/identity/persistence/RefreshTokenRepository.java:[64,43] ensureIndex(org.springframework.data.mongodb.core.index.IndexDefinition) in org.springframework.data.mongodb.core.index.IndexOperations has been deprecated and marked for removal
[WARNING] /Users/jordib/dev/agilityhub/agilityhub-core-api/target/before-fix/src/main/java/com/agilityhub/core/identity/persistence/ImpersonationGrantRepository.java:[20,49] ensureIndex(org.springframework.data.mongodb.core.index.IndexDefinition) in org.springframework.data.mongodb.core.index.IndexOperations has been deprecated and marked for removal
[WARNING] /Users/jordib/dev/agilityhub/agilityhub-core-api/target/before-fix/src/main/java/com/agilityhub/core/identity/persistence/HandoffCodeRepository.java:[27,42] ensureIndex(org.springframework.data.mongodb.core.index.IndexDefinition) in org.springframework.data.mongodb.core.index.IndexOperations has been deprecated and marked for removal
[WARNING] /Users/jordib/dev/agilityhub/agilityhub-core-api/target/before-fix/src/main/java/com/agilityhub/core/identity/persistence/HandoffCodeRepository.java:[28,42] ensureIndex(org.springframework.data.mongodb.core.index.IndexDefinition) in org.springframework.data.mongodb.core.index.IndexOperations has been deprecated and marked for removal
[WARNING] /Users/jordib/dev/agilityhub/agilityhub-core-api/target/before-fix/src/main/java/com/agilityhub/core/identity/persistence/OidcStateRepository.java:[17,33] ensureIndex(org.springframework.data.mongodb.core.index.IndexDefinition) in org.springframework.data.mongodb.core.index.IndexOperations has been deprecated and marked for removal
[WARNING] /Users/jordib/dev/agilityhub/agilityhub-core-api/target/before-fix/src/main/java/com/agilityhub/core/platform/persistence/SecurityEventRepository.java:[21,20] ensureIndex(org.springframework.data.mongodb.core.index.IndexDefinition) in org.springframework.data.mongodb.core.index.IndexOperations has been deprecated and marked for removal
[WARNING] /Users/jordib/dev/agilityhub/agilityhub-core-api/target/before-fix/src/main/java/com/agilityhub/core/shared/persistence/IdempotencyRepository.java:[22,48] ensureIndex(org.springframework.data.mongodb.core.index.IndexDefinition) in org.springframework.data.mongodb.core.index.IndexOperations has been deprecated and marked for removal
[WARNING] /Users/jordib/dev/agilityhub/agilityhub-core-api/target/before-fix/src/main/java/com/agilityhub/core/shared/persistence/IdempotencyRepository.java:[24,48] ensureIndex(org.springframework.data.mongodb.core.index.IndexDefinition) in org.springframework.data.mongodb.core.index.IndexOperations has been deprecated and marked for removal
[WARNING] /Users/jordib/dev/agilityhub/agilityhub-core-api/target/before-fix/src/main/java/com/agilityhub/core/shared/persistence/OutboxRepository.java:[25,16] ensureIndex(org.springframework.data.mongodb.core.index.IndexDefinition) in org.springframework.data.mongodb.core.index.IndexOperations has been deprecated and marked for removal
[WARNING] /Users/jordib/dev/agilityhub/agilityhub-core-api/target/before-fix/src/main/java/com/agilityhub/core/shared/persistence/OutboxRepository.java:[26,16] ensureIndex(org.springframework.data.mongodb.core.index.IndexDefinition) in org.springframework.data.mongodb.core.index.IndexOperations has been deprecated and marked for removal
[WARNING] /Users/jordib/dev/agilityhub/agilityhub-core-api/target/before-fix/src/main/java/com/agilityhub/core/shared/persistence/OutboxRepository.java:[27,16] ensureIndex(org.springframework.data.mongodb.core.index.IndexDefinition) in org.springframework.data.mongodb.core.index.IndexOperations has been deprecated and marked for removal
[INFO] /Users/jordib/dev/agilityhub/agilityhub-core-api/target/before-fix/src/main/java/com/agilityhub/core/clubs/catalogs/application/CatalogSeeds.java: Some input files use or override a deprecated API.
[INFO] /Users/jordib/dev/agilityhub/agilityhub-core-api/target/before-fix/src/main/java/com/agilityhub/core/clubs/catalogs/application/CatalogSeeds.java: Recompile with -Xlint:deprecation for details.
[INFO] /Users/jordib/dev/agilityhub/agilityhub-core-api/target/before-fix/src/main/java/com/agilityhub/core/clubs/scheduling/application/PlanningContext.java: Some input files use unchecked or unsafe operations.
[INFO] /Users/jordib/dev/agilityhub/agilityhub-core-api/target/before-fix/src/main/java/com/agilityhub/core/clubs/scheduling/application/PlanningContext.java: Recompile with -Xlint:unchecked for details.
[INFO] 
[INFO] --- resources:3.3.1:testResources (default-testResources) @ agilityhub-core-api ---
[INFO] Copying 37 resources from src/test/resources to target/test-classes
[INFO] 
[INFO] --- compiler:3.14.1:testCompile (default-testCompile) @ agilityhub-core-api ---
[INFO] Recompiling the module because of changed dependency.
[INFO] Compiling 232 source files with javac [debug parameters release 21] to target/test-classes
[WARNING] /Users/jordib/dev/agilityhub/agilityhub-core-api/target/before-fix/src/test/java/com/agilityhub/core/clubs/scheduling/persistence/SchedulingPersistenceTest.java:[74,28] ensureIndex(org.springframework.data.mongodb.core.index.IndexDefinition) in org.springframework.data.mongodb.core.index.IndexOperations has been deprecated and marked for removal
[WARNING] /Users/jordib/dev/agilityhub/agilityhub-core-api/target/before-fix/src/test/java/com/agilityhub/core/clubs/scheduling/persistence/SchedulingPersistenceTest.java:[81,19] ensureIndex(org.springframework.data.mongodb.core.index.IndexDefinition) in org.springframework.data.mongodb.core.index.IndexOperations has been deprecated and marked for removal
[WARNING] /Users/jordib/dev/agilityhub/agilityhub-core-api/target/before-fix/src/test/java/com/agilityhub/core/clubs/scheduling/persistence/SchedulingPersistenceTest.java:[87,25] ensureIndex(org.springframework.data.mongodb.core.index.IndexDefinition) in org.springframework.data.mongodb.core.index.IndexOperations has been deprecated and marked for removal
[WARNING] /Users/jordib/dev/agilityhub/agilityhub-core-api/target/before-fix/src/test/java/com/agilityhub/core/clubs/scheduling/persistence/SchedulingPersistenceTest.java:[103,25] ensureIndex(org.springframework.data.mongodb.core.index.IndexDefinition) in org.springframework.data.mongodb.core.index.IndexOperations has been deprecated and marked for removal
[INFO] /Users/jordib/dev/agilityhub/agilityhub-core-api/target/before-fix/src/test/java/com/agilityhub/core/clubs/catalogs/api/TeamIT.java: Some input files use or override a deprecated API.
[INFO] /Users/jordib/dev/agilityhub/agilityhub-core-api/target/before-fix/src/test/java/com/agilityhub/core/clubs/catalogs/api/TeamIT.java: Recompile with -Xlint:deprecation for details.
[INFO] /Users/jordib/dev/agilityhub/agilityhub-core-api/target/before-fix/src/test/java/com/agilityhub/core/clubs/catalogs/api/CatalogsIT.java: Some input files use unchecked or unsafe operations.
[INFO] /Users/jordib/dev/agilityhub/agilityhub-core-api/target/before-fix/src/test/java/com/agilityhub/core/clubs/catalogs/api/CatalogsIT.java: Recompile with -Xlint:unchecked for details.
[INFO] 
[INFO] --- surefire:3.5.6:test (default-test) @ agilityhub-core-api ---
[INFO] Using auto detected provider org.apache.maven.surefire.junitplatform.JUnitPlatformProvider
[INFO] 
[INFO] -------------------------------------------------------
[INFO]  T E S T S
[INFO] -------------------------------------------------------
[INFO] Running com.agilityhub.core.clubs.census.api.SignupSecurityFixesIT
15:10:41.090 [main] INFO org.springframework.test.context.support.AnnotationConfigContextLoaderUtils -- Could not detect default configuration classes for test class [com.agilityhub.core.clubs.census.api.SignupSecurityFixesIT]: SignupSecurityFixesIT does not declare any static, non-private, non-final, nested classes annotated with @Configuration.
15:10:41.261 [main] INFO org.springframework.boot.test.context.SpringBootTestContextBootstrapper -- Found @SpringBootConfiguration com.agilityhub.core.CoreApplication for test class com.agilityhub.core.clubs.census.api.SignupSecurityFixesIT
15:10:41.347 [main] INFO org.testcontainers.images.PullPolicy -- Image pull policy will be performed by: DefaultPullPolicy()
15:10:41.350 [main] INFO org.testcontainers.utility.ImageNameSubstitutor -- Image name substitution will be performed by: DefaultImageNameSubstitutor (composite of 'ConfigurationFileImageNameSubstitutor' and 'PrefixingImageNameSubstitutor')
15:10:41.356 [main] INFO org.testcontainers.DockerClientFactory -- Testcontainers version: 1.21.4
15:10:41.540 [main] INFO org.testcontainers.dockerclient.DockerClientProviderStrategy -- Loaded org.testcontainers.dockerclient.UnixSocketClientProviderStrategy from ~/.testcontainers.properties, will try it first
15:10:41.728 [main] INFO org.testcontainers.dockerclient.DockerClientProviderStrategy -- Found Docker environment with local Unix socket (unix:///var/run/docker.sock)
15:10:41.729 [main] INFO org.testcontainers.DockerClientFactory -- Docker host IP address is localhost
15:10:41.743 [main] INFO org.testcontainers.DockerClientFactory -- Connected to docker: 
  Server Version: 29.7.2
  API Version: 1.55
  Operating System: Docker Desktop
  Total Memory: 7931 MB
  Labels: 
    com.docker.desktop.address=unix:///Users/jordib/Library/Containers/com.docker.docker/Data/docker-cli.sock
15:10:41.933 [main] INFO tc.testcontainers/ryuk:0.12.0 -- Creating container for image: testcontainers/ryuk:0.12.0
15:10:42.018 [main] INFO org.testcontainers.utility.RegistryAuthLocator -- Credential helper/store (docker-credential-desktop) does not have credentials for https://index.docker.io/v1/
15:10:42.087 [main] INFO tc.testcontainers/ryuk:0.12.0 -- Container testcontainers/ryuk:0.12.0 is starting: d524067db6fd8a3a75446f1e88b90f995c7a9b9ba4416b089d258b70b4e65896
15:10:42.265 [main] INFO tc.testcontainers/ryuk:0.12.0 -- Container testcontainers/ryuk:0.12.0 started in PT0.332198S
15:10:42.270 [main] INFO org.testcontainers.utility.RyukResourceReaper -- Ryuk started - will monitor and terminate Testcontainers containers on JVM exit
15:10:42.270 [main] INFO org.testcontainers.DockerClientFactory -- Checking the system...
15:10:42.270 [main] INFO org.testcontainers.DockerClientFactory -- ✔︎ Docker server version should be at least 1.6.0
15:10:42.270 [main] INFO tc.mongo:7 -- Creating container for image: mongo:7
15:10:42.305 [main] INFO tc.mongo:7 -- Container mongo:7 is starting: 4e41b6621a94e50bf8ac772f78f7cc01770598a1ad26cd5b62f01acc30dffe2d
15:10:42.750 [main] INFO tc.mongo:7 -- Container mongo:7 started in PT0.47997S
Integration JVM availableProcessors=18

  .   ____          _            __ _ _
 /\\ / ___'_ __ _ _(_)_ __  __ _ \ \ \ \
( ( )\___ | '_ | '_| | '_ \/ _` | \ \ \ \
 \\/  ___)| |_)| | | | | || (_| |  ) ) ) )
  '  |____| .__|_| |_|_| |_\__, | / / / /
 =========|_|==============|___/=/_/_/_/

 :: Spring Boot ::               (v3.5.16)

2026-09-26T15:10:43.434+02:00  INFO 50702 --- [agilityhub-core-api] [           main] c.a.c.c.c.api.SignupSecurityFixesIT      : Starting SignupSecurityFixesIT using Java 21.0.12.1 with PID 50702 (started by jordib in /Users/jordib/dev/agilityhub/agilityhub-core-api/target/before-fix)
2026-09-26T15:10:43.435+02:00  INFO 50702 --- [agilityhub-core-api] [           main] c.a.c.c.c.api.SignupSecurityFixesIT      : The following 1 profile is active: "test"
2026-09-26T15:10:44.384+02:00  INFO 50702 --- [agilityhub-core-api] [           main] .s.d.r.c.RepositoryConfigurationDelegate : Bootstrapping Spring Data MongoDB repositories in DEFAULT mode.
2026-09-26T15:10:44.422+02:00  INFO 50702 --- [agilityhub-core-api] [           main] .s.d.r.c.RepositoryConfigurationDelegate : Finished Spring Data repository scanning in 35 ms. Found 0 MongoDB repository interfaces.
2026-09-26T15:10:44.845+02:00  INFO 50702 --- [agilityhub-core-api] [           main] org.mongodb.driver.client                : MongoClient with metadata {"driver": {"name": "mongo-java-driver|sync|spring-boot", "version": "5.5.2"}, "os": {"type": "Darwin", "name": "Mac OS X", "architecture": "aarch64", "version": "26.4.1"}, "platform": "Java/Homebrew/21.0.12.1"} created with settings MongoClientSettings{readPreference=primary, writeConcern=WriteConcern{w=null, wTimeout=null ms, journal=null}, retryWrites=true, retryReads=true, readConcern=ReadConcern{level=null}, credential=null, transportSettings=null, commandListeners=[io.micrometer.core.instrument.binder.mongodb.MongoMetricsCommandListener@404dabf3], codecRegistry=ProvidersCodecRegistry{codecProviders=[ValueCodecProvider{}, BsonValueCodecProvider{}, DBRefCodecProvider{}, DBObjectCodecProvider{}, DocumentCodecProvider{}, CollectionCodecProvider{}, IterableCodecProvider{}, MapCodecProvider{}, GeoJsonCodecProvider{}, GridFSFileCodecProvider{}, Jsr310CodecProvider{}, JsonObjectCodecProvider{}, BsonCodecProvider{}, EnumCodecProvider{}, com.mongodb.client.model.mql.ExpressionCodecProvider@58304c4, com.mongodb.Jep395RecordCodecProvider@34545f5f, com.mongodb.KotlinCodecProvider@3ff3e6ed]}, loggerSettings=LoggerSettings{maxDocumentLength=1000}, clusterSettings={hosts=[localhost:49650], srvServiceName=mongodb, mode=SINGLE, requiredClusterType=UNKNOWN, requiredReplicaSetName='null', serverSelector='null', clusterListeners='[]', serverSelectionTimeout='30000 ms', localThreshold='15 ms'}, socketSettings=SocketSettings{connectTimeoutMS=10000, readTimeoutMS=0, receiveBufferSize=0, proxySettings=ProxySettings{host=null, port=null, username=null, password=null}}, heartbeatSocketSettings=SocketSettings{connectTimeoutMS=10000, readTimeoutMS=10000, receiveBufferSize=0, proxySettings=ProxySettings{host=null, port=null, username=null, password=null}}, connectionPoolSettings=ConnectionPoolSettings{maxSize=100, minSize=0, maxWaitTimeMS=120000, maxConnectionLifeTimeMS=0, maxConnectionIdleTimeMS=0, maintenanceInitialDelayMS=0, maintenanceFrequencyMS=60000, connectionPoolListeners=[io.micrometer.core.instrument.binder.mongodb.MongoMetricsConnectionPoolListener@12ccc0d3], maxConnecting=2}, serverSettings=ServerSettings{heartbeatFrequencyMS=10000, minHeartbeatFrequencyMS=500, serverMonitoringMode=AUTO, serverListeners='[]', serverMonitorListeners='[]'}, sslSettings=SslSettings{enabled=false, invalidHostNameAllowed=false, context=null}, applicationName='null', compressorList=[], uuidRepresentation=JAVA_LEGACY, serverApi=null, autoEncryptionSettings=null, dnsClient=null, inetAddressResolver=null, contextProvider=null, timeoutMS=null}
2026-09-26T15:10:44.852+02:00  INFO 50702 --- [agilityhub-core-api] [localhost:49650] org.mongodb.driver.cluster               : Monitor thread successfully connected to server with description ServerDescription{address=localhost:49650, type=REPLICA_SET_PRIMARY, cryptd=false, state=CONNECTED, ok=true, minWireVersion=0, maxWireVersion=21, maxDocumentSize=16777216, logicalSessionTimeoutMinutes=30, roundTripTimeNanos=15293000, minRoundTripTimeNanos=0, setName='docker-rs', canonicalAddress=4e41b6621a94:27017, hosts=[4e41b6621a94:27017], passives=[], arbiters=[], primary='4e41b6621a94:27017', tagSet=TagSet{[]}, electionId=7fffffff0000000000000001, setVersion=1, topologyVersion=TopologyVersion{processId=6ab7c45207849437d2622cc9, counter=6}, lastWriteDate=Sat Sep 26 15:10:43 CEST 2026, lastUpdateTimeNanos=232050093964083}
2026-09-26T15:10:47.943+02:00  INFO 50702 --- [agilityhub-core-api] [           main] o.s.b.t.m.w.SpringBootMockServletContext : Initializing Spring TestDispatcherServlet ''
2026-09-26T15:10:47.943+02:00  INFO 50702 --- [agilityhub-core-api] [           main] o.s.t.web.servlet.TestDispatcherServlet  : Initializing Servlet ''
2026-09-26T15:10:47.944+02:00  INFO 50702 --- [agilityhub-core-api] [           main] o.s.t.web.servlet.TestDispatcherServlet  : Completed initialization in 1 ms
2026-09-26T15:10:47.973+02:00  INFO 50702 --- [agilityhub-core-api] [           main] c.a.c.c.c.api.SignupSecurityFixesIT      : Started SignupSecurityFixesIT in 4.735 seconds (process running for 7.456)
Mockito is currently self-attaching to enable the inline-mock-maker. This will no longer work in future releases of the JDK. Please add Mockito as an agent to your build as described in Mockito's documentation: https://javadoc.io/doc/org.mockito/mockito-core/latest/org.mockito/org/mockito/Mockito.html#0.3
OpenJDK 64-Bit Server VM warning: Sharing is only supported for boot loader classes because bootstrap classpath has been appended
WARNING: A Java agent has been loaded dynamically (/Users/jordib/.m2/repository/net/bytebuddy/byte-buddy-agent/1.17.8/byte-buddy-agent-1.17.8.jar)
WARNING: If a serviceability tool is in use, please run with -XX:+EnableDynamicAgentLoading to hide this warning
WARNING: If a serviceability tool is not in use, please run with -Djdk.instrument.traceUsage for more information
WARNING: Dynamic loading of agents will be disallowed by default in a future release
[ERROR] Tests run: 3, Failures: 2, Errors: 0, Skipped: 0, Time elapsed: 9.208 s <<< FAILURE! -- in com.agilityhub.core.clubs.census.api.SignupSecurityFixesIT
[ERROR] com.agilityhub.core.clubs.census.api.SignupSecurityFixesIT.R_04_19_R_04_06_aReusedDogsMixedEditMergesOnlyTheTypesItChanges -- Time elapsed: 0.277 s <<< FAILURE!
org.opentest4j.AssertionFailedError: 
[only the changed type] 
Expecting actual:
  ["VACCINATION_CARD", "INSURANCE"]
to contain exactly (and in same order):
  ["VACCINATION_CARD"]
but some elements were not expected:
  ["INSURANCE"]

	at com.agilityhub.core.clubs.census.api.SignupSecurityFixesIT.R_04_19_R_04_06_aReusedDogsMixedEditMergesOnlyTheTypesItChanges(SignupSecurityFixesIT.java:798)
	at java.base/java.lang.reflect.Method.invoke(Method.java:580)
	at java.base/java.util.ArrayList.forEach(ArrayList.java:1596)
	at java.base/java.util.ArrayList.forEach(ArrayList.java:1596)

[ERROR] com.agilityhub.core.clubs.census.api.SignupSecurityFixesIT.R_04_19_R_04_08_aD2EditMeetsTheCardRequirementUnlessItChangesTheCard -- Time elapsed: 0.154 s <<< FAILURE!
org.opentest4j.AssertionFailedError: 
[HTTP code=DOG_DOCUMENT_REQUIRED details={}] 
expected: 200
 but was: 422
	at com.agilityhub.core.clubs.census.api.SignupSecurityFixesIT.result(SignupSecurityFixesIT.java:79)
	at com.agilityhub.core.clubs.census.api.SignupSecurityFixesIT.R_04_19_R_04_08_aD2EditMeetsTheCardRequirementUnlessItChangesTheCard(SignupSecurityFixesIT.java:748)
	at java.base/java.lang.reflect.Method.invoke(Method.java:580)
	at java.base/java.util.ArrayList.forEach(ArrayList.java:1596)
	at java.base/java.util.ArrayList.forEach(ArrayList.java:1596)

[INFO] Running com.agilityhub.core.platform.application.definition.ClubDefinitionsIT
2026-09-26T15:10:50.241+02:00  INFO 50702 --- [agilityhub-core-api] [           main] t.c.s.AnnotationConfigContextLoaderUtils : Could not detect default configuration classes for test class [com.agilityhub.core.platform.application.definition.ClubDefinitionsIT]: ClubDefinitionsIT does not declare any static, non-private, non-final, nested classes annotated with @Configuration.
2026-09-26T15:10:50.265+02:00  INFO 50702 --- [agilityhub-core-api] [           main] .b.t.c.SpringBootTestContextBootstrapper : Found @SpringBootConfiguration com.agilityhub.core.CoreApplication for test class com.agilityhub.core.platform.application.definition.ClubDefinitionsIT

  .   ____          _            __ _ _
 /\\ / ___'_ __ _ _(_)_ __  __ _ \ \ \ \
( ( )\___ | '_ | '_| | '_ \/ _` | \ \ \ \
 \\/  ___)| |_)| | | | | || (_| |  ) ) ) )
  '  |____| .__|_| |_|_| |_\__, | / / / /
 =========|_|==============|___/=/_/_/_/

 :: Spring Boot ::               (v3.5.16)

2026-09-26T15:10:50.278+02:00  INFO 50702 --- [agilityhub-core-api] [           main] c.a.c.p.a.definition.ClubDefinitionsIT   : Starting ClubDefinitionsIT using Java 21.0.12.1 with PID 50702 (started by jordib in /Users/jordib/dev/agilityhub/agilityhub-core-api/target/before-fix)
2026-09-26T15:10:50.278+02:00  INFO 50702 --- [agilityhub-core-api] [           main] c.a.c.p.a.definition.ClubDefinitionsIT   : The following 1 profile is active: "test"
2026-09-26T15:10:50.471+02:00  INFO 50702 --- [agilityhub-core-api] [           main] .s.d.r.c.RepositoryConfigurationDelegate : Bootstrapping Spring Data MongoDB repositories in DEFAULT mode.
2026-09-26T15:10:50.493+02:00  INFO 50702 --- [agilityhub-core-api] [           main] .s.d.r.c.RepositoryConfigurationDelegate : Finished Spring Data repository scanning in 20 ms. Found 0 MongoDB repository interfaces.
2026-09-26T15:10:50.535+02:00  INFO 50702 --- [agilityhub-core-api] [           main] org.mongodb.driver.client                : MongoClient with metadata {"driver": {"name": "mongo-java-driver|sync|spring-boot", "version": "5.5.2"}, "os": {"type": "Darwin", "name": "Mac OS X", "architecture": "aarch64", "version": "26.4.1"}, "platform": "Java/Homebrew/21.0.12.1"} created with settings MongoClientSettings{readPreference=primary, writeConcern=WriteConcern{w=null, wTimeout=null ms, journal=null}, retryWrites=true, retryReads=true, readConcern=ReadConcern{level=null}, credential=null, transportSettings=null, commandListeners=[io.micrometer.core.instrument.binder.mongodb.MongoMetricsCommandListener@65853a9d], codecRegistry=ProvidersCodecRegistry{codecProviders=[ValueCodecProvider{}, BsonValueCodecProvider{}, DBRefCodecProvider{}, DBObjectCodecProvider{}, DocumentCodecProvider{}, CollectionCodecProvider{}, IterableCodecProvider{}, MapCodecProvider{}, GeoJsonCodecProvider{}, GridFSFileCodecProvider{}, Jsr310CodecProvider{}, JsonObjectCodecProvider{}, BsonCodecProvider{}, EnumCodecProvider{}, com.mongodb.client.model.mql.ExpressionCodecProvider@58304c4, com.mongodb.Jep395RecordCodecProvider@34545f5f, com.mongodb.KotlinCodecProvider@3ff3e6ed]}, loggerSettings=LoggerSettings{maxDocumentLength=1000}, clusterSettings={hosts=[localhost:49650], srvServiceName=mongodb, mode=SINGLE, requiredClusterType=UNKNOWN, requiredReplicaSetName='null', serverSelector='null', clusterListeners='[]', serverSelectionTimeout='30000 ms', localThreshold='15 ms'}, socketSettings=SocketSettings{connectTimeoutMS=10000, readTimeoutMS=0, receiveBufferSize=0, proxySettings=ProxySettings{host=null, port=null, username=null, password=null}}, heartbeatSocketSettings=SocketSettings{connectTimeoutMS=10000, readTimeoutMS=10000, receiveBufferSize=0, proxySettings=ProxySettings{host=null, port=null, username=null, password=null}}, connectionPoolSettings=ConnectionPoolSettings{maxSize=100, minSize=0, maxWaitTimeMS=120000, maxConnectionLifeTimeMS=0, maxConnectionIdleTimeMS=0, maintenanceInitialDelayMS=0, maintenanceFrequencyMS=60000, connectionPoolListeners=[io.micrometer.core.instrument.binder.mongodb.MongoMetricsConnectionPoolListener@3220a15a], maxConnecting=2}, serverSettings=ServerSettings{heartbeatFrequencyMS=10000, minHeartbeatFrequencyMS=500, serverMonitoringMode=AUTO, serverListeners='[]', serverMonitorListeners='[]'}, sslSettings=SslSettings{enabled=false, invalidHostNameAllowed=false, context=null}, applicationName='null', compressorList=[], uuidRepresentation=JAVA_LEGACY, serverApi=null, autoEncryptionSettings=null, dnsClient=null, inetAddressResolver=null, contextProvider=null, timeoutMS=null}
2026-09-26T15:10:50.537+02:00  INFO 50702 --- [agilityhub-core-api] [localhost:49650] org.mongodb.driver.cluster               : Monitor thread successfully connected to server with description ServerDescription{address=localhost:49650, type=REPLICA_SET_PRIMARY, cryptd=false, state=CONNECTED, ok=true, minWireVersion=0, maxWireVersion=21, maxDocumentSize=16777216, logicalSessionTimeoutMinutes=30, roundTripTimeNanos=1744458, minRoundTripTimeNanos=0, setName='docker-rs', canonicalAddress=4e41b6621a94:27017, hosts=[4e41b6621a94:27017], passives=[], arbiters=[], primary='4e41b6621a94:27017', tagSet=TagSet{[]}, electionId=7fffffff0000000000000001, setVersion=1, topologyVersion=TopologyVersion{processId=6ab7c45207849437d2622cc9, counter=6}, lastWriteDate=Sat Sep 26 15:10:50 CEST 2026, lastUpdateTimeNanos=232055780013708}
2026-09-26T15:10:51.663+02:00  INFO 50702 --- [agilityhub-core-api] [           main] o.s.b.t.m.w.SpringBootMockServletContext : Initializing Spring TestDispatcherServlet ''
2026-09-26T15:10:51.663+02:00  INFO 50702 --- [agilityhub-core-api] [           main] o.s.t.web.servlet.TestDispatcherServlet  : Initializing Servlet ''
2026-09-26T15:10:51.663+02:00  INFO 50702 --- [agilityhub-core-api] [           main] o.s.t.web.servlet.TestDispatcherServlet  : Completed initialization in 0 ms
2026-09-26T15:10:51.679+02:00  INFO 50702 --- [agilityhub-core-api] [           main] c.a.c.p.a.definition.ClubDefinitionsIT   : Started ClubDefinitionsIT in 1.412 seconds (process running for 11.162)
[ERROR] Tests run: 3, Failures: 3, Errors: 0, Skipped: 0, Time elapsed: 4.433 s <<< FAILURE! -- in com.agilityhub.core.platform.application.definition.ClubDefinitionsIT
[ERROR] com.agilityhub.core.platform.application.definition.ClubDefinitionsIT.T_17_01_enablingSeededProvidersIsOneChangeAndKeepsTheirStoredConfiguration -- Time elapsed: 1.343 s <<< FAILURE!
java.lang.AssertionError: 

Expecting actual:
  "= club unchanged
= domains unchanged
= theme unchanged
= modules unchanged
~ paymentProviders changed
  paymentProviders.MANUAL: {"enabled":false} -> {"enabled":true}
  paymentProviders.SEPA_XML: {"enabled":false} -> {"enabled":true}
= legal unchanged
= pwa unchanged
= parameters.signup.enabled unchanged
= parameters.signup.pendingExpiryDays unchanged
= parameters.signup.requireDogDocumentAtSignup unchanged
= parameters.signup.firstMonthSplitDay unchanged
= parameters.signup.allowFamilyGroupPending unchanged
= admins: 0 to provision
= accounts: 0 to provision
= catalogs: 0 catalog changes
= messageTemplates: schema accepted; application deferred to E7
= pages: 0 page changes
1 changes (dry run)"
to contain:
  ["~ paymentProviders changed",
    "paymentProviders.SEPA_XML: {"enabled":false} -> {"enabled":true}",
    "paymentProviders.MANUAL: {"enabled":false} -> {"enabled":true,"instructions":"]
but could not find:
  ["paymentProviders.MANUAL: {"enabled":false} -> {"enabled":true,"instructions":"]
 
	at com.agilityhub.core.platform.application.definition.ClubDefinitionsIT.T_17_01_enablingSeededProvidersIsOneChangeAndKeepsTheirStoredConfiguration(ClubDefinitionsIT.java:348)
	at java.base/java.lang.reflect.Method.invoke(Method.java:580)
	at java.base/java.util.ArrayList.forEach(ArrayList.java:1596)
	at java.base/java.util.ArrayList.forEach(ArrayList.java:1596)

[ERROR] com.agilityhub.core.platform.application.definition.ClubDefinitionsIT.T_02_12_canicSeedEnablesDirectDebitAndCashWithoutConfiguringThem -- Time elapsed: 0.795 s <<< FAILURE!
org.opentest4j.AssertionFailedError: 

expected: {"MANUAL"={"enabled"=true, "instructions"={"ca"="El pagament de l'entrada i el mes en curs (o el proper) és necessari per a la validació de l'alta. Pot fer-se per transferència al compte ES08 2100 0416 5702 0016 4955 (Club d'Agility Cànic) o per Bizum al 607 475 945.", "es"="El pago de la entrada y del mes en curso (o del siguiente) es necesario para la validación del alta. Puede hacerse por transferencia a la cuenta ES08 2100 0416 5702 0016 4955 (Club d'Agility Cànic) o por Bizum al 607 475 945."}}, "SEPA_XML"={"enabled"=true}}
 but was: {"MANUAL"={"enabled"=true}, "SEPA_XML"={"enabled"=true}}
	at com.agilityhub.core.platform.application.definition.ClubDefinitionsIT.T_02_12_canicSeedEnablesDirectDebitAndCashWithoutConfiguringThem(ClubDefinitionsIT.java:112)
	at java.base/java.lang.reflect.Method.invoke(Method.java:580)
	at java.base/java.util.ArrayList.forEach(ArrayList.java:1596)
	at java.base/java.util.ArrayList.forEach(ArrayList.java:1596)

[ERROR] com.agilityhub.core.platform.application.definition.ClubDefinitionsIT.T_04_14_T_02_12_canicSeedCarriesItsCashPaymentInstructions -- Time elapsed: 0.763 s <<< FAILURE!
org.opentest4j.AssertionFailedError: 

expected: 1
 but was: 0
	at com.agilityhub.core.platform.application.definition.ClubDefinitionsIT.T_04_14_T_02_12_canicSeedCarriesItsCashPaymentInstructions(ClubDefinitionsIT.java:151)
	at java.base/java.lang.reflect.Method.invoke(Method.java:580)
	at java.base/java.util.ArrayList.forEach(ArrayList.java:1596)
	at java.base/java.util.ArrayList.forEach(ArrayList.java:1596)

[INFO] Running com.agilityhub.core.platform.application.definition.ClubDefinitionCodecTest
[ERROR] Tests run: 1, Failures: 1, Errors: 0, Skipped: 0, Time elapsed: 0.013 s <<< FAILURE! -- in com.agilityhub.core.platform.application.definition.ClubDefinitionCodecTest
[ERROR] com.agilityhub.core.platform.application.definition.ClubDefinitionCodecTest.T_17_01_paymentProvidersAreNamesOrEnabledFlagsAndNeverCredentials -- Time elapsed: 0.008 s <<< FAILURE!
org.opentest4j.AssertionFailedError: 

Expecting actual:
  ["enabled"]
to contain exactly (and in same order):
  ["enabled", "instructions"]
but could not find the following elements:
  ["instructions"]

	at com.agilityhub.core.platform.application.definition.ClubDefinitionCodecTest.T_17_01_paymentProvidersAreNamesOrEnabledFlagsAndNeverCredentials(ClubDefinitionCodecTest.java:50)
	at java.base/java.lang.reflect.Method.invoke(Method.java:580)
	at java.base/java.util.ArrayList.forEach(ArrayList.java:1596)
	at java.base/java.util.ArrayList.forEach(ArrayList.java:1596)

[INFO] 
[INFO] Results:
[INFO] 
[ERROR] Failures: 
[ERROR]   SignupSecurityFixesIT.R_04_19_R_04_06_aReusedDogsMixedEditMergesOnlyTheTypesItChanges:798 [only the changed type] 
Expecting actual:
  ["VACCINATION_CARD", "INSURANCE"]
to contain exactly (and in same order):
  ["VACCINATION_CARD"]
but some elements were not expected:
  ["INSURANCE"]

[ERROR]   SignupSecurityFixesIT.R_04_19_R_04_08_aD2EditMeetsTheCardRequirementUnlessItChangesTheCard:748->result:79 [HTTP code=DOG_DOCUMENT_REQUIRED details={}] 
expected: 200
 but was: 422
[ERROR]   ClubDefinitionCodecTest.T_17_01_paymentProvidersAreNamesOrEnabledFlagsAndNeverCredentials:50 
Expecting actual:
  ["enabled"]
to contain exactly (and in same order):
  ["enabled", "instructions"]
but could not find the following elements:
  ["instructions"]

[ERROR]   ClubDefinitionsIT.T_02_12_canicSeedEnablesDirectDebitAndCashWithoutConfiguringThem:112 
expected: {"MANUAL"={"enabled"=true, "instructions"={"ca"="El pagament de l'entrada i el mes en curs (o el proper) és necessari per a la validació de l'alta. Pot fer-se per transferència al compte ES08 2100 0416 5702 0016 4955 (Club d'Agility Cànic) o per Bizum al 607 475 945.", "es"="El pago de la entrada y del mes en curso (o del siguiente) es necesario para la validación del alta. Puede hacerse por transferencia a la cuenta ES08 2100 0416 5702 0016 4955 (Club d'Agility Cànic) o por Bizum al 607 475 945."}}, "SEPA_XML"={"enabled"=true}}
 but was: {"MANUAL"={"enabled"=true}, "SEPA_XML"={"enabled"=true}}
[ERROR]   ClubDefinitionsIT.T_04_14_T_02_12_canicSeedCarriesItsCashPaymentInstructions:151 
expected: 1
 but was: 0
[ERROR]   ClubDefinitionsIT.T_17_01_enablingSeededProvidersIsOneChangeAndKeepsTheirStoredConfiguration:348 
Expecting actual:
  "= club unchanged
= domains unchanged
= theme unchanged
= modules unchanged
~ paymentProviders changed
  paymentProviders.MANUAL: {"enabled":false} -> {"enabled":true}
  paymentProviders.SEPA_XML: {"enabled":false} -> {"enabled":true}
= legal unchanged
= pwa unchanged
= parameters.signup.enabled unchanged
= parameters.signup.pendingExpiryDays unchanged
= parameters.signup.requireDogDocumentAtSignup unchanged
= parameters.signup.firstMonthSplitDay unchanged
= parameters.signup.allowFamilyGroupPending unchanged
= admins: 0 to provision
= accounts: 0 to provision
= catalogs: 0 catalog changes
= messageTemplates: schema accepted; application deferred to E7
= pages: 0 page changes
1 changes (dry run)"
to contain:
  ["~ paymentProviders changed",
    "paymentProviders.SEPA_XML: {"enabled":false} -> {"enabled":true}",
    "paymentProviders.MANUAL: {"enabled":false} -> {"enabled":true,"instructions":"]
but could not find:
  ["paymentProviders.MANUAL: {"enabled":false} -> {"enabled":true,"instructions":"]
 
[INFO] 
[ERROR] Tests run: 7, Failures: 6, Errors: 0, Skipped: 0
[INFO] 
[INFO] ------------------------------------------------------------------------
[INFO] BUILD FAILURE
[INFO] ------------------------------------------------------------------------
[INFO] Total time:  22.404 s
[INFO] Finished at: 2026-09-26T15:10:55+02:00
[INFO] ------------------------------------------------------------------------
[ERROR] Failed to execute goal org.apache.maven.plugins:maven-surefire-plugin:3.5.6:test (default-test) on project agilityhub-core-api: There are test failures.
[ERROR] 
[ERROR] See /Users/jordib/dev/agilityhub/agilityhub-core-api/target/before-fix/target/surefire-reports for the individual test results.
[ERROR] See dump files (if any exist) [date].dump, [date]-jvmRun[N].dump and [date].dumpstream.
[ERROR] -> [Help 1]
[ERROR] 
[ERROR] To see the full stack trace of the errors, re-run Maven with the -e switch.
[ERROR] Re-run Maven using the -X switch to enable full debug logging.
[ERROR] 
[ERROR] For more information about the errors and possible solutions, please read the following articles:
[ERROR] [Help 1] http://cwiki.apache.org/confluence/display/MAVEN/MojoFailureException
