[INFO] Scanning for projects...
[INFO] 
[INFO] -----------------< com.agilityhub:agilityhub-core-api >-----------------
[INFO] Building AgilityHub Core API 0.1.0-SNAPSHOT
[INFO]   from pom.xml
[INFO] --------------------------------[ jar ]---------------------------------
[INFO] 
[INFO] --- enforcer:3.6.2:enforce (require-java-21) @ agilityhub-core-api ---
[INFO] Rule 0: org.apache.maven.enforcer.rules.version.RequireJavaVersion passed
[INFO] Rule 1: org.apache.maven.enforcer.rules.version.RequireMavenVersion passed
[INFO] 
[INFO] --- jacoco:0.8.14:prepare-agent (default) @ agilityhub-core-api ---
[INFO] Skipping JaCoCo execution because property jacoco.skip is set.
[INFO] argLine set to empty
[INFO] 
[INFO] --- spring-boot:3.5.16:build-info (default) @ agilityhub-core-api ---
[INFO] 
[INFO] --- resources:3.3.1:resources (default-resources) @ agilityhub-core-api ---
[INFO] Copying 9 resources from src/main/resources to target/classes
[INFO] Copying 1 resource from seeds to target/classes/seeds
[INFO] 
[INFO] --- compiler:3.14.1:compile (default-compile) @ agilityhub-core-api ---
[INFO] Nothing to compile - all classes are up to date.
[INFO] 
[INFO] --- resources:3.3.1:testResources (default-testResources) @ agilityhub-core-api ---
[INFO] Copying 31 resources from src/test/resources to target/test-classes
[INFO] 
[INFO] --- compiler:3.14.1:testCompile (default-testCompile) @ agilityhub-core-api ---
[INFO] Nothing to compile - all classes are up to date.
[INFO] 
[INFO] --- surefire:3.5.6:test (default-test) @ agilityhub-core-api ---
[INFO] 
[INFO] --- jar:3.4.2:jar (default-jar) @ agilityhub-core-api ---
[INFO] Building jar: /Users/jordib/dev/agilityhub/agilityhub-core-api/target/agilityhub-core-api-0.1.0-SNAPSHOT.jar
[INFO] 
[INFO] --- spring-boot:3.5.16:repackage (repackage) @ agilityhub-core-api ---
[INFO] Replacing main artifact /Users/jordib/dev/agilityhub/agilityhub-core-api/target/agilityhub-core-api-0.1.0-SNAPSHOT.jar with repackaged archive, adding nested dependencies in BOOT-INF/.
[INFO] The original artifact has been renamed to /Users/jordib/dev/agilityhub/agilityhub-core-api/target/agilityhub-core-api-0.1.0-SNAPSHOT.jar.original
[INFO] 
[INFO] --- failsafe:3.5.6:integration-test (default) @ agilityhub-core-api ---
[INFO] Tests will run in random order. To reproduce ordering use flag -Dfailsafe.runOrder.random.seed=96653357746041
[INFO] Using auto detected provider org.apache.maven.surefire.junitplatform.JUnitPlatformProvider
[INFO] 
[INFO] -------------------------------------------------------
[INFO]  T E S T S
[INFO] -------------------------------------------------------
[INFO] Running com.agilityhub.core.clubs.training.api.TrainingIT
09:05:04.844 [main] INFO org.springframework.test.context.support.AnnotationConfigContextLoaderUtils -- Could not detect default configuration classes for test class [com.agilityhub.core.clubs.training.api.TrainingIT]: TrainingIT does not declare any static, non-private, non-final, nested classes annotated with @Configuration.
09:05:04.932 [main] INFO org.springframework.boot.test.context.SpringBootTestContextBootstrapper -- Found @SpringBootConfiguration com.agilityhub.core.CoreApplication for test class com.agilityhub.core.clubs.training.api.TrainingIT
09:05:04.972 [main] INFO org.testcontainers.images.PullPolicy -- Image pull policy will be performed by: DefaultPullPolicy()
09:05:04.973 [main] INFO org.testcontainers.utility.ImageNameSubstitutor -- Image name substitution will be performed by: DefaultImageNameSubstitutor (composite of 'ConfigurationFileImageNameSubstitutor' and 'PrefixingImageNameSubstitutor')
09:05:04.975 [main] INFO org.testcontainers.DockerClientFactory -- Testcontainers version: 1.21.4
09:05:05.035 [main] INFO org.testcontainers.dockerclient.DockerClientProviderStrategy -- Loaded org.testcontainers.dockerclient.UnixSocketClientProviderStrategy from ~/.testcontainers.properties, will try it first
09:05:05.124 [main] INFO org.testcontainers.dockerclient.DockerClientProviderStrategy -- Found Docker environment with local Unix socket (unix:///var/run/docker.sock)
09:05:05.125 [main] INFO org.testcontainers.DockerClientFactory -- Docker host IP address is localhost
09:05:05.134 [main] INFO org.testcontainers.DockerClientFactory -- Connected to docker: 
  Server Version: 29.7.2
  API Version: 1.55
  Operating System: Docker Desktop
  Total Memory: 7931 MB
  Labels: 
    com.docker.desktop.address=unix:///Users/jordib/Library/Containers/com.docker.docker/Data/docker-cli.sock
09:05:05.216 [main] INFO tc.testcontainers/ryuk:0.12.0 -- Creating container for image: testcontainers/ryuk:0.12.0
09:05:05.265 [main] INFO org.testcontainers.utility.RegistryAuthLocator -- Credential helper/store (docker-credential-desktop) does not have credentials for https://index.docker.io/v1/
09:05:05.310 [main] INFO tc.testcontainers/ryuk:0.12.0 -- Container testcontainers/ryuk:0.12.0 is starting: 3206d9594b81625a2d922468910b5e98fefe7c8eff83e165d36f53ee2a7c0385
09:05:05.424 [main] INFO tc.testcontainers/ryuk:0.12.0 -- Container testcontainers/ryuk:0.12.0 started in PT0.2082S
09:05:05.427 [main] INFO org.testcontainers.utility.RyukResourceReaper -- Ryuk started - will monitor and terminate Testcontainers containers on JVM exit
09:05:05.427 [main] INFO org.testcontainers.DockerClientFactory -- Checking the system...
09:05:05.427 [main] INFO org.testcontainers.DockerClientFactory -- ✔︎ Docker server version should be at least 1.6.0
09:05:05.427 [main] INFO tc.mongo:7 -- Creating container for image: mongo:7
09:05:05.454 [main] INFO tc.mongo:7 -- Container mongo:7 is starting: 2b078096b250cc133752921f5e8314bd4643d6aa4539bba4079e69d0956e21c1
09:05:05.871 [main] INFO tc.mongo:7 -- Container mongo:7 started in PT0.444103S
Integration JVM availableProcessors=2

  .   ____          _            __ _ _
 /\\ / ___'_ __ _ _(_)_ __  __ _ \ \ \ \
( ( )\___ | '_ | '_| | '_ \/ _` | \ \ \ \
 \\/  ___)| |_)| | | | | || (_| |  ) ) ) )
  '  |____| .__|_| |_|_| |_\__, | / / / /
 =========|_|==============|___/=/_/_/_/

 :: Spring Boot ::               (v3.5.16)

2026-09-24T09:05:06.420+02:00  INFO 70035 --- [agilityhub-core-api] [           main] c.a.core.clubs.training.api.TrainingIT   : Starting TrainingIT using Java 21.0.12.1 with PID 70035 (started by jordib in /Users/jordib/dev/agilityhub/agilityhub-core-api)
2026-09-24T09:05:06.420+02:00  INFO 70035 --- [agilityhub-core-api] [           main] c.a.core.clubs.training.api.TrainingIT   : The following 1 profile is active: "test"
2026-09-24T09:05:06.935+02:00  INFO 70035 --- [agilityhub-core-api] [           main] .s.d.r.c.RepositoryConfigurationDelegate : Bootstrapping Spring Data MongoDB repositories in DEFAULT mode.
2026-09-24T09:05:06.963+02:00  INFO 70035 --- [agilityhub-core-api] [           main] .s.d.r.c.RepositoryConfigurationDelegate : Finished Spring Data repository scanning in 26 ms. Found 0 MongoDB repository interfaces.
2026-09-24T09:05:07.194+02:00  INFO 70035 --- [agilityhub-core-api] [           main] org.mongodb.driver.client                : MongoClient with metadata {"driver": {"name": "mongo-java-driver|sync|spring-boot", "version": "5.5.2"}, "os": {"type": "Darwin", "name": "Mac OS X", "architecture": "aarch64", "version": "26.4.1"}, "platform": "Java/Homebrew/21.0.12.1"} created with settings MongoClientSettings{readPreference=primary, writeConcern=WriteConcern{w=null, wTimeout=null ms, journal=null}, retryWrites=true, retryReads=true, readConcern=ReadConcern{level=null}, credential=null, transportSettings=null, commandListeners=[io.micrometer.core.instrument.binder.mongodb.MongoMetricsCommandListener@3a0b6aff], codecRegistry=ProvidersCodecRegistry{codecProviders=[ValueCodecProvider{}, BsonValueCodecProvider{}, DBRefCodecProvider{}, DBObjectCodecProvider{}, DocumentCodecProvider{}, CollectionCodecProvider{}, IterableCodecProvider{}, MapCodecProvider{}, GeoJsonCodecProvider{}, GridFSFileCodecProvider{}, Jsr310CodecProvider{}, JsonObjectCodecProvider{}, BsonCodecProvider{}, EnumCodecProvider{}, com.mongodb.client.model.mql.ExpressionCodecProvider@f1e1d66, com.mongodb.Jep395RecordCodecProvider@3cd28235, com.mongodb.KotlinCodecProvider@75312c94]}, loggerSettings=LoggerSettings{maxDocumentLength=1000}, clusterSettings={hosts=[localhost:61763], srvServiceName=mongodb, mode=SINGLE, requiredClusterType=UNKNOWN, requiredReplicaSetName='null', serverSelector='null', clusterListeners='[]', serverSelectionTimeout='30000 ms', localThreshold='15 ms'}, socketSettings=SocketSettings{connectTimeoutMS=10000, readTimeoutMS=0, receiveBufferSize=0, proxySettings=ProxySettings{host=null, port=null, username=null, password=null}}, heartbeatSocketSettings=SocketSettings{connectTimeoutMS=10000, readTimeoutMS=10000, receiveBufferSize=0, proxySettings=ProxySettings{host=null, port=null, username=null, password=null}}, connectionPoolSettings=ConnectionPoolSettings{maxSize=100, minSize=0, maxWaitTimeMS=120000, maxConnectionLifeTimeMS=0, maxConnectionIdleTimeMS=0, maintenanceInitialDelayMS=0, maintenanceFrequencyMS=60000, connectionPoolListeners=[io.micrometer.core.instrument.binder.mongodb.MongoMetricsConnectionPoolListener@140cfc5f], maxConnecting=2}, serverSettings=ServerSettings{heartbeatFrequencyMS=10000, minHeartbeatFrequencyMS=500, serverMonitoringMode=AUTO, serverListeners='[]', serverMonitorListeners='[]'}, sslSettings=SslSettings{enabled=false, invalidHostNameAllowed=false, context=null}, applicationName='null', compressorList=[], uuidRepresentation=JAVA_LEGACY, serverApi=null, autoEncryptionSettings=null, dnsClient=null, inetAddressResolver=null, contextProvider=null, timeoutMS=null}
2026-09-24T09:05:07.198+02:00  INFO 70035 --- [agilityhub-core-api] [localhost:61763] org.mongodb.driver.cluster               : Monitor thread successfully connected to server with description ServerDescription{address=localhost:61763, type=REPLICA_SET_PRIMARY, cryptd=false, state=CONNECTED, ok=true, minWireVersion=0, maxWireVersion=21, maxDocumentSize=16777216, logicalSessionTimeoutMinutes=30, roundTripTimeNanos=7345917, minRoundTripTimeNanos=0, setName='docker-rs', canonicalAddress=2b078096b250:27017, hosts=[2b078096b250:27017], passives=[], arbiters=[], primary='2b078096b250:27017', tagSet=TagSet{[]}, electionId=7fffffff0000000000000001, setVersion=1, topologyVersion=TopologyVersion{processId=6ab4cba1ed1ffafee7a2a8a1, counter=6}, lastWriteDate=Thu Sep 24 09:05:06 CEST 2026, lastUpdateTimeNanos=96656024568000}
2026-09-24T09:05:09.080+02:00  INFO 70035 --- [agilityhub-core-api] [           main] o.s.b.t.m.w.SpringBootMockServletContext : Initializing Spring TestDispatcherServlet ''
2026-09-24T09:05:09.080+02:00  INFO 70035 --- [agilityhub-core-api] [           main] o.s.t.web.servlet.TestDispatcherServlet  : Initializing Servlet ''
2026-09-24T09:05:09.080+02:00  INFO 70035 --- [agilityhub-core-api] [           main] o.s.t.web.servlet.TestDispatcherServlet  : Completed initialization in 0 ms
2026-09-24T09:05:09.099+02:00  INFO 70035 --- [agilityhub-core-api] [           main] c.a.core.clubs.training.api.TrainingIT   : Started TrainingIT in 2.785 seconds (process running for 4.514)
Mockito is currently self-attaching to enable the inline-mock-maker. This will no longer work in future releases of the JDK. Please add Mockito as an agent to your build as described in Mockito's documentation: https://javadoc.io/doc/org.mockito/mockito-core/latest/org.mockito/org/mockito/Mockito.html#0.3
OpenJDK 64-Bit Server VM warning: Sharing is only supported for boot loader classes because bootstrap classpath has been appended
WARNING: A Java agent has been loaded dynamically (/Users/jordib/.m2/repository/net/bytebuddy/byte-buddy-agent/1.17.8/byte-buddy-agent-1.17.8.jar)
WARNING: If a serviceability tool is in use, please run with -XX:+EnableDynamicAgentLoading to hide this warning
WARNING: If a serviceability tool is not in use, please run with -Djdk.instrument.traceUsage for more information
WARNING: Dynamic loading of agents will be disallowed by default in a future release
T-09-27 day-grid view=member: {"date":"2026-10-06","dayOfWeek":"TUESDAY","timeZone":"Europe/Madrid","view":"MEMBER","columns":[{"ringId":"s09-r-mun","shortName":"MUN","name":"Muntanya","color":"#8FCE8F"},{"ringId":"s09-r-cen","shortName":"CEN","name":"Central","color":"#8FCE8F"},{"ringId":"s09-r-car","shortName":"CAR","name":"Carretera","color":"#8FCE8F"},{"ringId":"s09-r-cad","shortName":"CAD","name":"Cadells","color":"#8FCE8F"},{"ringId":"s09-r-pet","shortName":"PET","name":"Petita","color":"#8FCE8F"}],"rows":[{"time":"10:00","cells":[{"ringId":"s09-r-mun","kind":"OCCUPIED","endTime":"10:30","reason":"TRAINING"}]},{"time":"18:00","cells":[{"ringId":"s09-r-car","kind":"OCCUPIED","endTime":"19:00","reason":"PRIVATE_CLASS"}]}]}
T-09-27 day-grid view=instructor: {"date":"2026-10-06","dayOfWeek":"TUESDAY","timeZone":"Europe/Madrid","view":"INSTRUCTOR","columns":[{"ringId":"s09-r-mun","shortName":"MUN","name":"Muntanya","color":"#8FCE8F"},{"ringId":"s09-r-cen","shortName":"CEN","name":"Central","color":"#8FCE8F"},{"ringId":"s09-r-car","shortName":"CAR","name":"Carretera","color":"#8FCE8F"},{"ringId":"s09-r-cad","shortName":"CAD","name":"Cadells","color":"#8FCE8F"},{"ringId":"s09-r-pet","shortName":"PET","name":"Petita","color":"#8FCE8F"}],"rows":[{"time":"10:00","cells":[{"ringId":"s09-r-mun","kind":"TRAINING","endTime":"10:30","who":["Pau + Blat"],"trainingBookingIds":["49138eba-a47f-4c87-aa72-c4ba9f064d1c"],"reason":"TRAINING"}]},{"time":"18:00","cells":[{"ringId":"s09-r-car","kind":"BLOCK","endTime":"19:00","blockId":"s09-private","reason":"PRIVATE_CLASS","note":"Particular","createdByName":"Example estel"}]}]}
[INFO] Tests run: 21, Failures: 0, Errors: 0, Skipped: 0, Time elapsed: 10.53 s -- in com.agilityhub.core.clubs.training.api.TrainingIT
[INFO] Running com.agilityhub.core.clubs.activities.application.ActivityIT
2026-09-24T09:05:15.353+02:00  INFO 70035 --- [agilityhub-core-api] [           main] t.c.s.AnnotationConfigContextLoaderUtils : Could not detect default configuration classes for test class [com.agilityhub.core.clubs.activities.application.ActivityIT]: ActivityIT does not declare any static, non-private, non-final, nested classes annotated with @Configuration.
2026-09-24T09:05:15.377+02:00  INFO 70035 --- [agilityhub-core-api] [           main] .b.t.c.SpringBootTestContextBootstrapper : Found @SpringBootConfiguration com.agilityhub.core.CoreApplication for test class com.agilityhub.core.clubs.activities.application.ActivityIT

  .   ____          _            __ _ _
 /\\ / ___'_ __ _ _(_)_ __  __ _ \ \ \ \
( ( )\___ | '_ | '_| | '_ \/ _` | \ \ \ \
 \\/  ___)| |_)| | | | | || (_| |  ) ) ) )
  '  |____| .__|_| |_|_| |_\__, | / / / /
 =========|_|==============|___/=/_/_/_/

 :: Spring Boot ::               (v3.5.16)

2026-09-24T09:05:15.386+02:00  INFO 70035 --- [agilityhub-core-api] [           main] c.a.c.c.a.application.ActivityIT         : Starting ActivityIT using Java 21.0.12.1 with PID 70035 (started by jordib in /Users/jordib/dev/agilityhub/agilityhub-core-api)
2026-09-24T09:05:15.386+02:00  INFO 70035 --- [agilityhub-core-api] [           main] c.a.c.c.a.application.ActivityIT         : The following 1 profile is active: "test"
2026-09-24T09:05:15.583+02:00  INFO 70035 --- [agilityhub-core-api] [           main] .s.d.r.c.RepositoryConfigurationDelegate : Bootstrapping Spring Data MongoDB repositories in DEFAULT mode.
2026-09-24T09:05:15.601+02:00  INFO 70035 --- [agilityhub-core-api] [           main] .s.d.r.c.RepositoryConfigurationDelegate : Finished Spring Data repository scanning in 17 ms. Found 0 MongoDB repository interfaces.
2026-09-24T09:05:15.633+02:00  INFO 70035 --- [agilityhub-core-api] [           main] org.mongodb.driver.client                : MongoClient with metadata {"driver": {"name": "mongo-java-driver|sync|spring-boot", "version": "5.5.2"}, "os": {"type": "Darwin", "name": "Mac OS X", "architecture": "aarch64", "version": "26.4.1"}, "platform": "Java/Homebrew/21.0.12.1"} created with settings MongoClientSettings{readPreference=primary, writeConcern=WriteConcern{w=null, wTimeout=null ms, journal=null}, retryWrites=true, retryReads=true, readConcern=ReadConcern{level=null}, credential=null, transportSettings=null, commandListeners=[io.micrometer.core.instrument.binder.mongodb.MongoMetricsCommandListener@2c48d423], codecRegistry=ProvidersCodecRegistry{codecProviders=[ValueCodecProvider{}, BsonValueCodecProvider{}, DBRefCodecProvider{}, DBObjectCodecProvider{}, DocumentCodecProvider{}, CollectionCodecProvider{}, IterableCodecProvider{}, MapCodecProvider{}, GeoJsonCodecProvider{}, GridFSFileCodecProvider{}, Jsr310CodecProvider{}, JsonObjectCodecProvider{}, BsonCodecProvider{}, EnumCodecProvider{}, com.mongodb.client.model.mql.ExpressionCodecProvider@f1e1d66, com.mongodb.Jep395RecordCodecProvider@3cd28235, com.mongodb.KotlinCodecProvider@75312c94]}, loggerSettings=LoggerSettings{maxDocumentLength=1000}, clusterSettings={hosts=[localhost:61763], srvServiceName=mongodb, mode=SINGLE, requiredClusterType=UNKNOWN, requiredReplicaSetName='null', serverSelector='null', clusterListeners='[]', serverSelectionTimeout='30000 ms', localThreshold='15 ms'}, socketSettings=SocketSettings{connectTimeoutMS=10000, readTimeoutMS=0, receiveBufferSize=0, proxySettings=ProxySettings{host=null, port=null, username=null, password=null}}, heartbeatSocketSettings=SocketSettings{connectTimeoutMS=10000, readTimeoutMS=10000, receiveBufferSize=0, proxySettings=ProxySettings{host=null, port=null, username=null, password=null}}, connectionPoolSettings=ConnectionPoolSettings{maxSize=100, minSize=0, maxWaitTimeMS=120000, maxConnectionLifeTimeMS=0, maxConnectionIdleTimeMS=0, maintenanceInitialDelayMS=0, maintenanceFrequencyMS=60000, connectionPoolListeners=[io.micrometer.core.instrument.binder.mongodb.MongoMetricsConnectionPoolListener@61876e0e], maxConnecting=2}, serverSettings=ServerSettings{heartbeatFrequencyMS=10000, minHeartbeatFrequencyMS=500, serverMonitoringMode=AUTO, serverListeners='[]', serverMonitorListeners='[]'}, sslSettings=SslSettings{enabled=false, invalidHostNameAllowed=false, context=null}, applicationName='null', compressorList=[], uuidRepresentation=JAVA_LEGACY, serverApi=null, autoEncryptionSettings=null, dnsClient=null, inetAddressResolver=null, contextProvider=null, timeoutMS=null}
2026-09-24T09:05:15.635+02:00  INFO 70035 --- [agilityhub-core-api] [localhost:61763] org.mongodb.driver.cluster               : Monitor thread successfully connected to server with description ServerDescription{address=localhost:61763, type=REPLICA_SET_PRIMARY, cryptd=false, state=CONNECTED, ok=true, minWireVersion=0, maxWireVersion=21, maxDocumentSize=16777216, logicalSessionTimeoutMinutes=30, roundTripTimeNanos=1696666, minRoundTripTimeNanos=0, setName='docker-rs', canonicalAddress=2b078096b250:27017, hosts=[2b078096b250:27017], passives=[], arbiters=[], primary='2b078096b250:27017', tagSet=TagSet{[]}, electionId=7fffffff0000000000000001, setVersion=1, topologyVersion=TopologyVersion{processId=6ab4cba1ed1ffafee7a2a8a1, counter=6}, lastWriteDate=Thu Sep 24 09:05:15 CEST 2026, lastUpdateTimeNanos=96664461722875}
2026-09-24T09:05:16.069+02:00  INFO 70035 --- [agilityhub-core-api] [           main] o.s.b.t.m.w.SpringBootMockServletContext : Initializing Spring TestDispatcherServlet ''
2026-09-24T09:05:16.069+02:00  INFO 70035 --- [agilityhub-core-api] [           main] o.s.t.web.servlet.TestDispatcherServlet  : Initializing Servlet ''
2026-09-24T09:05:16.069+02:00  INFO 70035 --- [agilityhub-core-api] [           main] o.s.t.web.servlet.TestDispatcherServlet  : Completed initialization in 0 ms
2026-09-24T09:05:16.076+02:00  INFO 70035 --- [agilityhub-core-api] [           main] c.a.c.c.a.application.ActivityIT         : Started ActivityIT in 0.698 seconds (process running for 11.49)
2026-09-24T09:05:19.706+02:00  WARN 70035 --- [agilityhub-core-api] [           main] c.a.core.shared.api.ApiExceptionHandler  : Framework request rejected code=VALIDATION_ERROR traceId=8765b935-bd2a-4014-9f9a-150336de7422
[INFO] Tests run: 24, Failures: 0, Errors: 0, Skipped: 0, Time elapsed: 7.709 s -- in com.agilityhub.core.clubs.activities.application.ActivityIT
[INFO] Running com.agilityhub.core.clubs.bookings.api.BookingsIT
2026-09-24T09:05:23.063+02:00  INFO 70035 --- [agilityhub-core-api] [           main] t.c.s.AnnotationConfigContextLoaderUtils : Could not detect default configuration classes for test class [com.agilityhub.core.clubs.bookings.api.BookingsIT]: BookingsIT does not declare any static, non-private, non-final, nested classes annotated with @Configuration.
2026-09-24T09:05:23.085+02:00  INFO 70035 --- [agilityhub-core-api] [           main] .b.t.c.SpringBootTestContextBootstrapper : Found @SpringBootConfiguration com.agilityhub.core.CoreApplication for test class com.agilityhub.core.clubs.bookings.api.BookingsIT

  .   ____          _            __ _ _
 /\\ / ___'_ __ _ _(_)_ __  __ _ \ \ \ \
( ( )\___ | '_ | '_| | '_ \/ _` | \ \ \ \
 \\/  ___)| |_)| | | | | || (_| |  ) ) ) )
  '  |____| .__|_| |_|_| |_\__, | / / / /
 =========|_|==============|___/=/_/_/_/

 :: Spring Boot ::               (v3.5.16)

2026-09-24T09:05:23.092+02:00  INFO 70035 --- [agilityhub-core-api] [           main] c.a.core.clubs.bookings.api.BookingsIT   : Starting BookingsIT using Java 21.0.12.1 with PID 70035 (started by jordib in /Users/jordib/dev/agilityhub/agilityhub-core-api)
2026-09-24T09:05:23.092+02:00  INFO 70035 --- [agilityhub-core-api] [           main] c.a.core.clubs.bookings.api.BookingsIT   : The following 1 profile is active: "test"
2026-09-24T09:05:23.253+02:00  INFO 70035 --- [agilityhub-core-api] [           main] .s.d.r.c.RepositoryConfigurationDelegate : Bootstrapping Spring Data MongoDB repositories in DEFAULT mode.
2026-09-24T09:05:23.271+02:00  INFO 70035 --- [agilityhub-core-api] [           main] .s.d.r.c.RepositoryConfigurationDelegate : Finished Spring Data repository scanning in 17 ms. Found 0 MongoDB repository interfaces.
2026-09-24T09:05:23.301+02:00  INFO 70035 --- [agilityhub-core-api] [           main] org.mongodb.driver.client                : MongoClient with metadata {"driver": {"name": "mongo-java-driver|sync|spring-boot", "version": "5.5.2"}, "os": {"type": "Darwin", "name": "Mac OS X", "architecture": "aarch64", "version": "26.4.1"}, "platform": "Java/Homebrew/21.0.12.1"} created with settings MongoClientSettings{readPreference=primary, writeConcern=WriteConcern{w=null, wTimeout=null ms, journal=null}, retryWrites=true, retryReads=true, readConcern=ReadConcern{level=null}, credential=null, transportSettings=null, commandListeners=[io.micrometer.core.instrument.binder.mongodb.MongoMetricsCommandListener@25b4d4f7], codecRegistry=ProvidersCodecRegistry{codecProviders=[ValueCodecProvider{}, BsonValueCodecProvider{}, DBRefCodecProvider{}, DBObjectCodecProvider{}, DocumentCodecProvider{}, CollectionCodecProvider{}, IterableCodecProvider{}, MapCodecProvider{}, GeoJsonCodecProvider{}, GridFSFileCodecProvider{}, Jsr310CodecProvider{}, JsonObjectCodecProvider{}, BsonCodecProvider{}, EnumCodecProvider{}, com.mongodb.client.model.mql.ExpressionCodecProvider@f1e1d66, com.mongodb.Jep395RecordCodecProvider@3cd28235, com.mongodb.KotlinCodecProvider@75312c94]}, loggerSettings=LoggerSettings{maxDocumentLength=1000}, clusterSettings={hosts=[localhost:61763], srvServiceName=mongodb, mode=SINGLE, requiredClusterType=UNKNOWN, requiredReplicaSetName='null', serverSelector='null', clusterListeners='[]', serverSelectionTimeout='30000 ms', localThreshold='15 ms'}, socketSettings=SocketSettings{connectTimeoutMS=10000, readTimeoutMS=0, receiveBufferSize=0, proxySettings=ProxySettings{host=null, port=null, username=null, password=null}}, heartbeatSocketSettings=SocketSettings{connectTimeoutMS=10000, readTimeoutMS=10000, receiveBufferSize=0, proxySettings=ProxySettings{host=null, port=null, username=null, password=null}}, connectionPoolSettings=ConnectionPoolSettings{maxSize=100, minSize=0, maxWaitTimeMS=120000, maxConnectionLifeTimeMS=0, maxConnectionIdleTimeMS=0, maintenanceInitialDelayMS=0, maintenanceFrequencyMS=60000, connectionPoolListeners=[io.micrometer.core.instrument.binder.mongodb.MongoMetricsConnectionPoolListener@8b4df8f], maxConnecting=2}, serverSettings=ServerSettings{heartbeatFrequencyMS=10000, minHeartbeatFrequencyMS=500, serverMonitoringMode=AUTO, serverListeners='[]', serverMonitorListeners='[]'}, sslSettings=SslSettings{enabled=false, invalidHostNameAllowed=false, context=null}, applicationName='null', compressorList=[], uuidRepresentation=JAVA_LEGACY, serverApi=null, autoEncryptionSettings=null, dnsClient=null, inetAddressResolver=null, contextProvider=null, timeoutMS=null}
2026-09-24T09:05:23.303+02:00  INFO 70035 --- [agilityhub-core-api] [localhost:61763] org.mongodb.driver.cluster               : Monitor thread successfully connected to server with description ServerDescription{address=localhost:61763, type=REPLICA_SET_PRIMARY, cryptd=false, state=CONNECTED, ok=true, minWireVersion=0, maxWireVersion=21, maxDocumentSize=16777216, logicalSessionTimeoutMinutes=30, roundTripTimeNanos=1399625, minRoundTripTimeNanos=0, setName='docker-rs', canonicalAddress=2b078096b250:27017, hosts=[2b078096b250:27017], passives=[], arbiters=[], primary='2b078096b250:27017', tagSet=TagSet{[]}, electionId=7fffffff0000000000000001, setVersion=1, topologyVersion=TopologyVersion{processId=6ab4cba1ed1ffafee7a2a8a1, counter=6}, lastWriteDate=Thu Sep 24 09:05:23 CEST 2026, lastUpdateTimeNanos=96672129673583}
2026-09-24T09:05:23.708+02:00  INFO 70035 --- [agilityhub-core-api] [           main] o.s.b.t.m.w.SpringBootMockServletContext : Initializing Spring TestDispatcherServlet ''
2026-09-24T09:05:23.708+02:00  INFO 70035 --- [agilityhub-core-api] [           main] o.s.t.web.servlet.TestDispatcherServlet  : Initializing Servlet ''
2026-09-24T09:05:23.708+02:00  INFO 70035 --- [agilityhub-core-api] [           main] o.s.t.web.servlet.TestDispatcherServlet  : Completed initialization in 0 ms
2026-09-24T09:05:23.715+02:00  INFO 70035 --- [agilityhub-core-api] [           main] c.a.core.clubs.bookings.api.BookingsIT   : Started BookingsIT in 0.628 seconds (process running for 19.13)
2026-09-24T09:05:25.110+02:00  INFO 70035 --- [agilityhub-core-api] [           main] c.a.c.c.b.application.BookingEvents      : Booking blocked operation=hold class=s08-fri account=s08-laura traceId=cd3637cb-0ba7-4738-b471-14d958b259db
2026-09-24T09:05:25.120+02:00  INFO 70035 --- [agilityhub-core-api] [           main] c.a.c.c.b.application.BookingEvents      : Booking blocked operation=confirm class=s08-thu account=s08-laura traceId=84585378-e6ea-4def-8b3f-2efaf643365d
2026-09-24T09:05:25.124+02:00  INFO 70035 --- [agilityhub-core-api] [           main] c.a.c.c.b.application.BookingEvents      : Booking blocked operation=hold class=s08-fri account=s08-joan traceId=6faeea0d-781d-43c7-9799-c04c4c46ae3f
2026-09-24T09:05:25.128+02:00  INFO 70035 --- [agilityhub-core-api] [           main] c.a.c.c.b.application.BookingEvents      : Booking blocked operation=hold class=s08-fri account=s08-laura traceId=1b4a033b-a46b-467e-97af-f44b1b65125f
2026-09-24T09:05:27.257+02:00  WARN 70035 --- [agilityhub-core-api] [           main] c.a.c.c.b.application.BookingConsumers   : Class s08-wed cancelled by the club still has 1 live bookings
[INFO] Tests run: 15, Failures: 0, Errors: 0, Skipped: 0, Time elapsed: 4.945 s -- in com.agilityhub.core.clubs.bookings.api.BookingsIT
[INFO] Running com.agilityhub.core.clubs.bookings.api.WaitlistIT
2026-09-24T09:05:28.008+02:00  INFO 70035 --- [agilityhub-core-api] [           main] t.c.s.AnnotationConfigContextLoaderUtils : Could not detect default configuration classes for test class [com.agilityhub.core.clubs.bookings.api.WaitlistIT]: WaitlistIT does not declare any static, non-private, non-final, nested classes annotated with @Configuration.
2026-09-24T09:05:28.009+02:00  INFO 70035 --- [agilityhub-core-api] [           main] .b.t.c.SpringBootTestContextBootstrapper : Found @SpringBootConfiguration com.agilityhub.core.CoreApplication for test class com.agilityhub.core.clubs.bookings.api.WaitlistIT
[INFO] Tests run: 9, Failures: 0, Errors: 0, Skipped: 0, Time elapsed: 3.500 s -- in com.agilityhub.core.clubs.bookings.api.WaitlistIT
[INFO] 
[INFO] Results:
[INFO] 
[INFO] Tests run: 69, Failures: 0, Errors: 0, Skipped: 0
[INFO] 
[INFO] 
[INFO] --- failsafe:3.5.6:verify (default) @ agilityhub-core-api ---
[INFO] 
[INFO] --- jacoco:0.8.14:report (coverage) @ agilityhub-core-api ---
[INFO] Skipping JaCoCo execution because property jacoco.skip is set.
[INFO] 
[INFO] --- jacoco:0.8.14:check (coverage) @ agilityhub-core-api ---
[INFO] Skipping JaCoCo execution because property jacoco.skip is set.
[INFO] ------------------------------------------------------------------------
[INFO] BUILD SUCCESS
[INFO] ------------------------------------------------------------------------
[INFO] Total time:  28.724 s
[INFO] Finished at: 2026-09-24T09:05:32+02:00
[INFO] ------------------------------------------------------------------------
