[INFO] Scanning for projects...
[INFO] 
[INFO] -----------------< com.agilityhub:agilityhub-core-api >-----------------
[INFO] Building AgilityHub Core API 0.1.0-SNAPSHOT
[INFO]   from pom.xml
[INFO] --------------------------------[ jar ]---------------------------------
[INFO] 
[INFO] --- enforcer:3.6.2:enforce (require-java-21) @ agilityhub-core-api ---
[INFO] Rule 0: org.apache.maven.enforcer.rules.version.RequireJavaVersion passed
[INFO] Rule 1: org.apache.maven.enforcer.rules.version.RequireMavenVersion passed
[INFO] 
[INFO] --- jacoco:0.8.14:prepare-agent (default) @ agilityhub-core-api ---
[INFO] Skipping JaCoCo execution because property jacoco.skip is set.
[INFO] argLine set to empty
[INFO] 
[INFO] --- spring-boot:3.5.16:build-info (default) @ agilityhub-core-api ---
[INFO] 
[INFO] --- resources:3.3.1:resources (default-resources) @ agilityhub-core-api ---
[INFO] Copying 9 resources from src/main/resources to target/classes
[INFO] Copying 1 resource from seeds to target/classes/seeds
[INFO] 
[INFO] --- compiler:3.14.1:compile (default-compile) @ agilityhub-core-api ---
[INFO] Nothing to compile - all classes are up to date.
[INFO] 
[INFO] --- resources:3.3.1:testResources (default-testResources) @ agilityhub-core-api ---
[INFO] Copying 31 resources from src/test/resources to target/test-classes
[INFO] 
[INFO] --- compiler:3.14.1:testCompile (default-testCompile) @ agilityhub-core-api ---
[INFO] Recompiling the module because of changed source code.
[INFO] Compiling 185 source files with javac [debug parameters release 21] to target/test-classes
[INFO] /Users/jordib/dev/agilityhub/agilityhub-core-api/src/test/java/com/agilityhub/core/clubs/catalogs/api/TeamIT.java: Some input files use or override a deprecated API.
[INFO] /Users/jordib/dev/agilityhub/agilityhub-core-api/src/test/java/com/agilityhub/core/clubs/catalogs/api/TeamIT.java: Recompile with -Xlint:deprecation for details.
[INFO] /Users/jordib/dev/agilityhub/agilityhub-core-api/src/test/java/com/agilityhub/core/clubs/followup/persistence/AttachmentStorageTest.java: Some input files use unchecked or unsafe operations.
[INFO] /Users/jordib/dev/agilityhub/agilityhub-core-api/src/test/java/com/agilityhub/core/clubs/followup/persistence/AttachmentStorageTest.java: Recompile with -Xlint:unchecked for details.
[INFO] 
[INFO] --- surefire:3.5.6:test (default-test) @ agilityhub-core-api ---
[INFO] 
[INFO] --- jar:3.4.2:jar (default-jar) @ agilityhub-core-api ---
[INFO] Building jar: /Users/jordib/dev/agilityhub/agilityhub-core-api/target/agilityhub-core-api-0.1.0-SNAPSHOT.jar
[INFO] 
[INFO] --- spring-boot:3.5.16:repackage (repackage) @ agilityhub-core-api ---
[INFO] Replacing main artifact /Users/jordib/dev/agilityhub/agilityhub-core-api/target/agilityhub-core-api-0.1.0-SNAPSHOT.jar with repackaged archive, adding nested dependencies in BOOT-INF/.
[INFO] The original artifact has been renamed to /Users/jordib/dev/agilityhub/agilityhub-core-api/target/agilityhub-core-api-0.1.0-SNAPSHOT.jar.original
[INFO] 
[INFO] --- failsafe:3.5.6:integration-test (default) @ agilityhub-core-api ---
[INFO] Using auto detected provider org.apache.maven.surefire.junitplatform.JUnitPlatformProvider
[INFO] 
[INFO] -------------------------------------------------------
[INFO]  T E S T S
[INFO] -------------------------------------------------------
[INFO] Running com.agilityhub.core.clubs.census.application.DemoScenarioSeedIT
09:07:15.153 [main] INFO org.springframework.test.context.support.AnnotationConfigContextLoaderUtils -- Could not detect default configuration classes for test class [com.agilityhub.core.clubs.census.application.DemoScenarioSeedIT]: DemoScenarioSeedIT does not declare any static, non-private, non-final, nested classes annotated with @Configuration.
09:07:15.231 [main] INFO org.springframework.boot.test.context.SpringBootTestContextBootstrapper -- Found @SpringBootConfiguration com.agilityhub.core.CoreApplication for test class com.agilityhub.core.clubs.census.application.DemoScenarioSeedIT
09:07:15.271 [main] INFO org.testcontainers.images.PullPolicy -- Image pull policy will be performed by: DefaultPullPolicy()
09:07:15.272 [main] INFO org.testcontainers.utility.ImageNameSubstitutor -- Image name substitution will be performed by: DefaultImageNameSubstitutor (composite of 'ConfigurationFileImageNameSubstitutor' and 'PrefixingImageNameSubstitutor')
09:07:15.274 [main] INFO org.testcontainers.DockerClientFactory -- Testcontainers version: 1.21.4
09:07:15.334 [main] INFO org.testcontainers.dockerclient.DockerClientProviderStrategy -- Loaded org.testcontainers.dockerclient.UnixSocketClientProviderStrategy from ~/.testcontainers.properties, will try it first
09:07:15.421 [main] INFO org.testcontainers.dockerclient.DockerClientProviderStrategy -- Found Docker environment with local Unix socket (unix:///var/run/docker.sock)
09:07:15.421 [main] INFO org.testcontainers.DockerClientFactory -- Docker host IP address is localhost
09:07:15.431 [main] INFO org.testcontainers.DockerClientFactory -- Connected to docker: 
  Server Version: 29.7.2
  API Version: 1.55
  Operating System: Docker Desktop
  Total Memory: 7931 MB
  Labels: 
    com.docker.desktop.address=unix:///Users/jordib/Library/Containers/com.docker.docker/Data/docker-cli.sock
09:07:15.515 [main] INFO tc.testcontainers/ryuk:0.12.0 -- Creating container for image: testcontainers/ryuk:0.12.0
09:07:15.567 [main] INFO org.testcontainers.utility.RegistryAuthLocator -- Credential helper/store (docker-credential-desktop) does not have credentials for https://index.docker.io/v1/
09:07:15.617 [main] INFO tc.testcontainers/ryuk:0.12.0 -- Container testcontainers/ryuk:0.12.0 is starting: f7350eec92d234086cb37bdac944b9ce234f70e7ea502c4f4a1be0cef5e841f0
09:07:15.738 [main] INFO tc.testcontainers/ryuk:0.12.0 -- Container testcontainers/ryuk:0.12.0 started in PT0.223206S
09:07:15.741 [main] INFO org.testcontainers.utility.RyukResourceReaper -- Ryuk started - will monitor and terminate Testcontainers containers on JVM exit
09:07:15.741 [main] INFO org.testcontainers.DockerClientFactory -- Checking the system...
09:07:15.741 [main] INFO org.testcontainers.DockerClientFactory -- ✔︎ Docker server version should be at least 1.6.0
09:07:15.741 [main] INFO tc.mongo:7 -- Creating container for image: mongo:7
09:07:15.767 [main] INFO tc.mongo:7 -- Container mongo:7 is starting: 5808589537ca601b3766b3b90beccffff3eac5c6aad593862f29f2bd280e0143
09:07:16.228 [main] INFO tc.mongo:7 -- Container mongo:7 started in PT0.486755S
Integration JVM availableProcessors=2

  .   ____          _            __ _ _
 /\\ / ___'_ __ _ _(_)_ __  __ _ \ \ \ \
( ( )\___ | '_ | '_| | '_ \/ _` | \ \ \ \
 \\/  ___)| |_)| | | | | || (_| |  ) ) ) )
  '  |____| .__|_| |_|_| |_\__, | / / / /
 =========|_|==============|___/=/_/_/_/

 :: Spring Boot ::               (v3.5.16)

2026-09-24T09:07:16.792+02:00  INFO 70673 --- [agilityhub-core-api] [           main] c.a.c.c.c.a.DemoScenarioSeedIT           : Starting DemoScenarioSeedIT using Java 21.0.12.1 with PID 70673 (started by jordib in /Users/jordib/dev/agilityhub/agilityhub-core-api)
2026-09-24T09:07:16.792+02:00  INFO 70673 --- [agilityhub-core-api] [           main] c.a.c.c.c.a.DemoScenarioSeedIT           : The following 1 profile is active: "test"
2026-09-24T09:07:17.304+02:00  INFO 70673 --- [agilityhub-core-api] [           main] .s.d.r.c.RepositoryConfigurationDelegate : Bootstrapping Spring Data MongoDB repositories in DEFAULT mode.
2026-09-24T09:07:17.331+02:00  INFO 70673 --- [agilityhub-core-api] [           main] .s.d.r.c.RepositoryConfigurationDelegate : Finished Spring Data repository scanning in 24 ms. Found 0 MongoDB repository interfaces.
2026-09-24T09:07:17.561+02:00  INFO 70673 --- [agilityhub-core-api] [           main] org.mongodb.driver.client                : MongoClient with metadata {"driver": {"name": "mongo-java-driver|sync|spring-boot", "version": "5.5.2"}, "os": {"type": "Darwin", "name": "Mac OS X", "architecture": "aarch64", "version": "26.4.1"}, "platform": "Java/Homebrew/21.0.12.1"} created with settings MongoClientSettings{readPreference=primary, writeConcern=WriteConcern{w=null, wTimeout=null ms, journal=null}, retryWrites=true, retryReads=true, readConcern=ReadConcern{level=null}, credential=null, transportSettings=null, commandListeners=[io.micrometer.core.instrument.binder.mongodb.MongoMetricsCommandListener@43edd2ea], codecRegistry=ProvidersCodecRegistry{codecProviders=[ValueCodecProvider{}, BsonValueCodecProvider{}, DBRefCodecProvider{}, DBObjectCodecProvider{}, DocumentCodecProvider{}, CollectionCodecProvider{}, IterableCodecProvider{}, MapCodecProvider{}, GeoJsonCodecProvider{}, GridFSFileCodecProvider{}, Jsr310CodecProvider{}, JsonObjectCodecProvider{}, BsonCodecProvider{}, EnumCodecProvider{}, com.mongodb.client.model.mql.ExpressionCodecProvider@3fc4038f, com.mongodb.Jep395RecordCodecProvider@4cd9ee2c, com.mongodb.KotlinCodecProvider@1631dbbc]}, loggerSettings=LoggerSettings{maxDocumentLength=1000}, clusterSettings={hosts=[localhost:61915], srvServiceName=mongodb, mode=SINGLE, requiredClusterType=UNKNOWN, requiredReplicaSetName='null', serverSelector='null', clusterListeners='[]', serverSelectionTimeout='30000 ms', localThreshold='15 ms'}, socketSettings=SocketSettings{connectTimeoutMS=10000, readTimeoutMS=0, receiveBufferSize=0, proxySettings=ProxySettings{host=null, port=null, username=null, password=null}}, heartbeatSocketSettings=SocketSettings{connectTimeoutMS=10000, readTimeoutMS=10000, receiveBufferSize=0, proxySettings=ProxySettings{host=null, port=null, username=null, password=null}}, connectionPoolSettings=ConnectionPoolSettings{maxSize=100, minSize=0, maxWaitTimeMS=120000, maxConnectionLifeTimeMS=0, maxConnectionIdleTimeMS=0, maintenanceInitialDelayMS=0, maintenanceFrequencyMS=60000, connectionPoolListeners=[io.micrometer.core.instrument.binder.mongodb.MongoMetricsConnectionPoolListener@3b663112], maxConnecting=2}, serverSettings=ServerSettings{heartbeatFrequencyMS=10000, minHeartbeatFrequencyMS=500, serverMonitoringMode=AUTO, serverListeners='[]', serverMonitorListeners='[]'}, sslSettings=SslSettings{enabled=false, invalidHostNameAllowed=false, context=null}, applicationName='null', compressorList=[], uuidRepresentation=JAVA_LEGACY, serverApi=null, autoEncryptionSettings=null, dnsClient=null, inetAddressResolver=null, contextProvider=null, timeoutMS=null}
2026-09-24T09:07:17.565+02:00  INFO 70673 --- [agilityhub-core-api] [localhost:61915] org.mongodb.driver.cluster               : Monitor thread successfully connected to server with description ServerDescription{address=localhost:61915, type=REPLICA_SET_PRIMARY, cryptd=false, state=CONNECTED, ok=true, minWireVersion=0, maxWireVersion=21, maxDocumentSize=16777216, logicalSessionTimeoutMinutes=30, roundTripTimeNanos=6794292, minRoundTripTimeNanos=0, setName='docker-rs', canonicalAddress=5808589537ca:27017, hosts=[5808589537ca:27017], passives=[], arbiters=[], primary='5808589537ca:27017', tagSet=TagSet{[]}, electionId=7fffffff0000000000000001, setVersion=1, topologyVersion=TopologyVersion{processId=6ab4cc231f3e06f40300577d, counter=6}, lastWriteDate=Thu Sep 24 09:07:16 CEST 2026, lastUpdateTimeNanos=96786389816791}
2026-09-24T09:07:19.522+02:00  INFO 70673 --- [agilityhub-core-api] [           main] o.s.b.t.m.w.SpringBootMockServletContext : Initializing Spring TestDispatcherServlet ''
2026-09-24T09:07:19.522+02:00  INFO 70673 --- [agilityhub-core-api] [           main] o.s.t.web.servlet.TestDispatcherServlet  : Initializing Servlet ''
2026-09-24T09:07:19.522+02:00  INFO 70673 --- [agilityhub-core-api] [           main] o.s.t.web.servlet.TestDispatcherServlet  : Completed initialization in 0 ms
2026-09-24T09:07:19.543+02:00  INFO 70673 --- [agilityhub-core-api] [           main] c.a.c.c.c.a.DemoScenarioSeedIT           : Started DemoScenarioSeedIT in 2.854 seconds (process running for 4.639)
Mockito is currently self-attaching to enable the inline-mock-maker. This will no longer work in future releases of the JDK. Please add Mockito as an agent to your build as described in Mockito's documentation: https://javadoc.io/doc/org.mockito/mockito-core/latest/org.mockito/org/mockito/Mockito.html#0.3
OpenJDK 64-Bit Server VM warning: Sharing is only supported for boot loader classes because bootstrap classpath has been appended
WARNING: A Java agent has been loaded dynamically (/Users/jordib/.m2/repository/net/bytebuddy/byte-buddy-agent/1.17.8/byte-buddy-agent-1.17.8.jar)
WARNING: If a serviceability tool is in use, please run with -XX:+EnableDynamicAgentLoading to hide this warning
WARNING: If a serviceability tool is not in use, please run with -Djdk.instrument.traceUsage for more information
WARNING: Dynamic loading of agents will be disallowed by default in a future release
{activeMembers=184, pendingMembers=3, inactiveMembers=4, leftMembers=3, members=194, dogs=245, familyGroups=12, activeDogs=242, pendingDogs=3, instructors=3, administrators=2, receivedDocuments=6, pendingDocuments=239}
451 changes (demo seed)
{templateClasses=39, templates=3, weeks=3, generatedClasses=102, validatedWeeks=2, looseClasses=1, ringBlocks=1, scenarioRingBlocks=0, riskCancellations=1, classBookings=23, classWaitlist=3, activities=4, publishedActivities=3, activityRegistrations=44, activityWaitlist=2, activityFiles=2, scenarioActivityRegistrations=0, scenarioClassBookings=0, scenarioCancellations=0, scenarioWaitlist=0, scenarioOffers=0, scenarioRiskExempt=0, scenarioBookingBlocks=0, scenarioTrainingOverrides=0, scenarioTrainingBookings=0}
233 changes (demo planning, week start 2026-09-07)
{activeMembers=184, pendingMembers=3, inactiveMembers=4, leftMembers=3, members=194, dogs=245, familyGroups=12, activeDogs=242, pendingDogs=3, instructors=3, administrators=2, receivedDocuments=6, pendingDocuments=239}
451 changes (demo seed)
{templateClasses=39, templates=3, weeks=3, generatedClasses=114, validatedWeeks=2, looseClasses=1, ringBlocks=1, scenarioRingBlocks=1, riskCancellations=1, classBookings=23, classWaitlist=3, activities=4, publishedActivities=3, activityRegistrations=44, activityWaitlist=2, activityFiles=2, scenarioActivityRegistrations=1, scenarioClassBookings=18, scenarioCancellations=3, scenarioWaitlist=5, scenarioOffers=0, scenarioRiskExempt=1, scenarioBookingBlocks=1, scenarioTrainingOverrides=1, scenarioTrainingBookings=3}
279 changes (demo planning, week start 2026-09-14)
{activeMembers=184, pendingMembers=3, inactiveMembers=4, leftMembers=3, members=194, dogs=245, familyGroups=12, activeDogs=242, pendingDogs=3, instructors=3, administrators=2, receivedDocuments=6, pendingDocuments=239}
0 changes (demo seed)
{templateClasses=39, templates=3, weeks=3, generatedClasses=114, validatedWeeks=2, looseClasses=1, ringBlocks=1, scenarioRingBlocks=1, riskCancellations=1, classBookings=23, classWaitlist=3, activities=4, publishedActivities=3, activityRegistrations=44, activityWaitlist=2, activityFiles=2, scenarioActivityRegistrations=1, scenarioClassBookings=18, scenarioCancellations=3, scenarioWaitlist=5, scenarioOffers=0, scenarioRiskExempt=1, scenarioBookingBlocks=1, scenarioTrainingOverrides=1, scenarioTrainingBookings=3}
0 changes (demo planning, week start 2026-09-14)
{activeMembers=184, pendingMembers=3, inactiveMembers=4, leftMembers=3, members=194, dogs=245, familyGroups=12, activeDogs=242, pendingDogs=3, instructors=3, administrators=2, receivedDocuments=6, pendingDocuments=239}
451 changes (demo seed)
{templateClasses=39, templates=3, weeks=3, generatedClasses=114, validatedWeeks=2, looseClasses=1, ringBlocks=1, scenarioRingBlocks=1, riskCancellations=1, classBookings=23, classWaitlist=3, activities=4, publishedActivities=3, activityRegistrations=44, activityWaitlist=2, activityFiles=2, scenarioActivityRegistrations=1, scenarioClassBookings=18, scenarioCancellations=3, scenarioWaitlist=5, scenarioOffers=0, scenarioRiskExempt=1, scenarioBookingBlocks=1, scenarioTrainingOverrides=1, scenarioTrainingBookings=3}
279 changes (demo planning, week start 2026-09-14)
{activeMembers=184, pendingMembers=3, inactiveMembers=4, leftMembers=3, members=194, dogs=245, familyGroups=12, activeDogs=242, pendingDogs=3, instructors=3, administrators=2, receivedDocuments=6, pendingDocuments=239}
451 changes (demo seed)
{templateClasses=39, templates=3, weeks=3, generatedClasses=114, validatedWeeks=2, looseClasses=1, ringBlocks=1, scenarioRingBlocks=1, riskCancellations=1, classBookings=23, classWaitlist=3, activities=4, publishedActivities=3, activityRegistrations=44, activityWaitlist=2, activityFiles=2, scenarioActivityRegistrations=1, scenarioClassBookings=18, scenarioCancellations=3, scenarioWaitlist=5, scenarioOffers=0, scenarioRiskExempt=1, scenarioBookingBlocks=1, scenarioTrainingOverrides=1, scenarioTrainingBookings=3}
279 changes (demo planning, week start 2026-09-14)
{activeMembers=8, pendingMembers=0, inactiveMembers=0, leftMembers=0, members=8, dogs=8, familyGroups=0, activeDogs=8, pendingDogs=0, instructors=1, administrators=1, receivedDocuments=0, pendingDocuments=8}
16 changes (demo seed)
{templateClasses=5, templates=1, weeks=1, generatedClasses=5, validatedWeeks=1, scenarioRingBlocks=0, classBookings=0, classWaitlist=0, activities=0, publishedActivities=0, activityRegistrations=0, activityWaitlist=0, activityFiles=0, scenarioActivityRegistrations=0, scenarioClassBookings=2, scenarioCancellations=1, scenarioWaitlist=3, scenarioOffers=1, scenarioRiskExempt=0, scenarioBookingBlocks=0, scenarioTrainingOverrides=0, scenarioTrainingBookings=0}
20 changes (demo planning, week start 2026-09-14)
[INFO] Tests run: 4, Failures: 0, Errors: 0, Skipped: 0, Time elapsed: 21.08 s -- in com.agilityhub.core.clubs.census.application.DemoScenarioSeedIT
[INFO] Running com.agilityhub.core.clubs.bookings.api.WaitlistIT
2026-09-24T09:07:36.208+02:00  INFO 70673 --- [agilityhub-core-api] [           main] t.c.s.AnnotationConfigContextLoaderUtils : Could not detect default configuration classes for test class [com.agilityhub.core.clubs.bookings.api.WaitlistIT]: WaitlistIT does not declare any static, non-private, non-final, nested classes annotated with @Configuration.
2026-09-24T09:07:36.235+02:00  INFO 70673 --- [agilityhub-core-api] [           main] .b.t.c.SpringBootTestContextBootstrapper : Found @SpringBootConfiguration com.agilityhub.core.CoreApplication for test class com.agilityhub.core.clubs.bookings.api.WaitlistIT

  .   ____          _            __ _ _
 /\\ / ___'_ __ _ _(_)_ __  __ _ \ \ \ \
( ( )\___ | '_ | '_| | '_ \/ _` | \ \ \ \
 \\/  ___)| |_)| | | | | || (_| |  ) ) ) )
  '  |____| .__|_| |_|_| |_\__, | / / / /
 =========|_|==============|___/=/_/_/_/

 :: Spring Boot ::               (v3.5.16)

2026-09-24T09:07:36.245+02:00  INFO 70673 --- [agilityhub-core-api] [           main] c.a.core.clubs.bookings.api.WaitlistIT   : Starting WaitlistIT using Java 21.0.12.1 with PID 70673 (started by jordib in /Users/jordib/dev/agilityhub/agilityhub-core-api)
2026-09-24T09:07:36.245+02:00  INFO 70673 --- [agilityhub-core-api] [           main] c.a.core.clubs.bookings.api.WaitlistIT   : The following 1 profile is active: "test"
2026-09-24T09:07:36.428+02:00  INFO 70673 --- [agilityhub-core-api] [           main] .s.d.r.c.RepositoryConfigurationDelegate : Bootstrapping Spring Data MongoDB repositories in DEFAULT mode.
2026-09-24T09:07:36.447+02:00  INFO 70673 --- [agilityhub-core-api] [           main] .s.d.r.c.RepositoryConfigurationDelegate : Finished Spring Data repository scanning in 18 ms. Found 0 MongoDB repository interfaces.
2026-09-24T09:07:36.480+02:00  INFO 70673 --- [agilityhub-core-api] [           main] org.mongodb.driver.client                : MongoClient with metadata {"driver": {"name": "mongo-java-driver|sync|spring-boot", "version": "5.5.2"}, "os": {"type": "Darwin", "name": "Mac OS X", "architecture": "aarch64", "version": "26.4.1"}, "platform": "Java/Homebrew/21.0.12.1"} created with settings MongoClientSettings{readPreference=primary, writeConcern=WriteConcern{w=null, wTimeout=null ms, journal=null}, retryWrites=true, retryReads=true, readConcern=ReadConcern{level=null}, credential=null, transportSettings=null, commandListeners=[io.micrometer.core.instrument.binder.mongodb.MongoMetricsCommandListener@61606235], codecRegistry=ProvidersCodecRegistry{codecProviders=[ValueCodecProvider{}, BsonValueCodecProvider{}, DBRefCodecProvider{}, DBObjectCodecProvider{}, DocumentCodecProvider{}, CollectionCodecProvider{}, IterableCodecProvider{}, MapCodecProvider{}, GeoJsonCodecProvider{}, GridFSFileCodecProvider{}, Jsr310CodecProvider{}, JsonObjectCodecProvider{}, BsonCodecProvider{}, EnumCodecProvider{}, com.mongodb.client.model.mql.ExpressionCodecProvider@3fc4038f, com.mongodb.Jep395RecordCodecProvider@4cd9ee2c, com.mongodb.KotlinCodecProvider@1631dbbc]}, loggerSettings=LoggerSettings{maxDocumentLength=1000}, clusterSettings={hosts=[localhost:61915], srvServiceName=mongodb, mode=SINGLE, requiredClusterType=UNKNOWN, requiredReplicaSetName='null', serverSelector='null', clusterListeners='[]', serverSelectionTimeout='30000 ms', localThreshold='15 ms'}, socketSettings=SocketSettings{connectTimeoutMS=10000, readTimeoutMS=0, receiveBufferSize=0, proxySettings=ProxySettings{host=null, port=null, username=null, password=null}}, heartbeatSocketSettings=SocketSettings{connectTimeoutMS=10000, readTimeoutMS=10000, receiveBufferSize=0, proxySettings=ProxySettings{host=null, port=null, username=null, password=null}}, connectionPoolSettings=ConnectionPoolSettings{maxSize=100, minSize=0, maxWaitTimeMS=120000, maxConnectionLifeTimeMS=0, maxConnectionIdleTimeMS=0, maintenanceInitialDelayMS=0, maintenanceFrequencyMS=60000, connectionPoolListeners=[io.micrometer.core.instrument.binder.mongodb.MongoMetricsConnectionPoolListener@707c4466], maxConnecting=2}, serverSettings=ServerSettings{heartbeatFrequencyMS=10000, minHeartbeatFrequencyMS=500, serverMonitoringMode=AUTO, serverListeners='[]', serverMonitorListeners='[]'}, sslSettings=SslSettings{enabled=false, invalidHostNameAllowed=false, context=null}, applicationName='null', compressorList=[], uuidRepresentation=JAVA_LEGACY, serverApi=null, autoEncryptionSettings=null, dnsClient=null, inetAddressResolver=null, contextProvider=null, timeoutMS=null}
2026-09-24T09:07:36.482+02:00  INFO 70673 --- [agilityhub-core-api] [localhost:61915] org.mongodb.driver.cluster               : Monitor thread successfully connected to server with description ServerDescription{address=localhost:61915, type=REPLICA_SET_PRIMARY, cryptd=false, state=CONNECTED, ok=true, minWireVersion=0, maxWireVersion=21, maxDocumentSize=16777216, logicalSessionTimeoutMinutes=30, roundTripTimeNanos=1426666, minRoundTripTimeNanos=0, setName='docker-rs', canonicalAddress=5808589537ca:27017, hosts=[5808589537ca:27017], passives=[], arbiters=[], primary='5808589537ca:27017', tagSet=TagSet{[]}, electionId=7fffffff0000000000000001, setVersion=1, topologyVersion=TopologyVersion{processId=6ab4cc231f3e06f40300577d, counter=6}, lastWriteDate=Thu Sep 24 09:07:36 CEST 2026, lastUpdateTimeNanos=96805307400333}
2026-09-24T09:07:36.973+02:00  INFO 70673 --- [agilityhub-core-api] [           main] o.s.b.t.m.w.SpringBootMockServletContext : Initializing Spring TestDispatcherServlet ''
2026-09-24T09:07:36.973+02:00  INFO 70673 --- [agilityhub-core-api] [           main] o.s.t.web.servlet.TestDispatcherServlet  : Initializing Servlet ''
2026-09-24T09:07:36.973+02:00  INFO 70673 --- [agilityhub-core-api] [           main] o.s.t.web.servlet.TestDispatcherServlet  : Completed initialization in 0 ms
2026-09-24T09:07:36.980+02:00  INFO 70673 --- [agilityhub-core-api] [           main] c.a.core.clubs.bookings.api.WaitlistIT   : Started WaitlistIT in 0.743 seconds (process running for 22.076)
[INFO] Tests run: 9, Failures: 0, Errors: 0, Skipped: 0, Time elapsed: 4.572 s -- in com.agilityhub.core.clubs.bookings.api.WaitlistIT
[INFO] Running com.agilityhub.core.clubs.bookings.api.BookingsIT
2026-09-24T09:07:40.780+02:00  INFO 70673 --- [agilityhub-core-api] [           main] t.c.s.AnnotationConfigContextLoaderUtils : Could not detect default configuration classes for test class [com.agilityhub.core.clubs.bookings.api.BookingsIT]: BookingsIT does not declare any static, non-private, non-final, nested classes annotated with @Configuration.
2026-09-24T09:07:40.781+02:00  INFO 70673 --- [agilityhub-core-api] [           main] .b.t.c.SpringBootTestContextBootstrapper : Found @SpringBootConfiguration com.agilityhub.core.CoreApplication for test class com.agilityhub.core.clubs.bookings.api.BookingsIT
2026-09-24T09:07:41.976+02:00  INFO 70673 --- [agilityhub-core-api] [           main] c.a.c.c.b.application.BookingEvents      : Booking blocked operation=hold class=s08-fri account=s08-laura traceId=43c75736-c911-41bf-ae54-fc6cc34912d9
2026-09-24T09:07:41.985+02:00  INFO 70673 --- [agilityhub-core-api] [           main] c.a.c.c.b.application.BookingEvents      : Booking blocked operation=confirm class=s08-thu account=s08-laura traceId=e3ef1c6c-7fd1-45a6-aeb3-9fc0db4ca40c
2026-09-24T09:07:41.990+02:00  INFO 70673 --- [agilityhub-core-api] [           main] c.a.c.c.b.application.BookingEvents      : Booking blocked operation=hold class=s08-fri account=s08-joan traceId=12df5f79-9350-4e43-90b3-c8c7351208f3
2026-09-24T09:07:41.995+02:00  INFO 70673 --- [agilityhub-core-api] [           main] c.a.c.c.b.application.BookingEvents      : Booking blocked operation=hold class=s08-fri account=s08-laura traceId=1ef9ca74-21f0-4cba-aa0b-3e152d5d7cb2
2026-09-24T09:07:43.972+02:00  WARN 70673 --- [agilityhub-core-api] [           main] c.a.c.c.b.application.BookingConsumers   : Class s08-wed cancelled by the club still has 1 live bookings
[INFO] Tests run: 15, Failures: 0, Errors: 0, Skipped: 0, Time elapsed: 3.897 s -- in com.agilityhub.core.clubs.bookings.api.BookingsIT
[INFO] Running com.agilityhub.core.clubs.activities.application.ActivityIT
2026-09-24T09:07:44.679+02:00  INFO 70673 --- [agilityhub-core-api] [           main] t.c.s.AnnotationConfigContextLoaderUtils : Could not detect default configuration classes for test class [com.agilityhub.core.clubs.activities.application.ActivityIT]: ActivityIT does not declare any static, non-private, non-final, nested classes annotated with @Configuration.
2026-09-24T09:07:44.700+02:00  INFO 70673 --- [agilityhub-core-api] [           main] .b.t.c.SpringBootTestContextBootstrapper : Found @SpringBootConfiguration com.agilityhub.core.CoreApplication for test class com.agilityhub.core.clubs.activities.application.ActivityIT

  .   ____          _            __ _ _
 /\\ / ___'_ __ _ _(_)_ __  __ _ \ \ \ \
( ( )\___ | '_ | '_| | '_ \/ _` | \ \ \ \
 \\/  ___)| |_)| | | | | || (_| |  ) ) ) )
  '  |____| .__|_| |_|_| |_\__, | / / / /
 =========|_|==============|___/=/_/_/_/

 :: Spring Boot ::               (v3.5.16)

2026-09-24T09:07:44.707+02:00  INFO 70673 --- [agilityhub-core-api] [           main] c.a.c.c.a.application.ActivityIT         : Starting ActivityIT using Java 21.0.12.1 with PID 70673 (started by jordib in /Users/jordib/dev/agilityhub/agilityhub-core-api)
2026-09-24T09:07:44.707+02:00  INFO 70673 --- [agilityhub-core-api] [           main] c.a.c.c.a.application.ActivityIT         : The following 1 profile is active: "test"
2026-09-24T09:07:44.874+02:00  INFO 70673 --- [agilityhub-core-api] [           main] .s.d.r.c.RepositoryConfigurationDelegate : Bootstrapping Spring Data MongoDB repositories in DEFAULT mode.
2026-09-24T09:07:44.890+02:00  INFO 70673 --- [agilityhub-core-api] [           main] .s.d.r.c.RepositoryConfigurationDelegate : Finished Spring Data repository scanning in 16 ms. Found 0 MongoDB repository interfaces.
2026-09-24T09:07:44.919+02:00  INFO 70673 --- [agilityhub-core-api] [           main] org.mongodb.driver.client                : MongoClient with metadata {"driver": {"name": "mongo-java-driver|sync|spring-boot", "version": "5.5.2"}, "os": {"type": "Darwin", "name": "Mac OS X", "architecture": "aarch64", "version": "26.4.1"}, "platform": "Java/Homebrew/21.0.12.1"} created with settings MongoClientSettings{readPreference=primary, writeConcern=WriteConcern{w=null, wTimeout=null ms, journal=null}, retryWrites=true, retryReads=true, readConcern=ReadConcern{level=null}, credential=null, transportSettings=null, commandListeners=[io.micrometer.core.instrument.binder.mongodb.MongoMetricsCommandListener@227c4de1], codecRegistry=ProvidersCodecRegistry{codecProviders=[ValueCodecProvider{}, BsonValueCodecProvider{}, DBRefCodecProvider{}, DBObjectCodecProvider{}, DocumentCodecProvider{}, CollectionCodecProvider{}, IterableCodecProvider{}, MapCodecProvider{}, GeoJsonCodecProvider{}, GridFSFileCodecProvider{}, Jsr310CodecProvider{}, JsonObjectCodecProvider{}, BsonCodecProvider{}, EnumCodecProvider{}, com.mongodb.client.model.mql.ExpressionCodecProvider@3fc4038f, com.mongodb.Jep395RecordCodecProvider@4cd9ee2c, com.mongodb.KotlinCodecProvider@1631dbbc]}, loggerSettings=LoggerSettings{maxDocumentLength=1000}, clusterSettings={hosts=[localhost:61915], srvServiceName=mongodb, mode=SINGLE, requiredClusterType=UNKNOWN, requiredReplicaSetName='null', serverSelector='null', clusterListeners='[]', serverSelectionTimeout='30000 ms', localThreshold='15 ms'}, socketSettings=SocketSettings{connectTimeoutMS=10000, readTimeoutMS=0, receiveBufferSize=0, proxySettings=ProxySettings{host=null, port=null, username=null, password=null}}, heartbeatSocketSettings=SocketSettings{connectTimeoutMS=10000, readTimeoutMS=10000, receiveBufferSize=0, proxySettings=ProxySettings{host=null, port=null, username=null, password=null}}, connectionPoolSettings=ConnectionPoolSettings{maxSize=100, minSize=0, maxWaitTimeMS=120000, maxConnectionLifeTimeMS=0, maxConnectionIdleTimeMS=0, maintenanceInitialDelayMS=0, maintenanceFrequencyMS=60000, connectionPoolListeners=[io.micrometer.core.instrument.binder.mongodb.MongoMetricsConnectionPoolListener@30abe186], maxConnecting=2}, serverSettings=ServerSettings{heartbeatFrequencyMS=10000, minHeartbeatFrequencyMS=500, serverMonitoringMode=AUTO, serverListeners='[]', serverMonitorListeners='[]'}, sslSettings=SslSettings{enabled=false, invalidHostNameAllowed=false, context=null}, applicationName='null', compressorList=[], uuidRepresentation=JAVA_LEGACY, serverApi=null, autoEncryptionSettings=null, dnsClient=null, inetAddressResolver=null, contextProvider=null, timeoutMS=null}
2026-09-24T09:07:44.920+02:00  INFO 70673 --- [agilityhub-core-api] [localhost:61915] org.mongodb.driver.cluster               : Monitor thread successfully connected to server with description ServerDescription{address=localhost:61915, type=REPLICA_SET_PRIMARY, cryptd=false, state=CONNECTED, ok=true, minWireVersion=0, maxWireVersion=21, maxDocumentSize=16777216, logicalSessionTimeoutMinutes=30, roundTripTimeNanos=1547875, minRoundTripTimeNanos=0, setName='docker-rs', canonicalAddress=5808589537ca:27017, hosts=[5808589537ca:27017], passives=[], arbiters=[], primary='5808589537ca:27017', tagSet=TagSet{[]}, electionId=7fffffff0000000000000001, setVersion=1, topologyVersion=TopologyVersion{processId=6ab4cc231f3e06f40300577d, counter=6}, lastWriteDate=Thu Sep 24 09:07:44 CEST 2026, lastUpdateTimeNanos=96813745942875}
2026-09-24T09:07:45.325+02:00  INFO 70673 --- [agilityhub-core-api] [           main] o.s.b.t.m.w.SpringBootMockServletContext : Initializing Spring TestDispatcherServlet ''
2026-09-24T09:07:45.325+02:00  INFO 70673 --- [agilityhub-core-api] [           main] o.s.t.web.servlet.TestDispatcherServlet  : Initializing Servlet ''
2026-09-24T09:07:45.325+02:00  INFO 70673 --- [agilityhub-core-api] [           main] o.s.t.web.servlet.TestDispatcherServlet  : Completed initialization in 0 ms
2026-09-24T09:07:45.332+02:00  INFO 70673 --- [agilityhub-core-api] [           main] c.a.c.c.a.application.ActivityIT         : Started ActivityIT in 0.631 seconds (process running for 30.428)
2026-09-24T09:07:49.029+02:00  WARN 70673 --- [agilityhub-core-api] [           main] c.a.core.shared.api.ApiExceptionHandler  : Framework request rejected code=VALIDATION_ERROR traceId=8d54d64d-302c-4308-8aaf-03d86db96e03
[INFO] Tests run: 24, Failures: 0, Errors: 0, Skipped: 0, Time elapsed: 7.542 s -- in com.agilityhub.core.clubs.activities.application.ActivityIT
[INFO] 
[INFO] Results:
[INFO] 
[INFO] Tests run: 52, Failures: 0, Errors: 0, Skipped: 0
[INFO] 
[INFO] 
[INFO] --- failsafe:3.5.6:verify (default) @ agilityhub-core-api ---
[INFO] 
[INFO] --- jacoco:0.8.14:report (coverage) @ agilityhub-core-api ---
[INFO] Skipping JaCoCo execution because property jacoco.skip is set.
[INFO] 
[INFO] --- jacoco:0.8.14:check (coverage) @ agilityhub-core-api ---
[INFO] Skipping JaCoCo execution because property jacoco.skip is set.
[INFO] ------------------------------------------------------------------------
[INFO] BUILD SUCCESS
[INFO] ------------------------------------------------------------------------
[INFO] Total time:  42.543 s
[INFO] Finished at: 2026-09-24T09:07:52+02:00
[INFO] ------------------------------------------------------------------------
