[INFO] Scanning for projects...
[INFO] 
[INFO] -----------------< com.agilityhub:agilityhub-core-api >-----------------
[INFO] Building AgilityHub Core API 0.1.0-SNAPSHOT
[INFO]   from pom.xml
[INFO] --------------------------------[ jar ]---------------------------------
[INFO] 
[INFO] --- enforcer:3.6.2:enforce (require-java-21) @ agilityhub-core-api ---
[INFO] Rule 0: org.apache.maven.enforcer.rules.version.RequireJavaVersion passed
[INFO] Rule 1: org.apache.maven.enforcer.rules.version.RequireMavenVersion passed
[INFO] 
[INFO] --- jacoco:0.8.14:prepare-agent (default) @ agilityhub-core-api ---
[INFO] Skipping JaCoCo execution because property jacoco.skip is set.
[INFO] argLine set to empty
[INFO] 
[INFO] --- spring-boot:3.5.16:build-info (default) @ agilityhub-core-api ---
[INFO] 
[INFO] --- resources:3.3.1:resources (default-resources) @ agilityhub-core-api ---
[INFO] Copying 9 resources from src/main/resources to target/classes
[INFO] Copying 1 resource from seeds to target/classes/seeds
[INFO] 
[INFO] --- compiler:3.14.1:compile (default-compile) @ agilityhub-core-api ---
[INFO] Nothing to compile - all classes are up to date.
[INFO] 
[INFO] --- resources:3.3.1:testResources (default-testResources) @ agilityhub-core-api ---
[INFO] Copying 31 resources from src/test/resources to target/test-classes
[INFO] 
[INFO] --- compiler:3.14.1:testCompile (default-testCompile) @ agilityhub-core-api ---
[INFO] Nothing to compile - all classes are up to date.
[INFO] 
[INFO] --- surefire:3.5.6:test (default-test) @ agilityhub-core-api ---
[INFO] 
[INFO] --- jar:3.4.2:jar (default-jar) @ agilityhub-core-api ---
[INFO] Building jar: /Users/jordib/dev/agilityhub/agilityhub-core-api/target/agilityhub-core-api-0.1.0-SNAPSHOT.jar
[INFO] 
[INFO] --- spring-boot:3.5.16:repackage (repackage) @ agilityhub-core-api ---
[INFO] Replacing main artifact /Users/jordib/dev/agilityhub/agilityhub-core-api/target/agilityhub-core-api-0.1.0-SNAPSHOT.jar with repackaged archive, adding nested dependencies in BOOT-INF/.
[INFO] The original artifact has been renamed to /Users/jordib/dev/agilityhub/agilityhub-core-api/target/agilityhub-core-api-0.1.0-SNAPSHOT.jar.original
[INFO] 
[INFO] --- failsafe:3.5.6:integration-test (default) @ agilityhub-core-api ---
[INFO] Using auto detected provider org.apache.maven.surefire.junitplatform.JUnitPlatformProvider
[INFO] 
[INFO] -------------------------------------------------------
[INFO]  T E S T S
[INFO] -------------------------------------------------------
[INFO] Running com.agilityhub.core.migration.PlayoffMigrationIT
09:12:28.165 [main] INFO org.springframework.test.context.support.AnnotationConfigContextLoaderUtils -- Could not detect default configuration classes for test class [com.agilityhub.core.migration.PlayoffMigrationIT]: PlayoffMigrationIT does not declare any static, non-private, non-final, nested classes annotated with @Configuration.
09:12:28.221 [main] INFO org.springframework.boot.test.context.SpringBootTestContextBootstrapper -- Found @SpringBootConfiguration com.agilityhub.core.CoreApplication for test class com.agilityhub.core.migration.PlayoffMigrationIT
09:12:28.266 [main] INFO org.testcontainers.images.PullPolicy -- Image pull policy will be performed by: DefaultPullPolicy()
09:12:28.267 [main] INFO org.testcontainers.utility.ImageNameSubstitutor -- Image name substitution will be performed by: DefaultImageNameSubstitutor (composite of 'ConfigurationFileImageNameSubstitutor' and 'PrefixingImageNameSubstitutor')
09:12:28.269 [main] INFO org.testcontainers.DockerClientFactory -- Testcontainers version: 1.21.4
09:12:28.331 [main] INFO org.testcontainers.dockerclient.DockerClientProviderStrategy -- Loaded org.testcontainers.dockerclient.UnixSocketClientProviderStrategy from ~/.testcontainers.properties, will try it first
09:12:28.427 [main] INFO org.testcontainers.dockerclient.DockerClientProviderStrategy -- Found Docker environment with local Unix socket (unix:///var/run/docker.sock)
09:12:28.427 [main] INFO org.testcontainers.DockerClientFactory -- Docker host IP address is localhost
09:12:28.438 [main] INFO org.testcontainers.DockerClientFactory -- Connected to docker: 
  Server Version: 29.7.2
  API Version: 1.55
  Operating System: Docker Desktop
  Total Memory: 7931 MB
  Labels: 
    com.docker.desktop.address=unix:///Users/jordib/Library/Containers/com.docker.docker/Data/docker-cli.sock
09:12:28.525 [main] INFO tc.testcontainers/ryuk:0.12.0 -- Creating container for image: testcontainers/ryuk:0.12.0
09:12:28.606 [main] INFO org.testcontainers.utility.RegistryAuthLocator -- Credential helper/store (docker-credential-desktop) does not have credentials for https://index.docker.io/v1/
09:12:28.654 [main] INFO tc.testcontainers/ryuk:0.12.0 -- Container testcontainers/ryuk:0.12.0 is starting: e9c3ce91572286a6e0fd6c86220f4b0d5ac796a85f6f8d694f6cd6d06ecb67fe
09:12:28.783 [main] INFO tc.testcontainers/ryuk:0.12.0 -- Container testcontainers/ryuk:0.12.0 started in PT0.258094S
09:12:28.786 [main] INFO org.testcontainers.utility.RyukResourceReaper -- Ryuk started - will monitor and terminate Testcontainers containers on JVM exit
09:12:28.786 [main] INFO org.testcontainers.DockerClientFactory -- Checking the system...
09:12:28.786 [main] INFO org.testcontainers.DockerClientFactory -- ✔︎ Docker server version should be at least 1.6.0
09:12:28.786 [main] INFO tc.mongo:7 -- Creating container for image: mongo:7
09:12:28.819 [main] INFO tc.mongo:7 -- Container mongo:7 is starting: b78f4bd46bc13641a2a045bacdd3d6d46bdeec547f91d7148980f70df5dc4fbf
09:12:29.240 [main] INFO tc.mongo:7 -- Container mongo:7 started in PT0.453401S
Integration JVM availableProcessors=2

  .   ____          _            __ _ _
 /\\ / ___'_ __ _ _(_)_ __  __ _ \ \ \ \
( ( )\___ | '_ | '_| | '_ \/ _` | \ \ \ \
 \\/  ___)| |_)| | | | | || (_| |  ) ) ) )
  '  |____| .__|_| |_|_| |_\__, | / / / /
 =========|_|==============|___/=/_/_/_/

 :: Spring Boot ::               (v3.5.16)

2026-09-24T09:12:29.882+02:00  INFO 71257 --- [agilityhub-core-api] [           main] c.a.core.migration.PlayoffMigrationIT    : Starting PlayoffMigrationIT using Java 21.0.12.1 with PID 71257 (started by jordib in /Users/jordib/dev/agilityhub/agilityhub-core-api)
2026-09-24T09:12:29.886+02:00  INFO 71257 --- [agilityhub-core-api] [           main] c.a.core.migration.PlayoffMigrationIT    : The following 1 profile is active: "test"
2026-09-24T09:12:30.383+02:00  INFO 71257 --- [agilityhub-core-api] [           main] .s.d.r.c.RepositoryConfigurationDelegate : Bootstrapping Spring Data MongoDB repositories in DEFAULT mode.
2026-09-24T09:12:30.410+02:00  INFO 71257 --- [agilityhub-core-api] [           main] .s.d.r.c.RepositoryConfigurationDelegate : Finished Spring Data repository scanning in 25 ms. Found 0 MongoDB repository interfaces.
2026-09-24T09:12:30.639+02:00  INFO 71257 --- [agilityhub-core-api] [           main] org.mongodb.driver.client                : MongoClient with metadata {"driver": {"name": "mongo-java-driver|sync|spring-boot", "version": "5.5.2"}, "os": {"type": "Darwin", "name": "Mac OS X", "architecture": "aarch64", "version": "26.4.1"}, "platform": "Java/Homebrew/21.0.12.1"} created with settings MongoClientSettings{readPreference=primary, writeConcern=WriteConcern{w=null, wTimeout=null ms, journal=null}, retryWrites=true, retryReads=true, readConcern=ReadConcern{level=null}, credential=null, transportSettings=null, commandListeners=[io.micrometer.core.instrument.binder.mongodb.MongoMetricsCommandListener@b307030], codecRegistry=ProvidersCodecRegistry{codecProviders=[ValueCodecProvider{}, BsonValueCodecProvider{}, DBRefCodecProvider{}, DBObjectCodecProvider{}, DocumentCodecProvider{}, CollectionCodecProvider{}, IterableCodecProvider{}, MapCodecProvider{}, GeoJsonCodecProvider{}, GridFSFileCodecProvider{}, Jsr310CodecProvider{}, JsonObjectCodecProvider{}, BsonCodecProvider{}, EnumCodecProvider{}, com.mongodb.client.model.mql.ExpressionCodecProvider@2caa9666, com.mongodb.Jep395RecordCodecProvider@263f6e96, com.mongodb.KotlinCodecProvider@49741e80]}, loggerSettings=LoggerSettings{maxDocumentLength=1000}, clusterSettings={hosts=[localhost:62287], srvServiceName=mongodb, mode=SINGLE, requiredClusterType=UNKNOWN, requiredReplicaSetName='null', serverSelector='null', clusterListeners='[]', serverSelectionTimeout='30000 ms', localThreshold='15 ms'}, socketSettings=SocketSettings{connectTimeoutMS=10000, readTimeoutMS=0, receiveBufferSize=0, proxySettings=ProxySettings{host=null, port=null, username=null, password=null}}, heartbeatSocketSettings=SocketSettings{connectTimeoutMS=10000, readTimeoutMS=10000, receiveBufferSize=0, proxySettings=ProxySettings{host=null, port=null, username=null, password=null}}, connectionPoolSettings=ConnectionPoolSettings{maxSize=100, minSize=0, maxWaitTimeMS=120000, maxConnectionLifeTimeMS=0, maxConnectionIdleTimeMS=0, maintenanceInitialDelayMS=0, maintenanceFrequencyMS=60000, connectionPoolListeners=[io.micrometer.core.instrument.binder.mongodb.MongoMetricsConnectionPoolListener@414d466e], maxConnecting=2}, serverSettings=ServerSettings{heartbeatFrequencyMS=10000, minHeartbeatFrequencyMS=500, serverMonitoringMode=AUTO, serverListeners='[]', serverMonitorListeners='[]'}, sslSettings=SslSettings{enabled=false, invalidHostNameAllowed=false, context=null}, applicationName='null', compressorList=[], uuidRepresentation=JAVA_LEGACY, serverApi=null, autoEncryptionSettings=null, dnsClient=null, inetAddressResolver=null, contextProvider=null, timeoutMS=null}
2026-09-24T09:12:30.643+02:00  INFO 71257 --- [agilityhub-core-api] [localhost:62287] org.mongodb.driver.cluster               : Monitor thread successfully connected to server with description ServerDescription{address=localhost:62287, type=REPLICA_SET_PRIMARY, cryptd=false, state=CONNECTED, ok=true, minWireVersion=0, maxWireVersion=21, maxDocumentSize=16777216, logicalSessionTimeoutMinutes=30, roundTripTimeNanos=7078375, minRoundTripTimeNanos=0, setName='docker-rs', canonicalAddress=b78f4bd46bc1:27017, hosts=[b78f4bd46bc1:27017], passives=[], arbiters=[], primary='b78f4bd46bc1:27017', tagSet=TagSet{[]}, electionId=7fffffff0000000000000001, setVersion=1, topologyVersion=TopologyVersion{processId=6ab4cd5c5d7a57f59a55193c, counter=6}, lastWriteDate=Thu Sep 24 09:12:29 CEST 2026, lastUpdateTimeNanos=97099465538125}
Mockito is currently self-attaching to enable the inline-mock-maker. This will no longer work in future releases of the JDK. Please add Mockito as an agent to your build as described in Mockito's documentation: https://javadoc.io/doc/org.mockito/mockito-core/latest/org.mockito/org/mockito/Mockito.html#0.3
WARNING: A Java agent has been loaded dynamically (/Users/jordib/.m2/repository/net/bytebuddy/byte-buddy-agent/1.17.8/byte-buddy-agent-1.17.8.jar)
WARNING: If a serviceability tool is in use, please run with -XX:+EnableDynamicAgentLoading to hide this warning
WARNING: If a serviceability tool is not in use, please run with -Djdk.instrument.traceUsage for more information
WARNING: Dynamic loading of agents will be disallowed by default in a future release
OpenJDK 64-Bit Server VM warning: Sharing is only supported for boot loader classes because bootstrap classpath has been appended
2026-09-24T09:12:33.780+02:00  INFO 71257 --- [agilityhub-core-api] [           main] c.a.core.migration.PlayoffMigrationIT    : Started PlayoffMigrationIT in 3.989 seconds (process running for 5.898)
[INFO] Tests run: 9, Failures: 0, Errors: 0, Skipped: 0, Time elapsed: 15.40 s -- in com.agilityhub.core.migration.PlayoffMigrationIT
[INFO] Running com.agilityhub.core.clubs.dashboard.api.DashboardIT
2026-09-24T09:12:43.578+02:00  INFO 71257 --- [agilityhub-core-api] [           main] .b.t.c.SpringBootTestContextBootstrapper : Found @SpringBootConfiguration com.agilityhub.core.CoreApplication for test class com.agilityhub.core.clubs.dashboard.api.DashboardIT

  .   ____          _            __ _ _
 /\\ / ___'_ __ _ _(_)_ __  __ _ \ \ \ \
( ( )\___ | '_ | '_| | '_ \/ _` | \ \ \ \
 \\/  ___)| |_)| | | | | || (_| |  ) ) ) )
  '  |____| .__|_| |_|_| |_\__, | / / / /
 =========|_|==============|___/=/_/_/_/

 :: Spring Boot ::               (v3.5.16)

2026-09-24T09:12:43.593+02:00  INFO 71257 --- [agilityhub-core-api] [           main] c.a.c.clubs.dashboard.api.DashboardIT    : Starting DashboardIT using Java 21.0.12.1 with PID 71257 (started by jordib in /Users/jordib/dev/agilityhub/agilityhub-core-api)
2026-09-24T09:12:43.594+02:00  INFO 71257 --- [agilityhub-core-api] [           main] c.a.c.clubs.dashboard.api.DashboardIT    : The following 1 profile is active: "test"
2026-09-24T09:12:43.799+02:00  INFO 71257 --- [agilityhub-core-api] [           main] .s.d.r.c.RepositoryConfigurationDelegate : Bootstrapping Spring Data MongoDB repositories in DEFAULT mode.
2026-09-24T09:12:43.816+02:00  INFO 71257 --- [agilityhub-core-api] [           main] .s.d.r.c.RepositoryConfigurationDelegate : Finished Spring Data repository scanning in 16 ms. Found 0 MongoDB repository interfaces.
2026-09-24T09:12:43.993+02:00  INFO 71257 --- [agilityhub-core-api] [           main] org.mongodb.driver.client                : MongoClient with metadata {"driver": {"name": "mongo-java-driver|sync|spring-boot", "version": "5.5.2"}, "os": {"type": "Darwin", "name": "Mac OS X", "architecture": "aarch64", "version": "26.4.1"}, "platform": "Java/Homebrew/21.0.12.1"} created with settings MongoClientSettings{readPreference=primary, writeConcern=WriteConcern{w=null, wTimeout=null ms, journal=null}, retryWrites=true, retryReads=true, readConcern=ReadConcern{level=null}, credential=null, transportSettings=null, commandListeners=[com.agilityhub.core.clubs.dashboard.api.DashboardIT$MongoProbeConfiguration$1@52d53a96, io.micrometer.core.instrument.binder.mongodb.MongoMetricsCommandListener@51bccbc3], codecRegistry=ProvidersCodecRegistry{codecProviders=[ValueCodecProvider{}, BsonValueCodecProvider{}, DBRefCodecProvider{}, DBObjectCodecProvider{}, DocumentCodecProvider{}, CollectionCodecProvider{}, IterableCodecProvider{}, MapCodecProvider{}, GeoJsonCodecProvider{}, GridFSFileCodecProvider{}, Jsr310CodecProvider{}, JsonObjectCodecProvider{}, BsonCodecProvider{}, EnumCodecProvider{}, com.mongodb.client.model.mql.ExpressionCodecProvider@2caa9666, com.mongodb.Jep395RecordCodecProvider@263f6e96, com.mongodb.KotlinCodecProvider@49741e80]}, loggerSettings=LoggerSettings{maxDocumentLength=1000}, clusterSettings={hosts=[localhost:62287], srvServiceName=mongodb, mode=SINGLE, requiredClusterType=UNKNOWN, requiredReplicaSetName='null', serverSelector='null', clusterListeners='[]', serverSelectionTimeout='30000 ms', localThreshold='15 ms'}, socketSettings=SocketSettings{connectTimeoutMS=10000, readTimeoutMS=0, receiveBufferSize=0, proxySettings=ProxySettings{host=null, port=null, username=null, password=null}}, heartbeatSocketSettings=SocketSettings{connectTimeoutMS=10000, readTimeoutMS=10000, receiveBufferSize=0, proxySettings=ProxySettings{host=null, port=null, username=null, password=null}}, connectionPoolSettings=ConnectionPoolSettings{maxSize=100, minSize=0, maxWaitTimeMS=120000, maxConnectionLifeTimeMS=0, maxConnectionIdleTimeMS=0, maintenanceInitialDelayMS=0, maintenanceFrequencyMS=60000, connectionPoolListeners=[io.micrometer.core.instrument.binder.mongodb.MongoMetricsConnectionPoolListener@41719f09], maxConnecting=2}, serverSettings=ServerSettings{heartbeatFrequencyMS=10000, minHeartbeatFrequencyMS=500, serverMonitoringMode=AUTO, serverListeners='[]', serverMonitorListeners='[]'}, sslSettings=SslSettings{enabled=false, invalidHostNameAllowed=false, context=null}, applicationName='null', compressorList=[], uuidRepresentation=JAVA_LEGACY, serverApi=null, autoEncryptionSettings=null, dnsClient=null, inetAddressResolver=null, contextProvider=null, timeoutMS=null}
2026-09-24T09:12:43.994+02:00  INFO 71257 --- [agilityhub-core-api] [localhost:62287] org.mongodb.driver.cluster               : Monitor thread successfully connected to server with description ServerDescription{address=localhost:62287, type=REPLICA_SET_PRIMARY, cryptd=false, state=CONNECTED, ok=true, minWireVersion=0, maxWireVersion=21, maxDocumentSize=16777216, logicalSessionTimeoutMinutes=30, roundTripTimeNanos=1019834, minRoundTripTimeNanos=0, setName='docker-rs', canonicalAddress=b78f4bd46bc1:27017, hosts=[b78f4bd46bc1:27017], passives=[], arbiters=[], primary='b78f4bd46bc1:27017', tagSet=TagSet{[]}, electionId=7fffffff0000000000000001, setVersion=1, topologyVersion=TopologyVersion{processId=6ab4cd5c5d7a57f59a55193c, counter=6}, lastWriteDate=Thu Sep 24 09:12:43 CEST 2026, lastUpdateTimeNanos=97112817172833}
2026-09-24T09:12:44.538+02:00  INFO 71257 --- [agilityhub-core-api] [           main] o.s.b.t.m.w.SpringBootMockServletContext : Initializing Spring TestDispatcherServlet ''
2026-09-24T09:12:44.538+02:00  INFO 71257 --- [agilityhub-core-api] [           main] o.s.t.web.servlet.TestDispatcherServlet  : Initializing Servlet ''
2026-09-24T09:12:44.539+02:00  INFO 71257 --- [agilityhub-core-api] [           main] o.s.t.web.servlet.TestDispatcherServlet  : Completed initialization in 1 ms
2026-09-24T09:12:44.550+02:00  INFO 71257 --- [agilityhub-core-api] [           main] c.a.c.clubs.dashboard.api.DashboardIT    : Started DashboardIT in 0.969 seconds (process running for 16.668)
[INFO] Tests run: 9, Failures: 0, Errors: 0, Skipped: 0, Time elapsed: 3.332 s -- in com.agilityhub.core.clubs.dashboard.api.DashboardIT
[INFO] Running com.agilityhub.core.clubs.census.application.DemoSeedsIT
2026-09-24T09:12:46.875+02:00  INFO 71257 --- [agilityhub-core-api] [           main] t.c.s.AnnotationConfigContextLoaderUtils : Could not detect default configuration classes for test class [com.agilityhub.core.clubs.census.application.DemoSeedsIT]: DemoSeedsIT does not declare any static, non-private, non-final, nested classes annotated with @Configuration.
2026-09-24T09:12:46.899+02:00  INFO 71257 --- [agilityhub-core-api] [           main] .b.t.c.SpringBootTestContextBootstrapper : Found @SpringBootConfiguration com.agilityhub.core.CoreApplication for test class com.agilityhub.core.clubs.census.application.DemoSeedsIT

  .   ____          _            __ _ _
 /\\ / ___'_ __ _ _(_)_ __  __ _ \ \ \ \
( ( )\___ | '_ | '_| | '_ \/ _` | \ \ \ \
 \\/  ___)| |_)| | | | | || (_| |  ) ) ) )
  '  |____| .__|_| |_|_| |_\__, | / / / /
 =========|_|==============|___/=/_/_/_/

 :: Spring Boot ::               (v3.5.16)

2026-09-24T09:12:46.907+02:00  INFO 71257 --- [agilityhub-core-api] [           main] c.a.c.c.census.application.DemoSeedsIT   : Starting DemoSeedsIT using Java 21.0.12.1 with PID 71257 (started by jordib in /Users/jordib/dev/agilityhub/agilityhub-core-api)
2026-09-24T09:12:46.907+02:00  INFO 71257 --- [agilityhub-core-api] [           main] c.a.c.c.census.application.DemoSeedsIT   : The following 1 profile is active: "test"
2026-09-24T09:12:47.090+02:00  INFO 71257 --- [agilityhub-core-api] [           main] .s.d.r.c.RepositoryConfigurationDelegate : Bootstrapping Spring Data MongoDB repositories in DEFAULT mode.
2026-09-24T09:12:47.107+02:00  INFO 71257 --- [agilityhub-core-api] [           main] .s.d.r.c.RepositoryConfigurationDelegate : Finished Spring Data repository scanning in 17 ms. Found 0 MongoDB repository interfaces.
2026-09-24T09:12:47.139+02:00  INFO 71257 --- [agilityhub-core-api] [           main] org.mongodb.driver.client                : MongoClient with metadata {"driver": {"name": "mongo-java-driver|sync|spring-boot", "version": "5.5.2"}, "os": {"type": "Darwin", "name": "Mac OS X", "architecture": "aarch64", "version": "26.4.1"}, "platform": "Java/Homebrew/21.0.12.1"} created with settings MongoClientSettings{readPreference=primary, writeConcern=WriteConcern{w=null, wTimeout=null ms, journal=null}, retryWrites=true, retryReads=true, readConcern=ReadConcern{level=null}, credential=null, transportSettings=null, commandListeners=[io.micrometer.core.instrument.binder.mongodb.MongoMetricsCommandListener@41a252d0], codecRegistry=ProvidersCodecRegistry{codecProviders=[ValueCodecProvider{}, BsonValueCodecProvider{}, DBRefCodecProvider{}, DBObjectCodecProvider{}, DocumentCodecProvider{}, CollectionCodecProvider{}, IterableCodecProvider{}, MapCodecProvider{}, GeoJsonCodecProvider{}, GridFSFileCodecProvider{}, Jsr310CodecProvider{}, JsonObjectCodecProvider{}, BsonCodecProvider{}, EnumCodecProvider{}, com.mongodb.client.model.mql.ExpressionCodecProvider@2caa9666, com.mongodb.Jep395RecordCodecProvider@263f6e96, com.mongodb.KotlinCodecProvider@49741e80]}, loggerSettings=LoggerSettings{maxDocumentLength=1000}, clusterSettings={hosts=[localhost:62287], srvServiceName=mongodb, mode=SINGLE, requiredClusterType=UNKNOWN, requiredReplicaSetName='null', serverSelector='null', clusterListeners='[]', serverSelectionTimeout='30000 ms', localThreshold='15 ms'}, socketSettings=SocketSettings{connectTimeoutMS=10000, readTimeoutMS=0, receiveBufferSize=0, proxySettings=ProxySettings{host=null, port=null, username=null, password=null}}, heartbeatSocketSettings=SocketSettings{connectTimeoutMS=10000, readTimeoutMS=10000, receiveBufferSize=0, proxySettings=ProxySettings{host=null, port=null, username=null, password=null}}, connectionPoolSettings=ConnectionPoolSettings{maxSize=100, minSize=0, maxWaitTimeMS=120000, maxConnectionLifeTimeMS=0, maxConnectionIdleTimeMS=0, maintenanceInitialDelayMS=0, maintenanceFrequencyMS=60000, connectionPoolListeners=[io.micrometer.core.instrument.binder.mongodb.MongoMetricsConnectionPoolListener@65a6c44e], maxConnecting=2}, serverSettings=ServerSettings{heartbeatFrequencyMS=10000, minHeartbeatFrequencyMS=500, serverMonitoringMode=AUTO, serverListeners='[]', serverMonitorListeners='[]'}, sslSettings=SslSettings{enabled=false, invalidHostNameAllowed=false, context=null}, applicationName='null', compressorList=[], uuidRepresentation=JAVA_LEGACY, serverApi=null, autoEncryptionSettings=null, dnsClient=null, inetAddressResolver=null, contextProvider=null, timeoutMS=null}
2026-09-24T09:12:47.141+02:00  INFO 71257 --- [agilityhub-core-api] [localhost:62287] org.mongodb.driver.cluster               : Monitor thread successfully connected to server with description ServerDescription{address=localhost:62287, type=REPLICA_SET_PRIMARY, cryptd=false, state=CONNECTED, ok=true, minWireVersion=0, maxWireVersion=21, maxDocumentSize=16777216, logicalSessionTimeoutMinutes=30, roundTripTimeNanos=1571416, minRoundTripTimeNanos=0, setName='docker-rs', canonicalAddress=b78f4bd46bc1:27017, hosts=[b78f4bd46bc1:27017], passives=[], arbiters=[], primary='b78f4bd46bc1:27017', tagSet=TagSet{[]}, electionId=7fffffff0000000000000001, setVersion=1, topologyVersion=TopologyVersion{processId=6ab4cd5c5d7a57f59a55193c, counter=6}, lastWriteDate=Thu Sep 24 09:12:46 CEST 2026, lastUpdateTimeNanos=97115963556458}
2026-09-24T09:12:47.547+02:00  INFO 71257 --- [agilityhub-core-api] [           main] o.s.b.t.m.w.SpringBootMockServletContext : Initializing Spring TestDispatcherServlet ''
2026-09-24T09:12:47.547+02:00  INFO 71257 --- [agilityhub-core-api] [           main] o.s.t.web.servlet.TestDispatcherServlet  : Initializing Servlet ''
2026-09-24T09:12:47.547+02:00  INFO 71257 --- [agilityhub-core-api] [           main] o.s.t.web.servlet.TestDispatcherServlet  : Completed initialization in 0 ms
2026-09-24T09:12:47.554+02:00  INFO 71257 --- [agilityhub-core-api] [           main] c.a.c.c.census.application.DemoSeedsIT   : Started DemoSeedsIT in 0.653 seconds (process running for 19.671)
{activeMembers=184, pendingMembers=3, inactiveMembers=4, leftMembers=3, members=194, dogs=245, familyGroups=12, activeDogs=242, pendingDogs=3, instructors=3, administrators=2, receivedDocuments=6, pendingDocuments=239}
451 changes (demo seed)
{templateClasses=39, templates=3, weeks=3, generatedClasses=102, validatedWeeks=2, looseClasses=1, ringBlocks=1, scenarioRingBlocks=0, riskCancellations=1, classBookings=23, classWaitlist=3, activities=4, publishedActivities=3, activityRegistrations=44, activityWaitlist=2, activityFiles=2, scenarioActivityRegistrations=0, scenarioClassBookings=0, scenarioCancellations=0, scenarioWaitlist=0, scenarioOffers=0, scenarioRiskExempt=0, scenarioBookingBlocks=0, scenarioTrainingOverrides=0, scenarioTrainingBookings=0}
233 changes (demo planning, week start 2026-09-07)
{activeMembers=184, pendingMembers=3, inactiveMembers=4, leftMembers=3, members=194, dogs=245, familyGroups=12, activeDogs=242, pendingDogs=3, instructors=3, administrators=2, receivedDocuments=6, pendingDocuments=239}
0 changes (demo seed)
{templateClasses=39, templates=3, weeks=3, generatedClasses=102, validatedWeeks=2, looseClasses=1, ringBlocks=1, scenarioRingBlocks=0, riskCancellations=1, classBookings=23, classWaitlist=3, activities=4, publishedActivities=3, activityRegistrations=44, activityWaitlist=2, activityFiles=2, scenarioActivityRegistrations=0, scenarioClassBookings=0, scenarioCancellations=0, scenarioWaitlist=0, scenarioOffers=0, scenarioRiskExempt=0, scenarioBookingBlocks=0, scenarioTrainingOverrides=0, scenarioTrainingBookings=0}
0 changes (demo planning, week start 2026-09-07)
[INFO] Tests run: 8, Failures: 0, Errors: 0, Skipped: 0, Time elapsed: 7.854 s -- in com.agilityhub.core.clubs.census.application.DemoSeedsIT
[INFO] Running com.agilityhub.core.clubs.census.application.DemoScenarioSeedIT
2026-09-24T09:12:54.731+02:00  INFO 71257 --- [agilityhub-core-api] [           main] t.c.s.AnnotationConfigContextLoaderUtils : Could not detect default configuration classes for test class [com.agilityhub.core.clubs.census.application.DemoScenarioSeedIT]: DemoScenarioSeedIT does not declare any static, non-private, non-final, nested classes annotated with @Configuration.
2026-09-24T09:12:54.732+02:00  INFO 71257 --- [agilityhub-core-api] [           main] .b.t.c.SpringBootTestContextBootstrapper : Found @SpringBootConfiguration com.agilityhub.core.CoreApplication for test class com.agilityhub.core.clubs.census.application.DemoScenarioSeedIT
{activeMembers=184, pendingMembers=3, inactiveMembers=4, leftMembers=3, members=194, dogs=245, familyGroups=12, activeDogs=242, pendingDogs=3, instructors=3, administrators=2, receivedDocuments=6, pendingDocuments=239}
451 changes (demo seed)
{templateClasses=39, templates=3, weeks=3, generatedClasses=102, validatedWeeks=2, looseClasses=1, ringBlocks=1, scenarioRingBlocks=0, riskCancellations=1, classBookings=23, classWaitlist=3, activities=4, publishedActivities=3, activityRegistrations=44, activityWaitlist=2, activityFiles=2, scenarioActivityRegistrations=0, scenarioClassBookings=0, scenarioCancellations=0, scenarioWaitlist=0, scenarioOffers=0, scenarioRiskExempt=0, scenarioBookingBlocks=0, scenarioTrainingOverrides=0, scenarioTrainingBookings=0}
233 changes (demo planning, week start 2026-09-07)
{activeMembers=184, pendingMembers=3, inactiveMembers=4, leftMembers=3, members=194, dogs=245, familyGroups=12, activeDogs=242, pendingDogs=3, instructors=3, administrators=2, receivedDocuments=6, pendingDocuments=239}
451 changes (demo seed)
{templateClasses=39, templates=3, weeks=3, generatedClasses=114, validatedWeeks=2, looseClasses=1, ringBlocks=1, scenarioRingBlocks=1, riskCancellations=1, classBookings=23, classWaitlist=3, activities=4, publishedActivities=3, activityRegistrations=44, activityWaitlist=2, activityFiles=2, scenarioActivityRegistrations=1, scenarioClassBookings=18, scenarioCancellations=3, scenarioWaitlist=5, scenarioOffers=0, scenarioRiskExempt=1, scenarioBookingBlocks=1, scenarioTrainingOverrides=1, scenarioTrainingBookings=3}
279 changes (demo planning, week start 2026-09-14)
{activeMembers=184, pendingMembers=3, inactiveMembers=4, leftMembers=3, members=194, dogs=245, familyGroups=12, activeDogs=242, pendingDogs=3, instructors=3, administrators=2, receivedDocuments=6, pendingDocuments=239}
0 changes (demo seed)
{templateClasses=39, templates=3, weeks=3, generatedClasses=114, validatedWeeks=2, looseClasses=1, ringBlocks=1, scenarioRingBlocks=1, riskCancellations=1, classBookings=23, classWaitlist=3, activities=4, publishedActivities=3, activityRegistrations=44, activityWaitlist=2, activityFiles=2, scenarioActivityRegistrations=1, scenarioClassBookings=18, scenarioCancellations=3, scenarioWaitlist=5, scenarioOffers=0, scenarioRiskExempt=1, scenarioBookingBlocks=1, scenarioTrainingOverrides=1, scenarioTrainingBookings=3}
0 changes (demo planning, week start 2026-09-14)
{activeMembers=184, pendingMembers=3, inactiveMembers=4, leftMembers=3, members=194, dogs=245, familyGroups=12, activeDogs=242, pendingDogs=3, instructors=3, administrators=2, receivedDocuments=6, pendingDocuments=239}
451 changes (demo seed)
{templateClasses=39, templates=3, weeks=3, generatedClasses=114, validatedWeeks=2, looseClasses=1, ringBlocks=1, scenarioRingBlocks=1, riskCancellations=1, classBookings=23, classWaitlist=3, activities=4, publishedActivities=3, activityRegistrations=44, activityWaitlist=2, activityFiles=2, scenarioActivityRegistrations=1, scenarioClassBookings=18, scenarioCancellations=3, scenarioWaitlist=5, scenarioOffers=0, scenarioRiskExempt=1, scenarioBookingBlocks=1, scenarioTrainingOverrides=1, scenarioTrainingBookings=3}
279 changes (demo planning, week start 2026-09-14)
{activeMembers=184, pendingMembers=3, inactiveMembers=4, leftMembers=3, members=194, dogs=245, familyGroups=12, activeDogs=242, pendingDogs=3, instructors=3, administrators=2, receivedDocuments=6, pendingDocuments=239}
451 changes (demo seed)
{templateClasses=39, templates=3, weeks=3, generatedClasses=114, validatedWeeks=2, looseClasses=1, ringBlocks=1, scenarioRingBlocks=1, riskCancellations=1, classBookings=23, classWaitlist=3, activities=4, publishedActivities=3, activityRegistrations=44, activityWaitlist=2, activityFiles=2, scenarioActivityRegistrations=1, scenarioClassBookings=18, scenarioCancellations=3, scenarioWaitlist=5, scenarioOffers=0, scenarioRiskExempt=1, scenarioBookingBlocks=1, scenarioTrainingOverrides=1, scenarioTrainingBookings=3}
279 changes (demo planning, week start 2026-09-14)
{activeMembers=8, pendingMembers=0, inactiveMembers=0, leftMembers=0, members=8, dogs=8, familyGroups=0, activeDogs=8, pendingDogs=0, instructors=1, administrators=1, receivedDocuments=0, pendingDocuments=8}
16 changes (demo seed)
{templateClasses=5, templates=1, weeks=1, generatedClasses=5, validatedWeeks=1, scenarioRingBlocks=0, classBookings=0, classWaitlist=0, activities=0, publishedActivities=0, activityRegistrations=0, activityWaitlist=0, activityFiles=0, scenarioActivityRegistrations=0, scenarioClassBookings=2, scenarioCancellations=1, scenarioWaitlist=3, scenarioOffers=1, scenarioRiskExempt=0, scenarioBookingBlocks=0, scenarioTrainingOverrides=0, scenarioTrainingBookings=0}
20 changes (demo planning, week start 2026-09-14)
[INFO] Tests run: 4, Failures: 0, Errors: 0, Skipped: 0, Time elapsed: 14.80 s -- in com.agilityhub.core.clubs.census.application.DemoScenarioSeedIT
[INFO] Running com.agilityhub.core.clubs.census.application.DemoPlanningSeedIT
2026-09-24T09:13:09.531+02:00  INFO 71257 --- [agilityhub-core-api] [           main] t.c.s.AnnotationConfigContextLoaderUtils : Could not detect default configuration classes for test class [com.agilityhub.core.clubs.census.application.DemoPlanningSeedIT]: DemoPlanningSeedIT does not declare any static, non-private, non-final, nested classes annotated with @Configuration.
2026-09-24T09:13:09.532+02:00  INFO 71257 --- [agilityhub-core-api] [           main] .b.t.c.SpringBootTestContextBootstrapper : Found @SpringBootConfiguration com.agilityhub.core.CoreApplication for test class com.agilityhub.core.clubs.census.application.DemoPlanningSeedIT
{activeMembers=184, pendingMembers=3, inactiveMembers=4, leftMembers=3, members=194, dogs=245, familyGroups=12, activeDogs=242, pendingDogs=3, instructors=3, administrators=2, receivedDocuments=6, pendingDocuments=239}
451 changes (demo seed)
{templateClasses=39, templates=3, weeks=3, generatedClasses=102, validatedWeeks=2, looseClasses=1, ringBlocks=1, scenarioRingBlocks=0, riskCancellations=1, classBookings=23, classWaitlist=3, activities=4, publishedActivities=3, activityRegistrations=44, activityWaitlist=2, activityFiles=2, scenarioActivityRegistrations=0, scenarioClassBookings=0, scenarioCancellations=0, scenarioWaitlist=0, scenarioOffers=0, scenarioRiskExempt=0, scenarioBookingBlocks=0, scenarioTrainingOverrides=0, scenarioTrainingBookings=0}
233 changes (demo planning, week start 2026-09-07)
{activeMembers=184, pendingMembers=3, inactiveMembers=4, leftMembers=3, members=194, dogs=245, familyGroups=12, activeDogs=242, pendingDogs=3, instructors=3, administrators=2, receivedDocuments=6, pendingDocuments=239}
451 changes (demo seed)
{templateClasses=39, templates=3, weeks=3, generatedClasses=102, validatedWeeks=2, looseClasses=1, ringBlocks=1, scenarioRingBlocks=0, riskCancellations=1, classBookings=23, classWaitlist=3, activities=4, publishedActivities=3, activityRegistrations=44, activityWaitlist=2, activityFiles=2, scenarioActivityRegistrations=0, scenarioClassBookings=0, scenarioCancellations=0, scenarioWaitlist=0, scenarioOffers=0, scenarioRiskExempt=0, scenarioBookingBlocks=0, scenarioTrainingOverrides=0, scenarioTrainingBookings=0}
233 changes (demo planning, week start 2026-09-07)
{activeMembers=184, pendingMembers=3, inactiveMembers=4, leftMembers=3, members=194, dogs=245, familyGroups=12, activeDogs=242, pendingDogs=3, instructors=3, administrators=2, receivedDocuments=6, pendingDocuments=239}
0 changes (demo seed)
{templateClasses=39, templates=3, weeks=3, generatedClasses=102, validatedWeeks=2, looseClasses=1, ringBlocks=1, scenarioRingBlocks=0, riskCancellations=1, classBookings=23, classWaitlist=3, activities=4, publishedActivities=3, activityRegistrations=44, activityWaitlist=2, activityFiles=2, scenarioActivityRegistrations=0, scenarioClassBookings=0, scenarioCancellations=0, scenarioWaitlist=0, scenarioOffers=0, scenarioRiskExempt=0, scenarioBookingBlocks=0, scenarioTrainingOverrides=0, scenarioTrainingBookings=0}
0 changes (demo planning, week start 2026-09-07)
{activeMembers=184, pendingMembers=3, inactiveMembers=4, leftMembers=3, members=194, dogs=245, familyGroups=12, activeDogs=242, pendingDogs=3, instructors=3, administrators=2, receivedDocuments=6, pendingDocuments=239}
0 changes (demo seed)
{templateClasses=39, templates=3, weeks=3, generatedClasses=102, validatedWeeks=2, looseClasses=1, ringBlocks=1, scenarioRingBlocks=0, riskCancellations=1, classBookings=23, classWaitlist=3, activities=4, publishedActivities=3, activityRegistrations=44, activityWaitlist=2, activityFiles=2, scenarioActivityRegistrations=0, scenarioClassBookings=0, scenarioCancellations=0, scenarioWaitlist=0, scenarioOffers=0, scenarioRiskExempt=0, scenarioBookingBlocks=0, scenarioTrainingOverrides=0, scenarioTrainingBookings=0}
0 changes (demo planning, week start 2026-09-07)
{activeMembers=184, pendingMembers=3, inactiveMembers=4, leftMembers=3, members=194, dogs=245, familyGroups=12, activeDogs=242, pendingDogs=3, instructors=3, administrators=2, receivedDocuments=6, pendingDocuments=239}
451 changes (demo seed)
{templateClasses=39, templates=3, weeks=3, generatedClasses=102, validatedWeeks=2, looseClasses=1, ringBlocks=1, scenarioRingBlocks=0, riskCancellations=1, classBookings=23, classWaitlist=3, activities=4, publishedActivities=3, activityRegistrations=44, activityWaitlist=2, activityFiles=2, scenarioActivityRegistrations=0, scenarioClassBookings=0, scenarioCancellations=0, scenarioWaitlist=0, scenarioOffers=0, scenarioRiskExempt=0, scenarioBookingBlocks=0, scenarioTrainingOverrides=0, scenarioTrainingBookings=0}
233 changes (demo planning, week start 2026-09-07)
{activeMembers=184, pendingMembers=3, inactiveMembers=4, leftMembers=3, members=194, dogs=245, familyGroups=12, activeDogs=242, pendingDogs=3, instructors=3, administrators=2, receivedDocuments=6, pendingDocuments=239}
451 changes (demo seed)
{templateClasses=39, templates=3, weeks=3, generatedClasses=102, validatedWeeks=2, looseClasses=1, ringBlocks=1, scenarioRingBlocks=0, riskCancellations=1, classBookings=23, classWaitlist=3, activities=4, publishedActivities=3, activityRegistrations=44, activityWaitlist=2, activityFiles=2, scenarioActivityRegistrations=0, scenarioClassBookings=0, scenarioCancellations=0, scenarioWaitlist=0, scenarioOffers=0, scenarioRiskExempt=0, scenarioBookingBlocks=0, scenarioTrainingOverrides=0, scenarioTrainingBookings=0}
233 changes (demo planning, week start 2026-09-07)
[INFO] Tests run: 5, Failures: 0, Errors: 0, Skipped: 0, Time elapsed: 11.85 s -- in com.agilityhub.core.clubs.census.application.DemoPlanningSeedIT
[INFO] Running com.agilityhub.core.clubs.census.api.SignupIT
2026-09-24T09:13:21.383+02:00  INFO 71257 --- [agilityhub-core-api] [           main] t.c.s.AnnotationConfigContextLoaderUtils : Could not detect default configuration classes for test class [com.agilityhub.core.clubs.census.api.SignupIT]: SignupIT does not declare any static, non-private, non-final, nested classes annotated with @Configuration.
2026-09-24T09:13:21.424+02:00  INFO 71257 --- [agilityhub-core-api] [           main] .b.t.c.SpringBootTestContextBootstrapper : Found @SpringBootConfiguration com.agilityhub.core.CoreApplication for test class com.agilityhub.core.clubs.census.api.SignupIT

  .   ____          _            __ _ _
 /\\ / ___'_ __ _ _(_)_ __  __ _ \ \ \ \
( ( )\___ | '_ | '_| | '_ \/ _` | \ \ \ \
 \\/  ___)| |_)| | | | | || (_| |  ) ) ) )
  '  |____| .__|_| |_|_| |_\__, | / / / /
 =========|_|==============|___/=/_/_/_/

 :: Spring Boot ::               (v3.5.16)

2026-09-24T09:13:21.433+02:00  INFO 71257 --- [agilityhub-core-api] [           main] c.a.core.clubs.census.api.SignupIT       : Starting SignupIT using Java 21.0.12.1 with PID 71257 (started by jordib in /Users/jordib/dev/agilityhub/agilityhub-core-api)
2026-09-24T09:13:21.433+02:00  INFO 71257 --- [agilityhub-core-api] [           main] c.a.core.clubs.census.api.SignupIT       : The following 1 profile is active: "test"
2026-09-24T09:13:21.655+02:00  INFO 71257 --- [agilityhub-core-api] [           main] .s.d.r.c.RepositoryConfigurationDelegate : Bootstrapping Spring Data MongoDB repositories in DEFAULT mode.
2026-09-24T09:13:21.676+02:00  INFO 71257 --- [agilityhub-core-api] [           main] .s.d.r.c.RepositoryConfigurationDelegate : Finished Spring Data repository scanning in 20 ms. Found 0 MongoDB repository interfaces.
2026-09-24T09:13:21.716+02:00  INFO 71257 --- [agilityhub-core-api] [           main] org.mongodb.driver.client                : MongoClient with metadata {"driver": {"name": "mongo-java-driver|sync|spring-boot", "version": "5.5.2"}, "os": {"type": "Darwin", "name": "Mac OS X", "architecture": "aarch64", "version": "26.4.1"}, "platform": "Java/Homebrew/21.0.12.1"} created with settings MongoClientSettings{readPreference=primary, writeConcern=WriteConcern{w=null, wTimeout=null ms, journal=null}, retryWrites=true, retryReads=true, readConcern=ReadConcern{level=null}, credential=null, transportSettings=null, commandListeners=[io.micrometer.core.instrument.binder.mongodb.MongoMetricsCommandListener@5905ff29], codecRegistry=ProvidersCodecRegistry{codecProviders=[ValueCodecProvider{}, BsonValueCodecProvider{}, DBRefCodecProvider{}, DBObjectCodecProvider{}, DocumentCodecProvider{}, CollectionCodecProvider{}, IterableCodecProvider{}, MapCodecProvider{}, GeoJsonCodecProvider{}, GridFSFileCodecProvider{}, Jsr310CodecProvider{}, JsonObjectCodecProvider{}, BsonCodecProvider{}, EnumCodecProvider{}, com.mongodb.client.model.mql.ExpressionCodecProvider@2caa9666, com.mongodb.Jep395RecordCodecProvider@263f6e96, com.mongodb.KotlinCodecProvider@49741e80]}, loggerSettings=LoggerSettings{maxDocumentLength=1000}, clusterSettings={hosts=[localhost:62287], srvServiceName=mongodb, mode=SINGLE, requiredClusterType=UNKNOWN, requiredReplicaSetName='null', serverSelector='null', clusterListeners='[]', serverSelectionTimeout='30000 ms', localThreshold='15 ms'}, socketSettings=SocketSettings{connectTimeoutMS=10000, readTimeoutMS=0, receiveBufferSize=0, proxySettings=ProxySettings{host=null, port=null, username=null, password=null}}, heartbeatSocketSettings=SocketSettings{connectTimeoutMS=10000, readTimeoutMS=10000, receiveBufferSize=0, proxySettings=ProxySettings{host=null, port=null, username=null, password=null}}, connectionPoolSettings=ConnectionPoolSettings{maxSize=100, minSize=0, maxWaitTimeMS=120000, maxConnectionLifeTimeMS=0, maxConnectionIdleTimeMS=0, maintenanceInitialDelayMS=0, maintenanceFrequencyMS=60000, connectionPoolListeners=[io.micrometer.core.instrument.binder.mongodb.MongoMetricsConnectionPoolListener@3e4f3238], maxConnecting=2}, serverSettings=ServerSettings{heartbeatFrequencyMS=10000, minHeartbeatFrequencyMS=500, serverMonitoringMode=AUTO, serverListeners='[]', serverMonitorListeners='[]'}, sslSettings=SslSettings{enabled=false, invalidHostNameAllowed=false, context=null}, applicationName='null', compressorList=[], uuidRepresentation=JAVA_LEGACY, serverApi=null, autoEncryptionSettings=null, dnsClient=null, inetAddressResolver=null, contextProvider=null, timeoutMS=null}
2026-09-24T09:13:21.719+02:00  INFO 71257 --- [agilityhub-core-api] [localhost:62287] org.mongodb.driver.cluster               : Monitor thread successfully connected to server with description ServerDescription{address=localhost:62287, type=REPLICA_SET_PRIMARY, cryptd=false, state=CONNECTED, ok=true, minWireVersion=0, maxWireVersion=21, maxDocumentSize=16777216, logicalSessionTimeoutMinutes=30, roundTripTimeNanos=1720250, minRoundTripTimeNanos=0, setName='docker-rs', canonicalAddress=b78f4bd46bc1:27017, hosts=[b78f4bd46bc1:27017], passives=[], arbiters=[], primary='b78f4bd46bc1:27017', tagSet=TagSet{[]}, electionId=7fffffff0000000000000001, setVersion=1, topologyVersion=TopologyVersion{processId=6ab4cd5c5d7a57f59a55193c, counter=6}, lastWriteDate=Thu Sep 24 09:13:21 CEST 2026, lastUpdateTimeNanos=97150541339708}
2026-09-24T09:13:22.475+02:00  INFO 71257 --- [agilityhub-core-api] [           main] o.s.b.t.m.w.SpringBootMockServletContext : Initializing Spring TestDispatcherServlet ''
2026-09-24T09:13:22.475+02:00  INFO 71257 --- [agilityhub-core-api] [           main] o.s.t.web.servlet.TestDispatcherServlet  : Initializing Servlet ''
2026-09-24T09:13:22.475+02:00  INFO 71257 --- [agilityhub-core-api] [           main] o.s.t.web.servlet.TestDispatcherServlet  : Completed initialization in 0 ms
2026-09-24T09:13:22.485+02:00  INFO 71257 --- [agilityhub-core-api] [           main] c.a.core.clubs.census.api.SignupIT       : Started SignupIT in 1.059 seconds (process running for 54.603)
2026-09-24T09:13:22.520+02:00  INFO 71257 --- [agilityhub-core-api] [           main] c.a.core.shared.api.IdempotencyFilter    : Signup honeypot traceId=9e96d896-f602-482b-8bad-59eca7c328a9 clubId=sgn-b74cb241-c5ee-4ea5-aa60-6f0dfbca6620 ipHash=HrsOanzp4YC6FKrm1ecC8ZDmyh95w3Bibl_59JE75Jg
2026-09-24T09:13:23.891+02:00  WARN 71257 --- [agilityhub-core-api] [           main] c.a.core.shared.api.ApiExceptionHandler  : Framework request rejected code=VALIDATION_ERROR traceId=ce6f0eee-409f-49fe-9f7b-57a1248dc544
2026-09-24T09:13:23.894+02:00  INFO 71257 --- [agilityhub-core-api] [           main] c.a.core.shared.api.IdempotencyFilter    : Signup honeypot traceId=9c56d837-168e-4354-8ec4-17d4b1a8b9e7 clubId=sgn-5d0f6f53-c392-4149-b66a-b6d6181d82e9 ipHash=HrsOanzp4YC6FKrm1ecC8ZDmyh95w3Bibl_59JE75Jg
2026-09-24T09:13:23.895+02:00  INFO 71257 --- [agilityhub-core-api] [           main] c.a.core.shared.api.IdempotencyFilter    : Signup honeypot traceId=55d155c5-de09-4ec9-9387-b45707d519fb clubId=sgn-5d0f6f53-c392-4149-b66a-b6d6181d82e9 ipHash=HrsOanzp4YC6FKrm1ecC8ZDmyh95w3Bibl_59JE75Jg
2026-09-24T09:13:23.895+02:00  INFO 71257 --- [agilityhub-core-api] [           main] c.a.core.shared.api.IdempotencyFilter    : Signup honeypot traceId=8f3a2890-2680-42e2-bf64-68e3e2d99a56 clubId=sgn-5d0f6f53-c392-4149-b66a-b6d6181d82e9 ipHash=HrsOanzp4YC6FKrm1ecC8ZDmyh95w3Bibl_59JE75Jg
2026-09-24T09:13:23.896+02:00  INFO 71257 --- [agilityhub-core-api] [           main] c.a.core.shared.api.IdempotencyFilter    : Signup honeypot traceId=39ddd24a-245f-4a11-a165-c6aaa61f52c1 clubId=sgn-5d0f6f53-c392-4149-b66a-b6d6181d82e9 ipHash=HrsOanzp4YC6FKrm1ecC8ZDmyh95w3Bibl_59JE75Jg
2026-09-24T09:13:23.896+02:00  INFO 71257 --- [agilityhub-core-api] [           main] c.a.core.shared.api.IdempotencyFilter    : Signup honeypot traceId=49597504-fc78-4078-81f3-fc9a5f443e26 clubId=sgn-5d0f6f53-c392-4149-b66a-b6d6181d82e9 ipHash=HrsOanzp4YC6FKrm1ecC8ZDmyh95w3Bibl_59JE75Jg
2026-09-24T09:13:23.897+02:00  INFO 71257 --- [agilityhub-core-api] [           main] c.a.core.shared.api.IdempotencyFilter    : Signup honeypot traceId=91055d1a-763e-4019-8b09-9d7c9ece9e3c clubId=sgn-5d0f6f53-c392-4149-b66a-b6d6181d82e9 ipHash=HrsOanzp4YC6FKrm1ecC8ZDmyh95w3Bibl_59JE75Jg
2026-09-24T09:13:23.897+02:00  INFO 71257 --- [agilityhub-core-api] [           main] c.a.core.shared.api.IdempotencyFilter    : Signup honeypot traceId=780605e4-b672-4d97-b9c4-06e742dfbb6e clubId=sgn-5d0f6f53-c392-4149-b66a-b6d6181d82e9 ipHash=HrsOanzp4YC6FKrm1ecC8ZDmyh95w3Bibl_59JE75Jg
2026-09-24T09:13:23.898+02:00  INFO 71257 --- [agilityhub-core-api] [           main] c.a.core.shared.api.IdempotencyFilter    : Signup honeypot traceId=4a344cac-8fbb-49e3-a48e-03745a0bff7c clubId=sgn-5d0f6f53-c392-4149-b66a-b6d6181d82e9 ipHash=HrsOanzp4YC6FKrm1ecC8ZDmyh95w3Bibl_59JE75Jg
2026-09-24T09:13:23.899+02:00  INFO 71257 --- [agilityhub-core-api] [           main] c.a.core.shared.api.IdempotencyFilter    : Signup honeypot traceId=c4218a34-312d-4ec0-a3fc-b2276d7b3203 clubId=sgn-5d0f6f53-c392-4149-b66a-b6d6181d82e9 ipHash=HrsOanzp4YC6FKrm1ecC8ZDmyh95w3Bibl_59JE75Jg
2026-09-24T09:13:23.899+02:00  INFO 71257 --- [agilityhub-core-api] [           main] c.a.core.shared.api.IdempotencyFilter    : Signup honeypot traceId=f6e87534-7799-4e99-98ef-278ae95417f5 clubId=sgn-5d0f6f53-c392-4149-b66a-b6d6181d82e9 ipHash=HrsOanzp4YC6FKrm1ecC8ZDmyh95w3Bibl_59JE75Jg
2026-09-24T09:13:23.899+02:00  INFO 71257 --- [agilityhub-core-api] [           main] c.a.core.shared.api.IdempotencyFilter    : Signup honeypot traceId=c58666e0-c5e6-4947-b660-fb79153e98ba clubId=sgn-5d0f6f53-c392-4149-b66a-b6d6181d82e9 ipHash=HrsOanzp4YC6FKrm1ecC8ZDmyh95w3Bibl_59JE75Jg
2026-09-24T09:13:23.900+02:00  INFO 71257 --- [agilityhub-core-api] [           main] c.a.core.shared.api.IdempotencyFilter    : Signup honeypot traceId=1c265f00-8d0a-4db9-886f-73b1bc11bb3f clubId=sgn-5d0f6f53-c392-4149-b66a-b6d6181d82e9 ipHash=HrsOanzp4YC6FKrm1ecC8ZDmyh95w3Bibl_59JE75Jg
2026-09-24T09:13:23.900+02:00  INFO 71257 --- [agilityhub-core-api] [           main] c.a.core.shared.api.IdempotencyFilter    : Signup honeypot traceId=3a723aa0-97f5-419d-8c53-22dd92bd3511 clubId=sgn-5d0f6f53-c392-4149-b66a-b6d6181d82e9 ipHash=HrsOanzp4YC6FKrm1ecC8ZDmyh95w3Bibl_59JE75Jg
2026-09-24T09:13:23.901+02:00  INFO 71257 --- [agilityhub-core-api] [           main] c.a.core.shared.api.IdempotencyFilter    : Signup honeypot traceId=db19ab8f-b179-4988-ac93-d1a3289ea077 clubId=sgn-5d0f6f53-c392-4149-b66a-b6d6181d82e9 ipHash=HrsOanzp4YC6FKrm1ecC8ZDmyh95w3Bibl_59JE75Jg
2026-09-24T09:13:23.901+02:00  INFO 71257 --- [agilityhub-core-api] [           main] c.a.core.shared.api.IdempotencyFilter    : Signup honeypot traceId=0b92fed6-ced3-4a4d-b997-6cb7d6e42c26 clubId=sgn-5d0f6f53-c392-4149-b66a-b6d6181d82e9 ipHash=HrsOanzp4YC6FKrm1ecC8ZDmyh95w3Bibl_59JE75Jg
2026-09-24T09:13:23.902+02:00  INFO 71257 --- [agilityhub-core-api] [           main] c.a.core.shared.api.IdempotencyFilter    : Signup honeypot traceId=3497886d-172e-468f-adc8-abe802baecc9 clubId=sgn-5d0f6f53-c392-4149-b66a-b6d6181d82e9 ipHash=HrsOanzp4YC6FKrm1ecC8ZDmyh95w3Bibl_59JE75Jg
2026-09-24T09:13:23.902+02:00  INFO 71257 --- [agilityhub-core-api] [           main] c.a.core.shared.api.IdempotencyFilter    : Signup honeypot traceId=96848f66-eeb0-4417-8ef3-a22ecd17fd5c clubId=sgn-5d0f6f53-c392-4149-b66a-b6d6181d82e9 ipHash=HrsOanzp4YC6FKrm1ecC8ZDmyh95w3Bibl_59JE75Jg
2026-09-24T09:13:23.903+02:00  INFO 71257 --- [agilityhub-core-api] [           main] c.a.core.shared.api.IdempotencyFilter    : Signup honeypot traceId=e4d149f5-6aaa-44ea-97e9-3cb61f587ab9 clubId=sgn-5d0f6f53-c392-4149-b66a-b6d6181d82e9 ipHash=HrsOanzp4YC6FKrm1ecC8ZDmyh95w3Bibl_59JE75Jg
2026-09-24T09:13:23.903+02:00  INFO 71257 --- [agilityhub-core-api] [           main] c.a.core.shared.api.IdempotencyFilter    : Signup honeypot traceId=2451c514-bcec-4f47-ba98-090b4eb74541 clubId=sgn-5d0f6f53-c392-4149-b66a-b6d6181d82e9 ipHash=HrsOanzp4YC6FKrm1ecC8ZDmyh95w3Bibl_59JE75Jg
2026-09-24T09:13:23.913+02:00  INFO 71257 --- [agilityhub-core-api] [           main] c.a.core.shared.api.IdempotencyFilter    : Signup honeypot traceId=0c07219d-5c17-487c-b26a-eadaf5647d86 clubId=sgn-e8a510b9-4150-48de-bfe7-f44046b8ac95 ipHash=HrsOanzp4YC6FKrm1ecC8ZDmyh95w3Bibl_59JE75Jg
2026-09-24T09:13:23.913+02:00  INFO 71257 --- [agilityhub-core-api] [           main] c.a.core.shared.api.IdempotencyFilter    : Signup honeypot traceId=fe286b18-67e3-4575-bea4-03b1516f7a64 clubId=sgn-e8a510b9-4150-48de-bfe7-f44046b8ac95 ipHash=HrsOanzp4YC6FKrm1ecC8ZDmyh95w3Bibl_59JE75Jg
2026-09-24T09:13:23.914+02:00  INFO 71257 --- [agilityhub-core-api] [           main] c.a.core.shared.api.IdempotencyFilter    : Signup honeypot traceId=56604aef-0379-4c4c-af3a-e238cdedd63e clubId=sgn-e8a510b9-4150-48de-bfe7-f44046b8ac95 ipHash=HrsOanzp4YC6FKrm1ecC8ZDmyh95w3Bibl_59JE75Jg
2026-09-24T09:13:23.915+02:00  INFO 71257 --- [agilityhub-core-api] [           main] c.a.core.shared.api.IdempotencyFilter    : Signup honeypot traceId=5a71557d-166f-434e-a24d-16ebb0b2f19e clubId=sgn-e8a510b9-4150-48de-bfe7-f44046b8ac95 ipHash=HrsOanzp4YC6FKrm1ecC8ZDmyh95w3Bibl_59JE75Jg
2026-09-24T09:13:23.915+02:00  INFO 71257 --- [agilityhub-core-api] [           main] c.a.core.shared.api.IdempotencyFilter    : Signup honeypot traceId=c51636d4-5e7a-4604-a78f-9640ee2eec23 clubId=sgn-e8a510b9-4150-48de-bfe7-f44046b8ac95 ipHash=HrsOanzp4YC6FKrm1ecC8ZDmyh95w3Bibl_59JE75Jg
[INFO] Tests run: 31, Failures: 0, Errors: 0, Skipped: 0, Time elapsed: 5.609 s -- in com.agilityhub.core.clubs.census.api.SignupIT
[INFO] Running com.agilityhub.core.clubs.bookings.api.WaitlistIT
2026-09-24T09:13:26.993+02:00  INFO 71257 --- [agilityhub-core-api] [           main] t.c.s.AnnotationConfigContextLoaderUtils : Could not detect default configuration classes for test class [com.agilityhub.core.clubs.bookings.api.WaitlistIT]: WaitlistIT does not declare any static, non-private, non-final, nested classes annotated with @Configuration.
2026-09-24T09:13:27.016+02:00  INFO 71257 --- [agilityhub-core-api] [           main] .b.t.c.SpringBootTestContextBootstrapper : Found @SpringBootConfiguration com.agilityhub.core.CoreApplication for test class com.agilityhub.core.clubs.bookings.api.WaitlistIT

  .   ____          _            __ _ _
 /\\ / ___'_ __ _ _(_)_ __  __ _ \ \ \ \
( ( )\___ | '_ | '_| | '_ \/ _` | \ \ \ \
 \\/  ___)| |_)| | | | | || (_| |  ) ) ) )
  '  |____| .__|_| |_|_| |_\__, | / / / /
 =========|_|==============|___/=/_/_/_/

 :: Spring Boot ::               (v3.5.16)

2026-09-24T09:13:27.023+02:00  INFO 71257 --- [agilityhub-core-api] [           main] c.a.core.clubs.bookings.api.WaitlistIT   : Starting WaitlistIT using Java 21.0.12.1 with PID 71257 (started by jordib in /Users/jordib/dev/agilityhub/agilityhub-core-api)
2026-09-24T09:13:27.023+02:00  INFO 71257 --- [agilityhub-core-api] [           main] c.a.core.clubs.bookings.api.WaitlistIT   : The following 1 profile is active: "test"
2026-09-24T09:13:27.184+02:00  INFO 71257 --- [agilityhub-core-api] [           main] .s.d.r.c.RepositoryConfigurationDelegate : Bootstrapping Spring Data MongoDB repositories in DEFAULT mode.
2026-09-24T09:13:27.200+02:00  INFO 71257 --- [agilityhub-core-api] [           main] .s.d.r.c.RepositoryConfigurationDelegate : Finished Spring Data repository scanning in 15 ms. Found 0 MongoDB repository interfaces.
2026-09-24T09:13:27.225+02:00  INFO 71257 --- [agilityhub-core-api] [           main] org.mongodb.driver.client                : MongoClient with metadata {"driver": {"name": "mongo-java-driver|sync|spring-boot", "version": "5.5.2"}, "os": {"type": "Darwin", "name": "Mac OS X", "architecture": "aarch64", "version": "26.4.1"}, "platform": "Java/Homebrew/21.0.12.1"} created with settings MongoClientSettings{readPreference=primary, writeConcern=WriteConcern{w=null, wTimeout=null ms, journal=null}, retryWrites=true, retryReads=true, readConcern=ReadConcern{level=null}, credential=null, transportSettings=null, commandListeners=[io.micrometer.core.instrument.binder.mongodb.MongoMetricsCommandListener@1e32a500], codecRegistry=ProvidersCodecRegistry{codecProviders=[ValueCodecProvider{}, BsonValueCodecProvider{}, DBRefCodecProvider{}, DBObjectCodecProvider{}, DocumentCodecProvider{}, CollectionCodecProvider{}, IterableCodecProvider{}, MapCodecProvider{}, GeoJsonCodecProvider{}, GridFSFileCodecProvider{}, Jsr310CodecProvider{}, JsonObjectCodecProvider{}, BsonCodecProvider{}, EnumCodecProvider{}, com.mongodb.client.model.mql.ExpressionCodecProvider@2caa9666, com.mongodb.Jep395RecordCodecProvider@263f6e96, com.mongodb.KotlinCodecProvider@49741e80]}, loggerSettings=LoggerSettings{maxDocumentLength=1000}, clusterSettings={hosts=[localhost:62287], srvServiceName=mongodb, mode=SINGLE, requiredClusterType=UNKNOWN, requiredReplicaSetName='null', serverSelector='null', clusterListeners='[]', serverSelectionTimeout='30000 ms', localThreshold='15 ms'}, socketSettings=SocketSettings{connectTimeoutMS=10000, readTimeoutMS=0, receiveBufferSize=0, proxySettings=ProxySettings{host=null, port=null, username=null, password=null}}, heartbeatSocketSettings=SocketSettings{connectTimeoutMS=10000, readTimeoutMS=10000, receiveBufferSize=0, proxySettings=ProxySettings{host=null, port=null, username=null, password=null}}, connectionPoolSettings=ConnectionPoolSettings{maxSize=100, minSize=0, maxWaitTimeMS=120000, maxConnectionLifeTimeMS=0, maxConnectionIdleTimeMS=0, maintenanceInitialDelayMS=0, maintenanceFrequencyMS=60000, connectionPoolListeners=[io.micrometer.core.instrument.binder.mongodb.MongoMetricsConnectionPoolListener@893f6e1], maxConnecting=2}, serverSettings=ServerSettings{heartbeatFrequencyMS=10000, minHeartbeatFrequencyMS=500, serverMonitoringMode=AUTO, serverListeners='[]', serverMonitorListeners='[]'}, sslSettings=SslSettings{enabled=false, invalidHostNameAllowed=false, context=null}, applicationName='null', compressorList=[], uuidRepresentation=JAVA_LEGACY, serverApi=null, autoEncryptionSettings=null, dnsClient=null, inetAddressResolver=null, contextProvider=null, timeoutMS=null}
2026-09-24T09:13:27.227+02:00  INFO 71257 --- [agilityhub-core-api] [localhost:62287] org.mongodb.driver.cluster               : Monitor thread successfully connected to server with description ServerDescription{address=localhost:62287, type=REPLICA_SET_PRIMARY, cryptd=false, state=CONNECTED, ok=true, minWireVersion=0, maxWireVersion=21, maxDocumentSize=16777216, logicalSessionTimeoutMinutes=30, roundTripTimeNanos=1365833, minRoundTripTimeNanos=0, setName='docker-rs', canonicalAddress=b78f4bd46bc1:27017, hosts=[b78f4bd46bc1:27017], passives=[], arbiters=[], primary='b78f4bd46bc1:27017', tagSet=TagSet{[]}, electionId=7fffffff0000000000000001, setVersion=1, topologyVersion=TopologyVersion{processId=6ab4cd5c5d7a57f59a55193c, counter=6}, lastWriteDate=Thu Sep 24 09:13:26 CEST 2026, lastUpdateTimeNanos=97156049498291}
2026-09-24T09:13:27.581+02:00  INFO 71257 --- [agilityhub-core-api] [           main] o.s.b.t.m.w.SpringBootMockServletContext : Initializing Spring TestDispatcherServlet ''
2026-09-24T09:13:27.581+02:00  INFO 71257 --- [agilityhub-core-api] [           main] o.s.t.web.servlet.TestDispatcherServlet  : Initializing Servlet ''
2026-09-24T09:13:27.581+02:00  INFO 71257 --- [agilityhub-core-api] [           main] o.s.t.web.servlet.TestDispatcherServlet  : Completed initialization in 0 ms
2026-09-24T09:13:27.588+02:00  INFO 71257 --- [agilityhub-core-api] [           main] c.a.core.clubs.bookings.api.WaitlistIT   : Started WaitlistIT in 0.571 seconds (process running for 59.705)
[ERROR] Tests run: 9, Failures: 1, Errors: 0, Skipped: 0, Time elapsed: 10.16 s <<< FAILURE! -- in com.agilityhub.core.clubs.bookings.api.WaitlistIT
[ERROR] com.agilityhub.core.clubs.bookings.api.WaitlistIT.T_08_21_fifoOffersTheFirstEntryUntilConfirmByAndTheExpiryMovesToTheNext -- Time elapsed: 3.719 s <<< FAILURE!
java.lang.AssertionError: 

Expecting map:
  {"_class"="com.agilityhub.core.clubs.bookings.persistence.WaitlistEntry", "_id"="4cf11e63-a9c3-4929-b04d-67743dbb3325", "accountId"="s08-laura", "bookingWeekKey"="2026-10-04", "classSessionId"="s08-last", "classStartsAt"=2026-10-08T20:00:00.000 (java.util.Date), "clubId"="s08-a", "createdAt"=2026-10-06T10:00:00.000 (java.util.Date), "createdByAccountId"="s08-laura", "dogId"="s08-d-duna", "joinedAt"=2026-10-06T10:00:00.000 (java.util.Date), "memberId"="s08-m-laura", "position"=1, "state"="ACTIVE", "updatedAt"=2026-10-06T10:00:00.000 (java.util.Date), "updatedByAccountId"="s08-laura", "version"=0L}
to contain entries:
  ["state"="NOTIFIED"]
but the following map entries had different values:
  ["state"="ACTIVE" (expected: "NOTIFIED")]
	at com.agilityhub.core.clubs.bookings.api.WaitlistIT.T_08_21_fifoOffersTheFirstEntryUntilConfirmByAndTheExpiryMovesToTheNext(WaitlistIT.java:175)
	at java.base/java.lang.reflect.Method.invoke(Method.java:580)
	at java.base/java.util.ArrayList.forEach(ArrayList.java:1596)
	at java.base/java.util.ArrayList.forEach(ArrayList.java:1596)

[INFO] Running com.agilityhub.core.clubs.bookings.api.BookingsIT
2026-09-24T09:13:37.150+02:00  INFO 71257 --- [agilityhub-core-api] [           main] t.c.s.AnnotationConfigContextLoaderUtils : Could not detect default configuration classes for test class [com.agilityhub.core.clubs.bookings.api.BookingsIT]: BookingsIT does not declare any static, non-private, non-final, nested classes annotated with @Configuration.
2026-09-24T09:13:37.151+02:00  INFO 71257 --- [agilityhub-core-api] [           main] .b.t.c.SpringBootTestContextBootstrapper : Found @SpringBootConfiguration com.agilityhub.core.CoreApplication for test class com.agilityhub.core.clubs.bookings.api.BookingsIT
2026-09-24T09:13:38.299+02:00  INFO 71257 --- [agilityhub-core-api] [           main] c.a.c.c.b.application.BookingEvents      : Booking blocked operation=hold class=s08-fri account=s08-laura traceId=344db239-62bc-4ff5-85ae-e4cd724299d2
2026-09-24T09:13:38.308+02:00  INFO 71257 --- [agilityhub-core-api] [           main] c.a.c.c.b.application.BookingEvents      : Booking blocked operation=confirm class=s08-thu account=s08-laura traceId=b9d646f1-8b90-49bd-a6a6-2b017cf6c45b
2026-09-24T09:13:38.312+02:00  INFO 71257 --- [agilityhub-core-api] [           main] c.a.c.c.b.application.BookingEvents      : Booking blocked operation=hold class=s08-fri account=s08-joan traceId=affbef51-489a-4812-aacb-cd49ab10781e
2026-09-24T09:13:38.316+02:00  INFO 71257 --- [agilityhub-core-api] [           main] c.a.c.c.b.application.BookingEvents      : Booking blocked operation=hold class=s08-fri account=s08-laura traceId=582197ec-c23e-4e98-81f1-e9b2b3e8a5cd
2026-09-24T09:13:40.215+02:00  WARN 71257 --- [agilityhub-core-api] [           main] c.a.c.c.b.application.BookingConsumers   : Class s08-wed cancelled by the club still has 1 live bookings
[INFO] Tests run: 15, Failures: 0, Errors: 0, Skipped: 0, Time elapsed: 3.802 s -- in com.agilityhub.core.clubs.bookings.api.BookingsIT
[INFO] Running com.agilityhub.core.clubs.activities.application.ActivityIT
2026-09-24T09:13:40.953+02:00  INFO 71257 --- [agilityhub-core-api] [           main] t.c.s.AnnotationConfigContextLoaderUtils : Could not detect default configuration classes for test class [com.agilityhub.core.clubs.activities.application.ActivityIT]: ActivityIT does not declare any static, non-private, non-final, nested classes annotated with @Configuration.
2026-09-24T09:13:40.973+02:00  INFO 71257 --- [agilityhub-core-api] [           main] .b.t.c.SpringBootTestContextBootstrapper : Found @SpringBootConfiguration com.agilityhub.core.CoreApplication for test class com.agilityhub.core.clubs.activities.application.ActivityIT

  .   ____          _            __ _ _
 /\\ / ___'_ __ _ _(_)_ __  __ _ \ \ \ \
( ( )\___ | '_ | '_| | '_ \/ _` | \ \ \ \
 \\/  ___)| |_)| | | | | || (_| |  ) ) ) )
  '  |____| .__|_| |_|_| |_\__, | / / / /
 =========|_|==============|___/=/_/_/_/

 :: Spring Boot ::               (v3.5.16)

2026-09-24T09:13:40.979+02:00  INFO 71257 --- [agilityhub-core-api] [           main] c.a.c.c.a.application.ActivityIT         : Starting ActivityIT using Java 21.0.12.1 with PID 71257 (started by jordib in /Users/jordib/dev/agilityhub/agilityhub-core-api)
2026-09-24T09:13:40.979+02:00  INFO 71257 --- [agilityhub-core-api] [           main] c.a.c.c.a.application.ActivityIT         : The following 1 profile is active: "test"
2026-09-24T09:13:41.125+02:00  INFO 71257 --- [agilityhub-core-api] [           main] .s.d.r.c.RepositoryConfigurationDelegate : Bootstrapping Spring Data MongoDB repositories in DEFAULT mode.
2026-09-24T09:13:41.143+02:00  INFO 71257 --- [agilityhub-core-api] [           main] .s.d.r.c.RepositoryConfigurationDelegate : Finished Spring Data repository scanning in 16 ms. Found 0 MongoDB repository interfaces.
2026-09-24T09:13:41.167+02:00  INFO 71257 --- [agilityhub-core-api] [           main] org.mongodb.driver.client                : MongoClient with metadata {"driver": {"name": "mongo-java-driver|sync|spring-boot", "version": "5.5.2"}, "os": {"type": "Darwin", "name": "Mac OS X", "architecture": "aarch64", "version": "26.4.1"}, "platform": "Java/Homebrew/21.0.12.1"} created with settings MongoClientSettings{readPreference=primary, writeConcern=WriteConcern{w=null, wTimeout=null ms, journal=null}, retryWrites=true, retryReads=true, readConcern=ReadConcern{level=null}, credential=null, transportSettings=null, commandListeners=[io.micrometer.core.instrument.binder.mongodb.MongoMetricsCommandListener@7f308cef], codecRegistry=ProvidersCodecRegistry{codecProviders=[ValueCodecProvider{}, BsonValueCodecProvider{}, DBRefCodecProvider{}, DBObjectCodecProvider{}, DocumentCodecProvider{}, CollectionCodecProvider{}, IterableCodecProvider{}, MapCodecProvider{}, GeoJsonCodecProvider{}, GridFSFileCodecProvider{}, Jsr310CodecProvider{}, JsonObjectCodecProvider{}, BsonCodecProvider{}, EnumCodecProvider{}, com.mongodb.client.model.mql.ExpressionCodecProvider@2caa9666, com.mongodb.Jep395RecordCodecProvider@263f6e96, com.mongodb.KotlinCodecProvider@49741e80]}, loggerSettings=LoggerSettings{maxDocumentLength=1000}, clusterSettings={hosts=[localhost:62287], srvServiceName=mongodb, mode=SINGLE, requiredClusterType=UNKNOWN, requiredReplicaSetName='null', serverSelector='null', clusterListeners='[]', serverSelectionTimeout='30000 ms', localThreshold='15 ms'}, socketSettings=SocketSettings{connectTimeoutMS=10000, readTimeoutMS=0, receiveBufferSize=0, proxySettings=ProxySettings{host=null, port=null, username=null, password=null}}, heartbeatSocketSettings=SocketSettings{connectTimeoutMS=10000, readTimeoutMS=10000, receiveBufferSize=0, proxySettings=ProxySettings{host=null, port=null, username=null, password=null}}, connectionPoolSettings=ConnectionPoolSettings{maxSize=100, minSize=0, maxWaitTimeMS=120000, maxConnectionLifeTimeMS=0, maxConnectionIdleTimeMS=0, maintenanceInitialDelayMS=0, maintenanceFrequencyMS=60000, connectionPoolListeners=[io.micrometer.core.instrument.binder.mongodb.MongoMetricsConnectionPoolListener@2a23740d], maxConnecting=2}, serverSettings=ServerSettings{heartbeatFrequencyMS=10000, minHeartbeatFrequencyMS=500, serverMonitoringMode=AUTO, serverListeners='[]', serverMonitorListeners='[]'}, sslSettings=SslSettings{enabled=false, invalidHostNameAllowed=false, context=null}, applicationName='null', compressorList=[], uuidRepresentation=JAVA_LEGACY, serverApi=null, autoEncryptionSettings=null, dnsClient=null, inetAddressResolver=null, contextProvider=null, timeoutMS=null}
2026-09-24T09:13:41.168+02:00  INFO 71257 --- [agilityhub-core-api] [localhost:62287] org.mongodb.driver.cluster               : Monitor thread successfully connected to server with description ServerDescription{address=localhost:62287, type=REPLICA_SET_PRIMARY, cryptd=false, state=CONNECTED, ok=true, minWireVersion=0, maxWireVersion=21, maxDocumentSize=16777216, logicalSessionTimeoutMinutes=30, roundTripTimeNanos=928333, minRoundTripTimeNanos=0, setName='docker-rs', canonicalAddress=b78f4bd46bc1:27017, hosts=[b78f4bd46bc1:27017], passives=[], arbiters=[], primary='b78f4bd46bc1:27017', tagSet=TagSet{[]}, electionId=7fffffff0000000000000001, setVersion=1, topologyVersion=TopologyVersion{processId=6ab4cd5c5d7a57f59a55193c, counter=6}, lastWriteDate=Thu Sep 24 09:13:40 CEST 2026, lastUpdateTimeNanos=97169990601541}
2026-09-24T09:13:41.531+02:00  INFO 71257 --- [agilityhub-core-api] [           main] o.s.b.t.m.w.SpringBootMockServletContext : Initializing Spring TestDispatcherServlet ''
2026-09-24T09:13:41.531+02:00  INFO 71257 --- [agilityhub-core-api] [           main] o.s.t.web.servlet.TestDispatcherServlet  : Initializing Servlet ''
2026-09-24T09:13:41.531+02:00  INFO 71257 --- [agilityhub-core-api] [           main] o.s.t.web.servlet.TestDispatcherServlet  : Completed initialization in 0 ms
2026-09-24T09:13:41.537+02:00  INFO 71257 --- [agilityhub-core-api] [           main] c.a.c.c.a.application.ActivityIT         : Started ActivityIT in 0.563 seconds (process running for 73.654)
2026-09-24T09:13:45.315+02:00  WARN 71257 --- [agilityhub-core-api] [           main] c.a.core.shared.api.ApiExceptionHandler  : Framework request rejected code=VALIDATION_ERROR traceId=53636356-94e8-452c-ac16-e09254be3c2e
[INFO] Tests run: 24, Failures: 0, Errors: 0, Skipped: 0, Time elapsed: 7.488 s -- in com.agilityhub.core.clubs.activities.application.ActivityIT
[INFO] 
[INFO] Results:
[INFO] 
[ERROR] Failures: 
[ERROR]   WaitlistIT.T_08_21_fifoOffersTheFirstEntryUntilConfirmByAndTheExpiryMovesToTheNext:175 
Expecting map:
  {"_class"="com.agilityhub.core.clubs.bookings.persistence.WaitlistEntry", "_id"="4cf11e63-a9c3-4929-b04d-67743dbb3325", "accountId"="s08-laura", "bookingWeekKey"="2026-10-04", "classSessionId"="s08-last", "classStartsAt"=2026-10-08T20:00:00.000 (java.util.Date), "clubId"="s08-a", "createdAt"=2026-10-06T10:00:00.000 (java.util.Date), "createdByAccountId"="s08-laura", "dogId"="s08-d-duna", "joinedAt"=2026-10-06T10:00:00.000 (java.util.Date), "memberId"="s08-m-laura", "position"=1, "state"="ACTIVE", "updatedAt"=2026-10-06T10:00:00.000 (java.util.Date), "updatedByAccountId"="s08-laura", "version"=0L}
to contain entries:
  ["state"="NOTIFIED"]
but the following map entries had different values:
  ["state"="ACTIVE" (expected: "NOTIFIED")]
[INFO] 
[ERROR] Tests run: 114, Failures: 1, Errors: 0, Skipped: 0
[INFO] 
[INFO] 
[INFO] --- failsafe:3.5.6:verify (default) @ agilityhub-core-api ---
[INFO] ------------------------------------------------------------------------
[INFO] BUILD FAILURE
[INFO] ------------------------------------------------------------------------
[INFO] Total time:  01:22 min
[INFO] Finished at: 2026-09-24T09:13:48+02:00
[INFO] ------------------------------------------------------------------------
[ERROR] Failed to execute goal org.apache.maven.plugins:maven-failsafe-plugin:3.5.6:verify (default) on project agilityhub-core-api: There are test failures.
[ERROR] 
[ERROR] See /Users/jordib/dev/agilityhub/agilityhub-core-api/target/failsafe-reports for the individual test results.
[ERROR] See dump files (if any exist) [date].dump, [date]-jvmRun[N].dump and [date].dumpstream.
[ERROR] -> [Help 1]
[ERROR] 
[ERROR] To see the full stack trace of the errors, re-run Maven with the -e switch.
[ERROR] Re-run Maven using the -X switch to enable full debug logging.
[ERROR] 
[ERROR] For more information about the errors and possible solutions, please read the following articles:
[ERROR] [Help 1] http://cwiki.apache.org/confluence/display/MAVEN/MojoFailureException
