[INFO] Scanning for projects...
[INFO] 
[INFO] -----------------< com.agilityhub:agilityhub-core-api >-----------------
[INFO] Building AgilityHub Core API 0.1.0-SNAPSHOT
[INFO]   from pom.xml
[INFO] --------------------------------[ jar ]---------------------------------
[INFO] 
[INFO] --- enforcer:3.6.2:enforce (require-java-21) @ agilityhub-core-api ---
[INFO] Rule 0: org.apache.maven.enforcer.rules.version.RequireJavaVersion passed
[INFO] Rule 1: org.apache.maven.enforcer.rules.version.RequireMavenVersion passed
[INFO] 
[INFO] --- jacoco:0.8.14:prepare-agent (default) @ agilityhub-core-api ---
[INFO] Skipping JaCoCo execution because property jacoco.skip is set.
[INFO] argLine set to empty
[INFO] 
[INFO] --- spring-boot:3.5.16:build-info (default) @ agilityhub-core-api ---
[INFO] 
[INFO] --- resources:3.3.1:resources (default-resources) @ agilityhub-core-api ---
[INFO] Copying 9 resources from src/main/resources to target/classes
[INFO] Copying 1 resource from seeds to target/classes/seeds
[INFO] 
[INFO] --- compiler:3.14.1:compile (default-compile) @ agilityhub-core-api ---
[INFO] Nothing to compile - all classes are up to date.
[INFO] 
[INFO] --- resources:3.3.1:testResources (default-testResources) @ agilityhub-core-api ---
[INFO] Copying 31 resources from src/test/resources to target/test-classes
[INFO] 
[INFO] --- compiler:3.14.1:testCompile (default-testCompile) @ agilityhub-core-api ---
[INFO] Nothing to compile - all classes are up to date.
[INFO] 
[INFO] --- surefire:3.5.6:test (default-test) @ agilityhub-core-api ---
[INFO] 
[INFO] --- jar:3.4.2:jar (default-jar) @ agilityhub-core-api ---
[INFO] Building jar: /Users/jordib/dev/agilityhub/agilityhub-core-api/target/agilityhub-core-api-0.1.0-SNAPSHOT.jar
[INFO] 
[INFO] --- spring-boot:3.5.16:repackage (repackage) @ agilityhub-core-api ---
[INFO] Replacing main artifact /Users/jordib/dev/agilityhub/agilityhub-core-api/target/agilityhub-core-api-0.1.0-SNAPSHOT.jar with repackaged archive, adding nested dependencies in BOOT-INF/.
[INFO] The original artifact has been renamed to /Users/jordib/dev/agilityhub/agilityhub-core-api/target/agilityhub-core-api-0.1.0-SNAPSHOT.jar.original
[INFO] 
[INFO] --- failsafe:3.5.6:integration-test (default) @ agilityhub-core-api ---
[INFO] Using auto detected provider org.apache.maven.surefire.junitplatform.JUnitPlatformProvider
[INFO] 
[INFO] -------------------------------------------------------
[INFO]  T E S T S
[INFO] -------------------------------------------------------
[INFO] Running com.agilityhub.core.migration.PlayoffMigrationIT
09:14:03.267 [main] INFO org.springframework.test.context.support.AnnotationConfigContextLoaderUtils -- Could not detect default configuration classes for test class [com.agilityhub.core.migration.PlayoffMigrationIT]: PlayoffMigrationIT does not declare any static, non-private, non-final, nested classes annotated with @Configuration.
09:14:03.324 [main] INFO org.springframework.boot.test.context.SpringBootTestContextBootstrapper -- Found @SpringBootConfiguration com.agilityhub.core.CoreApplication for test class com.agilityhub.core.migration.PlayoffMigrationIT
09:14:03.366 [main] INFO org.testcontainers.images.PullPolicy -- Image pull policy will be performed by: DefaultPullPolicy()
09:14:03.367 [main] INFO org.testcontainers.utility.ImageNameSubstitutor -- Image name substitution will be performed by: DefaultImageNameSubstitutor (composite of 'ConfigurationFileImageNameSubstitutor' and 'PrefixingImageNameSubstitutor')
09:14:03.369 [main] INFO org.testcontainers.DockerClientFactory -- Testcontainers version: 1.21.4
09:14:03.434 [main] INFO org.testcontainers.dockerclient.DockerClientProviderStrategy -- Loaded org.testcontainers.dockerclient.UnixSocketClientProviderStrategy from ~/.testcontainers.properties, will try it first
09:14:03.527 [main] INFO org.testcontainers.dockerclient.DockerClientProviderStrategy -- Found Docker environment with local Unix socket (unix:///var/run/docker.sock)
09:14:03.527 [main] INFO org.testcontainers.DockerClientFactory -- Docker host IP address is localhost
09:14:03.536 [main] INFO org.testcontainers.DockerClientFactory -- Connected to docker: 
  Server Version: 29.7.2
  API Version: 1.55
  Operating System: Docker Desktop
  Total Memory: 7931 MB
  Labels: 
    com.docker.desktop.address=unix:///Users/jordib/Library/Containers/com.docker.docker/Data/docker-cli.sock
09:14:03.615 [main] INFO tc.testcontainers/ryuk:0.12.0 -- Creating container for image: testcontainers/ryuk:0.12.0
09:14:03.705 [main] INFO org.testcontainers.utility.RegistryAuthLocator -- Credential helper/store (docker-credential-desktop) does not have credentials for https://index.docker.io/v1/
09:14:03.749 [main] INFO tc.testcontainers/ryuk:0.12.0 -- Container testcontainers/ryuk:0.12.0 is starting: b24c0c55f332f6a95c5187bcbc84c6e37af6018ee69d5cddcafd8c775acddf3a
09:14:03.864 [main] INFO tc.testcontainers/ryuk:0.12.0 -- Container testcontainers/ryuk:0.12.0 started in PT0.24898S
09:14:03.867 [main] INFO org.testcontainers.utility.RyukResourceReaper -- Ryuk started - will monitor and terminate Testcontainers containers on JVM exit
09:14:03.867 [main] INFO org.testcontainers.DockerClientFactory -- Checking the system...
09:14:03.867 [main] INFO org.testcontainers.DockerClientFactory -- ✔︎ Docker server version should be at least 1.6.0
09:14:03.868 [main] INFO tc.mongo:7 -- Creating container for image: mongo:7
09:14:03.896 [main] INFO tc.mongo:7 -- Container mongo:7 is starting: 5f19055b5854e9e8828da7abe0edcfdaeec9d8459313041ae67f1e55a8bd5741
09:14:04.360 [main] INFO tc.mongo:7 -- Container mongo:7 started in PT0.492081S
Integration JVM availableProcessors=2

  .   ____          _            __ _ _
 /\\ / ___'_ __ _ _(_)_ __  __ _ \ \ \ \
( ( )\___ | '_ | '_| | '_ \/ _` | \ \ \ \
 \\/  ___)| |_)| | | | | || (_| |  ) ) ) )
  '  |____| .__|_| |_|_| |_\__, | / / / /
 =========|_|==============|___/=/_/_/_/

 :: Spring Boot ::               (v3.5.16)

2026-09-24T09:14:04.989+02:00  INFO 71523 --- [agilityhub-core-api] [           main] c.a.core.migration.PlayoffMigrationIT    : Starting PlayoffMigrationIT using Java 21.0.12.1 with PID 71523 (started by jordib in /Users/jordib/dev/agilityhub/agilityhub-core-api)
2026-09-24T09:14:04.990+02:00  INFO 71523 --- [agilityhub-core-api] [           main] c.a.core.migration.PlayoffMigrationIT    : The following 1 profile is active: "test"
2026-09-24T09:14:05.487+02:00  INFO 71523 --- [agilityhub-core-api] [           main] .s.d.r.c.RepositoryConfigurationDelegate : Bootstrapping Spring Data MongoDB repositories in DEFAULT mode.
2026-09-24T09:14:05.516+02:00  INFO 71523 --- [agilityhub-core-api] [           main] .s.d.r.c.RepositoryConfigurationDelegate : Finished Spring Data repository scanning in 26 ms. Found 0 MongoDB repository interfaces.
2026-09-24T09:14:05.747+02:00  INFO 71523 --- [agilityhub-core-api] [           main] org.mongodb.driver.client                : MongoClient with metadata {"driver": {"name": "mongo-java-driver|sync|spring-boot", "version": "5.5.2"}, "os": {"type": "Darwin", "name": "Mac OS X", "architecture": "aarch64", "version": "26.4.1"}, "platform": "Java/Homebrew/21.0.12.1"} created with settings MongoClientSettings{readPreference=primary, writeConcern=WriteConcern{w=null, wTimeout=null ms, journal=null}, retryWrites=true, retryReads=true, readConcern=ReadConcern{level=null}, credential=null, transportSettings=null, commandListeners=[io.micrometer.core.instrument.binder.mongodb.MongoMetricsCommandListener@3d2ff73a], codecRegistry=ProvidersCodecRegistry{codecProviders=[ValueCodecProvider{}, BsonValueCodecProvider{}, DBRefCodecProvider{}, DBObjectCodecProvider{}, DocumentCodecProvider{}, CollectionCodecProvider{}, IterableCodecProvider{}, MapCodecProvider{}, GeoJsonCodecProvider{}, GridFSFileCodecProvider{}, Jsr310CodecProvider{}, JsonObjectCodecProvider{}, BsonCodecProvider{}, EnumCodecProvider{}, com.mongodb.client.model.mql.ExpressionCodecProvider@736a8aea, com.mongodb.Jep395RecordCodecProvider@504b4a97, com.mongodb.KotlinCodecProvider@4964d801]}, loggerSettings=LoggerSettings{maxDocumentLength=1000}, clusterSettings={hosts=[localhost:62367], srvServiceName=mongodb, mode=SINGLE, requiredClusterType=UNKNOWN, requiredReplicaSetName='null', serverSelector='null', clusterListeners='[]', serverSelectionTimeout='30000 ms', localThreshold='15 ms'}, socketSettings=SocketSettings{connectTimeoutMS=10000, readTimeoutMS=0, receiveBufferSize=0, proxySettings=ProxySettings{host=null, port=null, username=null, password=null}}, heartbeatSocketSettings=SocketSettings{connectTimeoutMS=10000, readTimeoutMS=10000, receiveBufferSize=0, proxySettings=ProxySettings{host=null, port=null, username=null, password=null}}, connectionPoolSettings=ConnectionPoolSettings{maxSize=100, minSize=0, maxWaitTimeMS=120000, maxConnectionLifeTimeMS=0, maxConnectionIdleTimeMS=0, maintenanceInitialDelayMS=0, maintenanceFrequencyMS=60000, connectionPoolListeners=[io.micrometer.core.instrument.binder.mongodb.MongoMetricsConnectionPoolListener@b307030], maxConnecting=2}, serverSettings=ServerSettings{heartbeatFrequencyMS=10000, minHeartbeatFrequencyMS=500, serverMonitoringMode=AUTO, serverListeners='[]', serverMonitorListeners='[]'}, sslSettings=SslSettings{enabled=false, invalidHostNameAllowed=false, context=null}, applicationName='null', compressorList=[], uuidRepresentation=JAVA_LEGACY, serverApi=null, autoEncryptionSettings=null, dnsClient=null, inetAddressResolver=null, contextProvider=null, timeoutMS=null}
2026-09-24T09:14:05.751+02:00  INFO 71523 --- [agilityhub-core-api] [localhost:62367] org.mongodb.driver.cluster               : Monitor thread successfully connected to server with description ServerDescription{address=localhost:62367, type=REPLICA_SET_PRIMARY, cryptd=false, state=CONNECTED, ok=true, minWireVersion=0, maxWireVersion=21, maxDocumentSize=16777216, logicalSessionTimeoutMinutes=30, roundTripTimeNanos=7354334, minRoundTripTimeNanos=0, setName='docker-rs', canonicalAddress=5f19055b5854:27017, hosts=[5f19055b5854:27017], passives=[], arbiters=[], primary='5f19055b5854:27017', tagSet=TagSet{[]}, electionId=7fffffff0000000000000001, setVersion=1, topologyVersion=TopologyVersion{processId=6ab4cdbb5746289eee27e36f, counter=6}, lastWriteDate=Thu Sep 24 09:14:04 CEST 2026, lastUpdateTimeNanos=97194572788416}
Mockito is currently self-attaching to enable the inline-mock-maker. This will no longer work in future releases of the JDK. Please add Mockito as an agent to your build as described in Mockito's documentation: https://javadoc.io/doc/org.mockito/mockito-core/latest/org.mockito/org/mockito/Mockito.html#0.3
OpenJDK 64-Bit Server VM warning: Sharing is only supported for boot loader classes because bootstrap classpath has been appended
WARNING: A Java agent has been loaded dynamically (/Users/jordib/.m2/repository/net/bytebuddy/byte-buddy-agent/1.17.8/byte-buddy-agent-1.17.8.jar)
WARNING: If a serviceability tool is in use, please run with -XX:+EnableDynamicAgentLoading to hide this warning
WARNING: If a serviceability tool is not in use, please run with -Djdk.instrument.traceUsage for more information
WARNING: Dynamic loading of agents will be disallowed by default in a future release
2026-09-24T09:14:08.921+02:00  INFO 71523 --- [agilityhub-core-api] [           main] c.a.core.migration.PlayoffMigrationIT    : Started PlayoffMigrationIT in 4.025 seconds (process running for 5.937)
E5-T07 outbox backlog discarded before PlayoffMigrationIT: 163 PENDING records (more than one dispatch() batch)
E5-T07 outbox backlog discarded before PlayoffMigrationIT: 167 PENDING records (more than one dispatch() batch)
E5-T07 outbox backlog discarded before PlayoffMigrationIT: 163 PENDING records (more than one dispatch() batch)
E5-T07 outbox backlog discarded before PlayoffMigrationIT: 163 PENDING records (more than one dispatch() batch)
E5-T07 outbox backlog discarded before PlayoffMigrationIT: 163 PENDING records (more than one dispatch() batch)
E5-T07 outbox backlog discarded before PlayoffMigrationIT: 163 PENDING records (more than one dispatch() batch)
[INFO] Tests run: 9, Failures: 0, Errors: 0, Skipped: 0, Time elapsed: 15.36 s -- in com.agilityhub.core.migration.PlayoffMigrationIT
[INFO] Running com.agilityhub.core.clubs.dashboard.api.DashboardIT
2026-09-24T09:14:18.638+02:00  INFO 71523 --- [agilityhub-core-api] [           main] .b.t.c.SpringBootTestContextBootstrapper : Found @SpringBootConfiguration com.agilityhub.core.CoreApplication for test class com.agilityhub.core.clubs.dashboard.api.DashboardIT

  .   ____          _            __ _ _
 /\\ / ___'_ __ _ _(_)_ __  __ _ \ \ \ \
( ( )\___ | '_ | '_| | '_ \/ _` | \ \ \ \
 \\/  ___)| |_)| | | | | || (_| |  ) ) ) )
  '  |____| .__|_| |_|_| |_\__, | / / / /
 =========|_|==============|___/=/_/_/_/

 :: Spring Boot ::               (v3.5.16)

2026-09-24T09:14:18.653+02:00  INFO 71523 --- [agilityhub-core-api] [           main] c.a.c.clubs.dashboard.api.DashboardIT    : Starting DashboardIT using Java 21.0.12.1 with PID 71523 (started by jordib in /Users/jordib/dev/agilityhub/agilityhub-core-api)
2026-09-24T09:14:18.653+02:00  INFO 71523 --- [agilityhub-core-api] [           main] c.a.c.clubs.dashboard.api.DashboardIT    : The following 1 profile is active: "test"
2026-09-24T09:14:19.010+02:00  INFO 71523 --- [agilityhub-core-api] [           main] .s.d.r.c.RepositoryConfigurationDelegate : Bootstrapping Spring Data MongoDB repositories in DEFAULT mode.
2026-09-24T09:14:19.028+02:00  INFO 71523 --- [agilityhub-core-api] [           main] .s.d.r.c.RepositoryConfigurationDelegate : Finished Spring Data repository scanning in 17 ms. Found 0 MongoDB repository interfaces.
2026-09-24T09:14:19.203+02:00  INFO 71523 --- [agilityhub-core-api] [           main] org.mongodb.driver.client                : MongoClient with metadata {"driver": {"name": "mongo-java-driver|sync|spring-boot", "version": "5.5.2"}, "os": {"type": "Darwin", "name": "Mac OS X", "architecture": "aarch64", "version": "26.4.1"}, "platform": "Java/Homebrew/21.0.12.1"} created with settings MongoClientSettings{readPreference=primary, writeConcern=WriteConcern{w=null, wTimeout=null ms, journal=null}, retryWrites=true, retryReads=true, readConcern=ReadConcern{level=null}, credential=null, transportSettings=null, commandListeners=[com.agilityhub.core.clubs.dashboard.api.DashboardIT$MongoProbeConfiguration$1@3e98fd35, io.micrometer.core.instrument.binder.mongodb.MongoMetricsCommandListener@6e7302d], codecRegistry=ProvidersCodecRegistry{codecProviders=[ValueCodecProvider{}, BsonValueCodecProvider{}, DBRefCodecProvider{}, DBObjectCodecProvider{}, DocumentCodecProvider{}, CollectionCodecProvider{}, IterableCodecProvider{}, MapCodecProvider{}, GeoJsonCodecProvider{}, GridFSFileCodecProvider{}, Jsr310CodecProvider{}, JsonObjectCodecProvider{}, BsonCodecProvider{}, EnumCodecProvider{}, com.mongodb.client.model.mql.ExpressionCodecProvider@736a8aea, com.mongodb.Jep395RecordCodecProvider@504b4a97, com.mongodb.KotlinCodecProvider@4964d801]}, loggerSettings=LoggerSettings{maxDocumentLength=1000}, clusterSettings={hosts=[localhost:62367], srvServiceName=mongodb, mode=SINGLE, requiredClusterType=UNKNOWN, requiredReplicaSetName='null', serverSelector='null', clusterListeners='[]', serverSelectionTimeout='30000 ms', localThreshold='15 ms'}, socketSettings=SocketSettings{connectTimeoutMS=10000, readTimeoutMS=0, receiveBufferSize=0, proxySettings=ProxySettings{host=null, port=null, username=null, password=null}}, heartbeatSocketSettings=SocketSettings{connectTimeoutMS=10000, readTimeoutMS=10000, receiveBufferSize=0, proxySettings=ProxySettings{host=null, port=null, username=null, password=null}}, connectionPoolSettings=ConnectionPoolSettings{maxSize=100, minSize=0, maxWaitTimeMS=120000, maxConnectionLifeTimeMS=0, maxConnectionIdleTimeMS=0, maintenanceInitialDelayMS=0, maintenanceFrequencyMS=60000, connectionPoolListeners=[io.micrometer.core.instrument.binder.mongodb.MongoMetricsConnectionPoolListener@66d358cc], maxConnecting=2}, serverSettings=ServerSettings{heartbeatFrequencyMS=10000, minHeartbeatFrequencyMS=500, serverMonitoringMode=AUTO, serverListeners='[]', serverMonitorListeners='[]'}, sslSettings=SslSettings{enabled=false, invalidHostNameAllowed=false, context=null}, applicationName='null', compressorList=[], uuidRepresentation=JAVA_LEGACY, serverApi=null, autoEncryptionSettings=null, dnsClient=null, inetAddressResolver=null, contextProvider=null, timeoutMS=null}
2026-09-24T09:14:19.205+02:00  INFO 71523 --- [agilityhub-core-api] [localhost:62367] org.mongodb.driver.cluster               : Monitor thread successfully connected to server with description ServerDescription{address=localhost:62367, type=REPLICA_SET_PRIMARY, cryptd=false, state=CONNECTED, ok=true, minWireVersion=0, maxWireVersion=21, maxDocumentSize=16777216, logicalSessionTimeoutMinutes=30, roundTripTimeNanos=1396625, minRoundTripTimeNanos=0, setName='docker-rs', canonicalAddress=5f19055b5854:27017, hosts=[5f19055b5854:27017], passives=[], arbiters=[], primary='5f19055b5854:27017', tagSet=TagSet{[]}, electionId=7fffffff0000000000000001, setVersion=1, topologyVersion=TopologyVersion{processId=6ab4cdbb5746289eee27e36f, counter=6}, lastWriteDate=Thu Sep 24 09:14:18 CEST 2026, lastUpdateTimeNanos=97208027317208}
2026-09-24T09:14:19.747+02:00  INFO 71523 --- [agilityhub-core-api] [           main] o.s.b.t.m.w.SpringBootMockServletContext : Initializing Spring TestDispatcherServlet ''
2026-09-24T09:14:19.747+02:00  INFO 71523 --- [agilityhub-core-api] [           main] o.s.t.web.servlet.TestDispatcherServlet  : Initializing Servlet ''
2026-09-24T09:14:19.748+02:00  INFO 71523 --- [agilityhub-core-api] [           main] o.s.t.web.servlet.TestDispatcherServlet  : Completed initialization in 1 ms
2026-09-24T09:14:19.759+02:00  INFO 71523 --- [agilityhub-core-api] [           main] c.a.c.clubs.dashboard.api.DashboardIT    : Started DashboardIT in 1.118 seconds (process running for 16.775)
E5-T07 outbox backlog discarded before DashboardIT: 164 PENDING records (more than one dispatch() batch)
E5-T07 outbox backlog discarded before DashboardIT: 446 PENDING records (more than one dispatch() batch)
[INFO] Tests run: 9, Failures: 0, Errors: 0, Skipped: 0, Time elapsed: 3.468 s -- in com.agilityhub.core.clubs.dashboard.api.DashboardIT
[INFO] Running com.agilityhub.core.clubs.census.application.DemoSeedsIT
2026-09-24T09:14:22.075+02:00  INFO 71523 --- [agilityhub-core-api] [           main] t.c.s.AnnotationConfigContextLoaderUtils : Could not detect default configuration classes for test class [com.agilityhub.core.clubs.census.application.DemoSeedsIT]: DemoSeedsIT does not declare any static, non-private, non-final, nested classes annotated with @Configuration.
2026-09-24T09:14:22.100+02:00  INFO 71523 --- [agilityhub-core-api] [           main] .b.t.c.SpringBootTestContextBootstrapper : Found @SpringBootConfiguration com.agilityhub.core.CoreApplication for test class com.agilityhub.core.clubs.census.application.DemoSeedsIT

  .   ____          _            __ _ _
 /\\ / ___'_ __ _ _(_)_ __  __ _ \ \ \ \
( ( )\___ | '_ | '_| | '_ \/ _` | \ \ \ \
 \\/  ___)| |_)| | | | | || (_| |  ) ) ) )
  '  |____| .__|_| |_|_| |_\__, | / / / /
 =========|_|==============|___/=/_/_/_/

 :: Spring Boot ::               (v3.5.16)

2026-09-24T09:14:22.108+02:00  INFO 71523 --- [agilityhub-core-api] [           main] c.a.c.c.census.application.DemoSeedsIT   : Starting DemoSeedsIT using Java 21.0.12.1 with PID 71523 (started by jordib in /Users/jordib/dev/agilityhub/agilityhub-core-api)
2026-09-24T09:14:22.108+02:00  INFO 71523 --- [agilityhub-core-api] [           main] c.a.c.c.census.application.DemoSeedsIT   : The following 1 profile is active: "test"
2026-09-24T09:14:22.300+02:00  INFO 71523 --- [agilityhub-core-api] [           main] .s.d.r.c.RepositoryConfigurationDelegate : Bootstrapping Spring Data MongoDB repositories in DEFAULT mode.
2026-09-24T09:14:22.317+02:00  INFO 71523 --- [agilityhub-core-api] [           main] .s.d.r.c.RepositoryConfigurationDelegate : Finished Spring Data repository scanning in 16 ms. Found 0 MongoDB repository interfaces.
2026-09-24T09:14:22.348+02:00  INFO 71523 --- [agilityhub-core-api] [           main] org.mongodb.driver.client                : MongoClient with metadata {"driver": {"name": "mongo-java-driver|sync|spring-boot", "version": "5.5.2"}, "os": {"type": "Darwin", "name": "Mac OS X", "architecture": "aarch64", "version": "26.4.1"}, "platform": "Java/Homebrew/21.0.12.1"} created with settings MongoClientSettings{readPreference=primary, writeConcern=WriteConcern{w=null, wTimeout=null ms, journal=null}, retryWrites=true, retryReads=true, readConcern=ReadConcern{level=null}, credential=null, transportSettings=null, commandListeners=[io.micrometer.core.instrument.binder.mongodb.MongoMetricsCommandListener@27f713bb], codecRegistry=ProvidersCodecRegistry{codecProviders=[ValueCodecProvider{}, BsonValueCodecProvider{}, DBRefCodecProvider{}, DBObjectCodecProvider{}, DocumentCodecProvider{}, CollectionCodecProvider{}, IterableCodecProvider{}, MapCodecProvider{}, GeoJsonCodecProvider{}, GridFSFileCodecProvider{}, Jsr310CodecProvider{}, JsonObjectCodecProvider{}, BsonCodecProvider{}, EnumCodecProvider{}, com.mongodb.client.model.mql.ExpressionCodecProvider@736a8aea, com.mongodb.Jep395RecordCodecProvider@504b4a97, com.mongodb.KotlinCodecProvider@4964d801]}, loggerSettings=LoggerSettings{maxDocumentLength=1000}, clusterSettings={hosts=[localhost:62367], srvServiceName=mongodb, mode=SINGLE, requiredClusterType=UNKNOWN, requiredReplicaSetName='null', serverSelector='null', clusterListeners='[]', serverSelectionTimeout='30000 ms', localThreshold='15 ms'}, socketSettings=SocketSettings{connectTimeoutMS=10000, readTimeoutMS=0, receiveBufferSize=0, proxySettings=ProxySettings{host=null, port=null, username=null, password=null}}, heartbeatSocketSettings=SocketSettings{connectTimeoutMS=10000, readTimeoutMS=10000, receiveBufferSize=0, proxySettings=ProxySettings{host=null, port=null, username=null, password=null}}, connectionPoolSettings=ConnectionPoolSettings{maxSize=100, minSize=0, maxWaitTimeMS=120000, maxConnectionLifeTimeMS=0, maxConnectionIdleTimeMS=0, maintenanceInitialDelayMS=0, maintenanceFrequencyMS=60000, connectionPoolListeners=[io.micrometer.core.instrument.binder.mongodb.MongoMetricsConnectionPoolListener@7233c467], maxConnecting=2}, serverSettings=ServerSettings{heartbeatFrequencyMS=10000, minHeartbeatFrequencyMS=500, serverMonitoringMode=AUTO, serverListeners='[]', serverMonitorListeners='[]'}, sslSettings=SslSettings{enabled=false, invalidHostNameAllowed=false, context=null}, applicationName='null', compressorList=[], uuidRepresentation=JAVA_LEGACY, serverApi=null, autoEncryptionSettings=null, dnsClient=null, inetAddressResolver=null, contextProvider=null, timeoutMS=null}
2026-09-24T09:14:22.350+02:00  INFO 71523 --- [agilityhub-core-api] [localhost:62367] org.mongodb.driver.cluster               : Monitor thread successfully connected to server with description ServerDescription{address=localhost:62367, type=REPLICA_SET_PRIMARY, cryptd=false, state=CONNECTED, ok=true, minWireVersion=0, maxWireVersion=21, maxDocumentSize=16777216, logicalSessionTimeoutMinutes=30, roundTripTimeNanos=1521459, minRoundTripTimeNanos=0, setName='docker-rs', canonicalAddress=5f19055b5854:27017, hosts=[5f19055b5854:27017], passives=[], arbiters=[], primary='5f19055b5854:27017', tagSet=TagSet{[]}, electionId=7fffffff0000000000000001, setVersion=1, topologyVersion=TopologyVersion{processId=6ab4cdbb5746289eee27e36f, counter=6}, lastWriteDate=Thu Sep 24 09:14:21 CEST 2026, lastUpdateTimeNanos=97211172443916}
2026-09-24T09:14:22.750+02:00  INFO 71523 --- [agilityhub-core-api] [           main] o.s.b.t.m.w.SpringBootMockServletContext : Initializing Spring TestDispatcherServlet ''
2026-09-24T09:14:22.750+02:00  INFO 71523 --- [agilityhub-core-api] [           main] o.s.t.web.servlet.TestDispatcherServlet  : Initializing Servlet ''
2026-09-24T09:14:22.750+02:00  INFO 71523 --- [agilityhub-core-api] [           main] o.s.t.web.servlet.TestDispatcherServlet  : Completed initialization in 0 ms
2026-09-24T09:14:22.757+02:00  INFO 71523 --- [agilityhub-core-api] [           main] c.a.c.c.census.application.DemoSeedsIT   : Started DemoSeedsIT in 0.656 seconds (process running for 19.773)
{activeMembers=184, pendingMembers=3, inactiveMembers=4, leftMembers=3, members=194, dogs=245, familyGroups=12, activeDogs=242, pendingDogs=3, instructors=3, administrators=2, receivedDocuments=6, pendingDocuments=239}
451 changes (demo seed)
{templateClasses=39, templates=3, weeks=3, generatedClasses=102, validatedWeeks=2, looseClasses=1, ringBlocks=1, scenarioRingBlocks=0, riskCancellations=1, classBookings=23, classWaitlist=3, activities=4, publishedActivities=3, activityRegistrations=44, activityWaitlist=2, activityFiles=2, scenarioActivityRegistrations=0, scenarioClassBookings=0, scenarioCancellations=0, scenarioWaitlist=0, scenarioOffers=0, scenarioRiskExempt=0, scenarioBookingBlocks=0, scenarioTrainingOverrides=0, scenarioTrainingBookings=0}
233 changes (demo planning, week start 2026-09-07)
{activeMembers=184, pendingMembers=3, inactiveMembers=4, leftMembers=3, members=194, dogs=245, familyGroups=12, activeDogs=242, pendingDogs=3, instructors=3, administrators=2, receivedDocuments=6, pendingDocuments=239}
0 changes (demo seed)
{templateClasses=39, templates=3, weeks=3, generatedClasses=102, validatedWeeks=2, looseClasses=1, ringBlocks=1, scenarioRingBlocks=0, riskCancellations=1, classBookings=23, classWaitlist=3, activities=4, publishedActivities=3, activityRegistrations=44, activityWaitlist=2, activityFiles=2, scenarioActivityRegistrations=0, scenarioClassBookings=0, scenarioCancellations=0, scenarioWaitlist=0, scenarioOffers=0, scenarioRiskExempt=0, scenarioBookingBlocks=0, scenarioTrainingOverrides=0, scenarioTrainingBookings=0}
0 changes (demo planning, week start 2026-09-07)
E5-T07 outbox backlog discarded before DemoSeedsIT: 663 PENDING records (more than one dispatch() batch)
[INFO] Tests run: 8, Failures: 0, Errors: 0, Skipped: 0, Time elapsed: 7.812 s -- in com.agilityhub.core.clubs.census.application.DemoSeedsIT
[INFO] Running com.agilityhub.core.clubs.census.application.DemoScenarioSeedIT
2026-09-24T09:14:29.888+02:00  INFO 71523 --- [agilityhub-core-api] [           main] t.c.s.AnnotationConfigContextLoaderUtils : Could not detect default configuration classes for test class [com.agilityhub.core.clubs.census.application.DemoScenarioSeedIT]: DemoScenarioSeedIT does not declare any static, non-private, non-final, nested classes annotated with @Configuration.
2026-09-24T09:14:29.888+02:00  INFO 71523 --- [agilityhub-core-api] [           main] .b.t.c.SpringBootTestContextBootstrapper : Found @SpringBootConfiguration com.agilityhub.core.CoreApplication for test class com.agilityhub.core.clubs.census.application.DemoScenarioSeedIT
{activeMembers=184, pendingMembers=3, inactiveMembers=4, leftMembers=3, members=194, dogs=245, familyGroups=12, activeDogs=242, pendingDogs=3, instructors=3, administrators=2, receivedDocuments=6, pendingDocuments=239}
451 changes (demo seed)
{templateClasses=39, templates=3, weeks=3, generatedClasses=102, validatedWeeks=2, looseClasses=1, ringBlocks=1, scenarioRingBlocks=0, riskCancellations=1, classBookings=23, classWaitlist=3, activities=4, publishedActivities=3, activityRegistrations=44, activityWaitlist=2, activityFiles=2, scenarioActivityRegistrations=0, scenarioClassBookings=0, scenarioCancellations=0, scenarioWaitlist=0, scenarioOffers=0, scenarioRiskExempt=0, scenarioBookingBlocks=0, scenarioTrainingOverrides=0, scenarioTrainingBookings=0}
233 changes (demo planning, week start 2026-09-07)
E5-T07 outbox backlog discarded before DemoScenarioSeedIT: 651 PENDING records (more than one dispatch() batch)
{activeMembers=184, pendingMembers=3, inactiveMembers=4, leftMembers=3, members=194, dogs=245, familyGroups=12, activeDogs=242, pendingDogs=3, instructors=3, administrators=2, receivedDocuments=6, pendingDocuments=239}
451 changes (demo seed)
{templateClasses=39, templates=3, weeks=3, generatedClasses=114, validatedWeeks=2, looseClasses=1, ringBlocks=1, scenarioRingBlocks=1, riskCancellations=1, classBookings=23, classWaitlist=3, activities=4, publishedActivities=3, activityRegistrations=44, activityWaitlist=2, activityFiles=2, scenarioActivityRegistrations=1, scenarioClassBookings=18, scenarioCancellations=3, scenarioWaitlist=5, scenarioOffers=0, scenarioRiskExempt=1, scenarioBookingBlocks=1, scenarioTrainingOverrides=1, scenarioTrainingBookings=3}
279 changes (demo planning, week start 2026-09-14)
{activeMembers=184, pendingMembers=3, inactiveMembers=4, leftMembers=3, members=194, dogs=245, familyGroups=12, activeDogs=242, pendingDogs=3, instructors=3, administrators=2, receivedDocuments=6, pendingDocuments=239}
0 changes (demo seed)
{templateClasses=39, templates=3, weeks=3, generatedClasses=114, validatedWeeks=2, looseClasses=1, ringBlocks=1, scenarioRingBlocks=1, riskCancellations=1, classBookings=23, classWaitlist=3, activities=4, publishedActivities=3, activityRegistrations=44, activityWaitlist=2, activityFiles=2, scenarioActivityRegistrations=1, scenarioClassBookings=18, scenarioCancellations=3, scenarioWaitlist=5, scenarioOffers=0, scenarioRiskExempt=1, scenarioBookingBlocks=1, scenarioTrainingOverrides=1, scenarioTrainingBookings=3}
0 changes (demo planning, week start 2026-09-14)
{activeMembers=184, pendingMembers=3, inactiveMembers=4, leftMembers=3, members=194, dogs=245, familyGroups=12, activeDogs=242, pendingDogs=3, instructors=3, administrators=2, receivedDocuments=6, pendingDocuments=239}
451 changes (demo seed)
{templateClasses=39, templates=3, weeks=3, generatedClasses=114, validatedWeeks=2, looseClasses=1, ringBlocks=1, scenarioRingBlocks=1, riskCancellations=1, classBookings=23, classWaitlist=3, activities=4, publishedActivities=3, activityRegistrations=44, activityWaitlist=2, activityFiles=2, scenarioActivityRegistrations=1, scenarioClassBookings=18, scenarioCancellations=3, scenarioWaitlist=5, scenarioOffers=0, scenarioRiskExempt=1, scenarioBookingBlocks=1, scenarioTrainingOverrides=1, scenarioTrainingBookings=3}
279 changes (demo planning, week start 2026-09-14)
E5-T07 outbox backlog discarded before DemoScenarioSeedIT: 724 PENDING records (more than one dispatch() batch)
{activeMembers=184, pendingMembers=3, inactiveMembers=4, leftMembers=3, members=194, dogs=245, familyGroups=12, activeDogs=242, pendingDogs=3, instructors=3, administrators=2, receivedDocuments=6, pendingDocuments=239}
451 changes (demo seed)
{templateClasses=39, templates=3, weeks=3, generatedClasses=114, validatedWeeks=2, looseClasses=1, ringBlocks=1, scenarioRingBlocks=1, riskCancellations=1, classBookings=23, classWaitlist=3, activities=4, publishedActivities=3, activityRegistrations=44, activityWaitlist=2, activityFiles=2, scenarioActivityRegistrations=1, scenarioClassBookings=18, scenarioCancellations=3, scenarioWaitlist=5, scenarioOffers=0, scenarioRiskExempt=1, scenarioBookingBlocks=1, scenarioTrainingOverrides=1, scenarioTrainingBookings=3}
279 changes (demo planning, week start 2026-09-14)
E5-T07 outbox backlog discarded before DemoScenarioSeedIT: 724 PENDING records (more than one dispatch() batch)
{activeMembers=8, pendingMembers=0, inactiveMembers=0, leftMembers=0, members=8, dogs=8, familyGroups=0, activeDogs=8, pendingDogs=0, instructors=1, administrators=1, receivedDocuments=0, pendingDocuments=8}
16 changes (demo seed)
{templateClasses=5, templates=1, weeks=1, generatedClasses=5, validatedWeeks=1, scenarioRingBlocks=0, classBookings=0, classWaitlist=0, activities=0, publishedActivities=0, activityRegistrations=0, activityWaitlist=0, activityFiles=0, scenarioActivityRegistrations=0, scenarioClassBookings=2, scenarioCancellations=1, scenarioWaitlist=3, scenarioOffers=1, scenarioRiskExempt=0, scenarioBookingBlocks=0, scenarioTrainingOverrides=0, scenarioTrainingBookings=0}
20 changes (demo planning, week start 2026-09-14)
[INFO] Tests run: 4, Failures: 0, Errors: 0, Skipped: 0, Time elapsed: 14.57 s -- in com.agilityhub.core.clubs.census.application.DemoScenarioSeedIT
[INFO] Running com.agilityhub.core.clubs.census.application.DemoPlanningSeedIT
2026-09-24T09:14:44.457+02:00  INFO 71523 --- [agilityhub-core-api] [           main] t.c.s.AnnotationConfigContextLoaderUtils : Could not detect default configuration classes for test class [com.agilityhub.core.clubs.census.application.DemoPlanningSeedIT]: DemoPlanningSeedIT does not declare any static, non-private, non-final, nested classes annotated with @Configuration.
2026-09-24T09:14:44.458+02:00  INFO 71523 --- [agilityhub-core-api] [           main] .b.t.c.SpringBootTestContextBootstrapper : Found @SpringBootConfiguration com.agilityhub.core.CoreApplication for test class com.agilityhub.core.clubs.census.application.DemoPlanningSeedIT
{activeMembers=184, pendingMembers=3, inactiveMembers=4, leftMembers=3, members=194, dogs=245, familyGroups=12, activeDogs=242, pendingDogs=3, instructors=3, administrators=2, receivedDocuments=6, pendingDocuments=239}
451 changes (demo seed)
{templateClasses=39, templates=3, weeks=3, generatedClasses=102, validatedWeeks=2, looseClasses=1, ringBlocks=1, scenarioRingBlocks=0, riskCancellations=1, classBookings=23, classWaitlist=3, activities=4, publishedActivities=3, activityRegistrations=44, activityWaitlist=2, activityFiles=2, scenarioActivityRegistrations=0, scenarioClassBookings=0, scenarioCancellations=0, scenarioWaitlist=0, scenarioOffers=0, scenarioRiskExempt=0, scenarioBookingBlocks=0, scenarioTrainingOverrides=0, scenarioTrainingBookings=0}
233 changes (demo planning, week start 2026-09-07)
E5-T07 outbox backlog discarded before DemoPlanningSeedIT: 651 PENDING records (more than one dispatch() batch)
{activeMembers=184, pendingMembers=3, inactiveMembers=4, leftMembers=3, members=194, dogs=245, familyGroups=12, activeDogs=242, pendingDogs=3, instructors=3, administrators=2, receivedDocuments=6, pendingDocuments=239}
451 changes (demo seed)
{templateClasses=39, templates=3, weeks=3, generatedClasses=102, validatedWeeks=2, looseClasses=1, ringBlocks=1, scenarioRingBlocks=0, riskCancellations=1, classBookings=23, classWaitlist=3, activities=4, publishedActivities=3, activityRegistrations=44, activityWaitlist=2, activityFiles=2, scenarioActivityRegistrations=0, scenarioClassBookings=0, scenarioCancellations=0, scenarioWaitlist=0, scenarioOffers=0, scenarioRiskExempt=0, scenarioBookingBlocks=0, scenarioTrainingOverrides=0, scenarioTrainingBookings=0}
233 changes (demo planning, week start 2026-09-07)
{activeMembers=184, pendingMembers=3, inactiveMembers=4, leftMembers=3, members=194, dogs=245, familyGroups=12, activeDogs=242, pendingDogs=3, instructors=3, administrators=2, receivedDocuments=6, pendingDocuments=239}
0 changes (demo seed)
{templateClasses=39, templates=3, weeks=3, generatedClasses=102, validatedWeeks=2, looseClasses=1, ringBlocks=1, scenarioRingBlocks=0, riskCancellations=1, classBookings=23, classWaitlist=3, activities=4, publishedActivities=3, activityRegistrations=44, activityWaitlist=2, activityFiles=2, scenarioActivityRegistrations=0, scenarioClassBookings=0, scenarioCancellations=0, scenarioWaitlist=0, scenarioOffers=0, scenarioRiskExempt=0, scenarioBookingBlocks=0, scenarioTrainingOverrides=0, scenarioTrainingBookings=0}
0 changes (demo planning, week start 2026-09-07)
{activeMembers=184, pendingMembers=3, inactiveMembers=4, leftMembers=3, members=194, dogs=245, familyGroups=12, activeDogs=242, pendingDogs=3, instructors=3, administrators=2, receivedDocuments=6, pendingDocuments=239}
0 changes (demo seed)
{templateClasses=39, templates=3, weeks=3, generatedClasses=102, validatedWeeks=2, looseClasses=1, ringBlocks=1, scenarioRingBlocks=0, riskCancellations=1, classBookings=23, classWaitlist=3, activities=4, publishedActivities=3, activityRegistrations=44, activityWaitlist=2, activityFiles=2, scenarioActivityRegistrations=0, scenarioClassBookings=0, scenarioCancellations=0, scenarioWaitlist=0, scenarioOffers=0, scenarioRiskExempt=0, scenarioBookingBlocks=0, scenarioTrainingOverrides=0, scenarioTrainingBookings=0}
0 changes (demo planning, week start 2026-09-07)
{activeMembers=184, pendingMembers=3, inactiveMembers=4, leftMembers=3, members=194, dogs=245, familyGroups=12, activeDogs=242, pendingDogs=3, instructors=3, administrators=2, receivedDocuments=6, pendingDocuments=239}
451 changes (demo seed)
{templateClasses=39, templates=3, weeks=3, generatedClasses=102, validatedWeeks=2, looseClasses=1, ringBlocks=1, scenarioRingBlocks=0, riskCancellations=1, classBookings=23, classWaitlist=3, activities=4, publishedActivities=3, activityRegistrations=44, activityWaitlist=2, activityFiles=2, scenarioActivityRegistrations=0, scenarioClassBookings=0, scenarioCancellations=0, scenarioWaitlist=0, scenarioOffers=0, scenarioRiskExempt=0, scenarioBookingBlocks=0, scenarioTrainingOverrides=0, scenarioTrainingBookings=0}
233 changes (demo planning, week start 2026-09-07)
E5-T07 outbox backlog discarded before DemoPlanningSeedIT: 651 PENDING records (more than one dispatch() batch)
{activeMembers=184, pendingMembers=3, inactiveMembers=4, leftMembers=3, members=194, dogs=245, familyGroups=12, activeDogs=242, pendingDogs=3, instructors=3, administrators=2, receivedDocuments=6, pendingDocuments=239}
451 changes (demo seed)
{templateClasses=39, templates=3, weeks=3, generatedClasses=102, validatedWeeks=2, looseClasses=1, ringBlocks=1, scenarioRingBlocks=0, riskCancellations=1, classBookings=23, classWaitlist=3, activities=4, publishedActivities=3, activityRegistrations=44, activityWaitlist=2, activityFiles=2, scenarioActivityRegistrations=0, scenarioClassBookings=0, scenarioCancellations=0, scenarioWaitlist=0, scenarioOffers=0, scenarioRiskExempt=0, scenarioBookingBlocks=0, scenarioTrainingOverrides=0, scenarioTrainingBookings=0}
233 changes (demo planning, week start 2026-09-07)
[INFO] Tests run: 5, Failures: 0, Errors: 0, Skipped: 0, Time elapsed: 11.76 s -- in com.agilityhub.core.clubs.census.application.DemoPlanningSeedIT
[INFO] Running com.agilityhub.core.clubs.census.api.SignupIT
2026-09-24T09:14:56.220+02:00  INFO 71523 --- [agilityhub-core-api] [           main] t.c.s.AnnotationConfigContextLoaderUtils : Could not detect default configuration classes for test class [com.agilityhub.core.clubs.census.api.SignupIT]: SignupIT does not declare any static, non-private, non-final, nested classes annotated with @Configuration.
2026-09-24T09:14:56.256+02:00  INFO 71523 --- [agilityhub-core-api] [           main] .b.t.c.SpringBootTestContextBootstrapper : Found @SpringBootConfiguration com.agilityhub.core.CoreApplication for test class com.agilityhub.core.clubs.census.api.SignupIT

  .   ____          _            __ _ _
 /\\ / ___'_ __ _ _(_)_ __  __ _ \ \ \ \
( ( )\___ | '_ | '_| | '_ \/ _` | \ \ \ \
 \\/  ___)| |_)| | | | | || (_| |  ) ) ) )
  '  |____| .__|_| |_|_| |_\__, | / / / /
 =========|_|==============|___/=/_/_/_/

 :: Spring Boot ::               (v3.5.16)

2026-09-24T09:14:56.263+02:00  INFO 71523 --- [agilityhub-core-api] [           main] c.a.core.clubs.census.api.SignupIT       : Starting SignupIT using Java 21.0.12.1 with PID 71523 (started by jordib in /Users/jordib/dev/agilityhub/agilityhub-core-api)
2026-09-24T09:14:56.263+02:00  INFO 71523 --- [agilityhub-core-api] [           main] c.a.core.clubs.census.api.SignupIT       : The following 1 profile is active: "test"
2026-09-24T09:14:56.551+02:00  INFO 71523 --- [agilityhub-core-api] [           main] .s.d.r.c.RepositoryConfigurationDelegate : Bootstrapping Spring Data MongoDB repositories in DEFAULT mode.
2026-09-24T09:14:56.568+02:00  INFO 71523 --- [agilityhub-core-api] [           main] .s.d.r.c.RepositoryConfigurationDelegate : Finished Spring Data repository scanning in 16 ms. Found 0 MongoDB repository interfaces.
2026-09-24T09:14:56.597+02:00  INFO 71523 --- [agilityhub-core-api] [           main] org.mongodb.driver.client                : MongoClient with metadata {"driver": {"name": "mongo-java-driver|sync|spring-boot", "version": "5.5.2"}, "os": {"type": "Darwin", "name": "Mac OS X", "architecture": "aarch64", "version": "26.4.1"}, "platform": "Java/Homebrew/21.0.12.1"} created with settings MongoClientSettings{readPreference=primary, writeConcern=WriteConcern{w=null, wTimeout=null ms, journal=null}, retryWrites=true, retryReads=true, readConcern=ReadConcern{level=null}, credential=null, transportSettings=null, commandListeners=[io.micrometer.core.instrument.binder.mongodb.MongoMetricsCommandListener@38ba4f3e], codecRegistry=ProvidersCodecRegistry{codecProviders=[ValueCodecProvider{}, BsonValueCodecProvider{}, DBRefCodecProvider{}, DBObjectCodecProvider{}, DocumentCodecProvider{}, CollectionCodecProvider{}, IterableCodecProvider{}, MapCodecProvider{}, GeoJsonCodecProvider{}, GridFSFileCodecProvider{}, Jsr310CodecProvider{}, JsonObjectCodecProvider{}, BsonCodecProvider{}, EnumCodecProvider{}, com.mongodb.client.model.mql.ExpressionCodecProvider@736a8aea, com.mongodb.Jep395RecordCodecProvider@504b4a97, com.mongodb.KotlinCodecProvider@4964d801]}, loggerSettings=LoggerSettings{maxDocumentLength=1000}, clusterSettings={hosts=[localhost:62367], srvServiceName=mongodb, mode=SINGLE, requiredClusterType=UNKNOWN, requiredReplicaSetName='null', serverSelector='null', clusterListeners='[]', serverSelectionTimeout='30000 ms', localThreshold='15 ms'}, socketSettings=SocketSettings{connectTimeoutMS=10000, readTimeoutMS=0, receiveBufferSize=0, proxySettings=ProxySettings{host=null, port=null, username=null, password=null}}, heartbeatSocketSettings=SocketSettings{connectTimeoutMS=10000, readTimeoutMS=10000, receiveBufferSize=0, proxySettings=ProxySettings{host=null, port=null, username=null, password=null}}, connectionPoolSettings=ConnectionPoolSettings{maxSize=100, minSize=0, maxWaitTimeMS=120000, maxConnectionLifeTimeMS=0, maxConnectionIdleTimeMS=0, maintenanceInitialDelayMS=0, maintenanceFrequencyMS=60000, connectionPoolListeners=[io.micrometer.core.instrument.binder.mongodb.MongoMetricsConnectionPoolListener@6e187d25], maxConnecting=2}, serverSettings=ServerSettings{heartbeatFrequencyMS=10000, minHeartbeatFrequencyMS=500, serverMonitoringMode=AUTO, serverListeners='[]', serverMonitorListeners='[]'}, sslSettings=SslSettings{enabled=false, invalidHostNameAllowed=false, context=null}, applicationName='null', compressorList=[], uuidRepresentation=JAVA_LEGACY, serverApi=null, autoEncryptionSettings=null, dnsClient=null, inetAddressResolver=null, contextProvider=null, timeoutMS=null}
2026-09-24T09:14:56.599+02:00  INFO 71523 --- [agilityhub-core-api] [localhost:62367] org.mongodb.driver.cluster               : Monitor thread successfully connected to server with description ServerDescription{address=localhost:62367, type=REPLICA_SET_PRIMARY, cryptd=false, state=CONNECTED, ok=true, minWireVersion=0, maxWireVersion=21, maxDocumentSize=16777216, logicalSessionTimeoutMinutes=30, roundTripTimeNanos=1553083, minRoundTripTimeNanos=0, setName='docker-rs', canonicalAddress=5f19055b5854:27017, hosts=[5f19055b5854:27017], passives=[], arbiters=[], primary='5f19055b5854:27017', tagSet=TagSet{[]}, electionId=7fffffff0000000000000001, setVersion=1, topologyVersion=TopologyVersion{processId=6ab4cdbb5746289eee27e36f, counter=6}, lastWriteDate=Thu Sep 24 09:14:56 CEST 2026, lastUpdateTimeNanos=97245421389416}
2026-09-24T09:14:57.103+02:00  INFO 71523 --- [agilityhub-core-api] [           main] o.s.b.t.m.w.SpringBootMockServletContext : Initializing Spring TestDispatcherServlet ''
2026-09-24T09:14:57.103+02:00  INFO 71523 --- [agilityhub-core-api] [           main] o.s.t.web.servlet.TestDispatcherServlet  : Initializing Servlet ''
2026-09-24T09:14:57.103+02:00  INFO 71523 --- [agilityhub-core-api] [           main] o.s.t.web.servlet.TestDispatcherServlet  : Completed initialization in 0 ms
2026-09-24T09:14:57.110+02:00  INFO 71523 --- [agilityhub-core-api] [           main] c.a.core.clubs.census.api.SignupIT       : Started SignupIT in 0.853 seconds (process running for 54.126)
E5-T07 outbox backlog discarded before SignupIT: 652 PENDING records (more than one dispatch() batch)
2026-09-24T09:14:57.156+02:00  INFO 71523 --- [agilityhub-core-api] [           main] c.a.core.shared.api.IdempotencyFilter    : Signup honeypot traceId=7f372705-e880-43db-9874-088acf7c48cc clubId=sgn-859250f4-ca6a-4604-930b-416c155a5d7a ipHash=lhCJdHHSekczATUDvWoBA2wfvkxjRxkqQp3nv1_DR48
2026-09-24T09:14:58.385+02:00  WARN 71523 --- [agilityhub-core-api] [           main] c.a.core.shared.api.ApiExceptionHandler  : Framework request rejected code=VALIDATION_ERROR traceId=9ef1afc4-9b3d-44d3-956d-ccd126bac1a3
2026-09-24T09:14:58.388+02:00  INFO 71523 --- [agilityhub-core-api] [           main] c.a.core.shared.api.IdempotencyFilter    : Signup honeypot traceId=bbf886a0-f470-4ef8-96c8-15a0cbb9a4a1 clubId=sgn-6735b59d-bf01-4598-9be1-0287c67daab3 ipHash=lhCJdHHSekczATUDvWoBA2wfvkxjRxkqQp3nv1_DR48
2026-09-24T09:14:58.389+02:00  INFO 71523 --- [agilityhub-core-api] [           main] c.a.core.shared.api.IdempotencyFilter    : Signup honeypot traceId=053c5b6b-5e7f-4b65-84ed-b6fb534c1737 clubId=sgn-6735b59d-bf01-4598-9be1-0287c67daab3 ipHash=lhCJdHHSekczATUDvWoBA2wfvkxjRxkqQp3nv1_DR48
2026-09-24T09:14:58.389+02:00  INFO 71523 --- [agilityhub-core-api] [           main] c.a.core.shared.api.IdempotencyFilter    : Signup honeypot traceId=be6ce3c3-de1e-4a78-b1ff-d119f62a28f0 clubId=sgn-6735b59d-bf01-4598-9be1-0287c67daab3 ipHash=lhCJdHHSekczATUDvWoBA2wfvkxjRxkqQp3nv1_DR48
2026-09-24T09:14:58.390+02:00  INFO 71523 --- [agilityhub-core-api] [           main] c.a.core.shared.api.IdempotencyFilter    : Signup honeypot traceId=17a94087-30ca-47c4-9ae5-5e031ff92215 clubId=sgn-6735b59d-bf01-4598-9be1-0287c67daab3 ipHash=lhCJdHHSekczATUDvWoBA2wfvkxjRxkqQp3nv1_DR48
2026-09-24T09:14:58.391+02:00  INFO 71523 --- [agilityhub-core-api] [           main] c.a.core.shared.api.IdempotencyFilter    : Signup honeypot traceId=f392e59a-3e8a-4944-bf86-78942259dc92 clubId=sgn-6735b59d-bf01-4598-9be1-0287c67daab3 ipHash=lhCJdHHSekczATUDvWoBA2wfvkxjRxkqQp3nv1_DR48
2026-09-24T09:14:58.391+02:00  INFO 71523 --- [agilityhub-core-api] [           main] c.a.core.shared.api.IdempotencyFilter    : Signup honeypot traceId=9d10cce6-f038-4f39-8498-fa783220f6dd clubId=sgn-6735b59d-bf01-4598-9be1-0287c67daab3 ipHash=lhCJdHHSekczATUDvWoBA2wfvkxjRxkqQp3nv1_DR48
2026-09-24T09:14:58.392+02:00  INFO 71523 --- [agilityhub-core-api] [           main] c.a.core.shared.api.IdempotencyFilter    : Signup honeypot traceId=82e24b67-1b93-40ef-9dff-f314c8df37a5 clubId=sgn-6735b59d-bf01-4598-9be1-0287c67daab3 ipHash=lhCJdHHSekczATUDvWoBA2wfvkxjRxkqQp3nv1_DR48
2026-09-24T09:14:58.392+02:00  INFO 71523 --- [agilityhub-core-api] [           main] c.a.core.shared.api.IdempotencyFilter    : Signup honeypot traceId=0bd3dc5d-2982-46ce-b942-401f933aa2a1 clubId=sgn-6735b59d-bf01-4598-9be1-0287c67daab3 ipHash=lhCJdHHSekczATUDvWoBA2wfvkxjRxkqQp3nv1_DR48
2026-09-24T09:14:58.392+02:00  INFO 71523 --- [agilityhub-core-api] [           main] c.a.core.shared.api.IdempotencyFilter    : Signup honeypot traceId=a241f839-09cf-4f6a-8f04-fb4d8a5f3841 clubId=sgn-6735b59d-bf01-4598-9be1-0287c67daab3 ipHash=lhCJdHHSekczATUDvWoBA2wfvkxjRxkqQp3nv1_DR48
2026-09-24T09:14:58.393+02:00  INFO 71523 --- [agilityhub-core-api] [           main] c.a.core.shared.api.IdempotencyFilter    : Signup honeypot traceId=d6c8a2f5-b637-4c96-aaf3-b00bb9bd48da clubId=sgn-6735b59d-bf01-4598-9be1-0287c67daab3 ipHash=lhCJdHHSekczATUDvWoBA2wfvkxjRxkqQp3nv1_DR48
2026-09-24T09:14:58.393+02:00  INFO 71523 --- [agilityhub-core-api] [           main] c.a.core.shared.api.IdempotencyFilter    : Signup honeypot traceId=9bff4464-0f8f-4dbf-a70b-b62ffd9f7b07 clubId=sgn-6735b59d-bf01-4598-9be1-0287c67daab3 ipHash=lhCJdHHSekczATUDvWoBA2wfvkxjRxkqQp3nv1_DR48
2026-09-24T09:14:58.394+02:00  INFO 71523 --- [agilityhub-core-api] [           main] c.a.core.shared.api.IdempotencyFilter    : Signup honeypot traceId=118cfd3b-06a0-44c4-91ca-55f542430a76 clubId=sgn-6735b59d-bf01-4598-9be1-0287c67daab3 ipHash=lhCJdHHSekczATUDvWoBA2wfvkxjRxkqQp3nv1_DR48
2026-09-24T09:14:58.394+02:00  INFO 71523 --- [agilityhub-core-api] [           main] c.a.core.shared.api.IdempotencyFilter    : Signup honeypot traceId=eafe82d9-e6b0-4f83-8d12-56e59bb4746a clubId=sgn-6735b59d-bf01-4598-9be1-0287c67daab3 ipHash=lhCJdHHSekczATUDvWoBA2wfvkxjRxkqQp3nv1_DR48
2026-09-24T09:14:58.395+02:00  INFO 71523 --- [agilityhub-core-api] [           main] c.a.core.shared.api.IdempotencyFilter    : Signup honeypot traceId=38e0dab3-9622-451f-be26-df590e3b6b07 clubId=sgn-6735b59d-bf01-4598-9be1-0287c67daab3 ipHash=lhCJdHHSekczATUDvWoBA2wfvkxjRxkqQp3nv1_DR48
2026-09-24T09:14:58.395+02:00  INFO 71523 --- [agilityhub-core-api] [           main] c.a.core.shared.api.IdempotencyFilter    : Signup honeypot traceId=a280f3f5-019f-48e2-a4e9-930b00996584 clubId=sgn-6735b59d-bf01-4598-9be1-0287c67daab3 ipHash=lhCJdHHSekczATUDvWoBA2wfvkxjRxkqQp3nv1_DR48
2026-09-24T09:14:58.396+02:00  INFO 71523 --- [agilityhub-core-api] [           main] c.a.core.shared.api.IdempotencyFilter    : Signup honeypot traceId=a3d0cb88-9648-4f5b-820e-868db6f9303d clubId=sgn-6735b59d-bf01-4598-9be1-0287c67daab3 ipHash=lhCJdHHSekczATUDvWoBA2wfvkxjRxkqQp3nv1_DR48
2026-09-24T09:14:58.396+02:00  INFO 71523 --- [agilityhub-core-api] [           main] c.a.core.shared.api.IdempotencyFilter    : Signup honeypot traceId=d605f4e4-84cb-477c-a1c1-099e84362f5c clubId=sgn-6735b59d-bf01-4598-9be1-0287c67daab3 ipHash=lhCJdHHSekczATUDvWoBA2wfvkxjRxkqQp3nv1_DR48
2026-09-24T09:14:58.397+02:00  INFO 71523 --- [agilityhub-core-api] [           main] c.a.core.shared.api.IdempotencyFilter    : Signup honeypot traceId=a0900122-c332-4e87-be6e-7dac1a48925a clubId=sgn-6735b59d-bf01-4598-9be1-0287c67daab3 ipHash=lhCJdHHSekczATUDvWoBA2wfvkxjRxkqQp3nv1_DR48
2026-09-24T09:14:58.397+02:00  INFO 71523 --- [agilityhub-core-api] [           main] c.a.core.shared.api.IdempotencyFilter    : Signup honeypot traceId=aab2ba5e-8abe-4167-b6d7-b86f380e4434 clubId=sgn-6735b59d-bf01-4598-9be1-0287c67daab3 ipHash=lhCJdHHSekczATUDvWoBA2wfvkxjRxkqQp3nv1_DR48
2026-09-24T09:14:58.408+02:00  INFO 71523 --- [agilityhub-core-api] [           main] c.a.core.shared.api.IdempotencyFilter    : Signup honeypot traceId=65c5a8b8-53d8-4aee-92b5-f653cc50a69e clubId=sgn-0e7bfb5e-5dca-4261-b329-0ff86e229dac ipHash=lhCJdHHSekczATUDvWoBA2wfvkxjRxkqQp3nv1_DR48
2026-09-24T09:14:58.408+02:00  INFO 71523 --- [agilityhub-core-api] [           main] c.a.core.shared.api.IdempotencyFilter    : Signup honeypot traceId=2e8f1c3b-3c7f-4570-870a-68956f659836 clubId=sgn-0e7bfb5e-5dca-4261-b329-0ff86e229dac ipHash=lhCJdHHSekczATUDvWoBA2wfvkxjRxkqQp3nv1_DR48
2026-09-24T09:14:58.409+02:00  INFO 71523 --- [agilityhub-core-api] [           main] c.a.core.shared.api.IdempotencyFilter    : Signup honeypot traceId=1e9ec8ac-e78e-4547-a312-776fc9c02801 clubId=sgn-0e7bfb5e-5dca-4261-b329-0ff86e229dac ipHash=lhCJdHHSekczATUDvWoBA2wfvkxjRxkqQp3nv1_DR48
2026-09-24T09:14:58.409+02:00  INFO 71523 --- [agilityhub-core-api] [           main] c.a.core.shared.api.IdempotencyFilter    : Signup honeypot traceId=f3b85984-6b9a-49dd-a7d0-402e2d1f24a7 clubId=sgn-0e7bfb5e-5dca-4261-b329-0ff86e229dac ipHash=lhCJdHHSekczATUDvWoBA2wfvkxjRxkqQp3nv1_DR48
2026-09-24T09:14:58.410+02:00  INFO 71523 --- [agilityhub-core-api] [           main] c.a.core.shared.api.IdempotencyFilter    : Signup honeypot traceId=acaea2bd-1bb5-49d6-96c9-dc5f1f0d9c45 clubId=sgn-0e7bfb5e-5dca-4261-b329-0ff86e229dac ipHash=lhCJdHHSekczATUDvWoBA2wfvkxjRxkqQp3nv1_DR48
E5-T07 outbox backlog discarded before SignupIT: 158 PENDING records (more than one dispatch() batch)
[INFO] Tests run: 31, Failures: 0, Errors: 0, Skipped: 0, Time elapsed: 4.706 s -- in com.agilityhub.core.clubs.census.api.SignupIT
[INFO] Running com.agilityhub.core.clubs.bookings.api.WaitlistIT
2026-09-24T09:15:00.927+02:00  INFO 71523 --- [agilityhub-core-api] [           main] t.c.s.AnnotationConfigContextLoaderUtils : Could not detect default configuration classes for test class [com.agilityhub.core.clubs.bookings.api.WaitlistIT]: WaitlistIT does not declare any static, non-private, non-final, nested classes annotated with @Configuration.
2026-09-24T09:15:00.948+02:00  INFO 71523 --- [agilityhub-core-api] [           main] .b.t.c.SpringBootTestContextBootstrapper : Found @SpringBootConfiguration com.agilityhub.core.CoreApplication for test class com.agilityhub.core.clubs.bookings.api.WaitlistIT

  .   ____          _            __ _ _
 /\\ / ___'_ __ _ _(_)_ __  __ _ \ \ \ \
( ( )\___ | '_ | '_| | '_ \/ _` | \ \ \ \
 \\/  ___)| |_)| | | | | || (_| |  ) ) ) )
  '  |____| .__|_| |_|_| |_\__, | / / / /
 =========|_|==============|___/=/_/_/_/

 :: Spring Boot ::               (v3.5.16)

2026-09-24T09:15:00.954+02:00  INFO 71523 --- [agilityhub-core-api] [           main] c.a.core.clubs.bookings.api.WaitlistIT   : Starting WaitlistIT using Java 21.0.12.1 with PID 71523 (started by jordib in /Users/jordib/dev/agilityhub/agilityhub-core-api)
2026-09-24T09:15:00.954+02:00  INFO 71523 --- [agilityhub-core-api] [           main] c.a.core.clubs.bookings.api.WaitlistIT   : The following 1 profile is active: "test"
2026-09-24T09:15:01.094+02:00  INFO 71523 --- [agilityhub-core-api] [           main] .s.d.r.c.RepositoryConfigurationDelegate : Bootstrapping Spring Data MongoDB repositories in DEFAULT mode.
2026-09-24T09:15:01.122+02:00  INFO 71523 --- [agilityhub-core-api] [           main] .s.d.r.c.RepositoryConfigurationDelegate : Finished Spring Data repository scanning in 27 ms. Found 0 MongoDB repository interfaces.
2026-09-24T09:15:01.145+02:00  INFO 71523 --- [agilityhub-core-api] [           main] org.mongodb.driver.client                : MongoClient with metadata {"driver": {"name": "mongo-java-driver|sync|spring-boot", "version": "5.5.2"}, "os": {"type": "Darwin", "name": "Mac OS X", "architecture": "aarch64", "version": "26.4.1"}, "platform": "Java/Homebrew/21.0.12.1"} created with settings MongoClientSettings{readPreference=primary, writeConcern=WriteConcern{w=null, wTimeout=null ms, journal=null}, retryWrites=true, retryReads=true, readConcern=ReadConcern{level=null}, credential=null, transportSettings=null, commandListeners=[io.micrometer.core.instrument.binder.mongodb.MongoMetricsCommandListener@752f1966], codecRegistry=ProvidersCodecRegistry{codecProviders=[ValueCodecProvider{}, BsonValueCodecProvider{}, DBRefCodecProvider{}, DBObjectCodecProvider{}, DocumentCodecProvider{}, CollectionCodecProvider{}, IterableCodecProvider{}, MapCodecProvider{}, GeoJsonCodecProvider{}, GridFSFileCodecProvider{}, Jsr310CodecProvider{}, JsonObjectCodecProvider{}, BsonCodecProvider{}, EnumCodecProvider{}, com.mongodb.client.model.mql.ExpressionCodecProvider@736a8aea, com.mongodb.Jep395RecordCodecProvider@504b4a97, com.mongodb.KotlinCodecProvider@4964d801]}, loggerSettings=LoggerSettings{maxDocumentLength=1000}, clusterSettings={hosts=[localhost:62367], srvServiceName=mongodb, mode=SINGLE, requiredClusterType=UNKNOWN, requiredReplicaSetName='null', serverSelector='null', clusterListeners='[]', serverSelectionTimeout='30000 ms', localThreshold='15 ms'}, socketSettings=SocketSettings{connectTimeoutMS=10000, readTimeoutMS=0, receiveBufferSize=0, proxySettings=ProxySettings{host=null, port=null, username=null, password=null}}, heartbeatSocketSettings=SocketSettings{connectTimeoutMS=10000, readTimeoutMS=10000, receiveBufferSize=0, proxySettings=ProxySettings{host=null, port=null, username=null, password=null}}, connectionPoolSettings=ConnectionPoolSettings{maxSize=100, minSize=0, maxWaitTimeMS=120000, maxConnectionLifeTimeMS=0, maxConnectionIdleTimeMS=0, maintenanceInitialDelayMS=0, maintenanceFrequencyMS=60000, connectionPoolListeners=[io.micrometer.core.instrument.binder.mongodb.MongoMetricsConnectionPoolListener@64f255bb], maxConnecting=2}, serverSettings=ServerSettings{heartbeatFrequencyMS=10000, minHeartbeatFrequencyMS=500, serverMonitoringMode=AUTO, serverListeners='[]', serverMonitorListeners='[]'}, sslSettings=SslSettings{enabled=false, invalidHostNameAllowed=false, context=null}, applicationName='null', compressorList=[], uuidRepresentation=JAVA_LEGACY, serverApi=null, autoEncryptionSettings=null, dnsClient=null, inetAddressResolver=null, contextProvider=null, timeoutMS=null}
2026-09-24T09:15:01.147+02:00  INFO 71523 --- [agilityhub-core-api] [localhost:62367] org.mongodb.driver.cluster               : Monitor thread successfully connected to server with description ServerDescription{address=localhost:62367, type=REPLICA_SET_PRIMARY, cryptd=false, state=CONNECTED, ok=true, minWireVersion=0, maxWireVersion=21, maxDocumentSize=16777216, logicalSessionTimeoutMinutes=30, roundTripTimeNanos=1428375, minRoundTripTimeNanos=0, setName='docker-rs', canonicalAddress=5f19055b5854:27017, hosts=[5f19055b5854:27017], passives=[], arbiters=[], primary='5f19055b5854:27017', tagSet=TagSet{[]}, electionId=7fffffff0000000000000001, setVersion=1, topologyVersion=TopologyVersion{processId=6ab4cdbb5746289eee27e36f, counter=6}, lastWriteDate=Thu Sep 24 09:15:00 CEST 2026, lastUpdateTimeNanos=97249968815791}
2026-09-24T09:15:01.487+02:00  INFO 71523 --- [agilityhub-core-api] [           main] o.s.b.t.m.w.SpringBootMockServletContext : Initializing Spring TestDispatcherServlet ''
2026-09-24T09:15:01.487+02:00  INFO 71523 --- [agilityhub-core-api] [           main] o.s.t.web.servlet.TestDispatcherServlet  : Initializing Servlet ''
2026-09-24T09:15:01.487+02:00  INFO 71523 --- [agilityhub-core-api] [           main] o.s.t.web.servlet.TestDispatcherServlet  : Completed initialization in 0 ms
2026-09-24T09:15:01.493+02:00  INFO 71523 --- [agilityhub-core-api] [           main] c.a.core.clubs.bookings.api.WaitlistIT   : Started WaitlistIT in 0.544 seconds (process running for 58.508)
[INFO] Tests run: 9, Failures: 0, Errors: 0, Skipped: 0, Time elapsed: 4.307 s -- in com.agilityhub.core.clubs.bookings.api.WaitlistIT
[INFO] Running com.agilityhub.core.clubs.bookings.api.BookingsIT
2026-09-24T09:15:05.235+02:00  INFO 71523 --- [agilityhub-core-api] [           main] t.c.s.AnnotationConfigContextLoaderUtils : Could not detect default configuration classes for test class [com.agilityhub.core.clubs.bookings.api.BookingsIT]: BookingsIT does not declare any static, non-private, non-final, nested classes annotated with @Configuration.
2026-09-24T09:15:05.236+02:00  INFO 71523 --- [agilityhub-core-api] [           main] .b.t.c.SpringBootTestContextBootstrapper : Found @SpringBootConfiguration com.agilityhub.core.CoreApplication for test class com.agilityhub.core.clubs.bookings.api.BookingsIT
2026-09-24T09:15:06.403+02:00  INFO 71523 --- [agilityhub-core-api] [           main] c.a.c.c.b.application.BookingEvents      : Booking blocked operation=hold class=s08-fri account=s08-laura traceId=1afa2992-7ea4-4547-8c97-1f2220da0ae6
2026-09-24T09:15:06.412+02:00  INFO 71523 --- [agilityhub-core-api] [           main] c.a.c.c.b.application.BookingEvents      : Booking blocked operation=confirm class=s08-thu account=s08-laura traceId=ddc1201f-7baa-43ec-95d6-7fa34af4c4bd
2026-09-24T09:15:06.416+02:00  INFO 71523 --- [agilityhub-core-api] [           main] c.a.c.c.b.application.BookingEvents      : Booking blocked operation=hold class=s08-fri account=s08-joan traceId=00b36c08-7e5c-49a2-83f6-182fd0fdee1e
2026-09-24T09:15:06.421+02:00  INFO 71523 --- [agilityhub-core-api] [           main] c.a.c.c.b.application.BookingEvents      : Booking blocked operation=hold class=s08-fri account=s08-laura traceId=b9b77ca2-56ce-4a41-83d2-8bb9c91c5ce8
2026-09-24T09:15:08.336+02:00  WARN 71523 --- [agilityhub-core-api] [           main] c.a.c.c.b.application.BookingConsumers   : Class s08-wed cancelled by the club still has 1 live bookings
[INFO] Tests run: 15, Failures: 0, Errors: 0, Skipped: 0, Time elapsed: 3.803 s -- in com.agilityhub.core.clubs.bookings.api.BookingsIT
[INFO] Running com.agilityhub.core.clubs.activities.application.ActivityIT
2026-09-24T09:15:09.040+02:00  INFO 71523 --- [agilityhub-core-api] [           main] t.c.s.AnnotationConfigContextLoaderUtils : Could not detect default configuration classes for test class [com.agilityhub.core.clubs.activities.application.ActivityIT]: ActivityIT does not declare any static, non-private, non-final, nested classes annotated with @Configuration.
2026-09-24T09:15:09.059+02:00  INFO 71523 --- [agilityhub-core-api] [           main] .b.t.c.SpringBootTestContextBootstrapper : Found @SpringBootConfiguration com.agilityhub.core.CoreApplication for test class com.agilityhub.core.clubs.activities.application.ActivityIT

  .   ____          _            __ _ _
 /\\ / ___'_ __ _ _(_)_ __  __ _ \ \ \ \
( ( )\___ | '_ | '_| | '_ \/ _` | \ \ \ \
 \\/  ___)| |_)| | | | | || (_| |  ) ) ) )
  '  |____| .__|_| |_|_| |_\__, | / / / /
 =========|_|==============|___/=/_/_/_/

 :: Spring Boot ::               (v3.5.16)

2026-09-24T09:15:09.064+02:00  INFO 71523 --- [agilityhub-core-api] [           main] c.a.c.c.a.application.ActivityIT         : Starting ActivityIT using Java 21.0.12.1 with PID 71523 (started by jordib in /Users/jordib/dev/agilityhub/agilityhub-core-api)
2026-09-24T09:15:09.064+02:00  INFO 71523 --- [agilityhub-core-api] [           main] c.a.c.c.a.application.ActivityIT         : The following 1 profile is active: "test"
2026-09-24T09:15:09.213+02:00  INFO 71523 --- [agilityhub-core-api] [           main] .s.d.r.c.RepositoryConfigurationDelegate : Bootstrapping Spring Data MongoDB repositories in DEFAULT mode.
2026-09-24T09:15:09.229+02:00  INFO 71523 --- [agilityhub-core-api] [           main] .s.d.r.c.RepositoryConfigurationDelegate : Finished Spring Data repository scanning in 15 ms. Found 0 MongoDB repository interfaces.
2026-09-24T09:15:09.252+02:00  INFO 71523 --- [agilityhub-core-api] [           main] org.mongodb.driver.client                : MongoClient with metadata {"driver": {"name": "mongo-java-driver|sync|spring-boot", "version": "5.5.2"}, "os": {"type": "Darwin", "name": "Mac OS X", "architecture": "aarch64", "version": "26.4.1"}, "platform": "Java/Homebrew/21.0.12.1"} created with settings MongoClientSettings{readPreference=primary, writeConcern=WriteConcern{w=null, wTimeout=null ms, journal=null}, retryWrites=true, retryReads=true, readConcern=ReadConcern{level=null}, credential=null, transportSettings=null, commandListeners=[io.micrometer.core.instrument.binder.mongodb.MongoMetricsCommandListener@1ff81fcb], codecRegistry=ProvidersCodecRegistry{codecProviders=[ValueCodecProvider{}, BsonValueCodecProvider{}, DBRefCodecProvider{}, DBObjectCodecProvider{}, DocumentCodecProvider{}, CollectionCodecProvider{}, IterableCodecProvider{}, MapCodecProvider{}, GeoJsonCodecProvider{}, GridFSFileCodecProvider{}, Jsr310CodecProvider{}, JsonObjectCodecProvider{}, BsonCodecProvider{}, EnumCodecProvider{}, com.mongodb.client.model.mql.ExpressionCodecProvider@736a8aea, com.mongodb.Jep395RecordCodecProvider@504b4a97, com.mongodb.KotlinCodecProvider@4964d801]}, loggerSettings=LoggerSettings{maxDocumentLength=1000}, clusterSettings={hosts=[localhost:62367], srvServiceName=mongodb, mode=SINGLE, requiredClusterType=UNKNOWN, requiredReplicaSetName='null', serverSelector='null', clusterListeners='[]', serverSelectionTimeout='30000 ms', localThreshold='15 ms'}, socketSettings=SocketSettings{connectTimeoutMS=10000, readTimeoutMS=0, receiveBufferSize=0, proxySettings=ProxySettings{host=null, port=null, username=null, password=null}}, heartbeatSocketSettings=SocketSettings{connectTimeoutMS=10000, readTimeoutMS=10000, receiveBufferSize=0, proxySettings=ProxySettings{host=null, port=null, username=null, password=null}}, connectionPoolSettings=ConnectionPoolSettings{maxSize=100, minSize=0, maxWaitTimeMS=120000, maxConnectionLifeTimeMS=0, maxConnectionIdleTimeMS=0, maintenanceInitialDelayMS=0, maintenanceFrequencyMS=60000, connectionPoolListeners=[io.micrometer.core.instrument.binder.mongodb.MongoMetricsConnectionPoolListener@55f9f474], maxConnecting=2}, serverSettings=ServerSettings{heartbeatFrequencyMS=10000, minHeartbeatFrequencyMS=500, serverMonitoringMode=AUTO, serverListeners='[]', serverMonitorListeners='[]'}, sslSettings=SslSettings{enabled=false, invalidHostNameAllowed=false, context=null}, applicationName='null', compressorList=[], uuidRepresentation=JAVA_LEGACY, serverApi=null, autoEncryptionSettings=null, dnsClient=null, inetAddressResolver=null, contextProvider=null, timeoutMS=null}
2026-09-24T09:15:09.254+02:00  INFO 71523 --- [agilityhub-core-api] [localhost:62367] org.mongodb.driver.cluster               : Monitor thread successfully connected to server with description ServerDescription{address=localhost:62367, type=REPLICA_SET_PRIMARY, cryptd=false, state=CONNECTED, ok=true, minWireVersion=0, maxWireVersion=21, maxDocumentSize=16777216, logicalSessionTimeoutMinutes=30, roundTripTimeNanos=1354708, minRoundTripTimeNanos=0, setName='docker-rs', canonicalAddress=5f19055b5854:27017, hosts=[5f19055b5854:27017], passives=[], arbiters=[], primary='5f19055b5854:27017', tagSet=TagSet{[]}, electionId=7fffffff0000000000000001, setVersion=1, topologyVersion=TopologyVersion{processId=6ab4cdbb5746289eee27e36f, counter=6}, lastWriteDate=Thu Sep 24 09:15:09 CEST 2026, lastUpdateTimeNanos=97258075795791}
2026-09-24T09:15:09.589+02:00  INFO 71523 --- [agilityhub-core-api] [           main] o.s.b.t.m.w.SpringBootMockServletContext : Initializing Spring TestDispatcherServlet ''
2026-09-24T09:15:09.589+02:00  INFO 71523 --- [agilityhub-core-api] [           main] o.s.t.web.servlet.TestDispatcherServlet  : Initializing Servlet ''
2026-09-24T09:15:09.590+02:00  INFO 71523 --- [agilityhub-core-api] [           main] o.s.t.web.servlet.TestDispatcherServlet  : Completed initialization in 1 ms
2026-09-24T09:15:09.595+02:00  INFO 71523 --- [agilityhub-core-api] [           main] c.a.c.c.a.application.ActivityIT         : Started ActivityIT in 0.535 seconds (process running for 66.61)
2026-09-24T09:15:13.519+02:00  WARN 71523 --- [agilityhub-core-api] [           main] c.a.core.shared.api.ApiExceptionHandler  : Framework request rejected code=VALIDATION_ERROR traceId=d8a1519f-6e72-47c9-bbfb-289344ad48ab
[INFO] Tests run: 24, Failures: 0, Errors: 0, Skipped: 0, Time elapsed: 7.753 s -- in com.agilityhub.core.clubs.activities.application.ActivityIT
[INFO] 
[INFO] Results:
[INFO] 
[INFO] Tests run: 114, Failures: 0, Errors: 0, Skipped: 0
[INFO] 
[INFO] 
[INFO] --- failsafe:3.5.6:verify (default) @ agilityhub-core-api ---
[INFO] 
[INFO] --- jacoco:0.8.14:report (coverage) @ agilityhub-core-api ---
[INFO] Skipping JaCoCo execution because property jacoco.skip is set.
[INFO] 
[INFO] --- jacoco:0.8.14:check (coverage) @ agilityhub-core-api ---
[INFO] Skipping JaCoCo execution because property jacoco.skip is set.
[INFO] ------------------------------------------------------------------------
[INFO] BUILD SUCCESS
[INFO] ------------------------------------------------------------------------
[INFO] Total time:  01:15 min
[INFO] Finished at: 2026-09-24T09:15:17+02:00
[INFO] ------------------------------------------------------------------------
