23:20:36.978 [main] INFO org.testcontainers.images.PullPolicy -- Image pull policy will be performed by: DefaultPullPolicy()
23:20:36.981 [main] INFO org.testcontainers.utility.ImageNameSubstitutor -- Image name substitution will be performed by: DefaultImageNameSubstitutor (composite of 'ConfigurationFileImageNameSubstitutor' and 'PrefixingImageNameSubstitutor')
23:20:36.988 [main] INFO org.testcontainers.DockerClientFactory -- Testcontainers version: 1.21.4
23:20:37.359 [main] INFO org.testcontainers.dockerclient.DockerClientProviderStrategy -- Found Docker environment with local Unix socket (unix:///var/run/docker.sock)
23:20:37.360 [main] INFO org.testcontainers.DockerClientFactory -- Docker host IP address is localhost
23:20:37.371 [main] INFO org.testcontainers.DockerClientFactory -- Connected to docker:
  Server Version: 29.7.2
  API Version: 1.55
  Operating System: Docker Desktop
  Total Memory: 7931 MB
  Labels:
    com.docker.desktop.address=unix:///Users/jordib/Library/Containers/com.docker.docker/Data/docker-cli.sock
23:20:37.438 [main] INFO tc.testcontainers/ryuk:0.12.0 -- Creating container for image: testcontainers/ryuk:0.12.0
23:20:37.581 [main] INFO org.testcontainers.utility.RegistryAuthLocator -- Credential helper/store (docker-credential-desktop) does not have credentials for https://index.docker.io/v1/
23:20:37.672 [main] INFO tc.testcontainers/ryuk:0.12.0 -- Container testcontainers/ryuk:0.12.0 is starting: e58f0d…[truncated]
23:20:37.837 [main] INFO tc.testcontainers/ryuk:0.12.0 -- Container testcontainers/ryuk:0.12.0 started in PT0.399363S
23:20:37.842 [main] INFO org.testcontainers.utility.RyukResourceReaper -- Ryuk started - will monitor and terminate Testcontainers containers on JVM exit
23:20:37.842 [main] INFO org.testcontainers.DockerClientFactory -- Checking the system...
23:20:37.842 [main] INFO org.testcontainers.DockerClientFactory -- ✔︎ Docker server version should be at least 1.6.0
23:20:37.843 [main] INFO tc.mongo:7 -- Creating container for image: mongo:7
23:20:37.884 [main] INFO tc.mongo:7 -- Container mongo:7 is starting: bf75d4…[truncated]
23:20:38.425 [main] INFO tc.mongo:7 -- Container mongo:7 started in PT0.581975S
23:20:39.001 [main] INFO org.springframework.test.context.support.AnnotationConfigContextLoaderUtils -- Could not detect default configuration classes for test class [com.agilityhub.core.configuration.E3ContractIT]: E3ContractIT does not declare any static, non-private, non-final, nested classes annotated with @Configuration.
23:20:39.107 [main] INFO org.springframework.boot.test.context.SpringBootTestContextBootstrapper -- Found @SpringBootConfiguration com.agilityhub.core.CoreApplication for test class com.agilityhub.core.configuration.E3ContractIT

  .   ____          _            __ _ _
 /\\ / ___'_ __ _ _(_)_ __  __ _ \ \ \ \
( ( )\___ | '_ | '_| | '_ \/ _` | \ \ \ \
 \\/  ___)| |_)| | | | | || (_| |  ) ) ) )
  '  |____| .__|_| |_|_| |_\__, | / / / /
 =========|_|==============|___/=/_/_/_/

 :: Spring Boot ::               (v3.5.16)

2026-09-09T23:20:39.389+02:00  INFO 97680 --- [agilityhub-core-api] [           main] c.a.core.configuration.E3ContractIT      : Starting E3ContractIT using Java 21.0.12.1 with PID 97680 (started by jordib in /Users/jordib/dev/agilityhub/agilityhub-core-api)
2026-09-09T23:20:39.390+02:00  INFO 97680 --- [agilityhub-core-api] [           main] c.a.core.configuration.E3ContractIT      : The following 1 profile is active: "test"
2026-09-09T23:20:40.221+02:00  INFO 97680 --- [agilityhub-core-api] [           main] .s.d.r.c.RepositoryConfigurationDelegate : Bootstrapping Spring Data MongoDB repositories in DEFAULT mode.
2026-09-09T23:20:40.255+02:00  INFO 97680 --- [agilityhub-core-api] [           main] .s.d.r.c.RepositoryConfigurationDelegate : Finished Spring Data repository scanning in 30 ms. Found 0 MongoDB repository interfaces.
2026-09-09T23:20:40.688+02:00  INFO 97680 --- [agilityhub-core-api] [           main] org.mongodb.driver.client                : MongoClient with metadata {"driver": {"name": "mongo-java-driver|sync|spring-boot", "version": "5.5.2"}, "os": {"type": "Darwin", "name": "Mac OS X", "architecture": "aarch64", "version": "26.4.1"}, "platform": "Java/Homebrew/21.0.12.1"} created with settings MongoClientSettings{readPreference=primary, writeConcern=WriteConcern{w=null, wTimeout=null ms, journal=null}, retryWrites=true, retryReads=true, readConcern=ReadConcern{level=null}, credential=null, transportSettings=null, commandListeners=[io.micrometer.core.instrument.binder.mongodb.MongoMetricsCommandListener@74a…[truncated]], codecRegistry=ProvidersCodecRegistry{codecProviders=[ValueCodecProvider{}, BsonValueCodecProvider{}, DBRefCodecProvider{}, DBObjectCodecProvider{}, DocumentCodecProvider{}, CollectionCodecProvider{}, IterableCodecProvider{}, MapCodecProvider{}, GeoJsonCodecProvider{}, GridFSFileCodecProvider{}, Jsr310CodecProvider{}, JsonObjectCodecProvider{}, BsonCodecProvider{}, EnumCodecProvider{}, com.mongodb.client.model.mql.ExpressionCodecProvider@2ba…[truncated]…[truncated], com.mongodb.Jep395RecordCodecProvider@593…[truncated]…[truncated], com.mongodb.KotlinCodecProvider@4fd…[truncated]…[truncated]]}, loggerSettings=LoggerSettings{maxDocumentLength=1000}, clusterSettings={hosts=[localhost:56554], srvServiceName=mongodb, mode=SINGLE, requiredClusterType=UNKNOWN, requiredReplicaSetName='null', serverSelector='null', clusterListeners='[]', serverSelectionTimeout='30000 ms', localThreshold='15 ms'}, socketSettings=SocketSettings{connectTimeoutMS=10000, readTimeoutMS=0, receiveBufferSize=0, proxySettings=ProxySettings{host=null, port=null, username=null, password=null}}, heartbeatSocketSettings=SocketSettings{connectTimeoutMS=10000, readTimeoutMS=10000, receiveBufferSize=0, proxySettings=ProxySettings{host=null, port=null, username=null, password=null}}, connectionPoolSettings=ConnectionPoolSettings{maxSize=100, minSize=0, maxWaitTimeMS=120000, maxConnectionLifeTimeMS=0, maxConnectionIdleTimeMS=0, maintenanceInitialDelayMS=0, maintenanceFrequencyMS=60000, connectionPoolListeners=[io.micrometer.core.instrument.binder.mongodb.MongoMetricsConnectionPoolListener@18a…[truncated]…[truncated]], maxConnecting=2}, serverSettings=ServerSettings{heartbeatFrequencyMS=10000, minHeartbeatFrequencyMS=500, serverMonitoringMode=AUTO, serverListeners='[]', serverMonitorListeners='[]'}, sslSettings=SslSettings{enabled=false, invalidHostNameAllowed=false, context=null}, applicationName='null', compressorList=[], uuidRepresentation=JAVA_LEGACY, serverApi=null, autoEncryptionSettings=null, dnsClient=null, inetAddressResolver=null, contextProvider=null, timeoutMS=null}
2026-09-09T23:20:40.695+02:00  INFO 97680 --- [agilityhub-core-api] [localhost:56554] org.mongodb.driver.cluster               : Monitor thread successfully connected to server with description ServerDescription{address=localhost:56554, type=REPLICA_SET_PRIMARY, cryptd=false, state=CONNECTED, ok=true, minWireVersion=0, maxWireVersion=21, maxDocumentSize=167772…[truncated], logicalSessionTimeoutMinutes=30, roundTripTimeNanos=121174…[truncated], minRoundTripTimeNanos=0, setName='docker-rs', canonicalAddress=bf75d4…[truncated]:27017, hosts=[bf75d4…[truncated]:27017], passives=[], arbiters=[], primary='bf75d4…[truncated]:27017', tagSet=TagSet{[]}, electionId=7fffff…[truncated], setVersion=1, topologyVersion=TopologyVersion{processId=6aa1cd…[truncated], counter=6}, lastWriteDate=Wed Sep 09 23:20:38 CEST 2026, lastUpdateTimeNanos=132723…[truncated]}
2026-09-09T23:20:43.210+02:00  INFO 97680 --- [agilityhub-core-api] [           main] o.s.b.t.m.w.SpringBootMockServletContext : Initializing Spring TestDispatcherServlet ''
2026-09-09T23:20:43.210+02:00  INFO 97680 --- [agilityhub-core-api] [           main] o.s.t.web.servlet.TestDispatcherServlet  : Initializing Servlet ''
2026-09-09T23:20:43.211+02:00  INFO 97680 --- [agilityhub-core-api] [           main] o.s.t.web.servlet.TestDispatcherServlet  : Completed initialization in 1 ms
2026-09-09T23:20:43.240+02:00  INFO 97680 --- [agilityhub-core-api] [           main] c.a.core.configuration.E3ContractIT      : Started E3ContractIT in 4.055 seconds (process running for 7.27)
Mockito is currently self-attaching to enable the inline-mock-maker. This will no longer work in future releases of the JDK. Please add Mockito as an agent to your build as described in Mockito's documentation: https://javadoc.io/doc/org.mockito/mockito-core/latest/org.mockito/org/mockito/Mockito.html#0.3
OpenJDK 64-Bit Server VM warning: Sharing is only supported for boot loader classes because bootstrap classpath has been appended
WARNING: A Java agent has been loaded dynamically (/tmp/e1-t09-maven/repository/net/bytebuddy/byte-buddy-agent/1.17.8/byte-buddy-agent-1.17.8.jar)
WARNING: If a serviceability tool is in use, please run with -XX:+EnableDynamicAgentLoading to hide this warning
WARNING: If a serviceability tool is not in use, please run with -Djdk.instrument.traceUsage for more information
WARNING: Dynamic loading of agents will be disallowed by default in a future release
2026-09-09T23:20:45.783+02:00  INFO 97680 --- [agilityhub-core-api] [           main] o.springdoc.api.AbstractOpenApiResource  : Init duration for springdoc-openapi is: 1005 ms
[ERROR] Tests run: 16, Failures: 1, Errors: 0, Skipped: 0, Time elapsed: 8.973 s <<< FAILURE! -- in com.agilityhub.core.configuration.E3ContractIT
[ERROR] com.agilityhub.core.configuration.E3ContractIT.T_04_25_errorRowHasExactlyTheCanonicalCodesStatusesAndThreeTranslations -- Time elapsed: 0.009 s <<< FAILURE!
org.opentest4j.AssertionFailedError:
[SIGNUP_CLOSED]
expected: 409
 but was: 422
	at com.agilityhub.core.configuration.E3ContractIT.lambda$T_04_25_errorRowHasExactlyTheCanonicalCodesStatusesAndThreeTranslations$13(E3ContractIT.java:210)
	at java.base/java.util.LinkedHashMap.forEach(LinkedHashMap.java:986)
	at com.agilityhub.core.configuration.E3ContractIT.T_04_25_errorRowHasExactlyTheCanonicalCodesStatusesAndThreeTranslations(E3ContractIT.java:210)
	at java.base/java.lang.reflect.Method.invoke(Method.java:580)
	at java.base/java.util.ArrayList.forEach(ArrayList.java:1596)
	at java.base/java.util.ArrayList.forEach(ArrayList.java:1596)

2026-09-09T23:20:45.944+02:00  INFO 97680 --- [agilityhub-core-api] [           main] com.tngtech.archunit.core.PluginLoader   : Detected Java version 21.0.12.1
[ERROR] Failures:
[ERROR]   E3ContractIT.T_04_25_errorRowHasExactlyTheCanonicalCodesStatusesAndThreeTranslations:210->lambda$T_04_25_errorRowHasExactlyTheCanonicalCodesStatusesAndThreeTranslations$13:210 [SIGNUP_CLOSED]
expected: 409
 but was: 422
[ERROR] Tests run: 23, Failures: 1, Errors: 0, Skipped: 0
[ERROR] Failed to execute goal org.apache.maven.plugins:maven-surefire-plugin:3.5.6:test (default-test) on project agilityhub-core-api: There are test failures.
[ERROR]
[ERROR] See /Users/jordib/dev/agilityhub/agilityhub-core-api/target/surefire-reports for the individual test results.
[ERROR] See dump files (if any exist) [date].dump, [date]-jvmRun[N].dump and [date].dumpstream.
[ERROR] -> [Help 1]
[ERROR]
[ERROR] To see the full stack trace of the errors, re-run Maven with the -e switch.
[ERROR] Re-run Maven using the -X switch to enable full debug logging.
[ERROR]
[ERROR] For more information about the errors and possible solutions, please read the following articles:
[ERROR] [Help 1] http://cwiki.apache.org/confluence/display/MAVEN/MojoFailureException
