Starting disposable development build Compose stack
Building the current working tree image
PASS working tree image built
  + catalogs: 34 catalog changes
  + pages: 3 page changes
  15 changes (applied)
PASS club:apply seeds/club-canic.yaml run 1
  = catalogs: 0 catalog changes
  = pages: 0 page changes
  0 changes (applied)
PASS club:apply seeds/club-canic.yaml run 2: 0 changes
  {activeMembers=184, pendingMembers=3, inactiveMembers=4, leftMembers=3, members=194, dogs=246, familyGroups=12, activeDogs=242, pendingDogs=3, inactiveDogs=1, instructors=3, administrators=2, receivedDocuments=7, pendingDocuments=239}
  452 changes (demo seed)
  {templateClasses=39, templates=3, weeks=3, generatedClasses=114, validatedWeeks=2, looseClasses=1, ringBlocks=1, scenarioRingBlocks=1, attendanceHistoryClasses=10, riskCancellations=1, classBookings=23, classWaitlist=3, activities=4, publishedActivities=3, activityRegistrations=44, activityWaitlist=2, activityFiles=2, scenarioActivityRegistrations=1, scenarioClassBookings=18, scenarioCancellations=3, scenarioWaitlist=5, scenarioOffers=0, scenarioRiskExempt=1, scenarioBookingBlocks=1, attendanceRenamed=6, attendanceLevelChanges=1, followupNotes=1, attendanceBookings=34, attendanceWaitlist=1, attendanceMarks=26, attendanceCancellations=2, attendanceNoShowBatches=1, followupTasks=2, followupTaskAttachments=1, followupObservations=1, scenarioTrainingOverrides=1, scenarioTrainingBookings=3, trainingHistoryOverrides=1, trainingHistoryBookings=10}
  376 changes (demo planning, week start 2026-10-12)
PASS seed:demo --club=canic --seed=42 --week-start=2026-10-12 run 1
  {activeMembers=184, pendingMembers=3, inactiveMembers=4, leftMembers=3, members=194, dogs=246, familyGroups=12, activeDogs=242, pendingDogs=3, inactiveDogs=1, instructors=3, administrators=2, receivedDocuments=7, pendingDocuments=239}
  0 changes (demo seed)
  {templateClasses=39, templates=3, weeks=3, generatedClasses=114, validatedWeeks=2, looseClasses=1, ringBlocks=1, scenarioRingBlocks=1, attendanceHistoryClasses=10, riskCancellations=1, classBookings=23, classWaitlist=3, activities=4, publishedActivities=3, activityRegistrations=44, activityWaitlist=2, activityFiles=2, scenarioActivityRegistrations=1, scenarioClassBookings=18, scenarioCancellations=3, scenarioWaitlist=5, scenarioOffers=0, scenarioRiskExempt=1, scenarioBookingBlocks=1, attendanceRenamed=6, attendanceLevelChanges=1, followupNotes=1, attendanceBookings=34, attendanceWaitlist=1, attendanceMarks=26, attendanceCancellations=2, attendanceNoShowBatches=1, followupTasks=2, followupTaskAttachments=1, followupObservations=1, scenarioTrainingOverrides=1, scenarioTrainingBookings=3, trainingHistoryOverrides=1, trainingHistoryBookings=10}
  0 changes (demo planning, week start 2026-10-12)
PASS seed:demo --club=canic --seed=42 --week-start=2026-10-12 run 2: 0 changes
PASS club:apply + seed:demo --seed=42 --week-start (Cànic; x2): second runs 0 changes · week start 2026-10-12 (8+ days ahead)
curl GET /api/v1/health -> 200
PASS API up (scheduler on); fixture clubs activated: canic
curl GET /api/v1/me/dogs -> 200
Member's dog 1ec05235… Taca 6 (ACTIVE)
PASS signed PUT of 20 971 520 bytes video/quicktime -> 204 (fileKey 53aebc1d…)
curl POST /api/v1/tasks -> 201
  201 Task: {"id": "9690e3b0…", "dogId": "1ec05235…", "state": "PENDING", "createdBy": {"accountId": "bffdc9ae…", "role": "INSTRUCTOR", "displayName": "Berta", "gender": null}, "attachments": [{"id": "53aebc1d…", "name": "vídeo_balancí.mov", "mimeType": "video/quicktime", "sizeBytes": 20971520, "url": "/api/v1/attachments/files/53aebc1d…?expires=1790583744&signature=…[truncated]", "uploadedAt": "2026-09-28T08:17:24.300Z"}], "version": 0}
  outbox: {"type": "AttachmentAdded", "status": "PUBLISHED", "payload": {"attachmentId": "53aebc1d…", "entityType": "TASK", "entityId": "9690e3b0…"}}
  outbox: {"type": "TaskCreated", "status": "PUBLISHED", "payload": {"taskId": "9690e3b0…", "dogId": "1ec05235…", "memberId": "ecf708e9…", "textExcerpt": "Practiqueu el balancí amb calma: sessions curtes, i sempre acabant amb un èxit.", "by": {"accountId": "bffdc9ae…", "role": "INSTRUCTOR"}}}
  notification: {"code": "N-20", "channel": "APP", "status": "DELIVERED", "account": "cb2b78ad…", "locale": "ca", "variables": {"instructor_name": "Berta", "task_excerpt": "Practiqueu el balancí amb calma: sessions curtes, i sempre acabant amb un èxit.", "entityId": "1ec05235…", "club_name": "Club Agility Cànic", "audience": "MEMBER", "member_name": "Laia Fictici006", "member_first_name": "Laia", "member_last_names": "Fictici006", "gender": "OTHER", "dog_name": "Taca 6", "dog_name_article": "la Taca 6"}}
  notification: {"code": "N-20", "channel": "EMAIL", "status": "SENT", "account": "cb2b78ad…", "locale": "ca", "variables": {"instructor_name": "Berta", "task_excerpt": "Practiqueu el balancí amb calma: sessions curtes, i sempre acabant amb un èxit.", "entityId": "1ec05235…", "club_name": "Club Agility Cànic", "audience": "MEMBER", "member_name": "Laia Fictici006", "member_first_name": "Laia", "member_last_names": "Fictici006", "gender": "OTHER", "dog_name": "Taca 6", "dog_name_article": "la Taca 6"}}
curl POST /api/v1/attachments/upload-url -> 400 FILE_TOO_LARGE
  400: {"code": "FILE_TOO_LARGE", "message": "El fitxer és massa gran.", "details": {"maxSizeMb": 25}}
curl POST /api/v1/attachments/upload-url -> 400 FILE_TYPE_NOT_ALLOWED
  400: {"code": "FILE_TYPE_NOT_ALLOWED", "message": "Aquest tipus de fitxer no està permès.", "details": {}}
curl POST /api/v1/attachments -> 422 ATTACHMENT_ENTITY_MISMATCH
  422: {"code": "ATTACHMENT_ENTITY_MISMATCH", "message": "L'adjunt no correspon a aquest element.", "details": {}}
PASS attachments 2..10 registered (201 each)
curl POST /api/v1/attachments -> 422 ATTACHMENT_LIMIT_REACHED
  422: {"code": "ATTACHMENT_LIMIT_REACHED", "message": "S'ha arribat al límit d'adjunts.", "details": {"max": 10}}
curl POST /api/v1/tasks/<id>/completion -> 200
  200 Task: {"state": "DONE", "doneAt": "2026-09-28T08:17:32.732Z", "doneBy": {"accountId": null, "role": "MEMBER", "displayName": "Laia", "gender": null}, "version": 1}
  notification: {"code": "N-21", "channel": "APP", "status": "DELIVERED", "account": "bffdc9ae…", "locale": "ca", "variables": {"dog_name": "Taca 6", "member_name": "Laia Fictici006", "gender": "OTHER", "entityId": "1ec05235…", "task_excerpt": "Practiqueu el balancí amb calma: sessions curtes, i sempre acabant amb un èxit.", "club_name": "Club Agility Cànic", "audience": "STAFF", "dog_name_article": "Taca 6"}}
  notification: {"code": "N-21", "channel": "APP", "status": "DELIVERED", "account": "cb91615e…", "locale": "ca", "variables": {"dog_name": "Taca 6", "member_name": "Laia Fictici006", "gender": "OTHER", "entityId": "1ec05235…", "task_excerpt": "Practiqueu el balancí amb calma: sessions curtes, i sempre acabant amb un èxit.", "club_name": "Club Agility Cànic", "audience": "STAFF", "dog_name_article": "Taca 6"}}
  notification: {"code": "N-21", "channel": "APP", "status": "DELIVERED", "account": "e6dc6110…", "locale": "es", "variables": {"dog_name": "Taca 6", "member_name": "Laia Fictici006", "gender": "OTHER", "entityId": "1ec05235…", "task_excerpt": "Practiqueu el balancí amb calma: sessions curtes, i sempre acabant amb un èxit.", "club_name": "Club Agility Cànic", "audience": "STAFF", "dog_name_article": "Taca 6"}}
PASS N-21: 3 APP rows for the 3 active instructors (3 with an account)
curl PUT /api/v1/me/dogs/<id>/instructor-note -> 200
  followup_items MEMBER_NOTE: [{"kind": "MEMBER_NOTE", "authorRole": "MEMBER", "authorName": "Laia", "authorGender": null, "textExcerpt": "A veure si treballem una mica el doble a classe", "activityAt": "2026-09-28T08:17:40.519Z", "hidden": false}]
  outbox MemberNoteChanged: {"status": "PUBLISHED", "dogId": "1ec05235…", "memberId": "ecf708e9…", "author": {"accountId": "cb2b78ad…", "displayName": "Laia", "gender": null}}
  notification: {"code": "N-22", "channel": "APP", "status": "DELIVERED", "account": "bffdc9ae…", "locale": "ca", "variables": {"dog_name": "Taca 6", "member_name": "Laia Fictici006", "gender": "OTHER", "entityId": "1ec05235…", "club_name": "Club Agility Cànic", "audience": "STAFF", "dog_name_article": "Taca 6"}}
  notification: {"code": "N-22", "channel": "APP", "status": "DELIVERED", "account": "cb91615e…", "locale": "ca", "variables": {"dog_name": "Taca 6", "member_name": "Laia Fictici006", "gender": "OTHER", "entityId": "1ec05235…", "club_name": "Club Agility Cànic", "audience": "STAFF", "dog_name_article": "Taca 6"}}
  notification: {"code": "N-22", "channel": "APP", "status": "DELIVERED", "account": "e6dc6110…", "locale": "es", "variables": {"dog_name": "Taca 6", "member_name": "Laia Fictici006", "gender": "OTHER", "entityId": "1ec05235…", "club_name": "Club Agility Cànic", "audience": "STAFF", "dog_name_article": "Taca 6"}}
curl GET /api/v1/followup -> 200
  GET /followup (instructor) first page: [{"kind": "MEMBER_NOTE", "dogName": "Taca 6", "authorName": "Laia", "authorGender": null, "textExcerpt": "A veure si treballem una mica el doble a classe", "unread": true}, {"kind": "MEMBER_NOTE", "dogName": "Mel", "authorName": "Rita", "authorGender": null, "textExcerpt": "La Mel s'espanta amb el túnel llarg: si us plau, comenceu amb el túnel recollit (text fictici).", "unread": true}, {"kind": "TASK", "dogName": "Taca 6", "authorName": "Berta", "authorGender": null, "textExcerpt": "Practiqueu el balancí amb calma: sessions curtes, i sempre acabant amb un èxit.", "unread": false}, {"kind": "TASK", "dogName": "Mel", "authorName": "Berta", "authorGender": null, "textExcerpt": "Tres sessions de quiets d'un minut abans de la classe de dilluns.", "unread": false}, {"kind": "TASK", "dogName": "Mel", "authorName": "Berta", "authorGender": null, "textExcerpt": "Practiqueu el balancí a casa amb calma: sessions curtes, i sempre acabant amb un èxit (vídeo adjunt).", "unread": false}]
curl GET /api/v1/followup -> 200
  GET /followup (admin) first page: [{"kind": "MEMBER_NOTE", "dogName": "Taca 6", "authorName": "Laia", "authorGender": null, "textExcerpt": "A veure si treballem una mica el doble a classe", "unread": true}, {"kind": "TASK", "dogName": "Taca 6", "authorName": "Berta", "authorGender": null, "textExcerpt": "Practiqueu el balancí amb calma: sessions curtes, i sempre acabant amb un èxit.", "unread": true}, {"kind": "TASK", "dogName": "Mel", "authorName": "Berta", "authorGender": null, "textExcerpt": "Tres sessions de quiets d'un minut abans de la classe de dilluns.", "unread": true}, {"kind": "TASK", "dogName": "Mel", "authorName": "Berta", "authorGender": null, "textExcerpt": "Practiqueu el balancí a casa amb calma: sessions curtes, i sempre acabant amb un èxit (vídeo adjunt).", "unread": true}, {"kind": "MEMBER_NOTE", "dogName": "Mel", "authorName": "Rita", "authorGender": null, "textExcerpt": "La Mel s'espanta amb el túnel llarg: si us plau, comenceu amb el túnel recollit (text fictici).", "unread": true}]
curl GET /api/v1/followup/unread-count -> 200
curl GET /api/v1/followup/unread-count -> 200
curl POST /api/v1/followup/read-all -> 204
curl GET /api/v1/followup/unread-count -> 200
curl GET /api/v1/followup/unread-count -> 200
curl GET /api/v1/dashboard/counters -> 200
  unread-count before read-all {'instructor': 2, 'admin': 5}; after the admin's read-all {'instructor': 2, 'admin': 0}; admin's /dashboard/counters.followUpUnread 0
curl POST /api/v1/tasks/<id>/reopening -> 200
curl DELETE /api/v1/attachments/<id> -> 204
  outbox: {"type": "TaskCompleted", "status": "PUBLISHED", "payload": {"taskId": "9690e3b0…", "dogId": "1ec05235…", "memberId": "ecf708e9…", "by": {"accountId": "cb2b78ad…", "role": "MEMBER"}}}
  outbox: {"type": "TaskReopened", "status": "PUBLISHED", "payload": {"taskId": "9690e3b0…", "dogId": "1ec05235…", "by": {"accountId": "bffdc9ae…", "role": "INSTRUCTOR"}}}
  outbox: {"type": "AttachmentRemoved", "status": "PUBLISHED", "payload": {"attachmentId": "53aebc1d…", "entityType": "TASK", "entityId": "9690e3b0…"}}
  attachment after DELETE: {"removedAt": "2026-09-28T08:17:41.741Z", "removedByAccountId": "bffdc9ae…"}
curl GET /api/v1/followup -> 200
  GET /followup?size=50 -> 200, size 50, 5 items
curl GET /api/v1/followup -> 400 INVALID_FILTER
  400: {"code": "INVALID_FILTER", "message": "El filtre no és vàlid.", "details": {}}
PASS E6-T03 manual run
Removed disposable Compose services, volumes and private mailbox; existing stacks preserved
