17:22:23.047 [main] INFO org.springframework.test.context.support.AnnotationConfigContextLoaderUtils -- Could not detect default configuration classes for test class [com.agilityhub.core.configuration.OpenApiSnapshotTest]: OpenApiSnapshotTest does not declare any static, non-private, non-final, nested classes annotated with @Configuration.
17:22:23.511 [main] INFO org.springframework.boot.test.context.SpringBootTestContextBootstrapper -- Found @SpringBootConfiguration com.agilityhub.core.CoreApplication for test class com.agilityhub.core.configuration.OpenApiSnapshotTest
17:22:23.924 [main] INFO org.testcontainers.images.PullPolicy -- Image pull policy will be performed by: DefaultPullPolicy()
17:22:23.929 [main] INFO org.testcontainers.utility.ImageNameSubstitutor -- Image name substitution will be performed by: DefaultImageNameSubstitutor (composite of 'ConfigurationFileImageNameSubstitutor' and 'PrefixingImageNameSubstitutor')
17:22:23.945 [main] INFO org.testcontainers.DockerClientFactory -- Testcontainers version: 1.21.4
17:22:24.517 [main] INFO org.testcontainers.dockerclient.DockerClientProviderStrategy -- Loaded org.testcontainers.dockerclient.UnixSocketClientProviderStrategy from ~/.testcontainers.properties, will try it first
17:22:24.989 [main] INFO org.testcontainers.dockerclient.DockerClientProviderStrategy -- Found Docker environment with local Unix socket (unix:///var/run/docker.sock)
17:22:24.992 [main] INFO org.testcontainers.DockerClientFactory -- Docker host IP address is localhost
17:22:25.025 [main] INFO org.testcontainers.DockerClientFactory -- Connected to docker: 
  Server Version: 29.7.2
  API Version: 1.55
  Operating System: Docker Desktop
  Total Memory: 7931 MB
  Labels: 
    com.docker.desktop.address=unix:///Users/jordib/Library/Containers/com.docker.docker/Data/docker-cli.sock
17:22:25.704 [main] INFO tc.testcontainers/ryuk:0.12.0 -- Creating container for image: testcontainers/ryuk:0.12.0
17:22:25.866 [main] INFO org.testcontainers.utility.RegistryAuthLocator -- Credential helper/store (docker-credential-desktop) does not have credentials for https://index.docker.io/v1/
17:22:26.017 [main] INFO tc.testcontainers/ryuk:0.12.0 -- Container testcontainers/ryuk:0.12.0 is starting: fce6d370a2b3e73ed850d6bc338b8dc660444b821c69120d5e0903b59e700790
17:22:26.390 [main] INFO tc.testcontainers/ryuk:0.12.0 -- Container testcontainers/ryuk:0.12.0 started in PT0.686458S
17:22:26.400 [main] INFO org.testcontainers.utility.RyukResourceReaper -- Ryuk started - will monitor and terminate Testcontainers containers on JVM exit
17:22:26.400 [main] INFO org.testcontainers.DockerClientFactory -- Checking the system...
17:22:26.401 [main] INFO org.testcontainers.DockerClientFactory -- ✔︎ Docker server version should be at least 1.6.0
17:22:26.402 [main] INFO tc.mongo:7 -- Creating container for image: mongo:7
17:22:26.495 [main] INFO tc.mongo:7 -- Container mongo:7 is starting: 8041d659d0e489c318f8ff56d7a25da4f55a3337fd68cee43abe3a646c00c43b
17:22:27.854 [main] INFO tc.mongo:7 -- Container mongo:7 started in PT1.452511S
Integration JVM availableProcessors=18

  .   ____          _            __ _ _
 /\\ / ___'_ __ _ _(_)_ __  __ _ \ \ \ \
( ( )\___ | '_ | '_| | '_ \/ _` | \ \ \ \
 \\/  ___)| |_)| | | | | || (_| |  ) ) ) )
  '  |____| .__|_| |_|_| |_\__, | / / / /
 =========|_|==============|___/=/_/_/_/

 :: Spring Boot ::               (v3.5.16)

2026-10-01T17:22:29.446+02:00 INFO  [main] c.a.c.configuration.OpenApiSnapshotTest traceId= clubId= accountId= : Starting OpenApiSnapshotTest using Java [redacted] with PID 18356 (started by jordib in /Users/jordib/dev/agilityhub/agilityhub-core-api)
2026-10-01T17:22:29.449+02:00 INFO  [main] c.a.c.configuration.OpenApiSnapshotTest traceId= clubId= accountId= : The following 1 profile is active: "test"
2026-10-01T17:22:31.550+02:00 INFO  [main] o.s.d.r.c.RepositoryConfigurationDelegate traceId= clubId= accountId= : Bootstrapping Spring Data MongoDB repositories in DEFAULT mode.
2026-10-01T17:22:31.645+02:00 INFO  [main] o.s.d.r.c.RepositoryConfigurationDelegate traceId= clubId= accountId= : Finished Spring Data repository scanning in 89 ms. Found 0 MongoDB repository interfaces.
2026-10-01T17:22:32.403+02:00 INFO  [main] o.s.b.w.embedded.tomcat.TomcatWebServer traceId= clubId= accountId= : Tomcat initialized with port 0 (http)
2026-10-01T17:22:32.417+02:00 INFO  [main] o.apache.catalina.core.StandardService traceId= clubId= accountId= : Starting service [Tomcat]
2026-10-01T17:22:32.417+02:00 INFO  [main] org.apache.catalina.core.StandardEngine traceId= clubId= accountId= : Starting Servlet engine: [Apache Tomcat/10.1.60]
2026-10-01T17:22:32.464+02:00 INFO  [main] o.a.c.c.C.[Tomcat].[localhost].[/] traceId= clubId= accountId= : Initializing Spring embedded WebApplicationContext
2026-10-01T17:22:32.465+02:00 INFO  [main] o.s.b.w.s.c.ServletWebServerApplicationContext traceId= clubId= accountId= : Root WebApplicationContext: initialization completed in 2998 ms
2026-10-01T17:22:32.659+02:00 INFO  [main] org.mongodb.driver.client traceId= clubId= accountId= : MongoClient with metadata {"driver": {"name": "mongo-java-driver|sync|spring-boot", "version": "5.5.2"}, "os": {"type": "Darwin", "name": "Mac OS X", "architecture": "aarch64", "version": "26.4.1"}, "platform": "Java/Homebrew/[redacted]"} created with settings MongoClientSettings{readPreference=primary, writeConcern=WriteConcern{w=null, wTimeout=null ms, journal=null}, retryWrites=true, retryReads=true, readConcern=ReadConcern{level=null}, credential=null, transportSettings=null, commandListeners=[io.micrometer.core.instrument.binder.mongodb.MongoMetricsCommandListener@67968225], codecRegistry=ProvidersCodecRegistry{codecProviders=[ValueCodecProvider{}, BsonValueCodecProvider{}, DBRefCodecProvider{}, DBObjectCodecProvider{}, DocumentCodecProvider{}, CollectionCodecProvider{}, IterableCodecProvider{}, MapCodecProvider{}, GeoJsonCodecProvider{}, GridFSFileCodecProvider{}, Jsr310CodecProvider{}, JsonObjectCodecProvider{}, BsonCodecProvider{}, EnumCodecProvider{}, com.mongodb.client.model.mql.ExpressionCodecProvider@5d773b96, com.mongodb.Jep395RecordCodecProvider@1c87b428, com.mongodb.KotlinCodecProvider@39c1b088]}, loggerSettings=LoggerSettings{maxDocumentLength=1000}, clusterSettings={hosts=[localhost:53427], srvServiceName=mongodb, mode=SINGLE, requiredClusterType=UNKNOWN, requiredReplicaSetName='null', serverSelector='null', clusterListeners='[]', serverSelectionTimeout='2000 ms', localThreshold='15 ms'}, socketSettings=SocketSettings{connectTimeoutMS=2000, readTimeoutMS=0, receiveBufferSize=0, proxySettings=ProxySettings{host=null, port=null, username=null, [redacted], heartbeatSocketSettings=SocketSettings{connectTimeoutMS=2000, readTimeoutMS=2000, receiveBufferSize=0, proxySettings=ProxySettings{host=null, port=null, username=null, [redacted], connectionPoolSettings=ConnectionPoolSettings{maxSize=100, minSize=0, maxWaitTimeMS=2000, maxConnectionLifeTimeMS=0, maxConnectionIdleTimeMS=0, maintenanceInitialDelayMS=0, maintenanceFrequencyMS=60000, connectionPoolListeners=[io.micrometer.core.instrument.binder.mongodb.MongoMetricsConnectionPoolListener@6a158a3f], maxConnecting=2}, serverSettings=ServerSettings{heartbeatFrequencyMS=10000, minHeartbeatFrequencyMS=500, serverMonitoringMode=AUTO, serverListeners='[]', serverMonitorListeners='[]'}, sslSettings=SslSettings{enabled=false, invalidHostNameAllowed=false, context=null}, applicationName='null', compressorList=[], uuidRepresentation=JAVA_LEGACY, serverApi=null, autoEncryptionSettings=null, dnsClient=null, inetAddressResolver=null, contextProvider=null, timeoutMS=null}
2026-10-01T17:22:32.670+02:00 INFO  [cluster-ClusterId{value='6abe7ab875e518985380330c', description='null'}-localhost:53427] org.mongodb.driver.cluster traceId= clubId= accountId= : Monitor thread successfully connected to server with description ServerDescription{address=localhost:53427, type=REPLICA_SET_PRIMARY, cryptd=false, state=CONNECTED, ok=true, minWireVersion=0, maxWireVersion=21, maxDocumentSize=16777216, logicalSessionTimeoutMinutes=30, roundTripTimeNanos=17157750, minRoundTripTimeNanos=0, setName='docker-rs', canonicalAddress=8041d659d0e4:27017, hosts=[8041d659d0e4:27017], passives=[], arbiters=[], primary='8041d659d0e4:27017', tagSet=TagSet{[]}, electionId=7fffffff0000000000000001, setVersion=1, topologyVersion=TopologyVersion{processId=6abe7ab2cfeb98552bb0991d, counter=6}, lastWriteDate=Thu Oct 01 17:22:28 CEST 2026, lastUpdateTimeNanos=[redacted]}
2026-10-01T17:22:33.500+02:00 INFO  [main] o.s.boot.web.servlet.RegistrationBean traceId= clubId= accountId= : Filter rateLimitFilter was not registered (disabled)
2026-10-01T17:22:37.067+02:00 INFO  [main] o.a.c.c.C.[Tomcat].[localhost].[/] traceId= clubId= accountId= : Initializing Spring TestDispatcherServlet ''
2026-10-01T17:22:37.067+02:00 INFO  [main] o.s.t.web.servlet.TestDispatcherServlet traceId= clubId= accountId= : Initializing Servlet ''
2026-10-01T17:22:37.068+02:00 INFO  [main] o.s.t.web.servlet.TestDispatcherServlet traceId= clubId= accountId= : Completed initialization in 1 ms
2026-10-01T17:22:37.154+02:00 INFO  [main] o.s.b.w.embedded.tomcat.TomcatWebServer traceId= clubId= accountId= : Tomcat started on port 53474 (http) with context path '/'
2026-10-01T17:22:37.188+02:00 INFO  [main] o.s.b.w.embedded.tomcat.TomcatWebServer traceId= clubId= accountId= : Tomcat initialized with port 0 (http)
2026-10-01T17:22:37.189+02:00 INFO  [main] o.apache.catalina.core.StandardService traceId= clubId= accountId= : Starting service [Tomcat]
2026-10-01T17:22:37.189+02:00 INFO  [main] org.apache.catalina.core.StandardEngine traceId= clubId= accountId= : Starting Servlet engine: [Apache Tomcat/10.1.60]
2026-10-01T17:22:37.200+02:00 INFO  [main] o.a.c.c.C.[Tomcat-1].[localhost].[/] traceId= clubId= accountId= : Initializing Spring embedded WebApplicationContext
2026-10-01T17:22:37.200+02:00 INFO  [main] o.s.b.w.s.c.ServletWebServerApplicationContext traceId= clubId= accountId= : Root WebApplicationContext: initialization completed in 44 ms
2026-10-01T17:22:37.206+02:00 INFO  [main] o.s.b.a.e.web.EndpointLinksResolver traceId= clubId= accountId= : Exposing 2 endpoints beneath base path '/actuator'
2026-10-01T17:22:37.224+02:00 INFO  [main] o.s.b.w.embedded.tomcat.TomcatWebServer traceId= clubId= accountId= : Tomcat started on port 53475 (http) with context path '/'
2026-10-01T17:22:37.242+02:00 INFO  [main] c.a.c.configuration.OpenApiSnapshotTest traceId= clubId= accountId= : Started OpenApiSnapshotTest in 8.253 seconds (process running for 15.412)
Mockito is currently self-attaching to enable the inline-mock-maker. This will no longer work in future releases of the JDK. Please add Mockito as an agent to your build as described in Mockito's documentation: https://javadoc.io/doc/org.mockito/mockito-core/latest/org.mockito/org/mockito/Mockito.html#0.3
OpenJDK 64-Bit Server VM warning: Sharing is only supported for boot loader classes because bootstrap classpath has been appended
WARNING: A Java agent has been loaded dynamically (/Users/jordib/.m2/repository/net/bytebuddy/byte-buddy-agent/1.17.8/byte-buddy-agent-1.17.8.jar)
WARNING: If a serviceability tool is in use, please run with -XX:+EnableDynamicAgentLoading to hide this warning
WARNING: If a serviceability tool is not in use, please run with -Djdk.instrument.traceUsage for more information
WARNING: Dynamic loading of agents will be disallowed by default in a future release
2026-10-01T17:22:40.937+02:00 INFO  [main] o.springdoc.api.AbstractOpenApiResource traceId=87756c4a-90d4-4bfe-904f-d0b08ac67afa clubId=- accountId=user : Init duration for springdoc-openapi is: 2751 ms
2026-10-01T17:22:41.872+02:00 INFO  [tomcat-handler-0] o.a.c.c.C.[Tomcat].[localhost].[/] traceId= clubId= accountId= : Initializing Spring DispatcherServlet 'dispatcherServlet'
2026-10-01T17:22:41.872+02:00 INFO  [tomcat-handler-0] o.s.web.servlet.DispatcherServlet traceId= clubId= accountId= : Initializing Servlet 'dispatcherServlet'
2026-10-01T17:22:41.873+02:00 INFO  [tomcat-handler-0] o.s.web.servlet.DispatcherServlet traceId= clubId= accountId= : Completed initialization in 1 ms
2026-10-01T17:22:43.902+02:00 INFO  [main] o.springdoc.api.AbstractOpenApiResource traceId=c3d0c11c-c188-44b1-8550-13cfa46ad0ee clubId=- accountId=- : Init duration for springdoc-openapi is: 1938 ms
Updated docs/openapi/openapi.json
