22:03:38.780 [main] INFO org.springframework.test.context.support.AnnotationConfigContextLoaderUtils -- Could not detect default configuration classes for test class [com.agilityhub.core.clubs.census.api.SignupPaymentMethodsIT]: SignupPaymentMethodsIT does not declare any static, non-private, non-final, nested classes annotated with @Configuration.
22:03:38.891 [main] INFO org.springframework.boot.test.context.SpringBootTestContextBootstrapper -- Found @SpringBootConfiguration com.agilityhub.core.CoreApplication for test class com.agilityhub.core.clubs.census.api.SignupPaymentMethodsIT
22:03:38.943 [main] INFO org.testcontainers.images.PullPolicy -- Image pull policy will be performed by: DefaultPullPolicy()
22:03:38.944 [main] INFO org.testcontainers.utility.ImageNameSubstitutor -- Image name substitution will be performed by: DefaultImageNameSubstitutor (composite of 'ConfigurationFileImageNameSubstitutor' and 'PrefixingImageNameSubstitutor')
22:03:38.947 [main] INFO org.testcontainers.DockerClientFactory -- Testcontainers version: 1.21.4
22:03:39.024 [main] INFO org.testcontainers.dockerclient.DockerClientProviderStrategy -- Loaded org.testcontainers.dockerclient.UnixSocketClientProviderStrategy from ~/.testcontainers.properties, will try it first
22:03:39.149 [main] INFO org.testcontainers.dockerclient.DockerClientProviderStrategy -- Found Docker environment with local Unix socket (unix:///var/run/docker.sock)
22:03:39.149 [main] INFO org.testcontainers.DockerClientFactory -- Docker host IP address is localhost
22:03:39.160 [main] INFO org.testcontainers.DockerClientFactory -- Connected to docker: 
  Server Version: 29.7.2
  API Version: 1.55
  Operating System: Docker Desktop
  Total Memory: 7931 MB
  Labels: 
    com.docker.desktop.address=unix:///Users/jordib/Library/Containers/com.docker.docker/Data/docker-cli.sock
22:03:39.290 [main] INFO tc.testcontainers/ryuk:0.12.0 -- Creating container for image: testcontainers/ryuk:0.12.0
22:03:39.373 [main] INFO org.testcontainers.utility.RegistryAuthLocator -- Credential helper/store (docker-credential-desktop) does not have credentials for https://index.docker.io/v1/
22:03:39.437 [main] INFO tc.testcontainers/ryuk:0.12.0 -- Container testcontainers/ryuk:0.12.0 is starting: 04149e4318397ddde6084e2a5cda0b90bdedcde8eafb5479592b101f3d7cb121
22:03:39.601 [main] INFO tc.testcontainers/ryuk:0.12.0 -- Container testcontainers/ryuk:0.12.0 started in PT0.310388S
22:03:39.604 [main] INFO org.testcontainers.utility.RyukResourceReaper -- Ryuk started - will monitor and terminate Testcontainers containers on JVM exit
22:03:39.604 [main] INFO org.testcontainers.DockerClientFactory -- Checking the system...
22:03:39.605 [main] INFO org.testcontainers.DockerClientFactory -- ✔︎ Docker server version should be at least 1.6.0
22:03:39.605 [main] INFO tc.mongo:7 -- Creating container for image: mongo:7
22:03:39.645 [main] INFO tc.mongo:7 -- Container mongo:7 is starting: 699a2a8e9456ce29c5c7560b002b7e102537f8168b5c64c4925e671d9b2396bc
22:03:40.214 [main] INFO tc.mongo:7 -- Container mongo:7 started in PT0.609059S
Integration JVM availableProcessors=18

  .   ____          _            __ _ _
 /\\ / ___'_ __ _ _(_)_ __  __ _ \ \ \ \
( ( )\___ | '_ | '_| | '_ \/ _` | \ \ \ \
 \\/  ___)| |_)| | | | | || (_| |  ) ) ) )
  '  |____| .__|_| |_|_| |_\__, | / / / /
 =========|_|==============|___/=/_/_/_/

 :: Spring Boot ::               (v3.5.16)

2026-09-25T22:03:40.857+02:00  INFO 71712 --- [agilityhub-core-api] [           main] c.a.c.c.c.api.SignupPaymentMethodsIT     : Starting SignupPaymentMethodsIT using Java 21.0.12.1 with PID 71712 (started by jordib in /Users/jordib/dev/agilityhub/agilityhub-core-api)
2026-09-25T22:03:40.857+02:00  INFO 71712 --- [agilityhub-core-api] [           main] c.a.c.c.c.api.SignupPaymentMethodsIT     : The following 1 profile is active: "test"
2026-09-25T22:03:41.428+02:00  INFO 71712 --- [agilityhub-core-api] [           main] .s.d.r.c.RepositoryConfigurationDelegate : Bootstrapping Spring Data MongoDB repositories in DEFAULT mode.
2026-09-25T22:03:41.460+02:00  INFO 71712 --- [agilityhub-core-api] [           main] .s.d.r.c.RepositoryConfigurationDelegate : Finished Spring Data repository scanning in 29 ms. Found 0 MongoDB repository interfaces.
2026-09-25T22:03:41.753+02:00  INFO 71712 --- [agilityhub-core-api] [           main] org.mongodb.driver.client                : MongoClient with metadata {"driver": {"name": "mongo-java-driver|sync|spring-boot", "version": "5.5.2"}, "os": {"type": "Darwin", "name": "Mac OS X", "architecture": "aarch64", "version": "26.4.1"}, "platform": "Java/Homebrew/21.0.12.1"} created with settings MongoClientSettings{readPreference=primary, writeConcern=WriteConcern{w=null, wTimeout=null ms, journal=null}, retryWrites=true, retryReads=true, readConcern=ReadConcern{level=null}, credential=null, transportSettings=null, commandListeners=[io.micrometer.core.instrument.binder.mongodb.MongoMetricsCommandListener@3a7d6976], codecRegistry=ProvidersCodecRegistry{codecProviders=[ValueCodecProvider{}, BsonValueCodecProvider{}, DBRefCodecProvider{}, DBObjectCodecProvider{}, DocumentCodecProvider{}, CollectionCodecProvider{}, IterableCodecProvider{}, MapCodecProvider{}, GeoJsonCodecProvider{}, GridFSFileCodecProvider{}, Jsr310CodecProvider{}, JsonObjectCodecProvider{}, BsonCodecProvider{}, EnumCodecProvider{}, com.mongodb.client.model.mql.ExpressionCodecProvider@37c45154, com.mongodb.Jep395RecordCodecProvider@55300b93, com.mongodb.KotlinCodecProvider@123426a9]}, loggerSettings=LoggerSettings{maxDocumentLength=1000}, clusterSettings={hosts=[localhost:52087], srvServiceName=mongodb, mode=SINGLE, requiredClusterType=UNKNOWN, requiredReplicaSetName='null', serverSelector='null', clusterListeners='[]', serverSelectionTimeout='30000 ms', localThreshold='15 ms'}, socketSettings=SocketSettings{connectTimeoutMS=10000, readTimeoutMS=0, receiveBufferSize=0, proxySettings=ProxySettings{host=null, port=null, username=null, password=null}}, heartbeatSocketSettings=SocketSettings{connectTimeoutMS=10000, readTimeoutMS=10000, receiveBufferSize=0, proxySettings=ProxySettings{host=null, port=null, username=null, password=null}}, connectionPoolSettings=ConnectionPoolSettings{maxSize=100, minSize=0, maxWaitTimeMS=120000, maxConnectionLifeTimeMS=0, maxConnectionIdleTimeMS=0, maintenanceInitialDelayMS=0, maintenanceFrequencyMS=60000, connectionPoolListeners=[io.micrometer.core.instrument.binder.mongodb.MongoMetricsConnectionPoolListener@4353db40], maxConnecting=2}, serverSettings=ServerSettings{heartbeatFrequencyMS=10000, minHeartbeatFrequencyMS=500, serverMonitoringMode=AUTO, serverListeners='[]', serverMonitorListeners='[]'}, sslSettings=SslSettings{enabled=false, invalidHostNameAllowed=false, context=null}, applicationName='null', compressorList=[], uuidRepresentation=JAVA_LEGACY, serverApi=null, autoEncryptionSettings=null, dnsClient=null, inetAddressResolver=null, contextProvider=null, timeoutMS=null}
2026-09-25T22:03:41.759+02:00  INFO 71712 --- [agilityhub-core-api] [localhost:52087] org.mongodb.driver.cluster               : Monitor thread successfully connected to server with description ServerDescription{address=localhost:52087, type=REPLICA_SET_PRIMARY, cryptd=false, state=CONNECTED, ok=true, minWireVersion=0, maxWireVersion=21, maxDocumentSize=16777216, logicalSessionTimeoutMinutes=30, roundTripTimeNanos=9475958, minRoundTripTimeNanos=0, setName='docker-rs', canonicalAddress=699a2a8e9456:27017, hosts=[699a2a8e9456:27017], passives=[], arbiters=[], primary='699a2a8e9456:27017', tagSet=TagSet{[]}, electionId=7fffffff0000000000000001, setVersion=1, topologyVersion=TopologyVersion{processId=6ab6d39ba52a32acfe8a05a3, counter=6}, lastWriteDate=Fri Sep 25 22:03:40 CEST 2026, lastUpdateTimeNanos=170427166864000}
2026-09-25T22:03:43.867+02:00  INFO 71712 --- [agilityhub-core-api] [           main] o.s.b.t.m.w.SpringBootMockServletContext : Initializing Spring TestDispatcherServlet ''
2026-09-25T22:03:43.867+02:00  INFO 71712 --- [agilityhub-core-api] [           main] o.s.t.web.servlet.TestDispatcherServlet  : Initializing Servlet ''
2026-09-25T22:03:43.867+02:00  INFO 71712 --- [agilityhub-core-api] [           main] o.s.t.web.servlet.TestDispatcherServlet  : Completed initialization in 0 ms
2026-09-25T22:03:43.889+02:00  INFO 71712 --- [agilityhub-core-api] [           main] c.a.c.c.c.api.SignupPaymentMethodsIT     : Started SignupPaymentMethodsIT in 3.145 seconds (process running for 5.382)
Mockito is currently self-attaching to enable the inline-mock-maker. This will no longer work in future releases of the JDK. Please add Mockito as an agent to your build as described in Mockito's documentation: https://javadoc.io/doc/org.mockito/mockito-core/latest/org.mockito/org/mockito/Mockito.html#0.3
OpenJDK 64-Bit Server VM warning: Sharing is only supported for boot loader classes because bootstrap classpath has been appended
WARNING: A Java agent has been loaded dynamically (/Users/jordib/.m2/repository/net/bytebuddy/byte-buddy-agent/1.17.8/byte-buddy-agent-1.17.8.jar)
WARNING: If a serviceability tool is in use, please run with -XX:+EnableDynamicAgentLoading to hide this warning
WARNING: If a serviceability tool is not in use, please run with -Djdk.instrument.traceUsage for more information
WARNING: Dynamic loading of agents will be disallowed by default in a future release
2026-09-25T22:03:44.807+02:00  WARN 71712 --- [agilityhub-core-api] [           main] c.n.schema.UnknownKeywordFactory         : Unknown keyword components - you should define your own Meta Schema. If the keyword is irrelevant for validation, just use a NonValidationKeyword or if it should generate annotations AnnotationKeyword
[ERROR] Tests run: 1, Failures: 1, Errors: 0, Skipped: 0, Time elapsed: 6.678 s <<< FAILURE! -- in com.agilityhub.core.clubs.census.api.SignupPaymentMethodsIT
[ERROR] com.agilityhub.core.clubs.census.api.SignupPaymentMethodsIT.T_04_29_T_04_33_theD2ViewAndTheSubmissionResultsDeclareEveryNullTheySend -- Time elapsed: 1.275 s <<< FAILURE!
java.lang.AssertionError: 
[MemberSignupView $.member.accountId: null found, string expected
MemberSignupView $.member.address.province: null found, string expected
MemberSignupView $.member.bookingBlock.byAccountId: null found, string expected
MemberSignupView $.member.bookingBlock.reason: null found, string expected
MemberSignupView $.member.bookingBlock.since: null found, string expected
MemberSignupView $.member.consents.imageRights.byAccountId: null found, string expected
MemberSignupView $.member.displayStatus.date: null found, string expected
MemberSignupView $.member.erasedAt: null found, string expected
MemberSignupView $.member.erasureRequestId: null found, string expected
MemberSignupView $.member.familyGroupId: null found, string expected
MemberSignupView $.member.internalNotes: null found, string expected
MemberSignupView $.member.joinedAt: null found, string expected
MemberSignupView $.member.lastName2: null found, string expected
MemberSignupView $.member.leaveDate: null found, string expected
MemberSignupView $.member.maskedAccount: null found, string expected
MemberSignupView $.member.memberNumber: null found, integer expected
MemberSignupView $.member.nextInvoiceDate: null found, string expected
MemberSignupView $.member.paymentMethod.channel: null found, string expected
MemberSignupView $.member.paymentMethod.holderName: null found, string expected
MemberSignupView $.member.paymentMethod.maskedAccount: null found, string expected
MemberSignupView $.member.phones[0].label: null found, string expected
MemberSignupView $.member.plan: null found, object expected
MemberSignupView $.member.planId: null found, string expected
MemberSignupView $.member.priceId: null found, string expected
MemberSignupView $.member.remarks: null found, string expected
MemberSignupView $.member.accountId: null found, string expected
MemberSignupView $.member.address.province: null found, string expected
MemberSignupView $.member.bookingBlock.byAccountId: null found, string expected
MemberSignupView $.member.bookingBlock.reason: null found, string expected
MemberSignupView $.member.bookingBlock.since: null found, string expected
MemberSignupView $.member.consents.imageRights.byAccountId: null found, string expected
MemberSignupView $.member.displayStatus.date: null found, string expected
MemberSignupView $.member.erasedAt: null found, string expected
MemberSignupView $.member.erasureRequestId: null found, string expected
MemberSignupView $.member.familyGroupId: null found, string expected
MemberSignupView $.member.internalNotes: null found, string expected
MemberSignupView $.member.joinedAt: null found, string expected
MemberSignupView $.member.lastName2: null found, string expected
MemberSignupView $.member.leaveDate: null found, string expected
MemberSignupView $.member.maskedAccount: null found, string expected
MemberSignupView $.member.memberNumber: null found, integer expected
MemberSignupView $.member.nextInvoiceDate: null found, string expected
MemberSignupView $.member.paymentMethod.channel: null found, string expected
MemberSignupView $.member.paymentMethod.maskedAccount: null found, string expected
MemberSignupView $.member.phones[0].label: null found, string expected
MemberSignupView $.member.plan: null found, object expected
MemberSignupView $.member.planId: null found, string expected
MemberSignupView $.member.priceId: null found, string expected
MemberSignupView $.member.remarks: null found, string expected
MemberSignupView $.member.address.province: null found, string expected
MemberSignupView $.member.bookingBlock.byAccountId: null found, string expected
MemberSignupView $.member.bookingBlock.reason: null found, string expected
MemberSignupView $.member.bookingBlock.since: null found, string expected
MemberSignupView $.member.consents.imageRights.byAccountId: null found, string expected
MemberSignupView $.member.displayStatus.date: null found, string expected
MemberSignupView $.member.erasedAt: null found, string expected
MemberSignupView $.member.erasureRequestId: null found, string expected
MemberSignupView $.member.familyGroupId: null found, string expected
MemberSignupView $.member.internalNotes: null found, string expected
MemberSignupView $.member.lastName2: null found, string expected
MemberSignupView $.member.leaveDate: null found, string expected
MemberSignupView $.member.maskedAccount: null found, string expected
MemberSignupView $.member.paymentMethod.channel: null found, string expected
MemberSignupView $.member.paymentMethod.holderName: null found, string expected
MemberSignupView $.member.paymentMethod.maskedAccount: null found, string expected
MemberSignupView $.member.phones[0].label: null found, string expected
MemberSignupView $.member.remarks: null found, string expected
MemberSignupView $.member.address.province: null found, string expected
MemberSignupView $.member.bookingBlock.byAccountId: null found, string expected
MemberSignupView $.member.bookingBlock.reason: null found, string expected
MemberSignupView $.member.bookingBlock.since: null found, string expected
MemberSignupView $.member.consents.imageRights.byAccountId: null found, string expected
MemberSignupView $.member.displayStatus.date: null found, string expected
MemberSignupView $.member.erasedAt: null found, string expected
MemberSignupView $.member.erasureRequestId: null found, string expected
MemberSignupView $.member.familyGroupId: null found, string expected
MemberSignupView $.member.internalNotes: null found, string expected
MemberSignupView $.member.lastName2: null found, string expected
MemberSignupView $.member.maskedAccount: null found, string expected
MemberSignupView $.member.paymentMethod.channel: null found, string expected
MemberSignupView $.member.paymentMethod.maskedAccount: null found, string expected
MemberSignupView $.member.phones[0].label: null found, string expected
MemberSignupView $.member.remarks: null found, string expected
MemberSignupView $.readmission.current.address.province: null found, string expected
MemberSignupView $.readmission.current.paymentMethod.channel: null found, string expected
MemberSignupView $.readmission.current.paymentMethod.maskedAccount: null found, string expected
MemberSignupView $.readmission.current.phones[0].label: null found, string expected
MemberSignupView $.readmission.submitted.address.province: null found, string expected
MemberSignupView $.readmission.submitted.paymentMethod.channel: null found, string expected
MemberSignupView $.readmission.submitted.paymentMethod.holderName: null found, string expected
MemberSignupView $.readmission.submitted.paymentMethod.maskedAccount: null found, string expected
MemberSignupView $.readmission.submitted.phones[0].label: null found, string expected
MemberSignupView $.member.accountId: null found, string expected
MemberSignupView $.member.address.province: null found, string expected
MemberSignupView $.member.billedViaMemberId: null found, string expected
MemberSignupView $.member.bookingBlock.byAccountId: null found, string expected
MemberSignupView $.member.bookingBlock.reason: null found, string expected
MemberSignupView $.member.bookingBlock.since: null found, string expected
MemberSignupView $.member.consents.imageRights.byAccountId: null found, string expected
MemberSignupView $.member.displayStatus.date: null found, string expected
MemberSignupView $.member.erasedAt: null found, string expected
MemberSignupView $.member.erasureRequestId: null found, string expected
MemberSignupView $.member.familyGroupId: null found, string expected
MemberSignupView $.member.internalNotes: null found, string expected
MemberSignupView $.member.joinedAt: null found, string expected
MemberSignupView $.member.lastName2: null found, string expected
MemberSignupView $.member.leaveDate: null found, string expected
MemberSignupView $.member.maskedAccount: null found, string expected
MemberSignupView $.member.memberNumber: null found, integer expected
MemberSignupView $.member.nextInvoiceDate: null found, string expected
MemberSignupView $.member.paymentMethod: null found, object expected
MemberSignupView $.member.phones[0].label: null found, string expected
MemberSignupView $.member.plan: null found, object expected
MemberSignupView $.member.planId: null found, string expected
MemberSignupView $.member.priceId: null found, string expected
MemberSignupView $.member.remarks: null found, string expected] 
Expecting empty but was: ["MemberSignupView $.member.accountId: null found, string expected",
    "MemberSignupView $.member.address.province: null found, string expected",
    "MemberSignupView $.member.bookingBlock.byAccountId: null found, string expected",
    "MemberSignupView $.member.bookingBlock.reason: null found, string expected",
    "MemberSignupView $.member.bookingBlock.since: null found, string expected",
    "MemberSignupView $.member.consents.imageRights.byAccountId: null found, string expected",
    "MemberSignupView $.member.displayStatus.date: null found, string expected",
    "MemberSignupView $.member.erasedAt: null found, string expected",
    "MemberSignupView $.member.erasureRequestId: null found, string expected",
    "MemberSignupView $.member.familyGroupId: null found, string expected",
    "MemberSignupView $.member.internalNotes: null found, string expected",
    "MemberSignupView $.member.joinedAt: null found, string expected",
    "MemberSignupView $.member.lastName2: null found, string expected",
    "MemberSignupView $.member.leaveDate: null found, string expected",
    "MemberSignupView $.member.maskedAccount: null found, string expected",
    "MemberSignupView $.member.memberNumber: null found, integer expected",
    "MemberSignupView $.member.nextInvoiceDate: null found, string expected",
    "MemberSignupView $.member.paymentMethod.channel: null found, string expected",
    "MemberSignupView $.member.paymentMethod.holderName: null found, string expected",
    "MemberSignupView $.member.paymentMethod.maskedAccount: null found, string expected",
    "MemberSignupView $.member.phones[0].label: null found, string expected",
    "MemberSignupView $.member.plan: null found, object expected",
    "MemberSignupView $.member.planId: null found, string expected",
    "MemberSignupView $.member.priceId: null found, string expected",
    "MemberSignupView $.member.remarks: null found, string expected",
    "MemberSignupView $.member.accountId: null found, string expected",
    "MemberSignupView $.member.address.province: null found, string expected",
    "MemberSignupView $.member.bookingBlock.byAccountId: null found, string expected",
    "MemberSignupView $.member.bookingBlock.reason: null found, string expected",
    "MemberSignupView $.member.bookingBlock.since: null found, string expected",
    "MemberSignupView $.member.consents.imageRights.byAccountId: null found, string expected",
    "MemberSignupView $.member.displayStatus.date: null found, string expected",
    "MemberSignupView $.member.erasedAt: null found, string expected",
    "MemberSignupView $.member.erasureRequestId: null found, string expected",
    "MemberSignupView $.member.familyGroupId: null found, string expected",
    "MemberSignupView $.member.internalNotes: null found, string expected",
    "MemberSignupView $.member.joinedAt: null found, string expected",
    "MemberSignupView $.member.lastName2: null found, string expected",
    "MemberSignupView $.member.leaveDate: null found, string expected",
    "MemberSignupView $.member.maskedAccount: null found, string expected",
    "MemberSignupView $.member.memberNumber: null found, integer expected",
    "MemberSignupView $.member.nextInvoiceDate: null found, string expected",
    "MemberSignupView $.member.paymentMethod.channel: null found, string expected",
    "MemberSignupView $.member.paymentMethod.maskedAccount: null found, string expected",
    "MemberSignupView $.member.phones[0].label: null found, string expected",
    "MemberSignupView $.member.plan: null found, object expected",
    "MemberSignupView $.member.planId: null found, string expected",
    "MemberSignupView $.member.priceId: null found, string expected",
    "MemberSignupView $.member.remarks: null found, string expected",
    "MemberSignupView $.member.address.province: null found, string expected",
    "MemberSignupView $.member.bookingBlock.byAccountId: null found, string expected",
    "MemberSignupView $.member.bookingBlock.reason: null found, string expected",
    "MemberSignupView $.member.bookingBlock.since: null found, string expected",
    "MemberSignupView $.member.consents.imageRights.byAccountId: null found, string expected",
    "MemberSignupView $.member.displayStatus.date: null found, string expected",
    "MemberSignupView $.member.erasedAt: null found, string expected",
    "MemberSignupView $.member.erasureRequestId: null found, string expected",
    "MemberSignupView $.member.familyGroupId: null found, string expected",
    "MemberSignupView $.member.internalNotes: null found, string expected",
    "MemberSignupView $.member.lastName2: null found, string expected",
    "MemberSignupView $.member.leaveDate: null found, string expected",
    "MemberSignupView $.member.maskedAccount: null found, string expected",
    "MemberSignupView $.member.paymentMethod.channel: null found, string expected",
    "MemberSignupView $.member.paymentMethod.holderName: null found, string expected",
    "MemberSignupView $.member.paymentMethod.maskedAccount: null found, string expected",
    "MemberSignupView $.member.phones[0].label: null found, string expected",
    "MemberSignupView $.member.remarks: null found, string expected",
    "MemberSignupView $.member.address.province: null found, string expected",
    "MemberSignupView $.member.bookingBlock.byAccountId: null found, string expected",
    "MemberSignupView $.member.bookingBlock.reason: null found, string expected",
    "MemberSignupView $.member.bookingBlock.since: null found, string expected",
    "MemberSignupView $.member.consents.imageRights.byAccountId: null found, string expected",
    "MemberSignupView $.member.displayStatus.date: null found, string expected",
    "MemberSignupView $.member.erasedAt: null found, string expected",
    "MemberSignupView $.member.erasureRequestId: null found, string expected",
    "MemberSignupView $.member.familyGroupId: null found, string expected",
    "MemberSignupView $.member.internalNotes: null found, string expected",
    "MemberSignupView $.member.lastName2: null found, string expected",
    "MemberSignupView $.member.maskedAccount: null found, string expected",
    "MemberSignupView $.member.paymentMethod.channel: null found, string expected",
    "MemberSignupView $.member.paymentMethod.maskedAccount: null found, string expected",
    "MemberSignupView $.member.phones[0].label: null found, string expected",
    "MemberSignupView $.member.remarks: null found, string expected",
    "MemberSignupView $.readmission.current.address.province: null found, string expected",
    "MemberSignupView $.readmission.current.paymentMethod.channel: null found, string expected",
    "MemberSignupView $.readmission.current.paymentMethod.maskedAccount: null found, string expected",
    "MemberSignupView $.readmission.current.phones[0].label: null found, string expected",
    "MemberSignupView $.readmission.submitted.address.province: null found, string expected",
    "MemberSignupView $.readmission.submitted.paymentMethod.channel: null found, string expected",
    "MemberSignupView $.readmission.submitted.paymentMethod.holderName: null found, string expected",
    "MemberSignupView $.readmission.submitted.paymentMethod.maskedAccount: null found, string expected",
    "MemberSignupView $.readmission.submitted.phones[0].label: null found, string expected",
    "MemberSignupView $.member.accountId: null found, string expected",
    "MemberSignupView $.member.address.province: null found, string expected",
    "MemberSignupView $.member.billedViaMemberId: null found, string expected",
    "MemberSignupView $.member.bookingBlock.byAccountId: null found, string expected",
    "MemberSignupView $.member.bookingBlock.reason: null found, string expected",
    "MemberSignupView $.member.bookingBlock.since: null found, string expected",
    "MemberSignupView $.member.consents.imageRights.byAccountId: null found, string expected",
    "MemberSignupView $.member.displayStatus.date: null found, string expected",
    "MemberSignupView $.member.erasedAt: null found, string expected",
    "MemberSignupView $.member.erasureRequestId: null found, string expected",
    "MemberSignupView $.member.familyGroupId: null found, string expected",
    "MemberSignupView $.member.internalNotes: null found, string expected",
    "MemberSignupView $.member.joinedAt: null found, string expected",
    "MemberSignupView $.member.lastName2: null found, string expected",
    "MemberSignupView $.member.leaveDate: null found, string expected",
    "MemberSignupView $.member.maskedAccount: null found, string expected",
    "MemberSignupView $.member.memberNumber: null found, integer expected",
    "MemberSignupView $.member.nextInvoiceDate: null found, string expected",
    "MemberSignupView $.member.paymentMethod: null found, object expected",
    "MemberSignupView $.member.phones[0].label: null found, string expected",
    "MemberSignupView $.member.plan: null found, object expected",
    "MemberSignupView $.member.planId: null found, string expected",
    "MemberSignupView $.member.priceId: null found, string expected",
    "MemberSignupView $.member.remarks: null found, string expected"]
	at com.agilityhub.core.clubs.census.api.SignupPaymentMethodsIT.T_04_29_T_04_33_theD2ViewAndTheSubmissionResultsDeclareEveryNullTheySend(SignupPaymentMethodsIT.java:257)
	at java.base/java.lang.reflect.Method.invoke(Method.java:580)
	at java.base/java.util.ArrayList.forEach(ArrayList.java:1596)
	at java.base/java.util.ArrayList.forEach(ArrayList.java:1596)

2026-09-25T22:03:45.433+02:00  INFO 71712 --- [agilityhub-core-api] [           main] t.c.s.AnnotationConfigContextLoaderUtils : Could not detect default configuration classes for test class [com.agilityhub.core.platform.api.SettingsIT]: SettingsIT does not declare any static, non-private, non-final, nested classes annotated with @Configuration.
2026-09-25T22:03:45.460+02:00  INFO 71712 --- [agilityhub-core-api] [           main] .b.t.c.SpringBootTestContextBootstrapper : Found @SpringBootConfiguration com.agilityhub.core.CoreApplication for test class com.agilityhub.core.platform.api.SettingsIT

  .   ____          _            __ _ _
 /\\ / ___'_ __ _ _(_)_ __  __ _ \ \ \ \
( ( )\___ | '_ | '_| | '_ \/ _` | \ \ \ \
 \\/  ___)| |_)| | | | | || (_| |  ) ) ) )
  '  |____| .__|_| |_|_| |_\__, | / / / /
 =========|_|==============|___/=/_/_/_/

 :: Spring Boot ::               (v3.5.16)

2026-09-25T22:03:45.474+02:00  INFO 71712 --- [agilityhub-core-api] [           main] c.a.core.platform.api.SettingsIT         : Starting SettingsIT using Java 21.0.12.1 with PID 71712 (started by jordib in /Users/jordib/dev/agilityhub/agilityhub-core-api)
2026-09-25T22:03:45.474+02:00  INFO 71712 --- [agilityhub-core-api] [           main] c.a.core.platform.api.SettingsIT         : The following 1 profile is active: "test"
2026-09-25T22:03:45.673+02:00  INFO 71712 --- [agilityhub-core-api] [           main] .s.d.r.c.RepositoryConfigurationDelegate : Bootstrapping Spring Data MongoDB repositories in DEFAULT mode.
2026-09-25T22:03:45.690+02:00  INFO 71712 --- [agilityhub-core-api] [           main] .s.d.r.c.RepositoryConfigurationDelegate : Finished Spring Data repository scanning in 16 ms. Found 0 MongoDB repository interfaces.
2026-09-25T22:03:45.724+02:00  INFO 71712 --- [agilityhub-core-api] [           main] org.mongodb.driver.client                : MongoClient with metadata {"driver": {"name": "mongo-java-driver|sync|spring-boot", "version": "5.5.2"}, "os": {"type": "Darwin", "name": "Mac OS X", "architecture": "aarch64", "version": "26.4.1"}, "platform": "Java/Homebrew/21.0.12.1"} created with settings MongoClientSettings{readPreference=primary, writeConcern=WriteConcern{w=null, wTimeout=null ms, journal=null}, retryWrites=true, retryReads=true, readConcern=ReadConcern{level=null}, credential=null, transportSettings=null, commandListeners=[io.micrometer.core.instrument.binder.mongodb.MongoMetricsCommandListener@249676e4], codecRegistry=ProvidersCodecRegistry{codecProviders=[ValueCodecProvider{}, BsonValueCodecProvider{}, DBRefCodecProvider{}, DBObjectCodecProvider{}, DocumentCodecProvider{}, CollectionCodecProvider{}, IterableCodecProvider{}, MapCodecProvider{}, GeoJsonCodecProvider{}, GridFSFileCodecProvider{}, Jsr310CodecProvider{}, JsonObjectCodecProvider{}, BsonCodecProvider{}, EnumCodecProvider{}, com.mongodb.client.model.mql.ExpressionCodecProvider@37c45154, com.mongodb.Jep395RecordCodecProvider@55300b93, com.mongodb.KotlinCodecProvider@123426a9]}, loggerSettings=LoggerSettings{maxDocumentLength=1000}, clusterSettings={hosts=[localhost:52087], srvServiceName=mongodb, mode=SINGLE, requiredClusterType=UNKNOWN, requiredReplicaSetName='null', serverSelector='null', clusterListeners='[]', serverSelectionTimeout='30000 ms', localThreshold='15 ms'}, socketSettings=SocketSettings{connectTimeoutMS=10000, readTimeoutMS=0, receiveBufferSize=0, proxySettings=ProxySettings{host=null, port=null, username=null, password=null}}, heartbeatSocketSettings=SocketSettings{connectTimeoutMS=10000, readTimeoutMS=10000, receiveBufferSize=0, proxySettings=ProxySettings{host=null, port=null, username=null, password=null}}, connectionPoolSettings=ConnectionPoolSettings{maxSize=100, minSize=0, maxWaitTimeMS=120000, maxConnectionLifeTimeMS=0, maxConnectionIdleTimeMS=0, maintenanceInitialDelayMS=0, maintenanceFrequencyMS=60000, connectionPoolListeners=[io.micrometer.core.instrument.binder.mongodb.MongoMetricsConnectionPoolListener@69a3e1ef], maxConnecting=2}, serverSettings=ServerSettings{heartbeatFrequencyMS=10000, minHeartbeatFrequencyMS=500, serverMonitoringMode=AUTO, serverListeners='[]', serverMonitorListeners='[]'}, sslSettings=SslSettings{enabled=false, invalidHostNameAllowed=false, context=null}, applicationName='null', compressorList=[], uuidRepresentation=JAVA_LEGACY, serverApi=null, autoEncryptionSettings=null, dnsClient=null, inetAddressResolver=null, contextProvider=null, timeoutMS=null}
2026-09-25T22:03:45.726+02:00  INFO 71712 --- [agilityhub-core-api] [localhost:52087] org.mongodb.driver.cluster               : Monitor thread successfully connected to server with description ServerDescription{address=localhost:52087, type=REPLICA_SET_PRIMARY, cryptd=false, state=CONNECTED, ok=true, minWireVersion=0, maxWireVersion=21, maxDocumentSize=16777216, logicalSessionTimeoutMinutes=30, roundTripTimeNanos=1396625, minRoundTripTimeNanos=0, setName='docker-rs', canonicalAddress=699a2a8e9456:27017, hosts=[699a2a8e9456:27017], passives=[], arbiters=[], primary='699a2a8e9456:27017', tagSet=TagSet{[]}, electionId=7fffffff0000000000000001, setVersion=1, topologyVersion=TopologyVersion{processId=6ab6d39ba52a32acfe8a05a3, counter=6}, lastWriteDate=Fri Sep 25 22:03:45 CEST 2026, lastUpdateTimeNanos=170431135023958}
2026-09-25T22:03:46.175+02:00  INFO 71712 --- [agilityhub-core-api] [           main] o.s.b.t.m.w.SpringBootMockServletContext : Initializing Spring TestDispatcherServlet ''
2026-09-25T22:03:46.175+02:00  INFO 71712 --- [agilityhub-core-api] [           main] o.s.t.web.servlet.TestDispatcherServlet  : Initializing Servlet ''
2026-09-25T22:03:46.175+02:00  INFO 71712 --- [agilityhub-core-api] [           main] o.s.t.web.servlet.TestDispatcherServlet  : Completed initialization in 0 ms
2026-09-25T22:03:46.183+02:00  INFO 71712 --- [agilityhub-core-api] [           main] c.a.core.platform.api.SettingsIT         : Started SettingsIT in 0.72 seconds (process running for 7.675)
[ERROR] Tests run: 1, Failures: 1, Errors: 0, Skipped: 0, Time elapsed: 0.820 s <<< FAILURE! -- in com.agilityhub.core.platform.api.SettingsIT
[ERROR] com.agilityhub.core.platform.api.SettingsIT.T_02_11_R_02_06_theTaxIdIsCheckedOnlyWhenTheRequestChangesIt -- Time elapsed: 0.049 s <<< FAILURE!
java.lang.AssertionError: Status expected:<200> but was:<400>
	at org.springframework.test.util.AssertionErrors.fail(AssertionErrors.java:61)
	at org.springframework.test.util.AssertionErrors.assertEquals(AssertionErrors.java:128)
	at org.springframework.test.web.servlet.result.StatusResultMatchers.lambda$matcher$9(StatusResultMatchers.java:640)
	at org.springframework.test.web.servlet.MockMvc$1.andExpect(MockMvc.java:214)
	at com.agilityhub.core.platform.api.SettingsIT.json(SettingsIT.java:71)
	at com.agilityhub.core.platform.api.SettingsIT.T_02_11_R_02_06_theTaxIdIsCheckedOnlyWhenTheRequestChangesIt(SettingsIT.java:309)
	at java.base/java.lang.reflect.Method.invoke(Method.java:580)
	at java.base/java.util.ArrayList.forEach(ArrayList.java:1596)
	at java.base/java.util.ArrayList.forEach(ArrayList.java:1596)

2026-09-25T22:03:46.256+02:00  INFO 71712 --- [agilityhub-core-api] [           main] t.c.s.AnnotationConfigContextLoaderUtils : Could not detect default configuration classes for test class [com.agilityhub.core.platform.application.definition.ClubDefinitionsIT]: ClubDefinitionsIT does not declare any static, non-private, non-final, nested classes annotated with @Configuration.
2026-09-25T22:03:46.273+02:00  INFO 71712 --- [agilityhub-core-api] [           main] .b.t.c.SpringBootTestContextBootstrapper : Found @SpringBootConfiguration com.agilityhub.core.CoreApplication for test class com.agilityhub.core.platform.application.definition.ClubDefinitionsIT

  .   ____          _            __ _ _
 /\\ / ___'_ __ _ _(_)_ __  __ _ \ \ \ \
( ( )\___ | '_ | '_| | '_ \/ _` | \ \ \ \
 \\/  ___)| |_)| | | | | || (_| |  ) ) ) )
  '  |____| .__|_| |_|_| |_\__, | / / / /
 =========|_|==============|___/=/_/_/_/

 :: Spring Boot ::               (v3.5.16)

2026-09-25T22:03:46.282+02:00  INFO 71712 --- [agilityhub-core-api] [           main] c.a.c.p.a.definition.ClubDefinitionsIT   : Starting ClubDefinitionsIT using Java 21.0.12.1 with PID 71712 (started by jordib in /Users/jordib/dev/agilityhub/agilityhub-core-api)
2026-09-25T22:03:46.282+02:00  INFO 71712 --- [agilityhub-core-api] [           main] c.a.c.p.a.definition.ClubDefinitionsIT   : The following 1 profile is active: "test"
2026-09-25T22:03:46.455+02:00  INFO 71712 --- [agilityhub-core-api] [           main] .s.d.r.c.RepositoryConfigurationDelegate : Bootstrapping Spring Data MongoDB repositories in DEFAULT mode.
2026-09-25T22:03:46.472+02:00  INFO 71712 --- [agilityhub-core-api] [           main] .s.d.r.c.RepositoryConfigurationDelegate : Finished Spring Data repository scanning in 16 ms. Found 0 MongoDB repository interfaces.
2026-09-25T22:03:46.506+02:00  INFO 71712 --- [agilityhub-core-api] [           main] org.mongodb.driver.client                : MongoClient with metadata {"driver": {"name": "mongo-java-driver|sync|spring-boot", "version": "5.5.2"}, "os": {"type": "Darwin", "name": "Mac OS X", "architecture": "aarch64", "version": "26.4.1"}, "platform": "Java/Homebrew/21.0.12.1"} created with settings MongoClientSettings{readPreference=primary, writeConcern=WriteConcern{w=null, wTimeout=null ms, journal=null}, retryWrites=true, retryReads=true, readConcern=ReadConcern{level=null}, credential=null, transportSettings=null, commandListeners=[io.micrometer.core.instrument.binder.mongodb.MongoMetricsCommandListener@6cf87ba6], codecRegistry=ProvidersCodecRegistry{codecProviders=[ValueCodecProvider{}, BsonValueCodecProvider{}, DBRefCodecProvider{}, DBObjectCodecProvider{}, DocumentCodecProvider{}, CollectionCodecProvider{}, IterableCodecProvider{}, MapCodecProvider{}, GeoJsonCodecProvider{}, GridFSFileCodecProvider{}, Jsr310CodecProvider{}, JsonObjectCodecProvider{}, BsonCodecProvider{}, EnumCodecProvider{}, com.mongodb.client.model.mql.ExpressionCodecProvider@37c45154, com.mongodb.Jep395RecordCodecProvider@55300b93, com.mongodb.KotlinCodecProvider@123426a9]}, loggerSettings=LoggerSettings{maxDocumentLength=1000}, clusterSettings={hosts=[localhost:52087], srvServiceName=mongodb, mode=SINGLE, requiredClusterType=UNKNOWN, requiredReplicaSetName='null', serverSelector='null', clusterListeners='[]', serverSelectionTimeout='30000 ms', localThreshold='15 ms'}, socketSettings=SocketSettings{connectTimeoutMS=10000, readTimeoutMS=0, receiveBufferSize=0, proxySettings=ProxySettings{host=null, port=null, username=null, password=null}}, heartbeatSocketSettings=SocketSettings{connectTimeoutMS=10000, readTimeoutMS=10000, receiveBufferSize=0, proxySettings=ProxySettings{host=null, port=null, username=null, password=null}}, connectionPoolSettings=ConnectionPoolSettings{maxSize=100, minSize=0, maxWaitTimeMS=120000, maxConnectionLifeTimeMS=0, maxConnectionIdleTimeMS=0, maintenanceInitialDelayMS=0, maintenanceFrequencyMS=60000, connectionPoolListeners=[io.micrometer.core.instrument.binder.mongodb.MongoMetricsConnectionPoolListener@2e57c15e], maxConnecting=2}, serverSettings=ServerSettings{heartbeatFrequencyMS=10000, minHeartbeatFrequencyMS=500, serverMonitoringMode=AUTO, serverListeners='[]', serverMonitorListeners='[]'}, sslSettings=SslSettings{enabled=false, invalidHostNameAllowed=false, context=null}, applicationName='null', compressorList=[], uuidRepresentation=JAVA_LEGACY, serverApi=null, autoEncryptionSettings=null, dnsClient=null, inetAddressResolver=null, contextProvider=null, timeoutMS=null}
2026-09-25T22:03:46.507+02:00  INFO 71712 --- [agilityhub-core-api] [localhost:52087] org.mongodb.driver.cluster               : Monitor thread successfully connected to server with description ServerDescription{address=localhost:52087, type=REPLICA_SET_PRIMARY, cryptd=false, state=CONNECTED, ok=true, minWireVersion=0, maxWireVersion=21, maxDocumentSize=16777216, logicalSessionTimeoutMinutes=30, roundTripTimeNanos=1097083, minRoundTripTimeNanos=0, setName='docker-rs', canonicalAddress=699a2a8e9456:27017, hosts=[699a2a8e9456:27017], passives=[], arbiters=[], primary='699a2a8e9456:27017', tagSet=TagSet{[]}, electionId=7fffffff0000000000000001, setVersion=1, topologyVersion=TopologyVersion{processId=6ab6d39ba52a32acfe8a05a3, counter=6}, lastWriteDate=Fri Sep 25 22:03:46 CEST 2026, lastUpdateTimeNanos=170431916745416}
2026-09-25T22:03:47.478+02:00  INFO 71712 --- [agilityhub-core-api] [           main] o.s.b.t.m.w.SpringBootMockServletContext : Initializing Spring TestDispatcherServlet ''
2026-09-25T22:03:47.478+02:00  INFO 71712 --- [agilityhub-core-api] [           main] o.s.t.web.servlet.TestDispatcherServlet  : Initializing Servlet ''
2026-09-25T22:03:47.479+02:00  INFO 71712 --- [agilityhub-core-api] [           main] o.s.t.web.servlet.TestDispatcherServlet  : Completed initialization in 0 ms
2026-09-25T22:03:47.524+02:00  INFO 71712 --- [agilityhub-core-api] [           main] c.a.c.p.a.definition.ClubDefinitionsIT   : Started ClubDefinitionsIT in 1.249 seconds (process running for 9.017)
[ERROR] Tests run: 1, Failures: 0, Errors: 1, Skipped: 0, Time elapsed: 1.588 s <<< FAILURE! -- in com.agilityhub.core.platform.application.definition.ClubDefinitionsIT
[ERROR] com.agilityhub.core.platform.application.definition.ClubDefinitionsIT.T_02_04_T_17_01_aProfileSwitchKeepsTheStoredTaxIdAndOnlyAChangedOneIsChecked -- Time elapsed: 0.256 s <<< ERROR!
com.agilityhub.core.shared.domain.ApiException: VALIDATION_ERROR
	at com.agilityhub.core.platform.application.definition.ClubDefinitionWriter.plan(ClubDefinitionWriter.java:111)
	at com.agilityhub.core.platform.application.definition.ClubDefinitionWriter.apply(ClubDefinitionWriter.java:79)
	at java.base/jdk.internal.reflect.DirectMethodHandleAccessor.invoke(DirectMethodHandleAccessor.java:103)
	at java.base/java.lang.reflect.Method.invoke(Method.java:580)
	at org.springframework.aop.support.AopUtils.invokeJoinpointUsingReflection(AopUtils.java:360)
	at org.springframework.aop.framework.ReflectiveMethodInvocation.invokeJoinpoint(ReflectiveMethodInvocation.java:196)
	at org.springframework.aop.framework.ReflectiveMethodInvocation.proceed(ReflectiveMethodInvocation.java:163)
	at org.springframework.aop.aspectj.MethodInvocationProceedingJoinPoint.proceed(MethodInvocationProceedingJoinPoint.java:89)
	at com.agilityhub.core.platform.application.audit.AuditedAspect.audit(AuditedAspect.java:47)
	at java.base/jdk.internal.reflect.DirectMethodHandleAccessor.invoke(DirectMethodHandleAccessor.java:103)
	at java.base/java.lang.reflect.Method.invoke(Method.java:580)
	at org.springframework.aop.aspectj.AbstractAspectJAdvice.invokeAdviceMethodWithGivenArgs(AbstractAspectJAdvice.java:649)
	at org.springframework.aop.aspectj.AbstractAspectJAdvice.invokeAdviceMethod(AbstractAspectJAdvice.java:631)
	at org.springframework.aop.aspectj.AspectJAroundAdvice.invoke(AspectJAroundAdvice.java:71)
	at org.springframework.aop.framework.ReflectiveMethodInvocation.proceed(ReflectiveMethodInvocation.java:173)
	at org.springframework.transaction.interceptor.TransactionAspectSupport.invokeWithinTransaction(TransactionAspectSupport.java:380)
	at org.springframework.transaction.interceptor.TransactionInterceptor.invoke(TransactionInterceptor.java:119)
	at org.springframework.aop.framework.ReflectiveMethodInvocation.proceed(ReflectiveMethodInvocation.java:184)
	at org.springframework.aop.interceptor.ExposeInvocationInterceptor.invoke(ExposeInvocationInterceptor.java:97)
	at org.springframework.aop.framework.ReflectiveMethodInvocation.proceed(ReflectiveMethodInvocation.java:184)
	at org.springframework.aop.framework.CglibAopProxy$DynamicAdvisedInterceptor.intercept(CglibAopProxy.java:728)
	at com.agilityhub.core.platform.application.definition.ClubDefinitionWriter$$SpringCGLIB$$0.apply(<generated>)
	at com.agilityhub.core.platform.application.definition.ClubDefinitions.apply(ClubDefinitions.java:53)
	at com.agilityhub.core.platform.application.definition.ClubDefinitions.apply(ClubDefinitions.java:45)
	at com.agilityhub.core.platform.application.definition.ClubDefinitionsIT.T_02_04_T_17_01_aProfileSwitchKeepsTheStoredTaxIdAndOnlyAChangedOneIsChecked(ClubDefinitionsIT.java:179)
	at java.base/java.lang.reflect.Method.invoke(Method.java:580)
	at java.base/java.util.ArrayList.forEach(ArrayList.java:1596)
	at java.base/java.util.ArrayList.forEach(ArrayList.java:1596)

[ERROR] Failures: 
[ERROR]   SignupPaymentMethodsIT.T_04_29_T_04_33_theD2ViewAndTheSubmissionResultsDeclareEveryNullTheySend:257 [MemberSignupView $.member.accountId: null found, string expected
MemberSignupView $.member.address.province: null found, string expected
MemberSignupView $.member.bookingBlock.byAccountId: null found, string expected
MemberSignupView $.member.bookingBlock.reason: null found, string expected
MemberSignupView $.member.bookingBlock.since: null found, string expected
MemberSignupView $.member.consents.imageRights.byAccountId: null found, string expected
MemberSignupView $.member.displayStatus.date: null found, string expected
MemberSignupView $.member.erasedAt: null found, string expected
MemberSignupView $.member.erasureRequestId: null found, string expected
MemberSignupView $.member.familyGroupId: null found, string expected
MemberSignupView $.member.internalNotes: null found, string expected
MemberSignupView $.member.joinedAt: null found, string expected
MemberSignupView $.member.lastName2: null found, string expected
MemberSignupView $.member.leaveDate: null found, string expected
MemberSignupView $.member.maskedAccount: null found, string expected
MemberSignupView $.member.memberNumber: null found, integer expected
MemberSignupView $.member.nextInvoiceDate: null found, string expected
MemberSignupView $.member.paymentMethod.channel: null found, string expected
MemberSignupView $.member.paymentMethod.holderName: null found, string expected
MemberSignupView $.member.paymentMethod.maskedAccount: null found, string expected
MemberSignupView $.member.phones[0].label: null found, string expected
MemberSignupView $.member.plan: null found, object expected
MemberSignupView $.member.planId: null found, string expected
MemberSignupView $.member.priceId: null found, string expected
MemberSignupView $.member.remarks: null found, string expected
MemberSignupView $.member.accountId: null found, string expected
MemberSignupView $.member.address.province: null found, string expected
MemberSignupView $.member.bookingBlock.byAccountId: null found, string expected
MemberSignupView $.member.bookingBlock.reason: null found, string expected
MemberSignupView $.member.bookingBlock.since: null found, string expected
MemberSignupView $.member.consents.imageRights.byAccountId: null found, string expected
MemberSignupView $.member.displayStatus.date: null found, string expected
MemberSignupView $.member.erasedAt: null found, string expected
MemberSignupView $.member.erasureRequestId: null found, string expected
MemberSignupView $.member.familyGroupId: null found, string expected
MemberSignupView $.member.internalNotes: null found, string expected
MemberSignupView $.member.joinedAt: null found, string expected
MemberSignupView $.member.lastName2: null found, string expected
MemberSignupView $.member.leaveDate: null found, string expected
MemberSignupView $.member.maskedAccount: null found, string expected
MemberSignupView $.member.memberNumber: null found, integer expected
MemberSignupView $.member.nextInvoiceDate: null found, string expected
MemberSignupView $.member.paymentMethod.channel: null found, string expected
MemberSignupView $.member.paymentMethod.maskedAccount: null found, string expected
MemberSignupView $.member.phones[0].label: null found, string expected
MemberSignupView $.member.plan: null found, object expected
MemberSignupView $.member.planId: null found, string expected
MemberSignupView $.member.priceId: null found, string expected
MemberSignupView $.member.remarks: null found, string expected
MemberSignupView $.member.address.province: null found, string expected
MemberSignupView $.member.bookingBlock.byAccountId: null found, string expected
MemberSignupView $.member.bookingBlock.reason: null found, string expected
MemberSignupView $.member.bookingBlock.since: null found, string expected
MemberSignupView $.member.consents.imageRights.byAccountId: null found, string expected
MemberSignupView $.member.displayStatus.date: null found, string expected
MemberSignupView $.member.erasedAt: null found, string expected
MemberSignupView $.member.erasureRequestId: null found, string expected
MemberSignupView $.member.familyGroupId: null found, string expected
MemberSignupView $.member.internalNotes: null found, string expected
MemberSignupView $.member.lastName2: null found, string expected
MemberSignupView $.member.leaveDate: null found, string expected
MemberSignupView $.member.maskedAccount: null found, string expected
MemberSignupView $.member.paymentMethod.channel: null found, string expected
MemberSignupView $.member.paymentMethod.holderName: null found, string expected
MemberSignupView $.member.paymentMethod.maskedAccount: null found, string expected
MemberSignupView $.member.phones[0].label: null found, string expected
MemberSignupView $.member.remarks: null found, string expected
MemberSignupView $.member.address.province: null found, string expected
MemberSignupView $.member.bookingBlock.byAccountId: null found, string expected
MemberSignupView $.member.bookingBlock.reason: null found, string expected
MemberSignupView $.member.bookingBlock.since: null found, string expected
MemberSignupView $.member.consents.imageRights.byAccountId: null found, string expected
MemberSignupView $.member.displayStatus.date: null found, string expected
MemberSignupView $.member.erasedAt: null found, string expected
MemberSignupView $.member.erasureRequestId: null found, string expected
MemberSignupView $.member.familyGroupId: null found, string expected
MemberSignupView $.member.internalNotes: null found, string expected
MemberSignupView $.member.lastName2: null found, string expected
MemberSignupView $.member.maskedAccount: null found, string expected
MemberSignupView $.member.paymentMethod.channel: null found, string expected
MemberSignupView $.member.paymentMethod.maskedAccount: null found, string expected
MemberSignupView $.member.phones[0].label: null found, string expected
MemberSignupView $.member.remarks: null found, string expected
MemberSignupView $.readmission.current.address.province: null found, string expected
MemberSignupView $.readmission.current.paymentMethod.channel: null found, string expected
MemberSignupView $.readmission.current.paymentMethod.maskedAccount: null found, string expected
MemberSignupView $.readmission.current.phones[0].label: null found, string expected
MemberSignupView $.readmission.submitted.address.province: null found, string expected
MemberSignupView $.readmission.submitted.paymentMethod.channel: null found, string expected
MemberSignupView $.readmission.submitted.paymentMethod.holderName: null found, string expected
MemberSignupView $.readmission.submitted.paymentMethod.maskedAccount: null found, string expected
MemberSignupView $.readmission.submitted.phones[0].label: null found, string expected
MemberSignupView $.member.accountId: null found, string expected
MemberSignupView $.member.address.province: null found, string expected
MemberSignupView $.member.billedViaMemberId: null found, string expected
MemberSignupView $.member.bookingBlock.byAccountId: null found, string expected
MemberSignupView $.member.bookingBlock.reason: null found, string expected
MemberSignupView $.member.bookingBlock.since: null found, string expected
MemberSignupView $.member.consents.imageRights.byAccountId: null found, string expected
MemberSignupView $.member.displayStatus.date: null found, string expected
MemberSignupView $.member.erasedAt: null found, string expected
MemberSignupView $.member.erasureRequestId: null found, string expected
MemberSignupView $.member.familyGroupId: null found, string expected
MemberSignupView $.member.internalNotes: null found, string expected
MemberSignupView $.member.joinedAt: null found, string expected
MemberSignupView $.member.lastName2: null found, string expected
MemberSignupView $.member.leaveDate: null found, string expected
MemberSignupView $.member.maskedAccount: null found, string expected
MemberSignupView $.member.memberNumber: null found, integer expected
MemberSignupView $.member.nextInvoiceDate: null found, string expected
MemberSignupView $.member.paymentMethod: null found, object expected
MemberSignupView $.member.phones[0].label: null found, string expected
MemberSignupView $.member.plan: null found, object expected
MemberSignupView $.member.planId: null found, string expected
MemberSignupView $.member.priceId: null found, string expected
MemberSignupView $.member.remarks: null found, string expected] 
Expecting empty but was: ["MemberSignupView $.member.accountId: null found, string expected",
    "MemberSignupView $.member.address.province: null found, string expected",
    "MemberSignupView $.member.bookingBlock.byAccountId: null found, string expected",
    "MemberSignupView $.member.bookingBlock.reason: null found, string expected",
    "MemberSignupView $.member.bookingBlock.since: null found, string expected",
    "MemberSignupView $.member.consents.imageRights.byAccountId: null found, string expected",
    "MemberSignupView $.member.displayStatus.date: null found, string expected",
    "MemberSignupView $.member.erasedAt: null found, string expected",
    "MemberSignupView $.member.erasureRequestId: null found, string expected",
    "MemberSignupView $.member.familyGroupId: null found, string expected",
    "MemberSignupView $.member.internalNotes: null found, string expected",
    "MemberSignupView $.member.joinedAt: null found, string expected",
    "MemberSignupView $.member.lastName2: null found, string expected",
    "MemberSignupView $.member.leaveDate: null found, string expected",
    "MemberSignupView $.member.maskedAccount: null found, string expected",
    "MemberSignupView $.member.memberNumber: null found, integer expected",
    "MemberSignupView $.member.nextInvoiceDate: null found, string expected",
    "MemberSignupView $.member.paymentMethod.channel: null found, string expected",
    "MemberSignupView $.member.paymentMethod.holderName: null found, string expected",
    "MemberSignupView $.member.paymentMethod.maskedAccount: null found, string expected",
    "MemberSignupView $.member.phones[0].label: null found, string expected",
    "MemberSignupView $.member.plan: null found, object expected",
    "MemberSignupView $.member.planId: null found, string expected",
    "MemberSignupView $.member.priceId: null found, string expected",
    "MemberSignupView $.member.remarks: null found, string expected",
    "MemberSignupView $.member.accountId: null found, string expected",
    "MemberSignupView $.member.address.province: null found, string expected",
    "MemberSignupView $.member.bookingBlock.byAccountId: null found, string expected",
    "MemberSignupView $.member.bookingBlock.reason: null found, string expected",
    "MemberSignupView $.member.bookingBlock.since: null found, string expected",
    "MemberSignupView $.member.consents.imageRights.byAccountId: null found, string expected",
    "MemberSignupView $.member.displayStatus.date: null found, string expected",
    "MemberSignupView $.member.erasedAt: null found, string expected",
    "MemberSignupView $.member.erasureRequestId: null found, string expected",
    "MemberSignupView $.member.familyGroupId: null found, string expected",
    "MemberSignupView $.member.internalNotes: null found, string expected",
    "MemberSignupView $.member.joinedAt: null found, string expected",
    "MemberSignupView $.member.lastName2: null found, string expected",
    "MemberSignupView $.member.leaveDate: null found, string expected",
    "MemberSignupView $.member.maskedAccount: null found, string expected",
    "MemberSignupView $.member.memberNumber: null found, integer expected",
    "MemberSignupView $.member.nextInvoiceDate: null found, string expected",
    "MemberSignupView $.member.paymentMethod.channel: null found, string expected",
    "MemberSignupView $.member.paymentMethod.maskedAccount: null found, string expected",
    "MemberSignupView $.member.phones[0].label: null found, string expected",
    "MemberSignupView $.member.plan: null found, object expected",
    "MemberSignupView $.member.planId: null found, string expected",
    "MemberSignupView $.member.priceId: null found, string expected",
    "MemberSignupView $.member.remarks: null found, string expected",
    "MemberSignupView $.member.address.province: null found, string expected",
    "MemberSignupView $.member.bookingBlock.byAccountId: null found, string expected",
    "MemberSignupView $.member.bookingBlock.reason: null found, string expected",
    "MemberSignupView $.member.bookingBlock.since: null found, string expected",
    "MemberSignupView $.member.consents.imageRights.byAccountId: null found, string expected",
    "MemberSignupView $.member.displayStatus.date: null found, string expected",
    "MemberSignupView $.member.erasedAt: null found, string expected",
    "MemberSignupView $.member.erasureRequestId: null found, string expected",
    "MemberSignupView $.member.familyGroupId: null found, string expected",
    "MemberSignupView $.member.internalNotes: null found, string expected",
    "MemberSignupView $.member.lastName2: null found, string expected",
    "MemberSignupView $.member.leaveDate: null found, string expected",
    "MemberSignupView $.member.maskedAccount: null found, string expected",
    "MemberSignupView $.member.paymentMethod.channel: null found, string expected",
    "MemberSignupView $.member.paymentMethod.holderName: null found, string expected",
    "MemberSignupView $.member.paymentMethod.maskedAccount: null found, string expected",
    "MemberSignupView $.member.phones[0].label: null found, string expected",
    "MemberSignupView $.member.remarks: null found, string expected",
    "MemberSignupView $.member.address.province: null found, string expected",
    "MemberSignupView $.member.bookingBlock.byAccountId: null found, string expected",
    "MemberSignupView $.member.bookingBlock.reason: null found, string expected",
    "MemberSignupView $.member.bookingBlock.since: null found, string expected",
    "MemberSignupView $.member.consents.imageRights.byAccountId: null found, string expected",
    "MemberSignupView $.member.displayStatus.date: null found, string expected",
    "MemberSignupView $.member.erasedAt: null found, string expected",
    "MemberSignupView $.member.erasureRequestId: null found, string expected",
    "MemberSignupView $.member.familyGroupId: null found, string expected",
    "MemberSignupView $.member.internalNotes: null found, string expected",
    "MemberSignupView $.member.lastName2: null found, string expected",
    "MemberSignupView $.member.maskedAccount: null found, string expected",
    "MemberSignupView $.member.paymentMethod.channel: null found, string expected",
    "MemberSignupView $.member.paymentMethod.maskedAccount: null found, string expected",
    "MemberSignupView $.member.phones[0].label: null found, string expected",
    "MemberSignupView $.member.remarks: null found, string expected",
    "MemberSignupView $.readmission.current.address.province: null found, string expected",
    "MemberSignupView $.readmission.current.paymentMethod.channel: null found, string expected",
    "MemberSignupView $.readmission.current.paymentMethod.maskedAccount: null found, string expected",
    "MemberSignupView $.readmission.current.phones[0].label: null found, string expected",
    "MemberSignupView $.readmission.submitted.address.province: null found, string expected",
    "MemberSignupView $.readmission.submitted.paymentMethod.channel: null found, string expected",
    "MemberSignupView $.readmission.submitted.paymentMethod.holderName: null found, string expected",
    "MemberSignupView $.readmission.submitted.paymentMethod.maskedAccount: null found, string expected",
    "MemberSignupView $.readmission.submitted.phones[0].label: null found, string expected",
    "MemberSignupView $.member.accountId: null found, string expected",
    "MemberSignupView $.member.address.province: null found, string expected",
    "MemberSignupView $.member.billedViaMemberId: null found, string expected",
    "MemberSignupView $.member.bookingBlock.byAccountId: null found, string expected",
    "MemberSignupView $.member.bookingBlock.reason: null found, string expected",
    "MemberSignupView $.member.bookingBlock.since: null found, string expected",
    "MemberSignupView $.member.consents.imageRights.byAccountId: null found, string expected",
    "MemberSignupView $.member.displayStatus.date: null found, string expected",
    "MemberSignupView $.member.erasedAt: null found, string expected",
    "MemberSignupView $.member.erasureRequestId: null found, string expected",
    "MemberSignupView $.member.familyGroupId: null found, string expected",
    "MemberSignupView $.member.internalNotes: null found, string expected",
    "MemberSignupView $.member.joinedAt: null found, string expected",
    "MemberSignupView $.member.lastName2: null found, string expected",
    "MemberSignupView $.member.leaveDate: null found, string expected",
    "MemberSignupView $.member.maskedAccount: null found, string expected",
    "MemberSignupView $.member.memberNumber: null found, integer expected",
    "MemberSignupView $.member.nextInvoiceDate: null found, string expected",
    "MemberSignupView $.member.paymentMethod: null found, object expected",
    "MemberSignupView $.member.phones[0].label: null found, string expected",
    "MemberSignupView $.member.plan: null found, object expected",
    "MemberSignupView $.member.planId: null found, string expected",
    "MemberSignupView $.member.priceId: null found, string expected",
    "MemberSignupView $.member.remarks: null found, string expected"]
[ERROR]   SettingsIT.T_02_11_R_02_06_theTaxIdIsCheckedOnlyWhenTheRequestChangesIt:309->json:71 Status expected:<200> but was:<400>
[ERROR] Errors: 
[ERROR]   ClubDefinitionsIT.T_02_04_T_17_01_aProfileSwitchKeepsTheStoredTaxIdAndOnlyAChangedOneIsChecked:179 » Api VALIDATION_ERROR
[ERROR] Tests run: 3, Failures: 2, Errors: 1, Skipped: 0
[ERROR] Failed to execute goal org.apache.maven.plugins:maven-failsafe-plugin:3.5.6:verify (default) on project agilityhub-core-api: There are test failures.
[ERROR] 
[ERROR] See /Users/jordib/dev/agilityhub/agilityhub-core-api/target/failsafe-reports for the individual test results.
[ERROR] See dump files (if any exist) [date].dump, [date]-jvmRun[N].dump and [date].dumpstream.
[ERROR] -> [Help 1]
[ERROR] 
[ERROR] To see the full stack trace of the errors, re-run Maven with the -e switch.
[ERROR] Re-run Maven using the -X switch to enable full debug logging.
[ERROR] 
[ERROR] For more information about the errors and possible solutions, please read the following articles:
[ERROR] [Help 1] http://cwiki.apache.org/confluence/display/MAVEN/MojoFailureException
