[ERROR] Tests run: 1, Failures: 1, Errors: 0, Skipped: 0, Time elapsed: 0.114 s <<< FAILURE! -- in com.agilityhub.core.configuration.E3GateFixesContractTest
[ERROR] com.agilityhub.core.configuration.E3GateFixesContractTest.T_04_29_T_04_33_everyOptionalPropertyTheSignupViewsSendAsNullIsNullable -- Time elapsed: 0.043 s <<< FAILURE!
java.lang.AssertionError: 
[optional properties sent as null that the snapshot does not declare nullable] 
Expecting empty but was: ["Member.accountId",
    "Member.memberNumber",
    "Member.idDocument",
    "Member.lastName2",
    "Member.paymentMethod",
    "Member.maskedAccount",
    "Member.planId",
    "Member.priceId",
    "Member.nextInvoiceDate",
    "Member.consents",
    "Member.remarks",
    "Member.internalNotes",
    "Member.joinedAt",
    "Member.leaveDate",
    "Member.familyGroupId",
    "Member.erasedAt",
    "Member.erasureRequestId",
    "Member.plan",
    "Member.billedViaMemberId",
    "Phone.label",
    "Address.province",
    "Address.country",
    "PaymentMethodView.maskedAccount",
    "PaymentMethodView.holderName",
    "PaymentMethodView.channel",
    "ImageRights.at",
    "ImageRights.version",
    "ImageRights.byAccountId",
    "DisplayStatus.date",
    "BookingBlock.reason",
    "BookingBlock.since",
    "BookingBlock.byAccountId",
    "PlanReference.billingMode",
    "FamilyMember.memberNumber",
    "FamilyDog.levelCode",
    "LevelSummary.color"]
	at com.agilityhub.core.configuration.E3GateFixesContractTest.T_04_29_T_04_33_everyOptionalPropertyTheSignupViewsSendAsNullIsNullable(E3GateFixesContractTest.java:94)
	at java.base/java.lang.reflect.Method.invoke(Method.java:580)
	at java.base/java.util.ArrayList.forEach(ArrayList.java:1596)
	at java.base/java.util.ArrayList.forEach(ArrayList.java:1596)

[ERROR] Failures: 
[ERROR]   E3GateFixesContractTest.T_04_29_T_04_33_everyOptionalPropertyTheSignupViewsSendAsNullIsNullable:94 [optional properties sent as null that the snapshot does not declare nullable] 
Expecting empty but was: ["Member.accountId",
    "Member.memberNumber",
    "Member.idDocument",
    "Member.lastName2",
    "Member.paymentMethod",
    "Member.maskedAccount",
    "Member.planId",
    "Member.priceId",
    "Member.nextInvoiceDate",
    "Member.consents",
    "Member.remarks",
    "Member.internalNotes",
    "Member.joinedAt",
    "Member.leaveDate",
    "Member.familyGroupId",
    "Member.erasedAt",
    "Member.erasureRequestId",
    "Member.plan",
    "Member.billedViaMemberId",
    "Phone.label",
    "Address.province",
    "Address.country",
    "PaymentMethodView.maskedAccount",
    "PaymentMethodView.holderName",
    "PaymentMethodView.channel",
    "ImageRights.at",
    "ImageRights.version",
    "ImageRights.byAccountId",
    "DisplayStatus.date",
    "BookingBlock.reason",
    "BookingBlock.since",
    "BookingBlock.byAccountId",
    "PlanReference.billingMode",
    "FamilyMember.memberNumber",
    "FamilyDog.levelCode",
    "LevelSummary.color"]
[ERROR] Tests run: 1, Failures: 1, Errors: 0, Skipped: 0
[ERROR] Failed to execute goal org.apache.maven.plugins:maven-surefire-plugin:3.5.6:test (default-test) on project agilityhub-core-api: There are test failures.
[ERROR] 
[ERROR] See /Users/jordib/dev/agilityhub/agilityhub-core-api/target/surefire-reports for the individual test results.
[ERROR] See dump files (if any exist) [date].dump, [date]-jvmRun[N].dump and [date].dumpstream.
[ERROR] -> [Help 1]
[ERROR] 
[ERROR] To see the full stack trace of the errors, re-run Maven with the -e switch.
[ERROR] Re-run Maven using the -X switch to enable full debug logging.
[ERROR] 
[ERROR] For more information about the errors and possible solutions, please read the following articles:
[ERROR] [Help 1] http://cwiki.apache.org/confluence/display/MAVEN/MojoFailureException
