2026-10-08T13:12:18.1742252Z Current runner version: '2.337.0'
2026-10-08T13:12:18.1767133Z ##[group]Runner Image Provisioner
2026-10-08T13:12:18.1768069Z Hosted Compute Agent
2026-10-08T13:12:18.1768773Z Version: 20260901.588
2026-10-08T13:12:18.1769411Z Commit: [hash truncated]
2026-10-08T13:12:18.1770118Z Build Date: 2026-09-01T19:56:44Z
2026-10-08T13:12:18.1770861Z Worker ID: {44c619bc-22d4-4dd8-ac1d-ade099aa8625}
2026-10-08T13:12:18.1771582Z Azure Region: westus3
2026-10-08T13:12:18.1772266Z ##[endgroup]
2026-10-08T13:12:18.1774221Z ##[group]Operating System
2026-10-08T13:12:18.1774854Z Ubuntu
2026-10-08T13:12:18.1775456Z 24.04.5
2026-10-08T13:12:18.1775999Z LTS
2026-10-08T13:12:18.1776579Z ##[endgroup]
2026-10-08T13:12:18.1777138Z ##[group]Runner Image
2026-10-08T13:12:18.1777728Z Image: ubuntu-24.04
2026-10-08T13:12:18.1778336Z Version: 20260927.320.1
2026-10-08T13:12:18.1779627Z Included Software: https://github.com/actions/runner-images/blob/ubuntu24/20260927.320/images/ubuntu/Ubuntu2404-Readme.md
2026-10-08T13:12:18.1781231Z Image Release: https://github.com/actions/runner-images/releases/tag/ubuntu24%2F20260927.320
2026-10-08T13:12:18.1782632Z ##[endgroup]
2026-10-08T13:12:18.1783935Z ##[group]GITHUB_TOKEN Permissions
2026-10-08T13:12:18.1786167Z Contents: read
2026-10-08T13:12:18.1786784Z Metadata: read
2026-10-08T13:12:18.1787325Z ##[endgroup]
2026-10-08T13:12:18.1789495Z Secret source: Actions
2026-10-08T13:12:18.1790468Z Cache mode: write
2026-10-08T13:12:18.1791292Z Prepare workflow directory
2026-10-08T13:12:18.2131328Z Prepare all required actions
2026-10-08T13:12:18.2178826Z Getting action download info
2026-10-08T13:12:18.5276278Z Download action repository 'actions/checkout@[hash truncated]' (SHA:[hash truncated])
2026-10-08T13:12:18.6554242Z Download action repository 'gitleaks/gitleaks-action@[hash truncated]' (SHA:[hash truncated])
2026-10-08T13:12:19.4485193Z Complete job name: Secret scan
2026-10-08T13:12:19.5358815Z ##[group]Run actions/checkout@[hash truncated]
2026-10-08T13:12:19.5360031Z with:
2026-10-08T13:12:19.5360511Z   fetch-depth: 0
2026-10-08T13:12:19.5361020Z   persist-credentials: false
2026-10-08T13:12:19.5361631Z   repository: jboixtcm/agilityhub-core-api
2026-10-08T13:12:19.5366200Z   token: ***
2026-10-08T13:12:19.5366711Z   ssh-strict: true
2026-10-08T13:12:19.5367220Z   ssh-user: git
2026-10-08T13:12:19.5367927Z   clean: true
2026-10-08T13:12:19.5368828Z   sparse-checkout-cone-mode: true
2026-10-08T13:12:19.5369761Z   fetch-tags: false
2026-10-08T13:12:19.5370601Z   show-progress: true
2026-10-08T13:12:19.5371445Z   lfs: false
2026-10-08T13:12:19.5372263Z   submodules: false
2026-10-08T13:12:19.5373432Z   set-safe-directory: true
2026-10-08T13:12:19.5374419Z   allow-unsafe-pr-checkout: false
2026-10-08T13:12:19.5375935Z ##[endgroup]
2026-10-08T13:12:19.6423786Z Syncing repository: jboixtcm/agilityhub-core-api
2026-10-08T13:12:19.6426133Z ##[group]Getting Git version info
2026-10-08T13:12:19.6427119Z Working directory is '/home/runner/work/agilityhub-core-api/agilityhub-core-api'
2026-10-08T13:12:19.6428837Z [command]/usr/bin/git version
2026-10-08T13:12:19.6513480Z git version 2.55.0
2026-10-08T13:12:19.6536412Z ##[endgroup]
2026-10-08T13:12:19.6544439Z Temporarily overriding HOME='/home/runner/work/_temp/97113dcd-cf96-4fb1-892d-b1abdd93483d' before making global git config changes
2026-10-08T13:12:19.6554516Z Adding repository directory to the temporary git global config as a safe directory
2026-10-08T13:12:19.6557170Z [command]/usr/bin/git config --global --add safe.directory /home/runner/work/agilityhub-core-api/agilityhub-core-api
2026-10-08T13:12:19.6603458Z Deleting the contents of '/home/runner/work/agilityhub-core-api/agilityhub-core-api'
2026-10-08T13:12:19.6606737Z ##[group]Determining repository object format
2026-10-08T13:12:19.6608318Z ##[endgroup]
2026-10-08T13:12:19.6609952Z ##[group]Initializing the repository
2026-10-08T13:12:19.6613045Z [command]/usr/bin/git init /home/runner/work/agilityhub-core-api/agilityhub-core-api
2026-10-08T13:12:19.6744002Z hint: Using 'master' as the name for the initial branch. This default branch name
2026-10-08T13:12:19.6745864Z hint: will change to "main" in Git 3.0. To configure the initial branch name
2026-10-08T13:12:19.6747169Z hint: to use in all of your new repositories, which will suppress this warning,
2026-10-08T13:12:19.6747978Z hint: call:
2026-10-08T13:12:19.6748420Z hint:
2026-10-08T13:12:19.6749007Z hint: 	git config --global init.defaultBranch <name>
2026-10-08T13:12:19.6749689Z hint:
2026-10-08T13:12:19.6750320Z hint: Names commonly chosen instead of 'master' are 'main', 'trunk' and
2026-10-08T13:12:19.6751332Z hint: 'development'. The just-created branch can be renamed via this command:
2026-10-08T13:12:19.6752129Z hint:
2026-10-08T13:12:19.6752575Z hint: 	git branch -m <name>
2026-10-08T13:12:19.6753693Z hint:
2026-10-08T13:12:19.6755078Z hint: Disable this message with "git config set advice.defaultBranchName false"
2026-10-08T13:12:19.6757455Z Initialized empty Git repository in /home/runner/work/agilityhub-core-api/agilityhub-core-api/.git/
2026-10-08T13:12:19.6775735Z [command]/usr/bin/git remote add origin https://github.com/jboixtcm/agilityhub-core-api
2026-10-08T13:12:19.6831566Z ##[endgroup]
2026-10-08T13:12:19.6833239Z ##[group]Disabling automatic garbage collection
2026-10-08T13:12:19.6842364Z [command]/usr/bin/git config --local gc.auto 0
2026-10-08T13:12:19.6869167Z ##[endgroup]
2026-10-08T13:12:19.6870395Z ##[group]Setting up auth
2026-10-08T13:12:19.6871392Z Removing SSH command configuration
2026-10-08T13:12:19.6875275Z [command]/usr/bin/git config --local --name-only --get-regexp core\.sshCommand
2026-10-08T13:12:19.6915476Z [command]/usr/bin/git submodule foreach --recursive sh -c "git config --local --name-only --get-regexp 'core\.sshCommand' && git config --local --unset-all 'core.sshCommand' || :"
2026-10-08T13:12:19.7308208Z Removing HTTP extra header
2026-10-08T13:12:19.7314138Z [command]/usr/bin/git config --local --name-only --get-regexp http\.https\:\/\/github\.com\/\.extraheader
2026-10-08T13:12:19.7350126Z [command]/usr/bin/git submodule foreach --recursive sh -c "git config --local --name-only --get-regexp 'http\.https\:\/\/github\.com\/\.extraheader' && git config --local --unset-all 'http.https://github.com/.extraheader' || :"
2026-10-08T13:12:19.7568649Z Removing includeIf entries pointing to credentials config files
2026-10-08T13:12:19.7573557Z [command]/usr/bin/git config --local --name-only --get-regexp ^includeIf\.gitdir:
2026-10-08T13:12:19.7607507Z [command]/usr/bin/git submodule foreach --recursive git config --local --show-origin --name-only --get-regexp remote.origin.url
2026-10-08T13:12:19.7837633Z [command]/usr/bin/git config --file /home/runner/work/_temp/git-credentials-3cd1ea5e-a0c7-416b-8380-e589aa23fdba.config http.https://github.com/.extraheader AUTHORIZATION: basic ***
2026-10-08T13:12:19.7878215Z [command]/usr/bin/git config --local includeIf.gitdir:/home/runner/work/agilityhub-core-api/agilityhub-core-api/.git.path /home/runner/work/_temp/git-credentials-3cd1ea5e-a0c7-416b-8380-e589aa23fdba.config
2026-10-08T13:12:19.7911926Z [command]/usr/bin/git config --local includeIf.gitdir:/home/runner/work/agilityhub-core-api/agilityhub-core-api/.git/worktrees/*.path /home/runner/work/_temp/git-credentials-3cd1ea5e-a0c7-416b-8380-e589aa23fdba.config
2026-10-08T13:12:19.7951347Z [command]/usr/bin/git config --local includeIf.gitdir:/github/workspace/.git.path /github/runner_temp/git-credentials-3cd1ea5e-a0c7-416b-8380-e589aa23fdba.config
2026-10-08T13:12:19.7986591Z [command]/usr/bin/git config --local includeIf.gitdir:/github/workspace/.git/worktrees/*.path /github/runner_temp/git-credentials-3cd1ea5e-a0c7-416b-8380-e589aa23fdba.config
2026-10-08T13:12:19.8017567Z ##[endgroup]
2026-10-08T13:12:19.8018408Z ##[group]Fetching the repository
2026-10-08T13:12:19.8024094Z [command]/usr/bin/git -c protocol.version=2 fetch --no-tags --prune --no-recurse-submodules origin +refs/heads/*:refs/remotes/origin/* +refs/tags/*:refs/tags/*
2026-10-08T13:12:24.1228347Z From https://github.com/jboixtcm/agilityhub-core-api
2026-10-08T13:12:24.1230030Z  * [new branch]        dependabot/github_actions/actions/setup-java-6.0.1 -> origin/dependabot/github_actions/actions/setup-java-6.0.1
2026-10-08T13:12:24.1231480Z  * [new branch]        dependabot/github_actions/docker/build-push-action-7.4.0 -> origin/dependabot/github_actions/docker/build-push-action-7.4.0
2026-10-08T13:12:24.1232828Z  * [new branch]        dependabot/github_actions/docker/setup-buildx-action-4.4.1 -> origin/dependabot/github_actions/docker/setup-buildx-action-4.4.1
2026-10-08T13:12:24.1234107Z  * [new branch]        dependabot/github_actions/docker/setup-qemu-action-4.4.0 -> origin/dependabot/github_actions/docker/setup-qemu-action-4.4.0
2026-10-08T13:12:24.1235768Z  * [new branch]        dependabot/maven/com.ibm.icu-icu4j-78.3 -> origin/dependabot/maven/com.ibm.icu-icu4j-78.3
2026-10-08T13:12:24.1237479Z  * [new branch]        dependabot/maven/com.tngtech.archunit-archunit-junit5-1.5.0 -> origin/dependabot/maven/com.tngtech.archunit-archunit-junit5-1.5.0
2026-10-08T13:12:24.1238758Z  * [new branch]        dependabot/maven/org.apache.maven.plugins-maven-enforcer-plugin-3.6.3 -> origin/dependabot/maven/org.apache.maven.plugins-maven-enforcer-plugin-3.6.3
2026-10-08T13:12:24.1240464Z  * [new branch]        dependabot/maven/org.jacoco-jacoco-maven-plugin-0.8.15 -> origin/dependabot/maven/org.jacoco-jacoco-maven-plugin-0.8.15
2026-10-08T13:12:24.1241554Z  * [new branch]        dependabot/maven/org.pitest-pitest-maven-1.30.0 -> origin/dependabot/maven/org.pitest-pitest-maven-1.30.0
2026-10-08T13:12:24.1242206Z  * [new branch]        main       -> origin/main
2026-10-08T13:12:24.1242632Z  * [new branch]        release    -> origin/release
2026-10-08T13:12:24.1243312Z  * [new tag]           gate/E0    -> gate/E0
2026-10-08T13:12:24.1244720Z [command]/usr/bin/git branch --list --remote origin/main
2026-10-08T13:12:24.1271592Z   origin/main
2026-10-08T13:12:24.1279451Z [command]/usr/bin/git rev-parse refs/remotes/origin/main
2026-10-08T13:12:24.1305906Z [hash truncated]
2026-10-08T13:12:24.1309580Z ##[endgroup]
2026-10-08T13:12:24.1310193Z ##[group]Determining the checkout info
2026-10-08T13:12:24.1311123Z ##[endgroup]
2026-10-08T13:12:24.1314667Z [command]/usr/bin/git sparse-checkout disable
2026-10-08T13:12:24.1373669Z [command]/usr/bin/git config --local --unset-all extensions.worktreeConfig
2026-10-08T13:12:24.1407016Z ##[group]Checking out the ref
2026-10-08T13:12:24.1411747Z [command]/usr/bin/git checkout --progress --force -B main refs/remotes/origin/main
2026-10-08T13:12:24.9487661Z Switched to a new branch 'main'
2026-10-08T13:12:24.9493649Z branch 'main' set up to track 'origin/main'.
2026-10-08T13:12:24.9576516Z ##[endgroup]
2026-10-08T13:12:24.9627082Z [command]/usr/bin/git log -1 --format=%H
2026-10-08T13:12:24.9657376Z [hash truncated]
2026-10-08T13:12:24.9666304Z ##[group]Removing auth
2026-10-08T13:12:24.9666671Z Removing SSH command configuration
2026-10-08T13:12:24.9670248Z [command]/usr/bin/git config --local --name-only --get-regexp core\.sshCommand
2026-10-08T13:12:24.9707042Z [command]/usr/bin/git submodule foreach --recursive sh -c "git config --local --name-only --get-regexp 'core\.sshCommand' && git config --local --unset-all 'core.sshCommand' || :"
2026-10-08T13:12:24.9936525Z Removing HTTP extra header
2026-10-08T13:12:24.9940752Z [command]/usr/bin/git config --local --name-only --get-regexp http\.https\:\/\/github\.com\/\.extraheader
2026-10-08T13:12:24.9976775Z [command]/usr/bin/git submodule foreach --recursive sh -c "git config --local --name-only --get-regexp 'http\.https\:\/\/github\.com\/\.extraheader' && git config --local --unset-all 'http.https://github.com/.extraheader' || :"
2026-10-08T13:12:25.0200636Z Removing includeIf entries pointing to credentials config files
2026-10-08T13:12:25.0205054Z [command]/usr/bin/git config --local --name-only --get-regexp ^includeIf\.gitdir:
2026-10-08T13:12:25.0236157Z includeif.gitdir:/home/runner/work/agilityhub-core-api/agilityhub-core-api/.git.path
2026-10-08T13:12:25.0237367Z includeif.gitdir:/home/runner/work/agilityhub-core-api/agilityhub-core-api/.git/worktrees/*.path
2026-10-08T13:12:25.0238260Z includeif.gitdir:/github/workspace/.git.path
2026-10-08T13:12:25.0238878Z includeif.gitdir:/github/workspace/.git/worktrees/*.path
2026-10-08T13:12:25.0244897Z [command]/usr/bin/git config --local --get-all includeif.gitdir:/home/runner/work/agilityhub-core-api/agilityhub-core-api/.git.path
2026-10-08T13:12:25.0270890Z /home/runner/work/_temp/git-credentials-3cd1ea5e-a0c7-416b-8380-e589aa23fdba.config
2026-10-08T13:12:25.0279887Z [command]/usr/bin/git config --local --unset includeif.gitdir:/home/runner/work/agilityhub-core-api/agilityhub-core-api/.git.path \/home\/runner\/work\/_temp\/git\-credentials\-3cd1ea5e\-a0c7\-416b\-8380\-e589aa23fdba\.config
2026-10-08T13:12:25.0344161Z [command]/usr/bin/git config --local --get-all includeif.gitdir:/home/runner/work/agilityhub-core-api/agilityhub-core-api/.git/worktrees/*.path
2026-10-08T13:12:25.0358888Z /home/runner/work/_temp/git-credentials-3cd1ea5e-a0c7-416b-8380-e589aa23fdba.config
2026-10-08T13:12:25.0384852Z [command]/usr/bin/git config --local --unset includeif.gitdir:/home/runner/work/agilityhub-core-api/agilityhub-core-api/.git/worktrees/*.path \/home\/runner\/work\/_temp\/git\-credentials\-3cd1ea5e\-a0c7\-416b\-8380\-e589aa23fdba\.config
2026-10-08T13:12:25.0402036Z [command]/usr/bin/git config --local --get-all includeif.gitdir:/github/workspace/.git.path
2026-10-08T13:12:25.0440695Z /github/runner_temp/git-credentials-3cd1ea5e-a0c7-416b-8380-e589aa23fdba.config
2026-10-08T13:12:25.0443935Z [command]/usr/bin/git config --local --unset includeif.gitdir:/github/workspace/.git.path \/github\/runner_temp\/git\-credentials\-3cd1ea5e\-a0c7\-416b\-8380\-e589aa23fdba\.config
2026-10-08T13:12:25.0482497Z [command]/usr/bin/git config --local --get-all includeif.gitdir:/github/workspace/.git/worktrees/*.path
2026-10-08T13:12:25.0510282Z /github/runner_temp/git-credentials-3cd1ea5e-a0c7-416b-8380-e589aa23fdba.config
2026-10-08T13:12:25.0518663Z [command]/usr/bin/git config --local --unset includeif.gitdir:/github/workspace/.git/worktrees/*.path \/github\/runner_temp\/git\-credentials\-3cd1ea5e\-a0c7\-416b\-8380\-e589aa23fdba\.config
2026-10-08T13:12:25.0556599Z [command]/usr/bin/git submodule foreach --recursive git config --local --show-origin --name-only --get-regexp remote.origin.url
2026-10-08T13:12:25.0802589Z Removing credentials config '/home/runner/work/_temp/git-credentials-3cd1ea5e-a0c7-416b-8380-e589aa23fdba.config'
2026-10-08T13:12:25.0813380Z ##[endgroup]
2026-10-08T13:12:25.1031097Z ##[group]Run gitleaks/gitleaks-action@[hash truncated]
2026-10-08T13:12:25.1031523Z env:
2026-10-08T13:12:25.1034641Z   GITHUB_TOKEN: ***
2026-10-08T13:12:25.1034873Z   GITLEAKS_LICENSE:
2026-10-08T13:12:25.1035098Z   GITLEAKS_VERSION: 8.30.1
2026-10-08T13:12:25.1035345Z   GITLEAKS_ENABLE_COMMENTS: false
2026-10-08T13:12:25.1035619Z ##[endgroup]
2026-10-08T13:12:25.2704753Z (node:2392) [DEP0040] DeprecationWarning: The `punycode` module is deprecated. Please use a userland alternative instead.
2026-10-08T13:12:25.2705482Z (Use `node --trace-deprecation ...` to show where the warning was created)
2026-10-08T13:12:25.2825590Z (node:2392) [DEP0169] DeprecationWarning: `url.parse()` behavior is not standardized and prone to errors that have security implications. Use the WHATWG URL API instead. CVEs are not issued for `url.parse()` vulnerabilities.
2026-10-08T13:12:25.6097095Z [jboixtcm] is an individual user. No license key is required.
2026-10-08T13:12:25.6098352Z gitleaks version: 8.30.1
2026-10-08T13:12:25.6100564Z Version to install: 8.30.1 (target directory: /tmp/gitleaks-8.30.1)
2026-10-08T13:12:25.8121372Z Cache hit for: gitleaks-cache-8.30.1-linux-x64
2026-10-08T13:12:26.8681727Z Received 8088571 of 8088571 (100.0%), 9.3 MBs/sec
2026-10-08T13:12:26.8684240Z Cache Size: ~8 MB (8088571 B)
2026-10-08T13:12:26.8718068Z [command]/usr/bin/tar -xf /home/runner/work/_temp/a5faaa49-f296-4b56-a811-f51d9ba6ca7b/cache.tzst -P -C /home/runner/work/agilityhub-core-api/agilityhub-core-api --use-compress-program unzstd
2026-10-08T13:12:26.9176421Z Cache restored successfully
2026-10-08T13:12:26.9182600Z Gitleaks restored from cache
2026-10-08T13:12:26.9185641Z event type: push
2026-10-08T13:12:26.9194427Z gitleaks cmd: gitleaks detect --redact -v --exit-code=2 --report-format=sarif --report-path=results.sarif --log-level=debug --log-opts=-1
2026-10-08T13:12:26.9208751Z [command]/tmp/gitleaks-8.30.1/gitleaks detect --redact -v --exit-code=2 --report-format=sarif --report-path=results.sarif --log-level=debug --log-opts=-1
2026-10-08T13:12:27.1996922Z
2026-10-08T13:12:27.1997623Z     ○
2026-10-08T13:12:27.1998396Z     │╲
2026-10-08T13:12:27.1999123Z     │ ○
2026-10-08T13:12:27.1999484Z     ○ ░
2026-10-08T13:12:27.2000241Z     ░    gitleaks
2026-10-08T13:12:27.2000501Z
2026-10-08T13:12:27.2000871Z 1:12PM DBG using github.com/wasilibs/go-re2 regex engine
2026-10-08T13:12:27.2001691Z 1:12PM DBG using existing gitleaks config .gitleaks.toml from `(--source)/.gitleaks.toml`
2026-10-08T13:12:27.2003434Z 1:12PM DBG no minVersion specified in config... consider adding minVersion to ensure compatibility. config path=/home/runner/work/agilityhub-core-api/agilityhub-core-api/.gitleaks.toml
2026-10-08T13:12:27.3472036Z 1:12PM DBG extending config with default config
2026-10-08T13:12:27.3479258Z 1:12PM DBG found .gitleaksignore file path=.gitleaksignore
2026-10-08T13:12:27.3480325Z 1:12PM DBG found .gitleaksignore file path=.gitleaksignore
2026-10-08T13:12:27.3481689Z 1:12PM DBG executing: /usr/bin/git -C . log -p -U0 -1
2026-10-08T13:12:27.3589562Z 1:12PM DBG SCM platform parsed from host host=github.com platform=github
2026-10-08T13:12:27.9091910Z 1:12PM INF 1 commits scanned.
2026-10-08T13:12:27.9174157Z 1:12PM DBG Note: this number might be smaller than expected due to commits with no additions
2026-10-08T13:12:27.9175489Z 1:12PM INF scanned ~2365052 bytes (2.37 MB) in 710ms
2026-10-08T13:12:27.9176352Z 1:12PM INF no leaks found
2026-10-08T13:12:27.9176915Z Artifact name is valid!
2026-10-08T13:12:27.9177377Z Root directory input is valid!
2026-10-08T13:12:28.2455102Z Beginning upload of artifact content to blob storage
2026-10-08T13:12:28.4901928Z Uploaded bytes 7151
2026-10-08T13:12:28.5531490Z Finished uploading artifact content to blob storage!
2026-10-08T13:12:28.5533478Z SHA256 digest of uploaded artifact zip is [hash truncated]
2026-10-08T13:12:28.5534658Z Finalizing artifact upload
2026-10-08T13:12:28.9090402Z Artifact gitleaks-results.sarif.zip successfully finalized. Artifact ID 11552942217
2026-10-08T13:12:28.9106159Z ✅ No leaks detected
2026-10-08T13:12:28.9256123Z ##[group]Run python3 bin/security-secret-policy-test.py
2026-10-08T13:12:28.9256591Z python3 bin/security-secret-policy-test.py
2026-10-08T13:12:28.9549076Z shell: /usr/bin/bash -e {0}
2026-10-08T13:12:28.9549357Z ##[endgroup]
2026-10-08T13:12:29.9023701Z PASS UUID trace/idempotency identifiers and empty example variables
2026-10-08T13:12:29.9024257Z PASS the exact fictional export filename argument
2026-10-08T13:12:29.9661714Z Traceback (most recent call last):
2026-10-08T13:12:29.9663141Z   File "/home/runner/work/agilityhub-core-api/agilityhub-core-api/bin/security-secret-policy-test.py", line 57, in <module>
2026-10-08T13:12:29.9664269Z     main()
2026-10-08T13:12:29.9665183Z   File "/home/runner/work/agilityhub-core-api/agilityhub-core-api/bin/security-secret-policy-test.py", line 52, in main
2026-10-08T13:12:29.9666550Z     assert code == 1 and len(findings) == 6, 'Every injected secret must remain detected'
2026-10-08T13:12:29.9667444Z            ^^^^^^^^^^^^^^^^^^^^^^^^^^^^^^^^
2026-10-08T13:12:29.9668347Z AssertionError: Every injected secret must remain detected
2026-10-08T13:12:29.9808337Z ##[error]Process completed with exit code 1.
2026-10-08T13:12:29.9944004Z Post job cleanup.
2026-10-08T13:12:30.0870952Z [command]/usr/bin/git version
2026-10-08T13:12:30.0953696Z git version 2.55.0
2026-10-08T13:12:30.0989836Z Temporarily overriding HOME='/home/runner/work/_temp/d4d12c36-aa26-4172-b418-9c069edf05e4' before making global git config changes
2026-10-08T13:12:30.0990822Z Adding repository directory to the temporary git global config as a safe directory
2026-10-08T13:12:30.0997522Z [command]/usr/bin/git config --global --add safe.directory /home/runner/work/agilityhub-core-api/agilityhub-core-api
2026-10-08T13:12:30.1326051Z Removing SSH command configuration
2026-10-08T13:12:30.1335318Z [command]/usr/bin/git config --local --name-only --get-regexp core\.sshCommand
2026-10-08T13:12:30.1384418Z [command]/usr/bin/git submodule foreach --recursive sh -c "git config --local --name-only --get-regexp 'core\.sshCommand' && git config --local --unset-all 'core.sshCommand' || :"
2026-10-08T13:12:30.1640990Z Removing HTTP extra header
2026-10-08T13:12:30.1647903Z [command]/usr/bin/git config --local --name-only --get-regexp http\.https\:\/\/github\.com\/\.extraheader
2026-10-08T13:12:30.1697435Z [command]/usr/bin/git submodule foreach --recursive sh -c "git config --local --name-only --get-regexp 'http\.https\:\/\/github\.com\/\.extraheader' && git config --local --unset-all 'http.https://github.com/.extraheader' || :"
2026-10-08T13:12:30.1946822Z Removing includeIf entries pointing to credentials config files
2026-10-08T13:12:30.1954910Z [command]/usr/bin/git config --local --name-only --get-regexp ^includeIf\.gitdir:
2026-10-08T13:12:30.1992574Z [command]/usr/bin/git submodule foreach --recursive git config --local --show-origin --name-only --get-regexp remote.origin.url
2026-10-08T13:12:30.2355227Z Cleaning up orphan processes

exit 0
