18:11:17.207 [main] INFO com.tngtech.archunit.core.PluginLoader -- Detected Java version 21.0.12.1
18:11:23.102 [main] INFO org.springframework.test.context.support.AnnotationConfigContextLoaderUtils -- Could not detect default configuration classes for test class [com.agilityhub.core.shared.persistence.TenantWriteTrackingIT]: TenantWriteTrackingIT does not declare any static, non-private, non-final, nested classes annotated with @Configuration.
18:11:23.284 [main] INFO org.springframework.boot.test.context.SpringBootTestContextBootstrapper -- Found @SpringBootConfiguration com.agilityhub.core.CoreApplication for test class com.agilityhub.core.shared.persistence.TenantWriteTrackingIT
18:11:23.416 [main] INFO org.testcontainers.images.PullPolicy -- Image pull policy will be performed by: DefaultPullPolicy()
18:11:23.417 [main] INFO org.testcontainers.utility.ImageNameSubstitutor -- Image name substitution will be performed by: DefaultImageNameSubstitutor (composite of 'ConfigurationFileImageNameSubstitutor' and 'PrefixingImageNameSubstitutor')
18:11:23.423 [main] INFO org.testcontainers.DockerClientFactory -- Testcontainers version: 1.21.4
18:11:23.610 [main] INFO org.testcontainers.dockerclient.DockerClientProviderStrategy -- Loaded org.testcontainers.dockerclient.UnixSocketClientProviderStrategy from ~/.testcontainers.properties, will try it first
18:11:23.827 [main] INFO org.testcontainers.dockerclient.DockerClientProviderStrategy -- Found Docker environment with local Unix socket (unix:///var/run/docker.sock)
18:11:23.827 [main] INFO org.testcontainers.DockerClientFactory -- Docker host IP address is localhost
18:11:23.843 [main] INFO org.testcontainers.DockerClientFactory -- Connected to docker:
  Server Version: 29.8.2
  API Version: 1.56
  Operating System: Docker Desktop
  Total Memory: 7931 MB
  Labels:
    com.docker.desktop.address=unix:///Users/jordib/Library/Containers/com.docker.docker/Data/docker-cli.sock
18:11:24.210 [main] INFO tc.testcontainers/ryuk:0.12.0 -- Creating container for image: testcontainers/ryuk:0.12.0
18:11:24.287 [main] INFO org.testcontainers.utility.RegistryAuthLocator -- Credential helper/store (docker-credential-desktop) does not have credentials for https://index.docker.io/v1/
18:11:24.421 [main] INFO tc.testcontainers/ryuk:0.12.0 -- Container testcontainers/ryuk:0.12.0 is starting: 4a91291c...[truncated]
18:11:24.673 [main] INFO tc.testcontainers/ryuk:0.12.0 -- Container testcontainers/ryuk:0.12.0 started in PT0.462697S
18:11:24.681 [main] INFO org.testcontainers.utility.RyukResourceReaper -- Ryuk started - will monitor and terminate Testcontainers containers on JVM exit
18:11:24.681 [main] INFO org.testcontainers.DockerClientFactory -- Checking the system...
18:11:24.682 [main] INFO org.testcontainers.DockerClientFactory -- ✔︎ Docker server version should be at least 1.6.0
18:11:24.682 [main] INFO tc.mongo:7 -- Creating container for image: mongo:7
18:11:24.730 [main] INFO tc.mongo:7 -- Container mongo:7 is starting: 9406576d...[truncated]
18:11:25.274 [main] INFO tc.mongo:7 -- Container mongo:7 started in PT0.591707S
Integration JVM availableProcessors=18

  .   ____          _            __ _ _
 /\\ / ___'_ __ _ _(_)_ __  __ _ \ \ \ \
( ( )\___ | '_ | '_| | '_ \/ _` | \ \ \ \
 \\/  ___)| |_)| | | | | || (_| |  ) ) ) )
  '  |____| .__|_| |_|_| |_\__, | / / / /
 =========|_|==============|___/=/_/_/_/

 :: Spring Boot ::               (v3.5.16)

2026-10-08T18:11:26.139+02:00 INFO  [main] c.a.c.s.p.TenantWriteTrackingIT traceId= clubId= accountId= : Starting TenantWriteTrackingIT using Java [redacted] with PID 62411 (started by jordib in /Users/jordib/dev/agilityhub/agilityhub-core-api)
2026-10-08T18:11:26.142+02:00 INFO  [main] c.a.c.s.p.TenantWriteTrackingIT traceId= clubId= accountId= : The following 1 profile is active: "test"
2026-10-08T18:11:27.712+02:00 INFO  [main] o.s.d.r.c.RepositoryConfigurationDelegate traceId= clubId= accountId= : Bootstrapping Spring Data MongoDB repositories in DEFAULT mode.
2026-10-08T18:11:27.775+02:00 INFO  [main] o.s.d.r.c.RepositoryConfigurationDelegate traceId= clubId= accountId= : Finished Spring Data repository scanning in 58 ms. Found 0 MongoDB repository interfaces.
2026-10-08T18:11:28.402+02:00 INFO  [main] org.mongodb.driver.client traceId= clubId= accountId= : MongoClient with metadata {"driver": {"name": "mongo-java-driver|sync|spring-boot", "version": "5.5.2"}, "os": {"type": "Darwin", "name": "Mac OS X", "architecture": "aarch64", "version": "26.4.1"}, "platform": "Java/Homebrew/[redacted]"} created with settings MongoClientSettings{readPreference=primary, writeConcern=WriteConcern{w=null, wTimeout=null ms, journal=null}, retryWrites=true, retryReads=true, readConcern=ReadConcern{level=null}, credential=null, transportSettings=null, commandListeners=[io.micrometer.core.instrument.binder.mongodb.MongoMetricsCommandListener@343561ae], codecRegistry=ProvidersCodecRegistry{codecProviders=[ValueCodecProvider{}, BsonValueCodecProvider{}, DBRefCodecProvider{}, DBObjectCodecProvider{}, DocumentCodecProvider{}, CollectionCodecProvider{}, IterableCodecProvider{}, MapCodecProvider{}, GeoJsonCodecProvider{}, GridFSFileCodecProvider{}, Jsr310CodecProvider{}, JsonObjectCodecProvider{}, BsonCodecProvider{}, EnumCodecProvider{}, com.mongodb.client.model.mql.ExpressionCodecProvider@172a69f1, com.mongodb.Jep395RecordCodecProvider@3b4c46ae, com.mongodb.KotlinCodecProvider@54f719cb]}, loggerSettings=LoggerSettings{maxDocumentLength=1000}, clusterSettings={hosts=[localhost:64289], srvServiceName=mongodb, mode=SINGLE, requiredClusterType=UNKNOWN, requiredReplicaSetName='null', serverSelector='null', clusterListeners='[]', serverSelectionTimeout='2000 ms', localThreshold='15 ms'}, socketSettings=SocketSettings{connectTimeoutMS=2000, readTimeoutMS=0, receiveBufferSize=0, proxySettings=ProxySettings{host=null, port=null, username=null, [redacted], heartbeatSocketSettings=SocketSettings{connectTimeoutMS=2000, readTimeoutMS=2000, receiveBufferSize=0, proxySettings=ProxySettings{host=null, port=null, username=null, [redacted], connectionPoolSettings=ConnectionPoolSettings{maxSize=100, minSize=0, maxWaitTimeMS=2000, maxConnectionLifeTimeMS=0, maxConnectionIdleTimeMS=0, maintenanceInitialDelayMS=0, maintenanceFrequencyMS=60000, connectionPoolListeners=[io.micrometer.core.instrument.binder.mongodb.MongoMetricsConnectionPoolListener@4b502aea], maxConnecting=2}, serverSettings=ServerSettings{heartbeatFrequencyMS=10000, minHeartbeatFrequencyMS=500, serverMonitoringMode=AUTO, serverListeners='[]', serverMonitorListeners='[]'}, sslSettings=SslSettings{enabled=false, invalidHostNameAllowed=false, context=null}, applicationName='null', compressorList=[], uuidRepresentation=JAVA_LEGACY, serverApi=null, autoEncryptionSettings=null, dnsClient=null, inetAddressResolver=null, contextProvider=null, timeoutMS=null}
2026-10-08T18:11:28.412+02:00 INFO  [cluster-ClusterId{value='6ac7c0b0241d9091836bdf34', description='null'}-localhost:64289] org.mongodb.driver.cluster traceId= clubId= accountId= : Monitor thread successfully connected to server with description ServerDescription{address=localhost:64289, type=REPLICA_SET_PRIMARY, cryptd=false, state=CONNECTED, ok=true, minWireVersion=0, maxWireVersion=21, maxDocumentSize=16777216, logicalSessionTimeoutMinutes=30, roundTripTimeNanos=16932584, minRoundTripTimeNanos=0, setName='docker-rs', canonicalAddress=9406576d1be0:27017, hosts=[9406576d1be0:27017], passives=[], arbiters=[], primary='9406576d1be0:27017', tagSet=TagSet{[]}, electionId=7fffffff0000000000000001, setVersion=1, topologyVersion=TopologyVersion{processId=6ac7c0ac9ece2fa8dc470b57, counter=6}, lastWriteDate=Thu Oct 08 18:11:25 CEST 2026, lastUpdateTimeNanos=[redacted]}
2026-10-08T18:11:33.121+02:00 INFO  [main] c.a.c.s.p.TenantWriteTrackingIT traceId= clubId= accountId= : Started TenantWriteTrackingIT in 7.292 seconds (process running for 10.651)
Mockito is currently self-attaching to enable the inline-mock-maker. This will no longer work in future releases of the JDK. Please add Mockito as an agent to your build as described in Mockito's documentation: https://javadoc.io/doc/org.mockito/mockito-core/latest/org.mockito/org/mockito/Mockito.html#0.3
OpenJDK 64-Bit Server VM warning: Sharing is only supported for boot loader classes because bootstrap classpath has been appended
WARNING: A Java agent has been loaded dynamically (/Users/jordib/.m2/repository/net/bytebuddy/byte-buddy-agent/1.17.8/byte-buddy-agent-1.17.8.jar)
WARNING: If a serviceability tool is in use, please run with -XX:+EnableDynamicAgentLoading to hide this warning
WARNING: If a serviceability tool is not in use, please run with -Djdk.instrument.traceUsage for more information
WARNING: Dynamic loading of agents will be disallowed by default in a future release
2026-10-08T18:11:34.921+02:00 INFO  [main] o.s.t.c.s.AnnotationConfigContextLoaderUtils traceId= clubId= accountId= : Could not detect default configuration classes for test class [com.agilityhub.core.migration.PlayoffMigrationIT]: PlayoffMigrationIT does not declare any static, non-private, non-final, nested classes annotated with @Configuration.
2026-10-08T18:11:34.947+02:00 INFO  [main] o.s.b.t.c.SpringBootTestContextBootstrapper traceId= clubId= accountId= : Found @SpringBootConfiguration com.agilityhub.core.CoreApplication for test class com.agilityhub.core.migration.PlayoffMigrationIT

  .   ____          _            __ _ _
 /\\ / ___'_ __ _ _(_)_ __  __ _ \ \ \ \
( ( )\___ | '_ | '_| | '_ \/ _` | \ \ \ \
 \\/  ___)| |_)| | | | | || (_| |  ) ) ) )
  '  |____| .__|_| |_|_| |_\__, | / / / /
 =========|_|==============|___/=/_/_/_/

 :: Spring Boot ::               (v3.5.16)

2026-10-08T18:11:34.974+02:00 INFO  [main] c.a.core.migration.PlayoffMigrationIT traceId= clubId= accountId= : Starting PlayoffMigrationIT using Java [redacted] with PID 62411 (started by jordib in /Users/jordib/dev/agilityhub/agilityhub-core-api)
2026-10-08T18:11:34.975+02:00 INFO  [main] c.a.core.migration.PlayoffMigrationIT traceId= clubId= accountId= : The following 1 profile is active: "test"
2026-10-08T18:11:35.280+02:00 INFO  [main] o.s.d.r.c.RepositoryConfigurationDelegate traceId= clubId= accountId= : Bootstrapping Spring Data MongoDB repositories in DEFAULT mode.
2026-10-08T18:11:35.312+02:00 INFO  [main] o.s.d.r.c.RepositoryConfigurationDelegate traceId= clubId= accountId= : Finished Spring Data repository scanning in 31 ms. Found 0 MongoDB repository interfaces.
2026-10-08T18:11:35.403+02:00 INFO  [main] org.mongodb.driver.client traceId= clubId= accountId= : MongoClient with metadata {"driver": {"name": "mongo-java-driver|sync|spring-boot", "version": "5.5.2"}, "os": {"type": "Darwin", "name": "Mac OS X", "architecture": "aarch64", "version": "26.4.1"}, "platform": "Java/Homebrew/[redacted]"} created with settings MongoClientSettings{readPreference=primary, writeConcern=WriteConcern{w=null, wTimeout=null ms, journal=null}, retryWrites=true, retryReads=true, readConcern=ReadConcern{level=null}, credential=null, transportSettings=null, commandListeners=[io.micrometer.core.instrument.binder.mongodb.MongoMetricsCommandListener@5e6b337], codecRegistry=ProvidersCodecRegistry{codecProviders=[ValueCodecProvider{}, BsonValueCodecProvider{}, DBRefCodecProvider{}, DBObjectCodecProvider{}, DocumentCodecProvider{}, CollectionCodecProvider{}, IterableCodecProvider{}, MapCodecProvider{}, GeoJsonCodecProvider{}, GridFSFileCodecProvider{}, Jsr310CodecProvider{}, JsonObjectCodecProvider{}, BsonCodecProvider{}, EnumCodecProvider{}, com.mongodb.client.model.mql.ExpressionCodecProvider@172a69f1, com.mongodb.Jep395RecordCodecProvider@3b4c46ae, com.mongodb.KotlinCodecProvider@54f719cb]}, loggerSettings=LoggerSettings{maxDocumentLength=1000}, clusterSettings={hosts=[localhost:64289], srvServiceName=mongodb, mode=SINGLE, requiredClusterType=UNKNOWN, requiredReplicaSetName='null', serverSelector='null', clusterListeners='[]', serverSelectionTimeout='2000 ms', localThreshold='15 ms'}, socketSettings=SocketSettings{connectTimeoutMS=2000, readTimeoutMS=0, receiveBufferSize=0, proxySettings=ProxySettings{host=null, port=null, username=null, [redacted], heartbeatSocketSettings=SocketSettings{connectTimeoutMS=2000, readTimeoutMS=2000, receiveBufferSize=0, proxySettings=ProxySettings{host=null, port=null, username=null, [redacted], connectionPoolSettings=ConnectionPoolSettings{maxSize=100, minSize=0, maxWaitTimeMS=2000, maxConnectionLifeTimeMS=0, maxConnectionIdleTimeMS=0, maintenanceInitialDelayMS=0, maintenanceFrequencyMS=60000, connectionPoolListeners=[io.micrometer.core.instrument.binder.mongodb.MongoMetricsConnectionPoolListener@311e310b], maxConnecting=2}, serverSettings=ServerSettings{heartbeatFrequencyMS=10000, minHeartbeatFrequencyMS=500, serverMonitoringMode=AUTO, serverListeners='[]', serverMonitorListeners='[]'}, sslSettings=SslSettings{enabled=false, invalidHostNameAllowed=false, context=null}, applicationName='null', compressorList=[], uuidRepresentation=JAVA_LEGACY, serverApi=null, autoEncryptionSettings=null, dnsClient=null, inetAddressResolver=null, contextProvider=null, timeoutMS=null}
2026-10-08T18:11:35.405+02:00 INFO  [cluster-ClusterId{value='6ac7c0b7241d9091836bdf35', description='null'}-localhost:64289] org.mongodb.driver.cluster traceId= clubId= accountId= : Monitor thread successfully connected to server with description ServerDescription{address=localhost:64289, type=REPLICA_SET_PRIMARY, cryptd=false, state=CONNECTED, ok=true, minWireVersion=0, maxWireVersion=21, maxDocumentSize=16777216, logicalSessionTimeoutMinutes=30, roundTripTimeNanos=2109833, minRoundTripTimeNanos=0, setName='docker-rs', canonicalAddress=9406576d1be0:27017, hosts=[9406576d1be0:27017], passives=[], arbiters=[], primary='9406576d1be0:27017', tagSet=TagSet{[]}, electionId=7fffffff0000000000000001, setVersion=1, topologyVersion=TopologyVersion{processId=6ac7c0ac9ece2fa8dc470b57, counter=6}, lastWriteDate=Thu Oct 08 18:11:34 CEST 2026, lastUpdateTimeNanos=[redacted]}
2026-10-08T18:11:38.148+02:00 INFO  [main] c.a.core.migration.PlayoffMigrationIT traceId= clubId= accountId= : Started PlayoffMigrationIT in 3.187 seconds (process running for 15.678)
E5-T07 outbox backlog discarded before PlayoffMigrationIT: 158 PENDING records (more than one dispatch() batch)
E5-T07 outbox backlog discarded before PlayoffMigrationIT: 161 PENDING records (more than one dispatch() batch)

exit 0
