18:30:08.865 [main] INFO com.tngtech.archunit.core.PluginLoader -- Detected Java version 21.0.12.1
18:30:15.212 [main] INFO org.springframework.test.context.support.AnnotationConfigContextLoaderUtils -- Could not detect default configuration classes for test class [com.agilityhub.core.configuration.E7PersistenceIT]: E7PersistenceIT does not declare any static, non-private, non-final, nested classes annotated with @Configuration.
18:30:15.445 [main] INFO org.springframework.boot.test.context.SpringBootTestContextBootstrapper -- Found @SpringBootConfiguration com.agilityhub.core.CoreApplication for test class com.agilityhub.core.configuration.E7PersistenceIT
18:30:15.562 [main] INFO org.testcontainers.images.PullPolicy -- Image pull policy will be performed by: DefaultPullPolicy()
18:30:15.565 [main] INFO org.testcontainers.utility.ImageNameSubstitutor -- Image name substitution will be performed by: DefaultImageNameSubstitutor (composite of 'ConfigurationFileImageNameSubstitutor' and 'PrefixingImageNameSubstitutor')
18:30:15.570 [main] INFO org.testcontainers.DockerClientFactory -- Testcontainers version: 1.21.4
18:30:15.791 [main] INFO org.testcontainers.dockerclient.DockerClientProviderStrategy -- Loaded org.testcontainers.dockerclient.UnixSocketClientProviderStrategy from ~/.testcontainers.properties, will try it first
18:30:15.987 [main] INFO org.testcontainers.dockerclient.DockerClientProviderStrategy -- Found Docker environment with local Unix socket (unix:///var/run/docker.sock)
18:30:15.988 [main] INFO org.testcontainers.DockerClientFactory -- Docker host IP address is localhost
18:30:16.003 [main] INFO org.testcontainers.DockerClientFactory -- Connected to docker:
  Server Version: 29.8.2
  API Version: 1.56
  Operating System: Docker Desktop
  Total Memory: 7931 MB
  Labels:
    com.docker.desktop.address=unix:///Users/jordib/Library/Containers/com.docker.docker/Data/docker-cli.sock
18:30:16.340 [main] INFO tc.testcontainers/ryuk:0.12.0 -- Creating container for image: testcontainers/ryuk:0.12.0
18:30:16.409 [main] INFO org.testcontainers.utility.RegistryAuthLocator -- Credential helper/store (docker-credential-desktop) does not have credentials for https://index.docker.io/v1/
18:30:16.501 [main] INFO tc.testcontainers/ryuk:0.12.0 -- Container testcontainers/ryuk:0.12.0 is starting: c7c7a52e...[truncated]
18:30:16.733 [main] INFO tc.testcontainers/ryuk:0.12.0 -- Container testcontainers/ryuk:0.12.0 started in PT0.393194S
18:30:16.738 [main] INFO org.testcontainers.utility.RyukResourceReaper -- Ryuk started - will monitor and terminate Testcontainers containers on JVM exit
18:30:16.738 [main] INFO org.testcontainers.DockerClientFactory -- Checking the system...
18:30:16.738 [main] INFO org.testcontainers.DockerClientFactory -- ✔︎ Docker server version should be at least 1.6.0
18:30:16.739 [main] INFO tc.mongo:7 -- Creating container for image: mongo:7
18:30:16.788 [main] INFO tc.mongo:7 -- Container mongo:7 is starting: 7989dea4...[truncated]
18:30:17.276 [main] INFO tc.mongo:7 -- Container mongo:7 started in PT0.536916S
Integration JVM availableProcessors=18

  .   ____          _            __ _ _
 /\\ / ___'_ __ _ _(_)_ __  __ _ \ \ \ \
( ( )\___ | '_ | '_| | '_ \/ _` | \ \ \ \
 \\/  ___)| |_)| | | | | || (_| |  ) ) ) )
  '  |____| .__|_| |_|_| |_\__, | / / / /
 =========|_|==============|___/=/_/_/_/

 :: Spring Boot ::               (v3.5.16)

2026-10-08T18:30:18.200+02:00 INFO  [main] c.a.core.configuration.E7PersistenceIT traceId= clubId= accountId= : Starting E7PersistenceIT using Java [redacted] with PID 70025 (started by jordib in /Users/jordib/dev/agilityhub/agilityhub-core-api)
2026-10-08T18:30:18.202+02:00 INFO  [main] c.a.core.configuration.E7PersistenceIT traceId= clubId= accountId= : The following 1 profile is active: "test"
2026-10-08T18:30:19.925+02:00 INFO  [main] o.s.d.r.c.RepositoryConfigurationDelegate traceId= clubId= accountId= : Bootstrapping Spring Data MongoDB repositories in DEFAULT mode.
2026-10-08T18:30:20.013+02:00 INFO  [main] o.s.d.r.c.RepositoryConfigurationDelegate traceId= clubId= accountId= : Finished Spring Data repository scanning in 82 ms. Found 0 MongoDB repository interfaces.
2026-10-08T18:30:20.744+02:00 INFO  [main] org.mongodb.driver.client traceId= clubId= accountId= : MongoClient with metadata {"driver": {"name": "mongo-java-driver|sync|spring-boot", "version": "5.5.2"}, "os": {"type": "Darwin", "name": "Mac OS X", "architecture": "aarch64", "version": "26.4.1"}, "platform": "Java/Homebrew/[redacted]"} created with settings MongoClientSettings{readPreference=primary, writeConcern=WriteConcern{w=null, wTimeout=null ms, journal=null}, retryWrites=true, retryReads=true, readConcern=ReadConcern{level=null}, credential=null, transportSettings=null, commandListeners=[io.micrometer.core.instrument.binder.mongodb.MongoMetricsCommandListener@6395aed6], codecRegistry=ProvidersCodecRegistry{codecProviders=[ValueCodecProvider{}, BsonValueCodecProvider{}, DBRefCodecProvider{}, DBObjectCodecProvider{}, DocumentCodecProvider{}, CollectionCodecProvider{}, IterableCodecProvider{}, MapCodecProvider{}, GeoJsonCodecProvider{}, GridFSFileCodecProvider{}, Jsr310CodecProvider{}, JsonObjectCodecProvider{}, BsonCodecProvider{}, EnumCodecProvider{}, com.mongodb.client.model.mql.ExpressionCodecProvider@6b629e54, com.mongodb.Jep395RecordCodecProvider@7b2f5b91, com.mongodb.KotlinCodecProvider@1d5a4df3]}, loggerSettings=LoggerSettings{maxDocumentLength=1000}, clusterSettings={hosts=[localhost:65242], srvServiceName=mongodb, mode=SINGLE, requiredClusterType=UNKNOWN, requiredReplicaSetName='null', serverSelector='null', clusterListeners='[]', serverSelectionTimeout='2000 ms', localThreshold='15 ms'}, socketSettings=SocketSettings{connectTimeoutMS=2000, readTimeoutMS=0, receiveBufferSize=0, proxySettings=ProxySettings{host=null, port=null, username=null, [redacted], heartbeatSocketSettings=SocketSettings{connectTimeoutMS=2000, readTimeoutMS=2000, receiveBufferSize=0, proxySettings=ProxySettings{host=null, port=null, username=null, [redacted], connectionPoolSettings=ConnectionPoolSettings{maxSize=100, minSize=0, maxWaitTimeMS=2000, maxConnectionLifeTimeMS=0, maxConnectionIdleTimeMS=0, maintenanceInitialDelayMS=0, maintenanceFrequencyMS=60000, connectionPoolListeners=[io.micrometer.core.instrument.binder.mongodb.MongoMetricsConnectionPoolListener@53f7a390], maxConnecting=2}, serverSettings=ServerSettings{heartbeatFrequencyMS=10000, minHeartbeatFrequencyMS=500, serverMonitoringMode=AUTO, serverListeners='[]', serverMonitorListeners='[]'}, sslSettings=SslSettings{enabled=false, invalidHostNameAllowed=false, context=null}, applicationName='null', compressorList=[], uuidRepresentation=JAVA_LEGACY, serverApi=null, autoEncryptionSettings=null, dnsClient=null, inetAddressResolver=null, contextProvider=null, timeoutMS=null}
2026-10-08T18:30:20.756+02:00 INFO  [cluster-ClusterId{value='6ac7c51c6da0181a3d995e04', description='null'}-localhost:65242] org.mongodb.driver.cluster traceId= clubId= accountId= : Monitor thread successfully connected to server with description ServerDescription{address=localhost:65242, type=REPLICA_SET_PRIMARY, cryptd=false, state=CONNECTED, ok=true, minWireVersion=0, maxWireVersion=21, maxDocumentSize=16777216, logicalSessionTimeoutMinutes=30, roundTripTimeNanos=20961542, minRoundTripTimeNanos=0, setName='docker-rs', canonicalAddress=7989dea4646f:27017, hosts=[7989dea4646f:27017], passives=[], arbiters=[], primary='7989dea4646f:27017', tagSet=TagSet{[]}, electionId=7fffffff0000000000000001, setVersion=1, topologyVersion=TopologyVersion{processId=6ac7c518b7a97e256cf8bed1, counter=6}, lastWriteDate=Thu Oct 08 18:30:17 CEST 2026, lastUpdateTimeNanos=[redacted]}
2026-10-08T18:30:26.342+02:00 INFO  [main] c.a.core.configuration.E7PersistenceIT traceId= clubId= accountId= : Started E7PersistenceIT in 8.401 seconds (process running for 12.022)
Mockito is currently self-attaching to enable the inline-mock-maker. This will no longer work in future releases of the JDK. Please add Mockito as an agent to your build as described in Mockito's documentation: https://javadoc.io/doc/org.mockito/mockito-core/latest/org.mockito/org/mockito/Mockito.html#0.3
OpenJDK 64-Bit Server VM warning: Sharing is only supported for boot loader classes because bootstrap classpath has been appended
WARNING: A Java agent has been loaded dynamically (/Users/jordib/.m2/repository/net/bytebuddy/byte-buddy-agent/1.17.8/byte-buddy-agent-1.17.8.jar)
WARNING: If a serviceability tool is in use, please run with -XX:+EnableDynamicAgentLoading to hide this warning
WARNING: If a serviceability tool is not in use, please run with -Djdk.instrument.traceUsage for more information
WARNING: Dynamic loading of agents will be disallowed by default in a future release
2026-10-08T18:30:29.672+02:00 INFO  [main] o.s.t.c.s.AnnotationConfigContextLoaderUtils traceId= clubId= accountId= : Could not detect default configuration classes for test class [com.agilityhub.core.configuration.E8ContractIT]: E8ContractIT does not declare any static, non-private, non-final, nested classes annotated with @Configuration.
2026-10-08T18:30:29.683+02:00 INFO  [main] o.s.b.t.c.SpringBootTestContextBootstrapper traceId= clubId= accountId= : Found @SpringBootConfiguration com.agilityhub.core.CoreApplication for test class com.agilityhub.core.configuration.E8ContractIT

  .   ____          _            __ _ _
 /\\ / ___'_ __ _ _(_)_ __  __ _ \ \ \ \
( ( )\___ | '_ | '_| | '_ \/ _` | \ \ \ \
 \\/  ___)| |_)| | | | | || (_| |  ) ) ) )
  '  |____| .__|_| |_|_| |_\__, | / / / /
 =========|_|==============|___/=/_/_/_/

 :: Spring Boot ::               (v3.5.16)

2026-10-08T18:30:29.756+02:00 INFO  [main] c.a.core.configuration.E8ContractIT traceId= clubId= accountId= : Starting E8ContractIT using Java [redacted] with PID 70025 (started by jordib in /Users/jordib/dev/agilityhub/agilityhub-core-api)
2026-10-08T18:30:29.757+02:00 INFO  [main] c.a.core.configuration.E8ContractIT traceId= clubId= accountId= : The following 1 profile is active: "test"
2026-10-08T18:30:30.698+02:00 INFO  [main] o.s.d.r.c.RepositoryConfigurationDelegate traceId= clubId= accountId= : Bootstrapping Spring Data MongoDB repositories in DEFAULT mode.
2026-10-08T18:30:30.740+02:00 INFO  [main] o.s.d.r.c.RepositoryConfigurationDelegate traceId= clubId= accountId= : Finished Spring Data repository scanning in 40 ms. Found 0 MongoDB repository interfaces.
2026-10-08T18:30:30.911+02:00 INFO  [main] org.mongodb.driver.client traceId= clubId= accountId= : MongoClient with metadata {"driver": {"name": "mongo-java-driver|sync|spring-boot", "version": "5.5.2"}, "os": {"type": "Darwin", "name": "Mac OS X", "architecture": "aarch64", "version": "26.4.1"}, "platform": "Java/Homebrew/[redacted]"} created with settings MongoClientSettings{readPreference=primary, writeConcern=WriteConcern{w=null, wTimeout=null ms, journal=null}, retryWrites=true, retryReads=true, readConcern=ReadConcern{level=null}, credential=null, transportSettings=null, commandListeners=[io.micrometer.core.instrument.binder.mongodb.MongoMetricsCommandListener@50f10a02], codecRegistry=ProvidersCodecRegistry{codecProviders=[ValueCodecProvider{}, BsonValueCodecProvider{}, DBRefCodecProvider{}, DBObjectCodecProvider{}, DocumentCodecProvider{}, CollectionCodecProvider{}, IterableCodecProvider{}, MapCodecProvider{}, GeoJsonCodecProvider{}, GridFSFileCodecProvider{}, Jsr310CodecProvider{}, JsonObjectCodecProvider{}, BsonCodecProvider{}, EnumCodecProvider{}, com.mongodb.client.model.mql.ExpressionCodecProvider@6b629e54, com.mongodb.Jep395RecordCodecProvider@7b2f5b91, com.mongodb.KotlinCodecProvider@1d5a4df3]}, loggerSettings=LoggerSettings{maxDocumentLength=1000}, clusterSettings={hosts=[localhost:65242], srvServiceName=mongodb, mode=SINGLE, requiredClusterType=UNKNOWN, requiredReplicaSetName='null', serverSelector='null', clusterListeners='[]', serverSelectionTimeout='2000 ms', localThreshold='15 ms'}, socketSettings=SocketSettings{connectTimeoutMS=2000, readTimeoutMS=0, receiveBufferSize=0, proxySettings=ProxySettings{host=null, port=null, username=null, [redacted], heartbeatSocketSettings=SocketSettings{connectTimeoutMS=2000, readTimeoutMS=2000, receiveBufferSize=0, proxySettings=ProxySettings{host=null, port=null, username=null, [redacted], connectionPoolSettings=ConnectionPoolSettings{maxSize=100, minSize=0, maxWaitTimeMS=2000, maxConnectionLifeTimeMS=0, maxConnectionIdleTimeMS=0, maintenanceInitialDelayMS=0, maintenanceFrequencyMS=60000, connectionPoolListeners=[io.micrometer.core.instrument.binder.mongodb.MongoMetricsConnectionPoolListener@5998483b], maxConnecting=2}, serverSettings=ServerSettings{heartbeatFrequencyMS=10000, minHeartbeatFrequencyMS=500, serverMonitoringMode=AUTO, serverListeners='[]', serverMonitorListeners='[]'}, sslSettings=SslSettings{enabled=false, invalidHostNameAllowed=false, context=null}, applicationName='null', compressorList=[], uuidRepresentation=JAVA_LEGACY, serverApi=null, autoEncryptionSettings=null, dnsClient=null, inetAddressResolver=null, contextProvider=null, timeoutMS=null}
2026-10-08T18:30:30.913+02:00 INFO  [cluster-ClusterId{value='6ac7c5266da0181a3d995e05', description='null'}-localhost:65242] org.mongodb.driver.cluster traceId= clubId= accountId= : Monitor thread successfully connected to server with description ServerDescription{address=localhost:65242, type=REPLICA_SET_PRIMARY, cryptd=false, state=CONNECTED, ok=true, minWireVersion=0, maxWireVersion=21, maxDocumentSize=16777216, logicalSessionTimeoutMinutes=30, roundTripTimeNanos=1824125, minRoundTripTimeNanos=0, setName='docker-rs', canonicalAddress=7989dea4646f:27017, hosts=[7989dea4646f:27017], passives=[], arbiters=[], primary='7989dea4646f:27017', tagSet=TagSet{[]}, electionId=7fffffff0000000000000001, setVersion=1, topologyVersion=TopologyVersion{processId=6ac7c518b7a97e256cf8bed1, counter=6}, lastWriteDate=Thu Oct 08 18:30:29 CEST 2026, lastUpdateTimeNanos=[redacted]}
2026-10-08T18:30:32.591+02:00 INFO  [main] o.s.b.t.m.w.SpringBootMockServletContext traceId= clubId= accountId= : Initializing Spring TestDispatcherServlet ''
2026-10-08T18:30:32.591+02:00 INFO  [main] o.s.t.web.servlet.TestDispatcherServlet traceId= clubId= accountId= : Initializing Servlet ''
2026-10-08T18:30:32.592+02:00 INFO  [main] o.s.t.web.servlet.TestDispatcherServlet traceId= clubId= accountId= : Completed initialization in 1 ms
2026-10-08T18:30:32.628+02:00 INFO  [main] c.a.core.configuration.E8ContractIT traceId= clubId= accountId= : Started E8ContractIT in 2.938 seconds (process running for 18.308)
2026-10-08T18:31:01.303+02:00 INFO  [main] o.springdoc.api.AbstractOpenApiResource traceId=b0d571a6-d7e6-40f0-be9e-12ef936bc360 clubId=- accountId=- : Init duration for springdoc-openapi is: 2673 ms
2026-10-08T18:31:02.696+02:00 WARN  [main] c.a.core.shared.api.ApiExceptionHandler traceId=7aa3e603-7bb3-4139-b843-c741686e8699 clubId=e8-club-a accountId=e8-MEMBER : Framework request rejected status=400 code=VALIDATION_ERROR traceId=7aa3e603-7bb3-4139-b843-c741686e8699
2026-10-08T18:31:02.733+02:00 WARN  [main] c.a.core.shared.api.ApiExceptionHandler traceId=caf5d33e-b0a6-403c-bda0-88d857ec887a clubId=e8-club-a accountId=e8-MEMBER : Framework request rejected code=VALIDATION_ERROR traceId=caf5d33e-b0a6-403c-bda0-88d857ec887a
2026-10-08T18:31:02.763+02:00 WARN  [main] c.a.core.shared.api.ApiExceptionHandler traceId=220e52f8-4eeb-4eac-81e3-63b87fab3ca3 clubId=e8-club-a accountId=e8-MEMBER : Framework request rejected code=VALIDATION_ERROR traceId=220e52f8-4eeb-4eac-81e3-63b87fab3ca3
2026-10-08T18:31:02.784+02:00 WARN  [main] c.a.core.shared.api.ApiExceptionHandler traceId=aed1e096-d91f-4db0-bc0e-de2ffc7ad296 clubId=e8-club-a accountId=e8-ADMIN : Framework request rejected code=VALIDATION_ERROR traceId=aed1e096-d91f-4db0-bc0e-de2ffc7ad296
2026-10-08T18:31:02.792+02:00 WARN  [main] c.a.core.shared.api.ApiExceptionHandler traceId=4b21a4e2-42e5-4082-b735-a7f6f6d8ec4c clubId=e8-club-a accountId=e8-ADMIN : Framework request rejected status=400 code=VALIDATION_ERROR traceId=4b21a4e2-42e5-4082-b735-a7f6f6d8ec4c
2026-10-08T18:31:02.842+02:00 WARN  [main] c.a.core.shared.api.ApiExceptionHandler traceId=50aa1441-583d-43a4-abe9-9cc14b87f12e clubId=e8-club-a accountId=e8-ADMIN : Framework request rejected status=405 code=METHOD_NOT_ALLOWED traceId=50aa1441-583d-43a4-abe9-9cc14b87f12e
2026-10-08T18:31:03.319+02:00 WARN  [main] c.a.core.shared.api.ApiExceptionHandler traceId=65047cc7-309f-439a-b07d-7cc86a3b436b clubId=e8-club-a accountId=e8-MEMBER : Framework request rejected code=VALIDATION_ERROR traceId=65047cc7-309f-439a-b07d-7cc86a3b436b
2026-10-08T18:31:03.323+02:00 WARN  [main] c.a.core.shared.api.ApiExceptionHandler traceId=d0df9bfb-cf9c-460d-9570-b454be9738de clubId=e8-club-a accountId=e8-MEMBER : Framework request rejected code=VALIDATION_ERROR traceId=d0df9bfb-cf9c-460d-9570-b454be9738de
2026-10-08T18:31:03.327+02:00 WARN  [main] c.a.core.shared.api.ApiExceptionHandler traceId=57749eba-4ebe-4c41-8fca-c1d36880eee9 clubId=e8-club-a accountId=e8-MEMBER : Framework request rejected code=VALIDATION_ERROR traceId=57749eba-4ebe-4c41-8fca-c1d36880eee9
2026-10-08T18:31:03.332+02:00 WARN  [main] c.a.core.shared.api.ApiExceptionHandler traceId=c1a0ec57-c56a-4509-866f-ea8969bdd4cf clubId=e8-club-a accountId=e8-MEMBER : Framework request rejected code=VALIDATION_ERROR traceId=c1a0ec57-c56a-4509-866f-ea8969bdd4cf
2026-10-08T18:31:03.386+02:00 WARN  [main] c.a.core.shared.api.ApiExceptionHandler traceId=ec0b56b1-b747-4064-90a8-872868e499c2 clubId=e8-club-a accountId=e8-ADMIN : Framework request rejected code=VALIDATION_ERROR traceId=ec0b56b1-b747-4064-90a8-872868e499c2
2026-10-08T18:31:03.390+02:00 WARN  [main] c.a.core.shared.api.ApiExceptionHandler traceId=b797d59c-286c-44d9-ac28-4672a13c0a96 clubId=e8-club-a accountId=e8-ADMIN : Framework request rejected code=VALIDATION_ERROR traceId=b797d59c-286c-44d9-[redacted]
2026-10-08T18:31:03.393+02:00 WARN  [main] c.a.core.shared.api.ApiExceptionHandler traceId=1845d60b-4cb2-4ca7-a738-789cf4aca260 clubId=e8-club-a accountId=e8-ADMIN : Framework request rejected code=VALIDATION_ERROR traceId=1845d60b-4cb2-4ca7-a738-789cf4aca260
2026-10-08T18:31:03.397+02:00 WARN  [main] c.a.core.shared.api.ApiExceptionHandler traceId=2d974b6c-68d3-4bc9-962d-8b21d50c817e clubId=e8-club-a accountId=e8-ADMIN : Framework request rejected code=VALIDATION_ERROR traceId=2d974b6c-68d3-4bc9-962d-8b21d50c817e
2026-10-08T18:31:06.447+02:00 WARN  [main] c.a.c.p.a.StripeWebhookSignatures traceId=db9ff6cc-ab01-46b3-a1dc-8979cb05b70c clubId=- accountId=- : Stripe webhook secret unusable: clubId=e8-club-b error=Provider secret decryption failed
2026-10-08T18:31:06.497+02:00 WARN  [main] c.a.c.p.a.StripeWebhookSignatures traceId=87953fce-c791-46e5-beba-c87726d3bb9b clubId=- accountId=- : Stripe webhook secret unusable: clubId=e8-club-b error=Provider secret decryption failed
2026-10-08T18:31:06.513+02:00 WARN  [main] c.a.c.p.a.StripeWebhookSignatures traceId=56716cd1-ef4f-4d02-ae02-909097a5e6d4 clubId=- accountId=- : Stripe webhook secret unusable: clubId=e8-club-b error=Provider secret decryption failed
2026-10-08T18:31:07.976+02:00 INFO  [main] o.s.t.c.s.AnnotationConfigContextLoaderUtils traceId= clubId= accountId= : Could not detect default configuration classes for test class [com.agilityhub.core.payments.api.InvoiceActionsIT]: InvoiceActionsIT does not declare any static, non-private, non-final, nested classes annotated with @Configuration.
2026-10-08T18:31:08.005+02:00 INFO  [main] o.s.b.t.c.SpringBootTestContextBootstrapper traceId= clubId= accountId= : Found @SpringBootConfiguration com.agilityhub.core.CoreApplication for test class com.agilityhub.core.payments.api.InvoiceActionsIT
2026-10-08T18:31:13.669+02:00 WARN  [main] c.a.core.shared.api.ApiExceptionHandler traceId=23e8f84e-d4cb-407f-aea8-8023235770f9 clubId=bill-a accountId=bill-admin : Framework request rejected status=405 code=METHOD_NOT_ALLOWED traceId=23e8f84e-d4cb-407f-aea8-8023235770f9
2026-10-08T18:31:16.344+02:00 INFO  [main] o.s.t.c.s.AnnotationConfigContextLoaderUtils traceId= clubId= accountId= : Could not detect default configuration classes for test class [com.agilityhub.core.shared.persistence.TenantWriteTrackingIT]: TenantWriteTrackingIT does not declare any static, non-private, non-final, nested classes annotated with @Configuration.
2026-10-08T18:31:16.371+02:00 INFO  [main] o.s.b.t.c.SpringBootTestContextBootstrapper traceId= clubId= accountId= : Found @SpringBootConfiguration com.agilityhub.core.CoreApplication for test class com.agilityhub.core.shared.persistence.TenantWriteTrackingIT

exit 0
