18:55:14.587 [main] INFO org.springframework.test.context.support.AnnotationConfigContextLoaderUtils -- Could not detect default configuration classes for test class [com.agilityhub.core.clubs.training.api.TrainingLanesOffIT]: TrainingLanesOffIT does not declare any static, non-private, non-final, nested classes annotated with @Configuration.
18:55:14.775 [main] INFO org.springframework.boot.test.context.SpringBootTestContextBootstrapper -- Found @SpringBootConfiguration com.agilityhub.core.CoreApplication for test class com.agilityhub.core.clubs.training.api.TrainingLanesOffIT
18:55:14.892 [main] INFO org.testcontainers.images.PullPolicy -- Image pull policy will be performed by: DefaultPullPolicy()
18:55:14.894 [main] INFO org.testcontainers.utility.ImageNameSubstitutor -- Image name substitution will be performed by: DefaultImageNameSubstitutor (composite of 'ConfigurationFileImageNameSubstitutor' and 'PrefixingImageNameSubstitutor')
18:55:14.900 [main] INFO org.testcontainers.DockerClientFactory -- Testcontainers version: 1.21.4
18:55:15.105 [main] INFO org.testcontainers.dockerclient.DockerClientProviderStrategy -- Loaded org.testcontainers.dockerclient.UnixSocketClientProviderStrategy from ~/.testcontainers.properties, will try it first
18:55:15.319 [main] INFO org.testcontainers.dockerclient.DockerClientProviderStrategy -- Found Docker environment with local Unix socket (unix:///var/run/docker.sock)
18:55:15.321 [main] INFO org.testcontainers.DockerClientFactory -- Docker host IP address is localhost
18:55:15.333 [main] INFO org.testcontainers.DockerClientFactory -- Connected to docker:
  Server Version: 29.8.2
  API Version: 1.56
  Operating System: Docker Desktop
  Total Memory: 7931 MB
  Labels:
    com.docker.desktop.address=unix:///Users/jordib/Library/Containers/com.docker.docker/Data/docker-cli.sock
18:55:15.664 [main] INFO tc.testcontainers/ryuk:0.12.0 -- Creating container for image: testcontainers/ryuk:0.12.0
18:55:15.734 [main] INFO org.testcontainers.utility.RegistryAuthLocator -- Credential helper/store (docker-credential-desktop) does not have credentials for https://index.docker.io/v1/
18:55:15.837 [main] INFO tc.testcontainers/ryuk:0.12.0 -- Container testcontainers/ryuk:0.12.0 is starting: 8b02b3f3...[truncated]
18:55:16.063 [main] INFO tc.testcontainers/ryuk:0.12.0 -- Container testcontainers/ryuk:0.12.0 started in PT0.398647S
18:55:16.067 [main] INFO org.testcontainers.utility.RyukResourceReaper -- Ryuk started - will monitor and terminate Testcontainers containers on JVM exit
18:55:16.068 [main] INFO org.testcontainers.DockerClientFactory -- Checking the system...
18:55:16.068 [main] INFO org.testcontainers.DockerClientFactory -- ✔︎ Docker server version should be at least 1.6.0
18:55:16.068 [main] INFO tc.mongo:7 -- Creating container for image: mongo:7
18:55:16.120 [main] INFO tc.mongo:7 -- Container mongo:7 is starting: 07f52b63...[truncated]
18:55:16.747 [main] INFO tc.mongo:7 -- Container mongo:7 started in PT0.678577S
Integration JVM availableProcessors=18

  .   ____          _            __ _ _
 /\\ / ___'_ __ _ _(_)_ __  __ _ \ \ \ \
( ( )\___ | '_ | '_| | '_ \/ _` | \ \ \ \
 \\/  ___)| |_)| | | | | || (_| |  ) ) ) )
  '  |____| .__|_| |_|_| |_\__, | / / / /
 =========|_|==============|___/=/_/_/_/

 :: Spring Boot ::               (v3.5.16)

2026-10-08T18:55:17.932+02:00 INFO  [main] c.a.c.c.training.api.TrainingLanesOffIT traceId= clubId= accountId= : Starting TrainingLanesOffIT using Java [redacted] with PID 77738 (started by jordib in /private/tmp/e8-t10-round2-check)
2026-10-08T18:55:17.934+02:00 INFO  [main] c.a.c.c.training.api.TrainingLanesOffIT traceId= clubId= accountId= : The following 1 profile is active: "test"
2026-10-08T18:55:19.630+02:00 INFO  [main] o.s.d.r.c.RepositoryConfigurationDelegate traceId= clubId= accountId= : Bootstrapping Spring Data MongoDB repositories in DEFAULT mode.
2026-10-08T18:55:19.689+02:00 INFO  [main] o.s.d.r.c.RepositoryConfigurationDelegate traceId= clubId= accountId= : Finished Spring Data repository scanning in 53 ms. Found 0 MongoDB repository interfaces.
2026-10-08T18:55:20.293+02:00 INFO  [main] org.mongodb.driver.client traceId= clubId= accountId= : MongoClient with metadata {"driver": {"name": "mongo-java-driver|sync|spring-boot", "version": "5.5.2"}, "os": {"type": "Darwin", "name": "Mac OS X", "architecture": "aarch64", "version": "26.4.1"}, "platform": "Java/Homebrew/[redacted]"} created with settings MongoClientSettings{readPreference=primary, writeConcern=WriteConcern{w=null, wTimeout=null ms, journal=null}, retryWrites=true, retryReads=true, readConcern=ReadConcern{level=null}, credential=null, transportSettings=null, commandListeners=[io.micrometer.core.instrument.binder.mongodb.MongoMetricsCommandListener@417ddbd1], codecRegistry=ProvidersCodecRegistry{codecProviders=[ValueCodecProvider{}, BsonValueCodecProvider{}, DBRefCodecProvider{}, DBObjectCodecProvider{}, DocumentCodecProvider{}, CollectionCodecProvider{}, IterableCodecProvider{}, MapCodecProvider{}, GeoJsonCodecProvider{}, GridFSFileCodecProvider{}, Jsr310CodecProvider{}, JsonObjectCodecProvider{}, BsonCodecProvider{}, EnumCodecProvider{}, com.mongodb.client.model.mql.ExpressionCodecProvider@11f0c940, com.mongodb.Jep395RecordCodecProvider@61d46b5e, com.mongodb.KotlinCodecProvider@70dc8c9a]}, loggerSettings=LoggerSettings{maxDocumentLength=1000}, clusterSettings={hosts=[localhost:50286], srvServiceName=mongodb, mode=SINGLE, requiredClusterType=UNKNOWN, requiredReplicaSetName='null', serverSelector='null', clusterListeners='[]', serverSelectionTimeout='2000 ms', localThreshold='15 ms'}, socketSettings=SocketSettings{connectTimeoutMS=2000, readTimeoutMS=0, receiveBufferSize=0, proxySettings=ProxySettings{host=null, port=null, username=null, [redacted], heartbeatSocketSettings=SocketSettings{connectTimeoutMS=2000, readTimeoutMS=2000, receiveBufferSize=0, proxySettings=ProxySettings{host=null, port=null, username=null, [redacted], connectionPoolSettings=ConnectionPoolSettings{maxSize=100, minSize=0, maxWaitTimeMS=2000, maxConnectionLifeTimeMS=0, maxConnectionIdleTimeMS=0, maintenanceInitialDelayMS=0, maintenanceFrequencyMS=60000, connectionPoolListeners=[io.micrometer.core.instrument.binder.mongodb.MongoMetricsConnectionPoolListener@5f506203], maxConnecting=2}, serverSettings=ServerSettings{heartbeatFrequencyMS=10000, minHeartbeatFrequencyMS=500, serverMonitoringMode=AUTO, serverListeners='[]', serverMonitorListeners='[]'}, sslSettings=SslSettings{enabled=false, invalidHostNameAllowed=false, context=null}, applicationName='null', compressorList=[], uuidRepresentation=JAVA_LEGACY, serverApi=null, autoEncryptionSettings=null, dnsClient=null, inetAddressResolver=null, contextProvider=null, timeoutMS=null}
2026-10-08T18:55:20.304+02:00 INFO  [cluster-ClusterId{value='6ac7caf8efdc9cd0b099ba13', description='null'}-localhost:50286] org.mongodb.driver.cluster traceId= clubId= accountId= : Monitor thread successfully connected to server with description ServerDescription{address=localhost:50286, type=REPLICA_SET_PRIMARY, cryptd=false, state=CONNECTED, ok=true, minWireVersion=0, maxWireVersion=21, maxDocumentSize=16777216, logicalSessionTimeoutMinutes=30, roundTripTimeNanos=15694833, minRoundTripTimeNanos=0, setName='docker-rs', canonicalAddress=07f52b632bd2:27017, hosts=[07f52b632bd2:27017], passives=[], arbiters=[], primary='07f52b632bd2:27017', tagSet=TagSet{[]}, electionId=7fffffff0000000000000001, setVersion=1, topologyVersion=TopologyVersion{processId=6ac7caf4cfc60ac64816b7d8, counter=6}, lastWriteDate=Thu Oct 08 18:55:17 CEST 2026, lastUpdateTimeNanos=[redacted]}
2026-10-08T18:55:25.221+02:00 INFO  [main] o.s.b.t.m.w.SpringBootMockServletContext traceId= clubId= accountId= : Initializing Spring TestDispatcherServlet ''
2026-10-08T18:55:25.221+02:00 INFO  [main] o.s.t.web.servlet.TestDispatcherServlet traceId= clubId= accountId= : Initializing Servlet ''
2026-10-08T18:55:25.222+02:00 INFO  [main] o.s.t.web.servlet.TestDispatcherServlet traceId= clubId= accountId= : Completed initialization in 1 ms
2026-10-08T18:55:25.269+02:00 INFO  [main] c.a.c.c.training.api.TrainingLanesOffIT traceId= clubId= accountId= : Started TrainingLanesOffIT in 7.634 seconds (process running for 11.335)
Mockito is currently self-attaching to enable the inline-mock-maker. This will no longer work in future releases of the JDK. Please add Mockito as an agent to your build as described in Mockito's documentation: https://javadoc.io/doc/org.mockito/mockito-core/latest/org.mockito/org/mockito/Mockito.html#0.3
OpenJDK 64-Bit Server VM warning: Sharing is only supported for boot loader classes because bootstrap classpath has been appended
WARNING: A Java agent has been loaded dynamically (/Users/jordib/.m2/repository/net/bytebuddy/byte-buddy-agent/1.17.8/byte-buddy-agent-1.17.8.jar)
WARNING: If a serviceability tool is in use, please run with -XX:+EnableDynamicAgentLoading to hide this warning
WARNING: If a serviceability tool is not in use, please run with -Djdk.instrument.traceUsage for more information
WARNING: Dynamic loading of agents will be disallowed by default in a future release
E5-T07 R-09-13 S05 ring change while a booking of the ring stays uncommitted for its whole retry budget: 409 STALE_VERSION
E5-T15 R-09-13 booking retried after an uncommitted CatalogService.update of the ring: 422 RING_NOT_RESERVABLE
E5-T07 T-09-33 lanes off, Rock at 2/3, five parallel slots: {201=1, 409 TRAINING_LIMIT_REACHED=4} · retries 1.0
E5-T07 T-09-32 lanes off, capacity 1, 20 dogs on one slot: {201=1, 409 SLOT_TAKEN=19} · retries 6.0 · exhausted 0.0
E5-T07 T-09-32 lanes off, capacity 2, 20 dogs on one slot: {201=2, 409 SLOT_TAKEN=18} · retries 5.0 · exhausted 0.0
E5-T07 step 3 lanes off, MEMBER unit, round 0 Joan (MUN) vs Maria (CEN) with Rock: [422 DOG_ALREADY_BOOKED, 201]
E5-T07 step 3 lanes off, MEMBER unit, round 1 Joan (MUN) vs Maria (CEN) with Rock: [422 DOG_ALREADY_BOOKED, 201]
E5-T07 R-09-13 ring block while a booking of the ring slot is uncommitted: 409 STALE_VERSION
E5-T07 T-09-32 seat index met by the service: 409 SLOT_TAKEN · retries by cause: write_conflict 16.0, duplicate_key 0.0 (cumulative)
E5-T07 R-09-13 lanes off, 20 dogs on 20 different slots of one ring-day: {201=20} · retries 0.0 · exhausted 0.0
E5-T15 R-09-13 S05 ring change retried after an uncommitted booking of the ring: 422 RING_HAS_BOOKINGS · catalogs retries 1.0
E5-T07 R-09-13 lanes off, round 0 booking vs S05 [allowsFreeTraining] on s09-r-mun: 201 / 422 RING_HAS_BOOKINGS
E5-T07 R-09-13 lanes off, round 1 booking vs S05 [active] on s09-r-cen: 201 / 422 RING_HAS_BOOKINGS
E5-T07 R-09-13 lanes off, round 2 booking vs S05 [allowsFreeTraining] on s09-r-car: 201 / 422 RING_HAS_BOOKINGS
E5-T07 R-09-13 lanes off, round 3 booking vs S05 [active] on s09-r-cad: 201 / 422 RING_HAS_BOOKINGS
E5-T15 R-09-13 lanes off, week validation while a booking of a generated class's slot is uncommitted: 422 WEEK_INCONSISTENT RING_TRAINING_CONFLICT · scheduling retries 1.0
E5-T07 R-09-13 lanes off, round 0 booking vs block: 201 / 422 RING_HAS_BOOKINGS
E5-T07 R-09-13 lanes off, round 1 booking vs block: 409 SLOT_TAKEN / 201
E5-T07 R-09-13 lanes off, round 2 booking vs block: 201 / 422 RING_HAS_BOOKINGS
E5-T07 R-09-13 lanes off, round 3 booking vs block: 409 SLOT_TAKEN / 201
E5-T07 R-09-13 lanes off, round 4 booking vs block: 201 / 422 RING_HAS_BOOKINGS
E5-T07 R-09-13 lanes off, round 5 booking vs block: 409 SLOT_TAKEN / 201

exit 0
