16:37:09.247 [main] INFO org.springframework.test.context.support.AnnotationConfigContextLoaderUtils -- Could not detect default configuration classes for test class [com.agilityhub.core.payments.api.CardPaymentsIT]: CardPaymentsIT does not declare any static, non-private, non-final, nested classes annotated with @Configuration.
16:37:09.371 [main] INFO org.springframework.boot.test.context.SpringBootTestContextBootstrapper -- Found @SpringBootConfiguration com.agilityhub.core.CoreApplication for test class com.agilityhub.core.payments.api.CardPaymentsIT
16:37:09.455 [main] INFO org.testcontainers.images.PullPolicy -- Image pull policy will be performed by: DefaultPullPolicy()
16:37:09.457 [main] INFO org.testcontainers.utility.ImageNameSubstitutor -- Image name substitution will be performed by: DefaultImageNameSubstitutor (composite of 'ConfigurationFileImageNameSubstitutor' and 'PrefixingImageNameSubstitutor')
16:37:09.460 [main] INFO org.testcontainers.DockerClientFactory -- Testcontainers version: 1.21.4
16:37:09.597 [main] INFO org.testcontainers.dockerclient.DockerClientProviderStrategy -- Loaded org.testcontainers.dockerclient.UnixSocketClientProviderStrategy from ~/.testcontainers.properties, will try it first
16:37:09.745 [main] INFO org.testcontainers.dockerclient.DockerClientProviderStrategy -- Found Docker environment with local Unix socket (unix:///var/run/docker.sock)
16:37:09.746 [main] INFO org.testcontainers.DockerClientFactory -- Docker host IP address is localhost
16:37:09.756 [main] INFO org.testcontainers.DockerClientFactory -- Connected to docker:
  Server Version: 29.8.2
  API Version: 1.56
  Operating System: Docker Desktop
  Total Memory: 7931 MB
  Labels:
    com.docker.desktop.address=unix:///Users/jordib/Library/Containers/com.docker.docker/Data/docker-cli.sock
16:37:09.982 [main] INFO tc.testcontainers/ryuk:0.12.0 -- Creating container for image: testcontainers/ryuk:0.12.0
16:37:10.045 [main] INFO org.testcontainers.utility.RegistryAuthLocator -- Credential helper/store (docker-credential-desktop) does not have credentials for https://index.docker.io/v1/
16:37:10.108 [main] INFO tc.testcontainers/ryuk:0.12.0 -- Container testcontainers/ryuk:0.12.0 is starting: 1746554d...[truncated]
16:37:10.240 [main] INFO tc.testcontainers/ryuk:0.12.0 -- Container testcontainers/ryuk:0.12.0 started in PT0.258482S
16:37:10.244 [main] INFO org.testcontainers.utility.RyukResourceReaper -- Ryuk started - will monitor and terminate Testcontainers containers on JVM exit
16:37:10.244 [main] INFO org.testcontainers.DockerClientFactory -- Checking the system...
16:37:10.244 [main] INFO org.testcontainers.DockerClientFactory -- ✔︎ Docker server version should be at least 1.6.0
16:37:10.244 [main] INFO tc.mongo:7 -- Creating container for image: mongo:7
16:37:10.274 [main] INFO tc.mongo:7 -- Container mongo:7 is starting: 070ee532...[truncated]
16:37:10.729 [main] INFO tc.mongo:7 -- Container mongo:7 started in PT0.484336S
Integration JVM availableProcessors=18

  .   ____          _            __ _ _
 /\\ / ___'_ __ _ _(_)_ __  __ _ \ \ \ \
( ( )\___ | '_ | '_| | '_ \/ _` | \ \ \ \
 \\/  ___)| |_)| | | | | || (_| |  ) ) ) )
  '  |____| .__|_| |_|_| |_\__, | / / / /
 =========|_|==============|___/=/_/_/_/

 :: Spring Boot ::               (v3.5.16)

2026-10-07T16:37:11.381+02:00 INFO  [main] c.a.core.payments.api.CardPaymentsIT traceId= clubId= accountId= : Starting CardPaymentsIT using Java [redacted] with PID 44069 (started by jordib in /Users/jordib/dev/agilityhub/agilityhub-core-api)
2026-10-07T16:37:11.383+02:00 INFO  [main] c.a.core.payments.api.CardPaymentsIT traceId= clubId= accountId= : The following 1 profile is active: "test"
2026-10-07T16:37:12.272+02:00 INFO  [main] o.s.d.r.c.RepositoryConfigurationDelegate traceId= clubId= accountId= : Bootstrapping Spring Data MongoDB repositories in DEFAULT mode.
2026-10-07T16:37:12.311+02:00 INFO  [main] o.s.d.r.c.RepositoryConfigurationDelegate traceId= clubId= accountId= : Finished Spring Data repository scanning in 36 ms. Found 0 MongoDB repository interfaces.
2026-10-07T16:37:12.714+02:00 INFO  [main] org.mongodb.driver.client traceId= clubId= accountId= : MongoClient with metadata {"driver": {"name": "mongo-java-driver|sync|spring-boot", "version": "5.5.2"}, "os": {"type": "Darwin", "name": "Mac OS X", "architecture": "aarch64", "version": "26.4.1"}, "platform": "Java/Homebrew/[redacted]"} created with settings MongoClientSettings{readPreference=primary, writeConcern=WriteConcern{w=null, wTimeout=null ms, journal=null}, retryWrites=true, retryReads=true, readConcern=ReadConcern{level=null}, credential=null, transportSettings=null, commandListeners=[io.micrometer.core.instrument.binder.mongodb.MongoMetricsCommandListener@3b9b3325], codecRegistry=ProvidersCodecRegistry{codecProviders=[ValueCodecProvider{}, BsonValueCodecProvider{}, DBRefCodecProvider{}, DBObjectCodecProvider{}, DocumentCodecProvider{}, CollectionCodecProvider{}, IterableCodecProvider{}, MapCodecProvider{}, GeoJsonCodecProvider{}, GridFSFileCodecProvider{}, Jsr310CodecProvider{}, JsonObjectCodecProvider{}, BsonCodecProvider{}, EnumCodecProvider{}, com.mongodb.client.model.mql.ExpressionCodecProvider@6772f9c7, com.mongodb.Jep395RecordCodecProvider@c85cbf7, com.mongodb.KotlinCodecProvider@2dec2b42]}, loggerSettings=LoggerSettings{maxDocumentLength=1000}, clusterSettings={hosts=[localhost:65048], srvServiceName=mongodb, mode=SINGLE, requiredClusterType=UNKNOWN, requiredReplicaSetName='null', serverSelector='null', clusterListeners='[]', serverSelectionTimeout='2000 ms', localThreshold='15 ms'}, socketSettings=SocketSettings{connectTimeoutMS=2000, readTimeoutMS=0, receiveBufferSize=0, proxySettings=ProxySettings{host=null, port=null, username=null, [redacted], heartbeatSocketSettings=SocketSettings{connectTimeoutMS=2000, readTimeoutMS=2000, receiveBufferSize=0, proxySettings=ProxySettings{host=null, port=null, username=null, [redacted], connectionPoolSettings=ConnectionPoolSettings{maxSize=100, minSize=0, maxWaitTimeMS=2000, maxConnectionLifeTimeMS=0, maxConnectionIdleTimeMS=0, maintenanceInitialDelayMS=0, maintenanceFrequencyMS=60000, connectionPoolListeners=[io.micrometer.core.instrument.binder.mongodb.MongoMetricsConnectionPoolListener@4f8c37c1], maxConnecting=2}, serverSettings=ServerSettings{heartbeatFrequencyMS=10000, minHeartbeatFrequencyMS=500, serverMonitoringMode=AUTO, serverListeners='[]', serverMonitorListeners='[]'}, sslSettings=SslSettings{enabled=false, invalidHostNameAllowed=false, context=null}, applicationName='null', compressorList=[], uuidRepresentation=JAVA_LEGACY, serverApi=null, autoEncryptionSettings=null, dnsClient=null, inetAddressResolver=null, contextProvider=null, timeoutMS=null}
2026-10-07T16:37:12.721+02:00 INFO  [cluster-ClusterId{value='6ac65918...[truncated]', description='null'}-localhost:65048] org.mongodb.driver.cluster traceId= clubId= accountId= : Monitor thread successfully connected to server with description ServerDescription{address=localhost:65048, type=REPLICA_SET_PRIMARY, cryptd=false, state=CONNECTED, ok=true, minWireVersion=0, maxWireVersion=21, maxDocumentSize=16777216, logicalSessionTimeoutMinutes=30, roundTripTimeNanos=12311666, minRoundTripTimeNanos=0, setName='docker-rs', canonicalAddress=070ee53262a7:27017, hosts=[070ee53262a7:27017], passives=[], arbiters=[], primary='070ee53262a7:27017', tagSet=TagSet{[]}, electionId=7fffffff...[truncated], setVersion=1, topologyVersion=TopologyVersion{processId=6ac65916...[truncated], counter=6}, lastWriteDate=Wed Oct 07 16:37:10 CEST 2026, lastUpdateTimeNanos=[redacted]}
2026-10-07T16:37:15.892+02:00 INFO  [main] o.s.b.t.m.w.SpringBootMockServletContext traceId= clubId= accountId= : Initializing Spring TestDispatcherServlet ''
2026-10-07T16:37:15.892+02:00 INFO  [main] o.s.t.web.servlet.TestDispatcherServlet traceId= clubId= accountId= : Initializing Servlet ''
2026-10-07T16:37:15.892+02:00 INFO  [main] o.s.t.web.servlet.TestDispatcherServlet traceId= clubId= accountId= : Completed initialization in 0 ms
2026-10-07T16:37:15.930+02:00 INFO  [main] c.a.core.payments.api.CardPaymentsIT traceId= clubId= accountId= : Started CardPaymentsIT in 4.751 seconds (process running for 7.158)
Mockito is currently self-attaching to enable the inline-mock-maker. This will no longer work in future releases of the JDK. Please add Mockito as an agent to your build as described in Mockito's documentation: https://javadoc.io/doc/org.mockito/mockito-core/latest/org.mockito/org/mockito/Mockito.html#0.3
OpenJDK 64-Bit Server VM warning: Sharing is only supported for boot loader classes because bootstrap classpath has been appended
WARNING: A Java agent has been loaded dynamically (/private/tmp/agilityhub-e8-t04-m2/net/bytebuddy/byte-buddy-agent/1.17.8/byte-buddy-agent-1.17.8.jar)
WARNING: If a serviceability tool is in use, please run with -XX:+EnableDynamicAgentLoading to hide this warning
WARNING: If a serviceability tool is not in use, please run with -Djdk.instrument.traceUsage for more information
WARNING: Dynamic loading of agents will be disallowed by default in a future release
2026-10-07T16:37:17.551+02:00 WARN  [main] c.a.c.p.application.CheckoutService traceId=4016f715-4bb9-4723-b02b-c75338657ff8 clubId=- accountId=- : Late provider completion to refund: the checkout expired checkoutSessionId=32aa7e44-4e09-4da0-b112-d5021431e5b3 bookingId=null providerPaymentId=pi_rejected clubId=bill-a
2026-10-07T16:37:17.700+02:00 WARN  [main] c.a.c.p.application.PaymentRetryPolicy traceId=673e03dc-a36b-4def-9bec-b8cd63b7225d clubId= accountId= : Stripe event recovery exhausted: eventId=evt_limit traceId=673e03dc-a36b-4def-9bec-b8cd63b7225d
2026-10-07T16:37:17.791+02:00 WARN  [main] c.a.c.p.application.PaymentRetryPolicy traceId=9059a748-cb2e-4705-b62e-2f750a9e6579 clubId=- accountId=- : Refund reconciliation status=failed: eventId=re_r3_external traceId=9059a748-cb2e-4705-b62e-2f750a9e6579
2026-10-07T16:37:18.061+02:00 WARN  [main] c.a.c.p.application.CheckoutService traceId=1c87da2c-87f5-4951-ac5c-f17fdb5fd6d2 clubId=- accountId=- : Late provider completion to refund: the checkout expired checkoutSessionId=6e72a4da-7ab6-4a74-b81d-46362be25f2c bookingId=null providerPaymentId=pi_a clubId=bill-a
2026-10-07T16:37:19.202+02:00 WARN  [main] c.a.c.p.application.PaymentRetryPolicy traceId=fb3c24e6-6009-4cce-9dd3-e2eb866c4767 clubId=- accountId=- : Refund reconciliation status=failed: eventId=re_fake_4da6d83c-4110-3ca5-[redacted]=fb3c24e6-6009-4cce-9dd3-e2eb866c4767
2026-10-07T16:37:19.437+02:00 WARN  [main] c.a.c.p.application.PaymentRetryPolicy traceId=27dc09b3-874d-489f-964b-e327c3502b6a clubId=- accountId=- : Refund reconciliation status=failed: eventId=re_fake_f276694e-9328-3a5f-a940-46641e8d3090 traceId=27dc09b3-874d-489f-964b-e327c3502b6a
2026-10-07T16:37:19.802+02:00 WARN  [main] c.a.c.p.application.CheckoutService traceId=642828d3-da25-4fc2-91da-e50995a7aac1 clubId=- accountId=- : Late provider completion to refund: the checkout expired checkoutSessionId=cebea201-9d2a-4034-8538-6a5708d219f8 bookingId=booking-late providerPaymentId=pi_booking clubId=bill-a
2026-10-07T16:37:21.772+02:00 WARN  [main] c.a.c.p.application.PaymentRetryPolicy traceId=798b7a6c-8cb2-4068-8b45-3ee9022c5b84 clubId= accountId= : Payment operation recovery exhausted: eventId=poison_0 traceId=798b7a6c-8cb2-4068-8b45-3ee9022c5b84
2026-10-07T16:37:21.776+02:00 WARN  [main] c.a.c.p.application.PaymentRetryPolicy traceId=9f2f4cbf-7643-41be-aba3-a4fd38ab0a78 clubId= accountId= : Payment operation recovery exhausted: eventId=poison_1 traceId=9f2f4cbf-7643-41be-aba3-a4fd38ab0a78
2026-10-07T16:37:21.778+02:00 WARN  [main] c.a.c.p.application.PaymentRetryPolicy traceId=32ed142e-87bb-447c-835e-62afc4feaf67 clubId= accountId= : Payment operation recovery exhausted: eventId=poison_2 traceId=32ed142e-87bb-447c-835e-62afc4feaf67
2026-10-07T16:37:21.781+02:00 WARN  [main] c.a.c.p.application.PaymentRetryPolicy traceId=481da157-a7df-426b-8e63-913965abd986 clubId= accountId= : Payment operation recovery exhausted: eventId=poison_3 traceId=481da157-a7df-426b-8e63-913965abd986
2026-10-07T16:37:21.783+02:00 WARN  [main] c.a.c.p.application.PaymentRetryPolicy traceId=e3d60beb-6f3e-48c2-b63d-be38fa664ad5 clubId= accountId= : Payment operation recovery exhausted: eventId=poison_4 traceId=e3d60beb-6f3e-48c2-b63d-be38fa664ad5
2026-10-07T16:37:21.786+02:00 WARN  [main] c.a.c.p.application.PaymentRetryPolicy traceId=16699afb-6d2e-49ab-a24f-0c65a2387f07 clubId= accountId= : Payment operation recovery exhausted: eventId=poison_5 traceId=16699afb-6d2e-49ab-a24f-0c65a2387f07
2026-10-07T16:37:21.788+02:00 WARN  [main] c.a.c.p.application.PaymentRetryPolicy traceId=bacbe0cf-aed9-41c6-9bed-b3576a0de6c5 clubId= accountId= : Payment operation recovery exhausted: eventId=poison_6 traceId=bacbe0cf-aed9-41c6-9bed-b3576a0de6c5
2026-10-07T16:37:21.791+02:00 WARN  [main] c.a.c.p.application.PaymentRetryPolicy traceId=1128fc13-9d0f-4ff8-a78c-d2ff16df647a clubId= accountId= : Payment operation recovery exhausted: eventId=poison_7 traceId=1128fc13-9d0f-4ff8-a78c-d2ff16df647a
2026-10-07T16:37:21.794+02:00 WARN  [main] c.a.c.p.application.PaymentRetryPolicy traceId=f8162aa0-f6c6-47d1-8e74-075091a1ccf2 clubId= accountId= : Payment operation recovery exhausted: eventId=poison_8 traceId=f8162aa0-f6c6-47d1-8e74-075091a1ccf2
2026-10-07T16:37:21.797+02:00 WARN  [main] c.a.c.p.application.PaymentRetryPolicy traceId=334f556b-801a-4535-b674-c9d164c40e3d clubId= accountId= : Payment operation recovery exhausted: eventId=poison_9 traceId=334f556b-801a-4535-b674-c9d164c40e3d
2026-10-07T16:37:21.799+02:00 WARN  [main] c.a.c.p.application.PaymentRetryPolicy traceId=6df16301-daad-43ce-9c1f-0560d9e94e1e clubId= accountId= : Payment operation recovery exhausted: eventId=poison_10 traceId=6df16301-daad-43ce-9c1f-0560d9e94e1e
2026-10-07T16:37:21.801+02:00 WARN  [main] c.a.c.p.application.PaymentRetryPolicy traceId=ab36b324-fb4c-4343-a537-ba020467e800 clubId= accountId= : Payment operation recovery exhausted: eventId=poison_11 traceId=[redacted]
2026-10-07T16:37:21.804+02:00 WARN  [main] c.a.c.p.application.PaymentRetryPolicy traceId=495dc5f5-6c0b-4e31-983f-31696f69c75f clubId= accountId= : Payment operation recovery exhausted: eventId=poison_12 traceId=495dc5f5-6c0b-4e31-983f-31696f69c75f
2026-10-07T16:37:21.807+02:00 WARN  [main] c.a.c.p.application.PaymentRetryPolicy traceId=0e816f27-2798-4653-865e-0a4c3f3863eb clubId= accountId= : Payment operation recovery exhausted: eventId=poison_13 traceId=0e816f27-2798-4653-865e-0a4c3f3863eb
2026-10-07T16:37:21.809+02:00 WARN  [main] c.a.c.p.application.PaymentRetryPolicy traceId=8927bd62-e870-41f9-99f4-6235caa3abe7 clubId= accountId= : Payment operation recovery exhausted: eventId=poison_14 traceId=8927bd62-e870-41f9-99f4-6235caa3abe7
2026-10-07T16:37:21.811+02:00 WARN  [main] c.a.c.p.application.PaymentRetryPolicy traceId=c9383fb2-8b91-4d9a-ac1b-2ecbe9144472 clubId= accountId= : Payment operation recovery exhausted: eventId=poison_15 traceId=c9383fb2-8b91-4d9a-ac1b-2ecbe9144472
2026-10-07T16:37:21.815+02:00 WARN  [main] c.a.c.p.application.PaymentRetryPolicy traceId=234f8fa3-3e8c-4b9e-8e7f-1b4b6f5e6372 clubId= accountId= : Payment operation recovery exhausted: eventId=poison_16 traceId=234f8fa3-3e8c-4b9e-8e7f-1b4b6f5e6372
2026-10-07T16:37:21.817+02:00 WARN  [main] c.a.c.p.application.PaymentRetryPolicy traceId=ad046e83-6694-4eb4-b7ce-e3ac8b0047e7 clubId= accountId= : Payment operation recovery exhausted: eventId=poison_17 traceId=[redacted]
2026-10-07T16:37:21.820+02:00 WARN  [main] c.a.c.p.application.PaymentRetryPolicy traceId=d11a00b8-75ef-46bb-8e0c-0de67936a22e clubId= accountId= : Payment operation recovery exhausted: eventId=poison_18 traceId=d11a00b8-75ef-46bb-8e0c-0de67936a22e
2026-10-07T16:37:21.822+02:00 WARN  [main] c.a.c.p.application.PaymentRetryPolicy traceId=ec6e6060-75f0-41c5-8758-22f163274e30 clubId= accountId= : Payment operation recovery exhausted: eventId=poison_19 traceId=ec6e6060-75f0-41c5-8758-22f163274e30
2026-10-07T16:37:21.825+02:00 WARN  [main] c.a.c.p.application.PaymentRetryPolicy traceId=71717a73-b7ca-40d9-9481-018d0823e420 clubId= accountId= : Payment operation recovery exhausted: eventId=poison_20 traceId=71717a73-b7ca-40d9-9481-018d0823e420
2026-10-07T16:37:21.827+02:00 WARN  [main] c.a.c.p.application.PaymentRetryPolicy traceId=11b1e051-d4e4-49d1-b622-086386a31c5f clubId= accountId= : Payment operation recovery exhausted: eventId=poison_21 traceId=11b1e051-d4e4-49d1-b622-086386a31c5f
2026-10-07T16:37:21.830+02:00 WARN  [main] c.a.c.p.application.PaymentRetryPolicy traceId=b52bd2eb-9771-4b31-9978-c5584500a19e clubId= accountId= : Payment operation recovery exhausted: eventId=poison_22 traceId=b52bd2eb-9771-4b31-9978-c5584500a19e
2026-10-07T16:37:21.832+02:00 WARN  [main] c.a.c.p.application.PaymentRetryPolicy traceId=e4526717-a0db-4a80-96b0-28bfabce41ed clubId= accountId= : Payment operation recovery exhausted: eventId=poison_23 traceId=e4526717-a0db-4a80-96b0-28bfabce41ed
2026-10-07T16:37:21.834+02:00 WARN  [main] c.a.c.p.application.PaymentRetryPolicy traceId=f3a64ba0-7d50-40dd-a5c2-88c78efc0973 clubId= accountId= : Payment operation recovery exhausted: eventId=poison_24 traceId=f3a64ba0-7d50-40dd-a5c2-88c78efc0973
2026-10-07T16:37:21.837+02:00 WARN  [main] c.a.c.p.application.PaymentRetryPolicy traceId=9c85c78e-cb67-45eb-ad9b-92de2f809d8e clubId= accountId= : Payment operation recovery exhausted: eventId=poison_25 traceId=9c85c78e-[redacted]
2026-10-07T16:37:21.839+02:00 WARN  [main] c.a.c.p.application.PaymentRetryPolicy traceId=bbcfd5c4-abfc-4106-baf8-3218e7ec9f05 clubId= accountId= : Payment operation recovery exhausted: eventId=poison_26 traceId=bbcfd5c4-abfc-4106-baf8-3218e7ec9f05
2026-10-07T16:37:21.841+02:00 WARN  [main] c.a.c.p.application.PaymentRetryPolicy traceId=22a7f842-634c-4db4-8101-b14fdf4d7026 clubId= accountId= : Payment operation recovery exhausted: eventId=poison_27 traceId=22a7f842-634c-4db4-8101-b14fdf4d7026
2026-10-07T16:37:21.844+02:00 WARN  [main] c.a.c.p.application.PaymentRetryPolicy traceId=64984a76-6ce9-4cea-a092-fadf892f05fc clubId= accountId= : Payment operation recovery exhausted: eventId=poison_28 traceId=64984a76-6ce9-4cea-a092-fadf892f05fc
2026-10-07T16:37:21.847+02:00 WARN  [main] c.a.c.p.application.PaymentRetryPolicy traceId=123273b6-9956-4018-a2b3-4f73819161a1 clubId= accountId= : Payment operation recovery exhausted: eventId=poison_29 traceId=123273b6-9956-4018-a2b3-4f73819161a1
2026-10-07T16:37:21.849+02:00 WARN  [main] c.a.c.p.application.PaymentRetryPolicy traceId=dec105ea-366d-4982-9502-4ed3fe457f5e clubId= accountId= : Payment operation recovery exhausted: eventId=poison_30 traceId=dec105ea-366d-4982-9502-4ed3fe457f5e
2026-10-07T16:37:21.852+02:00 WARN  [main] c.a.c.p.application.PaymentRetryPolicy traceId=24ba0f93-6204-4841-a0ad-cc4997d79c32 clubId= accountId= : Payment operation recovery exhausted: eventId=poison_31 traceId=24ba0f93-6204-4841-a0ad-cc4997d79c32
2026-10-07T16:37:21.854+02:00 WARN  [main] c.a.c.p.application.PaymentRetryPolicy traceId=930856d8-bf39-4ce1-a664-f6eff7b45326 clubId= accountId= : Payment operation recovery exhausted: eventId=poison_32 traceId=930856d8-[redacted]
2026-10-07T16:37:21.856+02:00 WARN  [main] c.a.c.p.application.PaymentRetryPolicy traceId=26aead67-647c-4416-8544-1d326c2c845e clubId= accountId= : Payment operation recovery exhausted: eventId=poison_33 traceId=26aead67-647c-4416-8544-1d326c2c845e
2026-10-07T16:37:21.859+02:00 WARN  [main] c.a.c.p.application.PaymentRetryPolicy traceId=cfe7a71a-2d81-4323-beb2-bb168a316899 clubId= accountId= : Payment operation recovery exhausted: eventId=poison_34 traceId=cfe7a71a-2d81-4323-beb2-bb168a316899
2026-10-07T16:37:21.861+02:00 WARN  [main] c.a.c.p.application.PaymentRetryPolicy traceId=4fe5f7a4-8032-4e6d-881f-2fe968e388d7 clubId= accountId= : Payment operation recovery exhausted: eventId=poison_35 traceId=4fe5f7a4-8032-4e6d-881f-2fe968e388d7
2026-10-07T16:37:21.864+02:00 WARN  [main] c.a.c.p.application.PaymentRetryPolicy traceId=649c5d99-49b6-4a0b-91b2-be691ff95f23 clubId= accountId= : Payment operation recovery exhausted: eventId=poison_36 traceId=649c5d99-49b6-4a0b-91b2-be691ff95f23
2026-10-07T16:37:21.866+02:00 WARN  [main] c.a.c.p.application.PaymentRetryPolicy traceId=c5859821-e626-429a-8466-6c507baf43a4 clubId= accountId= : Payment operation recovery exhausted: eventId=poison_37 traceId=c5859821-e626-429a-8466-6c507baf43a4
2026-10-07T16:37:21.868+02:00 WARN  [main] c.a.c.p.application.PaymentRetryPolicy traceId=cf462533-3ad5-46d7-a51c-d9352ca197fd clubId= accountId= : Payment operation recovery exhausted: eventId=poison_38 traceId=[redacted]
2026-10-07T16:37:21.871+02:00 WARN  [main] c.a.c.p.application.PaymentRetryPolicy traceId=5db8e652-e367-45f7-9f17-9cd56c3515b9 clubId= accountId= : Payment operation recovery exhausted: eventId=poison_39 traceId=5db8e652-e367-45f7-9f17-9cd56c3515b9
2026-10-07T16:37:21.874+02:00 WARN  [main] c.a.c.p.application.PaymentRetryPolicy traceId=65e4ab93-7c1e-4fca-abd8-b1c5caf6c3af clubId= accountId= : Payment operation recovery exhausted: eventId=poison_40 traceId=65e4ab93-7c1e-4fca-abd8-b1c5caf6c3af
2026-10-07T16:37:21.876+02:00 WARN  [main] c.a.c.p.application.PaymentRetryPolicy traceId=3254e200-e6bb-4a9b-acba-2ee730118c97 clubId= accountId= : Payment operation recovery exhausted: eventId=poison_41 traceId=3254e200-e6bb-4a9b-acba-2ee730118c97
2026-10-07T16:37:21.878+02:00 WARN  [main] c.a.c.p.application.PaymentRetryPolicy traceId=23564352-a97a-4417-bb2f-01732df42193 clubId= accountId= : Payment operation recovery exhausted: eventId=poison_42 traceId=23564352-a97a-4417-bb2f-01732df42193
2026-10-07T16:37:21.881+02:00 WARN  [main] c.a.c.p.application.PaymentRetryPolicy traceId=bda47b58-20c9-4ea5-ad1b-bbc18f4d67b4 clubId= accountId= : Payment operation recovery exhausted: eventId=poison_43 traceId=bda47b58-20c9-4ea5-ad1b-bbc18f4d67b4
2026-10-07T16:37:21.883+02:00 WARN  [main] c.a.c.p.application.PaymentRetryPolicy traceId=2e6279d7-4fc9-4879-b156-afb74d448fb6 clubId= accountId= : Payment operation recovery exhausted: eventId=poison_44 traceId=2e6279d7-4fc9-4879-b156-afb74d448fb6
2026-10-07T16:37:21.886+02:00 WARN  [main] c.a.c.p.application.PaymentRetryPolicy traceId=e1800912-b2d1-469f-8faf-96352b4f7104 clubId= accountId= : Payment operation recovery exhausted: eventId=poison_45 traceId=e1800912-b2d1-469f-8faf-96352b4f7104
2026-10-07T16:37:21.888+02:00 WARN  [main] c.a.c.p.application.PaymentRetryPolicy traceId=bf93f404-705b-487f-9004-3ab9b8b2bfab clubId= accountId= : Payment operation recovery exhausted: eventId=poison_46 traceId=[redacted]
2026-10-07T16:37:21.890+02:00 WARN  [main] c.a.c.p.application.PaymentRetryPolicy traceId=e2cfaaa5-1187-46e8-bf44-6a6828cf4ba9 clubId= accountId= : Payment operation recovery exhausted: eventId=poison_47 traceId=e2cfaaa5-1187-46e8-[redacted]
2026-10-07T16:37:21.893+02:00 WARN  [main] c.a.c.p.application.PaymentRetryPolicy traceId=42fc0b77-8514-42ae-886e-983bee8498ed clubId= accountId= : Payment operation recovery exhausted: eventId=poison_48 traceId=42fc0b77-8514-42ae-886e-983bee8498ed
2026-10-07T16:37:21.895+02:00 WARN  [main] c.a.c.p.application.PaymentRetryPolicy traceId=26d7cb51-39a4-4643-8766-9af5cd594b3e clubId= accountId= : Payment operation recovery exhausted: eventId=poison_49 traceId=26d7cb51-39a4-4643-8766-9af5cd594b3e
2026-10-07T16:37:21.898+02:00 WARN  [main] c.a.c.p.application.PaymentRetryPolicy traceId=f42d3954-503d-4544-8248-a121560020cb clubId= accountId= : Payment operation recovery exhausted: eventId=poison_50 traceId=f42d3954-503d-4544-8248-a121560020cb
2026-10-07T16:37:21.901+02:00 WARN  [main] c.a.c.p.application.PaymentRetryPolicy traceId=23b7354c-6bae-467e-a50f-d968a3d29e35 clubId= accountId= : Payment operation recovery exhausted: eventId=poison_51 traceId=23b7354c-6bae-467e-a50f-d968a3d29e35
2026-10-07T16:37:21.903+02:00 WARN  [main] c.a.c.p.application.PaymentRetryPolicy traceId=04f98d8b-6d2e-4c55-9640-e199be617247 clubId= accountId= : Payment operation recovery exhausted: eventId=poison_52 traceId=04f98d8b-6d2e-4c55-9640-e199be617247
2026-10-07T16:37:21.906+02:00 WARN  [main] c.a.c.p.application.PaymentRetryPolicy traceId=6705077a-ab67-484a-bdbf-a37cfee16293 clubId= accountId= : Payment operation recovery exhausted: eventId=poison_53 traceId=6705077a-[redacted]
2026-10-07T16:37:21.908+02:00 WARN  [main] c.a.c.p.application.PaymentRetryPolicy traceId=31eac81c-072f-4390-822a-f08652d44276 clubId= accountId= : Payment operation recovery exhausted: eventId=poison_54 traceId=31eac81c-072f-4390-822a-f08652d44276
2026-10-07T16:37:21.911+02:00 WARN  [main] c.a.c.p.application.PaymentRetryPolicy traceId=a3815821-9670-40f2-adc7-070ca5220b31 clubId= accountId= : Payment operation recovery exhausted: eventId=poison_55 traceId=a3815821-9670-40f2-adc7-070ca5220b31
2026-10-07T16:37:21.914+02:00 WARN  [main] c.a.c.p.application.PaymentRetryPolicy traceId=85e121a2-c9e0-423a-89ae-fdf3458da53b clubId= accountId= : Payment operation recovery exhausted: eventId=poison_56 traceId=85e121a2-c9e0-423a-89ae-fdf3458da53b
2026-10-07T16:37:21.916+02:00 WARN  [main] c.a.c.p.application.PaymentRetryPolicy traceId=f1fea206-581b-4299-ba02-af672a5cc161 clubId= accountId= : Payment operation recovery exhausted: eventId=poison_57 traceId=f1fea206-581b-4299-[redacted]
2026-10-07T16:37:21.918+02:00 WARN  [main] c.a.c.p.application.PaymentRetryPolicy traceId=876a0a0e-4ad2-4e13-84de-212a9b5015d3 clubId= accountId= : Payment operation recovery exhausted: eventId=poison_58 traceId=876a0a0e-4ad2-4e13-84de-212a9b5015d3
2026-10-07T16:37:21.921+02:00 WARN  [main] c.a.c.p.application.PaymentRetryPolicy traceId=3d1372f1-50d7-4a0b-b754-f507c3e88a00 clubId= accountId= : Payment operation recovery exhausted: eventId=poison_59 traceId=3d1372f1-50d7-4a0b-b754-f507c3e88a00
2026-10-07T16:37:21.923+02:00 WARN  [main] c.a.c.p.application.PaymentRetryPolicy traceId=bce7d03b-bec3-4c20-beb5-67c3fb4895ba clubId= accountId= : Payment operation recovery exhausted: eventId=poison_60 traceId=bce7d03b-bec3-4c20-beb5-67c3fb4895ba
2026-10-07T16:37:21.926+02:00 WARN  [main] c.a.c.p.application.PaymentRetryPolicy traceId=7e9068d2-bd7c-4448-806d-a087d9c3002e clubId= accountId= : Payment operation recovery exhausted: eventId=poison_61 traceId=7e9068d2-bd7c-4448-806d-a087d9c3002e
2026-10-07T16:37:21.928+02:00 WARN  [main] c.a.c.p.application.PaymentRetryPolicy traceId=6d2bd128-c155-4b08-a236-e14f5a502151 clubId= accountId= : Payment operation recovery exhausted: eventId=poison_62 traceId=6d2bd128-c155-4b08-a236-e14f5a502151
2026-10-07T16:37:21.931+02:00 WARN  [main] c.a.c.p.application.PaymentRetryPolicy traceId=0b9482df-d55a-44c2-a025-da32e7cf70bf clubId= accountId= : Payment operation recovery exhausted: eventId=poison_63 traceId=0b9482df-d55a-44c2-a025-da32e7cf70bf
2026-10-07T16:37:21.933+02:00 WARN  [main] c.a.c.p.application.PaymentRetryPolicy traceId=59b651c2-463f-4d70-b779-36db4fcaed3a clubId= accountId= : Payment operation recovery exhausted: eventId=poison_64 traceId=59b651c2-463f-4d70-b779-36db4fcaed3a
2026-10-07T16:37:21.935+02:00 WARN  [main] c.a.c.p.application.PaymentRetryPolicy traceId=9977ede4-ae11-4de8-9155-1f3070584f3b clubId= accountId= : Payment operation recovery exhausted: eventId=poison_65 traceId=9977ede4-[redacted]
2026-10-07T16:37:21.938+02:00 WARN  [main] c.a.c.p.application.PaymentRetryPolicy traceId=b21f5659-93b4-467a-b5ce-05d54e64c854 clubId= accountId= : Payment operation recovery exhausted: eventId=poison_66 traceId=b21f5659-93b4-467a-b5ce-05d54e64c854
2026-10-07T16:37:21.941+02:00 WARN  [main] c.a.c.p.application.PaymentRetryPolicy traceId=fc6def13-4cb1-48e5-9f0a-18af6d1558ef clubId= accountId= : Payment operation recovery exhausted: eventId=poison_67 traceId=fc6def13-4cb1-48e5-9f0a-18af6d1558ef
2026-10-07T16:37:21.944+02:00 WARN  [main] c.a.c.p.application.PaymentRetryPolicy traceId=84acf739-845f-45f6-84c3-a0abebec2a57 clubId= accountId= : Payment operation recovery exhausted: eventId=poison_68 traceId=84acf739-845f-45f6-84c3-a0abebec2a57
2026-10-07T16:37:21.946+02:00 WARN  [main] c.a.c.p.application.PaymentRetryPolicy traceId=2fa0e97a-c9e5-46ec-b740-c0b6a26a5fcc clubId= accountId= : Payment operation recovery exhausted: eventId=poison_69 traceId=2fa0e97a-c9e5-46ec-b740-c0b6a26a5fcc
2026-10-07T16:37:21.949+02:00 WARN  [main] c.a.c.p.application.PaymentRetryPolicy traceId=e378c935-28b1-47c7-8584-fd0e2ae6fc05 clubId= accountId= : Payment operation recovery exhausted: eventId=poison_70 traceId=e378c935-28b1-47c7-8584-fd0e2ae6fc05
2026-10-07T16:37:21.952+02:00 WARN  [main] c.a.c.p.application.PaymentRetryPolicy traceId=db07d447-a184-4395-b450-19375a0995fa clubId= accountId= : Payment operation recovery exhausted: eventId=poison_71 traceId=[redacted]
2026-10-07T16:37:21.955+02:00 WARN  [main] c.a.c.p.application.PaymentRetryPolicy traceId=f408a862-d01b-45cd-b22f-c78bcce7329a clubId= accountId= : Payment operation recovery exhausted: eventId=poison_72 traceId=f408a862-d01b-45cd-b22f-c78bcce7329a
2026-10-07T16:37:21.958+02:00 WARN  [main] c.a.c.p.application.PaymentRetryPolicy traceId=d2016e1e-7b28-4a29-b63f-5c5e49af62d7 clubId= accountId= : Payment operation recovery exhausted: eventId=poison_73 traceId=d2016e1e-7b28-4a29-b63f-5c5e49af62d7
2026-10-07T16:37:21.960+02:00 WARN  [main] c.a.c.p.application.PaymentRetryPolicy traceId=4a18f878-33f7-4505-afab-df2ad7ac9645 clubId= accountId= : Payment operation recovery exhausted: eventId=poison_74 traceId=4a18f878-33f7-4505-afab-df2ad7ac9645
2026-10-07T16:37:21.963+02:00 WARN  [main] c.a.c.p.application.PaymentRetryPolicy traceId=158b348c-da0b-4913-a3c1-5f79c8a2c48d clubId= accountId= : Payment operation recovery exhausted: eventId=poison_75 traceId=158b348c-da0b-4913-a3c1-5f79c8a2c48d
2026-10-07T16:37:21.965+02:00 WARN  [main] c.a.c.p.application.PaymentRetryPolicy traceId=139c41a3-c136-42dd-9143-23ecf8f15cd9 clubId= accountId= : Payment operation recovery exhausted: eventId=poison_76 traceId=139c41a3-c136-42dd-9143-23ecf8f15cd9
2026-10-07T16:37:21.968+02:00 WARN  [main] c.a.c.p.application.PaymentRetryPolicy traceId=bbca247b-83b7-4761-9c90-6758908e3c6f clubId= accountId= : Payment operation recovery exhausted: eventId=poison_77 traceId=bbca247b-83b7-4761-9c90-6758908e3c6f
2026-10-07T16:37:21.971+02:00 WARN  [main] c.a.c.p.application.PaymentRetryPolicy traceId=9333381a-fed4-432a-844f-8a54b2eee7bf clubId= accountId= : Payment operation recovery exhausted: eventId=poison_78 traceId=9333381a-fed4-432a-844f-8a54b2eee7bf
2026-10-07T16:37:21.974+02:00 WARN  [main] c.a.c.p.application.PaymentRetryPolicy traceId=89fb3be1-4542-4dfd-aa76-d5e28b1e493e clubId= accountId= : Payment operation recovery exhausted: eventId=poison_79 traceId=89fb3be1-4542-4dfd-[redacted]
2026-10-07T16:37:21.977+02:00 WARN  [main] c.a.c.p.application.PaymentRetryPolicy traceId=06863b17-3562-4138-bdb4-110a1da41670 clubId= accountId= : Payment operation recovery exhausted: eventId=poison_80 traceId=06863b17-3562-4138-bdb4-110a1da41670
2026-10-07T16:37:21.981+02:00 WARN  [main] c.a.c.p.application.PaymentRetryPolicy traceId=761acd66-5d0d-4463-8fcc-38289deebea1 clubId= accountId= : Payment operation recovery exhausted: eventId=poison_81 traceId=761acd66-5d0d-4463-8fcc-38289deebea1
2026-10-07T16:37:21.984+02:00 WARN  [main] c.a.c.p.application.PaymentRetryPolicy traceId=210ef3b7-8dd2-454e-ac21-688ed5803579 clubId= accountId= : Payment operation recovery exhausted: eventId=poison_82 traceId=210ef3b7-8dd2-454e-[redacted]
2026-10-07T16:37:21.987+02:00 WARN  [main] c.a.c.p.application.PaymentRetryPolicy traceId=87de1587-001f-4e02-91fc-2f67da0f85b0 clubId= accountId= : Payment operation recovery exhausted: eventId=poison_83 traceId=87de1587-001f-4e02-91fc-2f67da0f85b0
2026-10-07T16:37:21.990+02:00 WARN  [main] c.a.c.p.application.PaymentRetryPolicy traceId=000a8767-f8c9-42ff-a3c7-238768f495d5 clubId= accountId= : Payment operation recovery exhausted: eventId=poison_84 traceId=000a8767-f8c9-42ff-a3c7-238768f495d5
2026-10-07T16:37:21.993+02:00 WARN  [main] c.a.c.p.application.PaymentRetryPolicy traceId=eda0e4a6-0d59-40b5-8883-1a41aa403870 clubId= accountId= : Payment operation recovery exhausted: eventId=poison_85 traceId=eda0e4a6-0d59-40b5-8883-1a41aa403870
2026-10-07T16:37:21.996+02:00 WARN  [main] c.a.c.p.application.PaymentRetryPolicy traceId=42ad113f-6c2a-4ca1-90a8-2a3639905369 clubId= accountId= : Payment operation recovery exhausted: eventId=poison_86 traceId=42ad113f-6c2a-4ca1-90a8-2a3639905369
2026-10-07T16:37:21.999+02:00 WARN  [main] c.a.c.p.application.PaymentRetryPolicy traceId=ad1d70da-4f1b-4b29-80bb-879ceb592b88 clubId= accountId= : Payment operation recovery exhausted: eventId=poison_87 traceId=ad1d70da-4f1b-4b29-80bb-879ceb592b88
2026-10-07T16:37:22.002+02:00 WARN  [main] c.a.c.p.application.PaymentRetryPolicy traceId=0a647460-cb93-4688-8497-6714268bed81 clubId= accountId= : Payment operation recovery exhausted: eventId=poison_88 traceId=0a647460-[redacted]
2026-10-07T16:37:22.004+02:00 WARN  [main] c.a.c.p.application.PaymentRetryPolicy traceId=0990d927-ea96-4f24-8d3e-e04730c1a6f8 clubId= accountId= : Payment operation recovery exhausted: eventId=poison_89 traceId=0990d927-[redacted]
2026-10-07T16:37:22.007+02:00 WARN  [main] c.a.c.p.application.PaymentRetryPolicy traceId=1d250c83-1976-4166-902a-901402fc6346 clubId= accountId= : Payment operation recovery exhausted: eventId=poison_90 traceId=1d250c83-1976-4166-902a-901402fc6346
2026-10-07T16:37:22.010+02:00 WARN  [main] c.a.c.p.application.PaymentRetryPolicy traceId=47a707e6-d1fa-43d1-aef3-d830d896f007 clubId= accountId= : Payment operation recovery exhausted: eventId=poison_91 traceId=47a707e6-d1fa-43d1-aef3-d830d896f007
2026-10-07T16:37:22.013+02:00 WARN  [main] c.a.c.p.application.PaymentRetryPolicy traceId=fc1e562c-b6d3-4e30-be0a-fd1158881e14 clubId= accountId= : Payment operation recovery exhausted: eventId=poison_92 traceId=fc1e562c-b6d3-4e30-be0a-fd1158881e14
2026-10-07T16:37:22.016+02:00 WARN  [main] c.a.c.p.application.PaymentRetryPolicy traceId=ec043565-0708-4291-94b7-0f2ec8a4ef18 clubId= accountId= : Payment operation recovery exhausted: eventId=poison_93 traceId=[redacted]
2026-10-07T16:37:22.019+02:00 WARN  [main] c.a.c.p.application.PaymentRetryPolicy traceId=4008bb45-1b98-4d1e-b937-0a34dfdeae14 clubId= accountId= : Payment operation recovery exhausted: eventId=poison_94 traceId=4008bb45-1b98-4d1e-b937-0a34dfdeae14
2026-10-07T16:37:22.022+02:00 WARN  [main] c.a.c.p.application.PaymentRetryPolicy traceId=a16d1505-992f-4d8d-bd43-9ec006fa9878 clubId= accountId= : Payment operation recovery exhausted: eventId=poison_95 traceId=a16d1505-992f-4d8d-[redacted]
2026-10-07T16:37:22.025+02:00 WARN  [main] c.a.c.p.application.PaymentRetryPolicy traceId=a59401f1-4f8a-496b-9f8b-aec5b1319602 clubId= accountId= : Payment operation recovery exhausted: eventId=poison_96 traceId=a59401f1-4f8a-496b-9f8b-aec5b1319602
2026-10-07T16:37:22.027+02:00 WARN  [main] c.a.c.p.application.PaymentRetryPolicy traceId=70a0f8ab-d7bf-4220-a9c4-2f4bde1dbe5e clubId= accountId= : Payment operation recovery exhausted: eventId=poison_97 traceId=70a0f8ab-d7bf-4220-a9c4-2f4bde1dbe5e
2026-10-07T16:37:22.030+02:00 WARN  [main] c.a.c.p.application.PaymentRetryPolicy traceId=4611f90e-d32a-457c-a570-5e81a4b63a6d clubId= accountId= : Payment operation recovery exhausted: eventId=poison_98 traceId=4611f90e-d32a-457c-a570-5e81a4b63a6d
2026-10-07T16:37:22.033+02:00 WARN  [main] c.a.c.p.application.PaymentRetryPolicy traceId=5eefc47b-3314-4283-a2ca-52d570e48fec clubId= accountId= : Payment operation recovery exhausted: eventId=poison_99 traceId=5eefc47b-3314-4283-a2ca-52d570e48fec
2026-10-07T16:37:22.039+02:00 WARN  [main] c.a.c.p.application.PaymentRetryPolicy traceId=dfd90c78-46a3-4024-b3e7-cdc3a4cf9afd clubId= accountId= : Stripe event recovery exhausted: eventId=evt_poison_0 traceId=dfd90c78-46a3-4024-b3e7-cdc3a4cf9afd
2026-10-07T16:37:22.044+02:00 WARN  [main] c.a.c.p.application.PaymentRetryPolicy traceId=774c8555-246a-4926-b7ce-92c738c688a5 clubId= accountId= : Stripe event recovery exhausted: eventId=evt_poison_1 traceId=774c8555-246a-4926-b7ce-92c738c688a5
2026-10-07T16:37:22.049+02:00 WARN  [main] c.a.c.p.application.PaymentRetryPolicy traceId=97753efc-b296-4a98-95e1-e2f4884eaa43 clubId= accountId= : Stripe event recovery exhausted: eventId=evt_poison_2 traceId=97753efc-b296-4a98-95e1-e2f4884eaa43
2026-10-07T16:37:22.054+02:00 WARN  [main] c.a.c.p.application.PaymentRetryPolicy traceId=febdb0c2-6094-44a0-acd8-a5ffb5630c04 clubId= accountId= : Stripe event recovery exhausted: eventId=evt_poison_3 traceId=febdb0c2-6094-44a0-acd8-a5ffb5630c04
2026-10-07T16:37:22.058+02:00 WARN  [main] c.a.c.p.application.PaymentRetryPolicy traceId=4ecf1db9-50b8-4efa-a2c8-860812defe20 clubId= accountId= : Stripe event recovery exhausted: eventId=evt_poison_4 traceId=4ecf1db9-50b8-4efa-a2c8-860812defe20
2026-10-07T16:37:22.064+02:00 WARN  [main] c.a.c.p.application.PaymentRetryPolicy traceId=138e814d-702b-431e-a31a-b625662ec5ef clubId= accountId= : Stripe event recovery exhausted: eventId=evt_poison_5 traceId=138e814d-702b-431e-a31a-b625662ec5ef
2026-10-07T16:37:22.069+02:00 WARN  [main] c.a.c.p.application.PaymentRetryPolicy traceId=2c18987d-f848-4daa-a534-37cbc5b867a7 clubId= accountId= : Stripe event recovery exhausted: eventId=evt_poison_6 traceId=2c18987d-f848-4daa-a534-37cbc5b867a7
2026-10-07T16:37:22.074+02:00 WARN  [main] c.a.c.p.application.PaymentRetryPolicy traceId=aa3f12a8-dac7-4ee5-9a18-84af57776236 clubId= accountId= : Stripe event recovery exhausted: eventId=evt_poison_7 traceId=aa3f12a8-dac7-4ee5-9a18-84af57776236
2026-10-07T16:37:22.079+02:00 WARN  [main] c.a.c.p.application.PaymentRetryPolicy traceId=d958c223-694f-494b-91cc-3a00122b3d0a clubId= accountId= : Stripe event recovery exhausted: eventId=evt_poison_8 traceId=d958c223-694f-494b-91cc-3a00122b3d0a
2026-10-07T16:37:22.083+02:00 WARN  [main] c.a.c.p.application.PaymentRetryPolicy traceId=c1cc51e0-22e1-486b-b449-2ef7b27e29f5 clubId= accountId= : Stripe event recovery exhausted: eventId=evt_poison_9 traceId=c1cc51e0-22e1-486b-b449-2ef7b27e29f5
2026-10-07T16:37:22.088+02:00 WARN  [main] c.a.c.p.application.PaymentRetryPolicy traceId=ad1b4a8f-c958-47ea-bd17-dac7792a4d33 clubId= accountId= : Stripe event recovery exhausted: eventId=evt_poison_10 traceId=ad1b4a8f-c958-47ea-[redacted]
2026-10-07T16:37:22.093+02:00 WARN  [main] c.a.c.p.application.PaymentRetryPolicy traceId=1906ba9d-698e-461b-921e-1d4cdc65f8cd clubId= accountId= : Stripe event recovery exhausted: eventId=evt_poison_11 traceId=1906ba9d-698e-461b-921e-1d4cdc65f8cd
2026-10-07T16:37:22.098+02:00 WARN  [main] c.a.c.p.application.PaymentRetryPolicy traceId=32250193-fa55-4cbd-bcae-9819d09b092f clubId= accountId= : Stripe event recovery exhausted: eventId=evt_poison_12 traceId=32250193-[redacted]
2026-10-07T16:37:22.103+02:00 WARN  [main] c.a.c.p.application.PaymentRetryPolicy traceId=0659fe57-dc89-4982-872b-1d842fded2f8 clubId= accountId= : Stripe event recovery exhausted: eventId=evt_poison_13 traceId=0659fe57-[redacted]
2026-10-07T16:37:22.108+02:00 WARN  [main] c.a.c.p.application.PaymentRetryPolicy traceId=bbe5c236-9633-4a92-baf5-6ef8e4e34c09 clubId= accountId= : Stripe event recovery exhausted: eventId=evt_poison_14 traceId=bbe5c236-9633-4a92-baf5-6ef8e4e34c09
2026-10-07T16:37:22.113+02:00 WARN  [main] c.a.c.p.application.PaymentRetryPolicy traceId=5625e80f-704d-4af2-9321-407cc771ef1e clubId= accountId= : Stripe event recovery exhausted: eventId=evt_poison_15 traceId=5625e80f-704d-4af2-9321-407cc771ef1e
2026-10-07T16:37:22.118+02:00 WARN  [main] c.a.c.p.application.PaymentRetryPolicy traceId=7e04ba0d-2e63-43b1-ad34-4568b7642cfb clubId= accountId= : Stripe event recovery exhausted: eventId=evt_poison_16 traceId=7e04ba0d-2e63-43b1-[redacted]
2026-10-07T16:37:22.122+02:00 WARN  [main] c.a.c.p.application.PaymentRetryPolicy traceId=17cb6f34-b619-4a84-a916-1b923bff64a0 clubId= accountId= : Stripe event recovery exhausted: eventId=evt_poison_17 traceId=17cb6f34-b619-4a84-a916-1b923bff64a0
2026-10-07T16:37:22.127+02:00 WARN  [main] c.a.c.p.application.PaymentRetryPolicy traceId=924f836d-729c-48be-a512-d159acc8d640 clubId= accountId= : Stripe event recovery exhausted: eventId=evt_poison_18 traceId=924f836d-729c-48be-a512-d159acc8d640
2026-10-07T16:37:22.131+02:00 WARN  [main] c.a.c.p.application.PaymentRetryPolicy traceId=702efc59-bd7c-4c98-be60-0fedbc312726 clubId= accountId= : Stripe event recovery exhausted: eventId=evt_poison_19 traceId=702efc59-bd7c-4c98-[redacted]
2026-10-07T16:37:22.135+02:00 WARN  [main] c.a.c.p.application.PaymentRetryPolicy traceId=42948040-da76-40e4-85bb-dcdd30c1254a clubId= accountId= : Stripe event recovery exhausted: eventId=evt_poison_20 traceId=42948040-[redacted]
2026-10-07T16:37:22.140+02:00 WARN  [main] c.a.c.p.application.PaymentRetryPolicy traceId=11a37893-7ea0-4567-9806-5581f86b67e7 clubId= accountId= : Stripe event recovery exhausted: eventId=evt_poison_21 traceId=11a37893-7ea0-4567-9806-5581f86b67e7
2026-10-07T16:37:22.144+02:00 WARN  [main] c.a.c.p.application.PaymentRetryPolicy traceId=71ef2e39-f57d-49c5-9829-182d242cd468 clubId= accountId= : Stripe event recovery exhausted: eventId=evt_poison_22 traceId=71ef2e39-f57d-49c5-9829-182d242cd468
2026-10-07T16:37:22.148+02:00 WARN  [main] c.a.c.p.application.PaymentRetryPolicy traceId=9583cdc2-cf39-49a9-a57e-cd0a4c191ebc clubId= accountId= : Stripe event recovery exhausted: eventId=evt_poison_23 traceId=9583cdc2-[redacted]
2026-10-07T16:37:22.153+02:00 WARN  [main] c.a.c.p.application.PaymentRetryPolicy traceId=51f05dce-ed68-450a-b1c3-0831ccd23152 clubId= accountId= : Stripe event recovery exhausted: eventId=evt_poison_24 traceId=51f05dce-[redacted]
2026-10-07T16:37:22.157+02:00 WARN  [main] c.a.c.p.application.PaymentRetryPolicy traceId=e76bf0eb-d631-4a18-918d-649c52cd6907 clubId= accountId= : Stripe event recovery exhausted: eventId=evt_poison_25 traceId=e76bf0eb-d631-4a18-918d-649c52cd6907
2026-10-07T16:37:22.162+02:00 WARN  [main] c.a.c.p.application.PaymentRetryPolicy traceId=549a1dbf-005d-4ff8-83a8-001408fcb5bb clubId= accountId= : Stripe event recovery exhausted: eventId=evt_poison_26 traceId=549a1dbf-005d-4ff8-83a8-001408fcb5bb
2026-10-07T16:37:22.167+02:00 WARN  [main] c.a.c.p.application.PaymentRetryPolicy traceId=bc23de87-e3b2-45bc-b68a-eaa4314f15c1 clubId= accountId= : Stripe event recovery exhausted: eventId=evt_poison_27 traceId=[redacted]
2026-10-07T16:37:22.171+02:00 WARN  [main] c.a.c.p.application.PaymentRetryPolicy traceId=0b993e3c-ab4a-4cd7-8d8a-7dec1909ff71 clubId= accountId= : Stripe event recovery exhausted: eventId=evt_poison_28 traceId=0b993e3c-ab4a-4cd7-8d8a-7dec1909ff71
2026-10-07T16:37:22.176+02:00 WARN  [main] c.a.c.p.application.PaymentRetryPolicy traceId=dfdf21c4-d204-4bb7-b28c-cd5e9614ed4d clubId= accountId= : Stripe event recovery exhausted: eventId=evt_poison_29 traceId=dfdf21c4-d204-4bb7-b28c-cd5e9614ed4d
2026-10-07T16:37:22.181+02:00 WARN  [main] c.a.c.p.application.PaymentRetryPolicy traceId=46c628b9-9da2-4d53-9b82-fcf17e4c1082 clubId= accountId= : Stripe event recovery exhausted: eventId=evt_poison_30 traceId=46c628b9-9da2-4d53-9b82-fcf17e4c1082
2026-10-07T16:37:22.186+02:00 WARN  [main] c.a.c.p.application.PaymentRetryPolicy traceId=fd64f635-73be-4446-ab6d-c5ab8399770e clubId= accountId= : Stripe event recovery exhausted: eventId=evt_poison_31 traceId=[redacted]
2026-10-07T16:37:22.191+02:00 WARN  [main] c.a.c.p.application.PaymentRetryPolicy traceId=f398ac1c-0e3c-4d7f-abd7-012a09bf89e9 clubId= accountId= : Stripe event recovery exhausted: eventId=evt_poison_32 traceId=f398ac1c-0e3c-4d7f-abd7-012a09bf89e9
2026-10-07T16:37:22.195+02:00 WARN  [main] c.a.c.p.application.PaymentRetryPolicy traceId=ffcc9363-6933-4b23-925a-67a2a89997be clubId= accountId= : Stripe event recovery exhausted: eventId=evt_poison_33 traceId=ffcc9363-6933-4b23-925a-67a2a89997be
2026-10-07T16:37:22.200+02:00 WARN  [main] c.a.c.p.application.PaymentRetryPolicy traceId=a120ba3d-109d-4f58-b56f-93757b8ad308 clubId= accountId= : Stripe event recovery exhausted: eventId=evt_poison_34 traceId=a120ba3d-109d-4f58-b56f-93757b8ad308
2026-10-07T16:37:22.205+02:00 WARN  [main] c.a.c.p.application.PaymentRetryPolicy traceId=6b959da2-f496-4941-95fc-bcca7f334527 clubId= accountId= : Stripe event recovery exhausted: eventId=evt_poison_35 traceId=6b959da2-f496-4941-95fc-bcca7f334527
2026-10-07T16:37:22.209+02:00 WARN  [main] c.a.c.p.application.PaymentRetryPolicy traceId=0b776cff-029c-43b9-b1f2-23372373c700 clubId= accountId= : Stripe event recovery exhausted: eventId=evt_poison_36 traceId=0b776cff-029c-43b9-b1f2-23372373c700
2026-10-07T16:37:22.214+02:00 WARN  [main] c.a.c.p.application.PaymentRetryPolicy traceId=a5e4b212-376b-4c47-b5f9-feae273d0f1d clubId= accountId= : Stripe event recovery exhausted: eventId=evt_poison_37 traceId=a5e4b212-376b-4c47-b5f9-feae273d0f1d
2026-10-07T16:37:22.218+02:00 WARN  [main] c.a.c.p.application.PaymentRetryPolicy traceId=d8cf54d1-70a1-4447-99d0-b7f7f47d17dd clubId= accountId= : Stripe event recovery exhausted: eventId=evt_poison_38 traceId=d8cf54d1-70a1-4447-99d0-b7f7f47d17dd
2026-10-07T16:37:22.222+02:00 WARN  [main] c.a.c.p.application.PaymentRetryPolicy traceId=ed51eb05-33ed-4d25-aeb2-3d0bd6d6cf7e clubId= accountId= : Stripe event recovery exhausted: eventId=evt_poison_39 traceId=[redacted]
2026-10-07T16:37:22.230+02:00 WARN  [main] c.a.c.p.application.PaymentRetryPolicy traceId=9ea81ae2-fbf6-4d17-9e4f-744d985c6f85 clubId= accountId= : Stripe event recovery exhausted: eventId=evt_poison_40 traceId=9ea81ae2-fbf6-4d17-9e4f-744d985c6f85
2026-10-07T16:37:22.235+02:00 WARN  [main] c.a.c.p.application.PaymentRetryPolicy traceId=67ad7b4d-1239-48a4-8c14-2d9e00b0ff78 clubId= accountId= : Stripe event recovery exhausted: eventId=evt_poison_41 traceId=67ad7b4d-1239-48a4-8c14-2d9e00b0ff78
2026-10-07T16:37:22.240+02:00 WARN  [main] c.a.c.p.application.PaymentRetryPolicy traceId=d41773b0-3262-4ddd-82be-5e7a3ed238fa clubId= accountId= : Stripe event recovery exhausted: eventId=evt_poison_42 traceId=d41773b0-3262-4ddd-82be-5e7a3ed238fa
2026-10-07T16:37:22.244+02:00 WARN  [main] c.a.c.p.application.PaymentRetryPolicy traceId=2b9225ac-412c-4afc-a3dd-1c394d20f6c1 clubId= accountId= : Stripe event recovery exhausted: eventId=evt_poison_43 traceId=2b9225ac-412c-4afc-a3dd-1c394d20f6c1
2026-10-07T16:37:22.248+02:00 WARN  [main] c.a.c.p.application.PaymentRetryPolicy traceId=a8addabd-d962-4575-ae26-a6db2a178f94 clubId= accountId= : Stripe event recovery exhausted: eventId=evt_poison_44 traceId=a8addabd-d962-4575-[redacted]
2026-10-07T16:37:22.253+02:00 WARN  [main] c.a.c.p.application.PaymentRetryPolicy traceId=8653f1d1-d56d-4143-9dc4-194cffae4b00 clubId= accountId= : Stripe event recovery exhausted: eventId=evt_poison_45 traceId=8653f1d1-d56d-4143-9dc4-194cffae4b00
2026-10-07T16:37:22.257+02:00 WARN  [main] c.a.c.p.application.PaymentRetryPolicy traceId=d4e8a6a0-ef7e-4d37-8185-688aca67f462 clubId= accountId= : Stripe event recovery exhausted: eventId=evt_poison_46 traceId=d4e8a6a0-ef7e-4d37-8185-688aca67f462
2026-10-07T16:37:22.262+02:00 WARN  [main] c.a.c.p.application.PaymentRetryPolicy traceId=3481425f-1bc5-45d2-a9a2-73fc27aefd34 clubId= accountId= : Stripe event recovery exhausted: eventId=evt_poison_47 traceId=3481425f-1bc5-45d2-a9a2-73fc27aefd34
2026-10-07T16:37:22.267+02:00 WARN  [main] c.a.c.p.application.PaymentRetryPolicy traceId=1dda3b7a-64fd-44f2-b1fb-38ee3716fad2 clubId= accountId= : Stripe event recovery exhausted: eventId=evt_poison_48 traceId=1dda3b7a-64fd-44f2-b1fb-38ee3716fad2
2026-10-07T16:37:22.271+02:00 WARN  [main] c.a.c.p.application.PaymentRetryPolicy traceId=f69a8e0a-da1b-43bd-997c-799a3e6b5095 clubId= accountId= : Stripe event recovery exhausted: eventId=evt_poison_49 traceId=f69a8e0a-da1b-43bd-997c-799a3e6b5095
2026-10-07T16:37:22.275+02:00 WARN  [main] c.a.c.p.application.PaymentRetryPolicy traceId=d37acff1-6201-47c6-b62f-ec401e83066b clubId= accountId= : Stripe event recovery exhausted: eventId=evt_poison_50 traceId=d37acff1-6201-47c6-b62f-ec401e83066b
2026-10-07T16:37:22.280+02:00 WARN  [main] c.a.c.p.application.PaymentRetryPolicy traceId=cc27beb2-a21f-4ba6-845c-eb17d75d6faa clubId= accountId= : Stripe event recovery exhausted: eventId=evt_poison_51 traceId=[redacted]
2026-10-07T16:37:22.284+02:00 WARN  [main] c.a.c.p.application.PaymentRetryPolicy traceId=bcaa3960-c72f-4400-8bb5-994b39faeb75 clubId= accountId= : Stripe event recovery exhausted: eventId=evt_poison_52 traceId=bcaa3960-c72f-4400-8bb5-994b39faeb75
2026-10-07T16:37:22.288+02:00 WARN  [main] c.a.c.p.application.PaymentRetryPolicy traceId=ced582b0-7c61-4579-8422-1dcb8fbbfcaf clubId= accountId= : Stripe event recovery exhausted: eventId=evt_poison_53 traceId=ced582b0-7c61-4579-8422-1dcb8fbbfcaf
2026-10-07T16:37:22.293+02:00 WARN  [main] c.a.c.p.application.PaymentRetryPolicy traceId=a35b1814-fc16-4e9f-880f-573371978977 clubId= accountId= : Stripe event recovery exhausted: eventId=evt_poison_54 traceId=a35b1814-[redacted]
2026-10-07T16:37:22.297+02:00 WARN  [main] c.a.c.p.application.PaymentRetryPolicy traceId=f9a74359-6ff9-486e-b73e-3bc1a3a712ac clubId= accountId= : Stripe event recovery exhausted: eventId=evt_poison_55 traceId=f9a74359-6ff9-486e-b73e-3bc1a3a712ac
2026-10-07T16:37:22.301+02:00 WARN  [main] c.a.c.p.application.PaymentRetryPolicy traceId=cd7d9de9-3b57-4a54-afd4-37dff15c6549 clubId= accountId= : Stripe event recovery exhausted: eventId=evt_poison_56 traceId=cd7d9de9-3b57-4a54-afd4-37dff15c6549
2026-10-07T16:37:22.305+02:00 WARN  [main] c.a.c.p.application.PaymentRetryPolicy traceId=b4961f20-3c5e-4715-b4b7-b691883a16b9 clubId= accountId= : Stripe event recovery exhausted: eventId=evt_poison_57 traceId=b4961f20-3c5e-4715-b4b7-b691883a16b9
2026-10-07T16:37:22.310+02:00 WARN  [main] c.a.c.p.application.PaymentRetryPolicy traceId=490f718a-946f-4e8f-8b0b-8f5f9fd97f03 clubId= accountId= : Stripe event recovery exhausted: eventId=evt_poison_58 traceId=490f718a-946f-4e8f-8b0b-8f5f9fd97f03
2026-10-07T16:37:22.314+02:00 WARN  [main] c.a.c.p.application.PaymentRetryPolicy traceId=c5ead7ab-39c1-4695-a83a-41af4b2ac2fe clubId= accountId= : Stripe event recovery exhausted: eventId=evt_poison_59 traceId=c5ead7ab-39c1-4695-a83a-41af4b2ac2fe
2026-10-07T16:37:22.319+02:00 WARN  [main] c.a.c.p.application.PaymentRetryPolicy traceId=5e53f6bd-a269-4024-b52a-9134aa6662ba clubId= accountId= : Stripe event recovery exhausted: eventId=evt_poison_60 traceId=5e53f6bd-a269-4024-b52a-9134aa6662ba
2026-10-07T16:37:22.323+02:00 WARN  [main] c.a.c.p.application.PaymentRetryPolicy traceId=aa660a32-c27e-4417-8788-27ffff4c2ef3 clubId= accountId= : Stripe event recovery exhausted: eventId=evt_poison_61 traceId=[redacted]
2026-10-07T16:37:22.327+02:00 WARN  [main] c.a.c.p.application.PaymentRetryPolicy traceId=770c36ff-bffd-430c-9a9b-8c1479c182b5 clubId= accountId= : Stripe event recovery exhausted: eventId=evt_poison_62 traceId=770c36ff-bffd-430c-9a9b-8c1479c182b5
2026-10-07T16:37:22.332+02:00 WARN  [main] c.a.c.p.application.PaymentRetryPolicy traceId=682d444c-1226-46a6-b91e-2b12ad6accdb clubId= accountId= : Stripe event recovery exhausted: eventId=evt_poison_63 traceId=682d444c-1226-46a6-b91e-2b12ad6accdb
2026-10-07T16:37:22.336+02:00 WARN  [main] c.a.c.p.application.PaymentRetryPolicy traceId=00c8f3a1-15d5-45cb-9726-fcef6b7ec5ee clubId= accountId= : Stripe event recovery exhausted: eventId=evt_poison_64 traceId=00c8f3a1-15d5-45cb-9726-fcef6b7ec5ee
2026-10-07T16:37:22.340+02:00 WARN  [main] c.a.c.p.application.PaymentRetryPolicy traceId=b5e14df1-8d7a-4141-948f-8e68e056d45a clubId= accountId= : Stripe event recovery exhausted: eventId=evt_poison_65 traceId=b5e14df1-8d7a-4141-948f-8e68e056d45a
2026-10-07T16:37:22.344+02:00 WARN  [main] c.a.c.p.application.PaymentRetryPolicy traceId=9c825ab1-aab3-40c5-aebd-4cf08a3da697 clubId= accountId= : Stripe event recovery exhausted: eventId=evt_poison_66 traceId=9c825ab1-aab3-40c5-aebd-4cf08a3da697
2026-10-07T16:37:22.348+02:00 WARN  [main] c.a.c.p.application.PaymentRetryPolicy traceId=6e6ccc6f-053b-4669-be4d-b91c067e466a clubId= accountId= : Stripe event recovery exhausted: eventId=evt_poison_67 traceId=6e6ccc6f-053b-4669-be4d-b91c067e466a
2026-10-07T16:37:22.352+02:00 WARN  [main] c.a.c.p.application.PaymentRetryPolicy traceId=110426d5-ee45-4a97-acca-b35c8dda8b32 clubId= accountId= : Stripe event recovery exhausted: eventId=evt_poison_68 traceId=110426d5-[redacted]
2026-10-07T16:37:22.356+02:00 WARN  [main] c.a.c.p.application.PaymentRetryPolicy traceId=a32d7335-931f-4424-9b64-27f5346fbd9c clubId= accountId= : Stripe event recovery exhausted: eventId=evt_poison_69 traceId=a32d7335-931f-4424-9b64-27f5346fbd9c
2026-10-07T16:37:22.360+02:00 WARN  [main] c.a.c.p.application.PaymentRetryPolicy traceId=a182f47d-df64-40f6-a859-4013062befc1 clubId= accountId= : Stripe event recovery exhausted: eventId=evt_poison_70 traceId=a182f47d-[redacted]
2026-10-07T16:37:22.365+02:00 WARN  [main] c.a.c.p.application.PaymentRetryPolicy traceId=1d386b8c-1981-4fd6-8bc3-fe4df53591d4 clubId= accountId= : Stripe event recovery exhausted: eventId=evt_poison_71 traceId=1d386b8c-1981-4fd6-8bc3-fe4df53591d4
2026-10-07T16:37:22.369+02:00 WARN  [main] c.a.c.p.application.PaymentRetryPolicy traceId=d1eb893b-b746-4036-aeac-3cd93c38f5ea clubId= accountId= : Stripe event recovery exhausted: eventId=evt_poison_72 traceId=d1eb893b-b746-4036-aeac-3cd93c38f5ea
2026-10-07T16:37:22.373+02:00 WARN  [main] c.a.c.p.application.PaymentRetryPolicy traceId=85234c7e-3432-4b98-91b1-1ef1005aa615 clubId= accountId= : Stripe event recovery exhausted: eventId=evt_poison_73 traceId=85234c7e-3432-4b98-91b1-1ef1005aa615
2026-10-07T16:37:22.378+02:00 WARN  [main] c.a.c.p.application.PaymentRetryPolicy traceId=d01eeb5b-612d-4ba1-9477-06406c9bcf17 clubId= accountId= : Stripe event recovery exhausted: eventId=evt_poison_74 traceId=d01eeb5b-612d-4ba1-9477-06406c9bcf17
2026-10-07T16:37:22.382+02:00 WARN  [main] c.a.c.p.application.PaymentRetryPolicy traceId=7fa9ab5b-03fa-4115-b473-6b1e7c05981d clubId= accountId= : Stripe event recovery exhausted: eventId=evt_poison_75 traceId=7fa9ab5b-03fa-4115-b473-6b1e7c05981d
2026-10-07T16:37:22.387+02:00 WARN  [main] c.a.c.p.application.PaymentRetryPolicy traceId=f4211b1a-fbda-46be-8245-c19d921a1973 clubId= accountId= : Stripe event recovery exhausted: eventId=evt_poison_76 traceId=f4211b1a-fbda-46be-8245-c19d921a1973
2026-10-07T16:37:22.391+02:00 WARN  [main] c.a.c.p.application.PaymentRetryPolicy traceId=7874e891-f3f8-4232-bdf0-e9b03f745d54 clubId= accountId= : Stripe event recovery exhausted: eventId=evt_poison_77 traceId=7874e891-f3f8-4232-bdf0-e9b03f745d54
2026-10-07T16:37:22.395+02:00 WARN  [main] c.a.c.p.application.PaymentRetryPolicy traceId=7c22c0a3-1171-4d47-9eed-10f0afd17d4f clubId= accountId= : Stripe event recovery exhausted: eventId=evt_poison_78 traceId=7c22c0a3-1171-4d47-9eed-10f0afd17d4f
2026-10-07T16:37:22.400+02:00 WARN  [main] c.a.c.p.application.PaymentRetryPolicy traceId=cb271262-c0ec-49bc-8867-0443a267a45d clubId= accountId= : Stripe event recovery exhausted: eventId=evt_poison_79 traceId=[redacted]
2026-10-07T16:37:22.404+02:00 WARN  [main] c.a.c.p.application.PaymentRetryPolicy traceId=8bc265fc-f4aa-49c6-8a8d-46bfc95fbcd0 clubId= accountId= : Stripe event recovery exhausted: eventId=evt_poison_80 traceId=8bc265fc-f4aa-49c6-8a8d-46bfc95fbcd0
2026-10-07T16:37:22.408+02:00 WARN  [main] c.a.c.p.application.PaymentRetryPolicy traceId=f1bb40f9-1189-470c-9497-79fc3692bc2a clubId= accountId= : Stripe event recovery exhausted: eventId=evt_poison_81 traceId=f1bb40f9-1189-470c-9497-79fc3692bc2a
2026-10-07T16:37:22.413+02:00 WARN  [main] c.a.c.p.application.PaymentRetryPolicy traceId=59b1aa84-e26e-4ba0-963b-b444bad6fc59 clubId= accountId= : Stripe event recovery exhausted: eventId=evt_poison_82 traceId=59b1aa84-e26e-4ba0-963b-b444bad6fc59
2026-10-07T16:37:22.417+02:00 WARN  [main] c.a.c.p.application.PaymentRetryPolicy traceId=ac2e3fb3-e934-4dc5-a085-42ba942eb5f0 clubId= accountId= : Stripe event recovery exhausted: eventId=evt_poison_83 traceId=ac2e3fb3-e934-4dc5-a085-42ba942eb5f0
2026-10-07T16:37:22.422+02:00 WARN  [main] c.a.c.p.application.PaymentRetryPolicy traceId=13b4215c-a45a-4404-adde-f02240a163f3 clubId= accountId= : Stripe event recovery exhausted: eventId=evt_poison_84 traceId=13b4215c-a45a-4404-adde-f02240a163f3
2026-10-07T16:37:22.426+02:00 WARN  [main] c.a.c.p.application.PaymentRetryPolicy traceId=f32b0324-4f42-4340-aa81-3c16087f39b2 clubId= accountId= : Stripe event recovery exhausted: eventId=evt_poison_85 traceId=f32b0324-4f42-4340-[redacted]
2026-10-07T16:37:22.431+02:00 WARN  [main] c.a.c.p.application.PaymentRetryPolicy traceId=2378173c-90dc-4181-aeac-8a015c072ccb clubId= accountId= : Stripe event recovery exhausted: eventId=evt_poison_86 traceId=2378173c-90dc-4181-aeac-8a015c072ccb
2026-10-07T16:37:22.435+02:00 WARN  [main] c.a.c.p.application.PaymentRetryPolicy traceId=ab66b96d-1d2f-4909-a851-3c832df95ce0 clubId= accountId= : Stripe event recovery exhausted: eventId=evt_poison_87 traceId=[redacted]
2026-10-07T16:37:22.439+02:00 WARN  [main] c.a.c.p.application.PaymentRetryPolicy traceId=fcf02d00-61b8-43e3-b1d7-d54dc0b006f1 clubId= accountId= : Stripe event recovery exhausted: eventId=evt_poison_88 traceId=fcf02d00-61b8-43e3-b1d7-d54dc0b006f1
2026-10-07T16:37:22.443+02:00 WARN  [main] c.a.c.p.application.PaymentRetryPolicy traceId=fea64d40-0d4e-4999-8f54-9343c70e33ea clubId= accountId= : Stripe event recovery exhausted: eventId=evt_poison_89 traceId=fea64d40-0d4e-4999-8f54-9343c70e33ea
2026-10-07T16:37:22.448+02:00 WARN  [main] c.a.c.p.application.PaymentRetryPolicy traceId=739686a6-c79c-4e4f-8bb8-8cd4cc57f14c clubId= accountId= : Stripe event recovery exhausted: eventId=evt_poison_90 traceId=739686a6-c79c-4e4f-8bb8-8cd4cc57f14c
2026-10-07T16:37:22.452+02:00 WARN  [main] c.a.c.p.application.PaymentRetryPolicy traceId=ae4e0e37-8e96-41c0-9a51-caf3774d1110 clubId= accountId= : Stripe event recovery exhausted: eventId=evt_poison_91 traceId=ae4e0e37-8e96-41c0-9a51-caf3774d1110
2026-10-07T16:37:22.457+02:00 WARN  [main] c.a.c.p.application.PaymentRetryPolicy traceId=16573cf3-8887-43e0-9a39-b6faedcdcab8 clubId= accountId= : Stripe event recovery exhausted: eventId=evt_poison_92 traceId=16573cf3-8887-43e0-9a39-b6faedcdcab8
2026-10-07T16:37:22.461+02:00 WARN  [main] c.a.c.p.application.PaymentRetryPolicy traceId=765c0060-b828-42de-b395-8d9e1de237cf clubId= accountId= : Stripe event recovery exhausted: eventId=evt_poison_93 traceId=765c0060-b828-42de-b395-8d9e1de237cf
2026-10-07T16:37:22.465+02:00 WARN  [main] c.a.c.p.application.PaymentRetryPolicy traceId=1291cc78-fc28-4c13-b7a7-37d64a32d497 clubId= accountId= : Stripe event recovery exhausted: eventId=evt_poison_94 traceId=1291cc78-[redacted]
2026-10-07T16:37:22.469+02:00 WARN  [main] c.a.c.p.application.PaymentRetryPolicy traceId=60af0383-db3a-49db-9dbf-d55819a57a22 clubId= accountId= : Stripe event recovery exhausted: eventId=evt_poison_95 traceId=60af0383-db3a-49db-9dbf-d55819a57a22
2026-10-07T16:37:22.473+02:00 WARN  [main] c.a.c.p.application.PaymentRetryPolicy traceId=f083e214-1bd1-47a6-aca3-767843ebd827 clubId= accountId= : Stripe event recovery exhausted: eventId=evt_poison_96 traceId=f083e214-1bd1-47a6-aca3-767843ebd827
2026-10-07T16:37:22.477+02:00 WARN  [main] c.a.c.p.application.PaymentRetryPolicy traceId=86c736ee-84a2-49e6-be15-5cd3923c4f5e clubId= accountId= : Stripe event recovery exhausted: eventId=evt_poison_97 traceId=86c736ee-84a2-49e6-[redacted]
2026-10-07T16:37:22.481+02:00 WARN  [main] c.a.c.p.application.PaymentRetryPolicy traceId=75ffb133-43e1-48ec-a369-0fc2fd9d60d1 clubId= accountId= : Stripe event recovery exhausted: eventId=evt_poison_98 traceId=75ffb133-43e1-48ec-a369-0fc2fd9d60d1
2026-10-07T16:37:22.485+02:00 WARN  [main] c.a.c.p.application.PaymentRetryPolicy traceId=91bb5602-3d4c-4e15-991a-7bac2cc7a869 clubId= accountId= : Stripe event recovery exhausted: eventId=evt_poison_99 traceId=91bb5602-3d4c-4e15-991a-7bac2cc7a869
2026-10-07T16:37:22.489+02:00 WARN  [main] c.a.c.p.application.PaymentRetryPolicy traceId=9f0060c9-c535-4283-ab7f-08614a0a83ad clubId= accountId= : Payment operation recovery exhausted: eventId=poison_100 traceId=9f0060c9-c535-4283-ab7f-08614a0a83ad
2026-10-07T16:37:22.493+02:00 WARN  [main] c.a.c.p.application.PaymentRetryPolicy traceId=9509fcde-662b-4511-aaeb-fcdffd90ff8b clubId= accountId= : Stripe event recovery exhausted: eventId=evt_poison_100 traceId=9509fcde-662b-4511-aaeb-fcdffd90ff8b
E5-T07 outbox backlog discarded before CardPaymentsIT: 103 PENDING records (more than one dispatch() batch)
2026-10-07T16:37:23.145+02:00 WARN  [main] c.a.c.p.application.CheckoutService traceId= clubId= accountId= : Late provider completion to refund: the booking was cancelled checkoutSessionId=[redacted] bookingId=r3-booking providerPaymentId=pi_r3_booking clubId=bill-a
2026-10-07T16:37:23.256+02:00 WARN  [main] c.a.c.p.application.CheckoutService traceId= clubId= accountId= : Late provider completion to refund: the booking was cancelled checkoutSessionId=95f0ed62-8ee4-4973-b50e-46a097972f5d bookingId=r3-booking providerPaymentId=pi_r3_booking clubId=bill-a
2026-10-07T16:37:23.356+02:00 WARN  [main] c.a.c.p.application.CheckoutService traceId= clubId= accountId= : Late provider completion to refund: the booking was cancelled checkoutSessionId=4ab3d4df-db4f-4c14-b114-2883c3ac9473 bookingId=r3-booking providerPaymentId=pi_r3_booking clubId=bill-a
2026-10-07T16:37:23.442+02:00 WARN  [main] c.a.c.p.application.CheckoutService traceId= clubId= accountId= : Late provider completion to refund: the booking was cancelled checkoutSessionId=13bc0904-3d5b-41bd-a5a5-726d1fe0f5fb bookingId=r3-booking providerPaymentId=pi_r3_booking clubId=bill-a
2026-10-07T16:37:24.742+02:00 WARN  [main] c.a.c.p.application.PaymentRetryPolicy traceId=cf23103c-da74-4f17-b7a8-4e6af996aaa9 clubId= accountId= : Payment operation recovery exhausted: eventId=3404b268-106e-471b-9adc-79f62e901379 traceId=[redacted]
2026-10-07T16:37:24.923+02:00 WARN  [main] c.a.c.p.application.PaymentRetryPolicy traceId=275c6bd6-5bb3-4576-9d84-b02ed24ca334 clubId= accountId= : Charge awaiting webhook recovery exhausted: eventId=e3400933-4182-4dad-8036-d62360da8eeb traceId=275c6bd6-5bb3-4576-9d84-b02ed24ca334
2026-10-07T16:37:24.924+02:00 WARN  [main] c.a.c.p.application.PaymentRetryPolicy traceId=f7fd6be1-3c2e-4fa3-802d-14995180b580 clubId= accountId= : Payment operation recovery exhausted: eventId=e3400933-4182-4dad-8036-d62360da8eeb traceId=f7fd6be1-3c2e-4fa3-802d-14995180b580
2026-10-07T16:37:25.393+02:00 WARN  [main] c.a.c.p.application.PaymentRetryPolicy traceId=3d98dd33-d813-4944-99c0-beade8a91d45 clubId=- accountId=- : Refund reconciliation status=canceled: eventId=re_reverse traceId=3d98dd33-d813-4944-99c0-beade8a91d45
2026-10-07T16:37:25.692+02:00 INFO  [main] o.s.t.c.s.AnnotationConfigContextLoaderUtils traceId= clubId= accountId= : Could not detect default configuration classes for test class [com.agilityhub.core.payments.api.PaymentCurlIT]: PaymentCurlIT does not declare any static, non-private, non-final, nested classes annotated with @Configuration.
2026-10-07T16:37:25.693+02:00 INFO  [main] o.s.b.t.c.SpringBootTestContextBootstrapper traceId= clubId= accountId= : Found @SpringBootConfiguration com.agilityhub.core.CoreApplication for test class com.agilityhub.core.payments.api.PaymentCurlIT

  .   ____          _            __ _ _
 /\\ / ___'_ __ _ _(_)_ __  __ _ \ \ \ \
( ( )\___ | '_ | '_| | '_ \/ _` | \ \ \ \
 \\/  ___)| |_)| | | | | || (_| |  ) ) ) )
  '  |____| .__|_| |_|_| |_\__, | / / / /
 =========|_|==============|___/=/_/_/_/

 :: Spring Boot ::               (v3.5.16)

2026-10-07T16:37:25.708+02:00 INFO  [main] c.a.core.payments.api.PaymentCurlIT traceId= clubId= accountId= : Starting PaymentCurlIT using Java [redacted] with PID 44069 (started by jordib in /Users/jordib/dev/agilityhub/agilityhub-core-api)
2026-10-07T16:37:25.708+02:00 INFO  [main] c.a.core.payments.api.PaymentCurlIT traceId= clubId= accountId= : The following 1 profile is active: "test"
2026-10-07T16:37:25.997+02:00 INFO  [main] o.s.d.r.c.RepositoryConfigurationDelegate traceId= clubId= accountId= : Bootstrapping Spring Data MongoDB repositories in DEFAULT mode.
2026-10-07T16:37:26.025+02:00 INFO  [main] o.s.d.r.c.RepositoryConfigurationDelegate traceId= clubId= accountId= : Finished Spring Data repository scanning in 27 ms. Found 0 MongoDB repository interfaces.
2026-10-07T16:37:26.136+02:00 INFO  [main] o.s.b.w.embedded.tomcat.TomcatWebServer traceId= clubId= accountId= : Tomcat initialized with port 0 (http)
2026-10-07T16:37:26.144+02:00 INFO  [main] o.apache.catalina.core.StandardService traceId= clubId= accountId= : Starting service [Tomcat]
2026-10-07T16:37:26.145+02:00 INFO  [main] org.apache.catalina.core.StandardEngine traceId= clubId= accountId= : Starting Servlet engine: [Apache Tomcat/10.1.60]
2026-10-07T16:37:26.173+02:00 INFO  [main] o.a.c.c.C.[Tomcat].[localhost].[/] traceId= clubId= accountId= : Initializing Spring embedded WebApplicationContext
2026-10-07T16:37:26.173+02:00 INFO  [main] o.s.b.w.s.c.ServletWebServerApplicationContext traceId= clubId= accountId= : Root WebApplicationContext: initialization completed in 464 ms
2026-10-07T16:37:26.192+02:00 INFO  [main] org.mongodb.driver.client traceId= clubId= accountId= : MongoClient with metadata {"driver": {"name": "mongo-java-driver|sync|spring-boot", "version": "5.5.2"}, "os": {"type": "Darwin", "name": "Mac OS X", "architecture": "aarch64", "version": "26.4.1"}, "platform": "Java/Homebrew/[redacted]"} created with settings MongoClientSettings{readPreference=primary, writeConcern=WriteConcern{w=null, wTimeout=null ms, journal=null}, retryWrites=true, retryReads=true, readConcern=ReadConcern{level=null}, credential=null, transportSettings=null, commandListeners=[io.micrometer.core.instrument.binder.mongodb.MongoMetricsCommandListener@9eed978], codecRegistry=ProvidersCodecRegistry{codecProviders=[ValueCodecProvider{}, BsonValueCodecProvider{}, DBRefCodecProvider{}, DBObjectCodecProvider{}, DocumentCodecProvider{}, CollectionCodecProvider{}, IterableCodecProvider{}, MapCodecProvider{}, GeoJsonCodecProvider{}, GridFSFileCodecProvider{}, Jsr310CodecProvider{}, JsonObjectCodecProvider{}, BsonCodecProvider{}, EnumCodecProvider{}, com.mongodb.client.model.mql.ExpressionCodecProvider@6772f9c7, com.mongodb.Jep395RecordCodecProvider@c85cbf7, com.mongodb.KotlinCodecProvider@2dec2b42]}, loggerSettings=LoggerSettings{maxDocumentLength=1000}, clusterSettings={hosts=[localhost:65048], srvServiceName=mongodb, mode=SINGLE, requiredClusterType=UNKNOWN, requiredReplicaSetName='null', serverSelector='null', clusterListeners='[]', serverSelectionTimeout='2000 ms', localThreshold='15 ms'}, socketSettings=SocketSettings{connectTimeoutMS=2000, readTimeoutMS=0, receiveBufferSize=0, proxySettings=ProxySettings{host=null, port=null, username=null, [redacted], heartbeatSocketSettings=SocketSettings{connectTimeoutMS=2000, readTimeoutMS=2000, receiveBufferSize=0, proxySettings=ProxySettings{host=null, port=null, username=null, [redacted], connectionPoolSettings=ConnectionPoolSettings{maxSize=100, minSize=0, maxWaitTimeMS=2000, maxConnectionLifeTimeMS=0, maxConnectionIdleTimeMS=0, maintenanceInitialDelayMS=0, maintenanceFrequencyMS=60000, connectionPoolListeners=[io.micrometer.core.instrument.binder.mongodb.MongoMetricsConnectionPoolListener@a510072], maxConnecting=2}, serverSettings=ServerSettings{heartbeatFrequencyMS=10000, minHeartbeatFrequencyMS=500, serverMonitoringMode=AUTO, serverListeners='[]', serverMonitorListeners='[]'}, sslSettings=SslSettings{enabled=false, invalidHostNameAllowed=false, context=null}, applicationName='null', compressorList=[], uuidRepresentation=JAVA_LEGACY, serverApi=null, autoEncryptionSettings=null, dnsClient=null, inetAddressResolver=null, contextProvider=null, timeoutMS=null}
2026-10-07T16:37:26.194+02:00 INFO  [cluster-ClusterId{value='6ac65926...[truncated]', description='null'}-localhost:65048] org.mongodb.driver.cluster traceId= clubId= accountId= : Monitor thread successfully connected to server with description ServerDescription{address=localhost:65048, type=REPLICA_SET_PRIMARY, cryptd=false, state=CONNECTED, ok=true, minWireVersion=0, maxWireVersion=21, maxDocumentSize=16777216, logicalSessionTimeoutMinutes=30, roundTripTimeNanos=1637125, minRoundTripTimeNanos=0, setName='docker-rs', canonicalAddress=070ee53262a7:27017, hosts=[070ee53262a7:27017], passives=[], arbiters=[], primary='070ee53262a7:27017', tagSet=TagSet{[]}, electionId=7fffffff...[truncated], setVersion=1, topologyVersion=TopologyVersion{processId=6ac65916...[truncated], counter=6}, lastWriteDate=Wed Oct 07 16:37:25 CEST 2026, lastUpdateTimeNanos=[redacted]}
2026-10-07T16:37:26.357+02:00 INFO  [main] o.s.boot.web.servlet.RegistrationBean traceId= clubId= accountId= : Filter rateLimitFilter was not registered (disabled)
2026-10-07T16:37:26.963+02:00 INFO  [main] o.a.c.c.C.[Tomcat].[localhost].[/] traceId= clubId= accountId= : Initializing Spring TestDispatcherServlet ''
2026-10-07T16:37:26.963+02:00 INFO  [main] o.s.t.web.servlet.TestDispatcherServlet traceId= clubId= accountId= : Initializing Servlet ''
2026-10-07T16:37:26.963+02:00 INFO  [main] o.s.t.web.servlet.TestDispatcherServlet traceId= clubId= accountId= : Completed initialization in 0 ms
2026-10-07T16:37:27.032+02:00 INFO  [main] o.s.b.w.embedded.tomcat.TomcatWebServer traceId= clubId= accountId= : Tomcat started on port 65060 (http) with context path '/'
2026-10-07T16:37:27.070+02:00 INFO  [main] o.s.b.w.embedded.tomcat.TomcatWebServer traceId= clubId= accountId= : Tomcat initialized with port 0 (http)
2026-10-07T16:37:27.071+02:00 INFO  [main] o.apache.catalina.core.StandardService traceId= clubId= accountId= : Starting service [Tomcat]
2026-10-07T16:37:27.071+02:00 INFO  [main] org.apache.catalina.core.StandardEngine traceId= clubId= accountId= : Starting Servlet engine: [Apache Tomcat/10.1.60]
2026-10-07T16:37:27.079+02:00 INFO  [main] o.a.c.c.C.[Tomcat-1].[localhost].[/] traceId= clubId= accountId= : Initializing Spring embedded WebApplicationContext
2026-10-07T16:37:27.079+02:00 INFO  [main] o.s.b.w.s.c.ServletWebServerApplicationContext traceId= clubId= accountId= : Root WebApplicationContext: initialization completed in 45 ms
2026-10-07T16:37:27.083+02:00 INFO  [main] o.s.b.a.e.web.EndpointLinksResolver traceId= clubId= accountId= : Exposing 2 endpoints beneath base path '/actuator'
2026-10-07T16:37:27.099+02:00 INFO  [main] o.s.b.w.embedded.tomcat.TomcatWebServer traceId= clubId= accountId= : Tomcat started on port 65061 (http) with context path '/'
2026-10-07T16:37:27.102+02:00 INFO  [main] c.a.core.payments.api.PaymentCurlIT traceId= clubId= accountId= : Started PaymentCurlIT in 1.407 seconds (process running for 18.33)
2026-10-07T16:37:27.342+02:00 INFO  [tomcat-handler-0] o.a.c.c.C.[Tomcat].[localhost].[/] traceId= clubId= accountId= : Initializing Spring DispatcherServlet 'dispatcherServlet'
2026-10-07T16:37:27.343+02:00 INFO  [tomcat-handler-0] o.s.web.servlet.DispatcherServlet traceId= clubId= accountId= : Initializing Servlet 'dispatcherServlet'
2026-10-07T16:37:27.343+02:00 INFO  [tomcat-handler-0] o.s.web.servlet.DispatcherServlet traceId= clubId= accountId= : Completed initialization in 0 ms
curl -X POST /api/v1/billing/runs/[id truncated]/card-charges -> 202
curl -X POST /webhooks/stripe/bill-a -> 200
curl -X GET /api/v1/invoices/[id truncated] -> 200
curl -X POST /api/v1/invoices/[id truncated]/retry -> 202
curl -X POST /webhooks/stripe/bill-a -> 200
curl -X POST /webhooks/stripe/bill-a -> 200
curl -X POST /webhooks/stripe/bill-a -> 200
curl -X GET /api/v1/invoices/[id truncated] -> 200
curl -X POST /api/v1/invoices/[id truncated]/refund -> 202
curl -X POST /webhooks/stripe/bill-a -> 200
curl -X GET /api/v1/invoices/[id truncated] -> 200
FakePaymentProvider operation=charge idempotencyKey=3b336a37...[truncated]
FakePaymentProvider operation=charge idempotencyKey=3b336a37...[truncated]:2
FakePaymentProvider operation=refund idempotencyKey=invoice-...[truncated]
StripeEvent eventId=evt_curl_failed type=payment_intent.payment_failed outcome=PROCESSED
StripeEvent eventId=evt_curl_paid type=payment_intent.succeeded outcome=PROCESSED
StripeEvent eventId=evt_curl_late_failure type=payment_intent.payment_failed outcome=IGNORED
StripeEvent eventId=evt_curl_refunded type=refund.created outcome=PROCESSED
PASS curl sequence: charge -> failed webhook -> invoice FAILED -> retry -> success/duplicate/late failure -> refund -> invoice PAID, refundedTotal=6000 EUR
