22:29:52.295 [main] INFO org.springframework.test.context.support.AnnotationConfigContextLoaderUtils -- Could not detect default configuration classes for test class [com.agilityhub.core.payments.api.CardPaymentsIT]: CardPaymentsIT does not declare any static, non-private, non-final, nested classes annotated with @Configuration.
22:29:52.539 [main] INFO org.springframework.boot.test.context.SpringBootTestContextBootstrapper -- Found @SpringBootConfiguration com.agilityhub.core.CoreApplication for test class com.agilityhub.core.payments.api.CardPaymentsIT
22:29:52.680 [main] INFO org.testcontainers.images.PullPolicy -- Image pull policy will be performed by: DefaultPullPolicy()
22:29:52.682 [main] INFO org.testcontainers.utility.ImageNameSubstitutor -- Image name substitution will be performed by: DefaultImageNameSubstitutor (composite of 'ConfigurationFileImageNameSubstitutor' and 'PrefixingImageNameSubstitutor')
22:29:52.689 [main] INFO org.testcontainers.DockerClientFactory -- Testcontainers version: 1.21.4
22:29:53.002 [main] INFO org.testcontainers.dockerclient.DockerClientProviderStrategy -- Loaded org.testcontainers.dockerclient.UnixSocketClientProviderStrategy from ~/.testcontainers.properties, will try it first
22:29:53.259 [main] INFO org.testcontainers.dockerclient.DockerClientProviderStrategy -- Found Docker environment with local Unix socket (unix:///var/run/docker.sock)
22:29:53.260 [main] INFO org.testcontainers.DockerClientFactory -- Docker host IP address is localhost
22:29:53.274 [main] INFO org.testcontainers.DockerClientFactory -- Connected to docker: 
  Server Version: 29.7.2
  API Version: 1.55
  Operating System: Docker Desktop
  Total Memory: 7931 MB
  Labels: 
    com.docker.desktop.address=unix:///Users/jordib/Library/Containers/com.docker.docker/Data/docker-cli.sock
22:29:53.625 [main] INFO tc.testcontainers/ryuk:0.12.0 -- Creating container for image: testcontainers/ryuk:0.12.0
22:30:23.652 [main] INFO org.testcontainers.utility.RegistryAuthLocator -- Failure when attempting to lookup auth config. Please ignore if you don't have images in an authenticated registry. Details: (dockerImageName: testcontainers/ryuk:0.12.0, configFile: /Users/jordib/.docker/config.json, configEnv: DOCKER_AUTH_CONFIG). Falling back to docker-java default behaviour. Exception message: Timed out waiting for Process[pid=61804, exitValue="not exited"] to finish, timeout: 30 seconds, executed command [docker-credential-desktop, get]
22:30:23.785 [main] INFO tc.testcontainers/ryuk:0.12.0 -- Container testcontainers/ryuk:0.12.0 is starting: fa3520af...[truncated]
22:30:24.006 [main] INFO tc.testcontainers/ryuk:0.12.0 -- Container testcontainers/ryuk:0.12.0 started in PT30.381378S
22:30:24.012 [main] INFO org.testcontainers.utility.RyukResourceReaper -- Ryuk started - will monitor and terminate Testcontainers containers on JVM exit
22:30:24.012 [main] INFO org.testcontainers.DockerClientFactory -- Checking the system...
22:30:24.013 [main] INFO org.testcontainers.DockerClientFactory -- ✔︎ Docker server version should be at least 1.6.0
22:30:24.013 [main] INFO tc.mongo:7 -- Creating container for image: mongo:7
22:30:24.064 [main] INFO tc.mongo:7 -- Container mongo:7 is starting: 8a5c78fd...[truncated]
22:30:24.835 [main] INFO tc.mongo:7 -- Container mongo:7 started in PT0.82149S
Integration JVM availableProcessors=18

  .   ____          _            __ _ _
 /\\ / ___'_ __ _ _(_)_ __  __ _ \ \ \ \
( ( )\___ | '_ | '_| | '_ \/ _` | \ \ \ \
 \\/  ___)| |_)| | | | | || (_| |  ) ) ) )
  '  |____| .__|_| |_|_| |_\__, | / / / /
 =========|_|==============|___/=/_/_/_/

 :: Spring Boot ::               (v3.5.16)

2026-10-04T22:30:26.050+02:00 INFO  [main] c.a.core.payments.api.CardPaymentsIT traceId= clubId= accountId= : Starting CardPaymentsIT using Java [redacted] with PID 61803 (started by jordib in /Users/jordib/dev/agilityhub/agilityhub-core-api)
2026-10-04T22:30:26.055+02:00 INFO  [main] c.a.core.payments.api.CardPaymentsIT traceId= clubId= accountId= : The following 1 profile is active: "test"
2026-10-04T22:30:28.746+02:00 INFO  [main] o.s.d.r.c.RepositoryConfigurationDelegate traceId= clubId= accountId= : Bootstrapping Spring Data MongoDB repositories in DEFAULT mode.
2026-10-04T22:30:28.825+02:00 INFO  [main] o.s.d.r.c.RepositoryConfigurationDelegate traceId= clubId= accountId= : Finished Spring Data repository scanning in 71 ms. Found 0 MongoDB repository interfaces.
2026-10-04T22:30:29.569+02:00 INFO  [main] org.mongodb.driver.client traceId= clubId= accountId= : MongoClient with metadata {"driver": {"name": "mongo-java-driver|sync|spring-boot", "version": "5.5.2"}, "os": {"type": "Darwin", "name": "Mac OS X", "architecture": "aarch64", "version": "26.4.1"}, "platform": "Java/Homebrew/[redacted]"} created with settings MongoClientSettings{readPreference=primary, writeConcern=WriteConcern{w=null, wTimeout=null ms, journal=null}, retryWrites=true, retryReads=true, readConcern=ReadConcern{level=null}, credential=null, transportSettings=null, commandListeners=[io.micrometer.core.instrument.binder.mongodb.MongoMetricsCommandListener@7aaed8a0], codecRegistry=ProvidersCodecRegistry{codecProviders=[ValueCodecProvider{}, BsonValueCodecProvider{}, DBRefCodecProvider{}, DBObjectCodecProvider{}, DocumentCodecProvider{}, CollectionCodecProvider{}, IterableCodecProvider{}, MapCodecProvider{}, GeoJsonCodecProvider{}, GridFSFileCodecProvider{}, Jsr310CodecProvider{}, JsonObjectCodecProvider{}, BsonCodecProvider{}, EnumCodecProvider{}, com.mongodb.client.model.mql.ExpressionCodecProvider@31695a9, com.mongodb.Jep395RecordCodecProvider@1c09921a, com.mongodb.KotlinCodecProvider@1b617ae1]}, loggerSettings=LoggerSettings{maxDocumentLength=1000}, clusterSettings={hosts=[localhost:58145], srvServiceName=mongodb, mode=SINGLE, requiredClusterType=UNKNOWN, requiredReplicaSetName='null', serverSelector='null', clusterListeners='[]', serverSelectionTimeout='2000 ms', localThreshold='15 ms'}, socketSettings=SocketSettings{connectTimeoutMS=2000, readTimeoutMS=0, receiveBufferSize=0, proxySettings=ProxySettings{host=null, port=null, username=null, [redacted], heartbeatSocketSettings=SocketSettings{connectTimeoutMS=2000, readTimeoutMS=2000, receiveBufferSize=0, proxySettings=ProxySettings{host=null, port=null, username=null, [redacted], connectionPoolSettings=ConnectionPoolSettings{maxSize=100, minSize=0, maxWaitTimeMS=2000, maxConnectionLifeTimeMS=0, maxConnectionIdleTimeMS=0, maintenanceInitialDelayMS=0, maintenanceFrequencyMS=60000, connectionPoolListeners=[io.micrometer.core.instrument.binder.mongodb.MongoMetricsConnectionPoolListener@1706caf5], maxConnecting=2}, serverSettings=ServerSettings{heartbeatFrequencyMS=10000, minHeartbeatFrequencyMS=500, serverMonitoringMode=AUTO, serverListeners='[]', serverMonitorListeners='[]'}, sslSettings=SslSettings{enabled=false, invalidHostNameAllowed=false, context=null}, applicationName='null', compressorList=[], uuidRepresentation=JAVA_LEGACY, serverApi=null, autoEncryptionSettings=null, dnsClient=null, inetAddressResolver=null, contextProvider=null, timeoutMS=null}
2026-10-04T22:30:29.577+02:00 INFO  [cluster-ClusterId{value='6ac2b765f7040a1f3f4507f1', description='null'}-localhost:58145] org.mongodb.driver.cluster traceId= clubId= accountId= : Monitor thread successfully connected to server with description ServerDescription{address=localhost:58145, type=REPLICA_SET_PRIMARY, cryptd=false, state=CONNECTED, ok=true, minWireVersion=0, maxWireVersion=21, maxDocumentSize=16777216, logicalSessionTimeoutMinutes=30, roundTripTimeNanos=16469792, minRoundTripTimeNanos=0, setName='docker-rs', canonicalAddress=8a5c78fd9590:27017, hosts=[8a5c78fd9590:27017], passives=[], arbiters=[], primary='8a5c78fd9590:27017', tagSet=TagSet{[]}, electionId=7fffffff0000000000000001, setVersion=1, topologyVersion=TopologyVersion{processId=6ac2b7601745026e829cab06, counter=6}, lastWriteDate=Sun Oct 04 22:30:25 CEST 2026, lastUpdateTimeNanos=[redacted]}
2026-10-04T22:30:35.432+02:00 INFO  [main] o.s.b.t.m.w.SpringBootMockServletContext traceId= clubId= accountId= : Initializing Spring TestDispatcherServlet ''
2026-10-04T22:30:35.432+02:00 INFO  [main] o.s.t.web.servlet.TestDispatcherServlet traceId= clubId= accountId= : Initializing Servlet ''
2026-10-04T22:30:35.433+02:00 INFO  [main] o.s.t.web.servlet.TestDispatcherServlet traceId= clubId= accountId= : Completed initialization in 1 ms
2026-10-04T22:30:35.494+02:00 INFO  [main] c.a.core.payments.api.CardPaymentsIT traceId= clubId= accountId= : Started CardPaymentsIT in 9.829 seconds (process running for 44.005)
Mockito is currently self-attaching to enable the inline-mock-maker. This will no longer work in future releases of the JDK. Please add Mockito as an agent to your build as described in Mockito's documentation: https://javadoc.io/doc/org.mockito/mockito-core/latest/org.mockito/org/mockito/Mockito.html#0.3
OpenJDK 64-Bit Server VM warning: Sharing is only supported for boot loader classes because bootstrap classpath has been appended
WARNING: A Java agent has been loaded dynamically (/private/tmp/agilityhub-e8-t04-m2/net/bytebuddy/byte-buddy-agent/1.17.8/byte-buddy-agent-1.17.8.jar)
WARNING: If a serviceability tool is in use, please run with -XX:+EnableDynamicAgentLoading to hide this warning
WARNING: If a serviceability tool is not in use, please run with -Djdk.instrument.traceUsage for more information
WARNING: Dynamic loading of agents will be disallowed by default in a future release
2026-10-04T22:30:38.627+02:00 WARN  [main] c.a.c.p.application.CheckoutService traceId=7fc4db56-2c0b-4c94-ab81-9e326715d104 clubId=- accountId=- : Late provider completion to refund: the checkout expired checkoutSessionId=3f23494f-4dc0-477e-9784-92d0cd9fe8b4 bookingId=booking-late providerPaymentId=pi_booking clubId=bill-a
[ERROR] Tests run: 13, Failures: 1, Errors: 0, Skipped: 0, Time elapsed: 49.41 s <<< FAILURE! -- in com.agilityhub.core.payments.api.CardPaymentsIT
[ERROR] com.agilityhub.core.payments.api.CardPaymentsIT.T_12_16_manualAuditAndExpiredSignupStillRecordsCapturedRemainder -- Time elapsed: 0.186 s <<< FAILURE!
org.opentest4j.AssertionFailedError: 

expected: 1L
 but was: 0L
	at com.agilityhub.core.payments.api.CardPaymentsIT.T_12_16_manualAuditAndExpiredSignupStillRecordsCapturedRemainder(CardPaymentsIT.java:161)
	at java.base/java.lang.reflect.Method.invoke(Method.java:580)
	at java.base/java.util.ArrayList.forEach(ArrayList.java:1596)
	at java.base/java.util.ArrayList.forEach(ArrayList.java:1596)

2026-10-04T22:30:41.606+02:00 INFO  [main] o.s.t.c.s.AnnotationConfigContextLoaderUtils traceId= clubId= accountId= : Could not detect default configuration classes for test class [com.agilityhub.core.payments.api.PaymentCurlIT]: PaymentCurlIT does not declare any static, non-private, non-final, nested classes annotated with @Configuration.
2026-10-04T22:30:41.609+02:00 INFO  [main] o.s.b.t.c.SpringBootTestContextBootstrapper traceId= clubId= accountId= : Found @SpringBootConfiguration com.agilityhub.core.CoreApplication for test class com.agilityhub.core.payments.api.PaymentCurlIT

  .   ____          _            __ _ _
 /\\ / ___'_ __ _ _(_)_ __  __ _ \ \ \ \
( ( )\___ | '_ | '_| | '_ \/ _` | \ \ \ \
 \\/  ___)| |_)| | | | | || (_| |  ) ) ) )
  '  |____| .__|_| |_|_| |_\__, | / / / /
 =========|_|==============|___/=/_/_/_/

 :: Spring Boot ::               (v3.5.16)

2026-10-04T22:30:41.648+02:00 INFO  [main] c.a.core.payments.api.PaymentCurlIT traceId= clubId= accountId= : Starting PaymentCurlIT using Java [redacted] with PID 61803 (started by jordib in /Users/jordib/dev/agilityhub/agilityhub-core-api)
2026-10-04T22:30:41.648+02:00 INFO  [main] c.a.core.payments.api.PaymentCurlIT traceId= clubId= accountId= : The following 1 profile is active: "test"
2026-10-04T22:30:42.761+02:00 INFO  [main] o.s.d.r.c.RepositoryConfigurationDelegate traceId= clubId= accountId= : Bootstrapping Spring Data MongoDB repositories in DEFAULT mode.
2026-10-04T22:30:42.804+02:00 INFO  [main] o.s.d.r.c.RepositoryConfigurationDelegate traceId= clubId= accountId= : Finished Spring Data repository scanning in 42 ms. Found 0 MongoDB repository interfaces.
2026-10-04T22:30:43.036+02:00 INFO  [main] o.s.b.w.embedded.tomcat.TomcatWebServer traceId= clubId= accountId= : Tomcat initialized with port 0 (http)
2026-10-04T22:30:43.052+02:00 INFO  [main] o.apache.catalina.core.StandardService traceId= clubId= accountId= : Starting service [Tomcat]
2026-10-04T22:30:43.052+02:00 INFO  [main] org.apache.catalina.core.StandardEngine traceId= clubId= accountId= : Starting Servlet engine: [Apache Tomcat/10.1.60]
2026-10-04T22:30:43.119+02:00 INFO  [main] o.a.c.c.C.[Tomcat].[localhost].[/] traceId= clubId= accountId= : Initializing Spring embedded WebApplicationContext
2026-10-04T22:30:43.120+02:00 INFO  [main] o.s.b.w.s.c.ServletWebServerApplicationContext traceId= clubId= accountId= : Root WebApplicationContext: initialization completed in 1470 ms
2026-10-04T22:30:43.149+02:00 INFO  [main] org.mongodb.driver.client traceId= clubId= accountId= : MongoClient with metadata {"driver": {"name": "mongo-java-driver|sync|spring-boot", "version": "5.5.2"}, "os": {"type": "Darwin", "name": "Mac OS X", "architecture": "aarch64", "version": "26.4.1"}, "platform": "Java/Homebrew/[redacted]"} created with settings MongoClientSettings{readPreference=primary, writeConcern=WriteConcern{w=null, wTimeout=null ms, journal=null}, retryWrites=true, retryReads=true, readConcern=ReadConcern{level=null}, credential=null, transportSettings=null, commandListeners=[io.micrometer.core.instrument.binder.mongodb.MongoMetricsCommandListener@4c39e0e1], codecRegistry=ProvidersCodecRegistry{codecProviders=[ValueCodecProvider{}, BsonValueCodecProvider{}, DBRefCodecProvider{}, DBObjectCodecProvider{}, DocumentCodecProvider{}, CollectionCodecProvider{}, IterableCodecProvider{}, MapCodecProvider{}, GeoJsonCodecProvider{}, GridFSFileCodecProvider{}, Jsr310CodecProvider{}, JsonObjectCodecProvider{}, BsonCodecProvider{}, EnumCodecProvider{}, com.mongodb.client.model.mql.ExpressionCodecProvider@31695a9, com.mongodb.Jep395RecordCodecProvider@1c09921a, com.mongodb.KotlinCodecProvider@1b617ae1]}, loggerSettings=LoggerSettings{maxDocumentLength=1000}, clusterSettings={hosts=[localhost:58145], srvServiceName=mongodb, mode=SINGLE, requiredClusterType=UNKNOWN, requiredReplicaSetName='null', serverSelector='null', clusterListeners='[]', serverSelectionTimeout='2000 ms', localThreshold='15 ms'}, socketSettings=SocketSettings{connectTimeoutMS=2000, readTimeoutMS=0, receiveBufferSize=0, proxySettings=ProxySettings{host=null, port=null, username=null, [redacted], heartbeatSocketSettings=SocketSettings{connectTimeoutMS=2000, readTimeoutMS=2000, receiveBufferSize=0, proxySettings=ProxySettings{host=null, port=null, username=null, [redacted], connectionPoolSettings=ConnectionPoolSettings{maxSize=100, minSize=0, maxWaitTimeMS=2000, maxConnectionLifeTimeMS=0, maxConnectionIdleTimeMS=0, maintenanceInitialDelayMS=0, maintenanceFrequencyMS=60000, connectionPoolListeners=[io.micrometer.core.instrument.binder.mongodb.MongoMetricsConnectionPoolListener@282d3842], maxConnecting=2}, serverSettings=ServerSettings{heartbeatFrequencyMS=10000, minHeartbeatFrequencyMS=500, serverMonitoringMode=AUTO, serverListeners='[]', serverMonitorListeners='[]'}, sslSettings=SslSettings{enabled=false, invalidHostNameAllowed=false, context=null}, applicationName='null', compressorList=[], uuidRepresentation=JAVA_LEGACY, serverApi=null, autoEncryptionSettings=null, dnsClient=null, inetAddressResolver=null, contextProvider=null, timeoutMS=null}
2026-10-04T22:30:43.150+02:00 INFO  [cluster-ClusterId{value='6ac2b773f7040a1f3f4507f2', description='null'}-localhost:58145] org.mongodb.driver.cluster traceId= clubId= accountId= : Monitor thread successfully connected to server with description ServerDescription{address=localhost:58145, type=REPLICA_SET_PRIMARY, cryptd=false, state=CONNECTED, ok=true, minWireVersion=0, maxWireVersion=21, maxDocumentSize=16777216, logicalSessionTimeoutMinutes=30, roundTripTimeNanos=1491458, minRoundTripTimeNanos=0, setName='docker-rs', canonicalAddress=8a5c78fd9590:27017, hosts=[8a5c78fd9590:27017], passives=[], arbiters=[], primary='8a5c78fd9590:27017', tagSet=TagSet{[]}, electionId=7fffffff0000000000000001, setVersion=1, topologyVersion=TopologyVersion{processId=6ac2b7601745026e829cab06, counter=6}, lastWriteDate=Sun Oct 04 22:30:41 CEST 2026, lastUpdateTimeNanos=[redacted]}
2026-10-04T22:30:43.491+02:00 INFO  [main] o.s.boot.web.servlet.RegistrationBean traceId= clubId= accountId= : Filter rateLimitFilter was not registered (disabled)
2026-10-04T22:30:44.458+02:00 INFO  [main] o.a.c.c.C.[Tomcat].[localhost].[/] traceId= clubId= accountId= : Initializing Spring TestDispatcherServlet ''
2026-10-04T22:30:44.459+02:00 INFO  [main] o.s.t.web.servlet.TestDispatcherServlet traceId= clubId= accountId= : Initializing Servlet ''
2026-10-04T22:30:44.459+02:00 INFO  [main] o.s.t.web.servlet.TestDispatcherServlet traceId= clubId= accountId= : Completed initialization in 0 ms
2026-10-04T22:30:44.565+02:00 INFO  [main] o.s.b.w.embedded.tomcat.TomcatWebServer traceId= clubId= accountId= : Tomcat started on port 58202 (http) with context path '/'
2026-10-04T22:30:44.616+02:00 INFO  [main] o.s.b.w.embedded.tomcat.TomcatWebServer traceId= clubId= accountId= : Tomcat initialized with port 0 (http)
2026-10-04T22:30:44.616+02:00 INFO  [main] o.apache.catalina.core.StandardService traceId= clubId= accountId= : Starting service [Tomcat]
2026-10-04T22:30:44.616+02:00 INFO  [main] org.apache.catalina.core.StandardEngine traceId= clubId= accountId= : Starting Servlet engine: [Apache Tomcat/10.1.60]
2026-10-04T22:30:44.629+02:00 INFO  [main] o.a.c.c.C.[Tomcat-1].[localhost].[/] traceId= clubId= accountId= : Initializing Spring embedded WebApplicationContext
2026-10-04T22:30:44.630+02:00 INFO  [main] o.s.b.w.s.c.ServletWebServerApplicationContext traceId= clubId= accountId= : Root WebApplicationContext: initialization completed in 62 ms
2026-10-04T22:30:44.639+02:00 INFO  [main] o.s.b.a.e.web.EndpointLinksResolver traceId= clubId= accountId= : Exposing 2 endpoints beneath base path '/actuator'
2026-10-04T22:30:44.668+02:00 INFO  [main] o.s.b.w.embedded.tomcat.TomcatWebServer traceId= clubId= accountId= : Tomcat started on port 58203 (http) with context path '/'
2026-10-04T22:30:44.673+02:00 INFO  [main] c.a.core.payments.api.PaymentCurlIT traceId= clubId= accountId= : Started PaymentCurlIT in 3.061 seconds (process running for 53.184)
2026-10-04T22:30:45.104+02:00 INFO  [tomcat-handler-0] o.a.c.c.C.[Tomcat].[localhost].[/] traceId= clubId= accountId= : Initializing Spring DispatcherServlet 'dispatcherServlet'
2026-10-04T22:30:45.104+02:00 INFO  [tomcat-handler-0] o.s.web.servlet.DispatcherServlet traceId= clubId= accountId= : Initializing Servlet 'dispatcherServlet'
2026-10-04T22:30:45.105+02:00 INFO  [tomcat-handler-0] o.s.web.servlet.DispatcherServlet traceId= clubId= accountId= : Completed initialization in 1 ms
curl -X POST /api/v1/billing/runs/[id truncated]/card-charges -> 202
[ERROR] Tests run: 1, Failures: 1, Errors: 0, Skipped: 0, Time elapsed: 3.583 s <<< FAILURE! -- in com.agilityhub.core.payments.api.PaymentCurlIT
[ERROR] com.agilityhub.core.payments.api.PaymentCurlIT.T_12_15_T_12_17_curlChargeFailureRetrySuccessDuplicateAndRefund -- Time elapsed: 0.473 s <<< FAILURE!
org.opentest4j.AssertionFailedError: 
[curl POST /webhooks/stripe/bill-a] 
expected: "200"
 but was: "401"
	at com.agilityhub.core.payments.api.PaymentCurlIT.curl(PaymentCurlIT.java:87)
	at com.agilityhub.core.payments.api.PaymentCurlIT.event(PaymentCurlIT.java:72)
	at com.agilityhub.core.payments.api.PaymentCurlIT.T_12_15_T_12_17_curlChargeFailureRetrySuccessDuplicateAndRefund(PaymentCurlIT.java:45)
	at java.base/java.lang.reflect.Method.invoke(Method.java:580)
	at java.base/java.util.ArrayList.forEach(ArrayList.java:1596)
	at java.base/java.util.ArrayList.forEach(ArrayList.java:1596)

[ERROR] Failures: 
[ERROR]   CardPaymentsIT.T_12_16_manualAuditAndExpiredSignupStillRecordsCapturedRemainder:161 
expected: 1L
 but was: 0L
[ERROR]   PaymentCurlIT.T_12_15_T_12_17_curlChargeFailureRetrySuccessDuplicateAndRefund:45->event:72->curl:87 [curl POST /webhooks/stripe/bill-a] 
expected: "200"
 but was: "401"
[ERROR] Tests run: 14, Failures: 2, Errors: 0, Skipped: 0
[ERROR] Failed to execute goal org.apache.maven.plugins:maven-failsafe-plugin:3.5.6:verify (default-cli) on project agilityhub-core-api: There are test failures.
[ERROR] 
[ERROR] See /Users/jordib/dev/agilityhub/agilityhub-core-api/target/failsafe-reports for the individual test results.
[ERROR] See dump files (if any exist) [date].dump, [date]-jvmRun[N].dump and [date].dumpstream.
[ERROR] -> [Help 1]
[ERROR] 
[ERROR] To see the full stack trace of the errors, re-run Maven with the -e switch.
[ERROR] Re-run Maven using the -X switch to enable full debug logging.
[ERROR] 
[ERROR] For more information about the errors and possible solutions, please read the following articles:
[ERROR] [Help 1] http://cwiki.apache.org/confluence/display/MAVEN/MojoFailureException
