./roadmap/tasks/E8-T04.md:72: bare sk_live documentation mention
./roadmap/tasks/E8-T04.md:385: bare sk_live documentation mention
./roadmap/tasks/E8-T04.md:386: bare sk_live documentation mention
./roadmap/tasks/E8-T04.md:387: bare sk_live documentation mention
./roadmap/tasks/E8-T04.md:388: bare sk_live documentation mention
./roadmap/tasks/E8-T04.md:389: bare sk_live documentation mention
./roadmap/tasks/E8-T04.md:390: bare sk_live documentation mention
./roadmap/tasks/E8-T04.md:391: bare sk_live documentation mention
./roadmap/tasks/E8-T04.md:392: bare sk_live documentation mention
./roadmap/tasks/E8-T04.md:393: bare sk_live documentation mention
./roadmap/tasks/E8-T04.md:394: bare sk_live documentation mention
./roadmap/tasks/E8-T04.md:395: bare sk_live documentation mention
./roadmap/tasks/E5-T13.md:392: bare sk_live documentation mention
./roadmap/evidence/E8-T04/42-secret-scan.log:1: bare sk_live documentation mention
./roadmap/evidence/E8-T04/42-secret-scan.log:2: bare sk_live documentation mention
./roadmap/evidence/E8-T04/33-secret-grep.log:1: bare sk_live documentation mention
./roadmap/evidence/E8-T04/33-secret-grep.log:2: bare sk_live documentation mention
./roadmap/evidence/E8-T04/44-secret-scan-all.log:1: bare sk_live documentation mention
./roadmap/evidence/E8-T04/44-secret-scan-all.log:2: bare sk_live documentation mention
./roadmap/evidence/E8-T04/44-secret-scan-all.log:3: bare sk_live documentation mention
./roadmap/evidence/E8-T04/44-secret-scan-all.log:4: bare sk_live documentation mention
./roadmap/evidence/E8-T04/44-secret-scan-all.log:5: bare sk_live documentation mention
./roadmap/evidence/E8-T04/44-secret-scan-all.log:6: bare sk_live documentation mention
./roadmap/evidence/E8-T04/44-secret-scan-all.log:7: bare sk_live documentation mention
./roadmap/evidence/E8-T04/44-secret-scan-all.log:8: bare sk_live documentation mention
./roadmap/evidence/E8-T04/44-secret-scan-all.log:9: bare sk_live documentation mention
./roadmap/evidence/E8-T04/44-secret-scan-all.log:10: bare sk_live documentation mention
./roadmap/evidence/E8-T04/44-secret-scan-all.log:11: bare sk_live documentation mention
./roadmap/evidence/E8-T04/check-stripe-secrets.py:8: bare sk_live documentation mention
./roadmap/evidence/E8-T04/check-stripe-secrets.py:22: bare sk_live documentation mention
./roadmap/evidence/E8-T04/check-stripe-secrets.py:23: bare sk_live documentation mention
./roadmap/evidence/E8-T04/21-secret-grep.log:1: bare sk_live documentation mention
./roadmap/evidence/E8-T04/21-secret-grep.log:2: bare sk_live documentation mention
rg exit=0; bare documentation mentions=33; secret-shaped matches=0
