10:14:56.376 [main] INFO org.springframework.test.context.support.AnnotationConfigContextLoaderUtils -- Could not detect default configuration classes for test class [com.agilityhub.core.payments.api.CardPaymentsIT]: CardPaymentsIT does not declare any static, non-private, non-final, nested classes annotated with @Configuration.
10:14:56.502 [main] INFO org.springframework.boot.test.context.SpringBootTestContextBootstrapper -- Found @SpringBootConfiguration com.agilityhub.core.CoreApplication for test class com.agilityhub.core.payments.api.CardPaymentsIT
10:14:56.577 [main] INFO org.testcontainers.images.PullPolicy -- Image pull policy will be performed by: DefaultPullPolicy()
10:14:56.579 [main] INFO org.testcontainers.utility.ImageNameSubstitutor -- Image name substitution will be performed by: DefaultImageNameSubstitutor (composite of 'ConfigurationFileImageNameSubstitutor' and 'PrefixingImageNameSubstitutor')
10:14:56.583 [main] INFO org.testcontainers.DockerClientFactory -- Testcontainers version: 1.21.4
10:14:56.747 [main] INFO org.testcontainers.dockerclient.DockerClientProviderStrategy -- Loaded org.testcontainers.dockerclient.UnixSocketClientProviderStrategy from ~/.testcontainers.properties, will try it first
10:14:56.920 [main] INFO org.testcontainers.dockerclient.DockerClientProviderStrategy -- Found Docker environment with local Unix socket (unix:///var/run/docker.sock)
10:14:56.921 [main] INFO org.testcontainers.DockerClientFactory -- Docker host IP address is localhost
10:14:56.934 [main] INFO org.testcontainers.DockerClientFactory -- Connected to docker:
  Server Version: 29.7.2
  API Version: 1.55
  Operating System: Docker Desktop
  Total Memory: 7931 MB
  Labels:
    com.docker.desktop.address=unix:///Users/jordib/Library/Containers/com.docker.docker/Data/docker-cli.sock
10:14:57.168 [main] INFO tc.testcontainers/ryuk:0.12.0 -- Creating container for image: testcontainers/ryuk:0.12.0
10:14:57.262 [main] INFO org.testcontainers.utility.RegistryAuthLocator -- Credential helper/store (docker-credential-desktop) does not have credentials for https://index.docker.io/v1/
10:14:57.323 [main] INFO tc.testcontainers/ryuk:0.12.0 -- Container testcontainers/ryuk:0.12.0 is starting: e31fbe06...[truncated]
10:14:57.471 [main] INFO tc.testcontainers/ryuk:0.12.0 -- Container testcontainers/ryuk:0.12.0 started in PT0.303063S
10:14:57.475 [main] INFO org.testcontainers.utility.RyukResourceReaper -- Ryuk started - will monitor and terminate Testcontainers containers on JVM exit
10:14:57.475 [main] INFO org.testcontainers.DockerClientFactory -- Checking the system...
10:14:57.476 [main] INFO org.testcontainers.DockerClientFactory -- ✔︎ Docker server version should be at least 1.6.0
10:14:57.476 [main] INFO tc.mongo:7 -- Creating container for image: mongo:7
10:14:57.505 [main] INFO tc.mongo:7 -- Container mongo:7 is starting: da8a9da5...[truncated]
10:14:57.981 [main] INFO tc.mongo:7 -- Container mongo:7 started in PT0.505026S
Integration JVM availableProcessors=18

  .   ____          _            __ _ _
 /\\ / ___'_ __ _ _(_)_ __  __ _ \ \ \ \
( ( )\___ | '_ | '_| | '_ \/ _` | \ \ \ \
 \\/  ___)| |_)| | | | | || (_| |  ) ) ) )
  '  |____| .__|_| |_|_| |_\__, | / / / /
 =========|_|==============|___/=/_/_/_/

 :: Spring Boot ::               (v3.5.16)

2026-10-05T10:14:58.690+02:00 INFO  [main] c.a.core.payments.api.CardPaymentsIT traceId= clubId= accountId= : Starting CardPaymentsIT using Java [redacted] with PID 93551 (started by jordib in /Users/jordib/dev/agilityhub/agilityhub-core-api)
2026-10-05T10:14:58.692+02:00 INFO  [main] c.a.core.payments.api.CardPaymentsIT traceId= clubId= accountId= : The following 1 profile is active: "test"
2026-10-05T10:14:59.831+02:00 INFO  [main] o.s.d.r.c.RepositoryConfigurationDelegate traceId= clubId= accountId= : Bootstrapping Spring Data MongoDB repositories in DEFAULT mode.
2026-10-05T10:14:59.888+02:00 INFO  [main] o.s.d.r.c.RepositoryConfigurationDelegate traceId= clubId= accountId= : Finished Spring Data repository scanning in 52 ms. Found 0 MongoDB repository interfaces.
2026-10-05T10:15:00.356+02:00 INFO  [main] org.mongodb.driver.client traceId= clubId= accountId= : MongoClient with metadata {"driver": {"name": "mongo-java-driver|sync|spring-boot", "version": "5.5.2"}, "os": {"type": "Darwin", "name": "Mac OS X", "architecture": "aarch64", "version": "26.4.1"}, "platform": "Java/Homebrew/[redacted]"} created with settings MongoClientSettings{readPreference=primary, writeConcern=WriteConcern{w=null, wTimeout=null ms, journal=null}, retryWrites=true, retryReads=true, readConcern=ReadConcern{level=null}, credential=null, transportSettings=null, commandListeners=[io.micrometer.core.instrument.binder.mongodb.MongoMetricsCommandListener@45983773], codecRegistry=ProvidersCodecRegistry{codecProviders=[ValueCodecProvider{}, BsonValueCodecProvider{}, DBRefCodecProvider{}, DBObjectCodecProvider{}, DocumentCodecProvider{}, CollectionCodecProvider{}, IterableCodecProvider{}, MapCodecProvider{}, GeoJsonCodecProvider{}, GridFSFileCodecProvider{}, Jsr310CodecProvider{}, JsonObjectCodecProvider{}, BsonCodecProvider{}, EnumCodecProvider{}, com.mongodb.client.model.mql.ExpressionCodecProvider@1e551bfd, com.mongodb.Jep395RecordCodecProvider@5da712c9, com.mongodb.KotlinCodecProvider@362472ab]}, loggerSettings=LoggerSettings{maxDocumentLength=1000}, clusterSettings={hosts=[localhost:50642], srvServiceName=mongodb, mode=SINGLE, requiredClusterType=UNKNOWN, requiredReplicaSetName='null', serverSelector='null', clusterListeners='[]', serverSelectionTimeout='2000 ms', localThreshold='15 ms'}, socketSettings=SocketSettings{connectTimeoutMS=2000, readTimeoutMS=0, receiveBufferSize=0, proxySettings=ProxySettings{host=null, port=null, username=null, [redacted], heartbeatSocketSettings=SocketSettings{connectTimeoutMS=2000, readTimeoutMS=2000, receiveBufferSize=0, proxySettings=ProxySettings{host=null, port=null, username=null, [redacted], connectionPoolSettings=ConnectionPoolSettings{maxSize=100, minSize=0, maxWaitTimeMS=2000, maxConnectionLifeTimeMS=0, maxConnectionIdleTimeMS=0, maintenanceInitialDelayMS=0, maintenanceFrequencyMS=60000, connectionPoolListeners=[io.micrometer.core.instrument.binder.mongodb.MongoMetricsConnectionPoolListener@3283f8b3], maxConnecting=2}, serverSettings=ServerSettings{heartbeatFrequencyMS=10000, minHeartbeatFrequencyMS=500, serverMonitoringMode=AUTO, serverListeners='[]', serverMonitorListeners='[]'}, sslSettings=SslSettings{enabled=false, invalidHostNameAllowed=false, context=null}, applicationName='null', compressorList=[], uuidRepresentation=JAVA_LEGACY, serverApi=null, autoEncryptionSettings=null, dnsClient=null, inetAddressResolver=null, contextProvider=null, timeoutMS=null}
2026-10-05T10:15:00.364+02:00 INFO  [cluster-ClusterId{value='6ac35c84...[truncated]', description='null'}-localhost:50642] org.mongodb.driver.cluster traceId= clubId= accountId= : Monitor thread successfully connected to server with description ServerDescription{address=localhost:50642, type=REPLICA_SET_PRIMARY, cryptd=false, state=CONNECTED, ok=true, minWireVersion=0, maxWireVersion=21, maxDocumentSize=16777216, logicalSessionTimeoutMinutes=30, roundTripTimeNanos=12469709, minRoundTripTimeNanos=0, setName='docker-rs', canonicalAddress=da8a9da5e16e:27017, hosts=[da8a9da5e16e:27017], passives=[], arbiters=[], primary='da8a9da5e16e:27017', tagSet=TagSet{[]}, electionId=7fffffff...[truncated], setVersion=1, topologyVersion=TopologyVersion{processId=6ac35c81...[truncated], counter=6}, lastWriteDate=Mon Oct 05 10:14:58 CEST 2026, lastUpdateTimeNanos=[redacted]}
2026-10-05T10:15:03.952+02:00 INFO  [main] o.s.b.t.m.w.SpringBootMockServletContext traceId= clubId= accountId= : Initializing Spring TestDispatcherServlet ''
2026-10-05T10:15:03.953+02:00 INFO  [main] o.s.t.web.servlet.TestDispatcherServlet traceId= clubId= accountId= : Initializing Servlet ''
2026-10-05T10:15:03.953+02:00 INFO  [main] o.s.t.web.servlet.TestDispatcherServlet traceId= clubId= accountId= : Completed initialization in 0 ms
2026-10-05T10:15:03.991+02:00 INFO  [main] c.a.core.payments.api.CardPaymentsIT traceId= clubId= accountId= : Started CardPaymentsIT in 5.524 seconds (process running for 8.097)
Mockito is currently self-attaching to enable the inline-mock-maker. This will no longer work in future releases of the JDK. Please add Mockito as an agent to your build as described in Mockito's documentation: https://javadoc.io/doc/org.mockito/mockito-core/latest/org.mockito/org/mockito/Mockito.html#0.3
OpenJDK 64-Bit Server VM warning: Sharing is only supported for boot loader classes because bootstrap classpath has been appended
WARNING: A Java agent has been loaded dynamically (/private/tmp/agilityhub-e8-t04-m2/net/bytebuddy/byte-buddy-agent/1.17.8/byte-buddy-agent-1.17.8.jar)
WARNING: If a serviceability tool is in use, please run with -XX:+EnableDynamicAgentLoading to hide this warning
WARNING: If a serviceability tool is not in use, please run with -Djdk.instrument.traceUsage for more information
WARNING: Dynamic loading of agents will be disallowed by default in a future release
2026-10-05T10:15:05.519+02:00 WARN  [main] c.a.c.p.application.CheckoutService traceId=9783d670-bf7a-4912-afc9-6f64b6a3064f clubId=- accountId=- : Late provider completion to refund: the checkout expired checkoutSessionId=055d9ad1-7e97-431f-9426-8615d9b73b05 bookingId=null providerPaymentId=pi_rejected clubId=bill-a
2026-10-05T10:15:05.702+02:00 WARN  [main] c.a.c.p.application.PaymentRetryPolicy traceId=6d3757a1-1a13-44ea-b190-e0761ff04495 clubId= accountId= : Stripe event recovery exhausted: eventId=evt_limit traceId=6d3757a1-1a13-44ea-b190-e0761ff04495
2026-10-05T10:15:06.032+02:00 WARN  [main] c.a.c.p.application.CheckoutService traceId=a83aa932-6cb2-4cbf-a7f1-134f2ff486eb clubId=- accountId=- : Late provider completion to refund: the checkout expired checkoutSessionId=edbc587d-16a1-430b-9864-e33a45dc0678 bookingId=null providerPaymentId=pi_a clubId=bill-a
2026-10-05T10:15:07.678+02:00 WARN  [main] c.a.c.p.application.CheckoutService traceId=0f81ffd3-d6d0-4191-9c67-5ee90abf2872 clubId=- accountId=- : Late provider completion to refund: the checkout expired checkoutSessionId=51745c35-b498-4b49-86a6-39c9f1c544bd bookingId=booking-late providerPaymentId=pi_booking clubId=bill-a
2026-10-05T10:15:09.964+02:00 WARN  [main] c.a.c.p.application.PaymentRetryPolicy traceId=dc616df3-e4ec-44da-afc6-1c4ec9c4a491 clubId= accountId= : Payment operation recovery exhausted: eventId=poison_0 traceId=[redacted]
2026-10-05T10:15:09.968+02:00 WARN  [main] c.a.c.p.application.PaymentRetryPolicy traceId=7dd3bc2e-183c-4e7a-a4a0-af58f40a03aa clubId= accountId= : Payment operation recovery exhausted: eventId=poison_1 traceId=7dd3bc2e-183c-4e7a-a4a0-af58f40a03aa
2026-10-05T10:15:09.972+02:00 WARN  [main] c.a.c.p.application.PaymentRetryPolicy traceId=1386ddd7-25ec-4812-b0a8-cdb70eea9950 clubId= accountId= : Payment operation recovery exhausted: eventId=poison_2 traceId=1386ddd7-25ec-4812-b0a8-cdb70eea9950
2026-10-05T10:15:09.975+02:00 WARN  [main] c.a.c.p.application.PaymentRetryPolicy traceId=39fd6b7d-3f49-40bb-9d03-5042d5f7fae2 clubId= accountId= : Payment operation recovery exhausted: eventId=poison_3 traceId=39fd6b7d-3f49-40bb-9d03-5042d5f7fae2
2026-10-05T10:15:09.979+02:00 WARN  [main] c.a.c.p.application.PaymentRetryPolicy traceId=b852c5e6-0349-41a2-967e-dbaad7e7738b clubId= accountId= : Payment operation recovery exhausted: eventId=poison_4 traceId=b852c5e6-0349-41a2-967e-dbaad7e7738b
2026-10-05T10:15:09.982+02:00 WARN  [main] c.a.c.p.application.PaymentRetryPolicy traceId=d7c29dbf-62ce-4cc6-a461-bb3216892c62 clubId= accountId= : Payment operation recovery exhausted: eventId=poison_5 traceId=d7c29dbf-62ce-4cc6-a461-bb3216892c62
2026-10-05T10:15:09.985+02:00 WARN  [main] c.a.c.p.application.PaymentRetryPolicy traceId=f2943228-6ad6-4233-b91f-a6c5486efd55 clubId= accountId= : Payment operation recovery exhausted: eventId=poison_6 traceId=f2943228-6ad6-4233-b91f-a6c5486efd55
2026-10-05T10:15:09.989+02:00 WARN  [main] c.a.c.p.application.PaymentRetryPolicy traceId=66dc1169-c814-490b-8d2b-943ea7fc059b clubId= accountId= : Payment operation recovery exhausted: eventId=poison_7 traceId=66dc1169-c814-490b-8d2b-943ea7fc059b
2026-10-05T10:15:09.992+02:00 WARN  [main] c.a.c.p.application.PaymentRetryPolicy traceId=6df1230e-f7aa-439b-b5a5-8cc197ec65d8 clubId= accountId= : Payment operation recovery exhausted: eventId=poison_8 traceId=6df1230e-f7aa-439b-b5a5-8cc197ec65d8
2026-10-05T10:15:09.996+02:00 WARN  [main] c.a.c.p.application.PaymentRetryPolicy traceId=62c33a05-3661-46e9-bdd0-25b1ea585ee4 clubId= accountId= : Payment operation recovery exhausted: eventId=poison_9 traceId=62c33a05-3661-46e9-bdd0-25b1ea585ee4
2026-10-05T10:15:09.999+02:00 WARN  [main] c.a.c.p.application.PaymentRetryPolicy traceId=e45c2947-83f8-4e06-a399-afd7e242582f clubId= accountId= : Payment operation recovery exhausted: eventId=poison_10 traceId=e45c2947-83f8-4e06-a399-afd7e242582f
2026-10-05T10:15:10.003+02:00 WARN  [main] c.a.c.p.application.PaymentRetryPolicy traceId=2e897137-8387-4aa6-86b6-30400009c420 clubId= accountId= : Payment operation recovery exhausted: eventId=poison_11 traceId=2e897137-8387-4aa6-86b6-30400009c420
2026-10-05T10:15:10.007+02:00 WARN  [main] c.a.c.p.application.PaymentRetryPolicy traceId=9b2ff7bc-bf0e-47a8-89c0-9da8afcd4291 clubId= accountId= : Payment operation recovery exhausted: eventId=poison_12 traceId=9b2ff7bc-bf0e-47a8-89c0-9da8afcd4291
2026-10-05T10:15:10.010+02:00 WARN  [main] c.a.c.p.application.PaymentRetryPolicy traceId=a2348b26-1065-4269-912a-00f98d552e9b clubId= accountId= : Payment operation recovery exhausted: eventId=poison_13 traceId=a2348b26-1065-4269-912a-00f98d552e9b
2026-10-05T10:15:10.014+02:00 WARN  [main] c.a.c.p.application.PaymentRetryPolicy traceId=b8cf4e4f-4a3a-4c73-97e9-29c4c1c157e0 clubId= accountId= : Payment operation recovery exhausted: eventId=poison_14 traceId=b8cf4e4f-4a3a-4c73-97e9-29c4c1c157e0
2026-10-05T10:15:10.017+02:00 WARN  [main] c.a.c.p.application.PaymentRetryPolicy traceId=b8851d4d-c4d9-4087-a599-42580a66ebf1 clubId= accountId= : Payment operation recovery exhausted: eventId=poison_15 traceId=b8851d4d-c4d9-4087-a599-42580a66ebf1
2026-10-05T10:15:10.020+02:00 WARN  [main] c.a.c.p.application.PaymentRetryPolicy traceId=8f66d8a1-0a19-4e2e-83e5-acd944cd4837 clubId= accountId= : Payment operation recovery exhausted: eventId=poison_16 traceId=8f66d8a1-0a19-4e2e-83e5-acd944cd4837
2026-10-05T10:15:10.023+02:00 WARN  [main] c.a.c.p.application.PaymentRetryPolicy traceId=4d3692ee-c815-4e5d-8f73-e5bfc3f97c42 clubId= accountId= : Payment operation recovery exhausted: eventId=poison_17 traceId=4d3692ee-c815-4e5d-8f73-e5bfc3f97c42
2026-10-05T10:15:10.027+02:00 WARN  [main] c.a.c.p.application.PaymentRetryPolicy traceId=323f94e1-d06a-4715-9b67-31e413473d4c clubId= accountId= : Payment operation recovery exhausted: eventId=poison_18 traceId=323f94e1-d06a-4715-9b67-31e413473d4c
2026-10-05T10:15:10.035+02:00 WARN  [main] c.a.c.p.application.PaymentRetryPolicy traceId=14595b82-07ae-4bb4-97bf-9ec2e0cc98f4 clubId= accountId= : Payment operation recovery exhausted: eventId=poison_19 traceId=14595b82-07ae-4bb4-97bf-9ec2e0cc98f4
2026-10-05T10:15:10.039+02:00 WARN  [main] c.a.c.p.application.PaymentRetryPolicy traceId=ebe38e4f-c004-4735-8c84-fc5c2bde3002 clubId= accountId= : Payment operation recovery exhausted: eventId=poison_20 traceId=ebe38e4f-c004-4735-8c84-fc5c2bde3002
2026-10-05T10:15:10.043+02:00 WARN  [main] c.a.c.p.application.PaymentRetryPolicy traceId=a316de22-5728-4918-b7c2-8a73402bd445 clubId= accountId= : Payment operation recovery exhausted: eventId=poison_21 traceId=a316de22-5728-4918-b7c2-8a73402bd445
2026-10-05T10:15:10.046+02:00 WARN  [main] c.a.c.p.application.PaymentRetryPolicy traceId=3bf73a83-c7fc-4d7b-9b8b-930f149ac38e clubId= accountId= : Payment operation recovery exhausted: eventId=poison_22 traceId=3bf73a83-c7fc-4d7b-9b8b-930f149ac38e
2026-10-05T10:15:10.051+02:00 WARN  [main] c.a.c.p.application.PaymentRetryPolicy traceId=db27cf57-20a8-4c25-8611-a237ac46feef clubId= accountId= : Payment operation recovery exhausted: eventId=poison_23 traceId=[redacted]
2026-10-05T10:15:10.054+02:00 WARN  [main] c.a.c.p.application.PaymentRetryPolicy traceId=965c4179-b17e-455a-ac10-dd946ed1b7ac clubId= accountId= : Payment operation recovery exhausted: eventId=poison_24 traceId=965c4179-b17e-455a-[redacted]
2026-10-05T10:15:10.057+02:00 WARN  [main] c.a.c.p.application.PaymentRetryPolicy traceId=c571cba7-6318-48e8-87d8-950870f5591c clubId= accountId= : Payment operation recovery exhausted: eventId=poison_25 traceId=c571cba7-6318-48e8-87d8-950870f5591c
2026-10-05T10:15:10.060+02:00 WARN  [main] c.a.c.p.application.PaymentRetryPolicy traceId=b52c9e62-53aa-4070-b0cd-91aac1eb1b35 clubId= accountId= : Payment operation recovery exhausted: eventId=poison_26 traceId=b52c9e62-53aa-4070-b0cd-91aac1eb1b35
2026-10-05T10:15:10.063+02:00 WARN  [main] c.a.c.p.application.PaymentRetryPolicy traceId=335c30a4-d168-4664-be86-d5979eed502b clubId= accountId= : Payment operation recovery exhausted: eventId=poison_27 traceId=335c30a4-d168-4664-[redacted]
2026-10-05T10:15:10.066+02:00 WARN  [main] c.a.c.p.application.PaymentRetryPolicy traceId=b39101c3-ebb0-4a5a-9471-e50006e47176 clubId= accountId= : Payment operation recovery exhausted: eventId=poison_28 traceId=b39101c3-ebb0-4a5a-9471-e50006e47176
2026-10-05T10:15:10.069+02:00 WARN  [main] c.a.c.p.application.PaymentRetryPolicy traceId=b7739b8e-5c3a-4549-9601-1db84ca57be5 clubId= accountId= : Payment operation recovery exhausted: eventId=poison_29 traceId=b7739b8e-5c3a-4549-9601-1db84ca57be5
2026-10-05T10:15:10.072+02:00 WARN  [main] c.a.c.p.application.PaymentRetryPolicy traceId=28ef484b-2af5-48cb-8265-8ef4649581f0 clubId= accountId= : Payment operation recovery exhausted: eventId=poison_30 traceId=28ef484b-2af5-48cb-8265-8ef4649581f0
2026-10-05T10:15:10.075+02:00 WARN  [main] c.a.c.p.application.PaymentRetryPolicy traceId=1ed997af-52ae-400d-abe8-c61d2df484e8 clubId= accountId= : Payment operation recovery exhausted: eventId=poison_31 traceId=1ed997af-52ae-400d-abe8-c61d2df484e8
2026-10-05T10:15:10.078+02:00 WARN  [main] c.a.c.p.application.PaymentRetryPolicy traceId=28bdb161-b298-4cf6-a56b-e0214414f7d7 clubId= accountId= : Payment operation recovery exhausted: eventId=poison_32 traceId=28bdb161-b298-4cf6-a56b-e0214414f7d7
2026-10-05T10:15:10.081+02:00 WARN  [main] c.a.c.p.application.PaymentRetryPolicy traceId=b39e283d-76cc-4eec-a01d-ffe7621b9c8e clubId= accountId= : Payment operation recovery exhausted: eventId=poison_33 traceId=b39e283d-76cc-4eec-a01d-ffe7621b9c8e
2026-10-05T10:15:10.085+02:00 WARN  [main] c.a.c.p.application.PaymentRetryPolicy traceId=a98231f7-f71c-4b5f-a9ea-5d01c04e31d5 clubId= accountId= : Payment operation recovery exhausted: eventId=poison_34 traceId=a98231f7-f71c-4b5f-a9ea-5d01c04e31d5
2026-10-05T10:15:10.088+02:00 WARN  [main] c.a.c.p.application.PaymentRetryPolicy traceId=369ed37f-6bb3-430c-bac7-e5243825eaa2 clubId= accountId= : Payment operation recovery exhausted: eventId=poison_35 traceId=369ed37f-6bb3-430c-bac7-e5243825eaa2
2026-10-05T10:15:10.091+02:00 WARN  [main] c.a.c.p.application.PaymentRetryPolicy traceId=e83d5403-2d36-4a08-921f-813c7468437d clubId= accountId= : Payment operation recovery exhausted: eventId=poison_36 traceId=e83d5403-2d36-4a08-921f-813c7468437d
2026-10-05T10:15:10.094+02:00 WARN  [main] c.a.c.p.application.PaymentRetryPolicy traceId=cadf45bc-7223-40b0-8868-d627b3851ad5 clubId= accountId= : Payment operation recovery exhausted: eventId=poison_37 traceId=cadf45bc-7223-40b0-8868-d627b3851ad5
2026-10-05T10:15:10.096+02:00 WARN  [main] c.a.c.p.application.PaymentRetryPolicy traceId=a3ac1f18-c636-4949-af0c-ae87af36acaa clubId= accountId= : Payment operation recovery exhausted: eventId=poison_38 traceId=a3ac1f18-c636-4949-af0c-ae87af36acaa
2026-10-05T10:15:10.100+02:00 WARN  [main] c.a.c.p.application.PaymentRetryPolicy traceId=6d39db46-2ebd-4673-8910-666035819232 clubId= accountId= : Payment operation recovery exhausted: eventId=poison_39 traceId=6d39db46-2ebd-4673-8910-666035819232
2026-10-05T10:15:10.103+02:00 WARN  [main] c.a.c.p.application.PaymentRetryPolicy traceId=eb8a82bb-fba5-4aab-99fb-7bf8ca29c800 clubId= accountId= : Payment operation recovery exhausted: eventId=poison_40 traceId=eb8a82bb-fba5-4aab-99fb-7bf8ca29c800
2026-10-05T10:15:10.106+02:00 WARN  [main] c.a.c.p.application.PaymentRetryPolicy traceId=05aa2594-b75f-40cf-992c-cfed293cc9c4 clubId= accountId= : Payment operation recovery exhausted: eventId=poison_41 traceId=05aa2594-b75f-40cf-992c-cfed293cc9c4
2026-10-05T10:15:10.109+02:00 WARN  [main] c.a.c.p.application.PaymentRetryPolicy traceId=063137e8-471d-45de-a181-f43eeaf93d99 clubId= accountId= : Payment operation recovery exhausted: eventId=poison_42 traceId=063137e8-471d-45de-a181-f43eeaf93d99
2026-10-05T10:15:10.112+02:00 WARN  [main] c.a.c.p.application.PaymentRetryPolicy traceId=bfdb912d-f777-47a9-9d5c-fa12270b9330 clubId= accountId= : Payment operation recovery exhausted: eventId=poison_43 traceId=bfdb912d-f777-47a9-9d5c-fa12270b9330
2026-10-05T10:15:10.115+02:00 WARN  [main] c.a.c.p.application.PaymentRetryPolicy traceId=d56de231-7871-49db-ac98-fe99df9ed23e clubId= accountId= : Payment operation recovery exhausted: eventId=poison_44 traceId=d56de231-7871-49db-[redacted]
2026-10-05T10:15:10.118+02:00 WARN  [main] c.a.c.p.application.PaymentRetryPolicy traceId=16b536b5-4e95-461e-b335-1c2bcacd15fd clubId= accountId= : Payment operation recovery exhausted: eventId=poison_45 traceId=16b536b5-4e95-461e-b335-1c2bcacd15fd
2026-10-05T10:15:10.121+02:00 WARN  [main] c.a.c.p.application.PaymentRetryPolicy traceId=274edcc1-9917-43fc-b4da-a0afe6b6e05f clubId= accountId= : Payment operation recovery exhausted: eventId=poison_46 traceId=274edcc1-9917-43fc-b4da-a0afe6b6e05f
2026-10-05T10:15:10.123+02:00 WARN  [main] c.a.c.p.application.PaymentRetryPolicy traceId=8ee2cdd0-1d6c-4164-8b91-ff974fe1cc96 clubId= accountId= : Payment operation recovery exhausted: eventId=poison_47 traceId=8ee2cdd0-1d6c-4164-8b91-ff974fe1cc96
2026-10-05T10:15:10.127+02:00 WARN  [main] c.a.c.p.application.PaymentRetryPolicy traceId=26ce1156-29bb-4d80-842a-ff48f1a2d3f4 clubId= accountId= : Payment operation recovery exhausted: eventId=poison_48 traceId=26ce1156-29bb-4d80-842a-ff48f1a2d3f4
2026-10-05T10:15:10.129+02:00 WARN  [main] c.a.c.p.application.PaymentRetryPolicy traceId=e0dc8817-da4d-4c55-a8de-40fcaec015c4 clubId= accountId= : Payment operation recovery exhausted: eventId=poison_49 traceId=e0dc8817-da4d-4c55-a8de-40fcaec015c4
2026-10-05T10:15:10.132+02:00 WARN  [main] c.a.c.p.application.PaymentRetryPolicy traceId=20b41b15-dbe3-42a4-ba7a-18e5d92e7b9d clubId= accountId= : Payment operation recovery exhausted: eventId=poison_50 traceId=20b41b15-dbe3-42a4-ba7a-18e5d92e7b9d
2026-10-05T10:15:10.135+02:00 WARN  [main] c.a.c.p.application.PaymentRetryPolicy traceId=2a6df742-8d6c-4140-aa4d-d6def577675b clubId= accountId= : Payment operation recovery exhausted: eventId=poison_51 traceId=2a6df742-8d6c-4140-aa4d-d6def577675b
2026-10-05T10:15:10.137+02:00 WARN  [main] c.a.c.p.application.PaymentRetryPolicy traceId=9e294e84-17c8-4302-a369-7f4d0556efd2 clubId= accountId= : Payment operation recovery exhausted: eventId=poison_52 traceId=9e294e84-17c8-4302-a369-7f4d0556efd2
2026-10-05T10:15:10.140+02:00 WARN  [main] c.a.c.p.application.PaymentRetryPolicy traceId=de31621d-5e0d-48bd-a003-211c0505d92d clubId= accountId= : Payment operation recovery exhausted: eventId=poison_53 traceId=[redacted]
2026-10-05T10:15:10.142+02:00 WARN  [main] c.a.c.p.application.PaymentRetryPolicy traceId=609db214-67c7-4966-b52b-bacb1d608562 clubId= accountId= : Payment operation recovery exhausted: eventId=poison_54 traceId=609db214-67c7-4966-b52b-bacb1d608562
2026-10-05T10:15:10.145+02:00 WARN  [main] c.a.c.p.application.PaymentRetryPolicy traceId=77ce6296-2259-42b0-8210-5a59293e7c70 clubId= accountId= : Payment operation recovery exhausted: eventId=poison_55 traceId=77ce6296-2259-42b0-8210-5a59293e7c70
2026-10-05T10:15:10.148+02:00 WARN  [main] c.a.c.p.application.PaymentRetryPolicy traceId=3face430-5cd9-42b6-905c-aa2d0d371f3e clubId= accountId= : Payment operation recovery exhausted: eventId=poison_56 traceId=3face430-5cd9-42b6-905c-aa2d0d371f3e
2026-10-05T10:15:10.150+02:00 WARN  [main] c.a.c.p.application.PaymentRetryPolicy traceId=7d9730d1-136a-4155-a74a-ae81925c60d5 clubId= accountId= : Payment operation recovery exhausted: eventId=poison_57 traceId=7d9730d1-136a-4155-a74a-ae81925c60d5
2026-10-05T10:15:10.153+02:00 WARN  [main] c.a.c.p.application.PaymentRetryPolicy traceId=8987d8b1-e8c6-4eb3-acf1-e7b82f701e6b clubId= accountId= : Payment operation recovery exhausted: eventId=poison_58 traceId=8987d8b1-e8c6-4eb3-acf1-e7b82f701e6b
2026-10-05T10:15:10.155+02:00 WARN  [main] c.a.c.p.application.PaymentRetryPolicy traceId=f3675dfd-9159-4505-b1be-e7fa6083f5b2 clubId= accountId= : Payment operation recovery exhausted: eventId=poison_59 traceId=f3675dfd-9159-4505-b1be-e7fa6083f5b2
2026-10-05T10:15:10.158+02:00 WARN  [main] c.a.c.p.application.PaymentRetryPolicy traceId=ec4dc433-14ef-4ce3-b455-0396ec3f498e clubId= accountId= : Payment operation recovery exhausted: eventId=poison_60 traceId=ec4dc433-14ef-4ce3-b455-0396ec3f498e
2026-10-05T10:15:10.161+02:00 WARN  [main] c.a.c.p.application.PaymentRetryPolicy traceId=42ad4d0d-76f4-4ebd-95a7-4c1258b11eae clubId= accountId= : Payment operation recovery exhausted: eventId=poison_61 traceId=42ad4d0d-76f4-4ebd-95a7-4c1258b11eae
2026-10-05T10:15:10.163+02:00 WARN  [main] c.a.c.p.application.PaymentRetryPolicy traceId=d0be8034-d3cf-409e-bd88-d024afb5331c clubId= accountId= : Payment operation recovery exhausted: eventId=poison_62 traceId=d0be8034-d3cf-409e-[redacted]
2026-10-05T10:15:10.165+02:00 WARN  [main] c.a.c.p.application.PaymentRetryPolicy traceId=545f5225-20e9-44b8-b247-b246f73d165a clubId= accountId= : Payment operation recovery exhausted: eventId=poison_63 traceId=545f5225-20e9-44b8-b247-b246f73d165a
2026-10-05T10:15:10.168+02:00 WARN  [main] c.a.c.p.application.PaymentRetryPolicy traceId=cfa38ffd-443e-4a1b-8ac0-0e39c3113db8 clubId= accountId= : Payment operation recovery exhausted: eventId=poison_64 traceId=cfa38ffd-443e-4a1b-8ac0-0e39c3113db8
2026-10-05T10:15:10.170+02:00 WARN  [main] c.a.c.p.application.PaymentRetryPolicy traceId=6c5e0c92-eb00-482c-9480-e7337a1074da clubId= accountId= : Payment operation recovery exhausted: eventId=poison_65 traceId=6c5e0c92-[redacted]
2026-10-05T10:15:10.173+02:00 WARN  [main] c.a.c.p.application.PaymentRetryPolicy traceId=15c24ca1-e0e1-4b41-9a5d-c0cf8865ec65 clubId= accountId= : Payment operation recovery exhausted: eventId=poison_66 traceId=15c24ca1-e0e1-4b41-9a5d-c0cf8865ec65
2026-10-05T10:15:10.176+02:00 WARN  [main] c.a.c.p.application.PaymentRetryPolicy traceId=5a094943-8ed6-4fcc-81ad-3b7af77d5ad6 clubId= accountId= : Payment operation recovery exhausted: eventId=poison_67 traceId=5a094943-8ed6-4fcc-81ad-3b7af77d5ad6
2026-10-05T10:15:10.178+02:00 WARN  [main] c.a.c.p.application.PaymentRetryPolicy traceId=014d29b4-41ef-4df6-866d-cce83f0c4f2f clubId= accountId= : Payment operation recovery exhausted: eventId=poison_68 traceId=014d29b4-41ef-4df6-866d-cce83f0c4f2f
2026-10-05T10:15:10.181+02:00 WARN  [main] c.a.c.p.application.PaymentRetryPolicy traceId=12d5d03c-f679-4040-8620-de9ae4aeb1f8 clubId= accountId= : Payment operation recovery exhausted: eventId=poison_69 traceId=12d5d03c-f679-4040-8620-de9ae4aeb1f8
2026-10-05T10:15:10.183+02:00 WARN  [main] c.a.c.p.application.PaymentRetryPolicy traceId=3d4fd492-55f4-437e-863a-fc81a4e926a1 clubId= accountId= : Payment operation recovery exhausted: eventId=poison_70 traceId=3d4fd492-55f4-437e-863a-fc81a4e926a1
2026-10-05T10:15:10.189+02:00 WARN  [main] c.a.c.p.application.PaymentRetryPolicy traceId=53d142a1-d404-468d-b21d-955679c78aee clubId= accountId= : Payment operation recovery exhausted: eventId=poison_71 traceId=53d142a1-d404-468d-b21d-955679c78aee
2026-10-05T10:15:10.194+02:00 WARN  [main] c.a.c.p.application.PaymentRetryPolicy traceId=0da7764f-e3b9-47a7-8970-4db923b12235 clubId= accountId= : Payment operation recovery exhausted: eventId=poison_72 traceId=0da7764f-e3b9-47a7-8970-4db923b12235
2026-10-05T10:15:10.197+02:00 WARN  [main] c.a.c.p.application.PaymentRetryPolicy traceId=86109f7b-f07f-41cb-8d19-515fb9c7fd08 clubId= accountId= : Payment operation recovery exhausted: eventId=poison_73 traceId=86109f7b-f07f-41cb-8d19-515fb9c7fd08
2026-10-05T10:15:10.200+02:00 WARN  [main] c.a.c.p.application.PaymentRetryPolicy traceId=4e540f7d-5c43-42ff-8ea3-a35d4f565ee5 clubId= accountId= : Payment operation recovery exhausted: eventId=poison_74 traceId=4e540f7d-5c43-42ff-8ea3-a35d4f565ee5
2026-10-05T10:15:10.202+02:00 WARN  [main] c.a.c.p.application.PaymentRetryPolicy traceId=aa3445b8-11bc-4652-88f1-d85e8abe4937 clubId= accountId= : Payment operation recovery exhausted: eventId=poison_75 traceId=[redacted]
2026-10-05T10:15:10.204+02:00 WARN  [main] c.a.c.p.application.PaymentRetryPolicy traceId=05f029eb-7368-4eb2-aa79-765973fbe803 clubId= accountId= : Payment operation recovery exhausted: eventId=poison_76 traceId=05f029eb-7368-4eb2-[redacted]
2026-10-05T10:15:10.207+02:00 WARN  [main] c.a.c.p.application.PaymentRetryPolicy traceId=8e2bf278-0b85-4af5-bcb7-a3da1470e341 clubId= accountId= : Payment operation recovery exhausted: eventId=poison_77 traceId=8e2bf278-0b85-4af5-bcb7-a3da1470e341
2026-10-05T10:15:10.210+02:00 WARN  [main] c.a.c.p.application.PaymentRetryPolicy traceId=4177e065-2ac6-410e-b031-d99485f22825 clubId= accountId= : Payment operation recovery exhausted: eventId=poison_78 traceId=4177e065-2ac6-410e-b031-d99485f22825
2026-10-05T10:15:10.213+02:00 WARN  [main] c.a.c.p.application.PaymentRetryPolicy traceId=4ce64435-c342-4b47-be1a-08b1c4be0334 clubId= accountId= : Payment operation recovery exhausted: eventId=poison_79 traceId=4ce64435-c342-4b47-be1a-08b1c4be0334
2026-10-05T10:15:10.215+02:00 WARN  [main] c.a.c.p.application.PaymentRetryPolicy traceId=c09f1d45-a4f9-46d0-ba88-95ae3a68d96d clubId= accountId= : Payment operation recovery exhausted: eventId=poison_80 traceId=c09f1d45-a4f9-46d0-[redacted]
2026-10-05T10:15:10.217+02:00 WARN  [main] c.a.c.p.application.PaymentRetryPolicy traceId=1e298491-7c19-4c84-8d5c-c499f4dad4db clubId= accountId= : Payment operation recovery exhausted: eventId=poison_81 traceId=1e298491-7c19-4c84-8d5c-c499f4dad4db
2026-10-05T10:15:10.220+02:00 WARN  [main] c.a.c.p.application.PaymentRetryPolicy traceId=e728134b-c71c-4f94-9e43-39537679c3c1 clubId= accountId= : Payment operation recovery exhausted: eventId=poison_82 traceId=e728134b-c71c-4f94-9e43-39537679c3c1
2026-10-05T10:15:10.223+02:00 WARN  [main] c.a.c.p.application.PaymentRetryPolicy traceId=66b23927-711c-44c4-91c6-d8bc5b4150e2 clubId= accountId= : Payment operation recovery exhausted: eventId=poison_83 traceId=66b23927-711c-44c4-91c6-d8bc5b4150e2
2026-10-05T10:15:10.226+02:00 WARN  [main] c.a.c.p.application.PaymentRetryPolicy traceId=28ed9af7-cea9-464e-bdd6-df97071a9bb0 clubId= accountId= : Payment operation recovery exhausted: eventId=poison_84 traceId=28ed9af7-cea9-464e-bdd6-df97071a9bb0
2026-10-05T10:15:10.228+02:00 WARN  [main] c.a.c.p.application.PaymentRetryPolicy traceId=1828ce21-b524-4257-a493-f64cf8e8673a clubId= accountId= : Payment operation recovery exhausted: eventId=poison_85 traceId=1828ce21-b524-4257-a493-f64cf8e8673a
2026-10-05T10:15:10.231+02:00 WARN  [main] c.a.c.p.application.PaymentRetryPolicy traceId=35b4aa01-a7d3-48a9-9511-f94e84125811 clubId= accountId= : Payment operation recovery exhausted: eventId=poison_86 traceId=35b4aa01-a7d3-48a9-9511-f94e84125811
2026-10-05T10:15:10.234+02:00 WARN  [main] c.a.c.p.application.PaymentRetryPolicy traceId=6ad4ac3d-a2c4-4f5b-b8b5-7b269cf1b971 clubId= accountId= : Payment operation recovery exhausted: eventId=poison_87 traceId=6ad4ac3d-a2c4-4f5b-b8b5-7b269cf1b971
2026-10-05T10:15:10.236+02:00 WARN  [main] c.a.c.p.application.PaymentRetryPolicy traceId=fbf26463-4f18-4ffa-86e2-b4009419a5ae clubId= accountId= : Payment operation recovery exhausted: eventId=poison_88 traceId=fbf26463-4f18-4ffa-86e2-b4009419a5ae
2026-10-05T10:15:10.238+02:00 WARN  [main] c.a.c.p.application.PaymentRetryPolicy traceId=538c2d59-7a39-4033-9c4e-df309d94e421 clubId= accountId= : Payment operation recovery exhausted: eventId=poison_89 traceId=538c2d59-7a39-4033-9c4e-df309d94e421
2026-10-05T10:15:10.241+02:00 WARN  [main] c.a.c.p.application.PaymentRetryPolicy traceId=2b7de3f2-f377-45a1-9a1f-c999bcac385f clubId= accountId= : Payment operation recovery exhausted: eventId=poison_90 traceId=2b7de3f2-f377-45a1-9a1f-c999bcac385f
2026-10-05T10:15:10.243+02:00 WARN  [main] c.a.c.p.application.PaymentRetryPolicy traceId=815643ff-f262-4aec-b999-92ba303fdf39 clubId= accountId= : Payment operation recovery exhausted: eventId=poison_91 traceId=815643ff-f262-4aec-b999-92ba303fdf39
2026-10-05T10:15:10.245+02:00 WARN  [main] c.a.c.p.application.PaymentRetryPolicy traceId=afb54310-97fe-4a89-be56-e7c77aef9cf6 clubId= accountId= : Payment operation recovery exhausted: eventId=poison_92 traceId=afb54310-97fe-4a89-[redacted]
2026-10-05T10:15:10.248+02:00 WARN  [main] c.a.c.p.application.PaymentRetryPolicy traceId=c36a5cfa-ed34-4395-9cf3-51b7cb874ca9 clubId= accountId= : Payment operation recovery exhausted: eventId=poison_93 traceId=c36a5cfa-[redacted]
2026-10-05T10:15:10.251+02:00 WARN  [main] c.a.c.p.application.PaymentRetryPolicy traceId=b9e07c4c-542e-4c2b-85ba-883beca8ef29 clubId= accountId= : Payment operation recovery exhausted: eventId=poison_94 traceId=b9e07c4c-542e-4c2b-85ba-883beca8ef29
2026-10-05T10:15:10.254+02:00 WARN  [main] c.a.c.p.application.PaymentRetryPolicy traceId=ec807a09-d671-4abf-9000-e64bd116ebef clubId= accountId= : Payment operation recovery exhausted: eventId=poison_95 traceId=[redacted]
2026-10-05T10:15:10.256+02:00 WARN  [main] c.a.c.p.application.PaymentRetryPolicy traceId=e8d96997-ea08-44dc-9712-36e7f17e9329 clubId= accountId= : Payment operation recovery exhausted: eventId=poison_96 traceId=e8d96997-[redacted]
2026-10-05T10:15:10.259+02:00 WARN  [main] c.a.c.p.application.PaymentRetryPolicy traceId=a0f96cd1-3999-4599-aae3-0e95f4fc9790 clubId= accountId= : Payment operation recovery exhausted: eventId=poison_97 traceId=a0f96cd1-3999-4599-aae3-0e95f4fc9790
2026-10-05T10:15:10.262+02:00 WARN  [main] c.a.c.p.application.PaymentRetryPolicy traceId=0a525589-0675-43a7-b6af-357fe7931574 clubId= accountId= : Payment operation recovery exhausted: eventId=poison_98 traceId=0a525589-0675-43a7-b6af-357fe7931574
2026-10-05T10:15:10.264+02:00 WARN  [main] c.a.c.p.application.PaymentRetryPolicy traceId=b249665d-bc52-4765-ae89-2d269d7b255a clubId= accountId= : Payment operation recovery exhausted: eventId=poison_99 traceId=b249665d-[redacted]
2026-10-05T10:15:10.268+02:00 WARN  [main] c.a.c.p.application.PaymentRetryPolicy traceId=99a132cf-1fa0-4aef-8d8e-c0ffa0b9253b clubId= accountId= : Stripe event recovery exhausted: eventId=evt_poison_0 traceId=99a132cf-1fa0-4aef-8d8e-c0ffa0b9253b
2026-10-05T10:15:10.272+02:00 WARN  [main] c.a.c.p.application.PaymentRetryPolicy traceId=2ee0f8e0-58e0-4259-8175-cbda4f8e8936 clubId= accountId= : Stripe event recovery exhausted: eventId=evt_poison_1 traceId=2ee0f8e0-58e0-4259-8175-cbda4f8e8936
2026-10-05T10:15:10.275+02:00 WARN  [main] c.a.c.p.application.PaymentRetryPolicy traceId=ae664ec2-1358-4142-9316-d77d33c2232d clubId= accountId= : Stripe event recovery exhausted: eventId=evt_poison_2 traceId=[redacted]
2026-10-05T10:15:10.279+02:00 WARN  [main] c.a.c.p.application.PaymentRetryPolicy traceId=24adf939-0152-45f0-b6c1-387daa0b8690 clubId= accountId= : Stripe event recovery exhausted: eventId=evt_poison_3 traceId=24adf939-0152-45f0-b6c1-387daa0b8690
2026-10-05T10:15:10.283+02:00 WARN  [main] c.a.c.p.application.PaymentRetryPolicy traceId=f1c670cf-385f-485d-9fe4-86df6aaee5e8 clubId= accountId= : Stripe event recovery exhausted: eventId=evt_poison_4 traceId=f1c670cf-385f-485d-9fe4-86df6aaee5e8
2026-10-05T10:15:10.287+02:00 WARN  [main] c.a.c.p.application.PaymentRetryPolicy traceId=669b9ac2-ab9b-4857-8af1-d87708b209e8 clubId= accountId= : Stripe event recovery exhausted: eventId=evt_poison_5 traceId=669b9ac2-ab9b-4857-8af1-d87708b209e8
2026-10-05T10:15:10.290+02:00 WARN  [main] c.a.c.p.application.PaymentRetryPolicy traceId=154969d4-5b17-4460-ba75-72b2a4bee42a clubId= accountId= : Stripe event recovery exhausted: eventId=evt_poison_6 traceId=154969d4-5b17-4460-[redacted]
2026-10-05T10:15:10.294+02:00 WARN  [main] c.a.c.p.application.PaymentRetryPolicy traceId=5d8dff21-7185-4724-994e-4f9fa25185f4 clubId= accountId= : Stripe event recovery exhausted: eventId=evt_poison_7 traceId=5d8dff21-7185-4724-994e-4f9fa25185f4
2026-10-05T10:15:10.297+02:00 WARN  [main] c.a.c.p.application.PaymentRetryPolicy traceId=1f68b647-10bf-4453-9300-ddaaa9fe4fa5 clubId= accountId= : Stripe event recovery exhausted: eventId=evt_poison_8 traceId=1f68b647-10bf-4453-9300-ddaaa9fe4fa5
2026-10-05T10:15:10.301+02:00 WARN  [main] c.a.c.p.application.PaymentRetryPolicy traceId=47da0034-5232-44ed-b805-ba186de50132 clubId= accountId= : Stripe event recovery exhausted: eventId=evt_poison_9 traceId=47da0034-5232-44ed-b805-ba186de50132
2026-10-05T10:15:10.310+02:00 WARN  [main] c.a.c.p.application.PaymentRetryPolicy traceId=75881303-779a-4384-8589-97bb7220895c clubId= accountId= : Stripe event recovery exhausted: eventId=evt_poison_10 traceId=75881303-779a-4384-8589-97bb7220895c
2026-10-05T10:15:10.316+02:00 WARN  [main] c.a.c.p.application.PaymentRetryPolicy traceId=0ed44425-eb61-4841-a5f8-0faa397ab092 clubId= accountId= : Stripe event recovery exhausted: eventId=evt_poison_11 traceId=0ed44425-[redacted]
2026-10-05T10:15:10.321+02:00 WARN  [main] c.a.c.p.application.PaymentRetryPolicy traceId=f6c01cda-b354-4ec5-87b8-babc74b89e32 clubId= accountId= : Stripe event recovery exhausted: eventId=evt_poison_12 traceId=f6c01cda-b354-4ec5-87b8-babc74b89e32
2026-10-05T10:15:10.325+02:00 WARN  [main] c.a.c.p.application.PaymentRetryPolicy traceId=3a497adf-c1b2-45f7-a50d-84cd9c8a5648 clubId= accountId= : Stripe event recovery exhausted: eventId=evt_poison_13 traceId=3a497adf-c1b2-45f7-a50d-84cd9c8a5648
2026-10-05T10:15:10.329+02:00 WARN  [main] c.a.c.p.application.PaymentRetryPolicy traceId=0ad1fa70-0cbc-4d0a-875d-e8a2296278ec clubId= accountId= : Stripe event recovery exhausted: eventId=evt_poison_14 traceId=0ad1fa70-0cbc-4d0a-875d-e8a2296278ec
2026-10-05T10:15:10.333+02:00 WARN  [main] c.a.c.p.application.PaymentRetryPolicy traceId=13463a89-ccfa-4fe4-a60f-3a3de9b77b61 clubId= accountId= : Stripe event recovery exhausted: eventId=evt_poison_15 traceId=13463a89-ccfa-4fe4-a60f-3a3de9b77b61
2026-10-05T10:15:10.338+02:00 WARN  [main] c.a.c.p.application.PaymentRetryPolicy traceId=5dc53f4f-0aaa-4d54-99e2-3d8fca4c02c5 clubId= accountId= : Stripe event recovery exhausted: eventId=evt_poison_16 traceId=5dc53f4f-0aaa-4d54-99e2-3d8fca4c02c5
2026-10-05T10:15:10.346+02:00 WARN  [main] c.a.c.p.application.PaymentRetryPolicy traceId=7e42642d-4d1a-4f04-8ec1-e3d1f73c8a90 clubId= accountId= : Stripe event recovery exhausted: eventId=evt_poison_17 traceId=7e42642d-4d1a-4f04-8ec1-e3d1f73c8a90
2026-10-05T10:15:10.352+02:00 WARN  [main] c.a.c.p.application.PaymentRetryPolicy traceId=a857b859-da52-4151-9e8a-948053dcb517 clubId= accountId= : Stripe event recovery exhausted: eventId=evt_poison_18 traceId=a857b859-[redacted]
2026-10-05T10:15:10.356+02:00 WARN  [main] c.a.c.p.application.PaymentRetryPolicy traceId=3be90073-b872-4fa3-8bac-2694ebbf0f69 clubId= accountId= : Stripe event recovery exhausted: eventId=evt_poison_19 traceId=3be90073-b872-4fa3-8bac-2694ebbf0f69
2026-10-05T10:15:10.361+02:00 WARN  [main] c.a.c.p.application.PaymentRetryPolicy traceId=1dec69c7-3282-4777-bdd1-06c730bcabe6 clubId= accountId= : Stripe event recovery exhausted: eventId=evt_poison_20 traceId=1dec69c7-3282-4777-bdd1-06c730bcabe6
2026-10-05T10:15:10.365+02:00 WARN  [main] c.a.c.p.application.PaymentRetryPolicy traceId=c6621526-e5f5-4f6f-aa11-c743dcb81f99 clubId= accountId= : Stripe event recovery exhausted: eventId=evt_poison_21 traceId=c6621526-e5f5-4f6f-[redacted]
2026-10-05T10:15:10.370+02:00 WARN  [main] c.a.c.p.application.PaymentRetryPolicy traceId=93487bcc-a518-4058-b874-536136311bce clubId= accountId= : Stripe event recovery exhausted: eventId=evt_poison_22 traceId=93487bcc-a518-4058-b874-536136311bce
2026-10-05T10:15:10.374+02:00 WARN  [main] c.a.c.p.application.PaymentRetryPolicy traceId=d8eaed69-cef5-4a7f-afeb-dae244160b25 clubId= accountId= : Stripe event recovery exhausted: eventId=evt_poison_23 traceId=d8eaed69-cef5-4a7f-afeb-dae244160b25
2026-10-05T10:15:10.379+02:00 WARN  [main] c.a.c.p.application.PaymentRetryPolicy traceId=b2891e97-c2e7-49e5-a32a-243410ef304e clubId= accountId= : Stripe event recovery exhausted: eventId=evt_poison_24 traceId=b2891e97-c2e7-49e5-a32a-243410ef304e
2026-10-05T10:15:10.384+02:00 WARN  [main] c.a.c.p.application.PaymentRetryPolicy traceId=6607c63e-ab31-48a0-b725-e0569e44e6e6 clubId= accountId= : Stripe event recovery exhausted: eventId=evt_poison_25 traceId=6607c63e-[redacted]
2026-10-05T10:15:10.389+02:00 WARN  [main] c.a.c.p.application.PaymentRetryPolicy traceId=017f9fa2-3215-4b91-87e0-6a61f429952f clubId= accountId= : Stripe event recovery exhausted: eventId=evt_poison_26 traceId=017f9fa2-3215-4b91-87e0-6a61f429952f
2026-10-05T10:15:10.395+02:00 WARN  [main] c.a.c.p.application.PaymentRetryPolicy traceId=2cc3a4cd-8270-4106-85a5-405cd0774681 clubId= accountId= : Stripe event recovery exhausted: eventId=evt_poison_27 traceId=2cc3a4cd-8270-4106-85a5-405cd0774681
2026-10-05T10:15:10.400+02:00 WARN  [main] c.a.c.p.application.PaymentRetryPolicy traceId=20d24382-9917-405c-80de-3a38c7192a09 clubId= accountId= : Stripe event recovery exhausted: eventId=evt_poison_28 traceId=20d24382-9917-405c-80de-3a38c7192a09
2026-10-05T10:15:10.405+02:00 WARN  [main] c.a.c.p.application.PaymentRetryPolicy traceId=a49e40b3-5d28-49ce-bb0e-60c876b3ccc5 clubId= accountId= : Stripe event recovery exhausted: eventId=evt_poison_29 traceId=a49e40b3-5d28-49ce-bb0e-60c876b3ccc5
2026-10-05T10:15:10.410+02:00 WARN  [main] c.a.c.p.application.PaymentRetryPolicy traceId=b2dc0292-a17b-4a9f-b8ab-bf4c3c83584d clubId= accountId= : Stripe event recovery exhausted: eventId=evt_poison_30 traceId=b2dc0292-a17b-4a9f-b8ab-bf4c3c83584d
2026-10-05T10:15:10.415+02:00 WARN  [main] c.a.c.p.application.PaymentRetryPolicy traceId=a4ef6b33-8262-45be-921f-9b4d5263f2a3 clubId= accountId= : Stripe event recovery exhausted: eventId=evt_poison_31 traceId=a4ef6b33-8262-45be-921f-9b4d5263f2a3
2026-10-05T10:15:10.420+02:00 WARN  [main] c.a.c.p.application.PaymentRetryPolicy traceId=c4529019-5cfd-4bd3-a694-67062136e156 clubId= accountId= : Stripe event recovery exhausted: eventId=evt_poison_32 traceId=c4529019-5cfd-4bd3-a694-67062136e156
2026-10-05T10:15:10.424+02:00 WARN  [main] c.a.c.p.application.PaymentRetryPolicy traceId=1945d113-fb61-40da-b61c-4c7013dab47a clubId= accountId= : Stripe event recovery exhausted: eventId=evt_poison_33 traceId=1945d113-[redacted]
2026-10-05T10:15:10.428+02:00 WARN  [main] c.a.c.p.application.PaymentRetryPolicy traceId=b3c0ca20-da26-47b2-9917-78dc2d281e7c clubId= accountId= : Stripe event recovery exhausted: eventId=evt_poison_34 traceId=b3c0ca20-[redacted]
2026-10-05T10:15:10.433+02:00 WARN  [main] c.a.c.p.application.PaymentRetryPolicy traceId=ecb5e70e-464f-4e34-a2f4-195992c4445f clubId= accountId= : Stripe event recovery exhausted: eventId=evt_poison_35 traceId=ecb5e70e-464f-4e34-a2f4-195992c4445f
2026-10-05T10:15:10.438+02:00 WARN  [main] c.a.c.p.application.PaymentRetryPolicy traceId=28727845-d599-44c8-898c-8645d371b3a5 clubId= accountId= : Stripe event recovery exhausted: eventId=evt_poison_36 traceId=28727845-d599-44c8-898c-8645d371b3a5
2026-10-05T10:15:10.442+02:00 WARN  [main] c.a.c.p.application.PaymentRetryPolicy traceId=9f68de0b-fa8a-4ebb-98f5-84b3ba5c0904 clubId= accountId= : Stripe event recovery exhausted: eventId=evt_poison_37 traceId=9f68de0b-fa8a-4ebb-98f5-84b3ba5c0904
2026-10-05T10:15:10.447+02:00 WARN  [main] c.a.c.p.application.PaymentRetryPolicy traceId=e48dfc64-4f3a-4ac2-bb59-1edf3491c8fe clubId= accountId= : Stripe event recovery exhausted: eventId=evt_poison_38 traceId=e48dfc64-4f3a-4ac2-[redacted]
2026-10-05T10:15:10.451+02:00 WARN  [main] c.a.c.p.application.PaymentRetryPolicy traceId=a4f26d1c-c106-4be7-a040-453a367b1e09 clubId= accountId= : Stripe event recovery exhausted: eventId=evt_poison_39 traceId=a4f26d1c-c106-4be7-a040-453a367b1e09
2026-10-05T10:15:10.456+02:00 WARN  [main] c.a.c.p.application.PaymentRetryPolicy traceId=d3fc216d-6582-4c3b-afeb-5358b52a6f80 clubId= accountId= : Stripe event recovery exhausted: eventId=evt_poison_40 traceId=d3fc216d-6582-4c3b-afeb-5358b52a6f80
2026-10-05T10:15:10.460+02:00 WARN  [main] c.a.c.p.application.PaymentRetryPolicy traceId=6c58a019-cda9-43e5-983e-da97fe7c3c63 clubId= accountId= : Stripe event recovery exhausted: eventId=evt_poison_41 traceId=6c58a019-cda9-43e5-983e-da97fe7c3c63
2026-10-05T10:15:10.466+02:00 WARN  [main] c.a.c.p.application.PaymentRetryPolicy traceId=463152d7-830e-489c-8c27-e5b79dcbe25e clubId= accountId= : Stripe event recovery exhausted: eventId=evt_poison_42 traceId=463152d7-830e-489c-8c27-e5b79dcbe25e
2026-10-05T10:15:10.470+02:00 WARN  [main] c.a.c.p.application.PaymentRetryPolicy traceId=eb4c6597-a16b-4cbc-8edf-e23bb714493d clubId= accountId= : Stripe event recovery exhausted: eventId=evt_poison_43 traceId=eb4c6597-a16b-4cbc-8edf-e23bb714493d
2026-10-05T10:15:10.475+02:00 WARN  [main] c.a.c.p.application.PaymentRetryPolicy traceId=e777bc4e-23b5-4356-aed5-0ddd9a0cdba9 clubId= accountId= : Stripe event recovery exhausted: eventId=evt_poison_44 traceId=e777bc4e-23b5-4356-aed5-0ddd9a0cdba9
2026-10-05T10:15:10.479+02:00 WARN  [main] c.a.c.p.application.PaymentRetryPolicy traceId=fa4bb790-1232-4142-a0ed-7e7cffebcebe clubId= accountId= : Stripe event recovery exhausted: eventId=evt_poison_45 traceId=fa4bb790-1232-4142-a0ed-7e7cffebcebe
2026-10-05T10:15:10.483+02:00 WARN  [main] c.a.c.p.application.PaymentRetryPolicy traceId=15db6545-318e-405e-a183-c81930ad0eee clubId= accountId= : Stripe event recovery exhausted: eventId=evt_poison_46 traceId=15db6545-318e-405e-a183-c81930ad0eee
2026-10-05T10:15:10.489+02:00 WARN  [main] c.a.c.p.application.PaymentRetryPolicy traceId=07a7a5de-65bf-48da-9fb4-ece77d790a3b clubId= accountId= : Stripe event recovery exhausted: eventId=evt_poison_47 traceId=07a7a5de-65bf-48da-9fb4-ece77d790a3b
2026-10-05T10:15:10.493+02:00 WARN  [main] c.a.c.p.application.PaymentRetryPolicy traceId=0893a343-0068-478b-9119-f66253ecf71b clubId= accountId= : Stripe event recovery exhausted: eventId=evt_poison_48 traceId=0893a343-0068-478b-9119-f66253ecf71b
2026-10-05T10:15:10.498+02:00 WARN  [main] c.a.c.p.application.PaymentRetryPolicy traceId=8f3f2b53-63bb-4de0-90d3-4ea064fbd811 clubId= accountId= : Stripe event recovery exhausted: eventId=evt_poison_49 traceId=8f3f2b53-63bb-4de0-90d3-4ea064fbd811
2026-10-05T10:15:10.503+02:00 WARN  [main] c.a.c.p.application.PaymentRetryPolicy traceId=30ff833b-301c-4321-8a96-36b3a9907606 clubId= accountId= : Stripe event recovery exhausted: eventId=evt_poison_50 traceId=30ff833b-301c-4321-8a96-36b3a9907606
2026-10-05T10:15:10.507+02:00 WARN  [main] c.a.c.p.application.PaymentRetryPolicy traceId=6379a342-4f5b-480c-8b41-03e0b2c3fb60 clubId= accountId= : Stripe event recovery exhausted: eventId=evt_poison_51 traceId=6379a342-4f5b-480c-8b41-03e0b2c3fb60
2026-10-05T10:15:10.512+02:00 WARN  [main] c.a.c.p.application.PaymentRetryPolicy traceId=0e9cad36-0518-4840-8ddc-0b51eb2c4111 clubId= accountId= : Stripe event recovery exhausted: eventId=evt_poison_52 traceId=0e9cad36-0518-4840-8ddc-0b51eb2c4111
2026-10-05T10:15:10.516+02:00 WARN  [main] c.a.c.p.application.PaymentRetryPolicy traceId=3cef65c1-cd3b-496b-b527-cb91e61d2b3f clubId= accountId= : Stripe event recovery exhausted: eventId=evt_poison_53 traceId=3cef65c1-cd3b-496b-b527-cb91e61d2b3f
2026-10-05T10:15:10.521+02:00 WARN  [main] c.a.c.p.application.PaymentRetryPolicy traceId=71d152f7-3a2b-4036-bc6b-0492f2dd8ee8 clubId= accountId= : Stripe event recovery exhausted: eventId=evt_poison_54 traceId=71d152f7-3a2b-4036-bc6b-0492f2dd8ee8
2026-10-05T10:15:10.525+02:00 WARN  [main] c.a.c.p.application.PaymentRetryPolicy traceId=9c4a3628-c7d6-49a1-ab65-3d6f88cf5bd7 clubId= accountId= : Stripe event recovery exhausted: eventId=evt_poison_55 traceId=9c4a3628-c7d6-49a1-[redacted]
2026-10-05T10:15:10.530+02:00 WARN  [main] c.a.c.p.application.PaymentRetryPolicy traceId=35fef9fd-83d7-4306-953a-763ce309335e clubId= accountId= : Stripe event recovery exhausted: eventId=evt_poison_56 traceId=35fef9fd-83d7-4306-953a-763ce309335e
2026-10-05T10:15:10.534+02:00 WARN  [main] c.a.c.p.application.PaymentRetryPolicy traceId=5f5a04fb-de1b-418b-b7fc-1c3fb00aea2b clubId= accountId= : Stripe event recovery exhausted: eventId=evt_poison_57 traceId=5f5a04fb-de1b-418b-b7fc-1c3fb00aea2b
2026-10-05T10:15:10.539+02:00 WARN  [main] c.a.c.p.application.PaymentRetryPolicy traceId=74743ea9-d71b-410b-bd5b-e8ff0fcb73c1 clubId= accountId= : Stripe event recovery exhausted: eventId=evt_poison_58 traceId=74743ea9-d71b-410b-bd5b-e8ff0fcb73c1
2026-10-05T10:15:10.544+02:00 WARN  [main] c.a.c.p.application.PaymentRetryPolicy traceId=8419aef5-a0b3-4118-9a12-489f143e7910 clubId= accountId= : Stripe event recovery exhausted: eventId=evt_poison_59 traceId=8419aef5-a0b3-4118-9a12-489f143e7910
2026-10-05T10:15:10.548+02:00 WARN  [main] c.a.c.p.application.PaymentRetryPolicy traceId=a4d9f218-a3e9-4b53-a9ec-a5400c4fa234 clubId= accountId= : Stripe event recovery exhausted: eventId=evt_poison_60 traceId=a4d9f218-a3e9-4b53-a9ec-a5400c4fa234
2026-10-05T10:15:10.552+02:00 WARN  [main] c.a.c.p.application.PaymentRetryPolicy traceId=b7b65dc6-ab4d-4b4d-85bb-33a87731c176 clubId= accountId= : Stripe event recovery exhausted: eventId=evt_poison_61 traceId=b7b65dc6-ab4d-4b4d-85bb-33a87731c176
2026-10-05T10:15:10.557+02:00 WARN  [main] c.a.c.p.application.PaymentRetryPolicy traceId=f7666b66-627b-4e46-aa4e-7e0d04806c1d clubId= accountId= : Stripe event recovery exhausted: eventId=evt_poison_62 traceId=f7666b66-627b-4e46-aa4e-7e0d04806c1d
2026-10-05T10:15:10.562+02:00 WARN  [main] c.a.c.p.application.PaymentRetryPolicy traceId=6f75ddd1-72a5-4f49-b297-0ac7fbfb50cd clubId= accountId= : Stripe event recovery exhausted: eventId=evt_poison_63 traceId=6f75ddd1-72a5-4f49-b297-0ac7fbfb50cd
2026-10-05T10:15:10.566+02:00 WARN  [main] c.a.c.p.application.PaymentRetryPolicy traceId=639c2495-c2db-40e1-97c0-299f3b58f8e1 clubId= accountId= : Stripe event recovery exhausted: eventId=evt_poison_64 traceId=639c2495-c2db-40e1-97c0-299f3b58f8e1
2026-10-05T10:15:10.571+02:00 WARN  [main] c.a.c.p.application.PaymentRetryPolicy traceId=66cf3aec-53d6-492b-a23f-accf76a1b9ab clubId= accountId= : Stripe event recovery exhausted: eventId=evt_poison_65 traceId=66cf3aec-53d6-492b-a23f-accf76a1b9ab
2026-10-05T10:15:10.575+02:00 WARN  [main] c.a.c.p.application.PaymentRetryPolicy traceId=72ce06d7-f9c4-4a3f-86c1-b1e8cca84a70 clubId= accountId= : Stripe event recovery exhausted: eventId=evt_poison_66 traceId=72ce06d7-f9c4-4a3f-86c1-b1e8cca84a70
2026-10-05T10:15:10.578+02:00 WARN  [main] c.a.c.p.application.PaymentRetryPolicy traceId=ab508e95-e991-46ad-bd35-f6c8c4f76c97 clubId= accountId= : Stripe event recovery exhausted: eventId=evt_poison_67 traceId=[redacted]
2026-10-05T10:15:10.583+02:00 WARN  [main] c.a.c.p.application.PaymentRetryPolicy traceId=8e851f80-112d-4c66-864e-9cb661740042 clubId= accountId= : Stripe event recovery exhausted: eventId=evt_poison_68 traceId=8e851f80-112d-4c66-864e-9cb661740042
2026-10-05T10:15:10.586+02:00 WARN  [main] c.a.c.p.application.PaymentRetryPolicy traceId=61cda31c-e731-49ed-ace0-1585208574a2 clubId= accountId= : Stripe event recovery exhausted: eventId=evt_poison_69 traceId=61cda31c-e731-49ed-ace0-1585208574a2
2026-10-05T10:15:10.590+02:00 WARN  [main] c.a.c.p.application.PaymentRetryPolicy traceId=f86ea530-e8d2-48de-ad4c-5c20ff3032c2 clubId= accountId= : Stripe event recovery exhausted: eventId=evt_poison_70 traceId=f86ea530-e8d2-48de-ad4c-5c20ff3032c2
2026-10-05T10:15:10.594+02:00 WARN  [main] c.a.c.p.application.PaymentRetryPolicy traceId=aacb8a94-a9db-4916-bea3-0ba25f97f6c2 clubId= accountId= : Stripe event recovery exhausted: eventId=evt_poison_71 traceId=aacb8a94-a9db-4916-bea3-0ba25f97f6c2
2026-10-05T10:15:10.598+02:00 WARN  [main] c.a.c.p.application.PaymentRetryPolicy traceId=8a8ca9aa-028e-4e15-b01f-22612b998a2f clubId= accountId= : Stripe event recovery exhausted: eventId=evt_poison_72 traceId=8a8ca9aa-028e-4e15-b01f-22612b998a2f
2026-10-05T10:15:10.602+02:00 WARN  [main] c.a.c.p.application.PaymentRetryPolicy traceId=e68f894d-1dbb-4ed2-84bc-e58058a2a49e clubId= accountId= : Stripe event recovery exhausted: eventId=evt_poison_73 traceId=e68f894d-1dbb-4ed2-84bc-e58058a2a49e
2026-10-05T10:15:10.606+02:00 WARN  [main] c.a.c.p.application.PaymentRetryPolicy traceId=4cd2ae69-7b99-4bef-9336-c2a6546a822d clubId= accountId= : Stripe event recovery exhausted: eventId=evt_poison_74 traceId=4cd2ae69-7b99-4bef-9336-c2a6546a822d
2026-10-05T10:15:10.610+02:00 WARN  [main] c.a.c.p.application.PaymentRetryPolicy traceId=a5b3cf35-21e3-4809-92ee-af3dcd135abb clubId= accountId= : Stripe event recovery exhausted: eventId=evt_poison_75 traceId=a5b3cf35-21e3-4809-92ee-af3dcd135abb
2026-10-05T10:15:10.614+02:00 WARN  [main] c.a.c.p.application.PaymentRetryPolicy traceId=d6cf3af9-3421-49fe-9ece-e462ab994ee8 clubId= accountId= : Stripe event recovery exhausted: eventId=evt_poison_76 traceId=d6cf3af9-3421-49fe-9ece-e462ab994ee8
2026-10-05T10:15:10.618+02:00 WARN  [main] c.a.c.p.application.PaymentRetryPolicy traceId=be8419a7-0f29-4ec1-a704-4373a1fda5cc clubId= accountId= : Stripe event recovery exhausted: eventId=evt_poison_77 traceId=[redacted]
2026-10-05T10:15:10.622+02:00 WARN  [main] c.a.c.p.application.PaymentRetryPolicy traceId=5408c8e7-f226-4e35-b8a6-0b416e7547a3 clubId= accountId= : Stripe event recovery exhausted: eventId=evt_poison_78 traceId=5408c8e7-f226-4e35-b8a6-0b416e7547a3
2026-10-05T10:15:10.626+02:00 WARN  [main] c.a.c.p.application.PaymentRetryPolicy traceId=12ef5674-1cce-4755-94d4-640ee6f77845 clubId= accountId= : Stripe event recovery exhausted: eventId=evt_poison_79 traceId=12ef5674-1cce-4755-94d4-640ee6f77845
2026-10-05T10:15:10.629+02:00 WARN  [main] c.a.c.p.application.PaymentRetryPolicy traceId=e2edad77-7dbd-45c4-89d1-7be731630458 clubId= accountId= : Stripe event recovery exhausted: eventId=evt_poison_80 traceId=e2edad77-7dbd-45c4-89d1-7be731630458
2026-10-05T10:15:10.632+02:00 WARN  [main] c.a.c.p.application.PaymentRetryPolicy traceId=b0d43a72-889f-47d3-bbd8-6c6c38fd7a6b clubId= accountId= : Stripe event recovery exhausted: eventId=evt_poison_81 traceId=b0d43a72-889f-47d3-bbd8-6c6c38fd7a6b
2026-10-05T10:15:10.636+02:00 WARN  [main] c.a.c.p.application.PaymentRetryPolicy traceId=1b5bcb44-5cd5-422e-8d0b-aac3fab7462b clubId= accountId= : Stripe event recovery exhausted: eventId=evt_poison_82 traceId=1b5bcb44-5cd5-422e-8d0b-aac3fab7462b
2026-10-05T10:15:10.640+02:00 WARN  [main] c.a.c.p.application.PaymentRetryPolicy traceId=2271f72f-f52a-498e-aeb2-6727c19e7d70 clubId= accountId= : Stripe event recovery exhausted: eventId=evt_poison_83 traceId=2271f72f-f52a-498e-aeb2-6727c19e7d70
2026-10-05T10:15:10.644+02:00 WARN  [main] c.a.c.p.application.PaymentRetryPolicy traceId=92353fad-77b4-4013-b353-529f322c6d5b clubId= accountId= : Stripe event recovery exhausted: eventId=evt_poison_84 traceId=92353fad-77b4-4013-b353-529f322c6d5b
2026-10-05T10:15:10.648+02:00 WARN  [main] c.a.c.p.application.PaymentRetryPolicy traceId=e8289348-3a0e-47ec-ab9e-c22ef112a54d clubId= accountId= : Stripe event recovery exhausted: eventId=evt_poison_85 traceId=e8289348-3a0e-47ec-ab9e-c22ef112a54d
2026-10-05T10:15:10.651+02:00 WARN  [main] c.a.c.p.application.PaymentRetryPolicy traceId=ef4c240c-d6df-4d28-88ee-58783f094db8 clubId= accountId= : Stripe event recovery exhausted: eventId=evt_poison_86 traceId=ef4c240c-d6df-4d28-88ee-58783f094db8
2026-10-05T10:15:10.655+02:00 WARN  [main] c.a.c.p.application.PaymentRetryPolicy traceId=a30f8c8d-bdf0-4412-8a79-086b6637912f clubId= accountId= : Stripe event recovery exhausted: eventId=evt_poison_87 traceId=a30f8c8d-bdf0-4412-8a79-086b6637912f
2026-10-05T10:15:10.658+02:00 WARN  [main] c.a.c.p.application.PaymentRetryPolicy traceId=892ebf88-2f2a-4993-b39f-2d2e22b92ba0 clubId= accountId= : Stripe event recovery exhausted: eventId=evt_poison_88 traceId=892ebf88-2f2a-4993-b39f-2d2e22b92ba0
2026-10-05T10:15:10.663+02:00 WARN  [main] c.a.c.p.application.PaymentRetryPolicy traceId=35631e87-5eb1-4300-b5e0-bbf002491270 clubId= accountId= : Stripe event recovery exhausted: eventId=evt_poison_89 traceId=35631e87-5eb1-4300-b5e0-bbf002491270
2026-10-05T10:15:10.667+02:00 WARN  [main] c.a.c.p.application.PaymentRetryPolicy traceId=8d9a8f79-3296-452c-8a66-3de349a08a35 clubId= accountId= : Stripe event recovery exhausted: eventId=evt_poison_90 traceId=8d9a8f79-3296-452c-8a66-3de349a08a35
2026-10-05T10:15:10.672+02:00 WARN  [main] c.a.c.p.application.PaymentRetryPolicy traceId=bbf1815d-8922-4379-bc2b-28184a7c019b clubId= accountId= : Stripe event recovery exhausted: eventId=evt_poison_91 traceId=bbf1815d-8922-4379-bc2b-28184a7c019b
2026-10-05T10:15:10.676+02:00 WARN  [main] c.a.c.p.application.PaymentRetryPolicy traceId=576bcff7-7cbd-4ad2-a340-c8c6cf7ef189 clubId= accountId= : Stripe event recovery exhausted: eventId=evt_poison_92 traceId=576bcff7-7cbd-4ad2-a340-c8c6cf7ef189
2026-10-05T10:15:10.680+02:00 WARN  [main] c.a.c.p.application.PaymentRetryPolicy traceId=ded784ab-8e97-42d6-a8d9-5f4eea30f4b9 clubId= accountId= : Stripe event recovery exhausted: eventId=evt_poison_93 traceId=ded784ab-8e97-42d6-a8d9-5f4eea30f4b9
2026-10-05T10:15:10.684+02:00 WARN  [main] c.a.c.p.application.PaymentRetryPolicy traceId=05eee124-404f-4225-b324-fd2b6a0065ea clubId= accountId= : Stripe event recovery exhausted: eventId=evt_poison_94 traceId=05eee124-404f-4225-b324-fd2b6a0065ea
2026-10-05T10:15:10.689+02:00 WARN  [main] c.a.c.p.application.PaymentRetryPolicy traceId=a841a671-af61-4972-b309-67bf01cf840f clubId= accountId= : Stripe event recovery exhausted: eventId=evt_poison_95 traceId=a841a671-[redacted]
2026-10-05T10:15:10.693+02:00 WARN  [main] c.a.c.p.application.PaymentRetryPolicy traceId=701f84cd-c0b0-4469-a8f7-143be13e37c7 clubId= accountId= : Stripe event recovery exhausted: eventId=evt_poison_96 traceId=701f84cd-c0b0-4469-a8f7-143be13e37c7
2026-10-05T10:15:10.697+02:00 WARN  [main] c.a.c.p.application.PaymentRetryPolicy traceId=d309bca1-0c38-46ff-b860-b9d9a307b623 clubId= accountId= : Stripe event recovery exhausted: eventId=evt_poison_97 traceId=d309bca1-0c38-46ff-b860-b9d9a307b623
2026-10-05T10:15:10.701+02:00 WARN  [main] c.a.c.p.application.PaymentRetryPolicy traceId=05ec7ea0-1f14-49d3-bcb1-5af03e6cdce7 clubId= accountId= : Stripe event recovery exhausted: eventId=evt_poison_98 traceId=05ec7ea0-1f14-49d3-bcb1-5af03e6cdce7
2026-10-05T10:15:10.705+02:00 WARN  [main] c.a.c.p.application.PaymentRetryPolicy traceId=c61634ee-0995-48c5-844f-881277bc8a9c clubId= accountId= : Stripe event recovery exhausted: eventId=evt_poison_99 traceId=c61634ee-0995-48c5-844f-881277bc8a9c
2026-10-05T10:15:10.709+02:00 WARN  [main] c.a.c.p.application.PaymentRetryPolicy traceId=f2e31d0a-7d29-4c54-aea6-9ff8fb40530d clubId= accountId= : Payment operation recovery exhausted: eventId=poison_100 traceId=f2e31d0a-7d29-4c54-aea6-9ff8fb40530d
2026-10-05T10:15:10.712+02:00 WARN  [main] c.a.c.p.application.PaymentRetryPolicy traceId=185c1bb6-3b4d-498d-b64b-5a55601472a3 clubId= accountId= : Stripe event recovery exhausted: eventId=evt_poison_100 traceId=185c1bb6-3b4d-498d-b64b-5a55601472a3
E5-T07 outbox backlog discarded before CardPaymentsIT: 103 PENDING records (more than one dispatch() batch)
