19:22:01.442 [main] INFO org.springframework.test.context.support.AnnotationConfigContextLoaderUtils -- Could not detect default configuration classes for test class [com.agilityhub.core.clubs.census.api.SignupPaymentMethodsIT]: SignupPaymentMethodsIT does not declare any static, non-private, non-final, nested classes annotated with @Configuration.
19:22:01.547 [main] INFO org.springframework.boot.test.context.SpringBootTestContextBootstrapper -- Found @SpringBootConfiguration com.agilityhub.core.CoreApplication for test class com.agilityhub.core.clubs.census.api.SignupPaymentMethodsIT
19:22:01.593 [main] INFO org.testcontainers.images.PullPolicy -- Image pull policy will be performed by: DefaultPullPolicy()
19:22:01.594 [main] INFO org.testcontainers.utility.ImageNameSubstitutor -- Image name substitution will be performed by: DefaultImageNameSubstitutor (composite of 'ConfigurationFileImageNameSubstitutor' and 'PrefixingImageNameSubstitutor')
19:22:01.596 [main] INFO org.testcontainers.DockerClientFactory -- Testcontainers version: 1.21.4
19:22:01.670 [main] INFO org.testcontainers.dockerclient.DockerClientProviderStrategy -- Loaded org.testcontainers.dockerclient.UnixSocketClientProviderStrategy from ~/.testcontainers.properties, will try it first
19:22:01.788 [main] INFO org.testcontainers.dockerclient.DockerClientProviderStrategy -- Found Docker environment with local Unix socket (unix:///var/run/docker.sock)
19:22:01.789 [main] INFO org.testcontainers.DockerClientFactory -- Docker host IP address is localhost
19:22:01.800 [main] INFO org.testcontainers.DockerClientFactory -- Connected to docker: 
  Server Version: 29.7.2
  API Version: 1.55
  Operating System: Docker Desktop
  Total Memory: 7931 MB
  Labels: 
    com.docker.desktop.address=unix:///Users/jordib/Library/Containers/com.docker.docker/Data/docker-cli.sock
19:22:01.932 [main] INFO tc.testcontainers/ryuk:0.12.0 -- Creating container for image: testcontainers/ryuk:0.12.0
19:22:02.041 [main] INFO org.testcontainers.utility.RegistryAuthLocator -- Credential helper/store (docker-credential-desktop) does not have credentials for https://index.docker.io/v1/
19:22:02.099 [main] INFO tc.testcontainers/ryuk:0.12.0 -- Container testcontainers/ryuk:0.12.0 is starting: a36663ca6d9285d2a105f1ca1555efb21a5f4b2f162242cf6eb6aa073e67e7c3
19:22:02.274 [main] INFO tc.testcontainers/ryuk:0.12.0 -- Container testcontainers/ryuk:0.12.0 started in PT0.342044S
19:22:02.277 [main] INFO org.testcontainers.utility.RyukResourceReaper -- Ryuk started - will monitor and terminate Testcontainers containers on JVM exit
19:22:02.277 [main] INFO org.testcontainers.DockerClientFactory -- Checking the system...
19:22:02.277 [main] INFO org.testcontainers.DockerClientFactory -- ✔︎ Docker server version should be at least 1.6.0
19:22:02.277 [main] INFO tc.mongo:7 -- Creating container for image: mongo:7
19:22:02.317 [main] INFO tc.mongo:7 -- Container mongo:7 is starting: ed704c8b24111f83cfff477c74ce1e5910b04b8f911b5cfa103469057a07b93a
19:22:03.012 [main] INFO tc.mongo:7 -- Container mongo:7 started in PT0.734554S
Integration JVM availableProcessors=18

  .   ____          _            __ _ _
 /\\ / ___'_ __ _ _(_)_ __  __ _ \ \ \ \
( ( )\___ | '_ | '_| | '_ \/ _` | \ \ \ \
 \\/  ___)| |_)| | | | | || (_| |  ) ) ) )
  '  |____| .__|_| |_|_| |_\__, | / / / /
 =========|_|==============|___/=/_/_/_/

 :: Spring Boot ::               (v3.5.16)

2026-09-25T19:22:03.797+02:00  INFO 30030 --- [agilityhub-core-api] [           main] c.a.c.c.c.api.SignupPaymentMethodsIT     : Starting SignupPaymentMethodsIT using Java 21.0.12.1 with PID 30030 (started by jordib in /Users/jordib/dev/agilityhub/agilityhub-core-api)
2026-09-25T19:22:03.797+02:00  INFO 30030 --- [agilityhub-core-api] [           main] c.a.c.c.c.api.SignupPaymentMethodsIT     : The following 1 profile is active: "test"
2026-09-25T19:22:04.346+02:00  INFO 30030 --- [agilityhub-core-api] [           main] .s.d.r.c.RepositoryConfigurationDelegate : Bootstrapping Spring Data MongoDB repositories in DEFAULT mode.
2026-09-25T19:22:04.379+02:00  INFO 30030 --- [agilityhub-core-api] [           main] .s.d.r.c.RepositoryConfigurationDelegate : Finished Spring Data repository scanning in 27 ms. Found 0 MongoDB repository interfaces.
2026-09-25T19:22:04.624+02:00  INFO 30030 --- [agilityhub-core-api] [           main] org.mongodb.driver.client                : MongoClient with metadata {"driver": {"name": "mongo-java-driver|sync|spring-boot", "version": "5.5.2"}, "os": {"type": "Darwin", "name": "Mac OS X", "architecture": "aarch64", "version": "26.4.1"}, "platform": "Java/Homebrew/21.0.12.1"} created with settings MongoClientSettings{readPreference=primary, writeConcern=WriteConcern{w=null, wTimeout=null ms, journal=null}, retryWrites=true, retryReads=true, readConcern=ReadConcern{level=null}, credential=null, transportSettings=null, commandListeners=[io.micrometer.core.instrument.binder.mongodb.MongoMetricsCommandListener@664083f6], codecRegistry=ProvidersCodecRegistry{codecProviders=[ValueCodecProvider{}, BsonValueCodecProvider{}, DBRefCodecProvider{}, DBObjectCodecProvider{}, DocumentCodecProvider{}, CollectionCodecProvider{}, IterableCodecProvider{}, MapCodecProvider{}, GeoJsonCodecProvider{}, GridFSFileCodecProvider{}, Jsr310CodecProvider{}, JsonObjectCodecProvider{}, BsonCodecProvider{}, EnumCodecProvider{}, com.mongodb.client.model.mql.ExpressionCodecProvider@5a8835c6, com.mongodb.Jep395RecordCodecProvider@67216c33, com.mongodb.KotlinCodecProvider@6ec77cab]}, loggerSettings=LoggerSettings{maxDocumentLength=1000}, clusterSettings={hosts=[localhost:61750], srvServiceName=mongodb, mode=SINGLE, requiredClusterType=UNKNOWN, requiredReplicaSetName='null', serverSelector='null', clusterListeners='[]', serverSelectionTimeout='30000 ms', localThreshold='15 ms'}, socketSettings=SocketSettings{connectTimeoutMS=10000, readTimeoutMS=0, receiveBufferSize=0, proxySettings=ProxySettings{host=null, port=null, username=null, password=null}}, heartbeatSocketSettings=SocketSettings{connectTimeoutMS=10000, readTimeoutMS=10000, receiveBufferSize=0, proxySettings=ProxySettings{host=null, port=null, username=null, password=null}}, connectionPoolSettings=ConnectionPoolSettings{maxSize=100, minSize=0, maxWaitTimeMS=120000, maxConnectionLifeTimeMS=0, maxConnectionIdleTimeMS=0, maintenanceInitialDelayMS=0, maintenanceFrequencyMS=60000, connectionPoolListeners=[io.micrometer.core.instrument.binder.mongodb.MongoMetricsConnectionPoolListener@c7a1db6], maxConnecting=2}, serverSettings=ServerSettings{heartbeatFrequencyMS=10000, minHeartbeatFrequencyMS=500, serverMonitoringMode=AUTO, serverListeners='[]', serverMonitorListeners='[]'}, sslSettings=SslSettings{enabled=false, invalidHostNameAllowed=false, context=null}, applicationName='null', compressorList=[], uuidRepresentation=JAVA_LEGACY, serverApi=null, autoEncryptionSettings=null, dnsClient=null, inetAddressResolver=null, contextProvider=null, timeoutMS=null}
2026-09-25T19:22:04.628+02:00  INFO 30030 --- [agilityhub-core-api] [localhost:61750] org.mongodb.driver.cluster               : Monitor thread successfully connected to server with description ServerDescription{address=localhost:61750, type=REPLICA_SET_PRIMARY, cryptd=false, state=CONNECTED, ok=true, minWireVersion=0, maxWireVersion=21, maxDocumentSize=16777216, logicalSessionTimeoutMinutes=30, roundTripTimeNanos=6710417, minRoundTripTimeNanos=0, setName='docker-rs', canonicalAddress=ed704c8b2411:27017, hosts=[ed704c8b2411:27017], passives=[], arbiters=[], primary='ed704c8b2411:27017', tagSet=TagSet{[]}, electionId=7fffffff0000000000000001, setVersion=1, topologyVersion=TopologyVersion{processId=6ab6adba90d0f9ca889d634a, counter=6}, lastWriteDate=Fri Sep 25 19:22:03 CEST 2026, lastUpdateTimeNanos=162858697068250}
2026-09-25T19:22:06.705+02:00  INFO 30030 --- [agilityhub-core-api] [           main] o.s.b.t.m.w.SpringBootMockServletContext : Initializing Spring TestDispatcherServlet ''
2026-09-25T19:22:06.705+02:00  INFO 30030 --- [agilityhub-core-api] [           main] o.s.t.web.servlet.TestDispatcherServlet  : Initializing Servlet ''
2026-09-25T19:22:06.705+02:00  INFO 30030 --- [agilityhub-core-api] [           main] o.s.t.web.servlet.TestDispatcherServlet  : Completed initialization in 0 ms
2026-09-25T19:22:06.726+02:00  INFO 30030 --- [agilityhub-core-api] [           main] c.a.c.c.c.api.SignupPaymentMethodsIT     : Started SignupPaymentMethodsIT in 3.044 seconds (process running for 5.543)
Mockito is currently self-attaching to enable the inline-mock-maker. This will no longer work in future releases of the JDK. Please add Mockito as an agent to your build as described in Mockito's documentation: https://javadoc.io/doc/org.mockito/mockito-core/latest/org.mockito/org/mockito/Mockito.html#0.3
WARNING: A Java agent has been loaded dynamically (/Users/jordib/.m2/repository/net/bytebuddy/byte-buddy-agent/1.17.8/byte-buddy-agent-1.17.8.jar)
WARNING: If a serviceability tool is in use, please run with -XX:+EnableDynamicAgentLoading to hide this warning
WARNING: If a serviceability tool is not in use, please run with -Djdk.instrument.traceUsage for more information
WARNING: Dynamic loading of agents will be disallowed by default in a future release
OpenJDK 64-Bit Server VM warning: Sharing is only supported for boot loader classes because bootstrap classpath has been appended
[ERROR] Tests run: 7, Failures: 1, Errors: 0, Skipped: 0, Time elapsed: 7.189 s <<< FAILURE! -- in com.agilityhub.core.clubs.census.api.SignupPaymentMethodsIT
[ERROR] com.agilityhub.core.clubs.census.api.SignupPaymentMethodsIT.R_04_19_T_04_20_anAddDogViewListsOnlyTheCurrentMethodAndItIsNotAssignable -- Time elapsed: 0.158 s <<< FAILURE!
org.opentest4j.AssertionFailedError: 

Expecting actual:
  [{"type":"SEPA_DD","label":"Domiciliació","current":false,"assignable":true},{"type":"MANUAL","label":"Efectiu","current":true,"assignable":true}]
to contain exactly (and in same order):
  [{"current":true,"type":"MANUAL","assignable":false,"label":"Efectiu"}]
but some elements were not found:
  [{"current":true,"type":"MANUAL","assignable":false,"label":"Efectiu"}]
and others were not expected:
  [{"type":"SEPA_DD","label":"Domiciliació","current":false,"assignable":true},
    {"type":"MANUAL","label":"Efectiu","current":true,"assignable":true}]

	at com.agilityhub.core.clubs.census.api.SignupPaymentMethodsIT.R_04_19_T_04_20_anAddDogViewListsOnlyTheCurrentMethodAndItIsNotAssignable(SignupPaymentMethodsIT.java:182)
	at java.base/java.lang.reflect.Method.invoke(Method.java:580)
	at java.base/java.util.ArrayList.forEach(ArrayList.java:1596)
	at java.base/java.util.ArrayList.forEach(ArrayList.java:1596)

2026-09-25T19:22:08.605+02:00  INFO 30030 --- [agilityhub-core-api] [           main] t.c.s.AnnotationConfigContextLoaderUtils : Could not detect default configuration classes for test class [com.agilityhub.core.platform.application.definition.ClubDefinitionsIT]: ClubDefinitionsIT does not declare any static, non-private, non-final, nested classes annotated with @Configuration.
2026-09-25T19:22:08.627+02:00  INFO 30030 --- [agilityhub-core-api] [           main] .b.t.c.SpringBootTestContextBootstrapper : Found @SpringBootConfiguration com.agilityhub.core.CoreApplication for test class com.agilityhub.core.platform.application.definition.ClubDefinitionsIT

  .   ____          _            __ _ _
 /\\ / ___'_ __ _ _(_)_ __  __ _ \ \ \ \
( ( )\___ | '_ | '_| | '_ \/ _` | \ \ \ \
 \\/  ___)| |_)| | | | | || (_| |  ) ) ) )
  '  |____| .__|_| |_|_| |_\__, | / / / /
 =========|_|==============|___/=/_/_/_/

 :: Spring Boot ::               (v3.5.16)

2026-09-25T19:22:08.638+02:00  INFO 30030 --- [agilityhub-core-api] [           main] c.a.c.p.a.definition.ClubDefinitionsIT   : Starting ClubDefinitionsIT using Java 21.0.12.1 with PID 30030 (started by jordib in /Users/jordib/dev/agilityhub/agilityhub-core-api)
2026-09-25T19:22:08.638+02:00  INFO 30030 --- [agilityhub-core-api] [           main] c.a.c.p.a.definition.ClubDefinitionsIT   : The following 1 profile is active: "test"
2026-09-25T19:22:08.831+02:00  INFO 30030 --- [agilityhub-core-api] [           main] .s.d.r.c.RepositoryConfigurationDelegate : Bootstrapping Spring Data MongoDB repositories in DEFAULT mode.
2026-09-25T19:22:08.849+02:00  INFO 30030 --- [agilityhub-core-api] [           main] .s.d.r.c.RepositoryConfigurationDelegate : Finished Spring Data repository scanning in 17 ms. Found 0 MongoDB repository interfaces.
2026-09-25T19:22:08.889+02:00  INFO 30030 --- [agilityhub-core-api] [           main] org.mongodb.driver.client                : MongoClient with metadata {"driver": {"name": "mongo-java-driver|sync|spring-boot", "version": "5.5.2"}, "os": {"type": "Darwin", "name": "Mac OS X", "architecture": "aarch64", "version": "26.4.1"}, "platform": "Java/Homebrew/21.0.12.1"} created with settings MongoClientSettings{readPreference=primary, writeConcern=WriteConcern{w=null, wTimeout=null ms, journal=null}, retryWrites=true, retryReads=true, readConcern=ReadConcern{level=null}, credential=null, transportSettings=null, commandListeners=[io.micrometer.core.instrument.binder.mongodb.MongoMetricsCommandListener@763ee217], codecRegistry=ProvidersCodecRegistry{codecProviders=[ValueCodecProvider{}, BsonValueCodecProvider{}, DBRefCodecProvider{}, DBObjectCodecProvider{}, DocumentCodecProvider{}, CollectionCodecProvider{}, IterableCodecProvider{}, MapCodecProvider{}, GeoJsonCodecProvider{}, GridFSFileCodecProvider{}, Jsr310CodecProvider{}, JsonObjectCodecProvider{}, BsonCodecProvider{}, EnumCodecProvider{}, com.mongodb.client.model.mql.ExpressionCodecProvider@5a8835c6, com.mongodb.Jep395RecordCodecProvider@67216c33, com.mongodb.KotlinCodecProvider@6ec77cab]}, loggerSettings=LoggerSettings{maxDocumentLength=1000}, clusterSettings={hosts=[localhost:61750], srvServiceName=mongodb, mode=SINGLE, requiredClusterType=UNKNOWN, requiredReplicaSetName='null', serverSelector='null', clusterListeners='[]', serverSelectionTimeout='30000 ms', localThreshold='15 ms'}, socketSettings=SocketSettings{connectTimeoutMS=10000, readTimeoutMS=0, receiveBufferSize=0, proxySettings=ProxySettings{host=null, port=null, username=null, password=null}}, heartbeatSocketSettings=SocketSettings{connectTimeoutMS=10000, readTimeoutMS=10000, receiveBufferSize=0, proxySettings=ProxySettings{host=null, port=null, username=null, password=null}}, connectionPoolSettings=ConnectionPoolSettings{maxSize=100, minSize=0, maxWaitTimeMS=120000, maxConnectionLifeTimeMS=0, maxConnectionIdleTimeMS=0, maintenanceInitialDelayMS=0, maintenanceFrequencyMS=60000, connectionPoolListeners=[io.micrometer.core.instrument.binder.mongodb.MongoMetricsConnectionPoolListener@1db6813d], maxConnecting=2}, serverSettings=ServerSettings{heartbeatFrequencyMS=10000, minHeartbeatFrequencyMS=500, serverMonitoringMode=AUTO, serverListeners='[]', serverMonitorListeners='[]'}, sslSettings=SslSettings{enabled=false, invalidHostNameAllowed=false, context=null}, applicationName='null', compressorList=[], uuidRepresentation=JAVA_LEGACY, serverApi=null, autoEncryptionSettings=null, dnsClient=null, inetAddressResolver=null, contextProvider=null, timeoutMS=null}
2026-09-25T19:22:08.890+02:00  INFO 30030 --- [agilityhub-core-api] [localhost:61750] org.mongodb.driver.cluster               : Monitor thread successfully connected to server with description ServerDescription{address=localhost:61750, type=REPLICA_SET_PRIMARY, cryptd=false, state=CONNECTED, ok=true, minWireVersion=0, maxWireVersion=21, maxDocumentSize=16777216, logicalSessionTimeoutMinutes=30, roundTripTimeNanos=1716084, minRoundTripTimeNanos=0, setName='docker-rs', canonicalAddress=ed704c8b2411:27017, hosts=[ed704c8b2411:27017], passives=[], arbiters=[], primary='ed704c8b2411:27017', tagSet=TagSet{[]}, electionId=7fffffff0000000000000001, setVersion=1, topologyVersion=TopologyVersion{processId=6ab6adba90d0f9ca889d634a, counter=6}, lastWriteDate=Fri Sep 25 19:22:08 CEST 2026, lastUpdateTimeNanos=162862960311083}
2026-09-25T19:22:10.684+02:00  INFO 30030 --- [agilityhub-core-api] [           main] o.s.b.t.m.w.SpringBootMockServletContext : Initializing Spring TestDispatcherServlet ''
2026-09-25T19:22:10.684+02:00  INFO 30030 --- [agilityhub-core-api] [           main] o.s.t.web.servlet.TestDispatcherServlet  : Initializing Servlet ''
2026-09-25T19:22:10.684+02:00  INFO 30030 --- [agilityhub-core-api] [           main] o.s.t.web.servlet.TestDispatcherServlet  : Completed initialization in 0 ms
2026-09-25T19:22:10.699+02:00  INFO 30030 --- [agilityhub-core-api] [           main] c.a.c.p.a.definition.ClubDefinitionsIT   : Started ClubDefinitionsIT in 2.07 seconds (process running for 9.515)
[ERROR] Tests run: 10, Failures: 1, Errors: 0, Skipped: 0, Time elapsed: 11.58 s <<< FAILURE! -- in com.agilityhub.core.platform.application.definition.ClubDefinitionsIT
[ERROR] com.agilityhub.core.platform.application.definition.ClubDefinitionsIT.R_04_10_T_17_01_reorderingThePaymentProvidersIsAChangeAndTheOfferFollowsIt -- Time elapsed: 0.995 s <<< FAILURE!
org.opentest4j.AssertionFailedError: 

expected: 1
 but was: 0
	at com.agilityhub.core.platform.application.definition.ClubDefinitionsIT.R_04_10_T_17_01_reorderingThePaymentProvidersIsAChangeAndTheOfferFollowsIt(ClubDefinitionsIT.java:190)
	at java.base/java.lang.reflect.Method.invoke(Method.java:580)
	at java.base/java.util.ArrayList.forEach(ArrayList.java:1596)
	at java.base/java.util.ArrayList.forEach(ArrayList.java:1596)

[ERROR] Failures: 
[ERROR]   SignupPaymentMethodsIT.R_04_19_T_04_20_anAddDogViewListsOnlyTheCurrentMethodAndItIsNotAssignable:182 
Expecting actual:
  [{"type":"SEPA_DD","label":"Domiciliació","current":false,"assignable":true},{"type":"MANUAL","label":"Efectiu","current":true,"assignable":true}]
to contain exactly (and in same order):
  [{"current":true,"type":"MANUAL","assignable":false,"label":"Efectiu"}]
but some elements were not found:
  [{"current":true,"type":"MANUAL","assignable":false,"label":"Efectiu"}]
and others were not expected:
  [{"type":"SEPA_DD","label":"Domiciliació","current":false,"assignable":true},
    {"type":"MANUAL","label":"Efectiu","current":true,"assignable":true}]

[ERROR]   ClubDefinitionsIT.R_04_10_T_17_01_reorderingThePaymentProvidersIsAChangeAndTheOfferFollowsIt:190 
expected: 1
 but was: 0
[ERROR] Tests run: 17, Failures: 2, Errors: 0, Skipped: 0
[ERROR] Failed to execute goal org.apache.maven.plugins:maven-failsafe-plugin:3.5.6:verify (default) on project agilityhub-core-api: There are test failures.
[ERROR] 
[ERROR] See /Users/jordib/dev/agilityhub/agilityhub-core-api/target/failsafe-reports for the individual test results.
[ERROR] See dump files (if any exist) [date].dump, [date]-jvmRun[N].dump and [date].dumpstream.
[ERROR] -> [Help 1]
[ERROR] 
[ERROR] To see the full stack trace of the errors, re-run Maven with the -e switch.
[ERROR] Re-run Maven using the -X switch to enable full debug logging.
[ERROR] 
[ERROR] For more information about the errors and possible solutions, please read the following articles:
[ERROR] [Help 1] http://cwiki.apache.org/confluence/display/MAVEN/MojoFailureException
