heavy.sh: 16:33 waiting for the host lock, held by: 16:33 agilityhub-core-web: pnpm e2e:core E7-W03
heavy.sh: 16:48 got the host lock after 15 min 32 s
16:48:43.775 [main] INFO org.springframework.test.context.support.AnnotationConfigContextLoaderUtils -- Could not detect default configuration classes for test class [com.agilityhub.core.configuration.OpenApiSnapshotTest]: OpenApiSnapshotTest does not declare any static, non-private, non-final, nested classes annotated with @Configuration.
16:48:43.962 [main] INFO org.springframework.boot.test.context.SpringBootTestContextBootstrapper -- Found @SpringBootConfiguration com.agilityhub.core.CoreApplication for test class com.agilityhub.core.configuration.OpenApiSnapshotTest
16:48:44.089 [main] INFO org.testcontainers.images.PullPolicy -- Image pull policy will be performed by: DefaultPullPolicy()
16:48:44.091 [main] INFO org.testcontainers.utility.ImageNameSubstitutor -- Image name substitution will be performed by: DefaultImageNameSubstitutor (composite of 'ConfigurationFileImageNameSubstitutor' and 'PrefixingImageNameSubstitutor')
16:48:44.098 [main] INFO org.testcontainers.DockerClientFactory -- Testcontainers version: 1.21.4
16:48:44.331 [main] INFO org.testcontainers.dockerclient.DockerClientProviderStrategy -- Loaded org.testcontainers.dockerclient.UnixSocketClientProviderStrategy from ~/.testcontainers.properties, will try it first
16:48:44.559 [main] INFO org.testcontainers.dockerclient.DockerClientProviderStrategy -- Found Docker environment with local Unix socket (unix:///var/run/docker.sock)
16:48:44.560 [main] INFO org.testcontainers.DockerClientFactory -- Docker host IP address is localhost
16:48:44.573 [main] INFO org.testcontainers.DockerClientFactory -- Connected to docker: 
  Server Version: 29.7.2
  API Version: 1.55
  Operating System: Docker Desktop
  Total Memory: 7931 MB
  Labels: 
    com.docker.desktop.address=unix:///Users/jordib/Library/Containers/com.docker.docker/Data/docker-cli.sock
16:48:44.894 [main] INFO tc.testcontainers/ryuk:0.12.0 -- Creating container for image: testcontainers/ryuk:0.12.0
16:48:44.999 [main] INFO org.testcontainers.utility.RegistryAuthLocator -- Credential helper/store (docker-credential-desktop) does not have credentials for https://index.docker.io/v1/
16:48:45.075 [main] INFO tc.testcontainers/ryuk:0.12.0 -- Container testcontainers/ryuk:0.12.0 is starting: f7691b075894a9cc2fa9578ec29459be795348d84db1d8d395157d7153c21205
16:48:45.261 [main] INFO tc.testcontainers/ryuk:0.12.0 -- Container testcontainers/ryuk:0.12.0 started in PT0.366278S
16:48:45.265 [main] INFO org.testcontainers.utility.RyukResourceReaper -- Ryuk started - will monitor and terminate Testcontainers containers on JVM exit
16:48:45.265 [main] INFO org.testcontainers.DockerClientFactory -- Checking the system...
16:48:45.266 [main] INFO org.testcontainers.DockerClientFactory -- ✔︎ Docker server version should be at least 1.6.0
16:48:45.266 [main] INFO tc.mongo:7 -- Creating container for image: mongo:7
16:48:45.304 [main] INFO tc.mongo:7 -- Container mongo:7 is starting: 496bc4e679108421d3e0c4ae69fcff0b08337397786a81bd3f37db88de2f603f
16:48:45.829 [main] INFO tc.mongo:7 -- Container mongo:7 started in PT0.562987S
Integration JVM availableProcessors=18

  .   ____          _            __ _ _
 /\\ / ___'_ __ _ _(_)_ __  __ _ \ \ \ \
( ( )\___ | '_ | '_| | '_ \/ _` | \ \ \ \
 \\/  ___)| |_)| | | | | || (_| |  ) ) ) )
  '  |____| .__|_| |_|_| |_\__, | / / / /
 =========|_|==============|___/=/_/_/_/

 :: Spring Boot ::               (v3.5.16)

2026-10-01T16:48:46.778+02:00 INFO  [main] c.a.c.configuration.OpenApiSnapshotTest traceId= clubId= accountId= : Starting OpenApiSnapshotTest using Java [redacted] with PID 4686 (started by jordib in /Users/jordib/dev/agilityhub/agilityhub-core-api)
2026-10-01T16:48:46.780+02:00 INFO  [main] c.a.c.configuration.OpenApiSnapshotTest traceId= clubId= accountId= : The following 1 profile is active: "test"
2026-10-01T16:48:48.253+02:00 INFO  [main] o.s.d.r.c.RepositoryConfigurationDelegate traceId= clubId= accountId= : Bootstrapping Spring Data MongoDB repositories in DEFAULT mode.
2026-10-01T16:48:48.305+02:00 INFO  [main] o.s.d.r.c.RepositoryConfigurationDelegate traceId= clubId= accountId= : Finished Spring Data repository scanning in 47 ms. Found 0 MongoDB repository interfaces.
2026-10-01T16:48:48.805+02:00 INFO  [main] o.s.b.w.embedded.tomcat.TomcatWebServer traceId= clubId= accountId= : Tomcat initialized with port 0 (http)
2026-10-01T16:48:48.820+02:00 INFO  [main] o.apache.catalina.core.StandardService traceId= clubId= accountId= : Starting service [Tomcat]
2026-10-01T16:48:48.820+02:00 INFO  [main] org.apache.catalina.core.StandardEngine traceId= clubId= accountId= : Starting Servlet engine: [Apache Tomcat/10.1.60]
2026-10-01T16:48:48.864+02:00 INFO  [main] o.a.c.c.C.[Tomcat].[localhost].[/] traceId= clubId= accountId= : Initializing Spring embedded WebApplicationContext
2026-10-01T16:48:48.864+02:00 INFO  [main] o.s.b.w.s.c.ServletWebServerApplicationContext traceId= clubId= accountId= : Root WebApplicationContext: initialization completed in 2073 ms
2026-10-01T16:48:49.003+02:00 INFO  [main] org.mongodb.driver.client traceId= clubId= accountId= : MongoClient with metadata {"driver": {"name": "mongo-java-driver|sync|spring-boot", "version": "5.5.2"}, "os": {"type": "Darwin", "name": "Mac OS X", "architecture": "aarch64", "version": "26.4.1"}, "platform": "Java/Homebrew/[redacted]"} created with settings MongoClientSettings{readPreference=primary, writeConcern=WriteConcern{w=null, wTimeout=null ms, journal=null}, retryWrites=true, retryReads=true, readConcern=ReadConcern{level=null}, credential=null, transportSettings=null, commandListeners=[io.micrometer.core.instrument.binder.mongodb.MongoMetricsCommandListener@7eeef604], codecRegistry=ProvidersCodecRegistry{codecProviders=[ValueCodecProvider{}, BsonValueCodecProvider{}, DBRefCodecProvider{}, DBObjectCodecProvider{}, DocumentCodecProvider{}, CollectionCodecProvider{}, IterableCodecProvider{}, MapCodecProvider{}, GeoJsonCodecProvider{}, GridFSFileCodecProvider{}, Jsr310CodecProvider{}, JsonObjectCodecProvider{}, BsonCodecProvider{}, EnumCodecProvider{}, com.mongodb.client.model.mql.ExpressionCodecProvider@3dbadc3c, com.mongodb.Jep395RecordCodecProvider@2b287eb8, com.mongodb.KotlinCodecProvider@c8f4128]}, loggerSettings=LoggerSettings{maxDocumentLength=1000}, clusterSettings={hosts=[localhost:60662], srvServiceName=mongodb, mode=SINGLE, requiredClusterType=UNKNOWN, requiredReplicaSetName='null', serverSelector='null', clusterListeners='[]', serverSelectionTimeout='2000 ms', localThreshold='15 ms'}, socketSettings=SocketSettings{connectTimeoutMS=2000, readTimeoutMS=0, receiveBufferSize=0, proxySettings=ProxySettings{host=null, port=null, username=null, [redacted], heartbeatSocketSettings=SocketSettings{connectTimeoutMS=2000, readTimeoutMS=2000, receiveBufferSize=0, proxySettings=ProxySettings{host=null, port=null, username=null, [redacted], connectionPoolSettings=ConnectionPoolSettings{maxSize=100, minSize=0, maxWaitTimeMS=2000, maxConnectionLifeTimeMS=0, maxConnectionIdleTimeMS=0, maintenanceInitialDelayMS=0, maintenanceFrequencyMS=60000, connectionPoolListeners=[io.micrometer.core.instrument.binder.mongodb.MongoMetricsConnectionPoolListener@5d8c86b], maxConnecting=2}, serverSettings=ServerSettings{heartbeatFrequencyMS=10000, minHeartbeatFrequencyMS=500, serverMonitoringMode=AUTO, serverListeners='[]', serverMonitorListeners='[]'}, sslSettings=SslSettings{enabled=false, invalidHostNameAllowed=false, context=null}, applicationName='null', compressorList=[], uuidRepresentation=JAVA_LEGACY, serverApi=null, autoEncryptionSettings=null, dnsClient=null, inetAddressResolver=null, contextProvider=null, timeoutMS=null}
2026-10-01T16:48:49.008+02:00 INFO  [cluster-ClusterId{value='6abe72d0863051504a20e23b', description='null'}-localhost:60662] org.mongodb.driver.cluster traceId= clubId= accountId= : Monitor thread successfully connected to server with description ServerDescription{address=localhost:60662, type=REPLICA_SET_PRIMARY, cryptd=false, state=CONNECTED, ok=true, minWireVersion=0, maxWireVersion=21, maxDocumentSize=16777216, logicalSessionTimeoutMinutes=30, roundTripTimeNanos=11986166, minRoundTripTimeNanos=0, setName='docker-rs', canonicalAddress=496bc4e67910:27017, hosts=[496bc4e67910:27017], passives=[], arbiters=[], primary='496bc4e67910:27017', tagSet=TagSet{[]}, electionId=7fffffff0000000000000001, setVersion=1, topologyVersion=TopologyVersion{processId=6abe72cd913c12693a9efddf, counter=6}, lastWriteDate=Thu Oct 01 16:48:46 CEST 2026, lastUpdateTimeNanos=[redacted]}
2026-10-01T16:48:49.673+02:00 INFO  [main] o.s.boot.web.servlet.RegistrationBean traceId= clubId= accountId= : Filter rateLimitFilter was not registered (disabled)
2026-10-01T16:48:52.678+02:00 INFO  [main] o.a.c.c.C.[Tomcat].[localhost].[/] traceId= clubId= accountId= : Initializing Spring TestDispatcherServlet ''
2026-10-01T16:48:52.679+02:00 INFO  [main] o.s.t.web.servlet.TestDispatcherServlet traceId= clubId= accountId= : Initializing Servlet ''
2026-10-01T16:48:52.679+02:00 INFO  [main] o.s.t.web.servlet.TestDispatcherServlet traceId= clubId= accountId= : Completed initialization in 0 ms
2026-10-01T16:48:52.766+02:00 INFO  [main] o.s.b.w.embedded.tomcat.TomcatWebServer traceId= clubId= accountId= : Tomcat started on port 60698 (http) with context path '/'
2026-10-01T16:48:52.805+02:00 INFO  [main] o.s.b.w.embedded.tomcat.TomcatWebServer traceId= clubId= accountId= : Tomcat initialized with port 0 (http)
2026-10-01T16:48:52.806+02:00 INFO  [main] o.apache.catalina.core.StandardService traceId= clubId= accountId= : Starting service [Tomcat]
2026-10-01T16:48:52.806+02:00 INFO  [main] org.apache.catalina.core.StandardEngine traceId= clubId= accountId= : Starting Servlet engine: [Apache Tomcat/10.1.60]
2026-10-01T16:48:52.818+02:00 INFO  [main] o.a.c.c.C.[Tomcat-1].[localhost].[/] traceId= clubId= accountId= : Initializing Spring embedded WebApplicationContext
2026-10-01T16:48:52.818+02:00 INFO  [main] o.s.b.w.s.c.ServletWebServerApplicationContext traceId= clubId= accountId= : Root WebApplicationContext: initialization completed in 50 ms
2026-10-01T16:48:52.826+02:00 INFO  [main] o.s.b.a.e.web.EndpointLinksResolver traceId= clubId= accountId= : Exposing 2 endpoints beneath base path '/actuator'
2026-10-01T16:48:52.847+02:00 INFO  [main] o.s.b.w.embedded.tomcat.TomcatWebServer traceId= clubId= accountId= : Tomcat started on port 60699 (http) with context path '/'
2026-10-01T16:48:52.864+02:00 INFO  [main] c.a.c.configuration.OpenApiSnapshotTest traceId= clubId= accountId= : Started OpenApiSnapshotTest in 6.373 seconds (process running for 9.75)
Mockito is currently self-attaching to enable the inline-mock-maker. This will no longer work in future releases of the JDK. Please add Mockito as an agent to your build as described in Mockito's documentation: https://javadoc.io/doc/org.mockito/mockito-core/latest/org.mockito/org/mockito/Mockito.html#0.3
WARNING: A Java agent has been loaded dynamically (/Users/jordib/.m2/repository/net/bytebuddy/byte-buddy-agent/1.17.8/byte-buddy-agent-1.17.8.jar)
WARNING: If a serviceability tool is in use, please run with -XX:+EnableDynamicAgentLoading to hide this warning
WARNING: If a serviceability tool is not in use, please run with -Djdk.instrument.traceUsage for more information
WARNING: Dynamic loading of agents will be disallowed by default in a future release
OpenJDK 64-Bit Server VM warning: Sharing is only supported for boot loader classes because bootstrap classpath has been appended
2026-10-01T16:48:55.837+02:00 INFO  [main] o.springdoc.api.AbstractOpenApiResource traceId=3ae7c276-c16f-4057-994c-3858cc79fe9b clubId=- accountId=user : Init duration for springdoc-openapi is: 2189 ms
2026-10-01T16:48:56.525+02:00 INFO  [tomcat-handler-0] o.a.c.c.C.[Tomcat].[localhost].[/] traceId= clubId= accountId= : Initializing Spring DispatcherServlet 'dispatcherServlet'
2026-10-01T16:48:56.525+02:00 INFO  [tomcat-handler-0] o.s.web.servlet.DispatcherServlet traceId= clubId= accountId= : Initializing Servlet 'dispatcherServlet'
2026-10-01T16:48:56.526+02:00 INFO  [tomcat-handler-0] o.s.web.servlet.DispatcherServlet traceId= clubId= accountId= : Completed initialization in 1 ms
2026-10-01T16:48:57.949+02:00 INFO  [main] o.springdoc.api.AbstractOpenApiResource traceId=3c1bcb78-9410-4c01-b7d7-8fa738a56e1c clubId=- accountId=- : Init duration for springdoc-openapi is: 1352 ms
Updated docs/openapi/openapi.json
exit 0
