COMMAND docker compose ... build backup minio
COMMAND docker compose ... up -d --wait --wait-timeout 420
Volume e11-t04-b9b313d8_minio-data Creating 
 Volume e11-t04-b9b313d8_attachments Creating 
 Volume e11-t04-b9b313d8_caddy-data Creating 
 Volume e11-t04-b9b313d8_exports Creating 
 Volume e11-t04-b9b313d8_exports Creating 
 Volume e11-t04-b9b313d8_caddy-config Creating 
 Volume e11-t04-b9b313d8_caddy-config Creating 
 Volume e11-t04-b9b313d8_caddy-data Creating 
 Volume e11-t04-b9b313d8_mailbox Creating 
 Volume e11-t04-b9b313d8_mailbox Creating 
 Volume e11-t04-b9b313d8_attachments Creating 
 Volume e11-t04-b9b313d8_mongo-data Creating 
 Volume e11-t04-b9b313d8_mongo-data Creating 
 Volume e11-t04-b9b313d8_minio-data Creating 
 Volume e11-t04-b9b313d8_attachments Created 
 Volume e11-t04-b9b313d8_attachments Created 
 Volume e11-t04-b9b313d8_caddy-config Created 
 Volume e11-t04-b9b313d8_caddy-config Created 
 Volume e11-t04-b9b313d8_exports Created 
 Volume e11-t04-b9b313d8_exports Created 
 Volume e11-t04-b9b313d8_caddy-data Created 
 Volume e11-t04-b9b313d8_caddy-data Created 
 Volume e11-t04-b9b313d8_minio-data Created 
 Volume e11-t04-b9b313d8_minio-data Created 
 Container e11-t04-b9b313d8-minio-1 Creating 
 Volume e11-t04-b9b313d8_mailbox Created 
 Volume e11-t04-b9b313d8_mailbox Created 
 Volume e11-t04-b9b313d8_mongo-data Created 
 Volume e11-t04-b9b313d8_mongo-data Created 
 Container e11-t04-b9b313d8-mongo-1 Creating 
 Container e11-t04-b9b313d8-mongo-1 Created 
 Container e11-t04-b9b313d8-seed-1 Creating 
 Container e11-t04-b9b313d8-minio-1 Created 
 Container e11-t04-b9b313d8-seed-1 Created 
 Container e11-t04-b9b313d8-core-1 Creating 
 Container e11-t04-b9b313d8-core-1 Created 
 Container e11-t04-b9b313d8-caddy-1 Creating 
 Container e11-t04-b9b313d8-caddy-1 Created 
 Container e11-t04-b9b313d8-minio-1 Starting 
 Container e11-t04-b9b313d8-mongo-1 Starting 
 Container e11-t04-b9b313d8-minio-1 Started 
 Container e11-t04-b9b313d8-mongo-1 Started 
 Container e11-t04-b9b313d8-mongo-1 Waiting 
 Container e11-t04-b9b313d8-mongo-1 Healthy 
 Container e11-t04-b9b313d8-seed-1 Starting 
 Container e11-t04-b9b313d8-seed-1 Started 
 Container e11-t04-b9b313d8-mongo-1 Waiting 
 Container e11-t04-b9b313d8-seed-1 Waiting 
 Container e11-t04-b9b313d8-mongo-1 Healthy 
 Container e11-t04-b9b313d8-seed-1 Error service "seed" didn't complete successfully: exit 1
service "seed" didn't complete successfully: exit 1
seed: seed-1  | HOST_RESERVED {}
CLEANUP disposable project, volumes and private credentials removed
Traceback (most recent call last):
  File "/Users/jordib/dev/agilityhub/agilityhub-core-api-c/deploy/local-proof.py", line 242, in <module>
    main()
    ~~~~^^
  File "/Users/jordib/dev/agilityhub/agilityhub-core-api-c/deploy/local-proof.py", line 117, in main
    raise RuntimeError('Local stack failed readiness')
RuntimeError: Local stack failed readiness
