heavy.sh: the previous holder (pid 78779) is gone - taking the lock over
COMMAND docker compose --env-file /var/folders/xn/c1yrcx212h18679n6kwf4kxh0000gn/T/e11-t04-jrx_th72/local.env -p e11-t04-28465ef8 -f /Users/jordib/dev/agilityhub/agilityhub-core-api-c/deploy/compose.prod.yaml -f /Users/jordib/dev/agilityhub/agilityhub-core-api-c/deploy/compose.prod.local.yaml build backup minio
COMMAND docker compose --env-file /var/folders/xn/c1yrcx212h18679n6kwf4kxh0000gn/T/e11-t04-jrx_th72/local.env -p e11-t04-28465ef8 -f /Users/jordib/dev/agilityhub/agilityhub-core-api-c/deploy/compose.prod.yaml -f /Users/jordib/dev/agilityhub/agilityhub-core-api-c/deploy/compose.prod.local.yaml up -d --wait --wait-timeout 420
Volume e11-t04-28465ef8_exports Creating 
 Volume e11-t04-28465ef8_minio-data Creating 
 Volume e11-t04-28465ef8_exports Creating 
 Volume e11-t04-28465ef8_minio-data Creating 
 Volume e11-t04-28465ef8_mailbox Creating 
 Volume e11-t04-28465ef8_mailbox Creating 
 Volume e11-t04-28465ef8_mongo-data Creating 
 Volume e11-t04-28465ef8_caddy-data Creating 
 Volume e11-t04-28465ef8_caddy-data Creating 
 Volume e11-t04-28465ef8_caddy-config Creating 
 Volume e11-t04-28465ef8_caddy-config Creating 
 Volume e11-t04-28465ef8_mongo-data Creating 
 Volume e11-t04-28465ef8_attachments Creating 
 Volume e11-t04-28465ef8_attachments Creating 
 Volume e11-t04-28465ef8_exports Created 
 Volume e11-t04-28465ef8_exports Created 
 Volume e11-t04-28465ef8_attachments Created 
 Volume e11-t04-28465ef8_attachments Created 
 Volume e11-t04-28465ef8_caddy-config Created 
 Volume e11-t04-28465ef8_caddy-config Created 
 Volume e11-t04-28465ef8_caddy-data Created 
 Volume e11-t04-28465ef8_caddy-data Created 
 Volume e11-t04-28465ef8_mongo-data Created 
 Volume e11-t04-28465ef8_mongo-data Created 
 Container e11-t04-28465ef8-mongo-1 Creating 
 Volume e11-t04-28465ef8_minio-data Created 
 Volume e11-t04-28465ef8_minio-data Created 
 Container e11-t04-28465ef8-minio-1 Creating 
 Volume e11-t04-28465ef8_mailbox Created 
 Volume e11-t04-28465ef8_mailbox Created 
 Container e11-t04-28465ef8-minio-1 Created 
 Container e11-t04-28465ef8-mongo-1 Created 
 Container e11-t04-28465ef8-seed-1 Creating 
 Container e11-t04-28465ef8-seed-1 Created 
 Container e11-t04-28465ef8-local-hosts-1 Creating 
 Container e11-t04-28465ef8-local-hosts-1 Created 
 Container e11-t04-28465ef8-core-1 Creating 
 Container e11-t04-28465ef8-core-1 Created 
 Container e11-t04-28465ef8-caddy-1 Creating 
 Container e11-t04-28465ef8-caddy-1 Created 
 Container e11-t04-28465ef8-minio-1 Starting 
 Container e11-t04-28465ef8-mongo-1 Starting 
 Container e11-t04-28465ef8-minio-1 Started 
 Container e11-t04-28465ef8-mongo-1 Started 
 Container e11-t04-28465ef8-mongo-1 Waiting 
 Container e11-t04-28465ef8-mongo-1 Healthy 
 Container e11-t04-28465ef8-seed-1 Starting 
 Container e11-t04-28465ef8-seed-1 Started 
 Container e11-t04-28465ef8-seed-1 Waiting 
 Container e11-t04-28465ef8-seed-1 Exited 
 Container e11-t04-28465ef8-local-hosts-1 Starting 
 Container e11-t04-28465ef8-local-hosts-1 Started 
 Container e11-t04-28465ef8-local-hosts-1 Waiting 
 Container e11-t04-28465ef8-mongo-1 Waiting 
 Container e11-t04-28465ef8-mongo-1 Healthy 
 Container e11-t04-28465ef8-local-hosts-1 Exited 
 Container e11-t04-28465ef8-core-1 Starting 
 Container e11-t04-28465ef8-core-1 Started 
 Container e11-t04-28465ef8-core-1 Waiting 
 Container e11-t04-28465ef8-core-1 Healthy 
 Container e11-t04-28465ef8-caddy-1 Starting 
 Container e11-t04-28465ef8-caddy-1 Started 
 Container e11-t04-28465ef8-seed-1 Waiting 
 Container e11-t04-28465ef8-local-hosts-1 Waiting 
 Container e11-t04-28465ef8-mongo-1 Waiting 
 Container e11-t04-28465ef8-core-1 Waiting 
 Container e11-t04-28465ef8-caddy-1 Waiting 
 Container e11-t04-28465ef8-minio-1 Waiting 
 Container e11-t04-28465ef8-minio-1 Healthy 
 Container e11-t04-28465ef8-seed-1 Exited 
 Container e11-t04-28465ef8-mongo-1 Healthy 
 Container e11-t04-28465ef8-core-1 Healthy 
 Container e11-t04-28465ef8-local-hosts-1 Exited 
 Container e11-t04-28465ef8-caddy-1 Healthy
PASS authenticated production topology became healthy with local override
RUNNER_CONTEXT DEPLOY_ENV_FILE=/var/folders/xn/c1yrcx212h18679n6kwf4kxh0000gn/T/e11-t04-jrx_th72/local.env DEPLOY_LOCAL=1 COMPOSE_PROJECT_NAME=e11-t04-28465ef8
PASS Caddy HTTPS health UP (trusted internal CA, no -k)
PASS branding resolves canic by each preserved front Host
PASS all three mounted SPA index fixtures and deep-link fallback
PASS proxy refresh rotates host-only ah_refresh; Secure HttpOnly SameSite=Strict Path=/oauth2/token
PASS old refresh cookie rejected through Caddy
PASS unapproved on-demand TLS host fails closed while E10 approval is unavailable
PASS Mongo rejects unauthenticated reads; internal ask route is not public
COMMAND bin/backup-mongo  -> exit 0
BACKUP_OK key=mongo/20260930T200721Z-7ea0b68e856a496d9269fd17ae72999c.tar.age collections=65 retentionDeleted=0
COMMAND bin/restore-mongo --verify -> exit 0
COUNT admin.system.users source=3 restored=3
COUNT admin.system.version source=2 restored=2
COUNT agilityhub.accounts source=191 restored=191
COUNT agilityhub.activities source=4 restored=4
COUNT agilityhub.activity_registrations source=47 restored=47
COUNT agilityhub.attachment_uploads source=10 restored=10
COUNT agilityhub.attachment_write_locks source=1 restored=1
COUNT agilityhub.attachments source=1 restored=1
COUNT agilityhub.attendances source=26 restored=26
COUNT agilityhub.audit_entries source=114 restored=114
COUNT agilityhub.bookings source=75 restored=75
COUNT agilityhub.catalog_seed_references source=7 restored=7
COUNT agilityhub.catalog_write_locks source=4 restored=4
COUNT agilityhub.census_write_locks source=1 restored=1
COUNT agilityhub.class_sessions source=125 restored=125
COUNT agilityhub.club_pages source=3 restored=3
COUNT agilityhub.clubs source=1 restored=1
COUNT agilityhub.demo_seed_runs source=2 restored=2
COUNT agilityhub.dog_documents source=246 restored=246
COUNT agilityhub.dogs source=246 restored=246
COUNT agilityhub.domain_events source=911 restored=911
COUNT agilityhub.export_account_locks source=0 restored=0
COUNT agilityhub.export_jobs source=0 restored=0
COUNT agilityhub.export_write_locks source=0 restored=0
COUNT agilityhub.family_groups source=12 restored=12
COUNT agilityhub.faq_entries source=7 restored=7
COUNT agilityhub.followup_items source=2 restored=2
COUNT agilityhub.followup_read_marks source=0 restored=0
COUNT agilityhub.handoff_codes source=0 restored=0
COUNT agilityhub.idempotency_records source=0 restored=0
COUNT agilityhub.impersonation_grants source=0 restored=0
COUNT agilityhub.instructors source=3 restored=3
COUNT agilityhub.job_locks source=0 restored=0
COUNT agilityhub.job_runs source=0 restored=0
COUNT agilityhub.levels source=10 restored=10
COUNT agilityhub.magic_link_tokens source=0 restored=0
COUNT agilityhub.members source=194 restored=194
COUNT agilityhub.memberships source=191 restored=191
COUNT agilityhub.message_templates source=0 restored=0
COUNT agilityhub.notifications source=0 restored=0
COUNT agilityhub.oidc_browser_sessions source=0 restored=0
COUNT agilityhub.oidc_codes source=0 restored=0
COUNT agilityhub.oidc_flows source=0 restored=0
COUNT agilityhub.parameters source=5 restored=5
COUNT agilityhub.plans source=6 restored=6
COUNT agilityhub.prices source=6 restored=6
COUNT agilityhub.push_subscriptions source=0 restored=0
COUNT agilityhub.refresh_tokens source=2 restored=2
COUNT agilityhub.ring_blocks source=13 restored=13
COUNT agilityhub.ring_slot_locks source=273 restored=273
COUNT agilityhub.rings source=5 restored=5
COUNT agilityhub.saved_views source=0 restored=0
COUNT agilityhub.seat_holds source=0 restored=0
COUNT agilityhub.seat_locks source=28 restored=28
COUNT agilityhub.security_events source=1 restored=1
COUNT agilityhub.sendgrid_webhook_receipts source=0 restored=0
COUNT agilityhub.signing_keys source=1 restored=1
COUNT agilityhub.signup_notification_admissions source=0 restored=0
COUNT agilityhub.tasks source=2 restored=2
COUNT agilityhub.team_write_locks source=1 restored=1
COUNT agilityhub.training_bookings source=13 restored=13
COUNT agilityhub.upfront_payments source=6 restored=6
COUNT agilityhub.waitlist_entries source=9 restored=9
COUNT agilityhub.week_templates source=3 restored=3
COUNT agilityhub.weeks source=9 restored=9
RESTORE_OK key=mongo/20260930T200721Z-7ea0b68e856a496d9269fd17ae72999c.tar.age collections=65 sourceSnapshot=2026-09-30T20:07:21.062611+00:00
COMMAND bin/restore-mongo --verify mongo/20260930T200721Z-7ea0b68e856a496d9269fd17ae72999c.tar.age -> exit 0
COUNT admin.system.users source=3 restored=3
COUNT admin.system.version source=2 restored=2
COUNT agilityhub.accounts source=191 restored=191
COUNT agilityhub.activities source=4 restored=4
COUNT agilityhub.activity_registrations source=47 restored=47
COUNT agilityhub.attachment_uploads source=10 restored=10
COUNT agilityhub.attachment_write_locks source=1 restored=1
COUNT agilityhub.attachments source=1 restored=1
COUNT agilityhub.attendances source=26 restored=26
COUNT agilityhub.audit_entries source=114 restored=114
COUNT agilityhub.bookings source=75 restored=75
COUNT agilityhub.catalog_seed_references source=7 restored=7
COUNT agilityhub.catalog_write_locks source=4 restored=4
COUNT agilityhub.census_write_locks source=1 restored=1
COUNT agilityhub.class_sessions source=125 restored=125
COUNT agilityhub.club_pages source=3 restored=3
COUNT agilityhub.clubs source=1 restored=1
COUNT agilityhub.demo_seed_runs source=2 restored=2
COUNT agilityhub.dog_documents source=246 restored=246
COUNT agilityhub.dogs source=246 restored=246
COUNT agilityhub.domain_events source=911 restored=911
COUNT agilityhub.export_account_locks source=0 restored=0
COUNT agilityhub.export_jobs source=0 restored=0
COUNT agilityhub.export_write_locks source=0 restored=0
COUNT agilityhub.family_groups source=12 restored=12
COUNT agilityhub.faq_entries source=7 restored=7
COUNT agilityhub.followup_items source=2 restored=2
COUNT agilityhub.followup_read_marks source=0 restored=0
COUNT agilityhub.handoff_codes source=0 restored=0
COUNT agilityhub.idempotency_records source=0 restored=0
COUNT agilityhub.impersonation_grants source=0 restored=0
COUNT agilityhub.instructors source=3 restored=3
COUNT agilityhub.job_locks source=0 restored=0
COUNT agilityhub.job_runs source=0 restored=0
COUNT agilityhub.levels source=10 restored=10
COUNT agilityhub.magic_link_tokens source=0 restored=0
COUNT agilityhub.members source=194 restored=194
COUNT agilityhub.memberships source=191 restored=191
COUNT agilityhub.message_templates source=0 restored=0
COUNT agilityhub.notifications source=0 restored=0
COUNT agilityhub.oidc_browser_sessions source=0 restored=0
COUNT agilityhub.oidc_codes source=0 restored=0
COUNT agilityhub.oidc_flows source=0 restored=0
COUNT agilityhub.parameters source=5 restored=5
COUNT agilityhub.plans source=6 restored=6
COUNT agilityhub.prices source=6 restored=6
COUNT agilityhub.push_subscriptions source=0 restored=0
COUNT agilityhub.refresh_tokens source=2 restored=2
COUNT agilityhub.ring_blocks source=13 restored=13
COUNT agilityhub.ring_slot_locks source=273 restored=273
COUNT agilityhub.rings source=5 restored=5
COUNT agilityhub.saved_views source=0 restored=0
COUNT agilityhub.seat_holds source=0 restored=0
COUNT agilityhub.seat_locks source=28 restored=28
COUNT agilityhub.security_events source=1 restored=1
COUNT agilityhub.sendgrid_webhook_receipts source=0 restored=0
COUNT agilityhub.signing_keys source=1 restored=1
COUNT agilityhub.signup_notification_admissions source=0 restored=0
COUNT agilityhub.tasks source=2 restored=2
COUNT agilityhub.team_write_locks source=1 restored=1
COUNT agilityhub.training_bookings source=13 restored=13
COUNT agilityhub.upfront_payments source=6 restored=6
COUNT agilityhub.waitlist_entries source=9 restored=9
COUNT agilityhub.week_templates source=3 restored=3
COUNT agilityhub.weeks source=9 restored=9
RESTORE_OK key=mongo/20260930T200721Z-7ea0b68e856a496d9269fd17ae72999c.tar.age collections=65 sourceSnapshot=2026-09-30T20:07:21.062611+00:00
COMMAND bin/backup-mongo  -> exit 2

Configuration error: BACKUP_ENCRYPTION_KEY is required; no container, dump or S3 object was created
COMMAND bin/backup-mongo  -> exit 2

Configuration error: BACKUP_S3_BUCKET is required; no container, dump or S3 object was created
PASS missing key and bucket fail in host preflight before a container/dump/upload
COMMAND bin/restore-mongo --verify mongo/20000101T000000Z-57e9e675c68238e303815bb42d94b884.tar.age -> exit 1

Container e11-t04-28465ef8-backup-run-e5e96a4794df Creating 
 Container e11-t04-28465ef8-backup-run-e5e96a4794df Created 
FAILED: age failed (exit 1); private tool output suppressed
PASS authenticated decryption rejects a tampered archive before Mongo starts
COMMAND bin/restore-mongo --verify mongo/20000102T000000Z-73beda0a116d608eb4735ad1069915f1.tar.age -> exit 1
COUNT admin.system.users source=3 restored=3
COUNT admin.system.version source=2 restored=2
COUNT agilityhub.accounts source=192 restored=191
COUNT agilityhub.activities source=4 restored=4
COUNT agilityhub.activity_registrations source=47 restored=47
COUNT agilityhub.attachment_uploads source=10 restored=10
COUNT agilityhub.attachment_write_locks source=1 restored=1
COUNT agilityhub.attachments source=1 restored=1
COUNT agilityhub.attendances source=26 restored=26
COUNT agilityhub.audit_entries source=114 restored=114
COUNT agilityhub.bookings source=75 restored=75
COUNT agilityhub.catalog_seed_references source=7 restored=7
COUNT agilityhub.catalog_write_locks source=4 restored=4
COUNT agilityhub.census_write_locks source=1 restored=1
COUNT agilityhub.class_sessions source=125 restored=125
COUNT agilityhub.club_pages source=3 restored=3
COUNT agilityhub.clubs source=1 restored=1
COUNT agilityhub.demo_seed_runs source=2 restored=2
COUNT agilityhub.dog_documents source=246 restored=246
COUNT agilityhub.dogs source=246 restored=246
COUNT agilityhub.domain_events source=911 restored=911
COUNT agilityhub.export_account_locks source=0 restored=0
COUNT agilityhub.export_jobs source=0 restored=0
COUNT agilityhub.export_write_locks source=0 restored=0
COUNT agilityhub.family_groups source=12 restored=12
COUNT agilityhub.faq_entries source=7 restored=7
COUNT agilityhub.followup_items source=2 restored=2
COUNT agilityhub.followup_read_marks source=0 restored=0
COUNT agilityhub.handoff_codes source=0 restored=0
COUNT agilityhub.idempotency_records source=0 restored=0
COUNT agilityhub.impersonation_grants source=0 restored=0
COUNT agilityhub.instructors source=3 restored=3
COUNT agilityhub.job_locks source=0 restored=0
COUNT agilityhub.job_runs source=0 restored=0
COUNT agilityhub.levels source=10 restored=10
COUNT agilityhub.magic_link_tokens source=0 restored=0
COUNT agilityhub.members source=194 restored=194
COUNT agilityhub.memberships source=191 restored=191
COUNT agilityhub.message_templates source=0 restored=0
COUNT agilityhub.notifications source=0 restored=0
COUNT agilityhub.oidc_browser_sessions source=0 restored=0
COUNT agilityhub.oidc_codes source=0 restored=0
COUNT agilityhub.oidc_flows source=0 restored=0
COUNT agilityhub.parameters source=5 restored=5
COUNT agilityhub.plans source=6 restored=6
COUNT agilityhub.prices source=6 restored=6
COUNT agilityhub.push_subscriptions source=0 restored=0
COUNT agilityhub.refresh_tokens source=2 restored=2
COUNT agilityhub.ring_blocks source=13 restored=13
COUNT agilityhub.ring_slot_locks source=273 restored=273
COUNT agilityhub.rings source=5 restored=5
COUNT agilityhub.saved_views source=0 restored=0
COUNT agilityhub.seat_holds source=0 restored=0
COUNT agilityhub.seat_locks source=28 restored=28
COUNT agilityhub.security_events source=1 restored=1
COUNT agilityhub.sendgrid_webhook_receipts source=0 restored=0
COUNT agilityhub.signing_keys source=1 restored=1
COUNT agilityhub.signup_notification_admissions source=0 restored=0
COUNT agilityhub.tasks source=2 restored=2
COUNT agilityhub.team_write_locks source=1 restored=1
COUNT agilityhub.training_bookings source=13 restored=13
COUNT agilityhub.upfront_payments source=6 restored=6
COUNT agilityhub.waitlist_entries source=9 restored=9
COUNT agilityhub.week_templates source=3 restored=3
COUNT agilityhub.weeks source=9 restored=9
Container e11-t04-28465ef8-backup-run-4d9596741d6e Creating 
 Container e11-t04-28465ef8-backup-run-4d9596741d6e Created 
FAILED: Collection count mismatch
PASS authenticated archive with a wrong source count fails verification
COMMAND bin/restore-mongo  -> exit 2

Configuration error: Usage: bin/restore-mongo --verify [object-key]
PASS restore refuses any invocation without --verify; no live target exists
E11-T04 ALL CHECKS PASSED
CLEANUP disposable project, volumes and private credentials removed
