 Volume e11-t04-505fc7f0_exports Creating 
 Volume e11-t04-505fc7f0_attachments Creating 
 Volume e11-t04-505fc7f0_attachments Creating 
 Volume e11-t04-505fc7f0_exports Creating 
 Volume e11-t04-505fc7f0_minio-data Creating 
 Volume e11-t04-505fc7f0_mongo-data Creating 
 Volume e11-t04-505fc7f0_mongo-data Creating 
 Volume e11-t04-505fc7f0_minio-data Creating 
 Volume e11-t04-505fc7f0_caddy-data Creating 
 Volume e11-t04-505fc7f0_caddy-config Creating 
 Volume e11-t04-505fc7f0_caddy-data Creating 
 Volume e11-t04-505fc7f0_caddy-config Creating 
 Container e11-t04-505fc7f0-ask-stub-1 Creating 
 Volume e11-t04-505fc7f0_attachments Created 
 Volume e11-t04-505fc7f0_attachments Created 
 Volume e11-t04-505fc7f0_caddy-data Created 
 Volume e11-t04-505fc7f0_caddy-data Created 
 Volume e11-t04-505fc7f0_mongo-data Created 
 Volume e11-t04-505fc7f0_mongo-data Created 
 Container e11-t04-505fc7f0-mongo-1 Creating 
 Volume e11-t04-505fc7f0_minio-data Created 
 Volume e11-t04-505fc7f0_minio-data Created 
 Container e11-t04-505fc7f0-minio-1 Creating 
 Volume e11-t04-505fc7f0_exports Created 
 Volume e11-t04-505fc7f0_exports Created 
 Volume e11-t04-505fc7f0_caddy-config Created 
 Volume e11-t04-505fc7f0_caddy-config Created 
 Container e11-t04-505fc7f0-minio-1 Created 
 Container e11-t04-505fc7f0-mongo-1 Created 
 Container e11-t04-505fc7f0-seed-1 Creating 
 Container e11-t04-505fc7f0-ask-stub-1 Created 
 Container e11-t04-505fc7f0-seed-1 Created 
 Container e11-t04-505fc7f0-local-hosts-1 Creating 
 Container e11-t04-505fc7f0-local-hosts-1 Created 
 Container e11-t04-505fc7f0-core-1 Creating 
 Container e11-t04-505fc7f0-core-1 Created 
 Container e11-t04-505fc7f0-caddy-1 Creating 
 Container e11-t04-505fc7f0-caddy-1 Created 
 Container e11-t04-505fc7f0-ask-stub-1 Starting 
 Container e11-t04-505fc7f0-minio-1 Starting 
 Container e11-t04-505fc7f0-mongo-1 Starting 
 Container e11-t04-505fc7f0-mongo-1 Started 
 Container e11-t04-505fc7f0-mongo-1 Waiting 
 Container e11-t04-505fc7f0-ask-stub-1 Started 
 Container e11-t04-505fc7f0-minio-1 Started 
 Container e11-t04-505fc7f0-mongo-1 Healthy 
 Container e11-t04-505fc7f0-seed-1 Starting 
 Container e11-t04-505fc7f0-seed-1 Started 
 Container e11-t04-505fc7f0-seed-1 Waiting 
 Container e11-t04-505fc7f0-seed-1 Exited 
 Container e11-t04-505fc7f0-local-hosts-1 Starting 
 Container e11-t04-505fc7f0-local-hosts-1 Started 
 Container e11-t04-505fc7f0-local-hosts-1 Waiting 
 Container e11-t04-505fc7f0-mongo-1 Waiting 
 Container e11-t04-505fc7f0-local-hosts-1 Exited 
 Container e11-t04-505fc7f0-mongo-1 Healthy 
 Container e11-t04-505fc7f0-core-1 Starting 
 Container e11-t04-505fc7f0-core-1 Started 
 Container e11-t04-505fc7f0-core-1 Waiting 
 Container e11-t04-505fc7f0-core-1 Healthy 
 Container e11-t04-505fc7f0-caddy-1 Starting 
 Container e11-t04-505fc7f0-caddy-1 Started 
 Container e11-t04-505fc7f0-seed-1 Waiting 
 Container e11-t04-505fc7f0-caddy-1 Waiting 
 Container e11-t04-505fc7f0-mongo-1 Waiting 
 Container e11-t04-505fc7f0-minio-1 Waiting 
 Container e11-t04-505fc7f0-local-hosts-1 Waiting 
 Container e11-t04-505fc7f0-ask-stub-1 Waiting 
 Container e11-t04-505fc7f0-core-1 Waiting 
 Container e11-t04-505fc7f0-seed-1 Exited 
 Container e11-t04-505fc7f0-ask-stub-1 Healthy 
 Container e11-t04-505fc7f0-core-1 Healthy 
 Container e11-t04-505fc7f0-local-hosts-1 Exited 
 Container e11-t04-505fc7f0-minio-1 Healthy 
 Container e11-t04-505fc7f0-mongo-1 Healthy 
 Container e11-t04-505fc7f0-caddy-1 Healthy 
