heavy.sh: 11:08 waiting for the host lock, held by: 11:05 agilityhub-core-web: pnpm e2e:docker E8-W01
heavy.sh: 11:22 got the host lock after 13 min 32 s
PASS prod Core, local seed, both billing keys, private network with no provider egress
IMAGE revision=unlabelled id=sha256:56046740bf74[truncated]
PASS helper contains exact current source and pinned Mongo 7.0.41
COMMAND docker compose --env-file /var/folders/xn/c1yrcx212h18679n6kwf4kxh0000gn/T/e11-t04-vng0e0pl/local.env -p e11-t04-505fc7f0 -f /Users/jordib/dev/agilityhub/agilityhub-core-api-c/deploy/compose.prod.yaml -f /Users/jordib/dev/agilityhub/agilityhub-core-api-c/deploy/compose.prod.local.yaml up -d --wait --wait-timeout 420
 Volume e11-t04-505fc7f0_exports Creating 
 Volume e11-t04-505fc7f0_attachments Creating 
 Volume e11-t04-505fc7f0_attachments Creating 
 Volume e11-t04-505fc7f0_exports Creating 
 Volume e11-t04-505fc7f0_minio-data Creating 
 Volume e11-t04-505fc7f0_mongo-data Creating 
 Volume e11-t04-505fc7f0_mongo-data Creating 
 Volume e11-t04-505fc7f0_minio-data Creating 
 Volume e11-t04-505fc7f0_caddy-data Creating 
 Volume e11-t04-505fc7f0_caddy-config Creating 
 Volume e11-t04-505fc7f0_caddy-data Creating 
 Volume e11-t04-505fc7f0_caddy-config Creating 
 Container e11-t04-505fc7f0-ask-stub-1 Creating 
 Volume e11-t04-505fc7f0_attachments Created 
 Volume e11-t04-505fc7f0_attachments Created 
 Volume e11-t04-505fc7f0_caddy-data Created 
 Volume e11-t04-505fc7f0_caddy-data Created 
 Volume e11-t04-505fc7f0_mongo-data Created 
 Volume e11-t04-505fc7f0_mongo-data Created 
 Container e11-t04-505fc7f0-mongo-1 Creating 
 Volume e11-t04-505fc7f0_minio-data Created 
 Volume e11-t04-505fc7f0_minio-data Created 
 Container e11-t04-505fc7f0-minio-1 Creating 
 Volume e11-t04-505fc7f0_exports Created 
 Volume e11-t04-505fc7f0_exports Created 
 Volume e11-t04-505fc7f0_caddy-config Created 
 Volume e11-t04-505fc7f0_caddy-config Created 
 Container e11-t04-505fc7f0-minio-1 Created 
 Container e11-t04-505fc7f0-mongo-1 Created 
 Container e11-t04-505fc7f0-seed-1 Creating 
 Container e11-t04-505fc7f0-ask-stub-1 Created 
 Container e11-t04-505fc7f0-seed-1 Created 
 Container e11-t04-505fc7f0-local-hosts-1 Creating 
 Container e11-t04-505fc7f0-local-hosts-1 Created 
 Container e11-t04-505fc7f0-core-1 Creating 
 Container e11-t04-505fc7f0-core-1 Created 
 Container e11-t04-505fc7f0-caddy-1 Creating 
 Container e11-t04-505fc7f0-caddy-1 Created 
 Container e11-t04-505fc7f0-ask-stub-1 Starting 
 Container e11-t04-505fc7f0-minio-1 Starting 
 Container e11-t04-505fc7f0-mongo-1 Starting 
 Container e11-t04-505fc7f0-mongo-1 Started 
 Container e11-t04-505fc7f0-mongo-1 Waiting 
 Container e11-t04-505fc7f0-ask-stub-1 Started 
 Container e11-t04-505fc7f0-minio-1 Started 
 Container e11-t04-505fc7f0-mongo-1 Healthy 
 Container e11-t04-505fc7f0-seed-1 Starting 
 Container e11-t04-505fc7f0-seed-1 Started 
 Container e11-t04-505fc7f0-seed-1 Waiting 
 Container e11-t04-505fc7f0-seed-1 Exited 
 Container e11-t04-505fc7f0-local-hosts-1 Starting 
 Container e11-t04-505fc7f0-local-hosts-1 Started 
 Container e11-t04-505fc7f0-local-hosts-1 Waiting 
 Container e11-t04-505fc7f0-mongo-1 Waiting 
 Container e11-t04-505fc7f0-local-hosts-1 Exited 
 Container e11-t04-505fc7f0-mongo-1 Healthy 
 Container e11-t04-505fc7f0-core-1 Starting 
 Container e11-t04-505fc7f0-core-1 Started 
 Container e11-t04-505fc7f0-core-1 Waiting 
 Container e11-t04-505fc7f0-core-1 Healthy 
 Container e11-t04-505fc7f0-caddy-1 Starting 
 Container e11-t04-505fc7f0-caddy-1 Started 
 Container e11-t04-505fc7f0-seed-1 Waiting 
 Container e11-t04-505fc7f0-caddy-1 Waiting 
 Container e11-t04-505fc7f0-mongo-1 Waiting 
 Container e11-t04-505fc7f0-minio-1 Waiting 
 Container e11-t04-505fc7f0-local-hosts-1 Waiting 
 Container e11-t04-505fc7f0-ask-stub-1 Waiting 
 Container e11-t04-505fc7f0-core-1 Waiting 
 Container e11-t04-505fc7f0-seed-1 Exited 
 Container e11-t04-505fc7f0-ask-stub-1 Healthy 
 Container e11-t04-505fc7f0-core-1 Healthy 
 Container e11-t04-505fc7f0-local-hosts-1 Exited 
 Container e11-t04-505fc7f0-minio-1 Healthy 
 Container e11-t04-505fc7f0-mongo-1 Healthy 
 Container e11-t04-505fc7f0-caddy-1 Healthy 

STARTUP_EXIT 0
PASS authenticated production topology became healthy with local override
RUNNER_CONTEXT DEPLOY_ENV_FILE=/var/folders/xn/c1yrcx212h18679n6kwf4kxh0000gn/T/e11-t04-vng0e0pl/local.env DEPLOY_LOCAL=1 COMPOSE_PROJECT_NAME=e11-t04-505fc7f0
CLEANUP disposable project, volumes and private credentials removed
Traceback (most recent call last):
  File "/Users/jordib/dev/agilityhub/agilityhub-core-api-c/deploy/local-proof.py", line 379, in <module>
    main()
    ~~~~^^
  File "/Users/jordib/dev/agilityhub/agilityhub-core-api-c/deploy/local-proof.py", line 236, in main
    body, headers = request('core.localhost', '/api/v1/health')
                    ~~~~~~~^^^^^^^^^^^^^^^^^^^^^^^^^^^^^^^^^^^^
  File "/Users/jordib/dev/agilityhub/agilityhub-core-api-c/deploy/local-proof.py", line 219, in request
    result = run(command, input=payload)
  File "/Users/jordib/dev/agilityhub/agilityhub-core-api-c/deploy/local-proof.py", line 27, in run
    raise RuntimeError(f'{command[0]} {command[1] if len(command) > 1 else ""} exited {result.returncode}')
RuntimeError: curl -4 exited 7
