 Network e11-t04-e7903487_ingress Creating 
 Volume e11-t04-e7903487_minio-data Creating 
 Volume e11-t04-e7903487_caddy-config Creating 
 Volume e11-t04-e7903487_minio-data Creating 
 Volume e11-t04-e7903487_caddy-data Creating 
 Container e11-t04-e7903487-ask-stub-1 Creating 
 Volume e11-t04-e7903487_caddy-config Creating 
 Volume e11-t04-e7903487_mongo-data Creating 
 Volume e11-t04-e7903487_attachments Creating 
 Volume e11-t04-e7903487_mongo-data Creating 
 Volume e11-t04-e7903487_attachments Creating 
 Volume e11-t04-e7903487_exports Creating 
 Volume e11-t04-e7903487_exports Creating 
 Volume e11-t04-e7903487_caddy-data Creating 
 Network e11-t04-e7903487_ingress Creating 
 Volume e11-t04-e7903487_exports Created 
 Volume e11-t04-e7903487_exports Created 
 Volume e11-t04-e7903487_caddy-config Created 
 Volume e11-t04-e7903487_caddy-config Created 
 Volume e11-t04-e7903487_minio-data Created 
 Volume e11-t04-e7903487_minio-data Created 
 Container e11-t04-e7903487-minio-1 Creating 
 Volume e11-t04-e7903487_mongo-data Created 
 Volume e11-t04-e7903487_mongo-data Created 
 Container e11-t04-e7903487-mongo-1 Creating 
 Volume e11-t04-e7903487_attachments Created 
 Volume e11-t04-e7903487_attachments Created 
 Volume e11-t04-e7903487_caddy-data Created 
 Volume e11-t04-e7903487_caddy-data Created 
 Network e11-t04-e7903487_ingress Created 
 Network e11-t04-e7903487_ingress Created 
 Container e11-t04-e7903487-minio-1 Created 
 Container e11-t04-e7903487-ask-stub-1 Created 
 Container e11-t04-e7903487-mongo-1 Created 
 Container e11-t04-e7903487-seed-1 Creating 
 Container e11-t04-e7903487-seed-1 Created 
 Container e11-t04-e7903487-local-hosts-1 Creating 
 Container e11-t04-e7903487-local-hosts-1 Created 
 Container e11-t04-e7903487-core-1 Creating 
 Container e11-t04-e7903487-core-1 Created 
 Container e11-t04-e7903487-caddy-1 Creating 
 Container e11-t04-e7903487-caddy-1 Created 
 Container e11-t04-e7903487-mongo-1 Starting 
 Container e11-t04-e7903487-minio-1 Starting 
 Container e11-t04-e7903487-ask-stub-1 Starting 
 Container e11-t04-e7903487-ask-stub-1 Started 
 Container e11-t04-e7903487-minio-1 Started 
 Container e11-t04-e7903487-mongo-1 Started 
 Container e11-t04-e7903487-mongo-1 Waiting 
 Container e11-t04-e7903487-mongo-1 Healthy 
 Container e11-t04-e7903487-seed-1 Starting 
 Container e11-t04-e7903487-seed-1 Started 
 Container e11-t04-e7903487-seed-1 Waiting 
 Container e11-t04-e7903487-seed-1 Exited 
 Container e11-t04-e7903487-local-hosts-1 Starting 
 Container e11-t04-e7903487-local-hosts-1 Started 
 Container e11-t04-e7903487-mongo-1 Waiting 
 Container e11-t04-e7903487-local-hosts-1 Waiting 
 Container e11-t04-e7903487-local-hosts-1 Exited 
 Container e11-t04-e7903487-mongo-1 Healthy 
 Container e11-t04-e7903487-core-1 Starting 
 Container e11-t04-e7903487-core-1 Started 
 Container e11-t04-e7903487-core-1 Waiting 
 Container e11-t04-e7903487-core-1 Healthy 
 Container e11-t04-e7903487-caddy-1 Starting 
 Container e11-t04-e7903487-caddy-1 Started 
 Container e11-t04-e7903487-caddy-1 Waiting 
 Container e11-t04-e7903487-seed-1 Waiting 
 Container e11-t04-e7903487-core-1 Waiting 
 Container e11-t04-e7903487-local-hosts-1 Waiting 
 Container e11-t04-e7903487-ask-stub-1 Waiting 
 Container e11-t04-e7903487-minio-1 Waiting 
 Container e11-t04-e7903487-mongo-1 Waiting 
 Container e11-t04-e7903487-ask-stub-1 Healthy 
 Container e11-t04-e7903487-core-1 Healthy 
 Container e11-t04-e7903487-local-hosts-1 Exited 
 Container e11-t04-e7903487-seed-1 Exited 
 Container e11-t04-e7903487-mongo-1 Healthy 
 Container e11-t04-e7903487-minio-1 Healthy 
 Container e11-t04-e7903487-caddy-1 Healthy 
