[INFO] Scanning for projects...
[INFO] 
[INFO] -----------------< com.agilityhub:agilityhub-core-api >-----------------
[INFO] Building AgilityHub Core API 0.1.0-SNAPSHOT
[INFO]   from pom.xml
[INFO] --------------------------------[ jar ]---------------------------------
[INFO] 
[INFO] --- enforcer:3.6.2:enforce (require-java-21) @ agilityhub-core-api ---
[INFO] Rule 0: org.apache.maven.enforcer.rules.version.RequireJavaVersion passed
[INFO] Rule 1: org.apache.maven.enforcer.rules.version.RequireMavenVersion passed
[INFO] 
[INFO] --- jacoco:0.8.14:prepare-agent (default) @ agilityhub-core-api ---
[INFO] argLine set to -javaagent:/Users/jordib/.m2/repository/org/jacoco/org.jacoco.agent/0.8.14/org.jacoco.agent-0.8.14-runtime.jar=destfile=/Users/jordib/dev/agilityhub/agilityhub-core-api/target/jacoco.exec
[INFO] 
[INFO] --- spring-boot:3.5.16:build-info (default) @ agilityhub-core-api ---
[INFO] 
[INFO] --- resources:3.3.1:resources (default-resources) @ agilityhub-core-api ---
[INFO] Copying 9 resources from src/main/resources to target/classes
[INFO] Copying 1 resource from seeds to target/classes/seeds
[INFO] 
[INFO] --- compiler:3.14.1:compile (default-compile) @ agilityhub-core-api ---
[INFO] Nothing to compile - all classes are up to date.
[INFO] 
[INFO] --- resources:3.3.1:testResources (default-testResources) @ agilityhub-core-api ---
[INFO] Copying 37 resources from src/test/resources to target/test-classes
[INFO] 
[INFO] --- compiler:3.14.1:testCompile (default-testCompile) @ agilityhub-core-api ---
[INFO] Nothing to compile - all classes are up to date.
[INFO] 
[INFO] --- surefire:3.5.6:test (default-test) @ agilityhub-core-api ---
[INFO] Using auto detected provider org.apache.maven.surefire.junitplatform.JUnitPlatformProvider
[INFO] 
[INFO] -------------------------------------------------------
[INFO]  T E S T S
[INFO] -------------------------------------------------------
[INFO] Running com.agilityhub.core.configuration.E5PersistenceIT
01:25:12.255 [main] INFO org.springframework.test.context.support.AnnotationConfigContextLoaderUtils -- Could not detect default configuration classes for test class [com.agilityhub.core.configuration.E5PersistenceIT]: E5PersistenceIT does not declare any static, non-private, non-final, nested classes annotated with @Configuration.
01:25:12.372 [main] INFO org.springframework.boot.test.context.SpringBootTestContextBootstrapper -- Found @SpringBootConfiguration com.agilityhub.core.CoreApplication for test class com.agilityhub.core.configuration.E5PersistenceIT
01:25:12.454 [main] INFO org.testcontainers.images.PullPolicy -- Image pull policy will be performed by: DefaultPullPolicy()
01:25:12.456 [main] INFO org.testcontainers.utility.ImageNameSubstitutor -- Image name substitution will be performed by: DefaultImageNameSubstitutor (composite of 'ConfigurationFileImageNameSubstitutor' and 'PrefixingImageNameSubstitutor')
01:25:12.460 [main] INFO org.testcontainers.DockerClientFactory -- Testcontainers version: 1.21.4
01:25:12.626 [main] INFO org.testcontainers.dockerclient.DockerClientProviderStrategy -- Loaded org.testcontainers.dockerclient.UnixSocketClientProviderStrategy from ~/.testcontainers.properties, will try it first
01:25:12.799 [main] INFO org.testcontainers.dockerclient.DockerClientProviderStrategy -- Found Docker environment with local Unix socket (unix:///var/run/docker.sock)
01:25:12.799 [main] INFO org.testcontainers.DockerClientFactory -- Docker host IP address is localhost
01:25:12.813 [main] INFO org.testcontainers.DockerClientFactory -- Connected to docker: 
  Server Version: 29.7.2
  API Version: 1.55
  Operating System: Docker Desktop
  Total Memory: 7931 MB
  Labels: 
    com.docker.desktop.address=unix:///Users/jordib/Library/Containers/com.docker.docker/Data/docker-cli.sock
01:25:12.962 [main] INFO tc.testcontainers/ryuk:0.12.0 -- Creating container for image: testcontainers/ryuk:0.12.0
01:25:13.045 [main] INFO org.testcontainers.utility.RegistryAuthLocator -- Credential helper/store (docker-credential-desktop) does not have credentials for https://index.docker.io/v1/
01:25:13.116 [main] INFO tc.testcontainers/ryuk:0.12.0 -- Container testcontainers/ryuk:0.12.0 is starting: fe1d415e737ac9131afa0098a3b3e316007d1873e6d9822a21c601ec9c6a1ca3
01:25:13.282 [main] INFO tc.testcontainers/ryuk:0.12.0 -- Container testcontainers/ryuk:0.12.0 started in PT0.319982S
01:25:13.286 [main] INFO org.testcontainers.utility.RyukResourceReaper -- Ryuk started - will monitor and terminate Testcontainers containers on JVM exit
01:25:13.286 [main] INFO org.testcontainers.DockerClientFactory -- Checking the system...
01:25:13.286 [main] INFO org.testcontainers.DockerClientFactory -- ✔︎ Docker server version should be at least 1.6.0
01:25:13.287 [main] INFO tc.mongo:7 -- Creating container for image: mongo:7
01:25:13.318 [main] INFO tc.mongo:7 -- Container mongo:7 is starting: 37472db42ff26b1cb9cd66fa94f8f9c56ca4f536a8f41d0c9d3bbe936271e45a
01:25:13.831 [main] INFO tc.mongo:7 -- Container mongo:7 started in PT0.544086S
Integration JVM availableProcessors=18

  .   ____          _            __ _ _
 /\\ / ___'_ __ _ _(_)_ __  __ _ \ \ \ \
( ( )\___ | '_ | '_| | '_ \/ _` | \ \ \ \
 \\/  ___)| |_)| | | | | || (_| |  ) ) ) )
  '  |____| .__|_| |_|_| |_\__, | / / / /
 =========|_|==============|___/=/_/_/_/

 :: Spring Boot ::               (v3.5.16)

2026-09-26T01:25:14.561+02:00  INFO 34255 --- [agilityhub-core-api] [           main] c.a.core.configuration.E5PersistenceIT   : Starting E5PersistenceIT using Java 21.0.12.1 with PID 34255 (started by jordib in /Users/jordib/dev/agilityhub/agilityhub-core-api)
2026-09-26T01:25:14.562+02:00  INFO 34255 --- [agilityhub-core-api] [           main] c.a.core.configuration.E5PersistenceIT   : The following 1 profile is active: "test"
2026-09-26T01:25:15.451+02:00  INFO 34255 --- [agilityhub-core-api] [           main] .s.d.r.c.RepositoryConfigurationDelegate : Bootstrapping Spring Data MongoDB repositories in DEFAULT mode.
2026-09-26T01:25:15.488+02:00  INFO 34255 --- [agilityhub-core-api] [           main] .s.d.r.c.RepositoryConfigurationDelegate : Finished Spring Data repository scanning in 33 ms. Found 0 MongoDB repository interfaces.
2026-09-26T01:25:15.869+02:00  INFO 34255 --- [agilityhub-core-api] [           main] org.mongodb.driver.client                : MongoClient with metadata {"driver": {"name": "mongo-java-driver|sync|spring-boot", "version": "5.5.2"}, "os": {"type": "Darwin", "name": "Mac OS X", "architecture": "aarch64", "version": "26.4.1"}, "platform": "Java/Homebrew/21.0.12.1"} created with settings MongoClientSettings{readPreference=primary, writeConcern=WriteConcern{w=null, wTimeout=null ms, journal=null}, retryWrites=true, retryReads=true, readConcern=ReadConcern{level=null}, credential=null, transportSettings=null, commandListeners=[io.micrometer.core.instrument.binder.mongodb.MongoMetricsCommandListener@220700c1], codecRegistry=ProvidersCodecRegistry{codecProviders=[ValueCodecProvider{}, BsonValueCodecProvider{}, DBRefCodecProvider{}, DBObjectCodecProvider{}, DocumentCodecProvider{}, CollectionCodecProvider{}, IterableCodecProvider{}, MapCodecProvider{}, GeoJsonCodecProvider{}, GridFSFileCodecProvider{}, Jsr310CodecProvider{}, JsonObjectCodecProvider{}, BsonCodecProvider{}, EnumCodecProvider{}, com.mongodb.client.model.mql.ExpressionCodecProvider@2a1a57e5, com.mongodb.Jep395RecordCodecProvider@10e0c815, com.mongodb.KotlinCodecProvider@59d2198d]}, loggerSettings=LoggerSettings{maxDocumentLength=1000}, clusterSettings={hosts=[localhost:60521], srvServiceName=mongodb, mode=SINGLE, requiredClusterType=UNKNOWN, requiredReplicaSetName='null', serverSelector='null', clusterListeners='[]', serverSelectionTimeout='30000 ms', localThreshold='15 ms'}, socketSettings=SocketSettings{connectTimeoutMS=10000, readTimeoutMS=0, receiveBufferSize=0, proxySettings=ProxySettings{host=null, port=null, username=null, password=null}}, heartbeatSocketSettings=SocketSettings{connectTimeoutMS=10000, readTimeoutMS=10000, receiveBufferSize=0, proxySettings=ProxySettings{host=null, port=null, username=null, password=null}}, connectionPoolSettings=ConnectionPoolSettings{maxSize=100, minSize=0, maxWaitTimeMS=120000, maxConnectionLifeTimeMS=0, maxConnectionIdleTimeMS=0, maintenanceInitialDelayMS=0, maintenanceFrequencyMS=60000, connectionPoolListeners=[io.micrometer.core.instrument.binder.mongodb.MongoMetricsConnectionPoolListener@43491b7e], maxConnecting=2}, serverSettings=ServerSettings{heartbeatFrequencyMS=10000, minHeartbeatFrequencyMS=500, serverMonitoringMode=AUTO, serverListeners='[]', serverMonitorListeners='[]'}, sslSettings=SslSettings{enabled=false, invalidHostNameAllowed=false, context=null}, applicationName='null', compressorList=[], uuidRepresentation=JAVA_LEGACY, serverApi=null, autoEncryptionSettings=null, dnsClient=null, inetAddressResolver=null, contextProvider=null, timeoutMS=null}
2026-09-26T01:25:15.875+02:00  INFO 34255 --- [agilityhub-core-api] [localhost:60521] org.mongodb.driver.cluster               : Monitor thread successfully connected to server with description ServerDescription{address=localhost:60521, type=REPLICA_SET_PRIMARY, cryptd=false, state=CONNECTED, ok=true, minWireVersion=0, maxWireVersion=21, maxDocumentSize=16777216, logicalSessionTimeoutMinutes=30, roundTripTimeNanos=11843416, minRoundTripTimeNanos=0, setName='docker-rs', canonicalAddress=37472db42ff2:27017, hosts=[37472db42ff2:27017], passives=[], arbiters=[], primary='37472db42ff2:27017', tagSet=TagSet{[]}, electionId=7fffffff0000000000000001, setVersion=1, topologyVersion=TopologyVersion{processId=6ab702d9e02ca1396d89ea9b, counter=6}, lastWriteDate=Sat Sep 26 01:25:14 CEST 2026, lastUpdateTimeNanos=182521260015333}
2026-09-26T01:25:18.268+02:00  INFO 34255 --- [agilityhub-core-api] [           main] c.a.core.configuration.E5PersistenceIT   : Started E5PersistenceIT in 3.897 seconds (process running for 6.547)
Mockito is currently self-attaching to enable the inline-mock-maker. This will no longer work in future releases of the JDK. Please add Mockito as an agent to your build as described in Mockito's documentation: https://javadoc.io/doc/org.mockito/mockito-core/latest/org.mockito/org/mockito/Mockito.html#0.3
OpenJDK 64-Bit Server VM warning: Sharing is only supported for boot loader classes because bootstrap classpath has been appended
WARNING: A Java agent has been loaded dynamically (/Users/jordib/.m2/repository/net/bytebuddy/byte-buddy-agent/1.17.8/byte-buddy-agent-1.17.8.jar)
WARNING: If a serviceability tool is in use, please run with -XX:+EnableDynamicAgentLoading to hide this warning
WARNING: If a serviceability tool is not in use, please run with -Djdk.instrument.traceUsage for more information
WARNING: Dynamic loading of agents will be disallowed by default in a future release
[ERROR] Tests run: 5, Failures: 1, Errors: 0, Skipped: 0, Time elapsed: 6.902 s <<< FAILURE! -- in com.agilityhub.core.configuration.E5PersistenceIT
[ERROR] com.agilityhub.core.configuration.E5PersistenceIT.T_15_27_R_15_19_ringSlotLocksExpireSevenDaysAfterTheirSlotThroughATtlIndex -- Time elapsed: 0.017 s <<< FAILURE!
java.lang.AssertionError: 
[created at startup] 
Expecting actual not to be null
	at com.agilityhub.core.configuration.E5PersistenceIT.T_15_27_R_15_19_ringSlotLocksExpireSevenDaysAfterTheirSlotThroughATtlIndex(E5PersistenceIT.java:162)
	at java.base/java.lang.reflect.Method.invoke(Method.java:580)
	at java.base/java.util.ArrayList.forEach(ArrayList.java:1596)
	at java.base/java.util.ArrayList.forEach(ArrayList.java:1596)

[INFO] Running com.agilityhub.core.clubs.bookings.api.RiskReviewJobIT
2026-09-26T01:25:19.095+02:00  INFO 34255 --- [agilityhub-core-api] [           main] t.c.s.AnnotationConfigContextLoaderUtils : Could not detect default configuration classes for test class [com.agilityhub.core.clubs.bookings.api.RiskReviewJobIT]: RiskReviewJobIT does not declare any static, non-private, non-final, nested classes annotated with @Configuration.
2026-09-26T01:25:19.122+02:00  INFO 34255 --- [agilityhub-core-api] [           main] .b.t.c.SpringBootTestContextBootstrapper : Found @SpringBootConfiguration com.agilityhub.core.CoreApplication for test class com.agilityhub.core.clubs.bookings.api.RiskReviewJobIT

  .   ____          _            __ _ _
 /\\ / ___'_ __ _ _(_)_ __  __ _ \ \ \ \
( ( )\___ | '_ | '_| | '_ \/ _` | \ \ \ \
 \\/  ___)| |_)| | | | | || (_| |  ) ) ) )
  '  |____| .__|_| |_|_| |_\__, | / / / /
 =========|_|==============|___/=/_/_/_/

 :: Spring Boot ::               (v3.5.16)

2026-09-26T01:25:19.133+02:00  INFO 34255 --- [agilityhub-core-api] [           main] c.a.c.c.bookings.api.RiskReviewJobIT     : Starting RiskReviewJobIT using Java 21.0.12.1 with PID 34255 (started by jordib in /Users/jordib/dev/agilityhub/agilityhub-core-api)
2026-09-26T01:25:19.133+02:00  INFO 34255 --- [agilityhub-core-api] [           main] c.a.c.c.bookings.api.RiskReviewJobIT     : The following 1 profile is active: "test"
2026-09-26T01:25:19.314+02:00  INFO 34255 --- [agilityhub-core-api] [           main] .s.d.r.c.RepositoryConfigurationDelegate : Bootstrapping Spring Data MongoDB repositories in DEFAULT mode.
2026-09-26T01:25:19.332+02:00  INFO 34255 --- [agilityhub-core-api] [           main] .s.d.r.c.RepositoryConfigurationDelegate : Finished Spring Data repository scanning in 18 ms. Found 0 MongoDB repository interfaces.
2026-09-26T01:25:19.376+02:00  INFO 34255 --- [agilityhub-core-api] [           main] org.mongodb.driver.client                : MongoClient with metadata {"driver": {"name": "mongo-java-driver|sync|spring-boot", "version": "5.5.2"}, "os": {"type": "Darwin", "name": "Mac OS X", "architecture": "aarch64", "version": "26.4.1"}, "platform": "Java/Homebrew/21.0.12.1"} created with settings MongoClientSettings{readPreference=primary, writeConcern=WriteConcern{w=null, wTimeout=null ms, journal=null}, retryWrites=true, retryReads=true, readConcern=ReadConcern{level=null}, credential=null, transportSettings=null, commandListeners=[io.micrometer.core.instrument.binder.mongodb.MongoMetricsCommandListener@5549a58b], codecRegistry=ProvidersCodecRegistry{codecProviders=[ValueCodecProvider{}, BsonValueCodecProvider{}, DBRefCodecProvider{}, DBObjectCodecProvider{}, DocumentCodecProvider{}, CollectionCodecProvider{}, IterableCodecProvider{}, MapCodecProvider{}, GeoJsonCodecProvider{}, GridFSFileCodecProvider{}, Jsr310CodecProvider{}, JsonObjectCodecProvider{}, BsonCodecProvider{}, EnumCodecProvider{}, com.mongodb.client.model.mql.ExpressionCodecProvider@2a1a57e5, com.mongodb.Jep395RecordCodecProvider@10e0c815, com.mongodb.KotlinCodecProvider@59d2198d]}, loggerSettings=LoggerSettings{maxDocumentLength=1000}, clusterSettings={hosts=[localhost:60521], srvServiceName=mongodb, mode=SINGLE, requiredClusterType=UNKNOWN, requiredReplicaSetName='null', serverSelector='null', clusterListeners='[]', serverSelectionTimeout='30000 ms', localThreshold='15 ms'}, socketSettings=SocketSettings{connectTimeoutMS=10000, readTimeoutMS=0, receiveBufferSize=0, proxySettings=ProxySettings{host=null, port=null, username=null, password=null}}, heartbeatSocketSettings=SocketSettings{connectTimeoutMS=10000, readTimeoutMS=10000, receiveBufferSize=0, proxySettings=ProxySettings{host=null, port=null, username=null, password=null}}, connectionPoolSettings=ConnectionPoolSettings{maxSize=100, minSize=0, maxWaitTimeMS=120000, maxConnectionLifeTimeMS=0, maxConnectionIdleTimeMS=0, maintenanceInitialDelayMS=0, maintenanceFrequencyMS=60000, connectionPoolListeners=[io.micrometer.core.instrument.binder.mongodb.MongoMetricsConnectionPoolListener@188aecbf], maxConnecting=2}, serverSettings=ServerSettings{heartbeatFrequencyMS=10000, minHeartbeatFrequencyMS=500, serverMonitoringMode=AUTO, serverListeners='[]', serverMonitorListeners='[]'}, sslSettings=SslSettings{enabled=false, invalidHostNameAllowed=false, context=null}, applicationName='null', compressorList=[], uuidRepresentation=JAVA_LEGACY, serverApi=null, autoEncryptionSettings=null, dnsClient=null, inetAddressResolver=null, contextProvider=null, timeoutMS=null}
2026-09-26T01:25:19.378+02:00  INFO 34255 --- [agilityhub-core-api] [localhost:60521] org.mongodb.driver.cluster               : Monitor thread successfully connected to server with description ServerDescription{address=localhost:60521, type=REPLICA_SET_PRIMARY, cryptd=false, state=CONNECTED, ok=true, minWireVersion=0, maxWireVersion=21, maxDocumentSize=16777216, logicalSessionTimeoutMinutes=30, roundTripTimeNanos=1694500, minRoundTripTimeNanos=0, setName='docker-rs', canonicalAddress=37472db42ff2:27017, hosts=[37472db42ff2:27017], passives=[], arbiters=[], primary='37472db42ff2:27017', tagSet=TagSet{[]}, electionId=7fffffff0000000000000001, setVersion=1, topologyVersion=TopologyVersion{processId=6ab702d9e02ca1396d89ea9b, counter=6}, lastWriteDate=Sat Sep 26 01:25:19 CEST 2026, lastUpdateTimeNanos=182524763368500}
2026-09-26T01:25:19.903+02:00  INFO 34255 --- [agilityhub-core-api] [           main] o.s.b.t.m.w.SpringBootMockServletContext : Initializing Spring TestDispatcherServlet ''
2026-09-26T01:25:19.903+02:00  INFO 34255 --- [agilityhub-core-api] [           main] o.s.t.web.servlet.TestDispatcherServlet  : Initializing Servlet ''
2026-09-26T01:25:19.903+02:00  INFO 34255 --- [agilityhub-core-api] [           main] o.s.t.web.servlet.TestDispatcherServlet  : Completed initialization in 0 ms
2026-09-26T01:25:19.913+02:00  INFO 34255 --- [agilityhub-core-api] [           main] c.a.c.c.bookings.api.RiskReviewJobIT     : Started RiskReviewJobIT in 0.789 seconds (process running for 8.191)
E5-T05 risk-review JobRun dry  {"_id": "bfaf7373-8b1a-4a87-8cd0-1c66f609a0ab", "clubId": "s08-a", "job": "RISK_REVIEW", "scheduledFor": {"$date": "2026-10-06T05:30:00Z"}, "scheduledForLocal": "2026-10-06T07:30", "timeZone": "Europe/Madrid", "trigger": "MANUAL", "dryRun": true, "status": "SUCCEEDED", "startedAt": {"$date": "2026-10-06T05:30:00Z"}, "finishedAt": {"$date": "2026-10-06T05:30:00Z"}, "durationMs": 0, "counters": [{"key": "reviewed", "value": 3}, {"key": "WOULD_CANCEL", "value": 2}, {"key": "WOULD_NOTIFY", "value": 1}], "items": [{"entityType": "ClassSession", "entityId": "s08-c1", "action": "WOULD_CANCEL", "detail": [{"key": "classId", "value": "s08-c1"}, {"key": "dogsCount", "value": 0}, {"key": "affected", "value": []}]}, {"entityType": "ClassSession", "entityId": "s08-c2", "action": "WOULD_CANCEL", "detail": [{"key": "classId", "value": "s08-c2"}, {"key": "dogsCount", "value": 1}, {"key": "affected", "value": ["c9da0716-71bc-4181-864d-e8467bda8876"]}]}, {"entityType": "ClassSession", "entityId": "s08-c3", "action": "WOULD_NOTIFY", "detail": [{"key": "classId", "value": "s08-c3"}, {"key": "newBookingIds", "value": ["91b4bb1c-207c-4b55-9ea7-605c8cfc90f0"]}, {"key": "notifyAdmins", "value": true}]}], "errors": [], "actorAccountId": "s08-admin", "parametersSnapshot": [{"key": "jobs.riskReview.enabled", "value": true}, {"key": "classes.riskReviewTime", "value": "07:30"}, {"key": "classes.minDogs", "value": 2}, {"key": "classes.riskLookaheadDays", "value": 2}, {"key": "classes.riskAutoCancelSameDay", "value": true}], "exclusive": false, "holder": "60b409a0-df57-4e9f-a3e0-5af65e463f48:456c9c09-678c-4df0-8572-c4b5e65624aa", "leaseExpired": false, "_class": "com.agilityhub.core.platform.persistence.jobs.JobRun"}
E5-T05 risk-review JobRun real {"_id": "89bb1725-9df8-4453-9ba3-1130e00ee89c", "clubId": "s08-a", "job": "RISK_REVIEW", "scheduledFor": {"$date": "2026-10-06T05:30:00Z"}, "scheduledForLocal": "2026-10-06T07:30", "timeZone": "Europe/Madrid", "trigger": "MANUAL", "dryRun": false, "status": "SUCCEEDED", "startedAt": {"$date": "2026-10-06T05:30:00Z"}, "finishedAt": {"$date": "2026-10-06T05:30:00Z"}, "durationMs": 0, "counters": [{"key": "reviewed", "value": 3}, {"key": "cancelled", "value": 2}, {"key": "cancelledSilent", "value": 1}, {"key": "notifiedMembers", "value": 1}, {"key": "atRisk", "value": 1}], "items": [{"entityType": "ClassSession", "entityId": "s08-c1", "action": "CANCEL", "detail": [{"key": "classId", "value": "s08-c1"}, {"key": "dogsCount", "value": 0}, {"key": "affected", "value": []}]}, {"entityType": "ClassSession", "entityId": "s08-c2", "action": "CANCEL", "detail": [{"key": "classId", "value": "s08-c2"}, {"key": "dogsCount", "value": 1}, {"key": "affected", "value": ["c9da0716-71bc-4181-864d-e8467bda8876"]}]}, {"entityType": "ClassSession", "entityId": "s08-c3", "action": "NOTIFY", "detail": [{"key": "classId", "value": "s08-c3"}, {"key": "newBookingIds", "value": ["91b4bb1c-207c-4b55-9ea7-605c8cfc90f0"]}, {"key": "notifyAdmins", "value": true}]}], "errors": [], "actorAccountId": "s08-admin", "parametersSnapshot": [{"key": "jobs.riskReview.enabled", "value": true}, {"key": "classes.riskReviewTime", "value": "07:30"}, {"key": "classes.minDogs", "value": 2}, {"key": "classes.riskLookaheadDays", "value": 2}, {"key": "classes.riskAutoCancelSameDay", "value": true}], "exclusive": false, "holder": "60b409a0-df57-4e9f-a3e0-5af65e463f48:e4676714-40de-467d-9d42-2d196870b1b2", "leaseExpired": false, "_class": "com.agilityhub.core.platform.persistence.jobs.JobRun"}
2026-09-26T01:25:21.882+02:00  INFO 34255 --- [agilityhub-core-api] [           main] c.a.c.p.application.jobs.JobRunner       : Job skipped jobRunId=66a52846-325c-42af-821e-efcc1f39446a job=RISK_REVIEW clubId=s08-a reason=MISSED_WINDOW baseline=false
[ERROR] Tests run: 8, Failures: 1, Errors: 0, Skipped: 0, Time elapsed: 5.442 s <<< FAILURE! -- in com.agilityhub.core.clubs.bookings.api.RiskReviewJobIT
[ERROR] com.agilityhub.core.clubs.bookings.api.RiskReviewJobIT.T_15_15_E37_willCancelOnlyWhenTheRiskReviewWillReallyRunForTheClass -- Time elapsed: 0.133 s <<< FAILURE!
org.opentest4j.AssertionFailedError: 

Expecting actual:
  ["s08-late:AT_RISK:0",
    "s08-early:WILL_CANCEL:0",
    "s08-edge:WILL_CANCEL:0",
    "s08-next:WILL_CANCEL:0"]
to contain exactly (and in same order):
  ["s08-late:AT_RISK:0",
    "s08-early:AT_RISK:0",
    "s08-edge:AT_RISK:0",
    "s08-next:WILL_CANCEL:0"]
but some elements were not found:
  ["s08-early:AT_RISK:0", "s08-edge:AT_RISK:0"]
and others were not expected:
  ["s08-early:WILL_CANCEL:0", "s08-edge:WILL_CANCEL:0"]

	at com.agilityhub.core.clubs.bookings.api.RiskReviewJobIT.T_15_15_E37_willCancelOnlyWhenTheRiskReviewWillReallyRunForTheClass(RiskReviewJobIT.java:246)
	at java.base/java.lang.reflect.Method.invoke(Method.java:580)
	at java.base/java.util.ArrayList.forEach(ArrayList.java:1596)
	at java.base/java.util.ArrayList.forEach(ArrayList.java:1596)

[INFO] Running com.agilityhub.core.clubs.bookings.api.CleanupJobIT
2026-09-26T01:25:24.537+02:00  INFO 34255 --- [agilityhub-core-api] [           main] t.c.s.AnnotationConfigContextLoaderUtils : Could not detect default configuration classes for test class [com.agilityhub.core.clubs.bookings.api.CleanupJobIT]: CleanupJobIT does not declare any static, non-private, non-final, nested classes annotated with @Configuration.
2026-09-26T01:25:24.538+02:00  INFO 34255 --- [agilityhub-core-api] [           main] .b.t.c.SpringBootTestContextBootstrapper : Found @SpringBootConfiguration com.agilityhub.core.CoreApplication for test class com.agilityhub.core.clubs.bookings.api.CleanupJobIT
2026-09-26T01:25:24.680+02:00 ERROR 34255 --- [agilityhub-core-api] [           main] c.a.c.p.application.jobs.JobRunner       : Job failed jobRunId=7f8974a5-41ba-4ff0-901b-5033b732389e job=CLEANUP clubId=s08-a traceId=753a9f2a-6933-4481-99d7-f7b7f838cf65

java.lang.IllegalStateException: fictional failure after the claim
	at com.agilityhub.core.clubs.bookings.api.CleanupJobIT$1.plan(CleanupJobIT.java:197) ~[test-classes/:na]
	at com.agilityhub.core.platform.application.jobs.JobRunner.run(JobRunner.java:181) ~[classes/:na]
	at com.agilityhub.core.platform.application.jobs.JobRunner.execute(JobRunner.java:165) ~[classes/:na]
	at com.agilityhub.core.platform.application.jobs.JobRunner.scheduled(JobRunner.java:100) ~[classes/:na]
	at com.agilityhub.core.clubs.bookings.api.CleanupJobIT.T_15_27_aRunTheRunnerClosesFailedWhoseHookThrowsDoesNotKeepThePlatformCycle(CleanupJobIT.java:201) ~[test-classes/:na]
	at java.base/jdk.internal.reflect.DirectMethodHandleAccessor.invoke(DirectMethodHandleAccessor.java:103) ~[na:na]
	at java.base/java.lang.reflect.Method.invoke(Method.java:580) ~[na:na]
	at org.junit.platform.commons.util.ReflectionUtils.invokeMethod(ReflectionUtils.java:775) ~[junit-platform-commons-1.12.2.jar:1.12.2]
	at org.junit.platform.commons.support.ReflectionSupport.invokeMethod(ReflectionSupport.java:479) ~[junit-platform-commons-1.12.2.jar:1.12.2]
	at org.junit.jupiter.engine.execution.MethodInvocation.proceed(MethodInvocation.java:60) ~[junit-jupiter-engine-5.12.2.jar:5.12.2]
	at org.junit.jupiter.engine.execution.InvocationInterceptorChain$ValidatingInvocation.proceed(InvocationInterceptorChain.java:131) ~[junit-jupiter-engine-5.12.2.jar:5.12.2]
	at org.junit.jupiter.engine.extension.TimeoutExtension.intercept(TimeoutExtension.java:161) ~[junit-jupiter-engine-5.12.2.jar:5.12.2]
	at org.junit.jupiter.engine.extension.TimeoutExtension.interceptTestableMethod(TimeoutExtension.java:152) ~[junit-jupiter-engine-5.12.2.jar:5.12.2]
	at org.junit.jupiter.engine.extension.TimeoutExtension.interceptTestMethod(TimeoutExtension.java:91) ~[junit-jupiter-engine-5.12.2.jar:5.12.2]
	at org.junit.jupiter.engine.execution.InterceptingExecutableInvoker$ReflectiveInterceptorCall.lambda$ofVoidMethod$0(InterceptingExecutableInvoker.java:112) ~[junit-jupiter-engine-5.12.2.jar:5.12.2]
	at org.junit.jupiter.engine.execution.InterceptingExecutableInvoker.lambda$invoke$0(InterceptingExecutableInvoker.java:94) ~[junit-jupiter-engine-5.12.2.jar:5.12.2]
	at org.junit.jupiter.engine.execution.InvocationInterceptorChain$InterceptedInvocation.proceed(InvocationInterceptorChain.java:106) ~[junit-jupiter-engine-5.12.2.jar:5.12.2]
	at org.junit.jupiter.engine.execution.InvocationInterceptorChain.proceed(InvocationInterceptorChain.java:64) ~[junit-jupiter-engine-5.12.2.jar:5.12.2]
	at org.junit.jupiter.engine.execution.InvocationInterceptorChain.chainAndInvoke(InvocationInterceptorChain.java:45) ~[junit-jupiter-engine-5.12.2.jar:5.12.2]
	at org.junit.jupiter.engine.execution.InvocationInterceptorChain.invoke(InvocationInterceptorChain.java:37) ~[junit-jupiter-engine-5.12.2.jar:5.12.2]
	at org.junit.jupiter.engine.execution.InterceptingExecutableInvoker.invoke(InterceptingExecutableInvoker.java:93) ~[junit-jupiter-engine-5.12.2.jar:5.12.2]
	at org.junit.jupiter.engine.execution.InterceptingExecutableInvoker.invoke(InterceptingExecutableInvoker.java:87) ~[junit-jupiter-engine-5.12.2.jar:5.12.2]
	at org.junit.jupiter.engine.descriptor.TestMethodTestDescriptor.lambda$invokeTestMethod$7(TestMethodTestDescriptor.java:216) ~[junit-jupiter-engine-5.12.2.jar:5.12.2]
	at org.junit.platform.engine.support.hierarchical.ThrowableCollector.execute(ThrowableCollector.java:73) ~[junit-platform-engine-1.12.2.jar:1.12.2]
	at org.junit.jupiter.engine.descriptor.TestMethodTestDescriptor.invokeTestMethod(TestMethodTestDescriptor.java:212) ~[junit-jupiter-engine-5.12.2.jar:5.12.2]
	at org.junit.jupiter.engine.descriptor.TestMethodTestDescriptor.execute(TestMethodTestDescriptor.java:137) ~[junit-jupiter-engine-5.12.2.jar:5.12.2]
	at org.junit.jupiter.engine.descriptor.TestMethodTestDescriptor.execute(TestMethodTestDescriptor.java:69) ~[junit-jupiter-engine-5.12.2.jar:5.12.2]
	at org.junit.platform.engine.support.hierarchical.NodeTestTask.lambda$executeRecursively$6(NodeTestTask.java:156) ~[junit-platform-engine-1.12.2.jar:1.12.2]
	at org.junit.platform.engine.support.hierarchical.ThrowableCollector.execute(ThrowableCollector.java:73) ~[junit-platform-engine-1.12.2.jar:1.12.2]
	at org.junit.platform.engine.support.hierarchical.NodeTestTask.lambda$executeRecursively$8(NodeTestTask.java:146) ~[junit-platform-engine-1.12.2.jar:1.12.2]
	at org.junit.platform.engine.support.hierarchical.Node.around(Node.java:137) ~[junit-platform-engine-1.12.2.jar:1.12.2]
	at org.junit.platform.engine.support.hierarchical.NodeTestTask.lambda$executeRecursively$9(NodeTestTask.java:144) ~[junit-platform-engine-1.12.2.jar:1.12.2]
	at org.junit.platform.engine.support.hierarchical.ThrowableCollector.execute(ThrowableCollector.java:73) ~[junit-platform-engine-1.12.2.jar:1.12.2]
	at org.junit.platform.engine.support.hierarchical.NodeTestTask.executeRecursively(NodeTestTask.java:143) ~[junit-platform-engine-1.12.2.jar:1.12.2]
	at org.junit.platform.engine.support.hierarchical.NodeTestTask.execute(NodeTestTask.java:100) ~[junit-platform-engine-1.12.2.jar:1.12.2]
	at java.base/java.util.ArrayList.forEach(ArrayList.java:1596) ~[na:na]
	at org.junit.platform.engine.support.hierarchical.SameThreadHierarchicalTestExecutorService.invokeAll(SameThreadHierarchicalTestExecutorService.java:41) ~[junit-platform-engine-1.12.2.jar:1.12.2]
	at org.junit.platform.engine.support.hierarchical.NodeTestTask.lambda$executeRecursively$6(NodeTestTask.java:160) ~[junit-platform-engine-1.12.2.jar:1.12.2]
	at org.junit.platform.engine.support.hierarchical.ThrowableCollector.execute(ThrowableCollector.java:73) ~[junit-platform-engine-1.12.2.jar:1.12.2]
	at org.junit.platform.engine.support.hierarchical.NodeTestTask.lambda$executeRecursively$8(NodeTestTask.java:146) ~[junit-platform-engine-1.12.2.jar:1.12.2]
	at org.junit.platform.engine.support.hierarchical.Node.around(Node.java:137) ~[junit-platform-engine-1.12.2.jar:1.12.2]
	at org.junit.platform.engine.support.hierarchical.NodeTestTask.lambda$executeRecursively$9(NodeTestTask.java:144) ~[junit-platform-engine-1.12.2.jar:1.12.2]
	at org.junit.platform.engine.support.hierarchical.ThrowableCollector.execute(ThrowableCollector.java:73) ~[junit-platform-engine-1.12.2.jar:1.12.2]
	at org.junit.platform.engine.support.hierarchical.NodeTestTask.executeRecursively(NodeTestTask.java:143) ~[junit-platform-engine-1.12.2.jar:1.12.2]
	at org.junit.platform.engine.support.hierarchical.NodeTestTask.execute(NodeTestTask.java:100) ~[junit-platform-engine-1.12.2.jar:1.12.2]
	at java.base/java.util.ArrayList.forEach(ArrayList.java:1596) ~[na:na]
	at org.junit.platform.engine.support.hierarchical.SameThreadHierarchicalTestExecutorService.invokeAll(SameThreadHierarchicalTestExecutorService.java:41) ~[junit-platform-engine-1.12.2.jar:1.12.2]
	at org.junit.platform.engine.support.hierarchical.NodeTestTask.lambda$executeRecursively$6(NodeTestTask.java:160) ~[junit-platform-engine-1.12.2.jar:1.12.2]
	at org.junit.platform.engine.support.hierarchical.ThrowableCollector.execute(ThrowableCollector.java:73) ~[junit-platform-engine-1.12.2.jar:1.12.2]
	at org.junit.platform.engine.support.hierarchical.NodeTestTask.lambda$executeRecursively$8(NodeTestTask.java:146) ~[junit-platform-engine-1.12.2.jar:1.12.2]
	at org.junit.platform.engine.support.hierarchical.Node.around(Node.java:137) ~[junit-platform-engine-1.12.2.jar:1.12.2]
	at org.junit.platform.engine.support.hierarchical.NodeTestTask.lambda$executeRecursively$9(NodeTestTask.java:144) ~[junit-platform-engine-1.12.2.jar:1.12.2]
	at org.junit.platform.engine.support.hierarchical.ThrowableCollector.execute(ThrowableCollector.java:73) ~[junit-platform-engine-1.12.2.jar:1.12.2]
	at org.junit.platform.engine.support.hierarchical.NodeTestTask.executeRecursively(NodeTestTask.java:143) ~[junit-platform-engine-1.12.2.jar:1.12.2]
	at org.junit.platform.engine.support.hierarchical.NodeTestTask.execute(NodeTestTask.java:100) ~[junit-platform-engine-1.12.2.jar:1.12.2]
	at org.junit.platform.engine.support.hierarchical.SameThreadHierarchicalTestExecutorService.submit(SameThreadHierarchicalTestExecutorService.java:35) ~[junit-platform-engine-1.12.2.jar:1.12.2]
	at org.junit.platform.engine.support.hierarchical.HierarchicalTestExecutor.execute(HierarchicalTestExecutor.java:57) ~[junit-platform-engine-1.12.2.jar:1.12.2]
	at org.junit.platform.engine.support.hierarchical.HierarchicalTestEngine.execute(HierarchicalTestEngine.java:54) ~[junit-platform-engine-1.12.2.jar:1.12.2]
	at org.junit.platform.launcher.core.EngineExecutionOrchestrator.execute(EngineExecutionOrchestrator.java:201) ~[junit-platform-launcher-1.12.2.jar:1.12.2]
	at org.junit.platform.launcher.core.EngineExecutionOrchestrator.execute(EngineExecutionOrchestrator.java:170) ~[junit-platform-launcher-1.12.2.jar:1.12.2]
	at org.junit.platform.launcher.core.EngineExecutionOrchestrator.execute(EngineExecutionOrchestrator.java:94) ~[junit-platform-launcher-1.12.2.jar:1.12.2]
	at org.junit.platform.launcher.core.EngineExecutionOrchestrator.lambda$execute$0(EngineExecutionOrchestrator.java:59) ~[junit-platform-launcher-1.12.2.jar:1.12.2]
	at org.junit.platform.launcher.core.EngineExecutionOrchestrator.withInterceptedStreams(EngineExecutionOrchestrator.java:142) ~[junit-platform-launcher-1.12.2.jar:1.12.2]
	at org.junit.platform.launcher.core.EngineExecutionOrchestrator.execute(EngineExecutionOrchestrator.java:58) ~[junit-platform-launcher-1.12.2.jar:1.12.2]
	at org.junit.platform.launcher.core.DefaultLauncher.execute(DefaultLauncher.java:103) ~[junit-platform-launcher-1.12.2.jar:1.12.2]
	at org.junit.platform.launcher.core.DefaultLauncher.execute(DefaultLauncher.java:85) ~[junit-platform-launcher-1.12.2.jar:1.12.2]
	at org.junit.platform.launcher.core.DelegatingLauncher.execute(DelegatingLauncher.java:47) ~[junit-platform-launcher-1.12.2.jar:1.12.2]
	at org.junit.platform.launcher.core.InterceptingLauncher.lambda$execute$1(InterceptingLauncher.java:39) ~[junit-platform-launcher-1.12.2.jar:1.12.2]
	at org.junit.platform.launcher.core.ClasspathAlignmentCheckingLauncherInterceptor.intercept(ClasspathAlignmentCheckingLauncherInterceptor.java:25) ~[junit-platform-launcher-1.12.2.jar:1.12.2]
	at org.junit.platform.launcher.core.InterceptingLauncher.execute(InterceptingLauncher.java:38) ~[junit-platform-launcher-1.12.2.jar:1.12.2]
	at org.junit.platform.launcher.core.DelegatingLauncher.execute(DelegatingLauncher.java:47) ~[junit-platform-launcher-1.12.2.jar:1.12.2]
	at org.apache.maven.surefire.junitplatform.LauncherAdapter.executeWithoutCancellationToken(LauncherAdapter.java:60) ~[surefire-junit-platform-3.5.6.jar:3.5.6]
	at org.apache.maven.surefire.junitplatform.LauncherAdapter.execute(LauncherAdapter.java:52) ~[surefire-junit-platform-3.5.6.jar:3.5.6]
	at org.apache.maven.surefire.junitplatform.JUnitPlatformProvider.execute(JUnitPlatformProvider.java:203) ~[surefire-junit-platform-3.5.6.jar:3.5.6]
	at org.apache.maven.surefire.junitplatform.JUnitPlatformProvider.invokeAllTests(JUnitPlatformProvider.java:168) ~[surefire-junit-platform-3.5.6.jar:3.5.6]
	at org.apache.maven.surefire.junitplatform.JUnitPlatformProvider.invoke(JUnitPlatformProvider.java:136) ~[surefire-junit-platform-3.5.6.jar:3.5.6]
	at org.apache.maven.surefire.booter.ForkedBooter.runSuitesInProcess(ForkedBooter.java:385) ~[surefire-booter-3.5.6.jar:3.5.6]
	at org.apache.maven.surefire.booter.ForkedBooter.execute(ForkedBooter.java:162) ~[surefire-booter-3.5.6.jar:3.5.6]
	at org.apache.maven.surefire.booter.ForkedBooter.run(ForkedBooter.java:507) ~[surefire-booter-3.5.6.jar:3.5.6]
	at org.apache.maven.surefire.booter.ForkedBooter.main(ForkedBooter.java:495) ~[surefire-booter-3.5.6.jar:3.5.6]

2026-09-26T01:25:24.685+02:00 ERROR 34255 --- [agilityhub-core-api] [           main] c.a.c.p.application.jobs.JobRunner       : Job failure hook failed jobRunId=7f8974a5-41ba-4ff0-901b-5033b732389e job=CLEANUP clubId=s08-a

java.lang.IllegalStateException: fictional hook failure
	at com.agilityhub.core.clubs.bookings.api.CleanupJobIT$1.failed(CleanupJobIT.java:199) ~[test-classes/:na]
	at com.agilityhub.core.platform.application.jobs.JobRunner.failed(JobRunner.java:238) ~[classes/:na]
	at com.agilityhub.core.platform.application.jobs.JobRunner.run(JobRunner.java:232) ~[classes/:na]
	at com.agilityhub.core.platform.application.jobs.JobRunner.execute(JobRunner.java:165) ~[classes/:na]
	at com.agilityhub.core.platform.application.jobs.JobRunner.scheduled(JobRunner.java:100) ~[classes/:na]
	at com.agilityhub.core.clubs.bookings.api.CleanupJobIT.T_15_27_aRunTheRunnerClosesFailedWhoseHookThrowsDoesNotKeepThePlatformCycle(CleanupJobIT.java:201) ~[test-classes/:na]
	at java.base/jdk.internal.reflect.DirectMethodHandleAccessor.invoke(DirectMethodHandleAccessor.java:103) ~[na:na]
	at java.base/java.lang.reflect.Method.invoke(Method.java:580) ~[na:na]
	at org.junit.platform.commons.util.ReflectionUtils.invokeMethod(ReflectionUtils.java:775) ~[junit-platform-commons-1.12.2.jar:1.12.2]
	at org.junit.platform.commons.support.ReflectionSupport.invokeMethod(ReflectionSupport.java:479) ~[junit-platform-commons-1.12.2.jar:1.12.2]
	at org.junit.jupiter.engine.execution.MethodInvocation.proceed(MethodInvocation.java:60) ~[junit-jupiter-engine-5.12.2.jar:5.12.2]
	at org.junit.jupiter.engine.execution.InvocationInterceptorChain$ValidatingInvocation.proceed(InvocationInterceptorChain.java:131) ~[junit-jupiter-engine-5.12.2.jar:5.12.2]
	at org.junit.jupiter.engine.extension.TimeoutExtension.intercept(TimeoutExtension.java:161) ~[junit-jupiter-engine-5.12.2.jar:5.12.2]
	at org.junit.jupiter.engine.extension.TimeoutExtension.interceptTestableMethod(TimeoutExtension.java:152) ~[junit-jupiter-engine-5.12.2.jar:5.12.2]
	at org.junit.jupiter.engine.extension.TimeoutExtension.interceptTestMethod(TimeoutExtension.java:91) ~[junit-jupiter-engine-5.12.2.jar:5.12.2]
	at org.junit.jupiter.engine.execution.InterceptingExecutableInvoker$ReflectiveInterceptorCall.lambda$ofVoidMethod$0(InterceptingExecutableInvoker.java:112) ~[junit-jupiter-engine-5.12.2.jar:5.12.2]
	at org.junit.jupiter.engine.execution.InterceptingExecutableInvoker.lambda$invoke$0(InterceptingExecutableInvoker.java:94) ~[junit-jupiter-engine-5.12.2.jar:5.12.2]
	at org.junit.jupiter.engine.execution.InvocationInterceptorChain$InterceptedInvocation.proceed(InvocationInterceptorChain.java:106) ~[junit-jupiter-engine-5.12.2.jar:5.12.2]
	at org.junit.jupiter.engine.execution.InvocationInterceptorChain.proceed(InvocationInterceptorChain.java:64) ~[junit-jupiter-engine-5.12.2.jar:5.12.2]
	at org.junit.jupiter.engine.execution.InvocationInterceptorChain.chainAndInvoke(InvocationInterceptorChain.java:45) ~[junit-jupiter-engine-5.12.2.jar:5.12.2]
	at org.junit.jupiter.engine.execution.InvocationInterceptorChain.invoke(InvocationInterceptorChain.java:37) ~[junit-jupiter-engine-5.12.2.jar:5.12.2]
	at org.junit.jupiter.engine.execution.InterceptingExecutableInvoker.invoke(InterceptingExecutableInvoker.java:93) ~[junit-jupiter-engine-5.12.2.jar:5.12.2]
	at org.junit.jupiter.engine.execution.InterceptingExecutableInvoker.invoke(InterceptingExecutableInvoker.java:87) ~[junit-jupiter-engine-5.12.2.jar:5.12.2]
	at org.junit.jupiter.engine.descriptor.TestMethodTestDescriptor.lambda$invokeTestMethod$7(TestMethodTestDescriptor.java:216) ~[junit-jupiter-engine-5.12.2.jar:5.12.2]
	at org.junit.platform.engine.support.hierarchical.ThrowableCollector.execute(ThrowableCollector.java:73) ~[junit-platform-engine-1.12.2.jar:1.12.2]
	at org.junit.jupiter.engine.descriptor.TestMethodTestDescriptor.invokeTestMethod(TestMethodTestDescriptor.java:212) ~[junit-jupiter-engine-5.12.2.jar:5.12.2]
	at org.junit.jupiter.engine.descriptor.TestMethodTestDescriptor.execute(TestMethodTestDescriptor.java:137) ~[junit-jupiter-engine-5.12.2.jar:5.12.2]
	at org.junit.jupiter.engine.descriptor.TestMethodTestDescriptor.execute(TestMethodTestDescriptor.java:69) ~[junit-jupiter-engine-5.12.2.jar:5.12.2]
	at org.junit.platform.engine.support.hierarchical.NodeTestTask.lambda$executeRecursively$6(NodeTestTask.java:156) ~[junit-platform-engine-1.12.2.jar:1.12.2]
	at org.junit.platform.engine.support.hierarchical.ThrowableCollector.execute(ThrowableCollector.java:73) ~[junit-platform-engine-1.12.2.jar:1.12.2]
	at org.junit.platform.engine.support.hierarchical.NodeTestTask.lambda$executeRecursively$8(NodeTestTask.java:146) ~[junit-platform-engine-1.12.2.jar:1.12.2]
	at org.junit.platform.engine.support.hierarchical.Node.around(Node.java:137) ~[junit-platform-engine-1.12.2.jar:1.12.2]
	at org.junit.platform.engine.support.hierarchical.NodeTestTask.lambda$executeRecursively$9(NodeTestTask.java:144) ~[junit-platform-engine-1.12.2.jar:1.12.2]
	at org.junit.platform.engine.support.hierarchical.ThrowableCollector.execute(ThrowableCollector.java:73) ~[junit-platform-engine-1.12.2.jar:1.12.2]
	at org.junit.platform.engine.support.hierarchical.NodeTestTask.executeRecursively(NodeTestTask.java:143) ~[junit-platform-engine-1.12.2.jar:1.12.2]
	at org.junit.platform.engine.support.hierarchical.NodeTestTask.execute(NodeTestTask.java:100) ~[junit-platform-engine-1.12.2.jar:1.12.2]
	at java.base/java.util.ArrayList.forEach(ArrayList.java:1596) ~[na:na]
	at org.junit.platform.engine.support.hierarchical.SameThreadHierarchicalTestExecutorService.invokeAll(SameThreadHierarchicalTestExecutorService.java:41) ~[junit-platform-engine-1.12.2.jar:1.12.2]
	at org.junit.platform.engine.support.hierarchical.NodeTestTask.lambda$executeRecursively$6(NodeTestTask.java:160) ~[junit-platform-engine-1.12.2.jar:1.12.2]
	at org.junit.platform.engine.support.hierarchical.ThrowableCollector.execute(ThrowableCollector.java:73) ~[junit-platform-engine-1.12.2.jar:1.12.2]
	at org.junit.platform.engine.support.hierarchical.NodeTestTask.lambda$executeRecursively$8(NodeTestTask.java:146) ~[junit-platform-engine-1.12.2.jar:1.12.2]
	at org.junit.platform.engine.support.hierarchical.Node.around(Node.java:137) ~[junit-platform-engine-1.12.2.jar:1.12.2]
	at org.junit.platform.engine.support.hierarchical.NodeTestTask.lambda$executeRecursively$9(NodeTestTask.java:144) ~[junit-platform-engine-1.12.2.jar:1.12.2]
	at org.junit.platform.engine.support.hierarchical.ThrowableCollector.execute(ThrowableCollector.java:73) ~[junit-platform-engine-1.12.2.jar:1.12.2]
	at org.junit.platform.engine.support.hierarchical.NodeTestTask.executeRecursively(NodeTestTask.java:143) ~[junit-platform-engine-1.12.2.jar:1.12.2]
	at org.junit.platform.engine.support.hierarchical.NodeTestTask.execute(NodeTestTask.java:100) ~[junit-platform-engine-1.12.2.jar:1.12.2]
	at java.base/java.util.ArrayList.forEach(ArrayList.java:1596) ~[na:na]
	at org.junit.platform.engine.support.hierarchical.SameThreadHierarchicalTestExecutorService.invokeAll(SameThreadHierarchicalTestExecutorService.java:41) ~[junit-platform-engine-1.12.2.jar:1.12.2]
	at org.junit.platform.engine.support.hierarchical.NodeTestTask.lambda$executeRecursively$6(NodeTestTask.java:160) ~[junit-platform-engine-1.12.2.jar:1.12.2]
	at org.junit.platform.engine.support.hierarchical.ThrowableCollector.execute(ThrowableCollector.java:73) ~[junit-platform-engine-1.12.2.jar:1.12.2]
	at org.junit.platform.engine.support.hierarchical.NodeTestTask.lambda$executeRecursively$8(NodeTestTask.java:146) ~[junit-platform-engine-1.12.2.jar:1.12.2]
	at org.junit.platform.engine.support.hierarchical.Node.around(Node.java:137) ~[junit-platform-engine-1.12.2.jar:1.12.2]
	at org.junit.platform.engine.support.hierarchical.NodeTestTask.lambda$executeRecursively$9(NodeTestTask.java:144) ~[junit-platform-engine-1.12.2.jar:1.12.2]
	at org.junit.platform.engine.support.hierarchical.ThrowableCollector.execute(ThrowableCollector.java:73) ~[junit-platform-engine-1.12.2.jar:1.12.2]
	at org.junit.platform.engine.support.hierarchical.NodeTestTask.executeRecursively(NodeTestTask.java:143) ~[junit-platform-engine-1.12.2.jar:1.12.2]
	at org.junit.platform.engine.support.hierarchical.NodeTestTask.execute(NodeTestTask.java:100) ~[junit-platform-engine-1.12.2.jar:1.12.2]
	at org.junit.platform.engine.support.hierarchical.SameThreadHierarchicalTestExecutorService.submit(SameThreadHierarchicalTestExecutorService.java:35) ~[junit-platform-engine-1.12.2.jar:1.12.2]
	at org.junit.platform.engine.support.hierarchical.HierarchicalTestExecutor.execute(HierarchicalTestExecutor.java:57) ~[junit-platform-engine-1.12.2.jar:1.12.2]
	at org.junit.platform.engine.support.hierarchical.HierarchicalTestEngine.execute(HierarchicalTestEngine.java:54) ~[junit-platform-engine-1.12.2.jar:1.12.2]
	at org.junit.platform.launcher.core.EngineExecutionOrchestrator.execute(EngineExecutionOrchestrator.java:201) ~[junit-platform-launcher-1.12.2.jar:1.12.2]
	at org.junit.platform.launcher.core.EngineExecutionOrchestrator.execute(EngineExecutionOrchestrator.java:170) ~[junit-platform-launcher-1.12.2.jar:1.12.2]
	at org.junit.platform.launcher.core.EngineExecutionOrchestrator.execute(EngineExecutionOrchestrator.java:94) ~[junit-platform-launcher-1.12.2.jar:1.12.2]
	at org.junit.platform.launcher.core.EngineExecutionOrchestrator.lambda$execute$0(EngineExecutionOrchestrator.java:59) ~[junit-platform-launcher-1.12.2.jar:1.12.2]
	at org.junit.platform.launcher.core.EngineExecutionOrchestrator.withInterceptedStreams(EngineExecutionOrchestrator.java:142) ~[junit-platform-launcher-1.12.2.jar:1.12.2]
	at org.junit.platform.launcher.core.EngineExecutionOrchestrator.execute(EngineExecutionOrchestrator.java:58) ~[junit-platform-launcher-1.12.2.jar:1.12.2]
	at org.junit.platform.launcher.core.DefaultLauncher.execute(DefaultLauncher.java:103) ~[junit-platform-launcher-1.12.2.jar:1.12.2]
	at org.junit.platform.launcher.core.DefaultLauncher.execute(DefaultLauncher.java:85) ~[junit-platform-launcher-1.12.2.jar:1.12.2]
	at org.junit.platform.launcher.core.DelegatingLauncher.execute(DelegatingLauncher.java:47) ~[junit-platform-launcher-1.12.2.jar:1.12.2]
	at org.junit.platform.launcher.core.InterceptingLauncher.lambda$execute$1(InterceptingLauncher.java:39) ~[junit-platform-launcher-1.12.2.jar:1.12.2]
	at org.junit.platform.launcher.core.ClasspathAlignmentCheckingLauncherInterceptor.intercept(ClasspathAlignmentCheckingLauncherInterceptor.java:25) ~[junit-platform-launcher-1.12.2.jar:1.12.2]
	at org.junit.platform.launcher.core.InterceptingLauncher.execute(InterceptingLauncher.java:38) ~[junit-platform-launcher-1.12.2.jar:1.12.2]
	at org.junit.platform.launcher.core.DelegatingLauncher.execute(DelegatingLauncher.java:47) ~[junit-platform-launcher-1.12.2.jar:1.12.2]
	at org.apache.maven.surefire.junitplatform.LauncherAdapter.executeWithoutCancellationToken(LauncherAdapter.java:60) ~[surefire-junit-platform-3.5.6.jar:3.5.6]
	at org.apache.maven.surefire.junitplatform.LauncherAdapter.execute(LauncherAdapter.java:52) ~[surefire-junit-platform-3.5.6.jar:3.5.6]
	at org.apache.maven.surefire.junitplatform.JUnitPlatformProvider.execute(JUnitPlatformProvider.java:203) ~[surefire-junit-platform-3.5.6.jar:3.5.6]
	at org.apache.maven.surefire.junitplatform.JUnitPlatformProvider.invokeAllTests(JUnitPlatformProvider.java:168) ~[surefire-junit-platform-3.5.6.jar:3.5.6]
	at org.apache.maven.surefire.junitplatform.JUnitPlatformProvider.invoke(JUnitPlatformProvider.java:136) ~[surefire-junit-platform-3.5.6.jar:3.5.6]
	at org.apache.maven.surefire.booter.ForkedBooter.runSuitesInProcess(ForkedBooter.java:385) ~[surefire-booter-3.5.6.jar:3.5.6]
	at org.apache.maven.surefire.booter.ForkedBooter.execute(ForkedBooter.java:162) ~[surefire-booter-3.5.6.jar:3.5.6]
	at org.apache.maven.surefire.booter.ForkedBooter.run(ForkedBooter.java:507) ~[surefire-booter-3.5.6.jar:3.5.6]
	at org.apache.maven.surefire.booter.ForkedBooter.main(ForkedBooter.java:495) ~[surefire-booter-3.5.6.jar:3.5.6]

2026-09-26T01:25:25.140+02:00 ERROR 34255 --- [agilityhub-core-api] [           main] c.a.c.p.application.jobs.JobRunner       : Job lease expired jobRunId=s08-dead-cleanup job=CLEANUP clubId=s08-a
2026-09-26T01:25:25.141+02:00  WARN 34255 --- [agilityhub-core-api] [           main] c.a.c.c.common.application.CleanupJob    : Cleanup platform cycle released by a failed run jobRunId=s08-dead-cleanup clubId=s08-a
[ERROR] Tests run: 6, Failures: 1, Errors: 0, Skipped: 0, Time elapsed: 0.917 s <<< FAILURE! -- in com.agilityhub.core.clubs.bookings.api.CleanupJobIT
[ERROR] com.agilityhub.core.clubs.bookings.api.CleanupJobIT.T_15_27_cleanupDeletesOnlyExpiredTechnicalDataAndKeepsTheLastFiveRuns -- Time elapsed: 0.116 s <<< FAILURE!
java.lang.AssertionError: 

Expecting map:
  {"WOULD_DELETE"=6L, "WOULD_DELETE_domainEvents"=1L, "WOULD_DELETE_exports"=1L, "WOULD_DELETE_jobRuns"=3L, "WOULD_DELETE_orphanUploads"=3L, "WOULD_DELETE_stripeEvents"=0L, "platformPass"=0L, "ttlPendingIdempotencyRecords"=1L, "ttlPendingJobLocks"=1L, "ttlPendingMagicLinkTokens"=1L, "ttlPendingSeatHolds"=1L, "ttlPendingSignupNotificationAdmissions"=1L}
to contain entries:
  ["ttlPendingRingSlotLocks"=1L]
but could not find the following map entries:
  ["ttlPendingRingSlotLocks"=1L]
	at com.agilityhub.core.clubs.bookings.api.CleanupJobIT.T_15_27_cleanupDeletesOnlyExpiredTechnicalDataAndKeepsTheLastFiveRuns(CleanupJobIT.java:250)
	at java.base/java.lang.reflect.Method.invoke(Method.java:580)
	at java.base/java.util.ArrayList.forEach(ArrayList.java:1596)
	at java.base/java.util.ArrayList.forEach(ArrayList.java:1596)

[INFO] Running com.agilityhub.core.platform.api.SettingsIT
2026-09-26T01:25:25.455+02:00  INFO 34255 --- [agilityhub-core-api] [           main] t.c.s.AnnotationConfigContextLoaderUtils : Could not detect default configuration classes for test class [com.agilityhub.core.platform.api.SettingsIT]: SettingsIT does not declare any static, non-private, non-final, nested classes annotated with @Configuration.
2026-09-26T01:25:25.474+02:00  INFO 34255 --- [agilityhub-core-api] [           main] .b.t.c.SpringBootTestContextBootstrapper : Found @SpringBootConfiguration com.agilityhub.core.CoreApplication for test class com.agilityhub.core.platform.api.SettingsIT
2026-09-26T01:25:26.222+02:00  WARN 34255 --- [agilityhub-core-api] [           main] c.a.core.shared.api.ApiExceptionHandler  : Framework request rejected code=VALIDATION_ERROR traceId=4f7707fe-3836-47a3-8e14-576136780419
2026-09-26T01:25:26.417+02:00  WARN 34255 --- [agilityhub-core-api] [           main] c.n.schema.UnknownKeywordFactory         : Unknown keyword components - you should define your own Meta Schema. If the keyword is irrelevant for validation, just use a NonValidationKeyword or if it should generate annotations AnnotationKeyword
[ERROR] Tests run: 20, Failures: 2, Errors: 0, Skipped: 0, Time elapsed: 1.423 s <<< FAILURE! -- in com.agilityhub.core.platform.api.SettingsIT
[ERROR] com.agilityhub.core.platform.api.SettingsIT.R_02_06_anEsClubStoresASevenDigitDniPaddedAndBothWritingsAreTheSameId -- Time elapsed: 0.035 s <<< FAILURE!
org.opentest4j.AssertionFailedError: 

expected: "01234567L"
 but was: "1234567L"
	at com.agilityhub.core.platform.api.SettingsIT.R_02_06_anEsClubStoresASevenDigitDniPaddedAndBothWritingsAreTheSameId(SettingsIT.java:377)
	at java.base/java.lang.reflect.Method.invoke(Method.java:580)
	at java.base/java.util.ArrayList.forEach(ArrayList.java:1596)
	at java.base/java.util.ArrayList.forEach(ArrayList.java:1596)

[ERROR] com.agilityhub.core.platform.api.SettingsIT.R_02_06_aTaxIdOfSeparatorsOnlyIsRefusedAndOnlyBlankOrNullClearsIt -- Time elapsed: 0.030 s <<< FAILURE!
java.lang.AssertionError: Status expected:<400> but was:<200>
	at org.springframework.test.util.AssertionErrors.fail(AssertionErrors.java:61)
	at org.springframework.test.util.AssertionErrors.assertEquals(AssertionErrors.java:128)
	at org.springframework.test.web.servlet.result.StatusResultMatchers.lambda$matcher$9(StatusResultMatchers.java:640)
	at org.springframework.test.web.servlet.MockMvc$1.andExpect(MockMvc.java:214)
	at com.agilityhub.core.platform.api.SettingsIT.R_02_06_aTaxIdOfSeparatorsOnlyIsRefusedAndOnlyBlankOrNullClearsIt(SettingsIT.java:358)
	at java.base/java.lang.reflect.Method.invoke(Method.java:580)
	at java.base/java.util.ArrayList.forEach(ArrayList.java:1596)
	at java.base/java.util.ArrayList.forEach(ArrayList.java:1596)

[INFO] Running com.agilityhub.core.platform.application.definition.ClubDefinitionsIT
2026-09-26T01:25:26.879+02:00  INFO 34255 --- [agilityhub-core-api] [           main] t.c.s.AnnotationConfigContextLoaderUtils : Could not detect default configuration classes for test class [com.agilityhub.core.platform.application.definition.ClubDefinitionsIT]: ClubDefinitionsIT does not declare any static, non-private, non-final, nested classes annotated with @Configuration.
2026-09-26T01:25:26.898+02:00  INFO 34255 --- [agilityhub-core-api] [           main] .b.t.c.SpringBootTestContextBootstrapper : Found @SpringBootConfiguration com.agilityhub.core.CoreApplication for test class com.agilityhub.core.platform.application.definition.ClubDefinitionsIT

  .   ____          _            __ _ _
 /\\ / ___'_ __ _ _(_)_ __  __ _ \ \ \ \
( ( )\___ | '_ | '_| | '_ \/ _` | \ \ \ \
 \\/  ___)| |_)| | | | | || (_| |  ) ) ) )
  '  |____| .__|_| |_|_| |_\__, | / / / /
 =========|_|==============|___/=/_/_/_/

 :: Spring Boot ::               (v3.5.16)

2026-09-26T01:25:26.909+02:00  INFO 34255 --- [agilityhub-core-api] [           main] c.a.c.p.a.definition.ClubDefinitionsIT   : Starting ClubDefinitionsIT using Java 21.0.12.1 with PID 34255 (started by jordib in /Users/jordib/dev/agilityhub/agilityhub-core-api)
2026-09-26T01:25:26.909+02:00  INFO 34255 --- [agilityhub-core-api] [           main] c.a.c.p.a.definition.ClubDefinitionsIT   : The following 1 profile is active: "test"
2026-09-26T01:25:27.090+02:00  INFO 34255 --- [agilityhub-core-api] [           main] .s.d.r.c.RepositoryConfigurationDelegate : Bootstrapping Spring Data MongoDB repositories in DEFAULT mode.
2026-09-26T01:25:27.108+02:00  INFO 34255 --- [agilityhub-core-api] [           main] .s.d.r.c.RepositoryConfigurationDelegate : Finished Spring Data repository scanning in 17 ms. Found 0 MongoDB repository interfaces.
2026-09-26T01:25:27.146+02:00  INFO 34255 --- [agilityhub-core-api] [           main] org.mongodb.driver.client                : MongoClient with metadata {"driver": {"name": "mongo-java-driver|sync|spring-boot", "version": "5.5.2"}, "os": {"type": "Darwin", "name": "Mac OS X", "architecture": "aarch64", "version": "26.4.1"}, "platform": "Java/Homebrew/21.0.12.1"} created with settings MongoClientSettings{readPreference=primary, writeConcern=WriteConcern{w=null, wTimeout=null ms, journal=null}, retryWrites=true, retryReads=true, readConcern=ReadConcern{level=null}, credential=null, transportSettings=null, commandListeners=[io.micrometer.core.instrument.binder.mongodb.MongoMetricsCommandListener@60c7cc84], codecRegistry=ProvidersCodecRegistry{codecProviders=[ValueCodecProvider{}, BsonValueCodecProvider{}, DBRefCodecProvider{}, DBObjectCodecProvider{}, DocumentCodecProvider{}, CollectionCodecProvider{}, IterableCodecProvider{}, MapCodecProvider{}, GeoJsonCodecProvider{}, GridFSFileCodecProvider{}, Jsr310CodecProvider{}, JsonObjectCodecProvider{}, BsonCodecProvider{}, EnumCodecProvider{}, com.mongodb.client.model.mql.ExpressionCodecProvider@2a1a57e5, com.mongodb.Jep395RecordCodecProvider@10e0c815, com.mongodb.KotlinCodecProvider@59d2198d]}, loggerSettings=LoggerSettings{maxDocumentLength=1000}, clusterSettings={hosts=[localhost:60521], srvServiceName=mongodb, mode=SINGLE, requiredClusterType=UNKNOWN, requiredReplicaSetName='null', serverSelector='null', clusterListeners='[]', serverSelectionTimeout='30000 ms', localThreshold='15 ms'}, socketSettings=SocketSettings{connectTimeoutMS=10000, readTimeoutMS=0, receiveBufferSize=0, proxySettings=ProxySettings{host=null, port=null, username=null, password=null}}, heartbeatSocketSettings=SocketSettings{connectTimeoutMS=10000, readTimeoutMS=10000, receiveBufferSize=0, proxySettings=ProxySettings{host=null, port=null, username=null, password=null}}, connectionPoolSettings=ConnectionPoolSettings{maxSize=100, minSize=0, maxWaitTimeMS=120000, maxConnectionLifeTimeMS=0, maxConnectionIdleTimeMS=0, maintenanceInitialDelayMS=0, maintenanceFrequencyMS=60000, connectionPoolListeners=[io.micrometer.core.instrument.binder.mongodb.MongoMetricsConnectionPoolListener@6ce8f78e], maxConnecting=2}, serverSettings=ServerSettings{heartbeatFrequencyMS=10000, minHeartbeatFrequencyMS=500, serverMonitoringMode=AUTO, serverListeners='[]', serverMonitorListeners='[]'}, sslSettings=SslSettings{enabled=false, invalidHostNameAllowed=false, context=null}, applicationName='null', compressorList=[], uuidRepresentation=JAVA_LEGACY, serverApi=null, autoEncryptionSettings=null, dnsClient=null, inetAddressResolver=null, contextProvider=null, timeoutMS=null}
2026-09-26T01:25:27.148+02:00  INFO 34255 --- [agilityhub-core-api] [localhost:60521] org.mongodb.driver.cluster               : Monitor thread successfully connected to server with description ServerDescription{address=localhost:60521, type=REPLICA_SET_PRIMARY, cryptd=false, state=CONNECTED, ok=true, minWireVersion=0, maxWireVersion=21, maxDocumentSize=16777216, logicalSessionTimeoutMinutes=30, roundTripTimeNanos=1737250, minRoundTripTimeNanos=0, setName='docker-rs', canonicalAddress=37472db42ff2:27017, hosts=[37472db42ff2:27017], passives=[], arbiters=[], primary='37472db42ff2:27017', tagSet=TagSet{[]}, electionId=7fffffff0000000000000001, setVersion=1, topologyVersion=TopologyVersion{processId=6ab702d9e02ca1396d89ea9b, counter=6}, lastWriteDate=Sat Sep 26 01:25:26 CEST 2026, lastUpdateTimeNanos=182532534099583}
2026-09-26T01:25:28.195+02:00  INFO 34255 --- [agilityhub-core-api] [           main] o.s.b.t.m.w.SpringBootMockServletContext : Initializing Spring TestDispatcherServlet ''
2026-09-26T01:25:28.195+02:00  INFO 34255 --- [agilityhub-core-api] [           main] o.s.t.web.servlet.TestDispatcherServlet  : Initializing Servlet ''
2026-09-26T01:25:28.196+02:00  INFO 34255 --- [agilityhub-core-api] [           main] o.s.t.web.servlet.TestDispatcherServlet  : Completed initialization in 0 ms
2026-09-26T01:25:28.212+02:00  INFO 34255 --- [agilityhub-core-api] [           main] c.a.c.p.a.definition.ClubDefinitionsIT   : Started ClubDefinitionsIT in 1.312 seconds (process running for 16.49)
2026-09-26T01:25:28.334+02:00  INFO 34255 --- [agilityhub-core-api] [           main] c.a.c.c.c.persistence.CensusPersistence  : Dog.nameKey migrated for 24 dogs
[ERROR] Tests run: 15, Failures: 2, Errors: 0, Skipped: 0, Time elapsed: 14.78 s <<< FAILURE! -- in com.agilityhub.core.platform.application.definition.ClubDefinitionsIT
[ERROR] com.agilityhub.core.platform.application.definition.ClubDefinitionsIT.R_02_06_clubApplyRefusesATaxIdOfSeparatorsOnlyAndOnlyBlankClearsIt -- Time elapsed: 0.699 s <<< FAILURE!
java.lang.AssertionError: 

Expecting code to raise a throwable.
	at com.agilityhub.core.platform.application.definition.ClubDefinitionsIT.R_02_06_clubApplyRefusesATaxIdOfSeparatorsOnlyAndOnlyBlankClearsIt(ClubDefinitionsIT.java:221)
	at java.base/java.lang.reflect.Method.invoke(Method.java:580)
	at java.base/java.util.ArrayList.forEach(ArrayList.java:1596)
	at java.base/java.util.ArrayList.forEach(ArrayList.java:1596)

[ERROR] com.agilityhub.core.platform.application.definition.ClubDefinitionsIT.R_02_06_clubApplyStoresASevenDigitDniPaddedUnderEs -- Time elapsed: 0.507 s <<< FAILURE!
org.opentest4j.AssertionFailedError: 

expected: "01234567L"
 but was: "1234567L"
	at com.agilityhub.core.platform.application.definition.ClubDefinitionsIT.R_02_06_clubApplyStoresASevenDigitDniPaddedUnderEs(ClubDefinitionsIT.java:241)
	at java.base/java.lang.reflect.Method.invoke(Method.java:580)
	at java.base/java.util.ArrayList.forEach(ArrayList.java:1596)
	at java.base/java.util.ArrayList.forEach(ArrayList.java:1596)

[INFO] 
[INFO] Results:
[INFO] 
[ERROR] Failures: 
[ERROR]   CleanupJobIT.T_15_27_cleanupDeletesOnlyExpiredTechnicalDataAndKeepsTheLastFiveRuns:250 
Expecting map:
  {"WOULD_DELETE"=6L, "WOULD_DELETE_domainEvents"=1L, "WOULD_DELETE_exports"=1L, "WOULD_DELETE_jobRuns"=3L, "WOULD_DELETE_orphanUploads"=3L, "WOULD_DELETE_stripeEvents"=0L, "platformPass"=0L, "ttlPendingIdempotencyRecords"=1L, "ttlPendingJobLocks"=1L, "ttlPendingMagicLinkTokens"=1L, "ttlPendingSeatHolds"=1L, "ttlPendingSignupNotificationAdmissions"=1L}
to contain entries:
  ["ttlPendingRingSlotLocks"=1L]
but could not find the following map entries:
  ["ttlPendingRingSlotLocks"=1L]
[ERROR]   RiskReviewJobIT.T_15_15_E37_willCancelOnlyWhenTheRiskReviewWillReallyRunForTheClass:246 
Expecting actual:
  ["s08-late:AT_RISK:0",
    "s08-early:WILL_CANCEL:0",
    "s08-edge:WILL_CANCEL:0",
    "s08-next:WILL_CANCEL:0"]
to contain exactly (and in same order):
  ["s08-late:AT_RISK:0",
    "s08-early:AT_RISK:0",
    "s08-edge:AT_RISK:0",
    "s08-next:WILL_CANCEL:0"]
but some elements were not found:
  ["s08-early:AT_RISK:0", "s08-edge:AT_RISK:0"]
and others were not expected:
  ["s08-early:WILL_CANCEL:0", "s08-edge:WILL_CANCEL:0"]

[ERROR]   E5PersistenceIT.T_15_27_R_15_19_ringSlotLocksExpireSevenDaysAfterTheirSlotThroughATtlIndex:162 [created at startup] 
Expecting actual not to be null
[ERROR]   SettingsIT.R_02_06_aTaxIdOfSeparatorsOnlyIsRefusedAndOnlyBlankOrNullClearsIt:358 Status expected:<400> but was:<200>
[ERROR]   SettingsIT.R_02_06_anEsClubStoresASevenDigitDniPaddedAndBothWritingsAreTheSameId:377 
expected: "01234567L"
 but was: "1234567L"
[ERROR]   ClubDefinitionsIT.R_02_06_clubApplyRefusesATaxIdOfSeparatorsOnlyAndOnlyBlankClearsIt:221 
Expecting code to raise a throwable.
[ERROR]   ClubDefinitionsIT.R_02_06_clubApplyStoresASevenDigitDniPaddedUnderEs:241 
expected: "01234567L"
 but was: "1234567L"
[INFO] 
[ERROR] Tests run: 54, Failures: 7, Errors: 0, Skipped: 0
[INFO] 
[INFO] ------------------------------------------------------------------------
[INFO] BUILD FAILURE
[INFO] ------------------------------------------------------------------------
[INFO] Total time:  31.448 s
[INFO] Finished at: 2026-09-26T01:25:42+02:00
[INFO] ------------------------------------------------------------------------
[ERROR] Failed to execute goal org.apache.maven.plugins:maven-surefire-plugin:3.5.6:test (default-test) on project agilityhub-core-api: There are test failures.
[ERROR] 
[ERROR] See /Users/jordib/dev/agilityhub/agilityhub-core-api/target/surefire-reports for the individual test results.
[ERROR] See dump files (if any exist) [date].dump, [date]-jvmRun[N].dump and [date].dumpstream.
[ERROR] -> [Help 1]
[ERROR] 
[ERROR] To see the full stack trace of the errors, re-run Maven with the -e switch.
[ERROR] Re-run Maven using the -X switch to enable full debug logging.
[ERROR] 
[ERROR] For more information about the errors and possible solutions, please read the following articles:
[ERROR] [Help 1] http://cwiki.apache.org/confluence/display/MAVEN/MojoFailureException
