[ERROR] Tests run: 10, Failures: 1, Errors: 0, Skipped: 0, Time elapsed: 0.583 s <<< FAILURE! -- in com.agilityhub.core.configuration.E8ResponseContractTest
[ERROR] com.agilityhub.core.configuration.E8ResponseContractTest.WP_12_A_WP_13_A_notificationsMatchTheirCatalogRowsAndVariables -- Time elapsed: 0.011 s <<< FAILURE!
java.lang.AssertionError: 
[N-18b bookingsInside] 
Expecting actual:
  "| N-18b | Inactivitat aprovada/denegada | `InactivityResolved` | PERSONAL | MEMBER → APP+EMAIL | from_month, to_month, decision, fee | — | S13 |Variants: N-02 `MIGRATED` (S18, benvinguda dels abonats migrats) · N-32b amb `origin=BACKOFFICE` → CLUB_CHANGES (S07) · N-36 cobreix també les reserves de classe fetes/anul·lades pel club. Accions natives noves: `OPEN_JOBS`, `OPEN_EXPORT`, `OPEN_CHALLENGE`, `OPEN_MEMBER`, `OPEN_SIGNUP`. Variables noves: `upfront_total`, `payment_instructions`, `pay_link` (N-01), `member_last_names`, `dog_name_article`, `kind` (N-13), `class_description` (N-13/N-15/N-16/N-19), `admin_text`/`cancelled_count` (N-18b/N-28), `decision`, `source`, `member_first_name`, `dog_name` (N-28), `gender` (N-21/N-22), `auto_cancel` (N-16/N-17). Origen: `decision` i `source` de N-28 venen de S13 §13-7 i de la revisió global del 26-09; `class_description` de N-13, N-15 i N-16, `member_first_name` i `dog_name` de N-28 i `gender` de N-21 i N-22, de les verificacions d'E7-T01 i d'E6-T03 del 27-09, decisió E66."
to contain:
  "bookingsInside" 
	at com.agilityhub.core.configuration.E8ResponseContractTest.lambda$WP_12_A_WP_13_A_notificationsMatchTheirCatalogRowsAndVariables$12(E8ResponseContractTest.java:270)
	at java.base/java.util.Iterator.forEachRemaining(Iterator.java:133)
	at com.agilityhub.core.configuration.E8ResponseContractTest.WP_12_A_WP_13_A_notificationsMatchTheirCatalogRowsAndVariables(E8ResponseContractTest.java:261)
	at java.base/java.lang.reflect.Method.invoke(Method.java:580)
	at java.base/java.util.ArrayList.forEach(ArrayList.java:1596)
	at java.base/java.util.ArrayList.forEach(ArrayList.java:1596)

10:28:04.860 [main] INFO org.springframework.test.context.support.AnnotationConfigContextLoaderUtils -- Could not detect default configuration classes for test class [com.agilityhub.core.clubs.bookings.api.LifecycleIT]: LifecycleIT does not declare any static, non-private, non-final, nested classes annotated with @Configuration.
10:28:04.979 [main] INFO org.springframework.boot.test.context.SpringBootTestContextBootstrapper -- Found @SpringBootConfiguration com.agilityhub.core.CoreApplication for test class com.agilityhub.core.clubs.bookings.api.LifecycleIT
10:28:05.046 [main] INFO org.testcontainers.images.PullPolicy -- Image pull policy will be performed by: DefaultPullPolicy()
10:28:05.047 [main] INFO org.testcontainers.utility.ImageNameSubstitutor -- Image name substitution will be performed by: DefaultImageNameSubstitutor (composite of 'ConfigurationFileImageNameSubstitutor' and 'PrefixingImageNameSubstitutor')
10:28:05.050 [main] INFO org.testcontainers.DockerClientFactory -- Testcontainers version: 1.21.4
10:28:05.183 [main] INFO org.testcontainers.dockerclient.DockerClientProviderStrategy -- Loaded org.testcontainers.dockerclient.UnixSocketClientProviderStrategy from ~/.testcontainers.properties, will try it first
10:28:05.330 [main] INFO org.testcontainers.dockerclient.DockerClientProviderStrategy -- Found Docker environment with local Unix socket (unix:///var/run/docker.sock)
10:28:05.331 [main] INFO org.testcontainers.DockerClientFactory -- Docker host IP address is localhost
10:28:05.345 [main] INFO org.testcontainers.DockerClientFactory -- Connected to docker: 
  Server Version: 29.8.2
  API Version: 1.56
  Operating System: Docker Desktop
  Total Memory: 7931 MB
  Labels: 
    com.docker.desktop.address=unix:///Users/jordib/Library/Containers/com.docker.docker/Data/docker-cli.sock
10:28:05.596 [main] INFO tc.testcontainers/ryuk:0.12.0 -- Creating container for image: testcontainers/ryuk:0.12.0
10:28:05.667 [main] INFO org.testcontainers.utility.RegistryAuthLocator -- Credential helper/store (docker-credential-desktop) does not have credentials for https://index.docker.io/v1/
10:28:05.735 [main] INFO tc.testcontainers/ryuk:0.12.0 -- Container testcontainers/ryuk:0.12.0 is starting: cba2f673...[truncated]
10:28:05.862 [main] INFO tc.testcontainers/ryuk:0.12.0 -- Container testcontainers/ryuk:0.12.0 started in PT0.265632S
10:28:05.866 [main] INFO org.testcontainers.utility.RyukResourceReaper -- Ryuk started - will monitor and terminate Testcontainers containers on JVM exit
10:28:05.866 [main] INFO org.testcontainers.DockerClientFactory -- Checking the system...
10:28:05.866 [main] INFO org.testcontainers.DockerClientFactory -- ✔︎ Docker server version should be at least 1.6.0
10:28:05.866 [main] INFO tc.mongo:7 -- Creating container for image: mongo:7
10:28:05.895 [main] INFO tc.mongo:7 -- Container mongo:7 is starting: 2b18ab6a...[truncated]
10:28:06.402 [main] INFO tc.mongo:7 -- Container mongo:7 started in PT0.535376S
Integration JVM availableProcessors=18

  .   ____          _            __ _ _
 /\\ / ___'_ __ _ _(_)_ __  __ _ \ \ \ \
( ( )\___ | '_ | '_| | '_ \/ _` | \ \ \ \
 \\/  ___)| |_)| | | | | || (_| |  ) ) ) )
  '  |____| .__|_| |_|_| |_\__, | / / / /
 =========|_|==============|___/=/_/_/_/

 :: Spring Boot ::               (v3.5.16)

2026-10-07T10:28:07.036+02:00 INFO  [main] c.a.core.clubs.bookings.api.LifecycleIT traceId= clubId= accountId= : Starting LifecycleIT using Java [redacted] with PID 79144 (started by jordib in /Users/jordib/dev/agilityhub/agilityhub-core-api)
2026-10-07T10:28:07.038+02:00 INFO  [main] c.a.core.clubs.bookings.api.LifecycleIT traceId= clubId= accountId= : The following 1 profile is active: "test"
2026-10-07T10:28:07.926+02:00 INFO  [main] o.s.d.r.c.RepositoryConfigurationDelegate traceId= clubId= accountId= : Bootstrapping Spring Data MongoDB repositories in DEFAULT mode.
2026-10-07T10:28:07.970+02:00 INFO  [main] o.s.d.r.c.RepositoryConfigurationDelegate traceId= clubId= accountId= : Finished Spring Data repository scanning in 40 ms. Found 0 MongoDB repository interfaces.
2026-10-07T10:28:08.366+02:00 INFO  [main] org.mongodb.driver.client traceId= clubId= accountId= : MongoClient with metadata {"driver": {"name": "mongo-java-driver|sync|spring-boot", "version": "5.5.2"}, "os": {"type": "Darwin", "name": "Mac OS X", "architecture": "aarch64", "version": "26.4.1"}, "platform": "Java/Homebrew/[redacted]"} created with settings MongoClientSettings{readPreference=primary, writeConcern=WriteConcern{w=null, wTimeout=null ms, journal=null}, retryWrites=true, retryReads=true, readConcern=ReadConcern{level=null}, credential=null, transportSettings=null, commandListeners=[io.micrometer.core.instrument.binder.mongodb.MongoMetricsCommandListener@75941ec3], codecRegistry=ProvidersCodecRegistry{codecProviders=[ValueCodecProvider{}, BsonValueCodecProvider{}, DBRefCodecProvider{}, DBObjectCodecProvider{}, DocumentCodecProvider{}, CollectionCodecProvider{}, IterableCodecProvider{}, MapCodecProvider{}, GeoJsonCodecProvider{}, GridFSFileCodecProvider{}, Jsr310CodecProvider{}, JsonObjectCodecProvider{}, BsonCodecProvider{}, EnumCodecProvider{}, com.mongodb.client.model.mql.ExpressionCodecProvider@28caba4b, com.mongodb.Jep395RecordCodecProvider@2f5d7ed6, com.mongodb.KotlinCodecProvider@340d7d7d]}, loggerSettings=LoggerSettings{maxDocumentLength=1000}, clusterSettings={hosts=[localhost:51852], srvServiceName=mongodb, mode=SINGLE, requiredClusterType=UNKNOWN, requiredReplicaSetName='null', serverSelector='null', clusterListeners='[]', serverSelectionTimeout='2000 ms', localThreshold='15 ms'}, socketSettings=SocketSettings{connectTimeoutMS=2000, readTimeoutMS=0, receiveBufferSize=0, proxySettings=ProxySettings{host=null, port=null, username=null, [redacted], heartbeatSocketSettings=SocketSettings{connectTimeoutMS=2000, readTimeoutMS=2000, receiveBufferSize=0, proxySettings=ProxySettings{host=null, port=null, username=null, [redacted], connectionPoolSettings=ConnectionPoolSettings{maxSize=100, minSize=0, maxWaitTimeMS=2000, maxConnectionLifeTimeMS=0, maxConnectionIdleTimeMS=0, maintenanceInitialDelayMS=0, maintenanceFrequencyMS=60000, connectionPoolListeners=[io.micrometer.core.instrument.binder.mongodb.MongoMetricsConnectionPoolListener@613a1f39], maxConnecting=2}, serverSettings=ServerSettings{heartbeatFrequencyMS=10000, minHeartbeatFrequencyMS=500, serverMonitoringMode=AUTO, serverListeners='[]', serverMonitorListeners='[]'}, sslSettings=SslSettings{enabled=false, invalidHostNameAllowed=false, context=null}, applicationName='null', compressorList=[], uuidRepresentation=JAVA_LEGACY, serverApi=null, autoEncryptionSettings=null, dnsClient=null, inetAddressResolver=null, contextProvider=null, timeoutMS=null}
2026-10-07T10:28:08.373+02:00 INFO  [cluster-ClusterId{value='6ac602988e9dcf420fcbc168', description='null'}-localhost:51852] org.mongodb.driver.cluster traceId= clubId= accountId= : Monitor thread successfully connected to server with description ServerDescription{address=localhost:51852, type=REPLICA_SET_PRIMARY, cryptd=false, state=CONNECTED, ok=true, minWireVersion=0, maxWireVersion=21, maxDocumentSize=16777216, logicalSessionTimeoutMinutes=30, roundTripTimeNanos=12414750, minRoundTripTimeNanos=0, setName='docker-rs', canonicalAddress=2b18ab6acc05:27017, hosts=[2b18ab6acc05:27017], passives=[], arbiters=[], primary='2b18ab6acc05:27017', tagSet=TagSet{[]}, electionId=7fffffff0000000000000001, setVersion=1, topologyVersion=TopologyVersion{processId=6ac602950bf78fc0020f286a, counter=6}, lastWriteDate=Wed Oct 07 10:28:06 CEST 2026, lastUpdateTimeNanos=[redacted]}
2026-10-07T10:28:11.387+02:00 INFO  [main] o.s.b.t.m.w.SpringBootMockServletContext traceId= clubId= accountId= : Initializing Spring TestDispatcherServlet ''
2026-10-07T10:28:11.387+02:00 INFO  [main] o.s.t.web.servlet.TestDispatcherServlet traceId= clubId= accountId= : Initializing Servlet ''
2026-10-07T10:28:11.387+02:00 INFO  [main] o.s.t.web.servlet.TestDispatcherServlet traceId= clubId= accountId= : Completed initialization in 0 ms
2026-10-07T10:28:11.420+02:00 INFO  [main] c.a.core.clubs.bookings.api.LifecycleIT traceId= clubId= accountId= : Started LifecycleIT in 4.557 seconds (process running for 7.678)
Mockito is currently self-attaching to enable the inline-mock-maker. This will no longer work in future releases of the JDK. Please add Mockito as an agent to your build as described in Mockito's documentation: https://javadoc.io/doc/org.mockito/mockito-core/latest/org.mockito/org/mockito/Mockito.html#0.3
WARNING: A Java agent has been loaded dynamically (/private/tmp/e8-t05-maven/repository/net/bytebuddy/byte-buddy-agent/1.17.8/byte-buddy-agent-1.17.8.jar)
WARNING: If a serviceability tool is in use, please run with -XX:+EnableDynamicAgentLoading to hide this warning
WARNING: If a serviceability tool is not in use, please run with -Djdk.instrument.traceUsage for more information
WARNING: Dynamic loading of agents will be disallowed by default in a future release
OpenJDK 64-Bit Server VM warning: Sharing is only supported for boot loader classes because bootstrap classpath has been appended
2026-10-07T10:28:17.167+02:00 INFO  [main] com.tngtech.archunit.core.PluginLoader traceId= clubId= accountId= : Detected Java version [redacted]
[ERROR] Failures: 
[ERROR]   E8ResponseContractTest.WP_12_A_WP_13_A_notificationsMatchTheirCatalogRowsAndVariables:261->lambda$WP_12_A_WP_13_A_notificationsMatchTheirCatalogRowsAndVariables$12:270 [N-18b bookingsInside] 
Expecting actual:
  "| N-18b | Inactivitat aprovada/denegada | `InactivityResolved` | PERSONAL | MEMBER → APP+EMAIL | from_month, to_month, decision, fee | — | S13 |Variants: N-02 `MIGRATED` (S18, benvinguda dels abonats migrats) · N-32b amb `origin=BACKOFFICE` → CLUB_CHANGES (S07) · N-36 cobreix també les reserves de classe fetes/anul·lades pel club. Accions natives noves: `OPEN_JOBS`, `OPEN_EXPORT`, `OPEN_CHALLENGE`, `OPEN_MEMBER`, `OPEN_SIGNUP`. Variables noves: `upfront_total`, `payment_instructions`, `pay_link` (N-01), `member_last_names`, `dog_name_article`, `kind` (N-13), `class_description` (N-13/N-15/N-16/N-19), `admin_text`/`cancelled_count` (N-18b/N-28), `decision`, `source`, `member_first_name`, `dog_name` (N-28), `gender` (N-21/N-22), `auto_cancel` (N-16/N-17). Origen: `decision` i `source` de N-28 venen de S13 §13-7 i de la revisió global del 26-09; `class_description` de N-13, N-15 i N-16, `member_first_name` i `dog_name` de N-28 i `gender` de N-21 i N-22, de les verificacions d'E7-T01 i d'E6-T03 del 27-09, decisió E66."
to contain:
  "bookingsInside" 
[ERROR] Tests run: 74, Failures: 1, Errors: 0, Skipped: 0
[ERROR] Failed to execute goal org.apache.maven.plugins:maven-surefire-plugin:3.5.6:test (default-test) on project agilityhub-core-api: There are test failures.
[ERROR] 
[ERROR] See /Users/jordib/dev/agilityhub/agilityhub-core-api/target/surefire-reports for the individual test results.
[ERROR] See dump files (if any exist) [date].dump, [date]-jvmRun[N].dump and [date].dumpstream.
[ERROR] -> [Help 1]
[ERROR] 
[ERROR] To see the full stack trace of the errors, re-run Maven with the -e switch.
[ERROR] Re-run Maven using the -X switch to enable full debug logging.
[ERROR] 
[ERROR] For more information about the errors and possible solutions, please read the following articles:
[ERROR] [Help 1] http://cwiki.apache.org/confluence/display/MAVEN/MojoFailureException
