[ERROR] COMPILATION ERROR : 
[ERROR] /Users/jordib/dev/agilityhub/agilityhub-core-api/src/test/java/com/agilityhub/core/arch/SeedAndWriterRulesTest.java:[3,54] cannot find symbol
  symbol:   class BookingContext
  location: package com.agilityhub.core.clubs.bookings.application
[ERROR] /Users/jordib/dev/agilityhub/agilityhub-core-api/src/test/java/com/agilityhub/core/arch/SeedAndWriterRulesTest.java:[4,56] cannot find symbol
  symbol:   class ClassSessionBookingAccess
  location: package com.agilityhub.core.clubs.scheduling.application
[ERROR] /Users/jordib/dev/agilityhub/agilityhub-core-api/src/test/java/com/agilityhub/core/arch/SeedAndWriterRulesTest.java:[20,20] cannot find symbol
  symbol:   class ClassSessionBookingAccess
  location: class com.agilityhub.core.arch.SeedAndWriterRulesTest.WritesTheClassCounters
[ERROR] /Users/jordib/dev/agilityhub/agilityhub-core-api/src/test/java/com/agilityhub/core/arch/SeedAndWriterRulesTest.java:[24,20] cannot find symbol
  symbol:   class ClassSessionBookingAccess
  location: class com.agilityhub.core.arch.SeedAndWriterRulesTest.ReferencesTheClassCounters
[ERROR] /Users/jordib/dev/agilityhub/agilityhub-core-api/src/test/java/com/agilityhub/core/arch/SeedAndWriterRulesTest.java:[28,125] package ClassSessionBookingAccess does not exist
[ERROR] /Users/jordib/dev/agilityhub/agilityhub-core-api/src/test/java/com/agilityhub/core/arch/SeedAndWriterRulesTest.java:[30,20] cannot find symbol
  symbol:   class BookingContext
  location: class com.agilityhub.core.arch.SeedAndWriterRulesTest.MovesTheBookingTime
[ERROR] /Users/jordib/dev/agilityhub/agilityhub-core-api/src/test/java/com/agilityhub/core/arch/SeedAndWriterRulesTest.java:[101,17] cannot find symbol
  symbol:   class BookingContext
  location: class com.agilityhub.core.arch.DemoRuleFixtureService
[ERROR] /Users/jordib/dev/agilityhub/agilityhub-core-api/src/test/java/com/agilityhub/core/arch/SeedAndWriterRulesTest.java:[106,17] cannot find symbol
  symbol:   class BookingContext
  location: class com.agilityhub.core.arch.DemoSeedRuleFixture
[ERROR] /Users/jordib/dev/agilityhub/agilityhub-core-api/src/test/java/com/agilityhub/core/arch/SeedAndWriterRulesTest.java:[112,17] cannot find symbol
  symbol:   class BookingContext
  location: class com.agilityhub.core.arch.DemoRuleFixtureSeeder
[ERROR] /Users/jordib/dev/agilityhub/agilityhub-core-api/src/test/java/com/agilityhub/core/arch/api/DemoRuleApiSeeder.java:[3,54] cannot find symbol
  symbol:   class BookingContext
  location: package com.agilityhub.core.clubs.bookings.application
[ERROR] /Users/jordib/dev/agilityhub/agilityhub-core-api/src/test/java/com/agilityhub/core/arch/api/DemoRuleApiSeeder.java:[8,17] cannot find symbol
  symbol:   class BookingContext
  location: class com.agilityhub.core.arch.api.DemoRuleApiSeeder
[ERROR] /Users/jordib/dev/agilityhub/agilityhub-core-api/src/test/java/com/agilityhub/core/clubs/activities/application/ActivityFixtures.java:[108,100] cannot find symbol
  symbol:   class ClassBookingsPort
  location: package com.agilityhub.core.clubs.scheduling.application.ports
[ERROR] /Users/jordib/dev/agilityhub/agilityhub-core-api/src/test/java/com/agilityhub/core/clubs/activities/application/ActivityFixtures.java:[108,174] cannot find symbol
  symbol:   class TrainingConflictPort
  location: package com.agilityhub.core.clubs.scheduling.application.ports
[ERROR] /Users/jordib/dev/agilityhub/agilityhub-core-api/src/test/java/com/agilityhub/core/clubs/activities/application/ActivityFixtures.java:[109,31] cannot find symbol
  symbol:   class BookingRef
  location: class com.agilityhub.core.clubs.activities.application.ActivityFixtures.SchedulingDouble
[ERROR] /Users/jordib/dev/agilityhub/agilityhub-core-api/src/test/java/com/agilityhub/core/clubs/activities/application/ActivityFixtures.java:[110,20] cannot find symbol
  symbol:   class Booking
  location: class com.agilityhub.core.clubs.activities.application.ActivityFixtures.SchedulingDouble
[ERROR] /Users/jordib/dev/agilityhub/agilityhub-core-api/src/test/java/com/agilityhub/core/clubs/activities/application/ActivityFixtures.java:[111,21] cannot find symbol
  symbol:   class BookingRef
  location: class com.agilityhub.core.clubs.activities.application.ActivityFixtures.SchedulingDouble
[ERROR] /Users/jordib/dev/agilityhub/agilityhub-core-api/src/test/java/com/agilityhub/core/clubs/activities/application/ActivityFixtures.java:[112,21] cannot find symbol
  symbol:   class WaitlistRef
  location: class com.agilityhub.core.clubs.activities.application.ActivityFixtures.SchedulingDouble
[ERROR] /Users/jordib/dev/agilityhub/agilityhub-core-api/src/test/java/com/agilityhub/core/clubs/activities/application/ActivityFixtures.java:[113,21] cannot find symbol
  symbol:   class WaitlistRef
  location: class com.agilityhub.core.clubs.activities.application.ActivityFixtures.SchedulingDouble
[ERROR] /Users/jordib/dev/agilityhub/agilityhub-core-api/src/test/java/com/agilityhub/core/clubs/activities/application/ActivityFixtures.java:[114,16] cannot find symbol
  symbol:   class CancellationEffects
  location: class com.agilityhub.core.clubs.activities.application.ActivityFixtures.SchedulingDouble
[ERROR] /Users/jordib/dev/agilityhub/agilityhub-core-api/src/test/java/com/agilityhub/core/clubs/activities/application/ActivityFixtures.java:[117,21] cannot find symbol
  symbol:   class Booking
  location: class com.agilityhub.core.clubs.activities.application.ActivityFixtures.SchedulingDouble
[ERROR] /Users/jordib/dev/agilityhub/agilityhub-core-api/src/test/java/com/agilityhub/core/clubs/bookings/api/AttendanceIT.java:[3,54] cannot find symbol
  symbol:   class AttendanceConsumers
  location: package com.agilityhub.core.clubs.bookings.application
[ERROR] /Users/jordib/dev/agilityhub/agilityhub-core-api/src/test/java/com/agilityhub/core/clubs/bookings/api/AttendanceIT.java:[4,54] cannot find symbol
  symbol:   class NoShowNoticeClaims
  location: package com.agilityhub.core.clubs.bookings.application
[ERROR] /Users/jordib/dev/agilityhub/agilityhub-core-api/src/test/java/com/agilityhub/core/clubs/bookings/api/AttendanceIT.java:[5,49] cannot find symbol
  symbol:   class AttendanceEvent
  location: package com.agilityhub.core.clubs.bookings.domain
[ERROR] /Users/jordib/dev/agilityhub/agilityhub-core-api/src/test/java/com/agilityhub/core/clubs/bookings/api/AttendanceIT.java:[6,49] cannot find symbol
  symbol:   class BookingEvent
  location: package com.agilityhub.core.clubs.bookings.domain
[ERROR] /Users/jordib/dev/agilityhub/agilityhub-core-api/src/test/java/com/agilityhub/core/clubs/bookings/api/AttendanceIT.java:[7,49] cannot find symbol
  symbol:   class ForeignEvent
  location: package com.agilityhub.core.clubs.bookings.domain
[ERROR] /Users/jordib/dev/agilityhub/agilityhub-core-api/src/test/java/com/agilityhub/core/clubs/bookings/api/AttendanceIT.java:[52,16] cannot find symbol
  symbol:   class NoShowNoticeClaims
  location: class com.agilityhub.core.clubs.bookings.api.AttendanceIT
[ERROR] /Users/jordib/dev/agilityhub/agilityhub-core-api/src/test/java/com/agilityhub/core/clubs/bookings/api/AttendanceIT.java:[52,54] cannot find symbol
  symbol:   class AttendanceConsumers
  location: class com.agilityhub.core.clubs.bookings.api.AttendanceIT
[ERROR] /Users/jordib/dev/agilityhub/agilityhub-core-api/src/test/java/com/agilityhub/core/clubs/bookings/api/AttendanceIT.java:[52,142] cannot find symbol
  symbol:   class ClaimNoShowCommand
  location: package com.agilityhub.core.clubs.bookings.application
[ERROR] /Users/jordib/dev/agilityhub/agilityhub-core-api/src/test/java/com/agilityhub/core/clubs/bookings/api/BookingFixtures.java:[46,16] cannot find symbol
  symbol:   class PackBalancePort
  location: class com.agilityhub.core.clubs.bookings.api.BookingFixtures
[ERROR] /Users/jordib/dev/agilityhub/agilityhub-core-api/src/test/java/com/agilityhub/core/clubs/bookings/api/BookingFixtures.java:[3,54] package com.agilityhub.core.clubs.bookings.application.ports does not exist
[ERROR] /Users/jordib/dev/agilityhub/agilityhub-core-api/src/test/java/com/agilityhub/core/clubs/bookings/api/AttendanceIT.java:[45,63] cannot find symbol
  symbol:   class AttendanceEvent
  location: class com.agilityhub.core.clubs.bookings.api.AttendanceIT.S12Double
[ERROR] /Users/jordib/dev/agilityhub/agilityhub-core-api/src/test/java/com/agilityhub/core/clubs/bookings/api/BookingJobsIT.java:[3,54] cannot find symbol
  symbol:   class PaymentTimeoutsJob
  location: package com.agilityhub.core.clubs.bookings.application
[ERROR] /Users/jordib/dev/agilityhub/agilityhub-core-api/src/test/java/com/agilityhub/core/clubs/bookings/api/BookingJobsIT.java:[4,54] cannot find symbol
  symbol:   class WaitlistFifoJob
  location: package com.agilityhub.core.clubs.bookings.application
[ERROR] /Users/jordib/dev/agilityhub/agilityhub-core-api/src/test/java/com/agilityhub/core/clubs/bookings/api/BookingJobsIT.java:[5,49] cannot find symbol
  symbol:   class BookingOrigin
  location: package com.agilityhub.core.clubs.bookings.domain
[ERROR] /Users/jordib/dev/agilityhub/agilityhub-core-api/src/test/java/com/agilityhub/core/clubs/bookings/api/BookingJobsIT.java:[6,49] cannot find symbol
  symbol:   class BookingState
  location: package com.agilityhub.core.clubs.bookings.domain
[ERROR] /Users/jordib/dev/agilityhub/agilityhub-core-api/src/test/java/com/agilityhub/core/clubs/bookings/api/BookingJobsIT.java:[7,54] cannot find symbol
  symbol:   class Booking
  location: package com.agilityhub.core.clubs.bookings.persistence
[ERROR] /Users/jordib/dev/agilityhub/agilityhub-core-api/src/test/java/com/agilityhub/core/clubs/bookings/api/BookingJobsIT.java:[30,16] cannot find symbol
  symbol:   class WaitlistFifoJob
  location: class com.agilityhub.core.clubs.bookings.api.BookingJobsIT
[ERROR] /Users/jordib/dev/agilityhub/agilityhub-core-api/src/test/java/com/agilityhub/core/clubs/bookings/api/BookingJobsIT.java:[31,16] cannot find symbol
  symbol:   class PaymentTimeoutsJob
  location: class com.agilityhub.core.clubs.bookings.api.BookingJobsIT
[ERROR] /Users/jordib/dev/agilityhub/agilityhub-core-api/src/test/java/com/agilityhub/core/clubs/bookings/api/BookingLanesOffIT.java:[3,54] cannot find symbol
  symbol:   class SeatLockRepository
  location: package com.agilityhub.core.clubs.bookings.persistence
[ERROR] /Users/jordib/dev/agilityhub/agilityhub-core-api/src/test/java/com/agilityhub/core/clubs/bookings/api/BookingLanesOffIT.java:[26,84] cannot find symbol
  symbol:   class SeatLockRepository
  location: class com.agilityhub.core.clubs.bookings.api.BookingLanesOffIT
[ERROR] /Users/jordib/dev/agilityhub/agilityhub-core-api/src/test/java/com/agilityhub/core/clubs/bookings/api/BookingsIT.java:[5,61] cannot find symbol
  symbol:   class BookingActivity
  location: package com.agilityhub.core.clubs.dashboard.application.ports
[ERROR] /Users/jordib/dev/agilityhub/agilityhub-core-api/src/test/java/com/agilityhub/core/clubs/bookings/api/BookingsIT.java:[6,56] cannot find symbol
  symbol:   class ClassCancellationUseCase
  location: package com.agilityhub.core.clubs.scheduling.application
[ERROR] /Users/jordib/dev/agilityhub/agilityhub-core-api/src/test/java/com/agilityhub/core/clubs/bookings/api/BookingsIT.java:[7,51] cannot find symbol
  symbol:   class ClassCancellationReason
  location: package com.agilityhub.core.clubs.scheduling.domain
[ERROR] /Users/jordib/dev/agilityhub/agilityhub-core-api/src/test/java/com/agilityhub/core/clubs/bookings/api/BookingsIT.java:[28,16] cannot find symbol
  symbol:   class BookingCancellationService
  location: class com.agilityhub.core.clubs.bookings.api.BookingsIT
[ERROR] /Users/jordib/dev/agilityhub/agilityhub-core-api/src/test/java/com/agilityhub/core/clubs/bookings/api/BookingsIT.java:[28,69] cannot find symbol
  symbol:   class ClassCancellationUseCase
  location: class com.agilityhub.core.clubs.bookings.api.BookingsIT
[ERROR] /Users/jordib/dev/agilityhub/agilityhub-core-api/src/test/java/com/agilityhub/core/clubs/bookings/api/BookingsIT.java:[28,125] cannot find symbol
  symbol:   class BookingActivity
  location: class com.agilityhub.core.clubs.bookings.api.BookingsIT
[ERROR] /Users/jordib/dev/agilityhub/agilityhub-core-api/src/test/java/com/agilityhub/core/clubs/bookings/api/BookingsIT.java:[29,56] cannot find symbol
  symbol:   class FakeCheckoutGateway
  location: package com.agilityhub.core.payments.application
[ERROR] /Users/jordib/dev/agilityhub/agilityhub-core-api/src/test/java/com/agilityhub/core/clubs/bookings/api/BookingsIT.java:[29,137] cannot find symbol
  symbol:   class UpfrontPayments
  location: package com.agilityhub.core.payments.application
[ERROR] /Users/jordib/dev/agilityhub/agilityhub-core-api/src/test/java/com/agilityhub/core/clubs/bookings/api/BookingsIT.java:[597,64] cannot find symbol
  symbol:   class ClassSessionBookingAccess
  location: package com.agilityhub.core.clubs.scheduling.application
[ERROR] /Users/jordib/dev/agilityhub/agilityhub-core-api/src/test/java/com/agilityhub/core/clubs/bookings/api/ClassFinishingJobIT.java:[3,59] cannot find symbol
  symbol:   class ClassFinishingJob
  location: package com.agilityhub.core.clubs.bookings.application.jobs
[ERROR] /Users/jordib/dev/agilityhub/agilityhub-core-api/src/test/java/com/agilityhub/core/clubs/bookings/api/ClassFinishingJobIT.java:[27,45] cannot find symbol
  symbol:   class ClassFinishingJob
  location: class com.agilityhub.core.clubs.bookings.api.ClassFinishingJobIT
[ERROR] /Users/jordib/dev/agilityhub/agilityhub-core-api/src/test/java/com/agilityhub/core/clubs/bookings/api/ClassFinishingJobIT.java:[27,125] cannot find symbol
  symbol:   class WaitlistService
  location: package com.agilityhub.core.clubs.bookings.application
[ERROR] /Users/jordib/dev/agilityhub/agilityhub-core-api/src/test/java/com/agilityhub/core/clubs/bookings/api/CleanupJobIT.java:[3,52] cannot find symbol
  symbol:   class CleanupJob
  location: package com.agilityhub.core.clubs.common.application
[ERROR] /Users/jordib/dev/agilityhub/agilityhub-core-api/src/test/java/com/agilityhub/core/clubs/bookings/api/CleanupJobIT.java:[4,54] cannot find symbol
  symbol:   class AttachmentStorage
  location: package com.agilityhub.core.clubs.followup.application
[ERROR] /Users/jordib/dev/agilityhub/agilityhub-core-api/src/test/java/com/agilityhub/core/clubs/bookings/api/CleanupJobIT.java:[27,16] cannot find symbol
  symbol:   class CleanupJob
  location: class com.agilityhub.core.clubs.bookings.api.CleanupJobIT
[ERROR] /Users/jordib/dev/agilityhub/agilityhub-core-api/src/test/java/com/agilityhub/core/clubs/bookings/api/CleanupJobIT.java:[28,16] cannot find symbol
  symbol:   class AttachmentStorage
  location: class com.agilityhub.core.clubs.bookings.api.CleanupJobIT
[ERROR] /Users/jordib/dev/agilityhub/agilityhub-core-api/src/test/java/com/agilityhub/core/clubs/bookings/api/CleanupJobIT.java:[298,60] cannot find symbol
  symbol:   class CleanupRepository
  location: package com.agilityhub.core.clubs.common.persistence
[ERROR] /Users/jordib/dev/agilityhub/agilityhub-core-api/src/test/java/com/agilityhub/core/clubs/bookings/api/LifecycleIT.java:[181,56] cannot find symbol
  symbol:   class PackBalanceService
  location: package com.agilityhub.core.payments.application
[ERROR] /Users/jordib/dev/agilityhub/agilityhub-core-api/src/test/java/com/agilityhub/core/clubs/bookings/api/LifecycleIT.java:[182,60] cannot find symbol
  symbol:   class SavedViewService
  location: package com.agilityhub.core.clubs.common.application
[ERROR] /Users/jordib/dev/agilityhub/agilityhub-core-api/src/test/java/com/agilityhub/core/clubs/bookings/api/MemberAggregatesIT.java:[5,54] cannot find symbol
  symbol:   class BookableClassesCache
  location: package com.agilityhub.core.clubs.bookings.application
[ERROR] /Users/jordib/dev/agilityhub/agilityhub-core-api/src/test/java/com/agilityhub/core/clubs/bookings/api/MemberAggregatesIT.java:[7,54] cannot find symbol
  symbol:   class TrainingBooking
  location: package com.agilityhub.core.clubs.training.persistence
[ERROR] /Users/jordib/dev/agilityhub/agilityhub-core-api/src/test/java/com/agilityhub/core/clubs/bookings/api/MemberAggregatesIT.java:[29,16] cannot find symbol
  symbol:   class BookableClassesCache
  location: class com.agilityhub.core.clubs.bookings.api.MemberAggregatesIT
[ERROR] /Users/jordib/dev/agilityhub/agilityhub-core-api/src/test/java/com/agilityhub/core/clubs/bookings/api/NoShowNoticesJobIT.java:[5,59] cannot find symbol
  symbol:   class NoShowNoticesJob
  location: package com.agilityhub.core.clubs.bookings.application.jobs
[ERROR] /Users/jordib/dev/agilityhub/agilityhub-core-api/src/test/java/com/agilityhub/core/clubs/bookings/api/NoShowNoticesJobIT.java:[6,49] cannot find symbol
  symbol:   class AttendanceEvent
  location: package com.agilityhub.core.clubs.bookings.domain
[ERROR] /Users/jordib/dev/agilityhub/agilityhub-core-api/src/test/java/com/agilityhub/core/clubs/bookings/api/NoShowNoticesJobIT.java:[37,45] cannot find symbol
  symbol:   class NoShowNoticesJob
  location: class com.agilityhub.core.clubs.bookings.api.NoShowNoticesJobIT
[ERROR] /Users/jordib/dev/agilityhub/agilityhub-core-api/src/test/java/com/agilityhub/core/clubs/bookings/api/NotificationActionsIT.java:[8,54] cannot find symbol
  symbol:   class AttendanceCaller
  location: package com.agilityhub.core.clubs.bookings.application
[ERROR] /Users/jordib/dev/agilityhub/agilityhub-core-api/src/test/java/com/agilityhub/core/clubs/bookings/api/NotificationActionsIT.java:[9,54] cannot find symbol
  symbol:   class AttendanceSheetService
  location: package com.agilityhub.core.clubs.bookings.application
[ERROR] /Users/jordib/dev/agilityhub/agilityhub-core-api/src/test/java/com/agilityhub/core/clubs/bookings/api/NotificationActionsIT.java:[10,54] cannot find symbol
  symbol:   class BookingActor
  location: package com.agilityhub.core.clubs.bookings.application
[ERROR] /Users/jordib/dev/agilityhub/agilityhub-core-api/src/test/java/com/agilityhub/core/clubs/bookings/api/NotificationActionsIT.java:[11,54] cannot find symbol
  symbol:   class BookingCancellationService
  location: package com.agilityhub.core.clubs.bookings.application
[ERROR] /Users/jordib/dev/agilityhub/agilityhub-core-api/src/test/java/com/agilityhub/core/clubs/bookings/api/NotificationActionsIT.java:[12,54] cannot find symbol
  symbol:   class BookingConfirmationService
  location: package com.agilityhub.core.clubs.bookings.application
[ERROR] /Users/jordib/dev/agilityhub/agilityhub-core-api/src/test/java/com/agilityhub/core/clubs/bookings/api/NotificationActionsIT.java:[13,54] cannot find symbol
  symbol:   class SeatHoldService
  location: package com.agilityhub.core.clubs.bookings.application
[ERROR] /Users/jordib/dev/agilityhub/agilityhub-core-api/src/test/java/com/agilityhub/core/clubs/bookings/api/NotificationActionsIT.java:[14,54] cannot find symbol
  symbol:   class WaitlistService
  location: package com.agilityhub.core.clubs.bookings.application
[ERROR] /Users/jordib/dev/agilityhub/agilityhub-core-api/src/test/java/com/agilityhub/core/clubs/bookings/api/NotificationActionsIT.java:[15,59] cannot find symbol
  symbol:   class NoShowNoticesJob
  location: package com.agilityhub.core.clubs.bookings.application.jobs
[ERROR] /Users/jordib/dev/agilityhub/agilityhub-core-api/src/test/java/com/agilityhub/core/clubs/bookings/api/NotificationActionsIT.java:[16,49] cannot find symbol
  symbol:   class ActorRole
  location: package com.agilityhub.core.clubs.bookings.domain
[ERROR] /Users/jordib/dev/agilityhub/agilityhub-core-api/src/test/java/com/agilityhub/core/clubs/bookings/api/NotificationActionsIT.java:[17,49] cannot find symbol
  symbol:   class AttendanceState
  location: package com.agilityhub.core.clubs.bookings.domain
[ERROR] /Users/jordib/dev/agilityhub/agilityhub-core-api/src/test/java/com/agilityhub/core/clubs/bookings/api/NotificationActionsIT.java:[18,49] cannot find symbol
  symbol:   class BookingOrigin
  location: package com.agilityhub.core.clubs.bookings.domain
[ERROR] /Users/jordib/dev/agilityhub/agilityhub-core-api/src/test/java/com/agilityhub/core/clubs/bookings/api/NotificationActionsIT.java:[20,52] cannot find symbol
  symbol:   class RemindersJob
  location: package com.agilityhub.core.clubs.common.application
[ERROR] /Users/jordib/dev/agilityhub/agilityhub-core-api/src/test/java/com/agilityhub/core/clubs/bookings/api/NotificationActionsIT.java:[21,54] cannot find symbol
  symbol:   class TaskService
  location: package com.agilityhub.core.clubs.followup.application
[ERROR] /Users/jordib/dev/agilityhub/agilityhub-core-api/src/test/java/com/agilityhub/core/clubs/bookings/api/NotificationActionsIT.java:[22,49] cannot find symbol
  symbol:   class AuthorRole
  location: package com.agilityhub.core.clubs.followup.domain
[ERROR] /Users/jordib/dev/agilityhub/agilityhub-core-api/src/test/java/com/agilityhub/core/clubs/bookings/api/NotificationActionsIT.java:[23,54] cannot find symbol
  symbol:   class Task
  location: package com.agilityhub.core.clubs.followup.persistence
[ERROR] /Users/jordib/dev/agilityhub/agilityhub-core-api/src/test/java/com/agilityhub/core/clubs/bookings/api/NotificationActionsIT.java:[26,56] cannot find symbol
  symbol:   class ClassCancellationUseCase
  location: package com.agilityhub.core.clubs.scheduling.application
[ERROR] /Users/jordib/dev/agilityhub/agilityhub-core-api/src/test/java/com/agilityhub/core/clubs/bookings/api/NotificationActionsIT.java:[27,56] cannot find symbol
  symbol:   class ClassSessionService
  location: package com.agilityhub.core.clubs.scheduling.application
[ERROR] /Users/jordib/dev/agilityhub/agilityhub-core-api/src/test/java/com/agilityhub/core/clubs/bookings/api/NotificationActionsIT.java:[28,56] cannot find symbol
  symbol:   class RingBlockService
  location: package com.agilityhub.core.clubs.scheduling.application
[ERROR] /Users/jordib/dev/agilityhub/agilityhub-core-api/src/test/java/com/agilityhub/core/clubs/bookings/api/NotificationActionsIT.java:[29,56] cannot find symbol
  symbol:   class RiskReviewJob
  location: package com.agilityhub.core.clubs.scheduling.application
[ERROR] /Users/jordib/dev/agilityhub/agilityhub-core-api/src/test/java/com/agilityhub/core/clubs/bookings/api/NotificationActionsIT.java:[30,54] cannot find symbol
  symbol:   class TrainingActor
  location: package com.agilityhub.core.clubs.training.application
[ERROR] /Users/jordib/dev/agilityhub/agilityhub-core-api/src/test/java/com/agilityhub/core/clubs/bookings/api/NotificationActionsIT.java:[31,54] cannot find symbol
  symbol:   class TrainingBookingService
  location: package com.agilityhub.core.clubs.training.application
[ERROR] /Users/jordib/dev/agilityhub/agilityhub-core-api/src/test/java/com/agilityhub/core/clubs/bookings/api/NotificationActionsIT.java:[32,49] cannot find symbol
  symbol:   class TrainingCancelledBy
  location: package com.agilityhub.core.clubs.training.domain
[ERROR] /Users/jordib/dev/agilityhub/agilityhub-core-api/src/test/java/com/agilityhub/core/clubs/bookings/api/NotificationActionsIT.java:[33,49] cannot find symbol
  symbol:   class TrainingOrigin
  location: package com.agilityhub.core.clubs.training.domain
[ERROR] /Users/jordib/dev/agilityhub/agilityhub-core-api/src/test/java/com/agilityhub/core/clubs/bookings/api/NotificationActionsIT.java:[68,16] cannot find symbol
  symbol:   class SeatHoldService
  location: class com.agilityhub.core.clubs.bookings.api.NotificationActionsIT
[ERROR] /Users/jordib/dev/agilityhub/agilityhub-core-api/src/test/java/com/agilityhub/core/clubs/bookings/api/NotificationActionsIT.java:[68,50] cannot find symbol
  symbol:   class BookingConfirmationService
  location: class com.agilityhub.core.clubs.bookings.api.NotificationActionsIT
[ERROR] /Users/jordib/dev/agilityhub/agilityhub-core-api/src/test/java/com/agilityhub/core/clubs/bookings/api/NotificationActionsIT.java:[68,103] cannot find symbol
  symbol:   class BookingCancellationService
  location: class com.agilityhub.core.clubs.bookings.api.NotificationActionsIT
[ERROR] /Users/jordib/dev/agilityhub/agilityhub-core-api/src/test/java/com/agilityhub/core/clubs/bookings/api/NotificationActionsIT.java:[69,16] cannot find symbol
  symbol:   class WaitlistService
  location: class com.agilityhub.core.clubs.bookings.api.NotificationActionsIT
[ERROR] /Users/jordib/dev/agilityhub/agilityhub-core-api/src/test/java/com/agilityhub/core/clubs/bookings/api/NotificationActionsIT.java:[69,53] cannot find symbol
  symbol:   class TrainingBookingService
  location: class com.agilityhub.core.clubs.bookings.api.NotificationActionsIT
[ERROR] /Users/jordib/dev/agilityhub/agilityhub-core-api/src/test/java/com/agilityhub/core/clubs/bookings/api/NotificationActionsIT.java:[69,98] cannot find symbol
  symbol:   class ClassCancellationUseCase
  location: class com.agilityhub.core.clubs.bookings.api.NotificationActionsIT
[ERROR] /Users/jordib/dev/agilityhub/agilityhub-core-api/src/test/java/com/agilityhub/core/clubs/bookings/api/NotificationActionsIT.java:[70,16] cannot find symbol
  symbol:   class ClassSessionService
  location: class com.agilityhub.core.clubs.bookings.api.NotificationActionsIT
[ERROR] /Users/jordib/dev/agilityhub/agilityhub-core-api/src/test/java/com/agilityhub/core/clubs/bookings/api/NotificationActionsIT.java:[70,56] cannot find symbol
  symbol:   class AttendanceSheetService
  location: class com.agilityhub.core.clubs.bookings.api.NotificationActionsIT
[ERROR] /Users/jordib/dev/agilityhub/agilityhub-core-api/src/test/java/com/agilityhub/core/clubs/bookings/api/NotificationActionsIT.java:[70,102] cannot find symbol
  symbol:   class TaskService
  location: class com.agilityhub.core.clubs.bookings.api.NotificationActionsIT
[ERROR] /Users/jordib/dev/agilityhub/agilityhub-core-api/src/test/java/com/agilityhub/core/clubs/bookings/api/NotificationActionsIT.java:[72,45] cannot find symbol
  symbol:   class RiskReviewJob
  location: class com.agilityhub.core.clubs.bookings.api.NotificationActionsIT
[ERROR] /Users/jordib/dev/agilityhub/agilityhub-core-api/src/test/java/com/agilityhub/core/clubs/bookings/api/NotificationActionsIT.java:[72,82] cannot find symbol
  symbol:   class NoShowNoticesJob
  location: class com.agilityhub.core.clubs.bookings.api.NotificationActionsIT
[ERROR] /Users/jordib/dev/agilityhub/agilityhub-core-api/src/test/java/com/agilityhub/core/clubs/bookings/api/NotificationActionsIT.java:[72,119] cannot find symbol
  symbol:   class RemindersJob
  location: class com.agilityhub.core.clubs.bookings.api.NotificationActionsIT
[ERROR] Failed to execute goal org.apache.maven.plugins:maven-compiler-plugin:3.14.1:testCompile (default-testCompile) on project agilityhub-core-api: Compilation failure: Compilation failure: 
[ERROR] /Users/jordib/dev/agilityhub/agilityhub-core-api/src/test/java/com/agilityhub/core/arch/SeedAndWriterRulesTest.java:[3,54] cannot find symbol
[ERROR]   symbol:   class BookingContext
[ERROR]   location: package com.agilityhub.core.clubs.bookings.application
[ERROR] /Users/jordib/dev/agilityhub/agilityhub-core-api/src/test/java/com/agilityhub/core/arch/SeedAndWriterRulesTest.java:[4,56] cannot find symbol
[ERROR]   symbol:   class ClassSessionBookingAccess
[ERROR]   location: package com.agilityhub.core.clubs.scheduling.application
[ERROR] /Users/jordib/dev/agilityhub/agilityhub-core-api/src/test/java/com/agilityhub/core/arch/SeedAndWriterRulesTest.java:[20,20] cannot find symbol
[ERROR]   symbol:   class ClassSessionBookingAccess
[ERROR]   location: class com.agilityhub.core.arch.SeedAndWriterRulesTest.WritesTheClassCounters
[ERROR] /Users/jordib/dev/agilityhub/agilityhub-core-api/src/test/java/com/agilityhub/core/arch/SeedAndWriterRulesTest.java:[24,20] cannot find symbol
[ERROR]   symbol:   class ClassSessionBookingAccess
[ERROR]   location: class com.agilityhub.core.arch.SeedAndWriterRulesTest.ReferencesTheClassCounters
[ERROR] /Users/jordib/dev/agilityhub/agilityhub-core-api/src/test/java/com/agilityhub/core/arch/SeedAndWriterRulesTest.java:[28,125] package ClassSessionBookingAccess does not exist
[ERROR] /Users/jordib/dev/agilityhub/agilityhub-core-api/src/test/java/com/agilityhub/core/arch/SeedAndWriterRulesTest.java:[30,20] cannot find symbol
[ERROR]   symbol:   class BookingContext
[ERROR]   location: class com.agilityhub.core.arch.SeedAndWriterRulesTest.MovesTheBookingTime
[ERROR] /Users/jordib/dev/agilityhub/agilityhub-core-api/src/test/java/com/agilityhub/core/arch/SeedAndWriterRulesTest.java:[101,17] cannot find symbol
[ERROR]   symbol:   class BookingContext
[ERROR]   location: class com.agilityhub.core.arch.DemoRuleFixtureService
[ERROR] /Users/jordib/dev/agilityhub/agilityhub-core-api/src/test/java/com/agilityhub/core/arch/SeedAndWriterRulesTest.java:[106,17] cannot find symbol
[ERROR]   symbol:   class BookingContext
[ERROR]   location: class com.agilityhub.core.arch.DemoSeedRuleFixture
[ERROR] /Users/jordib/dev/agilityhub/agilityhub-core-api/src/test/java/com/agilityhub/core/arch/SeedAndWriterRulesTest.java:[112,17] cannot find symbol
[ERROR]   symbol:   class BookingContext
[ERROR]   location: class com.agilityhub.core.arch.DemoRuleFixtureSeeder
[ERROR] /Users/jordib/dev/agilityhub/agilityhub-core-api/src/test/java/com/agilityhub/core/arch/api/DemoRuleApiSeeder.java:[3,54] cannot find symbol
[ERROR]   symbol:   class BookingContext
[ERROR]   location: package com.agilityhub.core.clubs.bookings.application
[ERROR] /Users/jordib/dev/agilityhub/agilityhub-core-api/src/test/java/com/agilityhub/core/arch/api/DemoRuleApiSeeder.java:[8,17] cannot find symbol
[ERROR]   symbol:   class BookingContext
[ERROR]   location: class com.agilityhub.core.arch.api.DemoRuleApiSeeder
[ERROR] /Users/jordib/dev/agilityhub/agilityhub-core-api/src/test/java/com/agilityhub/core/clubs/activities/application/ActivityFixtures.java:[108,100] cannot find symbol
[ERROR]   symbol:   class ClassBookingsPort
[ERROR]   location: package com.agilityhub.core.clubs.scheduling.application.ports
[ERROR] /Users/jordib/dev/agilityhub/agilityhub-core-api/src/test/java/com/agilityhub/core/clubs/activities/application/ActivityFixtures.java:[108,174] cannot find symbol
[ERROR]   symbol:   class TrainingConflictPort
[ERROR]   location: package com.agilityhub.core.clubs.scheduling.application.ports
[ERROR] /Users/jordib/dev/agilityhub/agilityhub-core-api/src/test/java/com/agilityhub/core/clubs/activities/application/ActivityFixtures.java:[109,31] cannot find symbol
[ERROR]   symbol:   class BookingRef
[ERROR]   location: class com.agilityhub.core.clubs.activities.application.ActivityFixtures.SchedulingDouble
[ERROR] /Users/jordib/dev/agilityhub/agilityhub-core-api/src/test/java/com/agilityhub/core/clubs/activities/application/ActivityFixtures.java:[110,20] cannot find symbol
[ERROR]   symbol:   class Booking
[ERROR]   location: class com.agilityhub.core.clubs.activities.application.ActivityFixtures.SchedulingDouble
[ERROR] /Users/jordib/dev/agilityhub/agilityhub-core-api/src/test/java/com/agilityhub/core/clubs/activities/application/ActivityFixtures.java:[111,21] cannot find symbol
[ERROR]   symbol:   class BookingRef
[ERROR]   location: class com.agilityhub.core.clubs.activities.application.ActivityFixtures.SchedulingDouble
[ERROR] /Users/jordib/dev/agilityhub/agilityhub-core-api/src/test/java/com/agilityhub/core/clubs/activities/application/ActivityFixtures.java:[112,21] cannot find symbol
[ERROR]   symbol:   class WaitlistRef
[ERROR]   location: class com.agilityhub.core.clubs.activities.application.ActivityFixtures.SchedulingDouble
[ERROR] /Users/jordib/dev/agilityhub/agilityhub-core-api/src/test/java/com/agilityhub/core/clubs/activities/application/ActivityFixtures.java:[113,21] cannot find symbol
[ERROR]   symbol:   class WaitlistRef
[ERROR]   location: class com.agilityhub.core.clubs.activities.application.ActivityFixtures.SchedulingDouble
[ERROR] /Users/jordib/dev/agilityhub/agilityhub-core-api/src/test/java/com/agilityhub/core/clubs/activities/application/ActivityFixtures.java:[114,16] cannot find symbol
[ERROR]   symbol:   class CancellationEffects
[ERROR]   location: class com.agilityhub.core.clubs.activities.application.ActivityFixtures.SchedulingDouble
[ERROR] /Users/jordib/dev/agilityhub/agilityhub-core-api/src/test/java/com/agilityhub/core/clubs/activities/application/ActivityFixtures.java:[117,21] cannot find symbol
[ERROR]   symbol:   class Booking
[ERROR]   location: class com.agilityhub.core.clubs.activities.application.ActivityFixtures.SchedulingDouble
[ERROR] /Users/jordib/dev/agilityhub/agilityhub-core-api/src/test/java/com/agilityhub/core/clubs/bookings/api/AttendanceIT.java:[3,54] cannot find symbol
[ERROR]   symbol:   class AttendanceConsumers
[ERROR]   location: package com.agilityhub.core.clubs.bookings.application
[ERROR] /Users/jordib/dev/agilityhub/agilityhub-core-api/src/test/java/com/agilityhub/core/clubs/bookings/api/AttendanceIT.java:[4,54] cannot find symbol
[ERROR]   symbol:   class NoShowNoticeClaims
[ERROR]   location: package com.agilityhub.core.clubs.bookings.application
[ERROR] /Users/jordib/dev/agilityhub/agilityhub-core-api/src/test/java/com/agilityhub/core/clubs/bookings/api/AttendanceIT.java:[5,49] cannot find symbol
[ERROR]   symbol:   class AttendanceEvent
[ERROR]   location: package com.agilityhub.core.clubs.bookings.domain
[ERROR] /Users/jordib/dev/agilityhub/agilityhub-core-api/src/test/java/com/agilityhub/core/clubs/bookings/api/AttendanceIT.java:[6,49] cannot find symbol
[ERROR]   symbol:   class BookingEvent
[ERROR]   location: package com.agilityhub.core.clubs.bookings.domain
[ERROR] /Users/jordib/dev/agilityhub/agilityhub-core-api/src/test/java/com/agilityhub/core/clubs/bookings/api/AttendanceIT.java:[7,49] cannot find symbol
[ERROR]   symbol:   class ForeignEvent
[ERROR]   location: package com.agilityhub.core.clubs.bookings.domain
[ERROR] /Users/jordib/dev/agilityhub/agilityhub-core-api/src/test/java/com/agilityhub/core/clubs/bookings/api/AttendanceIT.java:[52,16] cannot find symbol
[ERROR]   symbol:   class NoShowNoticeClaims
[ERROR]   location: class com.agilityhub.core.clubs.bookings.api.AttendanceIT
[ERROR] /Users/jordib/dev/agilityhub/agilityhub-core-api/src/test/java/com/agilityhub/core/clubs/bookings/api/AttendanceIT.java:[52,54] cannot find symbol
[ERROR]   symbol:   class AttendanceConsumers
[ERROR]   location: class com.agilityhub.core.clubs.bookings.api.AttendanceIT
[ERROR] /Users/jordib/dev/agilityhub/agilityhub-core-api/src/test/java/com/agilityhub/core/clubs/bookings/api/AttendanceIT.java:[52,142] cannot find symbol
[ERROR]   symbol:   class ClaimNoShowCommand
[ERROR]   location: package com.agilityhub.core.clubs.bookings.application
[ERROR] /Users/jordib/dev/agilityhub/agilityhub-core-api/src/test/java/com/agilityhub/core/clubs/bookings/api/BookingFixtures.java:[46,16] cannot find symbol
[ERROR]   symbol:   class PackBalancePort
[ERROR]   location: class com.agilityhub.core.clubs.bookings.api.BookingFixtures
[ERROR] /Users/jordib/dev/agilityhub/agilityhub-core-api/src/test/java/com/agilityhub/core/clubs/bookings/api/BookingFixtures.java:[3,54] package com.agilityhub.core.clubs.bookings.application.ports does not exist
[ERROR] /Users/jordib/dev/agilityhub/agilityhub-core-api/src/test/java/com/agilityhub/core/clubs/bookings/api/AttendanceIT.java:[45,63] cannot find symbol
[ERROR]   symbol:   class AttendanceEvent
[ERROR]   location: class com.agilityhub.core.clubs.bookings.api.AttendanceIT.S12Double
[ERROR] /Users/jordib/dev/agilityhub/agilityhub-core-api/src/test/java/com/agilityhub/core/clubs/bookings/api/BookingJobsIT.java:[3,54] cannot find symbol
[ERROR]   symbol:   class PaymentTimeoutsJob
[ERROR]   location: package com.agilityhub.core.clubs.bookings.application
[ERROR] /Users/jordib/dev/agilityhub/agilityhub-core-api/src/test/java/com/agilityhub/core/clubs/bookings/api/BookingJobsIT.java:[4,54] cannot find symbol
[ERROR]   symbol:   class WaitlistFifoJob
[ERROR]   location: package com.agilityhub.core.clubs.bookings.application
[ERROR] /Users/jordib/dev/agilityhub/agilityhub-core-api/src/test/java/com/agilityhub/core/clubs/bookings/api/BookingJobsIT.java:[5,49] cannot find symbol
[ERROR]   symbol:   class BookingOrigin
[ERROR]   location: package com.agilityhub.core.clubs.bookings.domain
[ERROR] /Users/jordib/dev/agilityhub/agilityhub-core-api/src/test/java/com/agilityhub/core/clubs/bookings/api/BookingJobsIT.java:[6,49] cannot find symbol
[ERROR]   symbol:   class BookingState
[ERROR]   location: package com.agilityhub.core.clubs.bookings.domain
[ERROR] /Users/jordib/dev/agilityhub/agilityhub-core-api/src/test/java/com/agilityhub/core/clubs/bookings/api/BookingJobsIT.java:[7,54] cannot find symbol
[ERROR]   symbol:   class Booking
[ERROR]   location: package com.agilityhub.core.clubs.bookings.persistence
[ERROR] /Users/jordib/dev/agilityhub/agilityhub-core-api/src/test/java/com/agilityhub/core/clubs/bookings/api/BookingJobsIT.java:[30,16] cannot find symbol
[ERROR]   symbol:   class WaitlistFifoJob
[ERROR]   location: class com.agilityhub.core.clubs.bookings.api.BookingJobsIT
[ERROR] /Users/jordib/dev/agilityhub/agilityhub-core-api/src/test/java/com/agilityhub/core/clubs/bookings/api/BookingJobsIT.java:[31,16] cannot find symbol
[ERROR]   symbol:   class PaymentTimeoutsJob
[ERROR]   location: class com.agilityhub.core.clubs.bookings.api.BookingJobsIT
[ERROR] /Users/jordib/dev/agilityhub/agilityhub-core-api/src/test/java/com/agilityhub/core/clubs/bookings/api/BookingLanesOffIT.java:[3,54] cannot find symbol
[ERROR]   symbol:   class SeatLockRepository
[ERROR]   location: package com.agilityhub.core.clubs.bookings.persistence
[ERROR] /Users/jordib/dev/agilityhub/agilityhub-core-api/src/test/java/com/agilityhub/core/clubs/bookings/api/BookingLanesOffIT.java:[26,84] cannot find symbol
[ERROR]   symbol:   class SeatLockRepository
[ERROR]   location: class com.agilityhub.core.clubs.bookings.api.BookingLanesOffIT
[ERROR] /Users/jordib/dev/agilityhub/agilityhub-core-api/src/test/java/com/agilityhub/core/clubs/bookings/api/BookingsIT.java:[5,61] cannot find symbol
[ERROR]   symbol:   class BookingActivity
[ERROR]   location: package com.agilityhub.core.clubs.dashboard.application.ports
[ERROR] /Users/jordib/dev/agilityhub/agilityhub-core-api/src/test/java/com/agilityhub/core/clubs/bookings/api/BookingsIT.java:[6,56] cannot find symbol
[ERROR]   symbol:   class ClassCancellationUseCase
[ERROR]   location: package com.agilityhub.core.clubs.scheduling.application
[ERROR] /Users/jordib/dev/agilityhub/agilityhub-core-api/src/test/java/com/agilityhub/core/clubs/bookings/api/BookingsIT.java:[7,51] cannot find symbol
[ERROR]   symbol:   class ClassCancellationReason
[ERROR]   location: package com.agilityhub.core.clubs.scheduling.domain
[ERROR] /Users/jordib/dev/agilityhub/agilityhub-core-api/src/test/java/com/agilityhub/core/clubs/bookings/api/BookingsIT.java:[28,16] cannot find symbol
[ERROR]   symbol:   class BookingCancellationService
[ERROR]   location: class com.agilityhub.core.clubs.bookings.api.BookingsIT
[ERROR] /Users/jordib/dev/agilityhub/agilityhub-core-api/src/test/java/com/agilityhub/core/clubs/bookings/api/BookingsIT.java:[28,69] cannot find symbol
[ERROR]   symbol:   class ClassCancellationUseCase
[ERROR]   location: class com.agilityhub.core.clubs.bookings.api.BookingsIT
[ERROR] /Users/jordib/dev/agilityhub/agilityhub-core-api/src/test/java/com/agilityhub/core/clubs/bookings/api/BookingsIT.java:[28,125] cannot find symbol
[ERROR]   symbol:   class BookingActivity
[ERROR]   location: class com.agilityhub.core.clubs.bookings.api.BookingsIT
[ERROR] /Users/jordib/dev/agilityhub/agilityhub-core-api/src/test/java/com/agilityhub/core/clubs/bookings/api/BookingsIT.java:[29,56] cannot find symbol
[ERROR]   symbol:   class FakeCheckoutGateway
[ERROR]   location: package com.agilityhub.core.payments.application
[ERROR] /Users/jordib/dev/agilityhub/agilityhub-core-api/src/test/java/com/agilityhub/core/clubs/bookings/api/BookingsIT.java:[29,137] cannot find symbol
[ERROR]   symbol:   class UpfrontPayments
[ERROR]   location: package com.agilityhub.core.payments.application
[ERROR] /Users/jordib/dev/agilityhub/agilityhub-core-api/src/test/java/com/agilityhub/core/clubs/bookings/api/BookingsIT.java:[597,64] cannot find symbol
[ERROR]   symbol:   class ClassSessionBookingAccess
[ERROR]   location: package com.agilityhub.core.clubs.scheduling.application
[ERROR] /Users/jordib/dev/agilityhub/agilityhub-core-api/src/test/java/com/agilityhub/core/clubs/bookings/api/ClassFinishingJobIT.java:[3,59] cannot find symbol
[ERROR]   symbol:   class ClassFinishingJob
[ERROR]   location: package com.agilityhub.core.clubs.bookings.application.jobs
[ERROR] /Users/jordib/dev/agilityhub/agilityhub-core-api/src/test/java/com/agilityhub/core/clubs/bookings/api/ClassFinishingJobIT.java:[27,45] cannot find symbol
[ERROR]   symbol:   class ClassFinishingJob
[ERROR]   location: class com.agilityhub.core.clubs.bookings.api.ClassFinishingJobIT
[ERROR] /Users/jordib/dev/agilityhub/agilityhub-core-api/src/test/java/com/agilityhub/core/clubs/bookings/api/ClassFinishingJobIT.java:[27,125] cannot find symbol
[ERROR]   symbol:   class WaitlistService
[ERROR]   location: package com.agilityhub.core.clubs.bookings.application
[ERROR] /Users/jordib/dev/agilityhub/agilityhub-core-api/src/test/java/com/agilityhub/core/clubs/bookings/api/CleanupJobIT.java:[3,52] cannot find symbol
[ERROR]   symbol:   class CleanupJob
[ERROR]   location: package com.agilityhub.core.clubs.common.application
[ERROR] /Users/jordib/dev/agilityhub/agilityhub-core-api/src/test/java/com/agilityhub/core/clubs/bookings/api/CleanupJobIT.java:[4,54] cannot find symbol
[ERROR]   symbol:   class AttachmentStorage
[ERROR]   location: package com.agilityhub.core.clubs.followup.application
[ERROR] /Users/jordib/dev/agilityhub/agilityhub-core-api/src/test/java/com/agilityhub/core/clubs/bookings/api/CleanupJobIT.java:[27,16] cannot find symbol
[ERROR]   symbol:   class CleanupJob
[ERROR]   location: class com.agilityhub.core.clubs.bookings.api.CleanupJobIT
[ERROR] /Users/jordib/dev/agilityhub/agilityhub-core-api/src/test/java/com/agilityhub/core/clubs/bookings/api/CleanupJobIT.java:[28,16] cannot find symbol
[ERROR]   symbol:   class AttachmentStorage
[ERROR]   location: class com.agilityhub.core.clubs.bookings.api.CleanupJobIT
[ERROR] /Users/jordib/dev/agilityhub/agilityhub-core-api/src/test/java/com/agilityhub/core/clubs/bookings/api/CleanupJobIT.java:[298,60] cannot find symbol
[ERROR]   symbol:   class CleanupRepository
[ERROR]   location: package com.agilityhub.core.clubs.common.persistence
[ERROR] /Users/jordib/dev/agilityhub/agilityhub-core-api/src/test/java/com/agilityhub/core/clubs/bookings/api/LifecycleIT.java:[181,56] cannot find symbol
[ERROR]   symbol:   class PackBalanceService
[ERROR]   location: package com.agilityhub.core.payments.application
[ERROR] /Users/jordib/dev/agilityhub/agilityhub-core-api/src/test/java/com/agilityhub/core/clubs/bookings/api/LifecycleIT.java:[182,60] cannot find symbol
[ERROR]   symbol:   class SavedViewService
[ERROR]   location: package com.agilityhub.core.clubs.common.application
[ERROR] /Users/jordib/dev/agilityhub/agilityhub-core-api/src/test/java/com/agilityhub/core/clubs/bookings/api/MemberAggregatesIT.java:[5,54] cannot find symbol
[ERROR]   symbol:   class BookableClassesCache
[ERROR]   location: package com.agilityhub.core.clubs.bookings.application
[ERROR] /Users/jordib/dev/agilityhub/agilityhub-core-api/src/test/java/com/agilityhub/core/clubs/bookings/api/MemberAggregatesIT.java:[7,54] cannot find symbol
[ERROR]   symbol:   class TrainingBooking
[ERROR]   location: package com.agilityhub.core.clubs.training.persistence
[ERROR] /Users/jordib/dev/agilityhub/agilityhub-core-api/src/test/java/com/agilityhub/core/clubs/bookings/api/MemberAggregatesIT.java:[29,16] cannot find symbol
[ERROR]   symbol:   class BookableClassesCache
[ERROR]   location: class com.agilityhub.core.clubs.bookings.api.MemberAggregatesIT
[ERROR] /Users/jordib/dev/agilityhub/agilityhub-core-api/src/test/java/com/agilityhub/core/clubs/bookings/api/NoShowNoticesJobIT.java:[5,59] cannot find symbol
[ERROR]   symbol:   class NoShowNoticesJob
[ERROR]   location: package com.agilityhub.core.clubs.bookings.application.jobs
[ERROR] /Users/jordib/dev/agilityhub/agilityhub-core-api/src/test/java/com/agilityhub/core/clubs/bookings/api/NoShowNoticesJobIT.java:[6,49] cannot find symbol
[ERROR]   symbol:   class AttendanceEvent
[ERROR]   location: package com.agilityhub.core.clubs.bookings.domain
[ERROR] /Users/jordib/dev/agilityhub/agilityhub-core-api/src/test/java/com/agilityhub/core/clubs/bookings/api/NoShowNoticesJobIT.java:[37,45] cannot find symbol
[ERROR]   symbol:   class NoShowNoticesJob
[ERROR]   location: class com.agilityhub.core.clubs.bookings.api.NoShowNoticesJobIT
[ERROR] /Users/jordib/dev/agilityhub/agilityhub-core-api/src/test/java/com/agilityhub/core/clubs/bookings/api/NotificationActionsIT.java:[8,54] cannot find symbol
[ERROR]   symbol:   class AttendanceCaller
[ERROR]   location: package com.agilityhub.core.clubs.bookings.application
[ERROR] /Users/jordib/dev/agilityhub/agilityhub-core-api/src/test/java/com/agilityhub/core/clubs/bookings/api/NotificationActionsIT.java:[9,54] cannot find symbol
[ERROR]   symbol:   class AttendanceSheetService
[ERROR]   location: package com.agilityhub.core.clubs.bookings.application
[ERROR] /Users/jordib/dev/agilityhub/agilityhub-core-api/src/test/java/com/agilityhub/core/clubs/bookings/api/NotificationActionsIT.java:[10,54] cannot find symbol
[ERROR]   symbol:   class BookingActor
[ERROR]   location: package com.agilityhub.core.clubs.bookings.application
[ERROR] /Users/jordib/dev/agilityhub/agilityhub-core-api/src/test/java/com/agilityhub/core/clubs/bookings/api/NotificationActionsIT.java:[11,54] cannot find symbol
[ERROR]   symbol:   class BookingCancellationService
[ERROR]   location: package com.agilityhub.core.clubs.bookings.application
[ERROR] /Users/jordib/dev/agilityhub/agilityhub-core-api/src/test/java/com/agilityhub/core/clubs/bookings/api/NotificationActionsIT.java:[12,54] cannot find symbol
[ERROR]   symbol:   class BookingConfirmationService
[ERROR]   location: package com.agilityhub.core.clubs.bookings.application
[ERROR] /Users/jordib/dev/agilityhub/agilityhub-core-api/src/test/java/com/agilityhub/core/clubs/bookings/api/NotificationActionsIT.java:[13,54] cannot find symbol
[ERROR]   symbol:   class SeatHoldService
[ERROR]   location: package com.agilityhub.core.clubs.bookings.application
[ERROR] /Users/jordib/dev/agilityhub/agilityhub-core-api/src/test/java/com/agilityhub/core/clubs/bookings/api/NotificationActionsIT.java:[14,54] cannot find symbol
[ERROR]   symbol:   class WaitlistService
[ERROR]   location: package com.agilityhub.core.clubs.bookings.application
[ERROR] /Users/jordib/dev/agilityhub/agilityhub-core-api/src/test/java/com/agilityhub/core/clubs/bookings/api/NotificationActionsIT.java:[15,59] cannot find symbol
[ERROR]   symbol:   class NoShowNoticesJob
[ERROR]   location: package com.agilityhub.core.clubs.bookings.application.jobs
[ERROR] /Users/jordib/dev/agilityhub/agilityhub-core-api/src/test/java/com/agilityhub/core/clubs/bookings/api/NotificationActionsIT.java:[16,49] cannot find symbol
[ERROR]   symbol:   class ActorRole
[ERROR]   location: package com.agilityhub.core.clubs.bookings.domain
[ERROR] /Users/jordib/dev/agilityhub/agilityhub-core-api/src/test/java/com/agilityhub/core/clubs/bookings/api/NotificationActionsIT.java:[17,49] cannot find symbol
[ERROR]   symbol:   class AttendanceState
[ERROR]   location: package com.agilityhub.core.clubs.bookings.domain
[ERROR] /Users/jordib/dev/agilityhub/agilityhub-core-api/src/test/java/com/agilityhub/core/clubs/bookings/api/NotificationActionsIT.java:[18,49] cannot find symbol
[ERROR]   symbol:   class BookingOrigin
[ERROR]   location: package com.agilityhub.core.clubs.bookings.domain
[ERROR] /Users/jordib/dev/agilityhub/agilityhub-core-api/src/test/java/com/agilityhub/core/clubs/bookings/api/NotificationActionsIT.java:[20,52] cannot find symbol
[ERROR]   symbol:   class RemindersJob
[ERROR]   location: package com.agilityhub.core.clubs.common.application
[ERROR] /Users/jordib/dev/agilityhub/agilityhub-core-api/src/test/java/com/agilityhub/core/clubs/bookings/api/NotificationActionsIT.java:[21,54] cannot find symbol
[ERROR]   symbol:   class TaskService
[ERROR]   location: package com.agilityhub.core.clubs.followup.application
[ERROR] /Users/jordib/dev/agilityhub/agilityhub-core-api/src/test/java/com/agilityhub/core/clubs/bookings/api/NotificationActionsIT.java:[22,49] cannot find symbol
[ERROR]   symbol:   class AuthorRole
[ERROR]   location: package com.agilityhub.core.clubs.followup.domain
[ERROR] /Users/jordib/dev/agilityhub/agilityhub-core-api/src/test/java/com/agilityhub/core/clubs/bookings/api/NotificationActionsIT.java:[23,54] cannot find symbol
[ERROR]   symbol:   class Task
[ERROR]   location: package com.agilityhub.core.clubs.followup.persistence
[ERROR] /Users/jordib/dev/agilityhub/agilityhub-core-api/src/test/java/com/agilityhub/core/clubs/bookings/api/NotificationActionsIT.java:[26,56] cannot find symbol
[ERROR]   symbol:   class ClassCancellationUseCase
[ERROR]   location: package com.agilityhub.core.clubs.scheduling.application
[ERROR] /Users/jordib/dev/agilityhub/agilityhub-core-api/src/test/java/com/agilityhub/core/clubs/bookings/api/NotificationActionsIT.java:[27,56] cannot find symbol
[ERROR]   symbol:   class ClassSessionService
[ERROR]   location: package com.agilityhub.core.clubs.scheduling.application
[ERROR] /Users/jordib/dev/agilityhub/agilityhub-core-api/src/test/java/com/agilityhub/core/clubs/bookings/api/NotificationActionsIT.java:[28,56] cannot find symbol
[ERROR]   symbol:   class RingBlockService
[ERROR]   location: package com.agilityhub.core.clubs.scheduling.application
[ERROR] /Users/jordib/dev/agilityhub/agilityhub-core-api/src/test/java/com/agilityhub/core/clubs/bookings/api/NotificationActionsIT.java:[29,56] cannot find symbol
[ERROR]   symbol:   class RiskReviewJob
[ERROR]   location: package com.agilityhub.core.clubs.scheduling.application
[ERROR] /Users/jordib/dev/agilityhub/agilityhub-core-api/src/test/java/com/agilityhub/core/clubs/bookings/api/NotificationActionsIT.java:[30,54] cannot find symbol
[ERROR]   symbol:   class TrainingActor
[ERROR]   location: package com.agilityhub.core.clubs.training.application
[ERROR] /Users/jordib/dev/agilityhub/agilityhub-core-api/src/test/java/com/agilityhub/core/clubs/bookings/api/NotificationActionsIT.java:[31,54] cannot find symbol
[ERROR]   symbol:   class TrainingBookingService
[ERROR]   location: package com.agilityhub.core.clubs.training.application
[ERROR] /Users/jordib/dev/agilityhub/agilityhub-core-api/src/test/java/com/agilityhub/core/clubs/bookings/api/NotificationActionsIT.java:[32,49] cannot find symbol
[ERROR]   symbol:   class TrainingCancelledBy
[ERROR]   location: package com.agilityhub.core.clubs.training.domain
[ERROR] /Users/jordib/dev/agilityhub/agilityhub-core-api/src/test/java/com/agilityhub/core/clubs/bookings/api/NotificationActionsIT.java:[33,49] cannot find symbol
[ERROR]   symbol:   class TrainingOrigin
[ERROR]   location: package com.agilityhub.core.clubs.training.domain
[ERROR] /Users/jordib/dev/agilityhub/agilityhub-core-api/src/test/java/com/agilityhub/core/clubs/bookings/api/NotificationActionsIT.java:[68,16] cannot find symbol
[ERROR]   symbol:   class SeatHoldService
[ERROR]   location: class com.agilityhub.core.clubs.bookings.api.NotificationActionsIT
[ERROR] /Users/jordib/dev/agilityhub/agilityhub-core-api/src/test/java/com/agilityhub/core/clubs/bookings/api/NotificationActionsIT.java:[68,50] cannot find symbol
[ERROR]   symbol:   class BookingConfirmationService
[ERROR]   location: class com.agilityhub.core.clubs.bookings.api.NotificationActionsIT
[ERROR] /Users/jordib/dev/agilityhub/agilityhub-core-api/src/test/java/com/agilityhub/core/clubs/bookings/api/NotificationActionsIT.java:[68,103] cannot find symbol
[ERROR]   symbol:   class BookingCancellationService
[ERROR]   location: class com.agilityhub.core.clubs.bookings.api.NotificationActionsIT
[ERROR] /Users/jordib/dev/agilityhub/agilityhub-core-api/src/test/java/com/agilityhub/core/clubs/bookings/api/NotificationActionsIT.java:[69,16] cannot find symbol
[ERROR]   symbol:   class WaitlistService
[ERROR]   location: class com.agilityhub.core.clubs.bookings.api.NotificationActionsIT
[ERROR] /Users/jordib/dev/agilityhub/agilityhub-core-api/src/test/java/com/agilityhub/core/clubs/bookings/api/NotificationActionsIT.java:[69,53] cannot find symbol
[ERROR]   symbol:   class TrainingBookingService
[ERROR]   location: class com.agilityhub.core.clubs.bookings.api.NotificationActionsIT
[ERROR] /Users/jordib/dev/agilityhub/agilityhub-core-api/src/test/java/com/agilityhub/core/clubs/bookings/api/NotificationActionsIT.java:[69,98] cannot find symbol
[ERROR]   symbol:   class ClassCancellationUseCase
[ERROR]   location: class com.agilityhub.core.clubs.bookings.api.NotificationActionsIT
[ERROR] /Users/jordib/dev/agilityhub/agilityhub-core-api/src/test/java/com/agilityhub/core/clubs/bookings/api/NotificationActionsIT.java:[70,16] cannot find symbol
[ERROR]   symbol:   class ClassSessionService
[ERROR]   location: class com.agilityhub.core.clubs.bookings.api.NotificationActionsIT
[ERROR] /Users/jordib/dev/agilityhub/agilityhub-core-api/src/test/java/com/agilityhub/core/clubs/bookings/api/NotificationActionsIT.java:[70,56] cannot find symbol
[ERROR]   symbol:   class AttendanceSheetService
[ERROR]   location: class com.agilityhub.core.clubs.bookings.api.NotificationActionsIT
[ERROR] /Users/jordib/dev/agilityhub/agilityhub-core-api/src/test/java/com/agilityhub/core/clubs/bookings/api/NotificationActionsIT.java:[70,102] cannot find symbol
[ERROR]   symbol:   class TaskService
[ERROR]   location: class com.agilityhub.core.clubs.bookings.api.NotificationActionsIT
[ERROR] /Users/jordib/dev/agilityhub/agilityhub-core-api/src/test/java/com/agilityhub/core/clubs/bookings/api/NotificationActionsIT.java:[72,45] cannot find symbol
[ERROR]   symbol:   class RiskReviewJob
[ERROR]   location: class com.agilityhub.core.clubs.bookings.api.NotificationActionsIT
[ERROR] /Users/jordib/dev/agilityhub/agilityhub-core-api/src/test/java/com/agilityhub/core/clubs/bookings/api/NotificationActionsIT.java:[72,82] cannot find symbol
[ERROR]   symbol:   class NoShowNoticesJob
[ERROR]   location: class com.agilityhub.core.clubs.bookings.api.NotificationActionsIT
[ERROR] /Users/jordib/dev/agilityhub/agilityhub-core-api/src/test/java/com/agilityhub/core/clubs/bookings/api/NotificationActionsIT.java:[72,119] cannot find symbol
[ERROR]   symbol:   class RemindersJob
[ERROR]   location: class com.agilityhub.core.clubs.bookings.api.NotificationActionsIT
[ERROR] -> [Help 1]
[ERROR] 
[ERROR] To see the full stack trace of the errors, re-run Maven with the -e switch.
[ERROR] Re-run Maven using the -X switch to enable full debug logging.
[ERROR] 
[ERROR] For more information about the errors and possible solutions, please read the following articles:
[ERROR] [Help 1] http://cwiki.apache.org/confluence/display/MAVEN/MojoFailureException
