Mockito is currently self-attaching to enable the inline-mock-maker. This will no longer work in future releases of the JDK. Please add Mockito as an agent to your build as described in Mockito's documentation: https://javadoc.io/doc/org.mockito/mockito-core/latest/org.mockito/org/mockito/Mockito.html#0.3
OpenJDK 64-Bit Server VM warning: Sharing is only supported for boot loader classes because bootstrap classpath has been appended
WARNING: A Java agent has been loaded dynamically (/Users/jordib/.m2/repository/net/bytebuddy/byte-buddy-agent/1.17.8/byte-buddy-agent-1.17.8.jar)
WARNING: If a serviceability tool is in use, please run with -XX:+EnableDynamicAgentLoading to hide this warning
WARNING: If a serviceability tool is not in use, please run with -Djdk.instrument.traceUsage for more information
WARNING: Dynamic loading of agents will be disallowed by default in a future release
12:43:40.675 [main] INFO org.springframework.test.context.support.AnnotationConfigContextLoaderUtils -- Could not detect default configuration classes for test class [com.agilityhub.core.clubs.bookings.api.WaitlistIT]: WaitlistIT does not declare any static, non-private, non-final, nested classes annotated with @Configuration.
12:43:40.884 [main] INFO org.springframework.boot.test.context.SpringBootTestContextBootstrapper -- Found @SpringBootConfiguration com.agilityhub.core.CoreApplication for test class com.agilityhub.core.clubs.bookings.api.WaitlistIT
12:43:40.964 [main] INFO org.testcontainers.images.PullPolicy -- Image pull policy will be performed by: DefaultPullPolicy()
12:43:40.966 [main] INFO org.testcontainers.utility.ImageNameSubstitutor -- Image name substitution will be performed by: DefaultImageNameSubstitutor (composite of 'ConfigurationFileImageNameSubstitutor' and 'PrefixingImageNameSubstitutor')
12:43:40.970 [main] INFO org.testcontainers.DockerClientFactory -- Testcontainers version: 1.21.4
12:43:41.158 [main] INFO org.testcontainers.dockerclient.DockerClientProviderStrategy -- Loaded org.testcontainers.dockerclient.UnixSocketClientProviderStrategy from ~/.testcontainers.properties, will try it first
12:43:41.329 [main] INFO org.testcontainers.dockerclient.DockerClientProviderStrategy -- Found Docker environment with local Unix socket (unix:///var/run/docker.sock)
12:43:41.329 [main] INFO org.testcontainers.DockerClientFactory -- Docker host IP address is localhost
12:43:41.344 [main] INFO org.testcontainers.DockerClientFactory -- Connected to docker: 
  Server Version: 29.8.2
  API Version: 1.56
  Operating System: Docker Desktop
  Total Memory: 7931 MB
  Labels: 
    com.docker.desktop.address=unix:///Users/jordib/Library/Containers/com.docker.docker/Data/docker-cli.sock
12:43:41.609 [main] INFO tc.testcontainers/ryuk:0.12.0 -- Creating container for image: testcontainers/ryuk:0.12.0
12:43:41.673 [main] INFO org.testcontainers.utility.RegistryAuthLocator -- Credential helper/store (docker-credential-desktop) does not have credentials for https://index.docker.io/v1/
12:43:41.746 [main] INFO tc.testcontainers/ryuk:0.12.0 -- Container testcontainers/ryuk:0.12.0 is starting: 54137b9f...[truncated]
12:43:41.914 [main] INFO tc.testcontainers/ryuk:0.12.0 -- Container testcontainers/ryuk:0.12.0 started in PT0.304575S
12:43:41.918 [main] INFO org.testcontainers.utility.RyukResourceReaper -- Ryuk started - will monitor and terminate Testcontainers containers on JVM exit
12:43:41.918 [main] INFO org.testcontainers.DockerClientFactory -- Checking the system...
12:43:41.918 [main] INFO org.testcontainers.DockerClientFactory -- ✔︎ Docker server version should be at least 1.6.0
12:43:41.919 [main] INFO tc.mongo:7 -- Creating container for image: mongo:7
12:43:41.951 [main] INFO tc.mongo:7 -- Container mongo:7 is starting: 3df411eb...[truncated]
12:43:42.461 [main] INFO tc.mongo:7 -- Container mongo:7 started in PT0.542025S
Integration JVM availableProcessors=18

  .   ____          _            __ _ _
 /\\ / ___'_ __ _ _(_)_ __  __ _ \ \ \ \
( ( )\___ | '_ | '_| | '_ \/ _` | \ \ \ \
 \\/  ___)| |_)| | | | | || (_| |  ) ) ) )
  '  |____| .__|_| |_|_| |_\__, | / / / /
 =========|_|==============|___/=/_/_/_/

 :: Spring Boot ::               (v3.5.16)

2026-10-07T12:43:43.262+02:00 INFO  [main] c.a.core.clubs.bookings.api.WaitlistIT traceId= clubId= accountId= : Starting WaitlistIT using Java [redacted] with PID 19088 (started by jordib in /Users/jordib/dev/agilityhub/agilityhub-core-api)
2026-10-07T12:43:43.264+02:00 INFO  [main] c.a.core.clubs.bookings.api.WaitlistIT traceId= clubId= accountId= : The following 1 profile is active: "test"
2026-10-07T12:43:44.281+02:00 INFO  [main] o.s.d.r.c.RepositoryConfigurationDelegate traceId= clubId= accountId= : Bootstrapping Spring Data MongoDB repositories in DEFAULT mode.
2026-10-07T12:43:44.326+02:00 INFO  [main] o.s.d.r.c.RepositoryConfigurationDelegate traceId= clubId= accountId= : Finished Spring Data repository scanning in 42 ms. Found 0 MongoDB repository interfaces.
2026-10-07T12:43:44.760+02:00 INFO  [main] org.mongodb.driver.client traceId= clubId= accountId= : MongoClient with metadata {"driver": {"name": "mongo-java-driver|sync|spring-boot", "version": "5.5.2"}, "os": {"type": "Darwin", "name": "Mac OS X", "architecture": "aarch64", "version": "26.4.1"}, "platform": "Java/Homebrew/[redacted]"} created with settings MongoClientSettings{readPreference=primary, writeConcern=WriteConcern{w=null, wTimeout=null ms, journal=null}, retryWrites=true, retryReads=true, readConcern=ReadConcern{level=null}, credential=null, transportSettings=null, commandListeners=[io.micrometer.core.instrument.binder.mongodb.MongoMetricsCommandListener@151a8228], codecRegistry=ProvidersCodecRegistry{codecProviders=[ValueCodecProvider{}, BsonValueCodecProvider{}, DBRefCodecProvider{}, DBObjectCodecProvider{}, DocumentCodecProvider{}, CollectionCodecProvider{}, IterableCodecProvider{}, MapCodecProvider{}, GeoJsonCodecProvider{}, GridFSFileCodecProvider{}, Jsr310CodecProvider{}, JsonObjectCodecProvider{}, BsonCodecProvider{}, EnumCodecProvider{}, com.mongodb.client.model.mql.ExpressionCodecProvider@584f7cc5, com.mongodb.Jep395RecordCodecProvider@1b37a2b2, com.mongodb.KotlinCodecProvider@1646e8ec]}, loggerSettings=LoggerSettings{maxDocumentLength=1000}, clusterSettings={hosts=[localhost:60034], srvServiceName=mongodb, mode=SINGLE, requiredClusterType=UNKNOWN, requiredReplicaSetName='null', serverSelector='null', clusterListeners='[]', serverSelectionTimeout='2000 ms', localThreshold='15 ms'}, socketSettings=SocketSettings{connectTimeoutMS=2000, readTimeoutMS=0, receiveBufferSize=0, proxySettings=ProxySettings{host=null, port=null, username=null, [redacted], heartbeatSocketSettings=SocketSettings{connectTimeoutMS=2000, readTimeoutMS=2000, receiveBufferSize=0, proxySettings=ProxySettings{host=null, port=null, username=null, [redacted], connectionPoolSettings=ConnectionPoolSettings{maxSize=100, minSize=0, maxWaitTimeMS=2000, maxConnectionLifeTimeMS=0, maxConnectionIdleTimeMS=0, maintenanceInitialDelayMS=0, maintenanceFrequencyMS=60000, connectionPoolListeners=[io.micrometer.core.instrument.binder.mongodb.MongoMetricsConnectionPoolListener@578c33ce], maxConnecting=2}, serverSettings=ServerSettings{heartbeatFrequencyMS=10000, minHeartbeatFrequencyMS=500, serverMonitoringMode=AUTO, serverListeners='[]', serverMonitorListeners='[]'}, sslSettings=SslSettings{enabled=false, invalidHostNameAllowed=false, context=null}, applicationName='null', compressorList=[], uuidRepresentation=JAVA_LEGACY, serverApi=null, autoEncryptionSettings=null, dnsClient=null, inetAddressResolver=null, contextProvider=null, timeoutMS=null}
2026-10-07T12:43:44.767+02:00 INFO  [cluster-ClusterId{value='6ac6226099eccc70edf934a1', description='null'}-localhost:60034] org.mongodb.driver.cluster traceId= clubId= accountId= : Monitor thread successfully connected to server with description ServerDescription{address=localhost:60034, type=REPLICA_SET_PRIMARY, cryptd=false, state=CONNECTED, ok=true, minWireVersion=0, maxWireVersion=21, maxDocumentSize=16777216, logicalSessionTimeoutMinutes=30, roundTripTimeNanos=12220208, minRoundTripTimeNanos=0, setName='docker-rs', canonicalAddress=3df411ebb218:27017, hosts=[3df411ebb218:27017], passives=[], arbiters=[], primary='3df411ebb218:27017', tagSet=TagSet{[]}, electionId=7fffffff0000000000000001, setVersion=1, topologyVersion=TopologyVersion{processId=6ac6225edd0b6bbff26d9735, counter=6}, lastWriteDate=Wed Oct 07 12:43:42 CEST 2026, lastUpdateTimeNanos=[redacted]}
2026-10-07T12:43:48.443+02:00 INFO  [main] o.s.b.t.m.w.SpringBootMockServletContext traceId= clubId= accountId= : Initializing Spring TestDispatcherServlet ''
2026-10-07T12:43:48.444+02:00 INFO  [main] o.s.t.web.servlet.TestDispatcherServlet traceId= clubId= accountId= : Initializing Servlet ''
2026-10-07T12:43:48.444+02:00 INFO  [main] o.s.t.web.servlet.TestDispatcherServlet traceId= clubId= accountId= : Completed initialization in 0 ms
2026-10-07T12:43:48.483+02:00 INFO  [main] c.a.core.clubs.bookings.api.WaitlistIT traceId= clubId= accountId= : Started WaitlistIT in 5.456 seconds (process running for 9.294)
2026-10-07T12:44:01.705+02:00 INFO  [main] o.s.t.c.s.AnnotationConfigContextLoaderUtils traceId= clubId= accountId= : Could not detect default configuration classes for test class [com.agilityhub.core.clubs.bookings.api.BookingsIT]: BookingsIT does not declare any static, non-private, non-final, nested classes annotated with @Configuration.
2026-10-07T12:44:01.707+02:00 INFO  [main] o.s.b.t.c.SpringBootTestContextBootstrapper traceId= clubId= accountId= : Found @SpringBootConfiguration com.agilityhub.core.CoreApplication for test class com.agilityhub.core.clubs.bookings.api.BookingsIT
2026-10-07T12:44:03.575+02:00 INFO  [main] c.a.c.c.b.application.BookingEvents traceId=8496936a-f149-4bd3-a384-15bc664cf359 clubId=s08-a accountId=s08-laura : Booking blocked operation=hold class=s08-fri account=s08-laura traceId=8496936a-f149-4bd3-a384-15bc664cf359
2026-10-07T12:44:03.591+02:00 INFO  [main] c.a.c.c.b.application.BookingEvents traceId=2619e34d-c426-47b6-b331-f4f9872594f6 clubId=s08-a accountId=s08-laura : Booking blocked operation=confirm class=s08-thu account=s08-laura traceId=2619e34d-c426-47b6-b331-f4f9872594f6
2026-10-07T12:44:03.598+02:00 INFO  [main] c.a.c.c.b.application.BookingEvents traceId=cae2cfbc-6ed1-4f67-b8ca-db7163b27dfa clubId=s08-a accountId=s08-joan : Booking blocked operation=hold class=s08-fri account=s08-joan traceId=cae2cfbc-6ed1-4f67-b8ca-db7163b27dfa
2026-10-07T12:44:03.605+02:00 INFO  [main] c.a.c.c.b.application.BookingEvents traceId=9aff530e-fc5a-456a-8e2d-a68bedb92b5d clubId=s08-a accountId=s08-laura : Booking blocked operation=hold class=s08-fri account=s08-laura traceId=9aff530e-fc5a-456a-8e2d-a68bedb92b5d
2026-10-07T12:44:06.798+02:00 WARN  [main] c.a.c.c.b.application.BookingConsumers traceId= clubId= accountId= : Class s08-wed cancelled by the club still has 1 live bookings
[ERROR] Tests run: 20, Failures: 1, Errors: 0, Skipped: 0, Time elapsed: 7.114 s <<< FAILURE! -- in com.agilityhub.core.clubs.bookings.api.BookingsIT
[ERROR] com.agilityhub.core.clubs.bookings.api.BookingsIT.S15_P5c_S13_systemCancellationsOfAMemberAreNeverLateAndRefundThePack -- Time elapsed: 0.099 s <<< FAILURE!
org.opentest4j.AssertionFailedError: 
[POST /seat-holds {"code":"PACK_EMPTY","message":"El bo no té sessions disponibles.","details":{},"traceId":"182b448f-aea7-43ce-bcc9-38fd92b0a410"}] 
expected: 201
 but was: 422
	at com.agilityhub.core.clubs.bookings.api.BookingFixtures.call(BookingFixtures.java:138)
	at com.agilityhub.core.clubs.bookings.api.BookingFixtures.call(BookingFixtures.java:131)
	at com.agilityhub.core.clubs.bookings.api.BookingFixtures.hold(BookingFixtures.java:142)
	at com.agilityhub.core.clubs.bookings.api.BookingFixtures.book(BookingFixtures.java:150)
	at com.agilityhub.core.clubs.bookings.api.BookingsIT.S15_P5c_S13_systemCancellationsOfAMemberAreNeverLateAndRefundThePack(BookingsIT.java:519)
	at java.base/java.lang.reflect.Method.invoke(Method.java:580)
	at java.base/java.util.ArrayList.forEach(ArrayList.java:1596)
	at java.base/java.util.ArrayList.forEach(ArrayList.java:1596)

2026-10-07T12:44:08.820+02:00 INFO  [main] o.s.t.c.s.AnnotationConfigContextLoaderUtils traceId= clubId= accountId= : Could not detect default configuration classes for test class [com.agilityhub.core.clubs.bookings.api.LifecycleIT]: LifecycleIT does not declare any static, non-private, non-final, nested classes annotated with @Configuration.
2026-10-07T12:44:08.821+02:00 INFO  [main] o.s.b.t.c.SpringBootTestContextBootstrapper traceId= clubId= accountId= : Found @SpringBootConfiguration com.agilityhub.core.CoreApplication for test class com.agilityhub.core.clubs.bookings.api.LifecycleIT
PackBalance movement=OPEN delta=10 id=[truncated]
PackBalance movement=CONSUME delta=-1 id=[truncated]
PackBalance movement=REFUND delta=1 id=[truncated]
PackBalance movement=EXPIRE delta=0 id=[truncated]
PackBalance movement=ADJUST delta=1 id=[truncated]
2026-10-07T12:44:14.021+02:00 INFO  [main] o.s.t.c.s.AnnotationConfigContextLoaderUtils traceId= clubId= accountId= : Could not detect default configuration classes for test class [com.agilityhub.core.clubs.bookings.api.MemberAggregatesIT]: MemberAggregatesIT does not declare any static, non-private, non-final, nested classes annotated with @Configuration.
2026-10-07T12:44:14.022+02:00 INFO  [main] o.s.b.t.c.SpringBootTestContextBootstrapper traceId= clubId= accountId= : Found @SpringBootConfiguration com.agilityhub.core.CoreApplication for test class com.agilityhub.core.clubs.bookings.api.MemberAggregatesIT
2026-10-07T12:44:15.158+02:00 WARN  [main] c.networknt.schema.UnknownKeywordFactory traceId= clubId= accountId= : Unknown keyword components - you should define your own Meta Schema. If the keyword is irrelevant for validation, just use a NonValidationKeyword or if it should generate annotations AnnotationKeyword
2026-10-07T12:44:16.441+02:00 INFO  [main] o.s.b.t.c.SpringBootTestContextBootstrapper traceId= clubId= accountId= : Found @SpringBootConfiguration com.agilityhub.core.CoreApplication for test class com.agilityhub.core.clubs.bookings.api.AttendanceIT

  .   ____          _            __ _ _
 /\\ / ___'_ __ _ _(_)_ __  __ _ \ \ \ \
( ( )\___ | '_ | '_| | '_ \/ _` | \ \ \ \
 \\/  ___)| |_)| | | | | || (_| |  ) ) ) )
  '  |____| .__|_| |_|_| |_\__, | / / / /
 =========|_|==============|___/=/_/_/_/

 :: Spring Boot ::               (v3.5.16)

2026-10-07T12:44:16.468+02:00 INFO  [main] c.a.core.clubs.bookings.api.AttendanceIT traceId= clubId= accountId= : Starting AttendanceIT using Java [redacted] with PID 19088 (started by jordib in /Users/jordib/dev/agilityhub/agilityhub-core-api)
2026-10-07T12:44:16.468+02:00 INFO  [main] c.a.core.clubs.bookings.api.AttendanceIT traceId= clubId= accountId= : The following 1 profile is active: "test"
2026-10-07T12:44:16.851+02:00 INFO  [main] o.s.d.r.c.RepositoryConfigurationDelegate traceId= clubId= accountId= : Bootstrapping Spring Data MongoDB repositories in DEFAULT mode.
2026-10-07T12:44:16.880+02:00 INFO  [main] o.s.d.r.c.RepositoryConfigurationDelegate traceId= clubId= accountId= : Finished Spring Data repository scanning in 28 ms. Found 0 MongoDB repository interfaces.
2026-10-07T12:44:16.938+02:00 INFO  [main] org.mongodb.driver.client traceId= clubId= accountId= : MongoClient with metadata {"driver": {"name": "mongo-java-driver|sync|spring-boot", "version": "5.5.2"}, "os": {"type": "Darwin", "name": "Mac OS X", "architecture": "aarch64", "version": "26.4.1"}, "platform": "Java/Homebrew/[redacted]"} created with settings MongoClientSettings{readPreference=primary, writeConcern=WriteConcern{w=null, wTimeout=null ms, journal=null}, retryWrites=true, retryReads=true, readConcern=ReadConcern{level=null}, credential=null, transportSettings=null, commandListeners=[io.micrometer.core.instrument.binder.mongodb.MongoMetricsCommandListener@32d4508], codecRegistry=ProvidersCodecRegistry{codecProviders=[ValueCodecProvider{}, BsonValueCodecProvider{}, DBRefCodecProvider{}, DBObjectCodecProvider{}, DocumentCodecProvider{}, CollectionCodecProvider{}, IterableCodecProvider{}, MapCodecProvider{}, GeoJsonCodecProvider{}, GridFSFileCodecProvider{}, Jsr310CodecProvider{}, JsonObjectCodecProvider{}, BsonCodecProvider{}, EnumCodecProvider{}, com.mongodb.client.model.mql.ExpressionCodecProvider@584f7cc5, com.mongodb.Jep395RecordCodecProvider@1b37a2b2, com.mongodb.KotlinCodecProvider@1646e8ec]}, loggerSettings=LoggerSettings{maxDocumentLength=1000}, clusterSettings={hosts=[localhost:60034], srvServiceName=mongodb, mode=SINGLE, requiredClusterType=UNKNOWN, requiredReplicaSetName='null', serverSelector='null', clusterListeners='[]', serverSelectionTimeout='2000 ms', localThreshold='15 ms'}, socketSettings=SocketSettings{connectTimeoutMS=2000, readTimeoutMS=0, receiveBufferSize=0, proxySettings=ProxySettings{host=null, port=null, username=null, [redacted], heartbeatSocketSettings=SocketSettings{connectTimeoutMS=2000, readTimeoutMS=2000, receiveBufferSize=0, proxySettings=ProxySettings{host=null, port=null, username=null, [redacted], connectionPoolSettings=ConnectionPoolSettings{maxSize=100, minSize=0, maxWaitTimeMS=2000, maxConnectionLifeTimeMS=0, maxConnectionIdleTimeMS=0, maintenanceInitialDelayMS=0, maintenanceFrequencyMS=60000, connectionPoolListeners=[io.micrometer.core.instrument.binder.mongodb.MongoMetricsConnectionPoolListener@7700f4cc], maxConnecting=2}, serverSettings=ServerSettings{heartbeatFrequencyMS=10000, minHeartbeatFrequencyMS=500, serverMonitoringMode=AUTO, serverListeners='[]', serverMonitorListeners='[]'}, sslSettings=SslSettings{enabled=false, invalidHostNameAllowed=false, context=null}, applicationName='null', compressorList=[], uuidRepresentation=JAVA_LEGACY, serverApi=null, autoEncryptionSettings=null, dnsClient=null, inetAddressResolver=null, contextProvider=null, timeoutMS=null}
2026-10-07T12:44:16.940+02:00 INFO  [cluster-ClusterId{value='6ac6228099eccc70edf934b3', description='null'}-localhost:60034] org.mongodb.driver.cluster traceId= clubId= accountId= : Monitor thread successfully connected to server with description ServerDescription{address=localhost:60034, type=REPLICA_SET_PRIMARY, cryptd=false, state=CONNECTED, ok=true, minWireVersion=0, maxWireVersion=21, maxDocumentSize=16777216, logicalSessionTimeoutMinutes=30, roundTripTimeNanos=1623042, minRoundTripTimeNanos=0, setName='docker-rs', canonicalAddress=3df411ebb218:27017, hosts=[3df411ebb218:27017], passives=[], arbiters=[], primary='3df411ebb218:27017', tagSet=TagSet{[]}, electionId=7fffffff0000000000000001, setVersion=1, topologyVersion=TopologyVersion{processId=6ac6225edd0b6bbff26d9735, counter=6}, lastWriteDate=Wed Oct 07 12:44:16 CEST 2026, lastUpdateTimeNanos=[redacted]}
2026-10-07T12:44:17.790+02:00 INFO  [main] o.s.b.t.m.w.SpringBootMockServletContext traceId= clubId= accountId= : Initializing Spring TestDispatcherServlet ''
2026-10-07T12:44:17.790+02:00 INFO  [main] o.s.t.web.servlet.TestDispatcherServlet traceId= clubId= accountId= : Initializing Servlet ''
2026-10-07T12:44:17.791+02:00 INFO  [main] o.s.t.web.servlet.TestDispatcherServlet traceId= clubId= accountId= : Completed initialization in 0 ms
2026-10-07T12:44:17.821+02:00 INFO  [main] c.a.core.clubs.bookings.api.AttendanceIT traceId= clubId= accountId= : Started AttendanceIT in 1.377 seconds (process running for 38.632)
2026-10-07T12:44:17.858+02:00 INFO  [main] c.a.c.c.c.persistence.CensusPersistence traceId= clubId= accountId= : Dog.nameKey migrated for 24 dogs
2026-10-07T12:44:18.721+02:00 WARN  [main] c.a.core.shared.api.ApiExceptionHandler traceId=adf58f80-53e3-475b-99fd-957206ce9123 clubId=s08-a accountId=s08-inst : Framework request rejected code=VALIDATION_ERROR traceId=adf58f80-53e3-475b-99fd-957206ce9123
No-show notices claimed: 1 (NoShowNoticeDue 673dd0e0-acfe-4dfe-8e0d-39f5be588a60)
No-show notices claimed: 0
T-10-24 round 0: [save 200, hold 409 SEAT_TAKEN, claim 201] → live bookings 1 / capacity 2, «ha avisat» booking CANCELLED
T-10-24 round 1: [save 200, claim 201, claim 201] → live bookings 2 / capacity 2, «ha avisat» booking CANCELLED
T-10-24 round 2: [save 200, claim 201, hold 409 SEAT_TAKEN] → live bookings 1 / capacity 2, «ha avisat» booking CANCELLED
2026-10-07T12:44:22.528+02:00 WARN  [main] c.a.c.c.b.a.AttendanceConsumers traceId= clubId= accountId= : Booking 41a0512c-6cf2-4153-[redacted] while its attendance is PRESENT (S10 §7 contradiction; S08 should have refused it)
T-10-23 two saves of version 0 in parallel: statuses [200, 409]
T-10-03 14:00:00 → minutesBefore 290, late false, booking CANCELLED, pack refunded true, waiting list told true, afterClassEnd false
T-10-03 14:50:00 → minutesBefore 240, late false, booking CANCELLED, pack refunded true, waiting list told true, afterClassEnd false
T-10-03 14:50:01 → minutesBefore 239, late true, booking CANCELLED_LATE, pack refunded false, waiting list told true, afterClassEnd false
T-10-03 18:20:00 → minutesBefore 30, late true, booking CANCELLED_LATE, pack refunded false, waiting list told false, afterClassEnd false
T-10-03 19:05:00 → minutesBefore -15, late true, booking CANCELLED_LATE, pack refunded false, waiting list told false, afterClassEnd false
T-10-03 20:30:00 → minutesBefore —, late true, booking ACTIVE, pack refunded false, waiting list told false, afterClassEnd true
2026-10-07T12:44:27.134+02:00 INFO  [main] o.s.t.c.s.AnnotationConfigContextLoaderUtils traceId= clubId= accountId= : Could not detect default configuration classes for test class [com.agilityhub.core.clubs.training.api.TrainingIT]: TrainingIT does not declare any static, non-private, non-final, nested classes annotated with @Configuration.
2026-10-07T12:44:27.166+02:00 INFO  [main] o.s.b.t.c.SpringBootTestContextBootstrapper traceId= clubId= accountId= : Found @SpringBootConfiguration com.agilityhub.core.CoreApplication for test class com.agilityhub.core.clubs.training.api.TrainingIT

  .   ____          _            __ _ _
 /\\ / ___'_ __ _ _(_)_ __  __ _ \ \ \ \
( ( )\___ | '_ | '_| | '_ \/ _` | \ \ \ \
 \\/  ___)| |_)| | | | | || (_| |  ) ) ) )
  '  |____| .__|_| |_|_| |_\__, | / / / /
 =========|_|==============|___/=/_/_/_/

 :: Spring Boot ::               (v3.5.16)

2026-10-07T12:44:27.178+02:00 INFO  [main] c.a.core.clubs.training.api.TrainingIT traceId= clubId= accountId= : Starting TrainingIT using Java [redacted] with PID 19088 (started by jordib in /Users/jordib/dev/agilityhub/agilityhub-core-api)
2026-10-07T12:44:27.178+02:00 INFO  [main] c.a.core.clubs.training.api.TrainingIT traceId= clubId= accountId= : The following 1 profile is active: "test"
2026-10-07T12:44:27.443+02:00 INFO  [main] o.s.d.r.c.RepositoryConfigurationDelegate traceId= clubId= accountId= : Bootstrapping Spring Data MongoDB repositories in DEFAULT mode.
2026-10-07T12:44:27.470+02:00 INFO  [main] o.s.d.r.c.RepositoryConfigurationDelegate traceId= clubId= accountId= : Finished Spring Data repository scanning in 26 ms. Found 0 MongoDB repository interfaces.
2026-10-07T12:44:27.512+02:00 INFO  [main] org.mongodb.driver.client traceId= clubId= accountId= : MongoClient with metadata {"driver": {"name": "mongo-java-driver|sync|spring-boot", "version": "5.5.2"}, "os": {"type": "Darwin", "name": "Mac OS X", "architecture": "aarch64", "version": "26.4.1"}, "platform": "Java/Homebrew/[redacted]"} created with settings MongoClientSettings{readPreference=primary, writeConcern=WriteConcern{w=null, wTimeout=null ms, journal=null}, retryWrites=true, retryReads=true, readConcern=ReadConcern{level=null}, credential=null, transportSettings=null, commandListeners=[io.micrometer.core.instrument.binder.mongodb.MongoMetricsCommandListener@acfd612], codecRegistry=ProvidersCodecRegistry{codecProviders=[ValueCodecProvider{}, BsonValueCodecProvider{}, DBRefCodecProvider{}, DBObjectCodecProvider{}, DocumentCodecProvider{}, CollectionCodecProvider{}, IterableCodecProvider{}, MapCodecProvider{}, GeoJsonCodecProvider{}, GridFSFileCodecProvider{}, Jsr310CodecProvider{}, JsonObjectCodecProvider{}, BsonCodecProvider{}, EnumCodecProvider{}, com.mongodb.client.model.mql.ExpressionCodecProvider@584f7cc5, com.mongodb.Jep395RecordCodecProvider@1b37a2b2, com.mongodb.KotlinCodecProvider@1646e8ec]}, loggerSettings=LoggerSettings{maxDocumentLength=1000}, clusterSettings={hosts=[localhost:60034], srvServiceName=mongodb, mode=SINGLE, requiredClusterType=UNKNOWN, requiredReplicaSetName='null', serverSelector='null', clusterListeners='[]', serverSelectionTimeout='2000 ms', localThreshold='15 ms'}, socketSettings=SocketSettings{connectTimeoutMS=2000, readTimeoutMS=0, receiveBufferSize=0, proxySettings=ProxySettings{host=null, port=null, username=null, [redacted], heartbeatSocketSettings=SocketSettings{connectTimeoutMS=2000, readTimeoutMS=2000, receiveBufferSize=0, proxySettings=ProxySettings{host=null, port=null, username=null, [redacted], connectionPoolSettings=ConnectionPoolSettings{maxSize=100, minSize=0, maxWaitTimeMS=2000, maxConnectionLifeTimeMS=0, maxConnectionIdleTimeMS=0, maintenanceInitialDelayMS=0, maintenanceFrequencyMS=60000, connectionPoolListeners=[io.micrometer.core.instrument.binder.mongodb.MongoMetricsConnectionPoolListener@4fbffce4], maxConnecting=2}, serverSettings=ServerSettings{heartbeatFrequencyMS=10000, minHeartbeatFrequencyMS=500, serverMonitoringMode=AUTO, serverListeners='[]', serverMonitorListeners='[]'}, sslSettings=SslSettings{enabled=false, invalidHostNameAllowed=false, context=null}, applicationName='null', compressorList=[], uuidRepresentation=JAVA_LEGACY, serverApi=null, autoEncryptionSettings=null, dnsClient=null, inetAddressResolver=null, contextProvider=null, timeoutMS=null}
2026-10-07T12:44:27.515+02:00 INFO  [cluster-ClusterId{value='6ac6228b99eccc70edf934b4', description='null'}-localhost:60034] org.mongodb.driver.cluster traceId= clubId= accountId= : Monitor thread successfully connected to server with description ServerDescription{address=localhost:60034, type=REPLICA_SET_PRIMARY, cryptd=false, state=CONNECTED, ok=true, minWireVersion=0, maxWireVersion=21, maxDocumentSize=16777216, logicalSessionTimeoutMinutes=30, roundTripTimeNanos=1852042, minRoundTripTimeNanos=0, setName='docker-rs', canonicalAddress=3df411ebb218:27017, hosts=[3df411ebb218:27017], passives=[], arbiters=[], primary='3df411ebb218:27017', tagSet=TagSet{[]}, electionId=7fffffff0000000000000001, setVersion=1, topologyVersion=TopologyVersion{processId=6ac6225edd0b6bbff26d9735, counter=6}, lastWriteDate=Wed Oct 07 12:44:27 CEST 2026, lastUpdateTimeNanos=[redacted]}
2026-10-07T12:44:28.214+02:00 INFO  [main] o.s.b.t.m.w.SpringBootMockServletContext traceId= clubId= accountId= : Initializing Spring TestDispatcherServlet ''
2026-10-07T12:44:28.215+02:00 INFO  [main] o.s.t.web.servlet.TestDispatcherServlet traceId= clubId= accountId= : Initializing Servlet ''
2026-10-07T12:44:28.215+02:00 INFO  [main] o.s.t.web.servlet.TestDispatcherServlet traceId= clubId= accountId= : Completed initialization in 0 ms
2026-10-07T12:44:28.238+02:00 INFO  [main] c.a.core.clubs.training.api.TrainingIT traceId= clubId= accountId= : Started TrainingIT in 1.07 seconds (process running for 49.049)
2026-10-07T12:44:28.273+02:00 INFO  [main] c.a.c.c.c.persistence.CensusPersistence traceId= clubId= accountId= : Dog.nameKey migrated for 24 dogs
T-09-27 day-grid view=member: {"date":"2026-10-06","dayOfWeek":"TUESDAY","timeZone":"Europe/Madrid","view":"MEMBER","columns":[{"ringId":"s09-r-mun","shortName":"MUN","name":"Muntanya","color":"#8FCE8F"},{"ringId":"s09-r-cen","shortName":"CEN","name":"Central","color":"#8FCE8F"},{"ringId":"s09-r-car","shortName":"CAR","name":"Carretera","color":"#8FCE8F"},{"ringId":"s09-r-cad","shortName":"CAD","name":"Cadells","color":"#8FCE8F"},{"ringId":"s09-r-pet","shortName":"PET","name":"Petita","color":"#8FCE8F"}],"rows":[{"time":"10:00","cells":[{"ringId":"s09-r-mun","kind":"OCCUPIED","endTime":"10:30","reason":"TRAINING"}]},{"time":"18:00","cells":[{"ringId":"s09-r-car","kind":"OCCUPIED","endTime":"19:00","reason":"PRIVATE_CLASS"}]}]}
T-09-27 day-grid view=instructor: {"date":"2026-10-06","dayOfWeek":"TUESDAY","timeZone":"Europe/Madrid","view":"INSTRUCTOR","columns":[{"ringId":"s09-r-mun","shortName":"MUN","name":"Muntanya","color":"#8FCE8F"},{"ringId":"s09-r-cen","shortName":"CEN","name":"Central","color":"#8FCE8F"},{"ringId":"s09-r-car","shortName":"CAR","name":"Carretera","color":"#8FCE8F"},{"ringId":"s09-r-cad","shortName":"CAD","name":"Cadells","color":"#8FCE8F"},{"ringId":"s09-r-pet","shortName":"PET","name":"Petita","color":"#8FCE8F"}],"rows":[{"time":"10:00","cells":[{"ringId":"s09-r-mun","kind":"TRAINING","endTime":"10:30","who":["Pau + Blat"],"trainingBookingIds":["cb46edef-eb53-446b-9c04-e6c0033a1958"],"reason":"TRAINING"}]},{"time":"18:00","cells":[{"ringId":"s09-r-car","kind":"BLOCK","endTime":"19:00","blockId":"s09-private","reason":"PRIVATE_CLASS","note":"Particular","createdByName":"Example estel"}]}]}
2026-10-07T12:44:35.476+02:00 INFO  [main] o.s.t.c.s.AnnotationConfigContextLoaderUtils traceId= clubId= accountId= : Could not detect default configuration classes for test class [com.agilityhub.core.clubs.census.application.DemoPlanningSeedIT]: DemoPlanningSeedIT does not declare any static, non-private, non-final, nested classes annotated with @Configuration.
2026-10-07T12:44:35.512+02:00 INFO  [main] o.s.b.t.c.SpringBootTestContextBootstrapper traceId= clubId= accountId= : Found @SpringBootConfiguration com.agilityhub.core.CoreApplication for test class com.agilityhub.core.clubs.census.application.DemoPlanningSeedIT

  .   ____          _            __ _ _
 /\\ / ___'_ __ _ _(_)_ __  __ _ \ \ \ \
( ( )\___ | '_ | '_| | '_ \/ _` | \ \ \ \
 \\/  ___)| |_)| | | | | || (_| |  ) ) ) )
  '  |____| .__|_| |_|_| |_\__, | / / / /
 =========|_|==============|___/=/_/_/_/

 :: Spring Boot ::               (v3.5.16)

2026-10-07T12:44:35.522+02:00 INFO  [main] c.a.c.c.c.application.DemoPlanningSeedIT traceId= clubId= accountId= : Starting DemoPlanningSeedIT using Java [redacted] with PID 19088 (started by jordib in /Users/jordib/dev/agilityhub/agilityhub-core-api)
2026-10-07T12:44:35.522+02:00 INFO  [main] c.a.c.c.c.application.DemoPlanningSeedIT traceId= clubId= accountId= : The following 1 profile is active: "test"
2026-10-07T12:44:35.759+02:00 INFO  [main] o.s.d.r.c.RepositoryConfigurationDelegate traceId= clubId= accountId= : Bootstrapping Spring Data MongoDB repositories in DEFAULT mode.
2026-10-07T12:44:35.786+02:00 INFO  [main] o.s.d.r.c.RepositoryConfigurationDelegate traceId= clubId= accountId= : Finished Spring Data repository scanning in 26 ms. Found 0 MongoDB repository interfaces.
2026-10-07T12:44:35.835+02:00 INFO  [main] org.mongodb.driver.client traceId= clubId= accountId= : MongoClient with metadata {"driver": {"name": "mongo-java-driver|sync|spring-boot", "version": "5.5.2"}, "os": {"type": "Darwin", "name": "Mac OS X", "architecture": "aarch64", "version": "26.4.1"}, "platform": "Java/Homebrew/[redacted]"} created with settings MongoClientSettings{readPreference=primary, writeConcern=WriteConcern{w=null, wTimeout=null ms, journal=null}, retryWrites=true, retryReads=true, readConcern=ReadConcern{level=null}, credential=null, transportSettings=null, commandListeners=[io.micrometer.core.instrument.binder.mongodb.MongoMetricsCommandListener@5b2787ac], codecRegistry=ProvidersCodecRegistry{codecProviders=[ValueCodecProvider{}, BsonValueCodecProvider{}, DBRefCodecProvider{}, DBObjectCodecProvider{}, DocumentCodecProvider{}, CollectionCodecProvider{}, IterableCodecProvider{}, MapCodecProvider{}, GeoJsonCodecProvider{}, GridFSFileCodecProvider{}, Jsr310CodecProvider{}, JsonObjectCodecProvider{}, BsonCodecProvider{}, EnumCodecProvider{}, com.mongodb.client.model.mql.ExpressionCodecProvider@584f7cc5, com.mongodb.Jep395RecordCodecProvider@1b37a2b2, com.mongodb.KotlinCodecProvider@1646e8ec]}, loggerSettings=LoggerSettings{maxDocumentLength=1000}, clusterSettings={hosts=[localhost:60034], srvServiceName=mongodb, mode=SINGLE, requiredClusterType=UNKNOWN, requiredReplicaSetName='null', serverSelector='null', clusterListeners='[]', serverSelectionTimeout='2000 ms', localThreshold='15 ms'}, socketSettings=SocketSettings{connectTimeoutMS=2000, readTimeoutMS=0, receiveBufferSize=0, proxySettings=ProxySettings{host=null, port=null, username=null, [redacted], heartbeatSocketSettings=SocketSettings{connectTimeoutMS=2000, readTimeoutMS=2000, receiveBufferSize=0, proxySettings=ProxySettings{host=null, port=null, username=null, [redacted], connectionPoolSettings=ConnectionPoolSettings{maxSize=100, minSize=0, maxWaitTimeMS=2000, maxConnectionLifeTimeMS=0, maxConnectionIdleTimeMS=0, maintenanceInitialDelayMS=0, maintenanceFrequencyMS=60000, connectionPoolListeners=[io.micrometer.core.instrument.binder.mongodb.MongoMetricsConnectionPoolListener@b2fc19a], maxConnecting=2}, serverSettings=ServerSettings{heartbeatFrequencyMS=10000, minHeartbeatFrequencyMS=500, serverMonitoringMode=AUTO, serverListeners='[]', serverMonitorListeners='[]'}, sslSettings=SslSettings{enabled=false, invalidHostNameAllowed=false, context=null}, applicationName='null', compressorList=[], uuidRepresentation=JAVA_LEGACY, serverApi=null, autoEncryptionSettings=null, dnsClient=null, inetAddressResolver=null, contextProvider=null, timeoutMS=null}
2026-10-07T12:44:35.837+02:00 INFO  [cluster-ClusterId{value='6ac6229399eccc70edf934b8', description='null'}-localhost:60034] org.mongodb.driver.cluster traceId= clubId= accountId= : Monitor thread successfully connected to server with description ServerDescription{address=localhost:60034, type=REPLICA_SET_PRIMARY, cryptd=false, state=CONNECTED, ok=true, minWireVersion=0, maxWireVersion=21, maxDocumentSize=16777216, logicalSessionTimeoutMinutes=30, roundTripTimeNanos=1672833, minRoundTripTimeNanos=0, setName='docker-rs', canonicalAddress=3df411ebb218:27017, hosts=[3df411ebb218:27017], passives=[], arbiters=[], primary='3df411ebb218:27017', tagSet=TagSet{[]}, electionId=7fffffff0000000000000001, setVersion=1, topologyVersion=TopologyVersion{processId=6ac6225edd0b6bbff26d9735, counter=6}, lastWriteDate=Wed Oct 07 12:44:35 CEST 2026, lastUpdateTimeNanos=[redacted]}
2026-10-07T12:44:36.528+02:00 INFO  [main] o.s.b.t.m.w.SpringBootMockServletContext traceId= clubId= accountId= : Initializing Spring TestDispatcherServlet ''
2026-10-07T12:44:36.528+02:00 INFO  [main] o.s.t.web.servlet.TestDispatcherServlet traceId= clubId= accountId= : Initializing Servlet ''
2026-10-07T12:44:36.528+02:00 INFO  [main] o.s.t.web.servlet.TestDispatcherServlet traceId= clubId= accountId= : Completed initialization in 0 ms
2026-10-07T12:44:36.549+02:00 INFO  [main] c.a.c.c.c.application.DemoPlanningSeedIT traceId= clubId= accountId= : Started DemoPlanningSeedIT in 1.035 seconds (process running for 57.36)
2026-10-07T12:44:36.591+02:00 INFO  [main] c.a.c.c.c.persistence.CensusPersistence traceId= clubId= accountId= : Dog.nameKey migrated for 27 dogs
{activeMembers=184, pendingMembers=3, inactiveMembers=4, leftMembers=3, members=194, dogs=246, familyGroups=12, activeDogs=242, pendingDogs=3, inactiveDogs=1, instructors=3, administrators=2, receivedDocuments=7, pendingDocuments=239}
452 changes (demo seed)
{templateClasses=39, templates=3, weeks=3, generatedClasses=102, validatedWeeks=2, looseClasses=1, ringBlocks=1, scenarioRingBlocks=0, attendanceHistoryClasses=0, riskCancellations=1, classBookings=23, classWaitlist=3, activities=4, publishedActivities=3, activityRegistrations=44, activityWaitlist=2, activityFiles=2, scenarioActivityRegistrations=0, scenarioClassBookings=0, scenarioCancellations=0, scenarioWaitlist=0, scenarioOffers=0, scenarioRiskExempt=0, scenarioBookingBlocks=0, attendanceRenamed=0, attendanceLevelChanges=0, followupNotes=0, attendanceBookings=0, attendanceWaitlist=0, attendanceMarks=0, attendanceCancellations=0, attendanceNoShowBatches=0, followupTasks=0, followupTaskAttachments=0, followupObservations=0, scenarioTrainingOverrides=0, scenarioTrainingBookings=0, trainingHistoryOverrides=0, trainingHistoryBookings=0, messagingContacts=2, messagingProfiles=3, messagingBounces=1, pushSubscriptions=1, customTemplates=1}
241 changes (demo planning, week start 2026-09-07)
E5-T07 outbox backlog discarded before DemoPlanningSeedIT: 677 PENDING records (more than one dispatch() batch)
{activeMembers=184, pendingMembers=3, inactiveMembers=4, leftMembers=3, members=194, dogs=246, familyGroups=12, activeDogs=242, pendingDogs=3, inactiveDogs=1, instructors=3, administrators=2, receivedDocuments=7, pendingDocuments=239}
452 changes (demo seed)
{activeMembers=184, pendingMembers=3, inactiveMembers=4, leftMembers=3, members=194, dogs=246, familyGroups=12, activeDogs=242, pendingDogs=3, inactiveDogs=1, instructors=3, administrators=2, receivedDocuments=7, pendingDocuments=239}
452 changes (demo seed)
{templateClasses=39, templates=3, weeks=3, generatedClasses=102, validatedWeeks=2, looseClasses=1, ringBlocks=1, scenarioRingBlocks=0, attendanceHistoryClasses=0, riskCancellations=1, classBookings=23, classWaitlist=3, activities=4, publishedActivities=3, activityRegistrations=44, activityWaitlist=2, activityFiles=2, scenarioActivityRegistrations=0, scenarioClassBookings=0, scenarioCancellations=0, scenarioWaitlist=0, scenarioOffers=0, scenarioRiskExempt=0, scenarioBookingBlocks=0, attendanceRenamed=0, attendanceLevelChanges=0, followupNotes=0, attendanceBookings=0, attendanceWaitlist=0, attendanceMarks=0, attendanceCancellations=0, attendanceNoShowBatches=0, followupTasks=0, followupTaskAttachments=0, followupObservations=0, scenarioTrainingOverrides=0, scenarioTrainingBookings=0, trainingHistoryOverrides=0, trainingHistoryBookings=0, messagingContacts=2, messagingProfiles=3, messagingBounces=1, pushSubscriptions=1, customTemplates=1}
241 changes (demo planning, week start 2026-09-07)
{activeMembers=184, pendingMembers=3, inactiveMembers=4, leftMembers=3, members=194, dogs=246, familyGroups=12, activeDogs=242, pendingDogs=3, inactiveDogs=1, instructors=3, administrators=2, receivedDocuments=7, pendingDocuments=239}
0 changes (demo seed)
{keptWeeks=1, weeks=2, generatedClasses=76, validatedWeeks=1, looseClasses=1, ringBlocks=1, riskCancellations=1, classBookings=23, classWaitlist=3}
109 changes (demo planning, week start 2026-09-21)
{activeMembers=184, pendingMembers=3, inactiveMembers=4, leftMembers=3, members=194, dogs=246, familyGroups=12, activeDogs=242, pendingDogs=3, inactiveDogs=1, instructors=3, administrators=2, receivedDocuments=7, pendingDocuments=239}
0 changes (demo seed)
{keptWeeks=1, weeks=2, generatedClasses=76, validatedWeeks=1, looseClasses=1, ringBlocks=1, riskCancellations=1, classBookings=23, classWaitlist=3}
0 changes (demo planning, week start 2026-09-21)
{activeMembers=184, pendingMembers=3, inactiveMembers=4, leftMembers=3, members=194, dogs=246, familyGroups=12, activeDogs=242, pendingDogs=3, inactiveDogs=1, instructors=3, administrators=2, receivedDocuments=7, pendingDocuments=239}
0 changes (demo seed)
{templateClasses=39, templates=3, weeks=3, generatedClasses=102, validatedWeeks=2, looseClasses=1, ringBlocks=1, scenarioRingBlocks=0, attendanceHistoryClasses=0, riskCancellations=1, classBookings=23, classWaitlist=3, activities=4, publishedActivities=3, activityRegistrations=44, activityWaitlist=2, activityFiles=2, scenarioActivityRegistrations=0, scenarioClassBookings=0, scenarioCancellations=0, scenarioWaitlist=0, scenarioOffers=0, scenarioRiskExempt=0, scenarioBookingBlocks=0, attendanceRenamed=0, attendanceLevelChanges=0, followupNotes=0, attendanceBookings=0, attendanceWaitlist=0, attendanceMarks=0, attendanceCancellations=0, attendanceNoShowBatches=0, followupTasks=0, followupTaskAttachments=0, followupObservations=0, scenarioTrainingOverrides=0, scenarioTrainingBookings=0, trainingHistoryOverrides=0, trainingHistoryBookings=0, messagingContacts=2, messagingProfiles=3, messagingBounces=1, pushSubscriptions=1, customTemplates=1}
0 changes (demo planning, week start 2026-09-07)
E5-T07 outbox backlog discarded before DemoPlanningSeedIT: 764 PENDING records (more than one dispatch() batch)
{activeMembers=184, pendingMembers=3, inactiveMembers=4, leftMembers=3, members=194, dogs=246, familyGroups=12, activeDogs=242, pendingDogs=3, inactiveDogs=1, instructors=3, administrators=2, receivedDocuments=7, pendingDocuments=239}
452 changes (demo seed)
{templateClasses=39, templates=3, weeks=3, generatedClasses=102, validatedWeeks=2, looseClasses=1, ringBlocks=1, scenarioRingBlocks=0, attendanceHistoryClasses=0, riskCancellations=1, classBookings=23, classWaitlist=3, activities=4, publishedActivities=3, activityRegistrations=44, activityWaitlist=2, activityFiles=2, scenarioActivityRegistrations=0, scenarioClassBookings=0, scenarioCancellations=0, scenarioWaitlist=0, scenarioOffers=0, scenarioRiskExempt=0, scenarioBookingBlocks=0, attendanceRenamed=0, attendanceLevelChanges=0, followupNotes=0, attendanceBookings=0, attendanceWaitlist=0, attendanceMarks=0, attendanceCancellations=0, attendanceNoShowBatches=0, followupTasks=0, followupTaskAttachments=0, followupObservations=0, scenarioTrainingOverrides=0, scenarioTrainingBookings=0, trainingHistoryOverrides=0, trainingHistoryBookings=0, messagingContacts=2, messagingProfiles=3, messagingBounces=1, pushSubscriptions=1, customTemplates=1}
241 changes (demo planning, week start 2026-09-07)
{activeMembers=184, pendingMembers=3, inactiveMembers=4, leftMembers=3, members=194, dogs=246, familyGroups=12, activeDogs=242, pendingDogs=3, inactiveDogs=1, instructors=3, administrators=2, receivedDocuments=7, pendingDocuments=239}
0 changes (demo seed)
{keptWeeks=2, validatedKeptWeeks=1, weeks=1, generatedClasses=38, validatedWeeks=1, looseClasses=1, ringBlocks=1, riskCancellations=1, classBookings=23, classWaitlist=3}
72 changes (demo planning, week start 2026-09-14)
{activeMembers=184, pendingMembers=3, inactiveMembers=4, leftMembers=3, members=194, dogs=246, familyGroups=12, activeDogs=242, pendingDogs=3, inactiveDogs=1, instructors=3, administrators=2, receivedDocuments=7, pendingDocuments=239}
0 changes (demo seed)
{keptWeeks=2, validatedKeptWeeks=1, weeks=1, generatedClasses=38, validatedWeeks=1, looseClasses=1, ringBlocks=1, riskCancellations=1, classBookings=23, classWaitlist=3}
0 changes (demo planning, week start 2026-09-14)
E5-T07 outbox backlog discarded before DemoPlanningSeedIT: 764 PENDING records (more than one dispatch() batch)
{activeMembers=184, pendingMembers=3, inactiveMembers=4, leftMembers=3, members=194, dogs=246, familyGroups=12, activeDogs=242, pendingDogs=3, inactiveDogs=1, instructors=3, administrators=2, receivedDocuments=7, pendingDocuments=239}
452 changes (demo seed)
{templateClasses=39, templates=3, weeks=3, generatedClasses=114, validatedWeeks=2, looseClasses=1, ringBlocks=1, scenarioRingBlocks=1, attendanceHistoryClasses=10, riskCancellations=1, classBookings=23, classWaitlist=3, activities=4, publishedActivities=3, activityRegistrations=44, activityWaitlist=2, activityFiles=2, scenarioActivityRegistrations=1, scenarioClassBookings=18, scenarioCancellations=3, scenarioWaitlist=5, scenarioOffers=0, scenarioRiskExempt=1, scenarioBookingBlocks=1, attendanceRenamed=6, attendanceLevelChanges=1, followupNotes=1, attendanceBookings=34, attendanceWaitlist=1, attendanceMarks=26, attendanceCancellations=2, attendanceNoShowBatches=1, followupTasks=2, followupTaskAttachments=1, followupObservations=1, scenarioTrainingOverrides=1, scenarioTrainingBookings=3, trainingHistoryOverrides=1, trainingHistoryBookings=10, messagingContacts=2, messagingProfiles=3, messagingBounces=1, pushSubscriptions=1, customTemplates=1}
384 changes (demo planning, week start 2026-09-14)
E5-T07 outbox backlog discarded before DemoPlanningSeedIT: 1057 PENDING records (more than one dispatch() batch)
{activeMembers=184, pendingMembers=3, inactiveMembers=4, leftMembers=3, members=194, dogs=246, familyGroups=12, activeDogs=242, pendingDogs=3, inactiveDogs=1, instructors=3, administrators=2, receivedDocuments=7, pendingDocuments=239}
452 changes (demo seed)
{templateClasses=39, templates=3, weeks=3, generatedClasses=102, validatedWeeks=2, looseClasses=1, ringBlocks=1, scenarioRingBlocks=0, attendanceHistoryClasses=0, riskCancellations=1, classBookings=23, classWaitlist=3, activities=4, publishedActivities=3, activityRegistrations=44, activityWaitlist=2, activityFiles=2, scenarioActivityRegistrations=0, scenarioClassBookings=0, scenarioCancellations=0, scenarioWaitlist=0, scenarioOffers=0, scenarioRiskExempt=0, scenarioBookingBlocks=0, attendanceRenamed=0, attendanceLevelChanges=0, followupNotes=0, attendanceBookings=0, attendanceWaitlist=0, attendanceMarks=0, attendanceCancellations=0, attendanceNoShowBatches=0, followupTasks=0, followupTaskAttachments=0, followupObservations=0, scenarioTrainingOverrides=0, scenarioTrainingBookings=0, trainingHistoryOverrides=0, trainingHistoryBookings=0, messagingContacts=2, messagingProfiles=3, messagingBounces=1, pushSubscriptions=1, customTemplates=1}
241 changes (demo planning, week start 2026-09-07)
{activeMembers=184, pendingMembers=3, inactiveMembers=4, leftMembers=3, members=194, dogs=246, familyGroups=12, activeDogs=242, pendingDogs=3, inactiveDogs=1, instructors=3, administrators=2, receivedDocuments=7, pendingDocuments=239}
0 changes (demo seed)
{templateClasses=39, templates=3, weeks=3, generatedClasses=102, validatedWeeks=2, looseClasses=1, ringBlocks=1, scenarioRingBlocks=0, attendanceHistoryClasses=0, riskCancellations=1, classBookings=23, classWaitlist=3, activities=4, publishedActivities=3, activityRegistrations=44, activityWaitlist=2, activityFiles=2, scenarioActivityRegistrations=0, scenarioClassBookings=0, scenarioCancellations=0, scenarioWaitlist=0, scenarioOffers=0, scenarioRiskExempt=0, scenarioBookingBlocks=0, attendanceRenamed=0, attendanceLevelChanges=0, followupNotes=0, attendanceBookings=0, attendanceWaitlist=0, attendanceMarks=0, attendanceCancellations=0, attendanceNoShowBatches=0, followupTasks=0, followupTaskAttachments=0, followupObservations=0, scenarioTrainingOverrides=0, scenarioTrainingBookings=0, trainingHistoryOverrides=0, trainingHistoryBookings=0, messagingContacts=2, messagingProfiles=3, messagingBounces=1, pushSubscriptions=1, customTemplates=1}
0 changes (demo planning, week start 2026-09-07)
{activeMembers=184, pendingMembers=3, inactiveMembers=4, leftMembers=3, members=194, dogs=246, familyGroups=12, activeDogs=242, pendingDogs=3, inactiveDogs=1, instructors=3, administrators=2, receivedDocuments=7, pendingDocuments=239}
0 changes (demo seed)
{templateClasses=39, templates=3, weeks=3, generatedClasses=102, validatedWeeks=2, looseClasses=1, ringBlocks=1, scenarioRingBlocks=0, attendanceHistoryClasses=0, riskCancellations=1, classBookings=23, classWaitlist=3, activities=4, publishedActivities=3, activityRegistrations=44, activityWaitlist=2, activityFiles=2, scenarioActivityRegistrations=0, scenarioClassBookings=0, scenarioCancellations=0, scenarioWaitlist=0, scenarioOffers=0, scenarioRiskExempt=0, scenarioBookingBlocks=0, attendanceRenamed=0, attendanceLevelChanges=0, followupNotes=0, attendanceBookings=0, attendanceWaitlist=0, attendanceMarks=0, attendanceCancellations=0, attendanceNoShowBatches=0, followupTasks=0, followupTaskAttachments=0, followupObservations=0, scenarioTrainingOverrides=0, scenarioTrainingBookings=0, trainingHistoryOverrides=0, trainingHistoryBookings=0, messagingContacts=2, messagingProfiles=3, messagingBounces=1, pushSubscriptions=1, customTemplates=1}
0 changes (demo planning, week start 2026-09-07)
{activeMembers=184, pendingMembers=3, inactiveMembers=4, leftMembers=3, members=194, dogs=246, familyGroups=12, activeDogs=242, pendingDogs=3, inactiveDogs=1, instructors=3, administrators=2, receivedDocuments=7, pendingDocuments=239}
452 changes (demo seed)
{templateClasses=39, templates=3, weeks=3, generatedClasses=102, validatedWeeks=2, looseClasses=1, ringBlocks=1, scenarioRingBlocks=0, attendanceHistoryClasses=0, riskCancellations=1, classBookings=23, classWaitlist=3, activities=4, publishedActivities=3, activityRegistrations=44, activityWaitlist=2, activityFiles=2, scenarioActivityRegistrations=0, scenarioClassBookings=0, scenarioCancellations=0, scenarioWaitlist=0, scenarioOffers=0, scenarioRiskExempt=0, scenarioBookingBlocks=0, attendanceRenamed=0, attendanceLevelChanges=0, followupNotes=0, attendanceBookings=0, attendanceWaitlist=0, attendanceMarks=0, attendanceCancellations=0, attendanceNoShowBatches=0, followupTasks=0, followupTaskAttachments=0, followupObservations=0, scenarioTrainingOverrides=0, scenarioTrainingBookings=0, trainingHistoryOverrides=0, trainingHistoryBookings=0, messagingContacts=2, messagingProfiles=3, messagingBounces=1, pushSubscriptions=1, customTemplates=1}
241 changes (demo planning, week start 2026-09-07)
E5-T07 outbox backlog discarded before DemoPlanningSeedIT: 677 PENDING records (more than one dispatch() batch)
{activeMembers=184, pendingMembers=3, inactiveMembers=4, leftMembers=3, members=194, dogs=246, familyGroups=12, activeDogs=242, pendingDogs=3, inactiveDogs=1, instructors=3, administrators=2, receivedDocuments=7, pendingDocuments=239}
452 changes (demo seed)
{templateClasses=39, templates=3, weeks=3, generatedClasses=102, validatedWeeks=2, looseClasses=1, ringBlocks=1, scenarioRingBlocks=0, attendanceHistoryClasses=0, riskCancellations=1, classBookings=23, classWaitlist=3, activities=4, publishedActivities=3, activityRegistrations=44, activityWaitlist=2, activityFiles=2, scenarioActivityRegistrations=0, scenarioClassBookings=0, scenarioCancellations=0, scenarioWaitlist=0, scenarioOffers=0, scenarioRiskExempt=0, scenarioBookingBlocks=0, attendanceRenamed=0, attendanceLevelChanges=0, followupNotes=0, attendanceBookings=0, attendanceWaitlist=0, attendanceMarks=0, attendanceCancellations=0, attendanceNoShowBatches=0, followupTasks=0, followupTaskAttachments=0, followupObservations=0, scenarioTrainingOverrides=0, scenarioTrainingBookings=0, trainingHistoryOverrides=0, trainingHistoryBookings=0, messagingContacts=2, messagingProfiles=3, messagingBounces=1, pushSubscriptions=1, customTemplates=1}
241 changes (demo planning, week start 2026-09-07)
E5-T07 outbox backlog discarded before DemoPlanningSeedIT: 677 PENDING records (more than one dispatch() batch)
{activeMembers=184, pendingMembers=3, inactiveMembers=4, leftMembers=3, members=194, dogs=246, familyGroups=12, activeDogs=242, pendingDogs=3, inactiveDogs=1, instructors=3, administrators=2, receivedDocuments=7, pendingDocuments=239}
452 changes (demo seed)
{templateClasses=39, templates=3, weeks=3, generatedClasses=102, validatedWeeks=2, looseClasses=1, ringBlocks=1, scenarioRingBlocks=0, attendanceHistoryClasses=0, riskCancellations=1, classBookings=23, classWaitlist=3, activities=4, publishedActivities=3, activityRegistrations=44, activityWaitlist=2, activityFiles=2, scenarioActivityRegistrations=0, scenarioClassBookings=0, scenarioCancellations=0, scenarioWaitlist=0, scenarioOffers=0, scenarioRiskExempt=0, scenarioBookingBlocks=0, attendanceRenamed=0, attendanceLevelChanges=0, followupNotes=0, attendanceBookings=0, attendanceWaitlist=0, attendanceMarks=0, attendanceCancellations=0, attendanceNoShowBatches=0, followupTasks=0, followupTaskAttachments=0, followupObservations=0, scenarioTrainingOverrides=0, scenarioTrainingBookings=0, trainingHistoryOverrides=0, trainingHistoryBookings=0, messagingContacts=2, messagingProfiles=3, messagingBounces=1, pushSubscriptions=1, customTemplates=1}
241 changes (demo planning, week start 2026-09-07)
[ERROR] Failures: 
[ERROR]   BookingsIT.S15_P5c_S13_systemCancellationsOfAMemberAreNeverLateAndRefundThePack:519->BookingFixtures.book:150->BookingFixtures.hold:142->BookingFixtures.call:131->BookingFixtures.call:138 [POST /seat-holds {"code":"PACK_EMPTY","message":"El bo no té sessions disponibles.","details":{},"traceId":"182b448f-aea7-43ce-bcc9-38fd92b0a410"}] 
expected: 201
 but was: 422
[ERROR] Tests run: 135, Failures: 1, Errors: 0, Skipped: 0
[ERROR] Failed to execute goal org.apache.maven.plugins:maven-surefire-plugin:3.5.6:test (default-test) on project agilityhub-core-api: There are test failures.
[ERROR] 
[ERROR] See /Users/jordib/dev/agilityhub/agilityhub-core-api/target/surefire-reports for the individual test results.
[ERROR] See dump files (if any exist) [date].dump, [date]-jvmRun[N].dump and [date].dumpstream.
[ERROR] -> [Help 1]
[ERROR] 
[ERROR] To see the full stack trace of the errors, re-run Maven with the -e switch.
[ERROR] Re-run Maven using the -X switch to enable full debug logging.
[ERROR] 
[ERROR] For more information about the errors and possible solutions, please read the following articles:
[ERROR] [Help 1] http://cwiki.apache.org/confluence/display/MAVEN/MojoFailureException
